[0.003s][info][gc] Using Parallel
[0.004s][info][gc,init] Version: 16.0.2+7 (release)
[0.004s][info][gc,init] CPUs: 8 total, 8 available
[0.004s][info][gc,init] Memory: 32117M
[0.004s][info][gc,init] Large Page Support: Disabled
[0.004s][info][gc,init] NUMA Support: Disabled
[0.004s][info][gc,init] Compressed Oops: Enabled (Zero based)
[0.004s][info][gc,init] Alignments: Space 512K, Generation 512K, Heap 2M
[0.004s][info][gc,init] Heap Min Capacity: 2054M
[0.004s][info][gc,init] Heap Initial Capacity: 2054M
[0.004s][info][gc,init] Heap Max Capacity: 3G
[0.004s][info][gc,init] Pre-touch: Disabled
[0.004s][info][gc,init] Parallel Workers: 4
[0.004s][info][gc,metaspace] CDS disabled.
[0.004s][info][gc,metaspace] Compressed class space mapped at: 0x0000000800000000-0x0000000840000000, reserved size: 1073741824
[0.004s][info][gc,metaspace] Narrow klass base: 0x0000000800000000, Narrow klass shift: 0, Narrow klass range: 0x40000000
[0.451s][info][safepoint   ] Safepoint "ICBufferFull", Time since last: 430372348 ns, Reaching safepoint: 142010 ns, At safepoint: 7200 ns, Total: 149210 ns
[0.778s][info][gc,start    ] GC(0) Pause Young (Metadata GC Threshold)
[0.786s][debug][gc,phases   ] GC(0) Scavenge 5.624ms
[0.786s][debug][gc,ref      ] GC(0) Skipped phase 1 of Reference Processing: no references
[0.786s][debug][gc,ref      ] GC(0) Skipped phase 3 of Reference Processing: no references
[0.786s][debug][gc,phases   ] GC(0) Reference Processing 0.098ms
[0.787s][debug][gc,phases   ] GC(0) Weak Processing 0.259ms
[0.787s][debug][gc,age      ] GC(0) Desired survivor size 536870912 bytes, new threshold 7 (max threshold 15)
[0.787s][info ][gc,heap     ] GC(0) PSYoungGen: 178032K(1572864K)->18116K(1572864K) Eden: 178032K(1048576K)->0K(1048576K) From: 0K(524288K)->18116K(524288K)
[0.787s][info ][gc,heap     ] GC(0) ParOldGen: 0K(6144K)->80K(6144K)
[0.787s][info ][gc,metaspace] GC(0) Metaspace: 21034K(21248K)->21034K(21248K) NonClass: 18669K(18752K)->18669K(18752K) Class: 2365K(2496K)->2365K(2496K)
[0.787s][info ][gc          ] GC(0) Pause Young (Metadata GC Threshold) 173M->17M(1542M) 8.811ms
[0.787s][info ][gc,cpu      ] GC(0) User=0.03s Sys=0.00s Real=0.01s
[0.787s][debug][gc,phases   ] GC(1) Pre Compact 0.011ms
[0.787s][info ][gc,start    ] GC(1) Pause Full (Metadata GC Threshold)
[0.787s][info ][gc,phases,start] GC(1) Marking Phase
[0.794s][debug][gc,phases      ] GC(1) Par Mark 6.988ms
[0.794s][debug][gc,ref         ] GC(1) Skipped phase 1 of Reference Processing: no references
[0.794s][debug][gc,ref         ] GC(1) Skipped phase 3 of Reference Processing: no references
[0.794s][debug][gc,phases      ] GC(1) Reference Processing 0.070ms
[0.794s][debug][gc,phases      ] GC(1) Weak Processing 0.155ms
[0.794s][debug][gc,phases      ] GC(1) ClassLoaderData 0.017ms
[0.794s][debug][gc,phases      ] GC(1) Trigger cleanups 0.000ms
[0.796s][debug][gc,phases      ] GC(1) Class Unloading 2.180ms
[0.796s][info ][gc,phases      ] GC(1) Marking Phase 9.482ms
[0.796s][info ][gc,phases,start] GC(1) Summary Phase
[0.796s][info ][gc,phases      ] GC(1) Summary Phase 0.006ms
[0.796s][info ][gc,phases,start] GC(1) Adjust Roots
[0.800s][info ][gc,phases      ] GC(1) Adjust Roots 3.294ms
[0.800s][info ][gc,phases,start] GC(1) Compaction Phase
[0.806s][info ][gc,phases      ] GC(1) Compaction Phase 6.020ms
[0.806s][info ][gc,phases,start] GC(1) Post Compact
[0.806s][info ][gc,phases      ] GC(1) Post Compact 0.401ms
[0.806s][info ][gc,heap        ] GC(1) PSYoungGen: 18116K(1572864K)->12387K(1572864K) Eden: 0K(1048576K)->0K(1048576K) From: 18116K(524288K)->12387K(524288K)
[0.806s][info ][gc,heap        ] GC(1) ParOldGen: 80K(6144K)->5689K(6144K)
[0.806s][info ][gc,metaspace   ] GC(1) Metaspace: 21034K(21248K)->21034K(21248K) NonClass: 18669K(18752K)->18669K(18752K) Class: 2365K(2496K)->2365K(2496K)
[0.806s][info ][gc             ] GC(1) Pause Full (Metadata GC Threshold) 17M->17M(1542M) 19.327ms
[0.806s][info ][gc,cpu         ] GC(1) User=0.06s Sys=0.01s Real=0.02s
[0.806s][info ][safepoint      ] Safepoint "CollectForMetadataAllocation", Time since last: 326317249 ns, Reaching safepoint: 131309 ns, At safepoint: 28242700 ns, Total: 28374009 ns
[0.973s][info ][safepoint      ] Safepoint "ICBufferFull", Time since last: 167112340 ns, Reaching safepoint: 71805 ns, At safepoint: 9001 ns, Total: 80806 ns
[0.987s][info ][safepoint      ] Safepoint "ICBufferFull", Time since last: 13602615 ns, Reaching safepoint: 50703 ns, At safepoint: 1800 ns, Total: 52503 ns
[0.997s][info ][safepoint      ] Safepoint "ICBufferFull", Time since last: 10421101 ns, Reaching safepoint: 137409 ns, At safepoint: 6301 ns, Total: 143710 ns
[1.011s][info ][safepoint      ] Safepoint "ICBufferFull", Time since last: 13785627 ns, Reaching safepoint: 59304 ns, At safepoint: 6400 ns, Total: 65704 ns
[1.015s][info ][safepoint      ] Safepoint "ICBufferFull", Time since last: 3508536 ns, Reaching safepoint: 99507 ns, At safepoint: 8001 ns, Total: 107508 ns
[1.019s][info ][safepoint      ] Safepoint "ICBufferFull", Time since last: 3755152 ns, Reaching safepoint: 42303 ns, At safepoint: 3000 ns, Total: 45303 ns
[1.022s][info ][safepoint      ] Safepoint "ICBufferFull", Time since last: 2900495 ns, Reaching safepoint: 46804 ns, At safepoint: 3800 ns, Total: 50604 ns
[1.026s][info ][safepoint      ] Safepoint "ICBufferFull", Time since last: 3868460 ns, Reaching safepoint: 40803 ns, At safepoint: 1400 ns, Total: 42203 ns
[1.028s][info ][safepoint      ] Safepoint "ICBufferFull", Time since last: 2518469 ns, Reaching safepoint: 34903 ns, At safepoint: 3400 ns, Total: 38303 ns
[1.033s][info ][safepoint      ] Safepoint "ICBufferFull", Time since last: 4776521 ns, Reaching safepoint: 53904 ns, At safepoint: 4100 ns, Total: 58004 ns
[1.035s][info ][safepoint      ] Safepoint "ICBufferFull", Time since last: 1458298 ns, Reaching safepoint: 109608 ns, At safepoint: 7300 ns, Total: 116908 ns
[1.035s][info ][safepoint      ] Safepoint "ICBufferFull", Time since last: 572739 ns, Reaching safepoint: 56803 ns, At safepoint: 4901 ns, Total: 61704 ns
[1.106s][info ][safepoint      ] Safepoint "ICBufferFull", Time since last: 70637451 ns, Reaching safepoint: 149610 ns, At safepoint: 8101 ns, Total: 157711 ns
[1.119s][info ][safepoint      ] Safepoint "ICBufferFull", Time since last: 12826562 ns, Reaching safepoint: 169112 ns, At safepoint: 5500 ns, Total: 174612 ns
[1.120s][info ][safepoint      ] Safepoint "ICBufferFull", Time since last: 947364 ns, Reaching safepoint: 108007 ns, At safepoint: 6500 ns, Total: 114507 ns
[1.121s][info ][safepoint      ] Safepoint "ICBufferFull", Time since last: 1301788 ns, Reaching safepoint: 83406 ns, At safepoint: 6300 ns, Total: 89706 ns
[1.123s][info ][safepoint      ] Safepoint "ICBufferFull", Time since last: 1150777 ns, Reaching safepoint: 31003 ns, At safepoint: 1200 ns, Total: 32203 ns
[1.124s][info ][safepoint      ] Safepoint "ICBufferFull", Time since last: 1350390 ns, Reaching safepoint: 93707 ns, At safepoint: 7500 ns, Total: 101207 ns
[1.125s][info ][safepoint      ] Safepoint "ICBufferFull", Time since last: 1284287 ns, Reaching safepoint: 33402 ns, At safepoint: 7800 ns, Total: 41202 ns
[1.127s][info ][safepoint      ] Safepoint "ICBufferFull", Time since last: 1592308 ns, Reaching safepoint: 38702 ns, At safepoint: 2700 ns, Total: 41402 ns
[1.128s][info ][safepoint      ] Safepoint "ICBufferFull", Time since last: 1169379 ns, Reaching safepoint: 43603 ns, At safepoint: 2100 ns, Total: 45703 ns
[1.130s][info ][safepoint      ] Safepoint "ICBufferFull", Time since last: 1542404 ns, Reaching safepoint: 18401 ns, At safepoint: 1400 ns, Total: 19801 ns
[1.131s][info ][safepoint      ] Safepoint "ICBufferFull", Time since last: 1100874 ns, Reaching safepoint: 36303 ns, At safepoint: 1300 ns, Total: 37603 ns
[1.133s][info ][safepoint      ] Safepoint "ICBufferFull", Time since last: 1975133 ns, Reaching safepoint: 22001 ns, At safepoint: 1700 ns, Total: 23701 ns
[1.134s][info ][safepoint      ] Safepoint "ICBufferFull", Time since last: 683246 ns, Reaching safepoint: 38603 ns, At safepoint: 1800 ns, Total: 40403 ns
[1.136s][info ][safepoint      ] Safepoint "ICBufferFull", Time since last: 2032437 ns, Reaching safepoint: 29202 ns, At safepoint: 2200 ns, Total: 31402 ns
[1.138s][info ][safepoint      ] Safepoint "ICBufferFull", Time since last: 2589774 ns, Reaching safepoint: 23401 ns, At safepoint: 6201 ns, Total: 29602 ns
[1.140s][info ][safepoint      ] Safepoint "ICBufferFull", Time since last: 2033637 ns, Reaching safepoint: 67404 ns, At safepoint: 6401 ns, Total: 73805 ns
[1.149s][info ][safepoint      ] Safepoint "ICBufferFull", Time since last: 8365262 ns, Reaching safepoint: 44003 ns, At safepoint: 2000 ns, Total: 46003 ns
[1.172s][info ][safepoint      ] Safepoint "ICBufferFull", Time since last: 22965345 ns, Reaching safepoint: 131109 ns, At safepoint: 6400 ns, Total: 137509 ns
[1.177s][info ][safepoint      ] Safepoint "ICBufferFull", Time since last: 5096643 ns, Reaching safepoint: 40803 ns, At safepoint: 1800 ns, Total: 42603 ns
[1.226s][info ][safepoint      ] Safepoint "ICBufferFull", Time since last: 49209310 ns, Reaching safepoint: 133209 ns, At safepoint: 5700 ns, Total: 138909 ns
[1.227s][info ][safepoint      ] Safepoint "ICBufferFull", Time since last: 551837 ns, Reaching safepoint: 17802 ns, At safepoint: 900 ns, Total: 18702 ns
[1.233s][info ][safepoint      ] Safepoint "ICBufferFull", Time since last: 5813591 ns, Reaching safepoint: 49003 ns, At safepoint: 4800 ns, Total: 53803 ns
[1.234s][info ][safepoint      ] Safepoint "ICBufferFull", Time since last: 585440 ns, Reaching safepoint: 30002 ns, At safepoint: 1200 ns, Total: 31202 ns
[1.288s][info ][safepoint      ] Safepoint "ICBufferFull", Time since last: 54237448 ns, Reaching safepoint: 140309 ns, At safepoint: 5501 ns, Total: 145810 ns
[1.291s][info ][safepoint      ] Safepoint "ICBufferFull", Time since last: 2829790 ns, Reaching safepoint: 53904 ns, At safepoint: 5700 ns, Total: 59604 ns
[1.292s][info ][safepoint      ] Safepoint "ICBufferFull", Time since last: 1188780 ns, Reaching safepoint: 23402 ns, At safepoint: 6000 ns, Total: 29402 ns
[1.294s][info ][safepoint      ] Safepoint "ICBufferFull", Time since last: 2154345 ns, Reaching safepoint: 39203 ns, At safepoint: 8600 ns, Total: 47803 ns
[1.296s][info ][safepoint      ] Safepoint "ICBufferFull", Time since last: 2082440 ns, Reaching safepoint: 20602 ns, At safepoint: 1100 ns, Total: 21702 ns
[1.299s][info ][safepoint      ] Safepoint "ICBufferFull", Time since last: 2176146 ns, Reaching safepoint: 31702 ns, At safepoint: 1100 ns, Total: 32802 ns
[1.299s][info ][safepoint      ] Safepoint "ICBufferFull", Time since last: 782853 ns, Reaching safepoint: 17401 ns, At safepoint: 1300 ns, Total: 18701 ns
[1.300s][info ][safepoint      ] Safepoint "ICBufferFull", Time since last: 496634 ns, Reaching safepoint: 15901 ns, At safepoint: 5100 ns, Total: 21001 ns
[1.301s][info ][safepoint      ] Safepoint "ICBufferFull", Time since last: 901361 ns, Reaching safepoint: 15401 ns, At safepoint: 900 ns, Total: 16301 ns
[1.303s][info ][safepoint      ] Safepoint "ICBufferFull", Time since last: 1870726 ns, Reaching safepoint: 17901 ns, At safepoint: 1200 ns, Total: 19101 ns
[1.304s][info ][safepoint      ] Safepoint "ICBufferFull", Time since last: 823155 ns, Reaching safepoint: 15901 ns, At safepoint: 1100 ns, Total: 17001 ns
[1.304s][info ][safepoint      ] Safepoint "ICBufferFull", Time since last: 839457 ns, Reaching safepoint: 18701 ns, At safepoint: 1600 ns, Total: 20301 ns
[1.305s][info ][safepoint      ] Safepoint "ICBufferFull", Time since last: 956565 ns, Reaching safepoint: 41202 ns, At safepoint: 1000 ns, Total: 42202 ns
[1.308s][info ][safepoint      ] Safepoint "ICBufferFull", Time since last: 2841292 ns, Reaching safepoint: 20801 ns, At safepoint: 1500 ns, Total: 22301 ns
[1.311s][info ][safepoint      ] Safepoint "ICBufferFull", Time since last: 2342458 ns, Reaching safepoint: 33402 ns, At safepoint: 4000 ns, Total: 37402 ns
[1.312s][info ][safepoint      ] Safepoint "ICBufferFull", Time since last: 1289887 ns, Reaching safepoint: 17001 ns, At safepoint: 7101 ns, Total: 24102 ns
[1.314s][info ][safepoint      ] Safepoint "ICBufferFull", Time since last: 1752917 ns, Reaching safepoint: 19802 ns, At safepoint: 1300 ns, Total: 21102 ns
[1.316s][info ][safepoint      ] Safepoint "ICBufferFull", Time since last: 1851724 ns, Reaching safepoint: 17502 ns, At safepoint: 1300 ns, Total: 18802 ns
[1.319s][info ][safepoint      ] Safepoint "ICBufferFull", Time since last: 3821557 ns, Reaching safepoint: 33702 ns, At safepoint: 1400 ns, Total: 35102 ns
[1.327s][info ][safepoint      ] Safepoint "ICBufferFull", Time since last: 7778623 ns, Reaching safepoint: 62204 ns, At safepoint: 1401 ns, Total: 63605 ns
[1.333s][info ][safepoint      ] Safepoint "ICBufferFull", Time since last: 5728485 ns, Reaching safepoint: 36102 ns, At safepoint: 1600 ns, Total: 37702 ns
[1.334s][info ][safepoint      ] Safepoint "ICBufferFull", Time since last: 1070072 ns, Reaching safepoint: 30402 ns, At safepoint: 5601 ns, Total: 36003 ns
[1.337s][info ][safepoint      ] Safepoint "ICBufferFull", Time since last: 2375060 ns, Reaching safepoint: 37102 ns, At safepoint: 1800 ns, Total: 38902 ns
[1.338s][info ][safepoint      ] Safepoint "ICBufferFull", Time since last: 1752318 ns, Reaching safepoint: 14801 ns, At safepoint: 1100 ns, Total: 15901 ns
[1.341s][info ][safepoint      ] Safepoint "ICBufferFull", Time since last: 2516569 ns, Reaching safepoint: 24502 ns, At safepoint: 2000 ns, Total: 26502 ns
[1.343s][info ][safepoint      ] Safepoint "ICBufferFull", Time since last: 2499868 ns, Reaching safepoint: 21802 ns, At safepoint: 1500 ns, Total: 23302 ns
[1.346s][info ][safepoint      ] Safepoint "ICBufferFull", Time since last: 2216149 ns, Reaching safepoint: 23702 ns, At safepoint: 2400 ns, Total: 26102 ns
[1.347s][info ][safepoint      ] Safepoint "ICBufferFull", Time since last: 1726616 ns, Reaching safepoint: 37502 ns, At safepoint: 8201 ns, Total: 45703 ns
[1.351s][info ][safepoint      ] Safepoint "ICBufferFull", Time since last: 3127710 ns, Reaching safepoint: 42303 ns, At safepoint: 1200 ns, Total: 43503 ns
[1.353s][info ][safepoint      ] Safepoint "ICBufferFull", Time since last: 2045438 ns, Reaching safepoint: 29802 ns, At safepoint: 1100 ns, Total: 30902 ns
[1.354s][info ][safepoint      ] Safepoint "ICBufferFull", Time since last: 1497501 ns, Reaching safepoint: 24501 ns, At safepoint: 900 ns, Total: 25401 ns
[1.356s][info ][safepoint      ] Safepoint "ICBufferFull", Time since last: 1987334 ns, Reaching safepoint: 29902 ns, At safepoint: 1200 ns, Total: 31102 ns
[1.358s][info ][safepoint      ] Safepoint "ICBufferFull", Time since last: 2197848 ns, Reaching safepoint: 101907 ns, At safepoint: 5200 ns, Total: 107107 ns
[1.361s][info ][safepoint      ] Safepoint "ICBufferFull", Time since last: 2415163 ns, Reaching safepoint: 32702 ns, At safepoint: 1100 ns, Total: 33802 ns
[1.363s][info ][safepoint      ] Safepoint "ICBufferFull", Time since last: 2209048 ns, Reaching safepoint: 30602 ns, At safepoint: 1201 ns, Total: 31803 ns
[1.366s][info ][safepoint      ] Safepoint "ICBufferFull", Time since last: 2421562 ns, Reaching safepoint: 39003 ns, At safepoint: 6100 ns, Total: 45103 ns
[1.376s][info ][safepoint      ] Safepoint "ICBufferFull", Time since last: 10363398 ns, Reaching safepoint: 38902 ns, At safepoint: 1800 ns, Total: 40702 ns
[1.377s][info ][safepoint      ] Safepoint "ICBufferFull", Time since last: 1345491 ns, Reaching safepoint: 33802 ns, At safepoint: 7701 ns, Total: 41503 ns
[1.378s][info ][safepoint      ] Safepoint "ICBufferFull", Time since last: 534136 ns, Reaching safepoint: 14701 ns, At safepoint: 2500 ns, Total: 17201 ns
[1.380s][info ][safepoint      ] Safepoint "ICBufferFull", Time since last: 1839523 ns, Reaching safepoint: 35903 ns, At safepoint: 1500 ns, Total: 37403 ns
[1.382s][info ][safepoint      ] Safepoint "ICBufferFull", Time since last: 2032737 ns, Reaching safepoint: 84905 ns, At safepoint: 6901 ns, Total: 91806 ns
[1.387s][info ][safepoint      ] Safepoint "ICBufferFull", Time since last: 4531405 ns, Reaching safepoint: 33402 ns, At safepoint: 1200 ns, Total: 34602 ns
[1.387s][info ][safepoint      ] Safepoint "ICBufferFull", Time since last: 566038 ns, Reaching safepoint: 20701 ns, At safepoint: 1200 ns, Total: 21901 ns
[1.397s][info ][safepoint      ] Safepoint "ICBufferFull", Time since last: 9648549 ns, Reaching safepoint: 49704 ns, At safepoint: 2100 ns, Total: 51804 ns
[1.399s][info ][safepoint      ] Safepoint "ICBufferFull", Time since last: 2436364 ns, Reaching safepoint: 23001 ns, At safepoint: 1500 ns, Total: 24501 ns
[1.400s][info ][safepoint      ] Safepoint "ICBufferFull", Time since last: 760152 ns, Reaching safepoint: 19801 ns, At safepoint: 1600 ns, Total: 21401 ns
[1.403s][info ][safepoint      ] Safepoint "ICBufferFull", Time since last: 2942698 ns, Reaching safepoint: 33502 ns, At safepoint: 1500 ns, Total: 35002 ns
[1.405s][info ][safepoint      ] Safepoint "ICBufferFull", Time since last: 1533103 ns, Reaching safepoint: 19102 ns, At safepoint: 900 ns, Total: 20002 ns
[1.405s][info ][safepoint      ] Safepoint "ICBufferFull", Time since last: 630442 ns, Reaching safepoint: 17701 ns, At safepoint: 1100 ns, Total: 18801 ns
[1.409s][info ][safepoint      ] Safepoint "ICBufferFull", Time since last: 3809957 ns, Reaching safepoint: 24401 ns, At safepoint: 1300 ns, Total: 25701 ns
[1.411s][info ][safepoint      ] Safepoint "ICBufferFull", Time since last: 2054739 ns, Reaching safepoint: 25601 ns, At safepoint: 1300 ns, Total: 26901 ns
[1.413s][info ][safepoint      ] Safepoint "ICBufferFull", Time since last: 2260653 ns, Reaching safepoint: 21401 ns, At safepoint: 1200 ns, Total: 22601 ns
[1.414s][info ][safepoint      ] Safepoint "ICBufferFull", Time since last: 545937 ns, Reaching safepoint: 13801 ns, At safepoint: 700 ns, Total: 14501 ns
[1.418s][info ][safepoint      ] Safepoint "ICBufferFull", Time since last: 3912363 ns, Reaching safepoint: 18501 ns, At safepoint: 1400 ns, Total: 19901 ns
[1.419s][info ][safepoint      ] Safepoint "ICBufferFull", Time since last: 531836 ns, Reaching safepoint: 24702 ns, At safepoint: 800 ns, Total: 25502 ns
[1.435s][info ][safepoint      ] Safepoint "ICBufferFull", Time since last: 16280695 ns, Reaching safepoint: 42103 ns, At safepoint: 1800 ns, Total: 43903 ns
[1.454s][info ][safepoint      ] Safepoint "ICBufferFull", Time since last: 19025580 ns, Reaching safepoint: 46803 ns, At safepoint: 5600 ns, Total: 52403 ns
[1.455s][info ][safepoint      ] Safepoint "ICBufferFull", Time since last: 921662 ns, Reaching safepoint: 54104 ns, At safepoint: 6700 ns, Total: 60804 ns
[1.456s][info ][safepoint      ] Safepoint "ICBufferFull", Time since last: 1126376 ns, Reaching safepoint: 46103 ns, At safepoint: 1200 ns, Total: 47303 ns
[1.457s][info ][safepoint      ] Safepoint "ICBufferFull", Time since last: 1139877 ns, Reaching safepoint: 30002 ns, At safepoint: 1400 ns, Total: 31402 ns
[1.458s][info ][safepoint      ] Safepoint "ICBufferFull", Time since last: 1067172 ns, Reaching safepoint: 17501 ns, At safepoint: 1900 ns, Total: 19401 ns
[1.461s][info ][safepoint      ] Safepoint "ICBufferFull", Time since last: 2738484 ns, Reaching safepoint: 37803 ns, At safepoint: 1000 ns, Total: 38803 ns
[1.462s][info ][safepoint      ] Safepoint "ICBufferFull", Time since last: 1045170 ns, Reaching safepoint: 42903 ns, At safepoint: 1500 ns, Total: 44403 ns
[1.463s][info ][safepoint      ] Safepoint "ICBufferFull", Time since last: 956064 ns, Reaching safepoint: 20802 ns, At safepoint: 1200 ns, Total: 22002 ns
[1.464s][info ][safepoint      ] Safepoint "ICBufferFull", Time since last: 1005367 ns, Reaching safepoint: 86406 ns, At safepoint: 5001 ns, Total: 91407 ns
[1.466s][info ][safepoint      ] Safepoint "ICBufferFull", Time since last: 1893527 ns, Reaching safepoint: 17001 ns, At safepoint: 1300 ns, Total: 18301 ns
[1.468s][info ][safepoint      ] Safepoint "ICBufferFull", Time since last: 1425596 ns, Reaching safepoint: 15901 ns, At safepoint: 1000 ns, Total: 16901 ns
[1.469s][info ][safepoint      ] Safepoint "ICBufferFull", Time since last: 1434497 ns, Reaching safepoint: 16201 ns, At safepoint: 1100 ns, Total: 17301 ns
[1.473s][info ][safepoint      ] Safepoint "ICBufferFull", Time since last: 3402429 ns, Reaching safepoint: 28802 ns, At safepoint: 1300 ns, Total: 30102 ns
[1.473s][info ][safepoint      ] Safepoint "ICBufferFull", Time since last: 771652 ns, Reaching safepoint: 29502 ns, At safepoint: 800 ns, Total: 30302 ns
[1.475s][info ][safepoint      ] Safepoint "ICBufferFull", Time since last: 1392393 ns, Reaching safepoint: 16601 ns, At safepoint: 1001 ns, Total: 17602 ns
[1.475s][info ][safepoint      ] Safepoint "ICBufferFull", Time since last: 486432 ns, Reaching safepoint: 84506 ns, At safepoint: 6000 ns, Total: 90506 ns
[1.476s][info ][safepoint      ] Safepoint "ICBufferFull", Time since last: 941664 ns, Reaching safepoint: 16001 ns, At safepoint: 6100 ns, Total: 22101 ns
[1.478s][info ][safepoint      ] Safepoint "ICBufferFull", Time since last: 1864926 ns, Reaching safepoint: 28101 ns, At safepoint: 1101 ns, Total: 29202 ns
[1.479s][info ][safepoint      ] Safepoint "ICBufferFull", Time since last: 1234183 ns, Reaching safepoint: 18001 ns, At safepoint: 14101 ns, Total: 32102 ns
[1.481s][info ][safepoint      ] Safepoint "ICBufferFull", Time since last: 1246484 ns, Reaching safepoint: 26301 ns, At safepoint: 900 ns, Total: 27201 ns
[1.482s][info ][safepoint      ] Safepoint "ICBufferFull", Time since last: 1263585 ns, Reaching safepoint: 112008 ns, At safepoint: 9201 ns, Total: 121209 ns
[1.484s][info ][safepoint      ] Safepoint "ICBufferFull", Time since last: 1395693 ns, Reaching safepoint: 39403 ns, At safepoint: 2600 ns, Total: 42003 ns
[1.485s][info ][safepoint      ] Safepoint "ICBufferFull", Time since last: 1451998 ns, Reaching safepoint: 31402 ns, At safepoint: 1400 ns, Total: 32802 ns
[1.486s][info ][safepoint      ] Safepoint "ICBufferFull", Time since last: 1247284 ns, Reaching safepoint: 19601 ns, At safepoint: 1200 ns, Total: 20801 ns
[1.488s][info ][safepoint      ] Safepoint "ICBufferFull", Time since last: 1389994 ns, Reaching safepoint: 102907 ns, At safepoint: 9500 ns, Total: 112407 ns
[1.490s][info ][safepoint      ] Safepoint "ICBufferFull", Time since last: 1707315 ns, Reaching safepoint: 38903 ns, At safepoint: 1400 ns, Total: 40303 ns
[1.491s][info ][safepoint      ] Safepoint "ICBufferFull", Time since last: 1800621 ns, Reaching safepoint: 37703 ns, At safepoint: 1600 ns, Total: 39303 ns
[1.494s][info ][safepoint      ] Safepoint "ICBufferFull", Time since last: 2122643 ns, Reaching safepoint: 129308 ns, At safepoint: 6601 ns, Total: 135909 ns
[1.495s][info ][safepoint      ] Safepoint "ICBufferFull", Time since last: 1636010 ns, Reaching safepoint: 23201 ns, At safepoint: 1700 ns, Total: 24901 ns
[1.497s][info ][safepoint      ] Safepoint "ICBufferFull", Time since last: 1426096 ns, Reaching safepoint: 24002 ns, At safepoint: 5100 ns, Total: 29102 ns
[1.499s][info ][safepoint      ] Safepoint "ICBufferFull", Time since last: 1958232 ns, Reaching safepoint: 17101 ns, At safepoint: 10301 ns, Total: 27402 ns
[1.500s][info ][safepoint      ] Safepoint "ICBufferFull", Time since last: 1220282 ns, Reaching safepoint: 39303 ns, At safepoint: 4100 ns, Total: 43403 ns
[1.501s][info ][safepoint      ] Safepoint "ICBufferFull", Time since last: 522535 ns, Reaching safepoint: 27802 ns, At safepoint: 1000 ns, Total: 28802 ns
[1.502s][info ][safepoint      ] Safepoint "ICBufferFull", Time since last: 1474999 ns, Reaching safepoint: 22402 ns, At safepoint: 2900 ns, Total: 25302 ns
[1.504s][info ][safepoint      ] Safepoint "ICBufferFull", Time since last: 2098341 ns, Reaching safepoint: 37103 ns, At safepoint: 800 ns, Total: 37903 ns
[1.505s][info ][safepoint      ] Safepoint "ICBufferFull", Time since last: 1077572 ns, Reaching safepoint: 33102 ns, At safepoint: 900 ns, Total: 34002 ns
[1.507s][info ][safepoint      ] Safepoint "ICBufferFull", Time since last: 1411195 ns, Reaching safepoint: 45403 ns, At safepoint: 2500 ns, Total: 47903 ns
[1.508s][info ][safepoint      ] Safepoint "ICBufferFull", Time since last: 1304488 ns, Reaching safepoint: 29902 ns, At safepoint: 900 ns, Total: 30802 ns
[1.509s][info ][safepoint      ] Safepoint "ICBufferFull", Time since last: 509835 ns, Reaching safepoint: 32602 ns, At safepoint: 2300 ns, Total: 34902 ns
[1.510s][info ][safepoint      ] Safepoint "ICBufferFull", Time since last: 1285386 ns, Reaching safepoint: 21702 ns, At safepoint: 800 ns, Total: 22502 ns
[1.512s][info ][safepoint      ] Safepoint "ICBufferFull", Time since last: 1510902 ns, Reaching safepoint: 96606 ns, At safepoint: 3800 ns, Total: 100406 ns
[1.512s][info ][safepoint      ] Safepoint "ICBufferFull", Time since last: 666445 ns, Reaching safepoint: 26302 ns, At safepoint: 3600 ns, Total: 29902 ns
[1.514s][info ][safepoint      ] Safepoint "ICBufferFull", Time since last: 1431296 ns, Reaching safepoint: 40603 ns, At safepoint: 1100 ns, Total: 41703 ns
[1.515s][info ][safepoint      ] Safepoint "ICBufferFull", Time since last: 1290887 ns, Reaching safepoint: 27502 ns, At safepoint: 700 ns, Total: 28202 ns
[1.516s][info ][safepoint      ] Safepoint "ICBufferFull", Time since last: 800154 ns, Reaching safepoint: 22201 ns, At safepoint: 3901 ns, Total: 26102 ns
[1.517s][info ][safepoint      ] Safepoint "ICBufferFull", Time since last: 952264 ns, Reaching safepoint: 27501 ns, At safepoint: 800 ns, Total: 28301 ns
[1.518s][info ][safepoint      ] Safepoint "ICBufferFull", Time since last: 1120476 ns, Reaching safepoint: 29602 ns, At safepoint: 800 ns, Total: 30402 ns
[1.519s][info ][safepoint      ] Safepoint "ICBufferFull", Time since last: 787353 ns, Reaching safepoint: 26302 ns, At safepoint: 800 ns, Total: 27102 ns
[1.520s][info ][safepoint      ] Safepoint "ICBufferFull", Time since last: 945263 ns, Reaching safepoint: 25202 ns, At safepoint: 3700 ns, Total: 28902 ns
[1.521s][info ][safepoint      ] Safepoint "ICBufferFull", Time since last: 965865 ns, Reaching safepoint: 109007 ns, At safepoint: 9901 ns, Total: 118908 ns
[1.522s][info ][safepoint      ] Safepoint "ICBufferFull", Time since last: 662045 ns, Reaching safepoint: 15901 ns, At safepoint: 1100 ns, Total: 17001 ns
[1.522s][info ][safepoint      ] Safepoint "ICBufferFull", Time since last: 690346 ns, Reaching safepoint: 12501 ns, At safepoint: 600 ns, Total: 13101 ns
[1.523s][info ][safepoint      ] Safepoint "ICBufferFull", Time since last: 783753 ns, Reaching safepoint: 24802 ns, At safepoint: 1200 ns, Total: 26002 ns
[1.524s][info ][safepoint      ] Safepoint "ICBufferFull", Time since last: 717748 ns, Reaching safepoint: 22901 ns, At safepoint: 4401 ns, Total: 27302 ns
[1.524s][info ][safepoint      ] Safepoint "ICBufferFull", Time since last: 626042 ns, Reaching safepoint: 16801 ns, At safepoint: 4300 ns, Total: 21101 ns
[1.526s][info ][safepoint      ] Safepoint "ICBufferFull", Time since last: 1464099 ns, Reaching safepoint: 25401 ns, At safepoint: 1101 ns, Total: 26502 ns
[1.527s][info ][safepoint      ] Safepoint "ICBufferFull", Time since last: 649843 ns, Reaching safepoint: 15001 ns, At safepoint: 1100 ns, Total: 16101 ns
[1.527s][info ][safepoint      ] Safepoint "ICBufferFull", Time since last: 831156 ns, Reaching safepoint: 20802 ns, At safepoint: 3000 ns, Total: 23802 ns
[1.528s][info ][safepoint      ] Safepoint "ICBufferFull", Time since last: 660544 ns, Reaching safepoint: 27002 ns, At safepoint: 1000 ns, Total: 28002 ns
[1.529s][info ][safepoint      ] Safepoint "ICBufferFull", Time since last: 667245 ns, Reaching safepoint: 108107 ns, At safepoint: 7801 ns, Total: 115908 ns
[1.530s][info ][safepoint      ] Safepoint "ICBufferFull", Time since last: 657944 ns, Reaching safepoint: 20901 ns, At safepoint: 3201 ns, Total: 24102 ns
[1.530s][info ][safepoint      ] Safepoint "ICBufferFull", Time since last: 608741 ns, Reaching safepoint: 28202 ns, At safepoint: 3500 ns, Total: 31702 ns
[1.531s][info ][safepoint      ] Safepoint "ICBufferFull", Time since last: 632142 ns, Reaching safepoint: 18301 ns, At safepoint: 701 ns, Total: 19002 ns
[1.532s][info ][safepoint      ] Safepoint "ICBufferFull", Time since last: 608140 ns, Reaching safepoint: 25702 ns, At safepoint: 800 ns, Total: 26502 ns
[1.532s][info ][safepoint      ] Safepoint "ICBufferFull", Time since last: 675146 ns, Reaching safepoint: 12200 ns, At safepoint: 601 ns, Total: 12801 ns
[1.533s][info ][safepoint      ] Safepoint "ICBufferFull", Time since last: 1123775 ns, Reaching safepoint: 48503 ns, At safepoint: 1400 ns, Total: 49903 ns
[1.535s][info ][safepoint      ] Safepoint "ICBufferFull", Time since last: 1188780 ns, Reaching safepoint: 27202 ns, At safepoint: 800 ns, Total: 28002 ns
[1.536s][info ][safepoint      ] Safepoint "ICBufferFull", Time since last: 1154478 ns, Reaching safepoint: 30502 ns, At safepoint: 1300 ns, Total: 31802 ns
[1.629s][info ][safepoint      ] Safepoint "ICBufferFull", Time since last: 92909949 ns, Reaching safepoint: 82106 ns, At safepoint: 1600 ns, Total: 83706 ns
[1.810s][info ][safepoint      ] Safepoint "ICBufferFull", Time since last: 180763859 ns, Reaching safepoint: 174611 ns, At safepoint: 6601 ns, Total: 181212 ns
[2.073s][info ][gc,start       ] GC(2) Pause Young (Metadata GC Threshold)
[2.102s][debug][gc,phases      ] GC(2) Scavenge 28.415ms
[2.102s][debug][gc,ref         ] GC(2) Skipped phase 1 of Reference Processing: no references
[2.102s][debug][gc,ref         ] GC(2) Skipped phase 3 of Reference Processing: no references
[2.102s][debug][gc,phases      ] GC(2) Reference Processing 0.220ms
[2.103s][debug][gc,phases      ] GC(2) Weak Processing 0.680ms
[2.103s][debug][gc,age         ] GC(2) Desired survivor size 536870912 bytes, new threshold 7 (max threshold 15)
[2.103s][info ][gc,heap        ] GC(2) PSYoungGen: 446054K(1572864K)->49121K(1572864K) Eden: 433667K(1048576K)->0K(1048576K) From: 12387K(524288K)->49121K(524288K)
[2.103s][info ][gc,heap        ] GC(2) ParOldGen: 5689K(6144K)->5697K(6144K)
[2.103s][info ][gc,metaspace   ] GC(2) Metaspace: 35153K(35456K)->35153K(35456K) NonClass: 30779K(30912K)->30779K(30912K) Class: 4374K(4544K)->4374K(4544K)
[2.103s][info ][gc             ] GC(2) Pause Young (Metadata GC Threshold) 441M->53M(1542M) 29.447ms
[2.103s][info ][gc,cpu         ] GC(2) User=0.13s Sys=0.02s Real=0.03s
[2.103s][debug][gc,phases      ] GC(3) Pre Compact 0.009ms
[2.103s][info ][gc,start       ] GC(3) Pause Full (Metadata GC Threshold)
[2.103s][info ][gc,phases,start] GC(3) Marking Phase
[2.117s][debug][gc,phases      ] GC(3) Par Mark 14.567ms
[2.117s][debug][gc,ref         ] GC(3) Skipped phase 1 of Reference Processing: no references
[2.118s][debug][gc,ref         ] GC(3) Skipped phase 3 of Reference Processing: no references
[2.118s][debug][gc,phases      ] GC(3) Reference Processing 0.071ms
[2.118s][debug][gc,phases      ] GC(3) Weak Processing 0.205ms
[2.118s][debug][gc,phases      ] GC(3) ClassLoaderData 0.029ms
[2.118s][debug][gc,phases      ] GC(3) Trigger cleanups 0.000ms
[2.121s][debug][gc,phases      ] GC(3) Class Unloading 3.288ms
[2.121s][info ][gc,phases      ] GC(3) Marking Phase 18.235ms
[2.121s][info ][gc,phases,start] GC(3) Summary Phase
[2.121s][info ][gc,phases      ] GC(3) Summary Phase 0.005ms
[2.121s][info ][gc,phases,start] GC(3) Adjust Roots
[2.128s][info ][gc,phases      ] GC(3) Adjust Roots 6.546ms
[2.128s][info ][gc,phases,start] GC(3) Compaction Phase
[2.349s][info ][gc,phases      ] GC(3) Compaction Phase 221.688ms
[2.349s][info ][gc,phases,start] GC(3) Post Compact
[2.350s][info ][gc,phases      ] GC(3) Post Compact 0.458ms
[2.350s][info ][gc,heap        ] GC(3) PSYoungGen: 49121K(1572864K)->48486K(1572864K) Eden: 0K(1048576K)->0K(1048576K) From: 49121K(524288K)->48486K(524288K)
[2.350s][info ][gc,heap        ] GC(3) ParOldGen: 5697K(6144K)->6114K(6144K)
[2.350s][info ][gc,metaspace   ] GC(3) Metaspace: 35153K(35456K)->35153K(35456K) NonClass: 30779K(30912K)->30779K(30912K) Class: 4374K(4544K)->4374K(4544K)
[2.350s][info ][gc             ] GC(3) Pause Full (Metadata GC Threshold) 53M->53M(1542M) 247.032ms
[2.350s][info ][gc,cpu         ] GC(3) User=0.52s Sys=0.01s Real=0.25s
[2.350s][info ][safepoint      ] Safepoint "CollectForMetadataAllocation", Time since last: 263383916 ns, Reaching safepoint: 149610 ns, At safepoint: 276603805 ns, Total: 276753415 ns
[2.594s][info ][safepoint      ] Safepoint "ICBufferFull", Time since last: 244316533 ns, Reaching safepoint: 221015 ns, At safepoint: 28802 ns, Total: 249817 ns
[2.761s][info ][safepoint      ] Safepoint "ICBufferFull", Time since last: 166574504 ns, Reaching safepoint: 247317 ns, At safepoint: 26901 ns, Total: 274218 ns
[2.762s][info ][safepoint      ] Safepoint "ICBufferFull", Time since last: 1017369 ns, Reaching safepoint: 105607 ns, At safepoint: 24102 ns, Total: 129709 ns
[2.905s][info ][safepoint      ] Safepoint "ICBufferFull", Time since last: 138326104 ns, Reaching safepoint: 4365993 ns, At safepoint: 25402 ns, Total: 4391395 ns
[3.113s][info ][safepoint      ] Safepoint "ICBufferFull", Time since last: 207421252 ns, Reaching safepoint: 355323 ns, At safepoint: 13501 ns, Total: 368824 ns
[3.113s][info ][safepoint      ] Safepoint "ICBufferFull", Time since last: 99007 ns, Reaching safepoint: 87206 ns, At safepoint: 16001 ns, Total: 103207 ns
[3.113s][info ][safepoint      ] Safepoint "ICBufferFull", Time since last: 49103 ns, Reaching safepoint: 100007 ns, At safepoint: 21801 ns, Total: 121808 ns
[3.117s][info ][safepoint      ] Safepoint "ICBufferFull", Time since last: 3262020 ns, Reaching safepoint: 106207 ns, At safepoint: 24502 ns, Total: 130709 ns
[3.120s][info ][safepoint      ] Safepoint "ICBufferFull", Time since last: 2907195 ns, Reaching safepoint: 91506 ns, At safepoint: 25302 ns, Total: 116808 ns
[3.154s][info ][safepoint      ] Safepoint "ICBufferFull", Time since last: 33645063 ns, Reaching safepoint: 172112 ns, At safepoint: 23601 ns, Total: 195713 ns
[3.157s][info ][safepoint      ] Safepoint "ICBufferFull", Time since last: 2987601 ns, Reaching safepoint: 107807 ns, At safepoint: 16902 ns, Total: 124709 ns
[3.245s][info ][safepoint      ] Safepoint "ICBufferFull", Time since last: 83798536 ns, Reaching safepoint: 4357493 ns, At safepoint: 26502 ns, Total: 4383995 ns
[3.250s][info ][safepoint      ] Safepoint "ICBufferFull", Time since last: 5235152 ns, Reaching safepoint: 119008 ns, At safepoint: 32202 ns, Total: 151210 ns
[3.374s][info ][safepoint      ] Safepoint "ICBufferFull", Time since last: 123677319 ns, Reaching safepoint: 205014 ns, At safepoint: 26602 ns, Total: 231616 ns
[3.431s][info ][safepoint      ] Safepoint "ICBufferFull", Time since last: 56260684 ns, Reaching safepoint: 192713 ns, At safepoint: 30502 ns, Total: 223215 ns
[3.435s][info ][safepoint      ] Safepoint "ICBufferFull", Time since last: 4027471 ns, Reaching safepoint: 254217 ns, At safepoint: 29702 ns, Total: 283919 ns
[3.435s][info ][safepoint      ] Safepoint "ICBufferFull", Time since last: 60704 ns, Reaching safepoint: 86206 ns, At safepoint: 25301 ns, Total: 111507 ns
[3.443s][info ][safepoint      ] Safepoint "ICBufferFull", Time since last: 7745121 ns, Reaching safepoint: 127509 ns, At safepoint: 25102 ns, Total: 152611 ns
[3.452s][info ][safepoint      ] Safepoint "ICBufferFull", Time since last: 8602878 ns, Reaching safepoint: 110608 ns, At safepoint: 14701 ns, Total: 125309 ns
[3.452s][info ][safepoint      ] Safepoint "ICBufferFull", Time since last: 65104 ns, Reaching safepoint: 83506 ns, At safepoint: 23301 ns, Total: 106807 ns
[3.454s][info ][safepoint      ] Safepoint "ICBufferFull", Time since last: 2320456 ns, Reaching safepoint: 184813 ns, At safepoint: 25901 ns, Total: 210714 ns
[3.457s][info ][safepoint      ] Safepoint "ICBufferFull", Time since last: 2735484 ns, Reaching safepoint: 122309 ns, At safepoint: 23101 ns, Total: 145410 ns
[3.460s][info ][safepoint      ] Safepoint "ICBufferFull", Time since last: 2019936 ns, Reaching safepoint: 167111 ns, At safepoint: 20602 ns, Total: 187713 ns
[3.462s][info ][safepoint      ] Safepoint "ICBufferFull", Time since last: 1925629 ns, Reaching safepoint: 107907 ns, At safepoint: 33503 ns, Total: 141410 ns
[3.464s][info ][safepoint      ] Safepoint "ICBufferFull", Time since last: 1812222 ns, Reaching safepoint: 71804 ns, At safepoint: 22402 ns, Total: 94206 ns
[3.467s][info ][safepoint      ] Safepoint "ICBufferFull", Time since last: 3579241 ns, Reaching safepoint: 101407 ns, At safepoint: 24601 ns, Total: 126008 ns
[3.471s][info ][safepoint      ] Safepoint "ICBufferFull", Time since last: 3288721 ns, Reaching safepoint: 105007 ns, At safepoint: 28202 ns, Total: 133209 ns
[3.473s][info ][safepoint      ] Safepoint "ICBufferFull", Time since last: 1977133 ns, Reaching safepoint: 105807 ns, At safepoint: 25002 ns, Total: 130809 ns
[3.474s][info ][safepoint      ] Safepoint "ICBufferFull", Time since last: 1434297 ns, Reaching safepoint: 109807 ns, At safepoint: 18401 ns, Total: 128208 ns
[3.477s][info ][safepoint      ] Safepoint "ICBufferFull", Time since last: 2930697 ns, Reaching safepoint: 108208 ns, At safepoint: 23401 ns, Total: 131609 ns
[3.480s][info ][safepoint      ] Safepoint "ICBufferFull", Time since last: 2045038 ns, Reaching safepoint: 94206 ns, At safepoint: 20001 ns, Total: 114207 ns
[3.482s][info ][safepoint      ] Safepoint "ICBufferFull", Time since last: 2165846 ns, Reaching safepoint: 104007 ns, At safepoint: 25902 ns, Total: 129909 ns
[3.483s][info ][safepoint      ] Safepoint "ICBufferFull", Time since last: 1463598 ns, Reaching safepoint: 93307 ns, At safepoint: 26301 ns, Total: 119608 ns
[3.492s][info ][safepoint      ] Safepoint "ICBufferFull", Time since last: 8557876 ns, Reaching safepoint: 137309 ns, At safepoint: 23702 ns, Total: 161011 ns
[3.494s][info ][safepoint      ] Safepoint "ICBufferFull", Time since last: 1745817 ns, Reaching safepoint: 104207 ns, At safepoint: 22002 ns, Total: 126209 ns
[3.496s][info ][safepoint      ] Safepoint "ICBufferFull", Time since last: 1865025 ns, Reaching safepoint: 124109 ns, At safepoint: 24801 ns, Total: 148910 ns
[3.499s][info ][safepoint      ] Safepoint "ICBufferFull", Time since last: 2353758 ns, Reaching safepoint: 115108 ns, At safepoint: 23502 ns, Total: 138610 ns
[3.500s][info ][safepoint      ] Safepoint "ICBufferFull", Time since last: 1402094 ns, Reaching safepoint: 52604 ns, At safepoint: 20001 ns, Total: 72605 ns
[3.502s][info ][safepoint      ] Safepoint "ICBufferFull", Time since last: 1700114 ns, Reaching safepoint: 89906 ns, At safepoint: 24202 ns, Total: 114108 ns
[3.504s][info ][safepoint      ] Safepoint "ICBufferFull", Time since last: 2274353 ns, Reaching safepoint: 108507 ns, At safepoint: 19902 ns, Total: 128409 ns
[3.507s][info ][safepoint      ] Safepoint "ICBufferFull", Time since last: 2177646 ns, Reaching safepoint: 111008 ns, At safepoint: 25701 ns, Total: 136709 ns
[3.509s][info ][safepoint      ] Safepoint "ICBufferFull", Time since last: 2050238 ns, Reaching safepoint: 100807 ns, At safepoint: 32202 ns, Total: 133009 ns
[3.512s][info ][safepoint      ] Safepoint "ICBufferFull", Time since last: 3242818 ns, Reaching safepoint: 102707 ns, At safepoint: 14801 ns, Total: 117508 ns
[3.514s][info ][safepoint      ] Safepoint "ICBufferFull", Time since last: 1602308 ns, Reaching safepoint: 239716 ns, At safepoint: 21602 ns, Total: 261318 ns
[3.517s][info ][safepoint      ] Safepoint "ICBufferFull", Time since last: 2924196 ns, Reaching safepoint: 100807 ns, At safepoint: 27302 ns, Total: 128109 ns
[3.519s][info ][safepoint      ] Safepoint "ICBufferFull", Time since last: 1525902 ns, Reaching safepoint: 181613 ns, At safepoint: 20301 ns, Total: 201914 ns
[3.520s][info ][safepoint      ] Safepoint "ICBufferFull", Time since last: 1593507 ns, Reaching safepoint: 111208 ns, At safepoint: 20801 ns, Total: 132009 ns
[3.522s][info ][safepoint      ] Safepoint "ICBufferFull", Time since last: 1489000 ns, Reaching safepoint: 100007 ns, At safepoint: 16401 ns, Total: 116408 ns
[3.524s][info ][safepoint      ] Safepoint "ICBufferFull", Time since last: 1714115 ns, Reaching safepoint: 92307 ns, At safepoint: 20201 ns, Total: 112508 ns
[3.526s][info ][safepoint      ] Safepoint "ICBufferFull", Time since last: 1585607 ns, Reaching safepoint: 100806 ns, At safepoint: 22202 ns, Total: 123008 ns
[3.528s][info ][safepoint      ] Safepoint "ICBufferFull", Time since last: 1879026 ns, Reaching safepoint: 102807 ns, At safepoint: 18001 ns, Total: 120808 ns
[3.529s][info ][safepoint      ] Safepoint "ICBufferFull", Time since last: 1707615 ns, Reaching safepoint: 89906 ns, At safepoint: 25802 ns, Total: 115708 ns
[3.540s][info ][safepoint      ] Safepoint "ICBufferFull", Time since last: 10726422 ns, Reaching safepoint: 129808 ns, At safepoint: 19602 ns, Total: 149410 ns
[3.542s][info ][safepoint      ] Safepoint "ICBufferFull", Time since last: 1667812 ns, Reaching safepoint: 114607 ns, At safepoint: 20202 ns, Total: 134809 ns
[3.728s][info ][safepoint      ] Safepoint "ICBufferFull", Time since last: 186123419 ns, Reaching safepoint: 193713 ns, At safepoint: 27302 ns, Total: 221015 ns
[3.735s][info ][safepoint      ] Safepoint "ICBufferFull", Time since last: 6589243 ns, Reaching safepoint: 142109 ns, At safepoint: 37203 ns, Total: 179312 ns
[3.762s][info ][safepoint      ] Safepoint "ICBufferFull", Time since last: 27094822 ns, Reaching safepoint: 145710 ns, At safepoint: 28102 ns, Total: 173812 ns
[3.773s][debug][gc,phases      ] GC(4) Pre Compact 0.021ms
[3.773s][info ][gc,start       ] GC(4) Pause Full (Ergonomics)
[3.773s][info ][gc,phases,start] GC(4) Marking Phase
[3.878s][debug][gc,phases      ] GC(4) Par Mark 104.748ms
[3.878s][debug][gc,ref         ] GC(4) Skipped phase 1 of Reference Processing: no references
[3.879s][debug][gc,ref         ] GC(4) Skipped phase 3 of Reference Processing: no references
[3.879s][debug][gc,phases      ] GC(4) Reference Processing 0.739ms
[3.880s][debug][gc,phases      ] GC(4) Weak Processing 0.502ms
[3.880s][debug][gc,phases      ] GC(4) ClassLoaderData 0.158ms
[3.880s][debug][gc,phases      ] GC(4) Trigger cleanups 0.001ms
[3.889s][debug][gc,phases      ] GC(4) Class Unloading 9.773ms
[3.889s][info ][gc,phases      ] GC(4) Marking Phase 115.906ms
[3.889s][info ][gc,phases,start] GC(4) Summary Phase
[3.889s][info ][gc,phases      ] GC(4) Summary Phase 0.025ms
[3.889s][info ][gc,phases,start] GC(4) Adjust Roots
[3.906s][info ][gc,phases      ] GC(4) Adjust Roots 16.300ms
[3.906s][info ][gc,phases,start] GC(4) Compaction Phase
[4.156s][info ][gc,phases      ] GC(4) Compaction Phase 250.569ms
[4.156s][info ][gc,phases,start] GC(4) Post Compact
[4.160s][info ][gc,phases      ] GC(4) Post Compact 3.303ms
[4.160s][info ][gc,heap        ] GC(4) PSYoungGen: 1097062K(1572864K)->155075K(1572864K) Eden: 1048576K(1048576K)->155075K(1048576K) From: 48486K(524288K)->0K(524288K)
[4.160s][info ][gc,heap        ] GC(4) ParOldGen: 6114K(6144K)->6108K(18944K)
[4.160s][info ][gc,metaspace   ] GC(4) Metaspace: 49067K(49600K)->49053K(49600K) NonClass: 41970K(42240K)->41960K(42240K) Class: 7096K(7360K)->7092K(7360K)
[4.160s][info ][gc             ] GC(4) Pause Full (Ergonomics) 1077M->157M(1554M) 386.345ms
[4.160s][info ][gc,cpu         ] GC(4) User=1.37s Sys=0.00s Real=0.39s
[4.160s][info ][safepoint      ] Safepoint "ParallelGCFailedAllocation", Time since last: 10769224 ns, Reaching safepoint: 96407 ns, At safepoint: 386532498 ns, Total: 386628905 ns
[4.165s][info ][safepoint      ] Safepoint "ICBufferFull", Time since last: 3912064 ns, Reaching safepoint: 949863 ns, At safepoint: 33603 ns, Total: 983466 ns
[4.172s][info ][safepoint      ] Safepoint "ICBufferFull", Time since last: 1835923 ns, Reaching safepoint: 112308 ns, At safepoint: 5517271 ns, Total: 5629579 ns
[4.174s][info ][safepoint      ] Safepoint "ICBufferFull", Time since last: 308821 ns, Reaching safepoint: 927262 ns, At safepoint: 34602 ns, Total: 961864 ns
[4.181s][info ][safepoint      ] Safepoint "ICBufferFull", Time since last: 7693418 ns, Reaching safepoint: 205114 ns, At safepoint: 29702 ns, Total: 234816 ns
[4.196s][info ][safepoint      ] Safepoint "ICBufferFull", Time since last: 14029943 ns, Reaching safepoint: 268118 ns, At safepoint: 32803 ns, Total: 300921 ns
[4.200s][info ][safepoint      ] Safepoint "ICBufferFull", Time since last: 4407896 ns, Reaching safepoint: 118008 ns, At safepoint: 26402 ns, Total: 144410 ns
[4.215s][info ][safepoint      ] Safepoint "ICBufferFull", Time since last: 14725190 ns, Reaching safepoint: 200814 ns, At safepoint: 27101 ns, Total: 227915 ns
[4.225s][info ][safepoint      ] Safepoint "ICBufferFull", Time since last: 9430735 ns, Reaching safepoint: 139909 ns, At safepoint: 31002 ns, Total: 170911 ns
[4.247s][info ][safepoint      ] Safepoint "ICBufferFull", Time since last: 22267598 ns, Reaching safepoint: 149710 ns, At safepoint: 22802 ns, Total: 172512 ns
[4.257s][info ][safepoint      ] Safepoint "ICBufferFull", Time since last: 9566343 ns, Reaching safepoint: 136609 ns, At safepoint: 20402 ns, Total: 157011 ns
[4.261s][info ][safepoint      ] Safepoint "ICBufferFull", Time since last: 3824457 ns, Reaching safepoint: 136409 ns, At safepoint: 22002 ns, Total: 158411 ns
[4.280s][info ][safepoint      ] Safepoint "ICBufferFull", Time since last: 18459941 ns, Reaching safepoint: 140010 ns, At safepoint: 29402 ns, Total: 169412 ns
[4.294s][info ][safepoint      ] Safepoint "ICBufferFull", Time since last: 9731554 ns, Reaching safepoint: 4319891 ns, At safepoint: 35202 ns, Total: 4355093 ns
[4.298s][info ][safepoint      ] Safepoint "ICBufferFull", Time since last: 4038372 ns, Reaching safepoint: 121808 ns, At safepoint: 29302 ns, Total: 151110 ns
[4.309s][info ][safepoint      ] Safepoint "ICBufferFull", Time since last: 11197753 ns, Reaching safepoint: 146210 ns, At safepoint: 26202 ns, Total: 172412 ns
[4.321s][info ][safepoint      ] Safepoint "ICBufferFull", Time since last: 11623081 ns, Reaching safepoint: 110708 ns, At safepoint: 59604 ns, Total: 170312 ns
[4.333s][info ][safepoint      ] Safepoint "ICBufferFull", Time since last: 11323962 ns, Reaching safepoint: 107807 ns, At safepoint: 50403 ns, Total: 158210 ns
[4.353s][info ][safepoint      ] Safepoint "ICBufferFull", Time since last: 17246360 ns, Reaching safepoint: 3199615 ns, At safepoint: 33103 ns, Total: 3232718 ns
[4.362s][info ][safepoint      ] Safepoint "ICBufferFull", Time since last: 8939501 ns, Reaching safepoint: 110707 ns, At safepoint: 26802 ns, Total: 137509 ns
[4.368s][info ][gc,start       ] GC(5) Pause Young (Allocation Failure)
[4.454s][debug][gc,phases      ] GC(5) Scavenge 86.123ms
[4.454s][debug][gc,ref         ] GC(5) Skipped phase 1 of Reference Processing: no references
[4.454s][debug][gc,ref         ] GC(5) Skipped phase 3 of Reference Processing: no references
[4.454s][debug][gc,phases      ] GC(5) Reference Processing 0.228ms
[4.456s][debug][gc,phases      ] GC(5) Weak Processing 1.282ms
[4.456s][debug][gc,age         ] GC(5) Desired survivor size 536870912 bytes, new threshold 7 (max threshold 15)
[4.456s][info ][gc,heap        ] GC(5) PSYoungGen: 1048576K(1572864K)->157928K(1572864K) Eden: 1048576K(1048576K)->0K(1048576K) From: 0K(524288K)->157928K(524288K)
[4.456s][info ][gc,heap        ] GC(5) ParOldGen: 6108K(18944K)->6124K(18944K)
[4.456s][info ][gc,metaspace   ] GC(5) Metaspace: 49157K(49664K)->49157K(49664K) NonClass: 42051K(42304K)->42051K(42304K) Class: 7105K(7360K)->7105K(7360K)
[4.456s][info ][gc             ] GC(5) Pause Young (Allocation Failure) 1029M->160M(1554M) 87.795ms
[4.456s][info ][gc,cpu         ] GC(5) User=0.30s Sys=0.04s Real=0.08s
[4.456s][info ][safepoint      ] Safepoint "ParallelGCFailedAllocation", Time since last: 5513771 ns, Reaching safepoint: 115608 ns, At safepoint: 87907413 ns, Total: 88023021 ns
[4.467s][info ][safepoint      ] Safepoint "ICBufferFull", Time since last: 7948334 ns, Reaching safepoint: 3161913 ns, At safepoint: 37402 ns, Total: 3199315 ns
[4.473s][info ][safepoint      ] Safepoint "ICBufferFull", Time since last: 6378529 ns, Reaching safepoint: 123609 ns, At safepoint: 27101 ns, Total: 150710 ns
[4.479s][info ][safepoint      ] Safepoint "ICBufferFull", Time since last: 5748687 ns, Reaching safepoint: 122608 ns, At safepoint: 29202 ns, Total: 151810 ns
[4.485s][info ][safepoint      ] Safepoint "ICBufferFull", Time since last: 4750720 ns, Reaching safepoint: 655844 ns, At safepoint: 24602 ns, Total: 680446 ns
[4.493s][info ][safepoint      ] Safepoint "ICBufferFull", Time since last: 6642046 ns, Reaching safepoint: 2146845 ns, At safepoint: 31502 ns, Total: 2178347 ns
[4.501s][info ][safepoint      ] Safepoint "ICBufferFull", Time since last: 7101078 ns, Reaching safepoint: 133409 ns, At safepoint: 23801 ns, Total: 157210 ns
[4.507s][info ][safepoint      ] Safepoint "ICBufferFull", Time since last: 5928899 ns, Reaching safepoint: 125108 ns, At safepoint: 25102 ns, Total: 150210 ns
[4.512s][info ][safepoint      ] Safepoint "ICBufferFull", Time since last: 4733018 ns, Reaching safepoint: 115208 ns, At safepoint: 64704 ns, Total: 179912 ns
[4.525s][info ][safepoint      ] Safepoint "ICBufferFull", Time since last: 13178287 ns, Reaching safepoint: 127308 ns, At safepoint: 41403 ns, Total: 168711 ns
[4.536s][info ][safepoint      ] Safepoint "ICBufferFull", Time since last: 10498006 ns, Reaching safepoint: 91106 ns, At safepoint: 25902 ns, Total: 117008 ns
[4.557s][info ][safepoint      ] Safepoint "ICBufferFull", Time since last: 19042881 ns, Reaching safepoint: 2127343 ns, At safepoint: 28802 ns, Total: 2156145 ns
[4.576s][info ][safepoint      ] Safepoint "ICBufferFull", Time since last: 19173290 ns, Reaching safepoint: 127908 ns, At safepoint: 28702 ns, Total: 156610 ns
[4.580s][info ][safepoint      ] Safepoint "ICBufferFull", Time since last: 3209616 ns, Reaching safepoint: 196313 ns, At safepoint: 23602 ns, Total: 219915 ns
[4.584s][info ][safepoint      ] Safepoint "ICBufferFull", Time since last: 3649945 ns, Reaching safepoint: 184313 ns, At safepoint: 26902 ns, Total: 211215 ns
[4.601s][info ][safepoint      ] Safepoint "ICBufferFull", Time since last: 17048346 ns, Reaching safepoint: 136709 ns, At safepoint: 24202 ns, Total: 160911 ns
[4.608s][info ][safepoint      ] Safepoint "ICBufferFull", Time since last: 3990569 ns, Reaching safepoint: 3204615 ns, At safepoint: 33702 ns, Total: 3238317 ns
[4.613s][info ][safepoint      ] Safepoint "ICBufferFull", Time since last: 2800989 ns, Reaching safepoint: 2117742 ns, At safepoint: 25102 ns, Total: 2142844 ns
[4.616s][info ][safepoint      ] Safepoint "ICBufferFull", Time since last: 3066706 ns, Reaching safepoint: 105707 ns, At safepoint: 25302 ns, Total: 131009 ns
[4.620s][info ][safepoint      ] Safepoint "ICBufferFull", Time since last: 3180514 ns, Reaching safepoint: 377825 ns, At safepoint: 26202 ns, Total: 404027 ns
[4.628s][info ][safepoint      ] Safepoint "ICBufferFull", Time since last: 7772423 ns, Reaching safepoint: 112907 ns, At safepoint: 22602 ns, Total: 135509 ns
[4.630s][info ][safepoint      ] Safepoint "ICBufferFull", Time since last: 2575573 ns, Reaching safepoint: 93706 ns, At safepoint: 25002 ns, Total: 118708 ns
[4.634s][info ][safepoint      ] Safepoint "ICBufferFull", Time since last: 3329724 ns, Reaching safepoint: 94306 ns, At safepoint: 29802 ns, Total: 124108 ns
[4.641s][info ][safepoint      ] Safepoint "ICBufferFull", Time since last: 3835358 ns, Reaching safepoint: 3184715 ns, At safepoint: 32402 ns, Total: 3217117 ns
[4.662s][info ][safepoint      ] Safepoint "ICBufferFull", Time since last: 20949709 ns, Reaching safepoint: 129609 ns, At safepoint: 19701 ns, Total: 149310 ns
[4.665s][info ][safepoint      ] Safepoint "ICBufferFull", Time since last: 2813289 ns, Reaching safepoint: 83006 ns, At safepoint: 20601 ns, Total: 103607 ns
[4.668s][info ][safepoint      ] Safepoint "ICBufferFull", Time since last: 3349925 ns, Reaching safepoint: 102807 ns, At safepoint: 31703 ns, Total: 134510 ns
[4.682s][info ][gc,start       ] GC(6) Pause Young (Allocation Failure)
[4.750s][debug][gc,phases      ] GC(6) Scavenge 68.368ms
[4.750s][debug][gc,ref         ] GC(6) Skipped phase 1 of Reference Processing: no references
[4.750s][debug][gc,ref         ] GC(6) Skipped phase 3 of Reference Processing: no references
[4.750s][debug][gc,phases      ] GC(6) Reference Processing 0.213ms
[4.752s][debug][gc,phases      ] GC(6) Weak Processing 1.319ms
[4.752s][debug][gc,age         ] GC(6) Desired survivor size 536870912 bytes, new threshold 7 (max threshold 15)
[4.752s][info ][gc,heap        ] GC(6) PSYoungGen: 1206504K(1572864K)->155832K(1572864K) Eden: 1048576K(1048576K)->0K(1048576K) From: 157928K(524288K)->155832K(524288K)
[4.752s][info ][gc,heap        ] GC(6) ParOldGen: 6124K(18944K)->6132K(18944K)
[4.752s][info ][gc,metaspace   ] GC(6) Metaspace: 49321K(49856K)->49321K(49856K) NonClass: 42198K(42496K)->42198K(42496K) Class: 7122K(7360K)->7122K(7360K)
[4.752s][info ][gc             ] GC(6) Pause Young (Allocation Failure) 1184M->158M(1554M) 70.024ms
[4.752s][info ][gc,cpu         ] GC(6) User=0.23s Sys=0.04s Real=0.07s
[4.752s][info ][safepoint      ] Safepoint "ParallelGCFailedAllocation", Time since last: 13398801 ns, Reaching safepoint: 107907 ns, At safepoint: 70140518 ns, Total: 70248425 ns
[5.023s][info ][safepoint      ] Safepoint "ICBufferFull", Time since last: 270783413 ns, Reaching safepoint: 301620 ns, At safepoint: 26002 ns, Total: 327622 ns
[5.089s][info ][gc,start       ] GC(7) Pause Young (Allocation Failure)
[5.158s][debug][gc,phases      ] GC(7) Scavenge 68.686ms
[5.158s][debug][gc,ref         ] GC(7) Skipped phase 1 of Reference Processing: no references
[5.158s][debug][gc,ref         ] GC(7) Skipped phase 3 of Reference Processing: no references
[5.158s][debug][gc,phases      ] GC(7) Reference Processing 0.297ms
[5.159s][debug][gc,phases      ] GC(7) Weak Processing 1.312ms
[5.159s][debug][gc,age         ] GC(7) Desired survivor size 244318208 bytes, new threshold 8 (max threshold 15)
[5.159s][info ][gc,heap        ] GC(7) PSYoungGen: 1204408K(1572864K)->165854K(1858560K) Eden: 1048576K(1048576K)->0K(1334272K) From: 155832K(524288K)->165854K(524288K)
[5.159s][info ][gc,heap        ] GC(7) ParOldGen: 6132K(18944K)->6140K(18944K)
[5.159s][info ][gc,metaspace   ] GC(7) Metaspace: 51507K(52032K)->51507K(52032K) NonClass: 44041K(44352K)->44041K(44352K) Class: 7465K(7680K)->7465K(7680K)
[5.159s][info ][gc             ] GC(7) Pause Young (Allocation Failure) 1182M->167M(1833M) 70.454ms
[5.159s][info ][gc,cpu         ] GC(7) User=0.27s Sys=0.01s Real=0.07s
[5.159s][info ][safepoint      ] Safepoint "ParallelGCFailedAllocation", Time since last: 65755022 ns, Reaching safepoint: 125209 ns, At safepoint: 70555245 ns, Total: 70680454 ns
[5.608s][info ][gc,start       ] GC(8) Pause Young (Allocation Failure)
[5.694s][debug][gc,phases      ] GC(8) Scavenge 86.084ms
[5.695s][debug][gc,ref         ] GC(8) Skipped phase 1 of Reference Processing: no references
[5.695s][debug][gc,ref         ] GC(8) Skipped phase 3 of Reference Processing: no references
[5.695s][debug][gc,phases      ] GC(8) Reference Processing 0.283ms
[5.696s][debug][gc,phases      ] GC(8) Weak Processing 1.479ms
[5.696s][debug][gc,age         ] GC(8) Desired survivor size 258998272 bytes, new threshold 9 (max threshold 15)
[5.696s][info ][gc,heap        ] GC(8) PSYoungGen: 1500126K(1858560K)->171138K(1572864K) Eden: 1334272K(1334272K)->0K(1334272K) From: 165854K(524288K)->171138K(238592K)
[5.696s][info ][gc,heap        ] GC(8) ParOldGen: 6140K(18944K)->6148K(18944K)
[5.696s][info ][gc,metaspace   ] GC(8) Metaspace: 53697K(54144K)->53697K(54144K) NonClass: 45796K(46016K)->45796K(46016K) Class: 7900K(8128K)->7900K(8128K)
[5.696s][info ][gc             ] GC(8) Pause Young (Allocation Failure) 1470M->173M(1554M) 88.005ms
[5.696s][info ][gc,cpu         ] GC(8) User=0.31s Sys=0.03s Real=0.08s
[5.696s][info ][safepoint      ] Safepoint "ParallelGCFailedAllocation", Time since last: 448525069 ns, Reaching safepoint: 264617 ns, At safepoint: 88147029 ns, Total: 88411646 ns
[6.041s][info ][gc,start       ] GC(9) Pause Young (Allocation Failure)
[6.142s][debug][gc,phases      ] GC(9) Scavenge 101.413ms
[6.142s][debug][gc,ref         ] GC(9) Skipped phase 1 of Reference Processing: no references
[6.142s][debug][gc,ref         ] GC(9) Skipped phase 3 of Reference Processing: no references
[6.142s][debug][gc,phases      ] GC(9) Reference Processing 0.269ms
[6.144s][debug][gc,phases      ] GC(9) Weak Processing 1.632ms
[6.144s][debug][gc,age         ] GC(9) Desired survivor size 272105472 bytes, new threshold 10 (max threshold 15)
[6.144s][info ][gc,heap        ] GC(9) PSYoungGen: 1505410K(1572864K)->181354K(1818624K) Eden: 1334272K(1334272K)->0K(1565696K) From: 171138K(238592K)->181354K(252928K)
[6.144s][info ][gc,heap        ] GC(9) ParOldGen: 6148K(18944K)->6156K(18944K)
[6.144s][info ][gc,metaspace   ] GC(9) Metaspace: 54229K(54720K)->54229K(54720K) NonClass: 46298K(46528K)->46298K(46528K) Class: 7930K(8192K)->7930K(8192K)
[6.144s][info ][gc             ] GC(9) Pause Young (Allocation Failure) 1476M->183M(1794M) 103.477ms
[6.144s][info ][gc,cpu         ] GC(9) User=0.38s Sys=0.03s Real=0.10s
[6.144s][info ][safepoint      ] Safepoint "ParallelGCFailedAllocation", Time since last: 343844027 ns, Reaching safepoint: 225315 ns, At safepoint: 103612969 ns, Total: 103838284 ns
[6.515s][info ][gc,start       ] GC(10) Pause Young (Allocation Failure)
[6.596s][debug][gc,phases      ] GC(10) Scavenge 80.507ms
[6.596s][debug][gc,ref         ] GC(10) Skipped phase 1 of Reference Processing: no references
[6.596s][debug][gc,ref         ] GC(10) Skipped phase 3 of Reference Processing: no references
[6.596s][debug][gc,phases      ] GC(10) Reference Processing 0.309ms
[6.598s][debug][gc,phases      ] GC(10) Weak Processing 1.656ms
[6.598s][debug][gc,age         ] GC(10) Desired survivor size 280494080 bytes, new threshold 11 (max threshold 15)
[6.598s][info ][gc,heap        ] GC(10) PSYoungGen: 1747050K(1818624K)->184986K(1751040K) Eden: 1565696K(1565696K)->0K(1565696K) From: 181354K(252928K)->184986K(185344K)
[6.598s][info ][gc,heap        ] GC(10) ParOldGen: 6156K(18944K)->6164K(18944K)
[6.598s][info ][gc,metaspace   ] GC(10) Metaspace: 54253K(54784K)->54253K(54784K) NonClass: 46322K(46592K)->46322K(46592K) Class: 7930K(8192K)->7930K(8192K)
[6.598s][info ][gc             ] GC(10) Pause Young (Allocation Failure) 1712M->186M(1728M) 82.625ms
[6.598s][info ][gc,cpu         ] GC(10) User=0.39s Sys=0.00s Real=0.09s
[6.598s][info ][safepoint      ] Safepoint "ParallelGCFailedAllocation", Time since last: 370945050 ns, Reaching safepoint: 140209 ns, At safepoint: 82740365 ns, Total: 82880574 ns
[6.887s][info ][gc,start       ] GC(11) Pause Young (Allocation Failure)
[6.964s][debug][gc,phases      ] GC(11) Scavenge 76.867ms
[6.964s][debug][gc,ref         ] GC(11) Skipped phase 1 of Reference Processing: no references
[6.965s][debug][gc,ref         ] GC(11) Skipped phase 3 of Reference Processing: no references
[6.965s][debug][gc,phases      ] GC(11) Reference Processing 0.307ms
[6.966s][debug][gc,phases      ] GC(11) Weak Processing 1.317ms
[6.966s][debug][gc,age         ] GC(11) Desired survivor size 287309824 bytes, new threshold 12 (max threshold 15)
[6.966s][info ][gc,heap        ] GC(11) PSYoungGen: 1750682K(1751040K)->188274K(1809920K) Eden: 1565696K(1565696K)->0K(1536000K) From: 184986K(185344K)->188274K(273920K)
[6.966s][info ][gc,heap        ] GC(11) ParOldGen: 6164K(18944K)->6172K(18944K)
[6.966s][info ][gc,metaspace   ] GC(11) Metaspace: 55099K(55552K)->55099K(55552K) NonClass: 47052K(47296K)->47052K(47296K) Class: 8046K(8256K)->8046K(8256K)
[6.966s][info ][gc             ] GC(11) Pause Young (Allocation Failure) 1715M->189M(1786M) 78.632ms
[6.966s][info ][gc,cpu         ] GC(11) User=0.30s Sys=0.01s Real=0.08s
[6.966s][info ][safepoint      ] Safepoint "ParallelGCFailedAllocation", Time since last: 288774423 ns, Reaching safepoint: 707448 ns, At safepoint: 78748296 ns, Total: 79455744 ns
[7.249s][info ][gc,start       ] GC(12) Pause Young (Allocation Failure)
[7.322s][debug][gc,phases      ] GC(12) Scavenge 73.160ms
[7.322s][debug][gc,ref         ] GC(12) Skipped phase 1 of Reference Processing: no references
[7.323s][debug][gc,ref         ] GC(12) Skipped phase 3 of Reference Processing: no references
[7.323s][debug][gc,phases      ] GC(12) Reference Processing 0.290ms
[7.324s][debug][gc,phases      ] GC(12) Weak Processing 1.512ms
[7.324s][debug][gc,age         ] GC(12) Desired survivor size 288882688 bytes, new threshold 13 (max threshold 15)
[7.324s][info ][gc,heap        ] GC(12) PSYoungGen: 1724274K(1809920K)->182466K(1718784K) Eden: 1536000K(1536000K)->0K(1536000K) From: 188274K(273920K)->182466K(182784K)
[7.324s][info ][gc,heap        ] GC(12) ParOldGen: 6172K(18944K)->6180K(18944K)
[7.324s][info ][gc,metaspace   ] GC(12) Metaspace: 55888K(56384K)->55888K(56384K) NonClass: 47735K(48000K)->47735K(48000K) Class: 8153K(8384K)->8153K(8384K)
[7.324s][info ][gc             ] GC(12) Pause Young (Allocation Failure) 1689M->184M(1697M) 75.115ms
[7.324s][info ][gc,cpu         ] GC(12) User=0.35s Sys=0.00s Real=0.07s
[7.324s][info ][safepoint      ] Safepoint "ParallelGCFailedAllocation", Time since last: 282594908 ns, Reaching safepoint: 275518 ns, At safepoint: 75241161 ns, Total: 75516679 ns
[7.709s][info ][safepoint      ] Safepoint "ICBufferFull", Time since last: 384635170 ns, Reaching safepoint: 276319 ns, At safepoint: 33002 ns, Total: 309321 ns
[7.725s][info ][gc,start       ] GC(13) Pause Young (Allocation Failure)
[7.800s][debug][gc,phases      ] GC(13) Scavenge 75.124ms
[7.800s][debug][gc,ref         ] GC(13) Skipped phase 1 of Reference Processing: no references
[7.800s][debug][gc,ref         ] GC(13) Skipped phase 3 of Reference Processing: no references
[7.800s][debug][gc,phases      ] GC(13) Reference Processing 0.320ms
[7.802s][debug][gc,phases      ] GC(13) Weak Processing 1.497ms
[7.802s][debug][gc,age         ] GC(13) Desired survivor size 289406976 bytes, new threshold 14 (max threshold 15)
[7.802s][info ][gc,heap        ] GC(13) PSYoungGen: 1718466K(1718784K)->183170K(1814016K) Eden: 1536000K(1536000K)->0K(1531904K) From: 182466K(182784K)->183170K(282112K)
[7.802s][info ][gc,heap        ] GC(13) ParOldGen: 6180K(18944K)->6188K(18944K)
[7.802s][info ][gc,metaspace   ] GC(13) Metaspace: 56248K(56768K)->56248K(56768K) NonClass: 48059K(48384K)->48059K(48384K) Class: 8188K(8384K)->8188K(8384K)
[7.802s][info ][gc             ] GC(13) Pause Young (Allocation Failure) 1684M->184M(1790M) 77.104ms
[7.802s][info ][gc,cpu         ] GC(13) User=0.29s Sys=0.01s Real=0.08s
[7.802s][info ][safepoint      ] Safepoint "ParallelGCFailedAllocation", Time since last: 14957106 ns, Reaching safepoint: 293720 ns, At safepoint: 77214293 ns, Total: 77508013 ns
[8.086s][info ][gc,start       ] GC(14) Pause Young (Allocation Failure)
[8.159s][debug][gc,phases      ] GC(14) Scavenge 73.070ms
[8.159s][debug][gc,ref         ] GC(14) Skipped phase 1 of Reference Processing: no references
[8.159s][debug][gc,ref         ] GC(14) Skipped phase 3 of Reference Processing: no references
[8.159s][debug][gc,phases      ] GC(14) Reference Processing 0.288ms
[8.160s][debug][gc,phases      ] GC(14) Weak Processing 1.389ms
[8.160s][debug][gc,age         ] GC(14) Desired survivor size 288882688 bytes, new threshold 15 (max threshold 15)
[8.160s][info ][gc,heap        ] GC(14) PSYoungGen: 1715074K(1814016K)->184330K(1814528K) Eden: 1531904K(1531904K)->0K(1531904K) From: 183170K(282112K)->184330K(282624K)
[8.160s][info ][gc,heap        ] GC(14) ParOldGen: 6188K(18944K)->6196K(18944K)
[8.160s][info ][gc,metaspace   ] GC(14) Metaspace: 56289K(56832K)->56289K(56832K) NonClass: 48098K(48384K)->48098K(48384K) Class: 8190K(8448K)->8190K(8448K)
[8.160s][info ][gc             ] GC(14) Pause Young (Allocation Failure) 1680M->186M(1790M) 74.896ms
[8.161s][info ][gc,cpu         ] GC(14) User=0.29s Sys=0.00s Real=0.07s
[8.161s][info ][safepoint      ] Safepoint "ParallelGCFailedAllocation", Time since last: 283159545 ns, Reaching safepoint: 718448 ns, At safepoint: 75025146 ns, Total: 75743594 ns
[8.447s][info ][gc,start       ] GC(15) Pause Young (Allocation Failure)
[8.519s][debug][gc,phases      ] GC(15) Scavenge 71.679ms
[8.519s][debug][gc,ref         ] GC(15) Skipped phase 1 of Reference Processing: no references
[8.519s][debug][gc,ref         ] GC(15) Skipped phase 3 of Reference Processing: no references
[8.519s][debug][gc,phases      ] GC(15) Reference Processing 0.242ms
[8.520s][debug][gc,phases      ] GC(15) Weak Processing 1.461ms
[8.520s][debug][gc,age         ] GC(15) Desired survivor size 288882688 bytes, new threshold 15 (max threshold 15)
[8.520s][info ][gc,heap        ] GC(15) PSYoungGen: 1716234K(1814528K)->186082K(1815040K) Eden: 1531904K(1531904K)->0K(1532928K) From: 184330K(282624K)->186082K(282112K)
[8.520s][info ][gc,heap        ] GC(15) ParOldGen: 6196K(18944K)->6204K(18944K)
[8.520s][info ][gc,metaspace   ] GC(15) Metaspace: 56309K(56832K)->56309K(56832K) NonClass: 48118K(48384K)->48118K(48384K) Class: 8191K(8448K)->8191K(8448K)
[8.520s][info ][gc             ] GC(15) Pause Young (Allocation Failure) 1682M->187M(1791M) 73.527ms
[8.520s][info ][gc,cpu         ] GC(15) User=0.29s Sys=0.00s Real=0.07s
[8.520s][info ][safepoint      ] Safepoint "ParallelGCFailedAllocation", Time since last: 285980935 ns, Reaching safepoint: 200714 ns, At safepoint: 73659654 ns, Total: 73860368 ns
[8.823s][info ][gc,start       ] GC(16) Pause Young (Allocation Failure)
[8.889s][debug][gc,phases      ] GC(16) Scavenge 65.603ms
[8.889s][debug][gc,ref         ] GC(16) Skipped phase 1 of Reference Processing: no references
[8.889s][debug][gc,ref         ] GC(16) Skipped phase 3 of Reference Processing: no references
[8.889s][debug][gc,phases      ] GC(16) Reference Processing 0.294ms
[8.891s][debug][gc,phases      ] GC(16) Weak Processing 1.659ms
[8.891s][debug][gc,age         ] GC(16) Desired survivor size 288882688 bytes, new threshold 15 (max threshold 15)
[8.891s][info ][gc,heap        ] GC(16) PSYoungGen: 1719010K(1815040K)->189922K(1815040K) Eden: 1532928K(1532928K)->0K(1532928K) From: 186082K(282112K)->189922K(282112K)
[8.891s][info ][gc,heap        ] GC(16) ParOldGen: 6204K(18944K)->6212K(18944K)
[8.891s][info ][gc,metaspace   ] GC(16) Metaspace: 56324K(56896K)->56324K(56896K) NonClass: 48131K(48448K)->48131K(48448K) Class: 8192K(8448K)->8192K(8448K)
[8.891s][info ][gc             ] GC(16) Pause Young (Allocation Failure) 1684M->191M(1791M) 67.695ms
[8.891s][info ][gc,cpu         ] GC(16) User=0.25s Sys=0.02s Real=0.07s
[8.891s][info ][safepoint      ] Safepoint "ParallelGCFailedAllocation", Time since last: 302458543 ns, Reaching safepoint: 173711 ns, At safepoint: 67805461 ns, Total: 67979172 ns
[9.203s][info ][gc,start       ] GC(17) Pause Young (Allocation Failure)
[9.270s][debug][gc,phases      ] GC(17) Scavenge 67.163ms
[9.270s][debug][gc,ref         ] GC(17) Skipped phase 1 of Reference Processing: no references
[9.270s][debug][gc,ref         ] GC(17) Skipped phase 3 of Reference Processing: no references
[9.270s][debug][gc,phases      ] GC(17) Reference Processing 0.251ms
[9.272s][debug][gc,phases      ] GC(17) Weak Processing 1.389ms
[9.272s][debug][gc,age         ] GC(17) Desired survivor size 288882688 bytes, new threshold 15 (max threshold 15)
[9.272s][info ][gc,heap        ] GC(17) PSYoungGen: 1722850K(1815040K)->192066K(1815040K) Eden: 1532928K(1532928K)->0K(1532928K) From: 189922K(282112K)->192066K(282112K)
[9.272s][info ][gc,heap        ] GC(17) ParOldGen: 6212K(18944K)->6220K(18944K)
[9.272s][info ][gc,metaspace   ] GC(17) Metaspace: 56338K(56896K)->56338K(56896K) NonClass: 48144K(48448K)->48144K(48448K) Class: 8193K(8448K)->8193K(8448K)
[9.272s][info ][gc             ] GC(17) Pause Young (Allocation Failure) 1688M->193M(1791M) 68.935ms
[9.272s][info ][gc,cpu         ] GC(17) User=0.27s Sys=0.00s Real=0.07s
[9.272s][info ][safepoint      ] Safepoint "ParallelGCFailedAllocation", Time since last: 311866875 ns, Reaching safepoint: 201614 ns, At safepoint: 69046144 ns, Total: 69247758 ns
[9.586s][info ][gc,start       ] GC(18) Pause Young (Allocation Failure)
[9.661s][debug][gc,phases      ] GC(18) Scavenge 74.935ms
[9.662s][debug][gc,ref         ] GC(18) Skipped phase 1 of Reference Processing: no references
[9.662s][debug][gc,ref         ] GC(18) Skipped phase 3 of Reference Processing: no references
[9.662s][debug][gc,phases      ] GC(18) Reference Processing 0.268ms
[9.663s][debug][gc,phases      ] GC(18) Weak Processing 1.458ms
[9.663s][debug][gc,age         ] GC(18) Desired survivor size 283639808 bytes, new threshold 15 (max threshold 15)
[9.663s][info ][gc,heap        ] GC(18) PSYoungGen: 1724994K(1815040K)->180702K(1815040K) Eden: 1532928K(1532928K)->0K(1532928K) From: 192066K(282112K)->180702K(282112K)
[9.663s][info ][gc,heap        ] GC(18) ParOldGen: 6220K(18944K)->18415K(18944K)
[9.663s][info ][gc,metaspace   ] GC(18) Metaspace: 57056K(57600K)->57056K(57600K) NonClass: 48735K(49024K)->48735K(49024K) Class: 8321K(8576K)->8321K(8576K)
[9.663s][info ][gc             ] GC(18) Pause Young (Allocation Failure) 1690M->194M(1791M) 76.791ms
[9.663s][info ][gc,cpu         ] GC(18) User=0.31s Sys=0.00s Real=0.07s
[9.663s][debug][gc,phases      ] GC(19) Pre Compact 0.010ms
[9.663s][info ][gc,start       ] GC(19) Pause Full (Ergonomics)
[9.663s][info ][gc,phases,start] GC(19) Marking Phase
[9.745s][debug][gc,phases      ] GC(19) Par Mark 81.159ms
[9.745s][debug][gc,ref         ] GC(19) Skipped phase 1 of Reference Processing: no references
[9.745s][debug][gc,ref         ] GC(19) Skipped phase 3 of Reference Processing: no references
[9.745s][debug][gc,phases      ] GC(19) Reference Processing 0.163ms
[9.745s][debug][gc,phases      ] GC(19) Weak Processing 0.460ms
[9.745s][debug][gc,phases      ] GC(19) ClassLoaderData 0.129ms
[9.745s][debug][gc,phases      ] GC(19) Trigger cleanups 0.001ms
[9.758s][debug][gc,phases      ] GC(19) Class Unloading 12.297ms
[9.758s][info ][gc,phases      ] GC(19) Marking Phase 94.226ms
[9.758s][info ][gc,phases,start] GC(19) Summary Phase
[9.758s][info ][gc,phases      ] GC(19) Summary Phase 0.009ms
[9.758s][info ][gc,phases,start] GC(19) Adjust Roots
[9.776s][info ][gc,phases      ] GC(19) Adjust Roots 18.414ms
[9.776s][info ][gc,phases,start] GC(19) Compaction Phase
[10.520s][info ][gc,phases      ] GC(19) Compaction Phase 743.942ms
[10.520s][info ][gc,phases,start] GC(19) Post Compact
[10.521s][info ][gc,phases      ] GC(19) Post Compact 1.007ms
[10.521s][info ][gc,heap        ] GC(19) PSYoungGen: 180702K(1815040K)->179809K(1815040K) Eden: 0K(1532928K)->0K(1532928K) From: 180702K(282112K)->179809K(282112K)
[10.521s][info ][gc,heap        ] GC(19) ParOldGen: 18415K(18944K)->18775K(41984K)
[10.521s][info ][gc,metaspace   ] GC(19) Metaspace: 57056K(57600K)->57054K(57600K) NonClass: 48735K(49024K)->48733K(49024K) Class: 8321K(8576K)->8320K(8576K)
[10.521s][info ][gc             ] GC(19) Pause Full (Ergonomics) 194M->193M(1813M) 857.790ms
[10.521s][info ][gc,cpu         ] GC(19) User=2.11s Sys=0.01s Real=0.86s
[10.529s][info ][safepoint      ] Safepoint "ParallelGCFailedAllocation", Time since last: 314283738 ns, Reaching safepoint: 197513 ns, At safepoint: 942093663 ns, Total: 942291176 ns
[10.649s][info ][safepoint      ] Safepoint "ICBufferFull", Time since last: 120456402 ns, Reaching safepoint: 265018 ns, At safepoint: 29502 ns, Total: 294520 ns
[10.865s][info ][gc,start       ] GC(20) Pause Young (Allocation Failure)
[10.939s][debug][gc,phases      ] GC(20) Scavenge 73.365ms
[10.939s][debug][gc,ref         ] GC(20) Skipped phase 1 of Reference Processing: no references
[10.939s][debug][gc,ref         ] GC(20) Skipped phase 3 of Reference Processing: no references
[10.939s][debug][gc,phases      ] GC(20) Reference Processing 0.222ms
[10.941s][debug][gc,phases      ] GC(20) Weak Processing 1.610ms
[10.941s][debug][gc,age         ] GC(20) Desired survivor size 275251200 bytes, new threshold 15 (max threshold 15)
[10.941s][info ][gc,heap        ] GC(20) PSYoungGen: 1712737K(1815040K)->145345K(1828352K) Eden: 1532928K(1532928K)->0K(1551360K) From: 179809K(282112K)->145345K(276992K)
[10.941s][info ][gc,heap        ] GC(20) ParOldGen: 18775K(41984K)->54162K(54784K)
[10.941s][info ][gc,metaspace   ] GC(20) Metaspace: 58287K(58880K)->58287K(58880K) NonClass: 49797K(50112K)->49797K(50112K) Class: 8490K(8768K)->8490K(8768K)
[10.941s][info ][gc             ] GC(20) Pause Young (Allocation Failure) 1690M->194M(1839M) 75.349ms
[10.941s][info ][gc,cpu         ] GC(20) User=0.29s Sys=0.01s Real=0.07s
[10.941s][debug][gc,phases      ] GC(21) Pre Compact 0.011ms
[10.941s][info ][gc,start       ] GC(21) Pause Full (Ergonomics)
[10.941s][info ][gc,phases,start] GC(21) Marking Phase
[11.018s][debug][gc,phases      ] GC(21) Par Mark 77.595ms
[11.019s][debug][gc,ref         ] GC(21) Skipped phase 1 of Reference Processing: no references
[11.019s][debug][gc,ref         ] GC(21) Skipped phase 3 of Reference Processing: no references
[11.019s][debug][gc,phases      ] GC(21) Reference Processing 0.297ms
[11.019s][debug][gc,phases      ] GC(21) Weak Processing 0.479ms
[11.019s][debug][gc,phases      ] GC(21) ClassLoaderData 0.055ms
[11.019s][debug][gc,phases      ] GC(21) Trigger cleanups 0.000ms
[11.026s][debug][gc,phases      ] GC(21) Class Unloading 6.785ms
[11.026s][info ][gc,phases      ] GC(21) Marking Phase 85.316ms
[11.026s][info ][gc,phases,start] GC(21) Summary Phase
[11.026s][info ][gc,phases      ] GC(21) Summary Phase 0.009ms
[11.026s][info ][gc,phases,start] GC(21) Adjust Roots
[11.045s][info ][gc,phases      ] GC(21) Adjust Roots 18.453ms
[11.045s][info ][gc,phases,start] GC(21) Compaction Phase
[11.737s][info ][gc,phases      ] GC(21) Compaction Phase 692.174ms
[11.737s][info ][gc,phases,start] GC(21) Post Compact
[11.738s][info ][gc,phases      ] GC(21) Post Compact 0.837ms
[11.738s][info ][gc,heap        ] GC(21) PSYoungGen: 145345K(1828352K)->144651K(1828352K) Eden: 0K(1551360K)->0K(1551360K) From: 145345K(276992K)->144651K(276992K)
[11.738s][info ][gc,heap        ] GC(21) ParOldGen: 54162K(54784K)->54395K(97792K)
[11.738s][info ][gc,metaspace   ] GC(21) Metaspace: 58287K(58880K)->58287K(58880K) NonClass: 49797K(50112K)->49797K(50112K) Class: 8490K(8768K)->8490K(8768K)
[11.738s][info ][gc             ] GC(21) Pause Full (Ergonomics) 194M->194M(1881M) 797.040ms
[11.738s][info ][gc,cpu         ] GC(21) User=1.88s Sys=0.01s Real=0.80s
[11.738s][info ][safepoint      ] Safepoint "ParallelGCFailedAllocation", Time since last: 215850617 ns, Reaching safepoint: 200114 ns, At safepoint: 872560285 ns, Total: 872760399 ns
[12.034s][info ][gc,start       ] GC(22) Pause Young (Allocation Failure)
[12.130s][debug][gc,phases      ] GC(22) Scavenge 96.255ms
[12.130s][debug][gc,ref         ] GC(22) Skipped phase 1 of Reference Processing: no references
[12.130s][debug][gc,ref         ] GC(22) Skipped phase 3 of Reference Processing: no references
[12.130s][debug][gc,phases      ] GC(22) Reference Processing 0.066ms
[12.132s][debug][gc,phases      ] GC(22) Weak Processing 1.140ms
[12.132s][debug][gc,age         ] GC(22) Desired survivor size 285736960 bytes, new threshold 15 (max threshold 15)
[12.132s][info ][gc,heap        ] GC(22) PSYoungGen: 1696011K(1828352K)->40454K(1592320K) Eden: 1551360K(1551360K)->0K(1551360K) From: 144651K(276992K)->40454K(40960K)
[12.132s][info ][gc,heap        ] GC(22) ParOldGen: 54395K(97792K)->161246K(161280K)
[12.132s][info ][gc,metaspace   ] GC(22) Metaspace: 61408K(61952K)->61408K(61952K) NonClass: 52531K(52800K)->52531K(52800K) Class: 8877K(9152K)->8877K(9152K)
[12.132s][info ][gc             ] GC(22) Pause Young (Allocation Failure) 1709M->196M(1712M) 97.599ms
[12.132s][info ][gc,cpu         ] GC(22) User=0.35s Sys=0.04s Real=0.10s
[12.132s][debug][gc,phases      ] GC(23) Pre Compact 0.011ms
[12.132s][info ][gc,start       ] GC(23) Pause Full (Ergonomics)
[12.132s][info ][gc,phases,start] GC(23) Marking Phase
[12.209s][debug][gc,phases      ] GC(23) Par Mark 77.054ms
[12.209s][debug][gc,ref         ] GC(23) Skipped phase 1 of Reference Processing: no references
[12.209s][debug][gc,ref         ] GC(23) Skipped phase 3 of Reference Processing: no references
[12.209s][debug][gc,phases      ] GC(23) Reference Processing 0.163ms
[12.209s][debug][gc,phases      ] GC(23) Weak Processing 0.501ms
[12.209s][debug][gc,phases      ] GC(23) ClassLoaderData 0.050ms
[12.209s][debug][gc,phases      ] GC(23) Trigger cleanups 0.000ms
[12.216s][debug][gc,phases      ] GC(23) Class Unloading 6.585ms
[12.216s][info ][gc,phases      ] GC(23) Marking Phase 84.420ms
[12.216s][info ][gc,phases,start] GC(23) Summary Phase
[12.216s][info ][gc,phases      ] GC(23) Summary Phase 0.008ms
[12.216s][info ][gc,phases,start] GC(23) Adjust Roots
[12.230s][info ][gc,phases      ] GC(23) Adjust Roots 13.509ms
[12.230s][info ][gc,phases,start] GC(23) Compaction Phase
[12.435s][info ][gc,phases      ] GC(23) Compaction Phase 204.975ms
[12.435s][info ][gc,phases,start] GC(23) Post Compact
[12.435s][info ][gc,phases      ] GC(23) Post Compact 0.726ms
[12.435s][info ][gc,heap        ] GC(23) PSYoungGen: 40454K(1592320K)->40303K(1592320K) Eden: 0K(1551360K)->0K(1551360K) From: 40454K(40960K)->40303K(40960K)
[12.435s][info ][gc,heap        ] GC(23) ParOldGen: 161246K(161280K)->160855K(252416K)
[12.436s][info ][gc,metaspace   ] GC(23) Metaspace: 61408K(61952K)->61408K(61952K) NonClass: 52531K(52800K)->52531K(52800K) Class: 8877K(9152K)->8877K(9152K)
[12.436s][info ][gc             ] GC(23) Pause Full (Ergonomics) 196M->196M(1801M) 303.915ms
[12.436s][info ][gc,cpu         ] GC(23) User=1.08s Sys=0.00s Real=0.30s
[12.436s][info ][safepoint      ] Safepoint "ParallelGCFailedAllocation", Time since last: 295808495 ns, Reaching safepoint: 199714 ns, At safepoint: 401691616 ns, Total: 401891330 ns
[12.801s][info ][gc,start       ] GC(24) Pause Young (Allocation Failure)
[12.855s][debug][gc,phases      ] GC(24) Scavenge 53.892ms
[12.855s][debug][gc,ref         ] GC(24) Skipped phase 1 of Reference Processing: no references
[12.855s][debug][gc,ref         ] GC(24) Skipped phase 3 of Reference Processing: no references
[12.855s][debug][gc,phases      ] GC(24) Reference Processing 0.101ms
[12.856s][debug][gc,phases      ] GC(24) Weak Processing 0.611ms
[12.856s][debug][gc,age         ] GC(24) Desired survivor size 287834112 bytes, new threshold 15 (max threshold 15)
[12.856s][info ][gc,heap        ] GC(24) PSYoungGen: 1591663K(1592320K)->62495K(1814016K) Eden: 1551360K(1551360K)->0K(1534976K) From: 40303K(40960K)->62495K(279040K)
[12.856s][info ][gc,heap        ] GC(24) ParOldGen: 160855K(252416K)->162055K(252416K)
[12.856s][info ][gc,metaspace   ] GC(24) Metaspace: 62082K(62656K)->62082K(62656K) NonClass: 53115K(53440K)->53115K(53440K) Class: 8966K(9216K)->8966K(9216K)
[12.856s][info ][gc             ] GC(24) Pause Young (Allocation Failure) 1711M->219M(2018M) 54.754ms
[12.856s][info ][gc,cpu         ] GC(24) User=0.25s Sys=0.01s Real=0.05s
[12.856s][info ][safepoint      ] Safepoint "ParallelGCFailedAllocation", Time since last: 365501882 ns, Reaching safepoint: 187013 ns, At safepoint: 54868490 ns, Total: 55055503 ns
[13.199s][info ][gc,start       ] GC(25) Pause Young (Allocation Failure)
[13.249s][debug][gc,phases      ] GC(25) Scavenge 49.358ms
[13.249s][debug][gc,ref         ] GC(25) Skipped phase 1 of Reference Processing: no references
[13.249s][debug][gc,ref         ] GC(25) Skipped phase 3 of Reference Processing: no references
[13.249s][debug][gc,phases      ] GC(25) Reference Processing 0.087ms
[13.249s][debug][gc,phases      ] GC(25) Weak Processing 0.681ms
[13.249s][debug][gc,age         ] GC(25) Desired survivor size 282066944 bytes, new threshold 15 (max threshold 15)
[13.249s][info ][gc,heap        ] GC(25) PSYoungGen: 1597471K(1814016K)->92528K(1816064K) Eden: 1534976K(1534976K)->0K(1534976K) From: 62495K(279040K)->92528K(281088K)
[13.250s][info ][gc,heap        ] GC(25) ParOldGen: 162055K(252416K)->172002K(252416K)
[13.250s][info ][gc,metaspace   ] GC(25) Metaspace: 62367K(62912K)->62367K(62912K) NonClass: 53376K(53696K)->53376K(53696K) Class: 8991K(9216K)->8991K(9216K)
[13.250s][info ][gc             ] GC(25) Pause Young (Allocation Failure) 1718M->258M(2020M) 50.266ms
[13.250s][info ][gc,cpu         ] GC(25) User=0.20s Sys=0.00s Real=0.05s
[13.250s][info ][safepoint      ] Safepoint "ParallelGCFailedAllocation", Time since last: 342899562 ns, Reaching safepoint: 145610 ns, At safepoint: 50355087 ns, Total: 50500697 ns
[13.539s][info ][gc,start       ] GC(26) Pause Young (Allocation Failure)
[13.582s][debug][gc,phases      ] GC(26) Scavenge 43.201ms
[13.582s][debug][gc,ref         ] GC(26) Skipped phase 1 of Reference Processing: no references
[13.582s][debug][gc,ref         ] GC(26) Skipped phase 3 of Reference Processing: no references
[13.583s][debug][gc,phases      ] GC(26) Reference Processing 0.095ms
[13.583s][debug][gc,phases      ] GC(26) Weak Processing 0.660ms
[13.583s][debug][gc,age         ] GC(26) Desired survivor size 275775488 bytes, new threshold 15 (max threshold 15)
[13.583s][info ][gc,heap        ] GC(26) PSYoungGen: 1627504K(1816064K)->90608K(1827840K) Eden: 1534976K(1534976K)->0K(1552384K) From: 92528K(281088K)->90608K(275456K)
[13.583s][info ][gc,heap        ] GC(26) ParOldGen: 172002K(252416K)->176578K(252416K)
[13.583s][info ][gc,metaspace   ] GC(26) Metaspace: 63035K(63616K)->63035K(63616K) NonClass: 53948K(54272K)->53948K(54272K) Class: 9087K(9344K)->9087K(9344K)
[13.583s][info ][gc             ] GC(26) Pause Young (Allocation Failure) 1757M->260M(2031M) 44.112ms
[13.583s][info ][gc,cpu         ] GC(26) User=0.18s Sys=0.00s Real=0.04s
[13.583s][info ][safepoint      ] Safepoint "ParallelGCFailedAllocation", Time since last: 289290356 ns, Reaching safepoint: 231916 ns, At safepoint: 44232275 ns, Total: 44464191 ns
[13.946s][info ][gc,start       ] GC(27) Pause Young (Allocation Failure)
[13.996s][debug][gc,phases      ] GC(27) Scavenge 49.153ms
[13.996s][debug][gc,ref         ] GC(27) Skipped phase 1 of Reference Processing: no references
[13.996s][debug][gc,ref         ] GC(27) Skipped phase 3 of Reference Processing: no references
[13.996s][debug][gc,phases      ] GC(27) Reference Processing 0.094ms
[13.996s][debug][gc,phases      ] GC(27) Weak Processing 0.600ms
[13.996s][debug][gc,age         ] GC(27) Desired survivor size 268435456 bytes, new threshold 15 (max threshold 15)
[13.996s][info ][gc,heap        ] GC(27) PSYoungGen: 1642992K(1827840K)->92672K(1821696K) Eden: 1552384K(1552384K)->0K(1552384K) From: 90608K(275456K)->92672K(269312K)
[13.996s][info ][gc,heap        ] GC(27) ParOldGen: 176578K(252416K)->184758K(252416K)
[13.996s][info ][gc,metaspace   ] GC(27) Metaspace: 63294K(63872K)->63294K(63872K) NonClass: 54207K(54528K)->54207K(54528K) Class: 9087K(9344K)->9087K(9344K)
[13.996s][info ][gc             ] GC(27) Pause Young (Allocation Failure) 1776M->270M(2025M) 49.984ms
[13.996s][info ][gc,cpu         ] GC(27) User=0.20s Sys=0.01s Real=0.04s
[13.996s][info ][safepoint      ] Safepoint "ParallelGCFailedAllocation", Time since last: 362774198 ns, Reaching safepoint: 286919 ns, At safepoint: 50093469 ns, Total: 50380388 ns
[14.333s][info ][gc,start       ] GC(28) Pause Young (Allocation Failure)
[14.375s][debug][gc,phases      ] GC(28) Scavenge 42.362ms
[14.375s][debug][gc,ref         ] GC(28) Skipped phase 1 of Reference Processing: no references
[14.375s][debug][gc,ref         ] GC(28) Skipped phase 3 of Reference Processing: no references
[14.375s][debug][gc,phases      ] GC(28) Reference Processing 0.098ms
[14.376s][debug][gc,phases      ] GC(28) Weak Processing 0.560ms
[14.376s][debug][gc,age         ] GC(28) Desired survivor size 259522560 bytes, new threshold 15 (max threshold 15)
[14.376s][info ][gc,heap        ] GC(28) PSYoungGen: 1645056K(1821696K)->101664K(1843712K) Eden: 1552384K(1552384K)->0K(1581568K) From: 92672K(269312K)->101664K(262144K)
[14.376s][info ][gc,heap        ] GC(28) ParOldGen: 184758K(252416K)->185894K(252416K)
[14.376s][info ][gc,metaspace   ] GC(28) Metaspace: 63436K(64000K)->63436K(64000K) NonClass: 54341K(54656K)->54341K(54656K) Class: 9095K(9344K)->9095K(9344K)
[14.376s][info ][gc             ] GC(28) Pause Young (Allocation Failure) 1786M->280M(2047M) 43.157ms
[14.376s][info ][gc,cpu         ] GC(28) User=0.17s Sys=0.00s Real=0.04s
[14.376s][info ][safepoint      ] Safepoint "ParallelGCFailedAllocation", Time since last: 336078503 ns, Reaching safepoint: 179712 ns, At safepoint: 43255410 ns, Total: 43435122 ns
[14.684s][info ][gc,start       ] GC(29) Pause Young (Allocation Failure)
[14.723s][debug][gc,phases      ] GC(29) Scavenge 38.988ms
[14.723s][debug][gc,ref         ] GC(29) Skipped phase 1 of Reference Processing: no references
[14.723s][debug][gc,ref         ] GC(29) Skipped phase 3 of Reference Processing: no references
[14.723s][debug][gc,phases      ] GC(29) Reference Processing 0.104ms
[14.724s][debug][gc,phases      ] GC(29) Weak Processing 0.564ms
[14.724s][debug][gc,age         ] GC(29) Desired survivor size 250085376 bytes, new threshold 15 (max threshold 15)
[14.724s][info ][gc,heap        ] GC(29) PSYoungGen: 1683232K(1843712K)->102336K(1835008K) Eden: 1581568K(1581568K)->0K(1581568K) From: 101664K(262144K)->102336K(253440K)
[14.724s][info ][gc,heap        ] GC(29) ParOldGen: 185894K(252416K)->187370K(252416K)
[14.724s][info ][gc,metaspace   ] GC(29) Metaspace: 63462K(64000K)->63462K(64000K) NonClass: 54367K(54656K)->54367K(54656K) Class: 9095K(9344K)->9095K(9344K)
[14.724s][info ][gc             ] GC(29) Pause Young (Allocation Failure) 1825M->282M(2038M) 39.807ms
[14.724s][info ][gc,cpu         ] GC(29) User=0.15s Sys=0.00s Real=0.04s
[14.724s][info ][safepoint      ] Safepoint "ParallelGCFailedAllocation", Time since last: 307655191 ns, Reaching safepoint: 198413 ns, At safepoint: 39922885 ns, Total: 40121298 ns
[15.012s][info ][gc,start       ] GC(30) Pause Young (Allocation Failure)
[15.048s][debug][gc,phases      ] GC(30) Scavenge 35.436ms
[15.048s][debug][gc,ref         ] GC(30) Skipped phase 1 of Reference Processing: no references
[15.048s][debug][gc,ref         ] GC(30) Skipped phase 3 of Reference Processing: no references
[15.048s][debug][gc,phases      ] GC(30) Reference Processing 0.090ms
[15.049s][debug][gc,phases      ] GC(30) Weak Processing 0.569ms
[15.049s][debug][gc,age         ] GC(30) Desired survivor size 242221056 bytes, new threshold 15 (max threshold 15)
[15.049s][info ][gc,heap        ] GC(30) PSYoungGen: 1683904K(1835008K)->97920K(1860608K) Eden: 1581568K(1581568K)->0K(1616384K) From: 102336K(253440K)->97920K(244224K)
[15.049s][info ][gc,heap        ] GC(30) ParOldGen: 187370K(252416K)->188170K(252416K)
[15.049s][info ][gc,metaspace   ] GC(30) Metaspace: 63593K(64128K)->63593K(64128K) NonClass: 54484K(54784K)->54484K(54784K) Class: 9109K(9344K)->9109K(9344K)
[15.049s][info ][gc             ] GC(30) Pause Young (Allocation Failure) 1827M->279M(2063M) 36.274ms
[15.049s][info ][gc,cpu         ] GC(30) User=0.14s Sys=0.00s Real=0.04s
[15.049s][info ][safepoint      ] Safepoint "ParallelGCFailedAllocation", Time since last: 288333492 ns, Reaching safepoint: 163511 ns, At safepoint: 36393748 ns, Total: 36557259 ns
[15.340s][info ][gc,start       ] GC(31) Pause Young (Allocation Failure)
[15.367s][debug][gc,phases      ] GC(31) Scavenge 26.951ms
[15.367s][debug][gc,ref         ] GC(31) Skipped phase 1 of Reference Processing: no references
[15.367s][debug][gc,ref         ] GC(31) Skipped phase 3 of Reference Processing: no references
[15.367s][debug][gc,phases      ] GC(31) Reference Processing 0.070ms
[15.368s][debug][gc,phases      ] GC(31) Weak Processing 0.560ms
[15.368s][debug][gc,age         ] GC(31) Desired survivor size 235929600 bytes, new threshold 15 (max threshold 15)
[15.368s][info ][gc,heap        ] GC(31) PSYoungGen: 1714304K(1860608K)->87984K(1852928K) Eden: 1616384K(1616384K)->0K(1616384K) From: 97920K(244224K)->87984K(236544K)
[15.368s][info ][gc,heap        ] GC(31) ParOldGen: 188170K(252416K)->188914K(252416K)
[15.368s][info ][gc,metaspace   ] GC(31) Metaspace: 63616K(64192K)->63616K(64192K) NonClass: 54507K(54848K)->54507K(54848K) Class: 9109K(9344K)->9109K(9344K)
[15.368s][info ][gc             ] GC(31) Pause Young (Allocation Failure) 1857M->270M(2056M) 27.719ms
[15.368s][info ][gc,cpu         ] GC(31) User=0.11s Sys=0.00s Real=0.03s
[15.368s][info ][safepoint      ] Safepoint "ParallelGCFailedAllocation", Time since last: 290899464 ns, Reaching safepoint: 325022 ns, At safepoint: 27844873 ns, Total: 28169895 ns
[15.673s][info ][gc,start       ] GC(32) Pause Young (Allocation Failure)
[15.693s][debug][gc,phases      ] GC(32) Scavenge 20.344ms
[15.693s][debug][gc,ref         ] GC(32) Skipped phase 1 of Reference Processing: no references
[15.694s][debug][gc,ref         ] GC(32) Skipped phase 3 of Reference Processing: no references
[15.694s][debug][gc,phases      ] GC(32) Reference Processing 0.091ms
[15.694s][debug][gc,phases      ] GC(32) Weak Processing 0.629ms
[15.694s][debug][gc,age         ] GC(32) Desired survivor size 231735296 bytes, new threshold 15 (max threshold 15)
[15.694s][info ][gc,heap        ] GC(32) PSYoungGen: 1704368K(1852928K)->75952K(1870848K) Eden: 1616384K(1616384K)->0K(1640448K) From: 87984K(236544K)->75952K(230400K)
[15.694s][info ][gc,heap        ] GC(32) ParOldGen: 188914K(252416K)->190138K(252416K)
[15.694s][info ][gc,metaspace   ] GC(32) Metaspace: 64048K(64640K)->64048K(64640K) NonClass: 54865K(55232K)->54865K(55232K) Class: 9182K(9408K)->9182K(9408K)
[15.694s][info ][gc             ] GC(32) Pause Young (Allocation Failure) 1848M->259M(2073M) 21.234ms
[15.694s][info ][gc,cpu         ] GC(32) User=0.10s Sys=0.00s Real=0.02s
[15.694s][info ][safepoint      ] Safepoint "ParallelGCFailedAllocation", Time since last: 305003713 ns, Reaching safepoint: 221214 ns, At safepoint: 21368738 ns, Total: 21589952 ns
[15.958s][info ][safepoint      ] Safepoint "ICBufferFull", Time since last: 263832843 ns, Reaching safepoint: 238516 ns, At safepoint: 30802 ns, Total: 269318 ns
[15.986s][info ][safepoint      ] Safepoint "ICBufferFull", Time since last: 27461647 ns, Reaching safepoint: 149910 ns, At safepoint: 26102 ns, Total: 176012 ns
[15.996s][info ][safepoint      ] Safepoint "ICBufferFull", Time since last: 10070177 ns, Reaching safepoint: 130409 ns, At safepoint: 20702 ns, Total: 151111 ns
[15.998s][info ][safepoint      ] Safepoint "ICBufferFull", Time since last: 1339190 ns, Reaching safepoint: 92706 ns, At safepoint: 19501 ns, Total: 112207 ns
[16.032s][info ][safepoint      ] Safepoint "ICBufferFull", Time since last: 33763571 ns, Reaching safepoint: 153410 ns, At safepoint: 24402 ns, Total: 177812 ns
[16.046s][info ][safepoint      ] Safepoint "ICBufferFull", Time since last: 9577844 ns, Reaching safepoint: 4281488 ns, At safepoint: 33002 ns, Total: 4314490 ns
[16.054s][info ][safepoint      ] Safepoint "ICBufferFull", Time since last: 8707886 ns, Reaching safepoint: 135909 ns, At safepoint: 26402 ns, Total: 162311 ns
[16.059s][info ][safepoint      ] Safepoint "ICBufferFull", Time since last: 4503003 ns, Reaching safepoint: 133809 ns, At safepoint: 21001 ns, Total: 154810 ns
[16.074s][info ][safepoint      ] Safepoint "ICBufferFull", Time since last: 14500275 ns, Reaching safepoint: 139110 ns, At safepoint: 26301 ns, Total: 165411 ns
[16.077s][info ][safepoint      ] Safepoint "ICBufferFull", Time since last: 2803189 ns, Reaching safepoint: 78005 ns, At safepoint: 22602 ns, Total: 100607 ns
[16.104s][info ][safepoint      ] Safepoint "ICBufferFull", Time since last: 26852706 ns, Reaching safepoint: 128008 ns, At safepoint: 26202 ns, Total: 154210 ns
[16.107s][info ][safepoint      ] Safepoint "ICBufferFull", Time since last: 3197115 ns, Reaching safepoint: 120308 ns, At safepoint: 21102 ns, Total: 141410 ns
[16.119s][info ][gc,start       ] GC(33) Pause Young (Allocation Failure)
[16.135s][debug][gc,phases      ] GC(33) Scavenge 15.725ms
[16.135s][debug][gc,ref         ] GC(33) Skipped phase 1 of Reference Processing: no references
[16.135s][debug][gc,ref         ] GC(33) Skipped phase 3 of Reference Processing: no references
[16.135s][debug][gc,phases      ] GC(33) Reference Processing 0.133ms
[16.136s][debug][gc,phases      ] GC(33) Weak Processing 0.613ms
[16.136s][debug][gc,age         ] GC(33) Desired survivor size 229113856 bytes, new threshold 15 (max threshold 15)
[16.136s][info ][gc,heap        ] GC(33) PSYoungGen: 1716400K(1870848K)->62176K(1866752K) Eden: 1640448K(1640448K)->0K(1640448K) From: 75952K(230400K)->62176K(226304K)
[16.136s][info ][gc,heap        ] GC(33) ParOldGen: 190138K(252416K)->191850K(252416K)
[16.136s][info ][gc,metaspace   ] GC(33) Metaspace: 65133K(65664K)->65133K(65664K) NonClass: 55824K(56128K)->55824K(56128K) Class: 9309K(9536K)->9309K(9536K)
[16.136s][info ][gc             ] GC(33) Pause Young (Allocation Failure) 1861M->248M(2069M) 16.635ms
[16.136s][info ][gc,cpu         ] GC(33) User=0.07s Sys=0.00s Real=0.01s
[16.136s][info ][safepoint      ] Safepoint "ParallelGCFailedAllocation", Time since last: 12017708 ns, Reaching safepoint: 122608 ns, At safepoint: 16760127 ns, Total: 16882735 ns
[16.149s][info ][safepoint      ] Safepoint "ICBufferFull", Time since last: 12939970 ns, Reaching safepoint: 140210 ns, At safepoint: 27002 ns, Total: 167212 ns
[16.166s][info ][safepoint      ] Safepoint "ICBufferFull", Time since last: 16736925 ns, Reaching safepoint: 125309 ns, At safepoint: 27402 ns, Total: 152711 ns
[16.168s][info ][safepoint      ] Safepoint "ICBufferFull", Time since last: 2372159 ns, Reaching safepoint: 107307 ns, At safepoint: 30102 ns, Total: 137409 ns
[16.176s][info ][safepoint      ] Safepoint "ICBufferFull", Time since last: 7055675 ns, Reaching safepoint: 130709 ns, At safepoint: 23401 ns, Total: 154110 ns
[16.198s][info ][safepoint      ] Safepoint "ICBufferFull", Time since last: 17663688 ns, Reaching safepoint: 4442099 ns, At safepoint: 44103 ns, Total: 4486202 ns
[16.206s][info ][safepoint      ] Safepoint "ICBufferFull", Time since last: 8199451 ns, Reaching safepoint: 153111 ns, At safepoint: 26902 ns, Total: 180013 ns
[16.209s][info ][safepoint      ] Safepoint "ICBufferFull", Time since last: 2322456 ns, Reaching safepoint: 86706 ns, At safepoint: 25601 ns, Total: 112307 ns
[16.226s][info ][safepoint      ] Safepoint "ICBufferFull", Time since last: 16994143 ns, Reaching safepoint: 118808 ns, At safepoint: 27802 ns, Total: 146610 ns
[16.229s][info ][safepoint      ] Safepoint "ICBufferFull", Time since last: 2977000 ns, Reaching safepoint: 112408 ns, At safepoint: 33302 ns, Total: 145710 ns
[16.273s][info ][safepoint      ] Safepoint "ICBufferFull", Time since last: 41587297 ns, Reaching safepoint: 2181147 ns, At safepoint: 30702 ns, Total: 2211849 ns
[16.275s][info ][safepoint      ] Safepoint "ICBufferFull", Time since last: 1769919 ns, Reaching safepoint: 179812 ns, At safepoint: 25102 ns, Total: 204914 ns
[16.276s][info ][safepoint      ] Safepoint "ICBufferFull", Time since last: 1694313 ns, Reaching safepoint: 113308 ns, At safepoint: 31202 ns, Total: 144510 ns
[16.374s][info ][safepoint      ] Safepoint "ICBufferFull", Time since last: 97377249 ns, Reaching safepoint: 138010 ns, At safepoint: 19801 ns, Total: 157811 ns
[16.442s][info ][safepoint      ] Safepoint "ICBufferFull", Time since last: 67836562 ns, Reaching safepoint: 173112 ns, At safepoint: 16601 ns, Total: 189713 ns
[16.505s][info ][safepoint      ] Safepoint "ICBufferFull", Time since last: 62545806 ns, Reaching safepoint: 226716 ns, At safepoint: 24801 ns, Total: 251517 ns
[16.524s][info ][gc,start       ] GC(34) Pause Young (Allocation Failure)
[16.543s][debug][gc,phases      ] GC(34) Scavenge 19.106ms
[16.543s][debug][gc,ref         ] GC(34) Skipped phase 1 of Reference Processing: no references
[16.543s][debug][gc,ref         ] GC(34) Skipped phase 3 of Reference Processing: no references
[16.543s][debug][gc,phases      ] GC(34) Reference Processing 0.090ms
[16.544s][debug][gc,phases      ] GC(34) Weak Processing 0.829ms
[16.544s][debug][gc,age         ] GC(34) Desired survivor size 225968128 bytes, new threshold 15 (max threshold 15)
[16.544s][info ][gc,heap        ] GC(34) PSYoungGen: 1702624K(1866752K)->58480K(1876480K) Eden: 1640448K(1640448K)->0K(1652736K) From: 62176K(226304K)->58480K(223744K)
[16.544s][info ][gc,heap        ] GC(34) ParOldGen: 191850K(252416K)->195738K(252416K)
[16.544s][info ][gc,metaspace   ] GC(34) Metaspace: 65270K(65792K)->65270K(65792K) NonClass: 55960K(56256K)->55960K(56256K) Class: 9309K(9536K)->9309K(9536K)
[16.544s][info ][gc             ] GC(34) Pause Young (Allocation Failure) 1850M->248M(2079M) 20.200ms
[16.544s][info ][gc,cpu         ] GC(34) User=0.06s Sys=0.00s Real=0.02s
[16.544s][info ][safepoint      ] Safepoint "ParallelGCFailedAllocation", Time since last: 18638654 ns, Reaching safepoint: 204414 ns, At safepoint: 20308465 ns, Total: 20512879 ns
[16.566s][info ][safepoint      ] Safepoint "ICBufferFull", Time since last: 22242596 ns, Reaching safepoint: 137209 ns, At safepoint: 26602 ns, Total: 163811 ns
[16.633s][info ][safepoint      ] Safepoint "ICBufferFull", Time since last: 63050341 ns, Reaching safepoint: 3241718 ns, At safepoint: 35202 ns, Total: 3276920 ns
[16.669s][info ][safepoint      ] Safepoint "ICBufferFull", Time since last: 35392480 ns, Reaching safepoint: 1114275 ns, At safepoint: 26002 ns, Total: 1140277 ns
[16.700s][info ][safepoint      ] Safepoint "ICBufferFull", Time since last: 30117626 ns, Reaching safepoint: 154810 ns, At safepoint: 25702 ns, Total: 180512 ns
[16.736s][info ][safepoint      ] Safepoint "ICBufferFull", Time since last: 36699068 ns, Reaching safepoint: 215314 ns, At safepoint: 28302 ns, Total: 243616 ns
[16.759s][info ][safepoint      ] Safepoint "ICBufferFull", Time since last: 22166491 ns, Reaching safepoint: 125308 ns, At safepoint: 18002 ns, Total: 143310 ns
[16.794s][info ][safepoint      ] Safepoint "ICBufferFull", Time since last: 31551922 ns, Reaching safepoint: 3218316 ns, At safepoint: 36302 ns, Total: 3254618 ns
[16.821s][info ][safepoint      ] Safepoint "ICBufferFull", Time since last: 23162958 ns, Reaching safepoint: 4305690 ns, At safepoint: 24701 ns, Total: 4330391 ns
[16.859s][info ][safepoint      ] Safepoint "ICBufferFull", Time since last: 37077494 ns, Reaching safepoint: 1128976 ns, At safepoint: 25002 ns, Total: 1153978 ns
[16.911s][info ][safepoint      ] Safepoint "ICBufferFull", Time since last: 51791983 ns, Reaching safepoint: 114608 ns, At safepoint: 30002 ns, Total: 144610 ns
[16.951s][info ][safepoint      ] Safepoint "ICBufferFull", Time since last: 36804475 ns, Reaching safepoint: 3160012 ns, At safepoint: 31902 ns, Total: 3191914 ns
[17.071s][info ][gc,start       ] GC(35) Pause Young (Allocation Failure)
[17.085s][debug][gc,phases      ] GC(35) Scavenge 13.696ms
[17.085s][debug][gc,ref         ] GC(35) Skipped phase 1 of Reference Processing: no references
[17.085s][debug][gc,ref         ] GC(35) Skipped phase 3 of Reference Processing: no references
[17.085s][debug][gc,phases      ] GC(35) Reference Processing 0.112ms
[17.086s][debug][gc,phases      ] GC(35) Weak Processing 0.655ms
[17.086s][debug][gc,age         ] GC(35) Desired survivor size 221773824 bytes, new threshold 15 (max threshold 15)
[17.086s][info ][gc,heap        ] GC(35) PSYoungGen: 1711216K(1876480K)->56464K(1873408K) Eden: 1652736K(1652736K)->0K(1652736K) From: 58480K(223744K)->56464K(220672K)
[17.086s][info ][gc,heap        ] GC(35) ParOldGen: 195738K(252416K)->197906K(252416K)
[17.086s][info ][gc,metaspace   ] GC(35) Metaspace: 65547K(66048K)->65547K(66048K) NonClass: 56237K(56512K)->56237K(56512K) Class: 9310K(9536K)->9310K(9536K)
[17.086s][info ][gc             ] GC(35) Pause Young (Allocation Failure) 1862M->248M(2076M) 14.590ms
[17.086s][info ][gc,cpu         ] GC(35) User=0.06s Sys=0.00s Real=0.02s
[17.086s][info ][safepoint      ] Safepoint "ParallelGCFailedAllocation", Time since last: 119524539 ns, Reaching safepoint: 160311 ns, At safepoint: 14715489 ns, Total: 14875800 ns
[17.449s][info ][gc,start       ] GC(36) Pause Young (Allocation Failure)
[17.464s][debug][gc,phases      ] GC(36) Scavenge 15.482ms
[17.464s][debug][gc,ref         ] GC(36) Skipped phase 1 of Reference Processing: no references
[17.464s][debug][gc,ref         ] GC(36) Skipped phase 3 of Reference Processing: no references
[17.464s][debug][gc,phases      ] GC(36) Reference Processing 0.067ms
[17.465s][debug][gc,phases      ] GC(36) Weak Processing 0.808ms
[17.465s][debug][gc,age         ] GC(36) Desired survivor size 217055232 bytes, new threshold 15 (max threshold 15)
[17.465s][info ][gc,heap        ] GC(36) PSYoungGen: 1709200K(1873408K)->55872K(1885184K) Eden: 1652736K(1652736K)->0K(1668608K) From: 56464K(220672K)->55872K(216576K)
[17.465s][info ][gc,heap        ] GC(36) ParOldGen: 197906K(252416K)->198682K(252416K)
[17.465s][info ][gc,metaspace   ] GC(36) Metaspace: 65635K(66240K)->65635K(66240K) NonClass: 56325K(56704K)->56325K(56704K) Class: 9310K(9536K)->9310K(9536K)
[17.465s][info ][gc             ] GC(36) Pause Young (Allocation Failure) 1862M->248M(2087M) 16.495ms
[17.465s][info ][gc,cpu         ] GC(36) User=0.06s Sys=0.00s Real=0.02s
[17.465s][info ][safepoint      ] Safepoint "ParallelGCFailedAllocation", Time since last: 359850902 ns, Reaching safepoint: 3265019 ns, At safepoint: 16617418 ns, Total: 19882437 ns
[17.829s][info ][gc,start       ] GC(37) Pause Young (Allocation Failure)
[17.841s][debug][gc,phases      ] GC(37) Scavenge 12.280ms
[17.841s][debug][gc,ref         ] GC(37) Skipped phase 1 of Reference Processing: no references
[17.841s][debug][gc,ref         ] GC(37) Skipped phase 3 of Reference Processing: no references
[17.841s][debug][gc,phases      ] GC(37) Reference Processing 0.052ms
[17.842s][debug][gc,phases      ] GC(37) Weak Processing 0.709ms
[17.842s][debug][gc,age         ] GC(37) Desired survivor size 211812352 bytes, new threshold 15 (max threshold 15)
[17.842s][info ][gc,heap        ] GC(37) PSYoungGen: 1724480K(1885184K)->55328K(1880576K) Eden: 1668608K(1668608K)->0K(1668608K) From: 55872K(216576K)->55328K(211968K)
[17.842s][info ][gc,heap        ] GC(37) ParOldGen: 198682K(252416K)->199262K(252416K)
[17.842s][info ][gc,metaspace   ] GC(37) Metaspace: 65733K(66304K)->65733K(66304K) NonClass: 56423K(56768K)->56423K(56768K) Class: 9310K(9536K)->9310K(9536K)
[17.842s][info ][gc             ] GC(37) Pause Young (Allocation Failure) 1878M->248M(2083M) 13.189ms
[17.842s][info ][gc,cpu         ] GC(37) User=0.05s Sys=0.00s Real=0.01s
[17.842s][info ][safepoint      ] Safepoint "ParallelGCFailedAllocation", Time since last: 363172024 ns, Reaching safepoint: 103807 ns, At safepoint: 13292894 ns, Total: 13396701 ns
[18.211s][info ][gc,start       ] GC(38) Pause Young (Allocation Failure)
[18.224s][debug][gc,phases      ] GC(38) Scavenge 12.439ms
[18.224s][debug][gc,ref         ] GC(38) Skipped phase 1 of Reference Processing: no references
[18.224s][debug][gc,ref         ] GC(38) Skipped phase 3 of Reference Processing: no references
[18.224s][debug][gc,phases      ] GC(38) Reference Processing 0.063ms
[18.225s][debug][gc,phases      ] GC(38) Weak Processing 0.599ms
[18.225s][debug][gc,age         ] GC(38) Desired survivor size 206569472 bytes, new threshold 15 (max threshold 15)
[18.225s][info ][gc,heap        ] GC(38) PSYoungGen: 1723936K(1880576K)->53392K(1895424K) Eden: 1668608K(1668608K)->0K(1688576K) From: 55328K(211968K)->53392K(206848K)
[18.225s][info ][gc,heap        ] GC(38) ParOldGen: 199262K(252416K)->201385K(252416K)
[18.225s][info ][gc,metaspace   ] GC(38) Metaspace: 65771K(66368K)->65771K(66368K) NonClass: 56460K(56832K)->56460K(56832K) Class: 9310K(9536K)->9310K(9536K)
[18.225s][info ][gc             ] GC(38) Pause Young (Allocation Failure) 1878M->248M(2097M) 13.265ms
[18.225s][info ][gc,cpu         ] GC(38) User=0.05s Sys=0.00s Real=0.02s
[18.225s][info ][safepoint      ] Safepoint "ParallelGCFailedAllocation", Time since last: 369134125 ns, Reaching safepoint: 190413 ns, At safepoint: 13374600 ns, Total: 13565013 ns
[18.649s][info ][safepoint      ] Safepoint "ICBufferFull", Time since last: 421353637 ns, Reaching safepoint: 3300622 ns, At safepoint: 37603 ns, Total: 3338225 ns
[18.660s][info ][gc,start       ] GC(39) Pause Young (Allocation Failure)
[18.674s][debug][gc,phases      ] GC(39) Scavenge 13.629ms
[18.674s][debug][gc,ref         ] GC(39) Skipped phase 1 of Reference Processing: no references
[18.674s][debug][gc,ref         ] GC(39) Skipped phase 3 of Reference Processing: no references
[18.674s][debug][gc,phases      ] GC(39) Reference Processing 0.067ms
[18.675s][debug][gc,phases      ] GC(39) Weak Processing 0.617ms
[18.675s][debug][gc,age         ] GC(39) Desired survivor size 201326592 bytes, new threshold 15 (max threshold 15)
[18.675s][info ][gc,heap        ] GC(39) PSYoungGen: 1741968K(1895424K)->49648K(1890304K) Eden: 1688576K(1688576K)->0K(1688576K) From: 53392K(206848K)->49648K(201728K)
[18.675s][info ][gc,heap        ] GC(39) ParOldGen: 201385K(252416K)->205727K(252416K)
[18.675s][info ][gc,metaspace   ] GC(39) Metaspace: 67690K(68224K)->67690K(68224K) NonClass: 58054K(58368K)->58054K(58368K) Class: 9635K(9856K)->9635K(9856K)
[18.675s][info ][gc             ] GC(39) Pause Young (Allocation Failure) 1897M->249M(2092M) 14.433ms
[18.675s][info ][gc,cpu         ] GC(39) User=0.05s Sys=0.00s Real=0.01s
[18.675s][info ][safepoint      ] Safepoint "ParallelGCFailedAllocation", Time since last: 10868630 ns, Reaching safepoint: 213815 ns, At safepoint: 14551778 ns, Total: 14765593 ns
[18.997s][info ][safepoint      ] Safepoint "ICBufferFull", Time since last: 321195802 ns, Reaching safepoint: 501133 ns, At safepoint: 30302 ns, Total: 531435 ns
[19.073s][info ][gc,start       ] GC(40) Pause Young (Allocation Failure)
[19.085s][debug][gc,phases      ] GC(40) Scavenge 12.172ms
[19.085s][debug][gc,ref         ] GC(40) Skipped phase 1 of Reference Processing: no references
[19.085s][debug][gc,ref         ] GC(40) Skipped phase 3 of Reference Processing: no references
[19.085s][debug][gc,phases      ] GC(40) Reference Processing 0.080ms
[19.086s][debug][gc,phases      ] GC(40) Weak Processing 0.623ms
[19.086s][debug][gc,age         ] GC(40) Desired survivor size 195035136 bytes, new threshold 15 (max threshold 15)
[19.086s][info ][gc,heap        ] GC(40) PSYoungGen: 1738224K(1890304K)->50848K(1906688K) Eden: 1688575K(1688576K)->0K(1710080K) From: 49648K(201728K)->50848K(196608K)
[19.086s][info ][gc,heap        ] GC(40) ParOldGen: 205727K(252416K)->206219K(252416K)
[19.086s][info ][gc,metaspace   ] GC(40) Metaspace: 69453K(70080K)->69453K(70080K) NonClass: 59625K(59968K)->59625K(59968K) Class: 9827K(10112K)->9827K(10112K)
[19.086s][info ][gc             ] GC(40) Pause Young (Allocation Failure) 1898M->251M(2108M) 12.993ms
[19.086s][info ][gc,cpu         ] GC(40) User=0.05s Sys=0.00s Real=0.02s
[19.086s][info ][safepoint      ] Safepoint "ParallelGCFailedAllocation", Time since last: 75550881 ns, Reaching safepoint: 339523 ns, At safepoint: 13104982 ns, Total: 13444505 ns
[19.443s][info ][safepoint      ] Safepoint "ICBufferFull", Time since last: 357161219 ns, Reaching safepoint: 192613 ns, At safepoint: 31102 ns, Total: 223715 ns
[19.466s][info ][gc,start       ] GC(41) Pause Young (Allocation Failure)
[19.478s][debug][gc,phases      ] GC(41) Scavenge 12.570ms
[19.478s][debug][gc,ref         ] GC(41) Skipped phase 1 of Reference Processing: no references
[19.478s][debug][gc,ref         ] GC(41) Skipped phase 3 of Reference Processing: no references
[19.478s][debug][gc,phases      ] GC(41) Reference Processing 0.060ms
[19.479s][debug][gc,phases      ] GC(41) Weak Processing 0.615ms
[19.479s][debug][gc,age         ] GC(41) Desired survivor size 188743680 bytes, new threshold 15 (max threshold 15)
[19.479s][info ][gc,heap        ] GC(41) PSYoungGen: 1760928K(1906688K)->50037K(1900544K) Eden: 1710080K(1710080K)->0K(1710080K) From: 50848K(196608K)->50037K(190464K)
[19.479s][info ][gc,heap        ] GC(41) ParOldGen: 206219K(252416K)->207827K(252416K)
[19.479s][info ][gc,metaspace   ] GC(41) Metaspace: 71744K(72384K)->71744K(72384K) NonClass: 61609K(61952K)->61609K(61952K) Class: 10134K(10432K)->10134K(10432K)
[19.479s][info ][gc             ] GC(41) Pause Young (Allocation Failure) 1921M->251M(2102M) 13.371ms
[19.479s][info ][gc,cpu         ] GC(41) User=0.05s Sys=0.01s Real=0.01s
[19.479s][info ][safepoint      ] Safepoint "ParallelGCFailedAllocation", Time since last: 22315401 ns, Reaching safepoint: 189913 ns, At safepoint: 13489607 ns, Total: 13679520 ns
[19.710s][info ][safepoint      ] Safepoint "ICBufferFull", Time since last: 230398395 ns, Reaching safepoint: 217415 ns, At safepoint: 27601 ns, Total: 245016 ns
[19.822s][info ][gc,start       ] GC(42) Pause Young (Allocation Failure)
[19.835s][debug][gc,phases      ] GC(42) Scavenge 13.520ms
[19.835s][debug][gc,ref         ] GC(42) Skipped phase 1 of Reference Processing: no references
[19.835s][debug][gc,ref         ] GC(42) Skipped phase 3 of Reference Processing: no references
[19.835s][debug][gc,phases      ] GC(42) Reference Processing 0.053ms
[19.836s][debug][gc,phases      ] GC(42) Weak Processing 0.623ms
[19.836s][debug][gc,age         ] GC(42) Desired survivor size 183500800 bytes, new threshold 15 (max threshold 15)
[19.836s][info ][gc,heap        ] GC(42) PSYoungGen: 1760117K(1900544K)->44229K(1917952K) Eden: 1710080K(1710080K)->0K(1733632K) From: 50037K(190464K)->44229K(184320K)
[19.836s][info ][gc,heap        ] GC(42) ParOldGen: 207827K(252416K)->215053K(252416K)
[19.836s][info ][gc,metaspace   ] GC(42) Metaspace: 73142K(73792K)->73142K(73792K) NonClass: 62843K(63168K)->62843K(63168K) Class: 10298K(10624K)->10298K(10624K)
[19.836s][info ][gc             ] GC(42) Pause Young (Allocation Failure) 1921M->253M(2119M) 14.340ms
[19.836s][info ][gc,cpu         ] GC(42) User=0.04s Sys=0.03s Real=0.01s
[19.836s][info ][safepoint      ] Safepoint "ParallelGCFailedAllocation", Time since last: 111726514 ns, Reaching safepoint: 205114 ns, At safepoint: 14455872 ns, Total: 14660986 ns
[19.932s][info ][safepoint      ] Safepoint "ICBufferFull", Time since last: 95540626 ns, Reaching safepoint: 274518 ns, At safepoint: 38703 ns, Total: 313221 ns
[20.135s][info ][safepoint      ] Safepoint "ICBufferFull", Time since last: 202191797 ns, Reaching safepoint: 742450 ns, At safepoint: 31702 ns, Total: 774152 ns
[20.245s][info ][safepoint      ] Safepoint "ICBufferFull", Time since last: 107158707 ns, Reaching safepoint: 3340025 ns, At safepoint: 37902 ns, Total: 3377927 ns
[20.259s][info ][gc,start       ] GC(43) Pause Young (Allocation Failure)
[20.275s][debug][gc,phases      ] GC(43) Scavenge 15.687ms
[20.275s][debug][gc,ref         ] GC(43) Skipped phase 1 of Reference Processing: no references
[20.275s][debug][gc,ref         ] GC(43) Skipped phase 3 of Reference Processing: no references
[20.275s][debug][gc,phases      ] GC(43) Reference Processing 0.080ms
[20.275s][debug][gc,phases      ] GC(43) Weak Processing 0.608ms
[20.275s][debug][gc,age         ] GC(43) Desired survivor size 176160768 bytes, new threshold 15 (max threshold 15)
[20.275s][info ][gc,heap        ] GC(43) PSYoungGen: 1777861K(1917952K)->53906K(1912832K) Eden: 1733632K(1733632K)->0K(1733632K) From: 44229K(184320K)->53906K(179200K)
[20.275s][info ][gc,heap        ] GC(43) ParOldGen: 215053K(252416K)->225329K(252416K)
[20.275s][info ][gc,metaspace   ] GC(43) Metaspace: 74080K(74688K)->74080K(74688K) NonClass: 63664K(64000K)->63664K(64000K) Class: 10416K(10688K)->10416K(10688K)
[20.275s][info ][gc             ] GC(43) Pause Young (Allocation Failure) 1946M->272M(2114M) 16.513ms
[20.275s][info ][gc,cpu         ] GC(43) User=0.04s Sys=0.03s Real=0.01s
[20.276s][info ][safepoint      ] Safepoint "ParallelGCFailedAllocation", Time since last: 13320896 ns, Reaching safepoint: 100807 ns, At safepoint: 16627218 ns, Total: 16728025 ns
[20.585s][info ][safepoint      ] Safepoint "ICBufferFull", Time since last: 308863472 ns, Reaching safepoint: 217214 ns, At safepoint: 36403 ns, Total: 253617 ns
[20.665s][info ][gc,start       ] GC(44) Pause Young (Allocation Failure)
[20.676s][debug][gc,phases      ] GC(44) Scavenge 11.396ms
[20.676s][debug][gc,ref         ] GC(44) Skipped phase 1 of Reference Processing: no references
[20.676s][debug][gc,ref         ] GC(44) Skipped phase 3 of Reference Processing: no references
[20.676s][debug][gc,phases      ] GC(44) Reference Processing 0.075ms
[20.677s][debug][gc,phases      ] GC(44) Weak Processing 0.636ms
[20.677s][debug][gc,age         ] GC(44) Desired survivor size 170917888 bytes, new threshold 15 (max threshold 15)
[20.677s][info ][gc,heap        ] GC(44) PSYoungGen: 1787538K(1912832K)->43948K(1930240K) Eden: 1733632K(1733632K)->0K(1758208K) From: 53906K(179200K)->43948K(172032K)
[20.677s][info ][gc,heap        ] GC(44) ParOldGen: 225329K(252416K)->233730K(252416K)
[20.677s][info ][gc,metaspace   ] GC(44) Metaspace: 74374K(75008K)->74374K(75008K) NonClass: 63939K(64256K)->63939K(64256K) Class: 10435K(10752K)->10435K(10752K)
[20.677s][info ][gc             ] GC(44) Pause Young (Allocation Failure) 1965M->271M(2131M) 12.243ms
[20.677s][info ][gc,cpu         ] GC(44) User=0.05s Sys=0.00s Real=0.01s
[20.677s][debug][gc,phases      ] GC(45) Pre Compact 0.009ms
[20.677s][info ][gc,start       ] GC(45) Pause Full (Ergonomics)
[20.677s][info ][gc,phases,start] GC(45) Marking Phase
[20.772s][debug][gc,phases      ] GC(45) Par Mark 95.055ms
[20.772s][debug][gc,ref         ] GC(45) Skipped phase 1 of Reference Processing: no references
[20.772s][debug][gc,ref         ] GC(45) Skipped phase 3 of Reference Processing: no references
[20.772s][debug][gc,phases      ] GC(45) Reference Processing 0.177ms
[20.773s][debug][gc,phases      ] GC(45) Weak Processing 0.585ms
[20.773s][debug][gc,phases      ] GC(45) ClassLoaderData 0.064ms
[20.773s][debug][gc,phases      ] GC(45) Trigger cleanups 0.000ms
[20.785s][debug][gc,phases      ] GC(45) Class Unloading 11.951ms
[20.785s][info ][gc,phases      ] GC(45) Marking Phase 107.933ms
[20.785s][info ][gc,phases,start] GC(45) Summary Phase
[20.785s][info ][gc,phases      ] GC(45) Summary Phase 0.009ms
[20.785s][info ][gc,phases,start] GC(45) Adjust Roots
[20.805s][info ][gc,phases      ] GC(45) Adjust Roots 20.131ms
[20.805s][info ][gc,phases,start] GC(45) Compaction Phase
[20.975s][info ][gc,phases      ] GC(45) Compaction Phase 169.537ms
[20.975s][info ][gc,phases,start] GC(45) Post Compact
[20.976s][info ][gc,phases      ] GC(45) Post Compact 1.175ms
[20.976s][info ][gc,heap        ] GC(45) PSYoungGen: 43948K(1930240K)->20840K(1930240K) Eden: 0K(1758208K)->0K(1758208K) From: 43948K(172032K)->20840K(172032K)
[20.976s][info ][gc,heap        ] GC(45) ParOldGen: 233730K(252416K)->252321K(325120K)
[20.976s][info ][gc,metaspace   ] GC(45) Metaspace: 74374K(75008K)->74374K(75008K) NonClass: 63939K(64256K)->63939K(64256K) Class: 10435K(10752K)->10435K(10752K)
[20.976s][info ][gc             ] GC(45) Pause Full (Ergonomics) 271M->266M(2202M) 299.051ms
[20.976s][info ][gc,cpu         ] GC(45) User=1.07s Sys=0.00s Real=0.29s
[20.977s][info ][safepoint      ] Safepoint "ParallelGCFailedAllocation", Time since last: 79925075 ns, Reaching safepoint: 150610 ns, At safepoint: 312007283 ns, Total: 312157893 ns
[21.245s][info ][safepoint      ] Safepoint "ICBufferFull", Time since last: 268005323 ns, Reaching safepoint: 175812 ns, At safepoint: 28002 ns, Total: 203814 ns
[21.351s][info ][gc,start       ] GC(46) Pause Young (Allocation Failure)
[21.385s][debug][gc,phases      ] GC(46) Scavenge 33.638ms
[21.385s][debug][gc,ref         ] GC(46) Skipped phase 1 of Reference Processing: no references
[21.385s][debug][gc,ref         ] GC(46) Skipped phase 3 of Reference Processing: no references
[21.385s][debug][gc,phases      ] GC(46) Reference Processing 0.048ms
[21.385s][debug][gc,phases      ] GC(46) Weak Processing 0.618ms
[21.385s][debug][gc,age         ] GC(46) Desired survivor size 170393600 bytes, new threshold 15 (max threshold 15)
[21.385s][info ][gc,heap        ] GC(46) PSYoungGen: 1779048K(1930240K)->13894K(1925120K) Eden: 1758208K(1758208K)->0K(1758208K) From: 20840K(172032K)->13894K(166912K)
[21.385s][info ][gc,heap        ] GC(46) ParOldGen: 252321K(325120K)->260155K(325120K)
[21.385s][info ][gc,metaspace   ] GC(46) Metaspace: 74478K(75136K)->74478K(75136K) NonClass: 64041K(64384K)->64041K(64384K) Class: 10436K(10752K)->10436K(10752K)
[21.385s][info ][gc             ] GC(46) Pause Young (Allocation Failure) 1983M->267M(2197M) 34.470ms
[21.385s][info ][gc,cpu         ] GC(46) User=0.13s Sys=0.02s Real=0.04s
[21.385s][info ][safepoint      ] Safepoint "ParallelGCFailedAllocation", Time since last: 105660106 ns, Reaching safepoint: 159711 ns, At safepoint: 34587426 ns, Total: 34747137 ns
[21.619s][info ][safepoint      ] Safepoint "ICBufferFull", Time since last: 233547506 ns, Reaching safepoint: 136709 ns, At safepoint: 22002 ns, Total: 158711 ns
[21.768s][info ][gc,start       ] GC(47) Pause Young (Allocation Failure)
[21.775s][debug][gc,phases      ] GC(47) Scavenge 6.693ms
[21.775s][debug][gc,ref         ] GC(47) Skipped phase 1 of Reference Processing: no references
[21.775s][debug][gc,ref         ] GC(47) Skipped phase 3 of Reference Processing: no references
[21.775s][debug][gc,phases      ] GC(47) Reference Processing 0.037ms
[21.775s][debug][gc,phases      ] GC(47) Weak Processing 0.589ms
[21.775s][debug][gc,age         ] GC(47) Desired survivor size 169345024 bytes, new threshold 15 (max threshold 15)
[21.775s][info ][gc,heap        ] GC(47) PSYoungGen: 1772102K(1925120K)->9302K(1931776K) Eden: 1758208K(1758208K)->0K(1765376K) From: 13894K(166912K)->9302K(166400K)
[21.775s][info ][gc,heap        ] GC(47) ParOldGen: 260155K(325120K)->264987K(325120K)
[21.775s][info ][gc,metaspace   ] GC(47) Metaspace: 74554K(75200K)->74554K(75200K) NonClass: 64116K(64448K)->64116K(64448K) Class: 10437K(10752K)->10437K(10752K)
[21.775s][info ][gc             ] GC(47) Pause Young (Allocation Failure) 1984M->267M(2204M) 7.459ms
[21.775s][info ][gc,cpu         ] GC(47) User=0.03s Sys=0.00s Real=0.00s
[21.776s][info ][safepoint      ] Safepoint "ParallelGCFailedAllocation", Time since last: 148749103 ns, Reaching safepoint: 161811 ns, At safepoint: 7567909 ns, Total: 7729720 ns
[22.143s][info ][safepoint      ] Safepoint "ICBufferFull", Time since last: 367253698 ns, Reaching safepoint: 185112 ns, At safepoint: 26802 ns, Total: 211914 ns
[22.152s][info ][gc,start       ] GC(48) Pause Young (Allocation Failure)
[22.157s][debug][gc,phases      ] GC(48) Scavenge 5.106ms
[22.157s][debug][gc,ref         ] GC(48) Skipped phase 1 of Reference Processing: no references
[22.157s][debug][gc,ref         ] GC(48) Skipped phase 3 of Reference Processing: no references
[22.157s][debug][gc,ref         ] GC(48) Skipped phase 4 of Reference Processing: no references
[22.157s][debug][gc,phases      ] GC(48) Reference Processing 0.035ms
[22.158s][debug][gc,phases      ] GC(48) Weak Processing 0.602ms
[22.158s][debug][gc,age         ] GC(48) Desired survivor size 167772160 bytes, new threshold 15 (max threshold 15)
[22.158s][info ][gc,heap        ] GC(48) PSYoungGen: 1774678K(1931776K)->4070K(1930752K) Eden: 1765376K(1765376K)->0K(1765376K) From: 9302K(166400K)->4070K(165376K)
[22.158s][info ][gc,heap        ] GC(48) ParOldGen: 264987K(325120K)->270312K(325120K)
[22.158s][info ][gc,metaspace   ] GC(48) Metaspace: 74569K(75264K)->74569K(75264K) NonClass: 64131K(64512K)->64131K(64512K) Class: 10437K(10752K)->10437K(10752K)
[22.158s][info ][gc             ] GC(48) Pause Young (Allocation Failure) 1991M->267M(2203M) 5.893ms
[22.158s][info ][gc,cpu         ] GC(48) User=0.03s Sys=0.00s Real=0.01s
[22.158s][info ][safepoint      ] Safepoint "ParallelGCFailedAllocation", Time since last: 8632881 ns, Reaching safepoint: 62604 ns, At safepoint: 5997203 ns, Total: 6059807 ns
[22.538s][info ][gc,start       ] GC(49) Pause Young (Allocation Failure)
[22.544s][debug][gc,phases      ] GC(49) Scavenge 6.422ms
[22.544s][debug][gc,ref         ] GC(49) Skipped phase 1 of Reference Processing: no references
[22.544s][debug][gc,ref         ] GC(49) Skipped phase 3 of Reference Processing: no references
[22.544s][debug][gc,ref         ] GC(49) Skipped phase 4 of Reference Processing: no references
[22.544s][debug][gc,phases      ] GC(49) Reference Processing 0.040ms
[22.545s][debug][gc,phases      ] GC(49) Weak Processing 0.590ms
[22.545s][debug][gc,age         ] GC(49) Desired survivor size 164626432 bytes, new threshold 15 (max threshold 15)
[22.545s][info ][gc,heap        ] GC(49) PSYoungGen: 1769446K(1930752K)->4095K(1936384K) Eden: 1765376K(1765376K)->0K(1772544K) From: 4070K(165376K)->4095K(163840K)
[22.545s][info ][gc,heap        ] GC(49) ParOldGen: 270312K(325120K)->270560K(325120K)
[22.545s][info ][gc,metaspace   ] GC(49) Metaspace: 74660K(75328K)->74660K(75328K) NonClass: 64223K(64576K)->64223K(64576K) Class: 10437K(10752K)->10437K(10752K)
[22.545s][info ][gc             ] GC(49) Pause Young (Allocation Failure) 1991M->268M(2208M) 7.211ms
[22.545s][info ][gc,cpu         ] GC(49) User=0.02s Sys=0.00s Real=0.01s
[22.545s][info ][safepoint      ] Safepoint "ParallelGCFailedAllocation", Time since last: 377690900 ns, Reaching safepoint: 2203248 ns, At safepoint: 7321093 ns, Total: 9524341 ns
[22.897s][info ][gc,start       ] GC(50) Pause Young (Allocation Failure)
[22.901s][debug][gc,phases      ] GC(50) Scavenge 3.872ms
[22.901s][debug][gc,ref         ] GC(50) Skipped phase 1 of Reference Processing: no references
[22.901s][debug][gc,ref         ] GC(50) Skipped phase 3 of Reference Processing: no references
[22.901s][debug][gc,ref         ] GC(50) Skipped phase 4 of Reference Processing: no references
[22.901s][debug][gc,phases      ] GC(50) Reference Processing 0.040ms
[22.901s][debug][gc,phases      ] GC(50) Weak Processing 0.710ms
[22.901s][debug][gc,age         ] GC(50) Desired survivor size 160432128 bytes, new threshold 15 (max threshold 15)
[22.901s][info ][gc,heap        ] GC(50) PSYoungGen: 1776639K(1936384K)->4230K(1933312K) Eden: 1772544K(1772544K)->0K(1772544K) From: 4095K(163840K)->4230K(160768K)
[22.901s][info ][gc,heap        ] GC(50) ParOldGen: 270560K(325120K)->270600K(325120K)
[22.902s][info ][gc,metaspace   ] GC(50) Metaspace: 74673K(75328K)->74673K(75328K) NonClass: 64235K(64576K)->64235K(64576K) Class: 10437K(10752K)->10437K(10752K)
[22.902s][info ][gc             ] GC(50) Pause Young (Allocation Failure) 1999M->268M(2205M) 4.804ms
[22.902s][info ][gc,cpu         ] GC(50) User=0.01s Sys=0.00s Real=0.00s
[22.902s][info ][safepoint      ] Safepoint "ParallelGCFailedAllocation", Time since last: 350703385 ns, Reaching safepoint: 1081472 ns, At safepoint: 4921831 ns, Total: 6003303 ns
[23.269s][info ][gc,start       ] GC(51) Pause Young (Allocation Failure)
[23.273s][debug][gc,phases      ] GC(51) Scavenge 3.359ms
[23.273s][debug][gc,ref         ] GC(51) Skipped phase 1 of Reference Processing: no references
[23.273s][debug][gc,ref         ] GC(51) Skipped phase 3 of Reference Processing: no references
[23.273s][debug][gc,ref         ] GC(51) Skipped phase 4 of Reference Processing: no references
[23.273s][debug][gc,phases      ] GC(51) Reference Processing 0.038ms
[23.273s][debug][gc,phases      ] GC(51) Weak Processing 0.517ms
[23.273s][debug][gc,age         ] GC(51) Desired survivor size 155713536 bytes, new threshold 15 (max threshold 15)
[23.274s][info ][gc,heap        ] GC(51) PSYoungGen: 1776774K(1933312K)->4790K(1945088K) Eden: 1772544K(1772544K)->0K(1788416K) From: 4230K(160768K)->4790K(156672K)
[23.274s][info ][gc,heap        ] GC(51) ParOldGen: 270600K(325120K)->270616K(325120K)
[23.274s][info ][gc,metaspace   ] GC(51) Metaspace: 74685K(75328K)->74685K(75328K) NonClass: 64247K(64576K)->64247K(64576K) Class: 10437K(10752K)->10437K(10752K)
[23.274s][info ][gc             ] GC(51) Pause Young (Allocation Failure) 1999M->268M(2217M) 4.041ms
[23.274s][info ][gc,cpu         ] GC(51) User=0.01s Sys=0.00s Real=0.00s
[23.274s][info ][safepoint      ] Safepoint "ParallelGCFailedAllocation", Time since last: 367315902 ns, Reaching safepoint: 519835 ns, At safepoint: 4159480 ns, Total: 4679315 ns
[23.591s][info ][gc,start       ] GC(52) Pause Young (Allocation Failure)
[23.599s][debug][gc,phases      ] GC(52) Scavenge 7.375ms
[23.599s][debug][gc,ref         ] GC(52) Skipped phase 1 of Reference Processing: no references
[23.599s][debug][gc,ref         ] GC(52) Skipped phase 3 of Reference Processing: no references
[23.599s][debug][gc,ref         ] GC(52) Skipped phase 4 of Reference Processing: no references
[23.599s][debug][gc,phases      ] GC(52) Reference Processing 0.031ms
[23.599s][debug][gc,phases      ] GC(52) Weak Processing 0.607ms
[23.599s][debug][gc,age         ] GC(52) Desired survivor size 149946368 bytes, new threshold 15 (max threshold 15)
[23.599s][info ][gc,heap        ] GC(52) PSYoungGen: 1793206K(1945088K)->6326K(1940480K) Eden: 1788416K(1788416K)->0K(1788416K) From: 4790K(156672K)->6326K(152064K)
[23.599s][info ][gc,heap        ] GC(52) ParOldGen: 270616K(325120K)->270632K(325120K)
[23.599s][info ][gc,metaspace   ] GC(52) Metaspace: 74691K(75328K)->74691K(75328K) NonClass: 64253K(64576K)->64253K(64576K) Class: 10438K(10752K)->10438K(10752K)
[23.599s][info ][gc             ] GC(52) Pause Young (Allocation Failure) 2015M->270M(2212M) 8.140ms
[23.599s][info ][gc,cpu         ] GC(52) User=0.02s Sys=0.00s Real=0.01s
[23.599s][info ][safepoint      ] Safepoint "ParallelGCFailedAllocation", Time since last: 317359042 ns, Reaching safepoint: 184313 ns, At safepoint: 8263155 ns, Total: 8447468 ns
[23.958s][info ][safepoint      ] Safepoint "ICBufferFull", Time since last: 357645852 ns, Reaching safepoint: 752550 ns, At safepoint: 29802 ns, Total: 782352 ns
[23.969s][info ][gc,start       ] GC(53) Pause Young (Allocation Failure)
[23.975s][debug][gc,phases      ] GC(53) Scavenge 5.307ms
[23.975s][debug][gc,ref         ] GC(53) Skipped phase 1 of Reference Processing: no references
[23.975s][debug][gc,ref         ] GC(53) Skipped phase 3 of Reference Processing: no references
[23.975s][debug][gc,ref         ] GC(53) Skipped phase 4 of Reference Processing: no references
[23.975s][debug][gc,phases      ] GC(53) Reference Processing 0.028ms
[23.975s][debug][gc,phases      ] GC(53) Weak Processing 0.568ms
[23.975s][debug][gc,age         ] GC(53) Desired survivor size 143654912 bytes, new threshold 15 (max threshold 15)
[23.975s][info ][gc,heap        ] GC(53) PSYoungGen: 1794742K(1940480K)->6582K(1956864K) Eden: 1788416K(1788416K)->0K(1810432K) From: 6326K(152064K)->6582K(146432K)
[23.975s][info ][gc,heap        ] GC(53) ParOldGen: 270632K(325120K)->270640K(325120K)
[23.975s][info ][gc,metaspace   ] GC(53) Metaspace: 74702K(75328K)->74702K(75328K) NonClass: 64264K(64576K)->64264K(64576K) Class: 10438K(10752K)->10438K(10752K)
[23.975s][info ][gc             ] GC(53) Pause Young (Allocation Failure) 2016M->270M(2228M) 6.055ms
[23.975s][info ][gc,cpu         ] GC(53) User=0.02s Sys=0.00s Real=0.00s
[23.975s][info ][safepoint      ] Safepoint "ParallelGCFailedAllocation", Time since last: 11252257 ns, Reaching safepoint: 119308 ns, At safepoint: 6175516 ns, Total: 6294824 ns
[24.324s][info ][gc,start       ] GC(54) Pause Young (Allocation Failure)
[24.330s][debug][gc,phases      ] GC(54) Scavenge 5.816ms
[24.330s][debug][gc,ref         ] GC(54) Skipped phase 1 of Reference Processing: no references
[24.330s][debug][gc,ref         ] GC(54) Skipped phase 3 of Reference Processing: no references
[24.330s][debug][gc,ref         ] GC(54) Skipped phase 4 of Reference Processing: no references
[24.330s][debug][gc,phases      ] GC(54) Reference Processing 0.027ms
[24.330s][debug][gc,phases      ] GC(54) Weak Processing 0.579ms
[24.330s][debug][gc,age         ] GC(54) Desired survivor size 137363456 bytes, new threshold 15 (max threshold 15)
[24.331s][info ][gc,heap        ] GC(54) PSYoungGen: 1817014K(1956864K)->6726K(1950720K) Eden: 1810432K(1810432K)->0K(1810432K) From: 6582K(146432K)->6726K(140288K)
[24.331s][info ][gc,heap        ] GC(54) ParOldGen: 270640K(325120K)->270664K(325120K)
[24.331s][info ][gc,metaspace   ] GC(54) Metaspace: 74713K(75392K)->74713K(75392K) NonClass: 64275K(64640K)->64275K(64640K) Class: 10438K(10752K)->10438K(10752K)
[24.331s][info ][gc             ] GC(54) Pause Young (Allocation Failure) 2038M->270M(2222M) 6.560ms
[24.331s][info ][gc,cpu         ] GC(54) User=0.01s Sys=0.01s Real=0.01s
[24.331s][info ][safepoint      ] Safepoint "ParallelGCFailedAllocation", Time since last: 348439632 ns, Reaching safepoint: 99107 ns, At safepoint: 6664348 ns, Total: 6763455 ns
[24.677s][info ][gc,start       ] GC(55) Pause Young (Allocation Failure)
[24.682s][debug][gc,phases      ] GC(55) Scavenge 5.439ms
[24.682s][debug][gc,ref         ] GC(55) Skipped phase 1 of Reference Processing: no references
[24.682s][debug][gc,ref         ] GC(55) Skipped phase 3 of Reference Processing: no references
[24.682s][debug][gc,ref         ] GC(55) Skipped phase 4 of Reference Processing: no references
[24.682s][debug][gc,phases      ] GC(55) Reference Processing 0.027ms
[24.683s][debug][gc,phases      ] GC(55) Weak Processing 0.526ms
[24.683s][debug][gc,age         ] GC(55) Desired survivor size 131072000 bytes, new threshold 15 (max threshold 15)
[24.683s][info ][gc,heap        ] GC(55) PSYoungGen: 1817158K(1950720K)->6806K(1969152K) Eden: 1810432K(1810432K)->0K(1835008K) From: 6726K(140288K)->6806K(134144K)
[24.683s][info ][gc,heap        ] GC(55) ParOldGen: 270664K(325120K)->270792K(325120K)
[24.683s][info ][gc,metaspace   ] GC(55) Metaspace: 74733K(75392K)->74733K(75392K) NonClass: 64295K(64640K)->64295K(64640K) Class: 10438K(10752K)->10438K(10752K)
[24.683s][info ][gc             ] GC(55) Pause Young (Allocation Failure) 2038M->271M(2240M) 6.127ms
[24.683s][info ][gc,cpu         ] GC(55) User=0.02s Sys=0.00s Real=0.00s
[24.683s][info ][safepoint      ] Safepoint "ParallelGCFailedAllocation", Time since last: 346013369 ns, Reaching safepoint: 188713 ns, At safepoint: 6243919 ns, Total: 6432632 ns
[25.091s][info ][gc,start       ] GC(56) Pause Young (Allocation Failure)
[25.096s][debug][gc,phases      ] GC(56) Scavenge 5.587ms
[25.096s][debug][gc,ref         ] GC(56) Skipped phase 1 of Reference Processing: no references
[25.096s][debug][gc,ref         ] GC(56) Skipped phase 3 of Reference Processing: no references
[25.096s][debug][gc,ref         ] GC(56) Skipped phase 4 of Reference Processing: no references
[25.096s][debug][gc,phases      ] GC(56) Reference Processing 0.054ms
[25.097s][debug][gc,phases      ] GC(56) Weak Processing 0.579ms
[25.097s][debug][gc,age         ] GC(56) Desired survivor size 124780544 bytes, new threshold 15 (max threshold 15)
[25.097s][info ][gc,heap        ] GC(56) PSYoungGen: 1841814K(1969152K)->5983K(1963008K) Eden: 1835008K(1835008K)->0K(1835008K) From: 6806K(134144K)->5983K(128000K)
[25.097s][info ][gc,heap        ] GC(56) ParOldGen: 270792K(325120K)->271936K(325120K)
[25.097s][info ][gc,metaspace   ] GC(56) Metaspace: 74768K(75392K)->74768K(75392K) NonClass: 64330K(64640K)->64330K(64640K) Class: 10438K(10752K)->10438K(10752K)
[25.097s][info ][gc             ] GC(56) Pause Young (Allocation Failure) 2063M->271M(2234M) 6.361ms
[25.097s][info ][gc,cpu         ] GC(56) User=0.02s Sys=0.00s Real=0.01s
[25.097s][info ][safepoint      ] Safepoint "ParallelGCFailedAllocation", Time since last: 407489604 ns, Reaching safepoint: 105807 ns, At safepoint: 6460034 ns, Total: 6565841 ns
[25.428s][info ][gc,start       ] GC(57) Pause Young (Allocation Failure)
[25.433s][debug][gc,phases      ] GC(57) Scavenge 5.706ms
[25.433s][debug][gc,ref         ] GC(57) Skipped phase 1 of Reference Processing: no references
[25.433s][debug][gc,ref         ] GC(57) Skipped phase 3 of Reference Processing: no references
[25.433s][debug][gc,ref         ] GC(57) Skipped phase 4 of Reference Processing: no references
[25.433s][debug][gc,phases      ] GC(57) Reference Processing 0.027ms
[25.434s][debug][gc,phases      ] GC(57) Weak Processing 0.571ms
[25.434s][debug][gc,age         ] GC(57) Desired survivor size 118489088 bytes, new threshold 15 (max threshold 15)
[25.434s][info ][gc,heap        ] GC(57) PSYoungGen: 1840991K(1963008K)->5914K(1981440K) Eden: 1835008K(1835008K)->0K(1859584K) From: 5983K(128000K)->5914K(121856K)
[25.434s][info ][gc,heap        ] GC(57) ParOldGen: 271936K(325120K)->272526K(325120K)
[25.434s][info ][gc,metaspace   ] GC(57) Metaspace: 74785K(75392K)->74785K(75392K) NonClass: 64346K(64640K)->64346K(64640K) Class: 10439K(10752K)->10439K(10752K)
[25.434s][info ][gc             ] GC(57) Pause Young (Allocation Failure) 2063M->271M(2252M) 6.434ms
[25.434s][info ][gc,cpu         ] GC(57) User=0.02s Sys=0.00s Real=0.00s
[25.434s][info ][safepoint      ] Safepoint "ParallelGCFailedAllocation", Time since last: 330385418 ns, Reaching safepoint: 113108 ns, At safepoint: 6537739 ns, Total: 6650847 ns
[25.762s][info ][gc,start       ] GC(58) Pause Young (Allocation Failure)
[25.769s][debug][gc,phases      ] GC(58) Scavenge 6.992ms
[25.769s][debug][gc,ref         ] GC(58) Skipped phase 1 of Reference Processing: no references
[25.769s][debug][gc,ref         ] GC(58) Skipped phase 3 of Reference Processing: no references
[25.769s][debug][gc,ref         ] GC(58) Skipped phase 4 of Reference Processing: no references
[25.769s][debug][gc,phases      ] GC(58) Reference Processing 0.024ms
[25.770s][debug][gc,phases      ] GC(58) Weak Processing 0.555ms
[25.770s][debug][gc,age         ] GC(58) Desired survivor size 112197632 bytes, new threshold 15 (max threshold 15)
[25.770s][info ][gc,heap        ] GC(58) PSYoungGen: 1865498K(1981440K)->6368K(1975296K) Eden: 1859584K(1859584K)->0K(1859584K) From: 5914K(121856K)->6368K(115712K)
[25.770s][info ][gc,heap        ] GC(58) ParOldGen: 272526K(325120K)->272927K(325120K)
[25.770s][info ][gc,metaspace   ] GC(58) Metaspace: 74798K(75392K)->74798K(75392K) NonClass: 64359K(64640K)->64359K(64640K) Class: 10439K(10752K)->10439K(10752K)
[25.770s][info ][gc             ] GC(58) Pause Young (Allocation Failure) 2087M->272M(2246M) 7.706ms
[25.770s][info ][gc,cpu         ] GC(58) User=0.03s Sys=0.00s Real=0.01s
[25.770s][info ][safepoint      ] Safepoint "ParallelGCFailedAllocation", Time since last: 328063662 ns, Reaching safepoint: 162011 ns, At safepoint: 7811926 ns, Total: 7973937 ns
[26.117s][info ][gc,start       ] GC(59) Pause Young (Allocation Failure)
[26.125s][debug][gc,phases      ] GC(59) Scavenge 7.540ms
[26.125s][debug][gc,ref         ] GC(59) Skipped phase 1 of Reference Processing: no references
[26.125s][debug][gc,ref         ] GC(59) Skipped phase 3 of Reference Processing: no references
[26.125s][debug][gc,phases      ] GC(59) Reference Processing 0.037ms
[26.125s][debug][gc,phases      ] GC(59) Weak Processing 0.550ms
[26.125s][debug][gc,age         ] GC(59) Desired survivor size 105906176 bytes, new threshold 15 (max threshold 15)
[26.125s][info ][gc,heap        ] GC(59) PSYoungGen: 1865952K(1975296K)->6976K(1993728K) Eden: 1859584K(1859584K)->0K(1884160K) From: 6368K(115712K)->6976K(109568K)
[26.125s][info ][gc,heap        ] GC(59) ParOldGen: 272927K(325120K)->273375K(325120K)
[26.125s][info ][gc,metaspace   ] GC(59) Metaspace: 74820K(75520K)->74820K(75520K) NonClass: 64380K(64768K)->64380K(64768K) Class: 10440K(10752K)->10440K(10752K)
[26.125s][info ][gc             ] GC(59) Pause Young (Allocation Failure) 2088M->273M(2264M) 8.283ms
[26.125s][info ][gc,cpu         ] GC(59) User=0.02s Sys=0.00s Real=0.01s
[26.125s][info ][safepoint      ] Safepoint "ParallelGCFailedAllocation", Time since last: 346613809 ns, Reaching safepoint: 173811 ns, At safepoint: 8400365 ns, Total: 8574176 ns
[26.553s][info ][safepoint      ] Safepoint "ICBufferFull", Time since last: 427737565 ns, Reaching safepoint: 188313 ns, At safepoint: 24901 ns, Total: 213214 ns
[26.562s][info ][gc,start       ] GC(60) Pause Young (Allocation Failure)
[26.569s][debug][gc,phases      ] GC(60) Scavenge 7.319ms
[26.569s][debug][gc,ref         ] GC(60) Skipped phase 1 of Reference Processing: no references
[26.569s][debug][gc,ref         ] GC(60) Skipped phase 3 of Reference Processing: no references
[26.569s][debug][gc,ref         ] GC(60) Skipped phase 4 of Reference Processing: no references
[26.570s][debug][gc,phases      ] GC(60) Reference Processing 0.038ms
[26.570s][debug][gc,phases      ] GC(60) Weak Processing 0.528ms
[26.570s][debug][gc,age         ] GC(60) Desired survivor size 99614720 bytes, new threshold 15 (max threshold 15)
[26.570s][info ][gc,heap        ] GC(60) PSYoungGen: 1891136K(1993728K)->8096K(1987584K) Eden: 1884160K(1884160K)->0K(1884160K) From: 6976K(109568K)->8096K(103424K)
[26.570s][info ][gc,heap        ] GC(60) ParOldGen: 273375K(325120K)->273627K(325120K)
[26.570s][info ][gc,metaspace   ] GC(60) Metaspace: 74832K(75520K)->74832K(75520K) NonClass: 64391K(64768K)->64391K(64768K) Class: 10440K(10752K)->10440K(10752K)
[26.570s][info ][gc             ] GC(60) Pause Young (Allocation Failure) 2113M->275M(2258M) 8.017ms
[26.570s][info ][gc,cpu         ] GC(60) User=0.03s Sys=0.00s Real=0.01s
[26.570s][info ][safepoint      ] Safepoint "ParallelGCFailedAllocation", Time since last: 8596378 ns, Reaching safepoint: 136610 ns, At safepoint: 8136847 ns, Total: 8273457 ns
[26.929s][info ][gc,start       ] GC(61) Pause Young (Allocation Failure)
[26.937s][debug][gc,phases      ] GC(61) Scavenge 7.566ms
[26.937s][debug][gc,ref         ] GC(61) Skipped phase 1 of Reference Processing: no references
[26.937s][debug][gc,ref         ] GC(61) Skipped phase 3 of Reference Processing: no references
[26.937s][debug][gc,ref         ] GC(61) Skipped phase 4 of Reference Processing: no references
[26.937s][debug][gc,phases      ] GC(61) Reference Processing 0.023ms
[26.938s][debug][gc,phases      ] GC(61) Weak Processing 0.557ms
[26.938s][debug][gc,age         ] GC(61) Desired survivor size 93847552 bytes, new threshold 15 (max threshold 15)
[26.938s][info ][gc,heap        ] GC(61) PSYoungGen: 1892256K(1987584K)->8128K(2005504K) Eden: 1884160K(1884160K)->0K(1908224K) From: 8096K(103424K)->8128K(97280K)
[26.938s][info ][gc,heap        ] GC(61) ParOldGen: 273627K(325120K)->274103K(325120K)
[26.938s][info ][gc,metaspace   ] GC(61) Metaspace: 74833K(75520K)->74833K(75520K) NonClass: 64393K(64768K)->64393K(64768K) Class: 10440K(10752K)->10440K(10752K)
[26.938s][info ][gc             ] GC(61) Pause Young (Allocation Failure) 2115M->275M(2276M) 8.297ms
[26.938s][info ][gc,cpu         ] GC(61) User=0.03s Sys=0.00s Real=0.01s
[26.938s][info ][safepoint      ] Safepoint "ParallelGCFailedAllocation", Time since last: 359071246 ns, Reaching safepoint: 162811 ns, At safepoint: 8436268 ns, Total: 8599079 ns
[27.065s][info ][safepoint      ] Safepoint "ICBufferFull", Time since last: 126602013 ns, Reaching safepoint: 268818 ns, At safepoint: 23402 ns, Total: 292220 ns
[27.422s][info ][gc,start       ] GC(62) Pause Young (Allocation Failure)
[27.437s][debug][gc,phases      ] GC(62) Scavenge 14.738ms
[27.437s][debug][gc,ref         ] GC(62) Skipped phase 1 of Reference Processing: no references
[27.437s][debug][gc,ref         ] GC(62) Skipped phase 2 of Reference Processing: no references
[27.437s][debug][gc,ref         ] GC(62) Skipped phase 3 of Reference Processing: no references
[27.437s][debug][gc,ref         ] GC(62) Skipped phase 4 of Reference Processing: no references
[27.437s][debug][gc,phases      ] GC(62) Reference Processing 0.023ms
[27.438s][debug][gc,phases      ] GC(62) Weak Processing 0.565ms
[27.438s][debug][gc,age         ] GC(62) Desired survivor size 86507520 bytes, new threshold 15 (max threshold 15)
[27.438s][info ][gc,heap        ] GC(62) PSYoungGen: 1916352K(2005504K)->16960K(1999872K) Eden: 1908224K(1908224K)->0K(1908224K) From: 8128K(97280K)->16960K(91648K)
[27.438s][info ][gc,heap        ] GC(62) ParOldGen: 274103K(325120K)->274279K(325120K)
[27.438s][info ][gc,metaspace   ] GC(62) Metaspace: 74840K(75520K)->74840K(75520K) NonClass: 64400K(64768K)->64400K(64768K) Class: 10440K(10752K)->10440K(10752K)
[27.438s][info ][gc             ] GC(62) Pause Young (Allocation Failure) 2139M->284M(2270M) 15.475ms
[27.438s][info ][gc,cpu         ] GC(62) User=0.06s Sys=0.00s Real=0.02s
[27.438s][info ][safepoint      ] Safepoint "ParallelGCFailedAllocation", Time since last: 357322229 ns, Reaching safepoint: 164811 ns, At safepoint: 15584948 ns, Total: 15749759 ns
[27.824s][info ][gc,start       ] GC(63) Pause Young (Allocation Failure)
[27.836s][debug][gc,phases      ] GC(63) Scavenge 12.068ms
[27.836s][debug][gc,ref         ] GC(63) Skipped phase 1 of Reference Processing: no references
[27.836s][debug][gc,ref         ] GC(63) Skipped phase 2 of Reference Processing: no references
[27.836s][debug][gc,ref         ] GC(63) Skipped phase 3 of Reference Processing: no references
[27.836s][debug][gc,ref         ] GC(63) Skipped phase 4 of Reference Processing: no references
[27.836s][debug][gc,phases      ] GC(63) Reference Processing 0.022ms
[27.836s][debug][gc,phases      ] GC(63) Weak Processing 0.547ms
[27.836s][debug][gc,age         ] GC(63) Desired survivor size 79691776 bytes, new threshold 15 (max threshold 15)
[27.836s][info ][gc,heap        ] GC(63) PSYoungGen: 1925184K(1999872K)->17920K(2019328K) Eden: 1908224K(1908224K)->0K(1934848K) From: 16960K(91648K)->17920K(84480K)
[27.836s][info ][gc,heap        ] GC(63) ParOldGen: 274279K(325120K)->274487K(325120K)
[27.836s][info ][gc,metaspace   ] GC(63) Metaspace: 74841K(75520K)->74841K(75520K) NonClass: 64400K(64768K)->64400K(64768K) Class: 10440K(10752K)->10440K(10752K)
[27.836s][info ][gc             ] GC(63) Pause Young (Allocation Failure) 2147M->285M(2289M) 12.764ms
[27.836s][info ][gc,cpu         ] GC(63) User=0.04s Sys=0.00s Real=0.01s
[27.837s][info ][safepoint      ] Safepoint "ParallelGCFailedAllocation", Time since last: 385651234 ns, Reaching safepoint: 163711 ns, At safepoint: 12879766 ns, Total: 13043477 ns
[28.245s][info ][gc,start       ] GC(64) Pause Young (Allocation Failure)
[28.258s][debug][gc,phases      ] GC(64) Scavenge 12.432ms
[28.258s][debug][gc,ref         ] GC(64) Skipped phase 1 of Reference Processing: no references
[28.258s][debug][gc,ref         ] GC(64) Skipped phase 2 of Reference Processing: no references
[28.258s][debug][gc,ref         ] GC(64) Skipped phase 3 of Reference Processing: no references
[28.258s][debug][gc,ref         ] GC(64) Skipped phase 4 of Reference Processing: no references
[28.258s][debug][gc,phases      ] GC(64) Reference Processing 0.022ms
[28.258s][debug][gc,phases      ] GC(64) Weak Processing 0.539ms
[28.258s][debug][gc,age         ] GC(64) Desired survivor size 73400320 bytes, new threshold 15 (max threshold 15)
[28.258s][info ][gc,heap        ] GC(64) PSYoungGen: 1952768K(2019328K)->17984K(2012672K) Eden: 1934848K(1934848K)->0K(1934848K) From: 17920K(84480K)->17984K(77824K)
[28.258s][info ][gc,heap        ] GC(64) ParOldGen: 274487K(325120K)->274695K(325120K)
[28.258s][info ][gc,metaspace   ] GC(64) Metaspace: 74841K(75520K)->74841K(75520K) NonClass: 64400K(64768K)->64400K(64768K) Class: 10440K(10752K)->10440K(10752K)
[28.258s][info ][gc             ] GC(64) Pause Young (Allocation Failure) 2175M->285M(2283M) 13.144ms
[28.258s][info ][gc,cpu         ] GC(64) User=0.04s Sys=0.00s Real=0.01s
[28.258s][info ][safepoint      ] Safepoint "ParallelGCFailedAllocation", Time since last: 408451368 ns, Reaching safepoint: 60604 ns, At safepoint: 13251691 ns, Total: 13312295 ns
[28.633s][info ][gc,start       ] GC(65) Pause Young (Allocation Failure)
[28.647s][debug][gc,phases      ] GC(65) Scavenge 14.484ms
[28.647s][debug][gc,ref         ] GC(65) Skipped phase 1 of Reference Processing: no references
[28.647s][debug][gc,ref         ] GC(65) Skipped phase 2 of Reference Processing: no references
[28.647s][debug][gc,ref         ] GC(65) Skipped phase 3 of Reference Processing: no references
[28.647s][debug][gc,ref         ] GC(65) Skipped phase 4 of Reference Processing: no references
[28.647s][debug][gc,phases      ] GC(65) Reference Processing 0.021ms
[28.648s][debug][gc,phases      ] GC(65) Weak Processing 0.567ms
[28.648s][debug][gc,age         ] GC(65) Desired survivor size 68157440 bytes, new threshold 15 (max threshold 15)
[28.648s][info ][gc,heap        ] GC(65) PSYoungGen: 1952832K(2012672K)->18080K(2030592K) Eden: 1934848K(1934848K)->0K(1958912K) From: 17984K(77824K)->18080K(71680K)
[28.648s][info ][gc,heap        ] GC(65) ParOldGen: 274695K(325120K)->274895K(325120K)
[28.648s][info ][gc,metaspace   ] GC(65) Metaspace: 74869K(75520K)->74869K(75520K) NonClass: 64429K(64768K)->64429K(64768K) Class: 10440K(10752K)->10440K(10752K)
[28.648s][info ][gc             ] GC(65) Pause Young (Allocation Failure) 2175M->286M(2300M) 15.198ms
[28.648s][info ][gc,cpu         ] GC(65) User=0.05s Sys=0.01s Real=0.02s
[28.648s][info ][safepoint      ] Safepoint "ParallelGCFailedAllocation", Time since last: 371269667 ns, Reaching safepoint: 3223316 ns, At safepoint: 15307330 ns, Total: 18530646 ns
[29.034s][info ][gc,start       ] GC(66) Pause Young (Allocation Failure)
[29.047s][debug][gc,phases      ] GC(66) Scavenge 12.616ms
[29.047s][debug][gc,ref         ] GC(66) Skipped phase 1 of Reference Processing: no references
[29.047s][debug][gc,ref         ] GC(66) Skipped phase 2 of Reference Processing: no references
[29.047s][debug][gc,ref         ] GC(66) Skipped phase 3 of Reference Processing: no references
[29.047s][debug][gc,ref         ] GC(66) Skipped phase 4 of Reference Processing: no references
[29.047s][debug][gc,phases      ] GC(66) Reference Processing 0.036ms
[29.048s][debug][gc,phases      ] GC(66) Weak Processing 0.578ms
[29.048s][debug][gc,age         ] GC(66) Desired survivor size 63438848 bytes, new threshold 15 (max threshold 15)
[29.048s][info ][gc,heap        ] GC(66) PSYoungGen: 1976992K(2030592K)->17888K(2025472K) Eden: 1958912K(1958912K)->0K(1958912K) From: 18080K(71680K)->17888K(66560K)
[29.048s][info ][gc,heap        ] GC(66) ParOldGen: 274895K(325120K)->275399K(325120K)
[29.048s][info ][gc,metaspace   ] GC(66) Metaspace: 74902K(75584K)->74902K(75584K) NonClass: 64462K(64832K)->64462K(64832K) Class: 10440K(10752K)->10440K(10752K)
[29.048s][info ][gc             ] GC(66) Pause Young (Allocation Failure) 2199M->286M(2295M) 13.368ms
[29.048s][info ][gc,cpu         ] GC(66) User=0.04s Sys=0.00s Real=0.02s
[29.048s][info ][safepoint      ] Safepoint "ParallelGCFailedAllocation", Time since last: 386154767 ns, Reaching safepoint: 118908 ns, At safepoint: 13484007 ns, Total: 13602915 ns
[29.440s][info ][gc,start       ] GC(67) Pause Young (Allocation Failure)
[29.453s][debug][gc,phases      ] GC(67) Scavenge 13.535ms
[29.454s][debug][gc,ref         ] GC(67) Skipped phase 1 of Reference Processing: no references
[29.454s][debug][gc,ref         ] GC(67) Skipped phase 2 of Reference Processing: no references
[29.454s][debug][gc,ref         ] GC(67) Skipped phase 3 of Reference Processing: no references
[29.454s][debug][gc,ref         ] GC(67) Skipped phase 4 of Reference Processing: no references
[29.454s][debug][gc,phases      ] GC(67) Reference Processing 0.024ms
[29.454s][debug][gc,phases      ] GC(67) Weak Processing 0.729ms
[29.454s][debug][gc,age         ] GC(67) Desired survivor size 59244544 bytes, new threshold 15 (max threshold 15)
[29.454s][info ][gc,heap        ] GC(67) PSYoungGen: 1976800K(2025472K)->16544K(2039296K) Eden: 1958912K(1958912K)->0K(1977344K) From: 17888K(66560K)->16544K(61952K)
[29.454s][info ][gc,heap        ] GC(67) ParOldGen: 275399K(325120K)->276999K(325120K)
[29.454s][info ][gc,metaspace   ] GC(67) Metaspace: 74924K(75584K)->74924K(75584K) NonClass: 64483K(64832K)->64483K(64832K) Class: 10440K(10752K)->10440K(10752K)
[29.454s][info ][gc             ] GC(67) Pause Young (Allocation Failure) 2199M->286M(2309M) 14.442ms
[29.454s][info ][gc,cpu         ] GC(67) User=0.06s Sys=0.00s Real=0.01s
[29.454s][info ][safepoint      ] Safepoint "ParallelGCFailedAllocation", Time since last: 391708141 ns, Reaching safepoint: 289019 ns, At safepoint: 14564380 ns, Total: 14853399 ns
[29.842s][info ][gc,start       ] GC(68) Pause Young (Allocation Failure)
[29.855s][debug][gc,phases      ] GC(68) Scavenge 12.870ms
[29.855s][debug][gc,ref         ] GC(68) Skipped phase 1 of Reference Processing: no references
[29.855s][debug][gc,ref         ] GC(68) Skipped phase 2 of Reference Processing: no references
[29.855s][debug][gc,ref         ] GC(68) Skipped phase 3 of Reference Processing: no references
[29.855s][debug][gc,ref         ] GC(68) Skipped phase 4 of Reference Processing: no references
[29.855s][debug][gc,phases      ] GC(68) Reference Processing 0.023ms
[29.856s][debug][gc,phases      ] GC(68) Weak Processing 0.583ms
[29.856s][debug][gc,age         ] GC(68) Desired survivor size 55050240 bytes, new threshold 15 (max threshold 15)
[29.856s][info ][gc,heap        ] GC(68) PSYoungGen: 1993888K(2039296K)->16736K(2035200K) Eden: 1977344K(1977344K)->0K(1977344K) From: 16544K(61952K)->16736K(57856K)
[29.856s][info ][gc,heap        ] GC(68) ParOldGen: 276999K(325120K)->277247K(325120K)
[29.856s][info ][gc,metaspace   ] GC(68) Metaspace: 74943K(75584K)->74943K(75584K) NonClass: 64501K(64832K)->64501K(64832K) Class: 10441K(10752K)->10441K(10752K)
[29.856s][info ][gc             ] GC(68) Pause Young (Allocation Failure) 2217M->287M(2305M) 13.611ms
[29.856s][info ][gc,cpu         ] GC(68) User=0.04s Sys=0.00s Real=0.01s
[29.856s][info ][safepoint      ] Safepoint "ParallelGCFailedAllocation", Time since last: 387658068 ns, Reaching safepoint: 180913 ns, At safepoint: 13733223 ns, Total: 13914136 ns
[30.256s][info ][gc,start       ] GC(69) Pause Young (Allocation Failure)
[30.268s][debug][gc,phases      ] GC(69) Scavenge 12.226ms
[30.268s][debug][gc,ref         ] GC(69) Skipped phase 1 of Reference Processing: no references
[30.268s][debug][gc,ref         ] GC(69) Skipped phase 2 of Reference Processing: no references
[30.268s][debug][gc,ref         ] GC(69) Skipped phase 3 of Reference Processing: no references
[30.268s][debug][gc,ref         ] GC(69) Skipped phase 4 of Reference Processing: no references
[30.268s][debug][gc,phases      ] GC(69) Reference Processing 0.032ms
[30.269s][debug][gc,phases      ] GC(69) Weak Processing 0.709ms
[30.269s][debug][gc,age         ] GC(69) Desired survivor size 51904512 bytes, new threshold 15 (max threshold 15)
[30.269s][info ][gc,heap        ] GC(69) PSYoungGen: 1994080K(2035200K)->16832K(2046464K) Eden: 1977344K(1977344K)->0K(1992704K) From: 16736K(57856K)->16832K(53760K)
[30.269s][info ][gc,heap        ] GC(69) ParOldGen: 277247K(325120K)->277471K(325120K)
[30.269s][info ][gc,metaspace   ] GC(69) Metaspace: 74946K(75584K)->74946K(75584K) NonClass: 64504K(64832K)->64504K(64832K) Class: 10441K(10752K)->10441K(10752K)
[30.269s][info ][gc             ] GC(69) Pause Young (Allocation Failure) 2218M->287M(2316M) 13.134ms
[30.269s][info ][gc,cpu         ] GC(69) User=0.04s Sys=0.00s Real=0.02s
[30.269s][info ][safepoint      ] Safepoint "ParallelGCFailedAllocation", Time since last: 399317953 ns, Reaching safepoint: 242716 ns, At safepoint: 13255991 ns, Total: 13498707 ns
[30.686s][info ][gc,start       ] GC(70) Pause Young (Allocation Failure)
[30.699s][debug][gc,phases      ] GC(70) Scavenge 12.504ms
[30.699s][debug][gc,ref         ] GC(70) Skipped phase 1 of Reference Processing: no references
[30.699s][debug][gc,ref         ] GC(70) Skipped phase 2 of Reference Processing: no references
[30.699s][debug][gc,ref         ] GC(70) Skipped phase 3 of Reference Processing: no references
[30.699s][debug][gc,ref         ] GC(70) Skipped phase 4 of Reference Processing: no references
[30.699s][debug][gc,phases      ] GC(70) Reference Processing 0.035ms
[30.699s][debug][gc,phases      ] GC(70) Weak Processing 0.557ms
[30.699s][debug][gc,age         ] GC(70) Desired survivor size 48758784 bytes, new threshold 15 (max threshold 15)
[30.699s][info ][gc,heap        ] GC(70) PSYoungGen: 2009536K(2046464K)->17056K(2043392K) Eden: 1992704K(1992704K)->0K(1992704K) From: 16832K(53760K)->17056K(50688K)
[30.699s][info ][gc,heap        ] GC(70) ParOldGen: 277471K(325120K)->277671K(325120K)
[30.699s][info ][gc,metaspace   ] GC(70) Metaspace: 74958K(75584K)->74958K(75584K) NonClass: 64517K(64832K)->64517K(64832K) Class: 10441K(10752K)->10441K(10752K)
[30.699s][info ][gc             ] GC(70) Pause Young (Allocation Failure) 2233M->287M(2313M) 13.240ms
[30.699s][info ][gc,cpu         ] GC(70) User=0.05s Sys=0.00s Real=0.01s
[30.700s][info ][safepoint      ] Safepoint "ParallelGCFailedAllocation", Time since last: 417209156 ns, Reaching safepoint: 174512 ns, At safepoint: 13355498 ns, Total: 13530010 ns
[31.105s][info ][gc,start       ] GC(71) Pause Young (Allocation Failure)
[31.119s][debug][gc,phases      ] GC(71) Scavenge 14.058ms
[31.119s][debug][gc,ref         ] GC(71) Skipped phase 1 of Reference Processing: no references
[31.119s][debug][gc,ref         ] GC(71) Skipped phase 2 of Reference Processing: no references
[31.119s][debug][gc,ref         ] GC(71) Skipped phase 3 of Reference Processing: no references
[31.119s][debug][gc,ref         ] GC(71) Skipped phase 4 of Reference Processing: no references
[31.119s][debug][gc,phases      ] GC(71) Reference Processing 0.022ms
[31.120s][debug][gc,phases      ] GC(71) Weak Processing 0.563ms
[31.120s][debug][gc,age         ] GC(71) Desired survivor size 45613056 bytes, new threshold 15 (max threshold 15)
[31.120s][info ][gc,heap        ] GC(71) PSYoungGen: 2009760K(2043392K)->17088K(2052608K) Eden: 1992704K(1992704K)->0K(2004992K) From: 17056K(50688K)->17088K(47616K)
[31.120s][info ][gc,heap        ] GC(71) ParOldGen: 277671K(325120K)->278007K(325120K)
[31.120s][info ][gc,metaspace   ] GC(71) Metaspace: 74970K(75648K)->74970K(75648K) NonClass: 64528K(64896K)->64528K(64896K) Class: 10441K(10752K)->10441K(10752K)
[31.120s][info ][gc             ] GC(71) Pause Young (Allocation Failure) 2233M->288M(2322M) 14.783ms
[31.120s][info ][gc,cpu         ] GC(71) User=0.04s Sys=0.02s Real=0.01s
[31.120s][info ][safepoint      ] Safepoint "ParallelGCFailedAllocation", Time since last: 405214349 ns, Reaching safepoint: 155310 ns, At safepoint: 14898102 ns, Total: 15053412 ns
[31.518s][info ][gc,start       ] GC(72) Pause Young (Allocation Failure)
[31.528s][debug][gc,phases      ] GC(72) Scavenge 10.057ms
[31.528s][debug][gc,ref         ] GC(72) Skipped phase 1 of Reference Processing: no references
[31.528s][debug][gc,ref         ] GC(72) Skipped phase 2 of Reference Processing: no references
[31.528s][debug][gc,ref         ] GC(72) Skipped phase 3 of Reference Processing: no references
[31.528s][debug][gc,ref         ] GC(72) Skipped phase 4 of Reference Processing: no references
[31.528s][debug][gc,phases      ] GC(72) Reference Processing 0.030ms
[31.529s][debug][gc,phases      ] GC(72) Weak Processing 0.547ms
[31.529s][debug][gc,age         ] GC(72) Desired survivor size 42991616 bytes, new threshold 15 (max threshold 15)
[31.529s][info ][gc,heap        ] GC(72) PSYoungGen: 2022080K(2052608K)->16992K(2049536K) Eden: 2004992K(2004992K)->0K(2004992K) From: 17088K(47616K)->16992K(44544K)
[31.529s][info ][gc,heap        ] GC(72) ParOldGen: 278007K(325120K)->278479K(325120K)
[31.529s][info ][gc,metaspace   ] GC(72) Metaspace: 74970K(75648K)->74970K(75648K) NonClass: 64528K(64896K)->64528K(64896K) Class: 10441K(10752K)->10441K(10752K)
[31.529s][info ][gc             ] GC(72) Pause Young (Allocation Failure) 2246M->288M(2319M) 10.785ms
[31.529s][info ][gc,cpu         ] GC(72) User=0.04s Sys=0.00s Real=0.01s
[31.529s][info ][safepoint      ] Safepoint "ParallelGCFailedAllocation", Time since last: 398040866 ns, Reaching safepoint: 154811 ns, At safepoint: 10893132 ns, Total: 11047943 ns
[31.948s][info ][gc,start       ] GC(73) Pause Young (Allocation Failure)
[31.960s][debug][gc,phases      ] GC(73) Scavenge 11.978ms
[31.960s][debug][gc,ref         ] GC(73) Skipped phase 1 of Reference Processing: no references
[31.960s][debug][gc,ref         ] GC(73) Skipped phase 2 of Reference Processing: no references
[31.960s][debug][gc,ref         ] GC(73) Skipped phase 3 of Reference Processing: no references
[31.960s][debug][gc,ref         ] GC(73) Skipped phase 4 of Reference Processing: no references
[31.960s][debug][gc,phases      ] GC(73) Reference Processing 0.023ms
[31.960s][debug][gc,phases      ] GC(73) Weak Processing 0.566ms
[31.960s][debug][gc,age         ] GC(73) Desired survivor size 40894464 bytes, new threshold 15 (max threshold 15)
[31.960s][info ][gc,heap        ] GC(73) PSYoungGen: 2021984K(2049536K)->16608K(2057216K) Eden: 2004992K(2004992K)->0K(2015232K) From: 16992K(44544K)->16608K(41984K)
[31.960s][info ][gc,heap        ] GC(73) ParOldGen: 278479K(325120K)->279335K(325120K)
[31.960s][info ][gc,metaspace   ] GC(73) Metaspace: 75018K(75712K)->75018K(75712K) NonClass: 64576K(64960K)->64576K(64960K) Class: 10441K(10752K)->10441K(10752K)
[31.960s][info ][gc             ] GC(73) Pause Young (Allocation Failure) 2246M->289M(2326M) 12.706ms
[31.960s][info ][gc,cpu         ] GC(73) User=0.04s Sys=0.00s Real=0.01s
[31.960s][info ][safepoint      ] Safepoint "ParallelGCFailedAllocation", Time since last: 418569147 ns, Reaching safepoint: 157110 ns, At safepoint: 12822963 ns, Total: 12980073 ns
[32.380s][info ][gc,start       ] GC(74) Pause Young (Allocation Failure)
[32.391s][debug][gc,phases      ] GC(74) Scavenge 10.974ms
[32.391s][debug][gc,ref         ] GC(74) Skipped phase 1 of Reference Processing: no references
[32.391s][debug][gc,ref         ] GC(74) Skipped phase 2 of Reference Processing: no references
[32.391s][debug][gc,ref         ] GC(74) Skipped phase 3 of Reference Processing: no references
[32.391s][debug][gc,ref         ] GC(74) Skipped phase 4 of Reference Processing: no references
[32.391s][debug][gc,phases      ] GC(74) Reference Processing 0.023ms
[32.392s][debug][gc,phases      ] GC(74) Weak Processing 0.557ms
[32.392s][debug][gc,age         ] GC(74) Desired survivor size 38797312 bytes, new threshold 15 (max threshold 15)
[32.392s][info ][gc,heap        ] GC(74) PSYoungGen: 2031840K(2057216K)->16064K(2055168K) Eden: 2015232K(2015232K)->0K(2015232K) From: 16608K(41984K)->16064K(39936K)
[32.392s][info ][gc,heap        ] GC(74) ParOldGen: 279335K(325120K)->280359K(325120K)
[32.392s][info ][gc,metaspace   ] GC(74) Metaspace: 75025K(75712K)->75025K(75712K) NonClass: 64583K(64960K)->64583K(64960K) Class: 10441K(10752K)->10441K(10752K)
[32.392s][info ][gc             ] GC(74) Pause Young (Allocation Failure) 2257M->289M(2324M) 11.701ms
[32.392s][info ][gc,cpu         ] GC(74) User=0.05s Sys=0.00s Real=0.01s
[32.392s][info ][safepoint      ] Safepoint "ParallelGCFailedAllocation", Time since last: 419718124 ns, Reaching safepoint: 144909 ns, At safepoint: 11812895 ns, Total: 11957804 ns
[32.808s][info ][gc,start       ] GC(75) Pause Young (Allocation Failure)
[32.820s][debug][gc,phases      ] GC(75) Scavenge 11.077ms
[32.820s][debug][gc,ref         ] GC(75) Skipped phase 1 of Reference Processing: no references
[32.820s][debug][gc,ref         ] GC(75) Skipped phase 2 of Reference Processing: no references
[32.820s][debug][gc,ref         ] GC(75) Skipped phase 3 of Reference Processing: no references
[32.820s][debug][gc,ref         ] GC(75) Skipped phase 4 of Reference Processing: no references
[32.820s][debug][gc,phases      ] GC(75) Reference Processing 0.023ms
[32.820s][debug][gc,phases      ] GC(75) Weak Processing 0.572ms
[32.820s][debug][gc,age         ] GC(75) Desired survivor size 36700160 bytes, new threshold 15 (max threshold 15)
[32.820s][info ][gc,heap        ] GC(75) PSYoungGen: 2031296K(2055168K)->15264K(2061312K) Eden: 2015232K(2015232K)->0K(2023424K) From: 16064K(39936K)->15264K(37888K)
[32.820s][info ][gc,heap        ] GC(75) ParOldGen: 280359K(325120K)->281719K(325120K)
[32.820s][info ][gc,metaspace   ] GC(75) Metaspace: 75064K(75712K)->75064K(75712K) NonClass: 64622K(64960K)->64622K(64960K) Class: 10441K(10752K)->10441K(10752K)
[32.820s][info ][gc             ] GC(75) Pause Young (Allocation Failure) 2257M->290M(2330M) 11.827ms
[32.820s][info ][gc,cpu         ] GC(75) User=0.03s Sys=0.01s Real=0.01s
[32.820s][info ][safepoint      ] Safepoint "ParallelGCFailedAllocation", Time since last: 416194686 ns, Reaching safepoint: 113308 ns, At safepoint: 11933403 ns, Total: 12046711 ns
[33.272s][info ][gc,start       ] GC(76) Pause Young (Allocation Failure)
[33.281s][debug][gc,phases      ] GC(76) Scavenge 9.271ms
[33.281s][debug][gc,ref         ] GC(76) Skipped phase 1 of Reference Processing: no references
[33.281s][debug][gc,ref         ] GC(76) Skipped phase 2 of Reference Processing: no references
[33.281s][debug][gc,ref         ] GC(76) Skipped phase 3 of Reference Processing: no references
[33.281s][debug][gc,ref         ] GC(76) Skipped phase 4 of Reference Processing: no references
[33.281s][debug][gc,phases      ] GC(76) Reference Processing 0.022ms
[33.282s][debug][gc,phases      ] GC(76) Weak Processing 0.587ms
[33.282s][debug][gc,age         ] GC(76) Desired survivor size 35127296 bytes, new threshold 15 (max threshold 15)
[33.282s][info ][gc,heap        ] GC(76) PSYoungGen: 2038688K(2061312K)->15296K(2059264K) Eden: 2023424K(2023424K)->0K(2023424K) From: 15264K(37888K)->15296K(35840K)
[33.282s][info ][gc,heap        ] GC(76) ParOldGen: 281719K(325120K)->282295K(325120K)
[33.282s][info ][gc,metaspace   ] GC(76) Metaspace: 75064K(75712K)->75064K(75712K) NonClass: 64622K(64960K)->64622K(64960K) Class: 10441K(10752K)->10441K(10752K)
[33.282s][info ][gc             ] GC(76) Pause Young (Allocation Failure) 2266M->290M(2328M) 10.011ms
[33.282s][info ][gc,cpu         ] GC(76) User=0.04s Sys=0.00s Real=0.01s
[33.282s][info ][safepoint      ] Safepoint "ParallelGCFailedAllocation", Time since last: 451392853 ns, Reaching safepoint: 142510 ns, At safepoint: 10119980 ns, Total: 10262490 ns
[33.707s][info ][gc,start       ] GC(77) Pause Young (Allocation Failure)
[33.720s][debug][gc,phases      ] GC(77) Scavenge 12.466ms
[33.720s][debug][gc,ref         ] GC(77) Skipped phase 1 of Reference Processing: no references
[33.720s][debug][gc,ref         ] GC(77) Skipped phase 2 of Reference Processing: no references
[33.720s][debug][gc,ref         ] GC(77) Skipped phase 3 of Reference Processing: no references
[33.720s][debug][gc,ref         ] GC(77) Skipped phase 4 of Reference Processing: no references
[33.720s][debug][gc,phases      ] GC(77) Reference Processing 0.024ms
[33.720s][debug][gc,phases      ] GC(77) Weak Processing 0.578ms
[33.720s][debug][gc,age         ] GC(77) Desired survivor size 35127296 bytes, new threshold 15 (max threshold 15)
[33.720s][info ][gc,heap        ] GC(77) PSYoungGen: 2038720K(2059264K)->7008K(2062848K) Eden: 2023424K(2023424K)->0K(2028544K) From: 15296K(35840K)->7008K(34304K)
[33.720s][info ][gc,heap        ] GC(77) ParOldGen: 282295K(325120K)->291311K(325120K)
[33.720s][info ][gc,metaspace   ] GC(77) Metaspace: 75065K(75712K)->75065K(75712K) NonClass: 64623K(64960K)->64623K(64960K) Class: 10441K(10752K)->10441K(10752K)
[33.720s][info ][gc             ] GC(77) Pause Young (Allocation Failure) 2266M->291M(2332M) 13.244ms
[33.720s][info ][gc,cpu         ] GC(77) User=0.05s Sys=0.00s Real=0.01s
[33.720s][info ][safepoint      ] Safepoint "ParallelGCFailedAllocation", Time since last: 424839168 ns, Reaching safepoint: 143510 ns, At safepoint: 13387300 ns, Total: 13530810 ns
[34.171s][info ][gc,start       ] GC(78) Pause Young (Allocation Failure)
[34.177s][debug][gc,phases      ] GC(78) Scavenge 5.480ms
[34.177s][debug][gc,ref         ] GC(78) Skipped phase 1 of Reference Processing: no references
[34.177s][debug][gc,ref         ] GC(78) Skipped phase 2 of Reference Processing: no references
[34.177s][debug][gc,ref         ] GC(78) Skipped phase 3 of Reference Processing: no references
[34.177s][debug][gc,ref         ] GC(78) Skipped phase 4 of Reference Processing: no references
[34.177s][debug][gc,phases      ] GC(78) Reference Processing 0.033ms
[34.178s][debug][gc,phases      ] GC(78) Weak Processing 0.499ms
[34.178s][debug][gc,age         ] GC(78) Desired survivor size 35127296 bytes, new threshold 15 (max threshold 15)
[34.178s][info ][gc,heap        ] GC(78) PSYoungGen: 2035552K(2062848K)->6688K(2062848K) Eden: 2028544K(2028544K)->0K(2028544K) From: 7008K(34304K)->6688K(34304K)
[34.178s][info ][gc,heap        ] GC(78) ParOldGen: 291311K(325120K)->292471K(325120K)
[34.178s][info ][gc,metaspace   ] GC(78) Metaspace: 75066K(75712K)->75066K(75712K) NonClass: 64624K(64960K)->64624K(64960K) Class: 10441K(10752K)->10441K(10752K)
[34.178s][info ][gc             ] GC(78) Pause Young (Allocation Failure) 2272M->292M(2332M) 6.146ms
[34.178s][info ][gc,cpu         ] GC(78) User=0.03s Sys=0.00s Real=0.01s
[34.178s][info ][safepoint      ] Safepoint "ParallelGCFailedAllocation", Time since last: 450690006 ns, Reaching safepoint: 345023 ns, At safepoint: 6256521 ns, Total: 6601544 ns
[35.178s][info ][safepoint      ] Safepoint "Cleanup", Time since last: 1000086949 ns, Reaching safepoint: 92206 ns, At safepoint: 10501 ns, Total: 102707 ns
[36.178s][info ][safepoint      ] Safepoint "Cleanup", Time since last: 1000119851 ns, Reaching safepoint: 71705 ns, At safepoint: 12001 ns, Total: 83706 ns
[37.178s][info ][safepoint      ] Safepoint "Cleanup", Time since last: 1000113249 ns, Reaching safepoint: 74505 ns, At safepoint: 7301 ns, Total: 81806 ns
[38.178s][info ][safepoint      ] Safepoint "Cleanup", Time since last: 1000108149 ns, Reaching safepoint: 65504 ns, At safepoint: 5601 ns, Total: 71105 ns
[39.179s][info ][safepoint      ] Safepoint "Cleanup", Time since last: 1000107248 ns, Reaching safepoint: 67405 ns, At safepoint: 10100 ns, Total: 77505 ns
[40.496s][info ][safepoint      ] Safepoint "Cleanup", Time since last: 1317138365 ns, Reaching safepoint: 182813 ns, At safepoint: 10400 ns, Total: 193213 ns
[41.496s][info ][safepoint      ] Safepoint "Cleanup", Time since last: 1000104847 ns, Reaching safepoint: 73605 ns, At safepoint: 9101 ns, Total: 82706 ns
[42.496s][info ][safepoint      ] Safepoint "Cleanup", Time since last: 1000123847 ns, Reaching safepoint: 75105 ns, At safepoint: 2800 ns, Total: 77905 ns
[43.497s][info ][safepoint      ] Safepoint "Cleanup", Time since last: 1000089745 ns, Reaching safepoint: 67305 ns, At safepoint: 10300 ns, Total: 77605 ns
[44.497s][info ][safepoint      ] Safepoint "Cleanup", Time since last: 1000113846 ns, Reaching safepoint: 54704 ns, At safepoint: 8601 ns, Total: 63305 ns
[45.497s][info ][safepoint      ] Safepoint "Cleanup", Time since last: 1000106644 ns, Reaching safepoint: 58104 ns, At safepoint: 8901 ns, Total: 67005 ns
[46.497s][info ][safepoint      ] Safepoint "Cleanup", Time since last: 1000105144 ns, Reaching safepoint: 62704 ns, At safepoint: 10101 ns, Total: 72805 ns
[47.497s][info ][safepoint      ] Safepoint "Cleanup", Time since last: 1000072541 ns, Reaching safepoint: 55304 ns, At safepoint: 8100 ns, Total: 63404 ns
[48.497s][info ][safepoint      ] Safepoint "Cleanup", Time since last: 1000099843 ns, Reaching safepoint: 53704 ns, At safepoint: 2500 ns, Total: 56204 ns
[49.497s][info ][safepoint      ] Safepoint "Cleanup", Time since last: 1000072540 ns, Reaching safepoint: 51204 ns, At safepoint: 12500 ns, Total: 63704 ns
[50.498s][info ][safepoint      ] Safepoint "Cleanup", Time since last: 1000106542 ns, Reaching safepoint: 53504 ns, At safepoint: 10301 ns, Total: 63805 ns
[51.498s][info ][safepoint      ] Safepoint "Cleanup", Time since last: 1000104441 ns, Reaching safepoint: 50103 ns, At safepoint: 7901 ns, Total: 58004 ns
[52.498s][info ][safepoint      ] Safepoint "Cleanup", Time since last: 1000100640 ns, Reaching safepoint: 67505 ns, At safepoint: 6800 ns, Total: 74305 ns
[53.498s][info ][safepoint      ] Safepoint "Cleanup", Time since last: 1000096340 ns, Reaching safepoint: 49603 ns, At safepoint: 5801 ns, Total: 55404 ns
[54.498s][info ][safepoint      ] Safepoint "Cleanup", Time since last: 1000076538 ns, Reaching safepoint: 50903 ns, At safepoint: 6400 ns, Total: 57303 ns
[55.498s][info ][safepoint      ] Safepoint "Cleanup", Time since last: 1000101339 ns, Reaching safepoint: 57504 ns, At safepoint: 10101 ns, Total: 67605 ns
[56.499s][info ][safepoint      ] Safepoint "Cleanup", Time since last: 1000114039 ns, Reaching safepoint: 59304 ns, At safepoint: 9701 ns, Total: 69005 ns
[58.499s][info ][safepoint      ] Safepoint "Cleanup", Time since last: 2000174373 ns, Reaching safepoint: 60304 ns, At safepoint: 10201 ns, Total: 70505 ns
[59.499s][info ][safepoint      ] Safepoint "Cleanup", Time since last: 1000105037 ns, Reaching safepoint: 50603 ns, At safepoint: 6601 ns, Total: 57204 ns
[60.499s][info ][safepoint      ] Safepoint "Cleanup", Time since last: 1000110136 ns, Reaching safepoint: 60904 ns, At safepoint: 2901 ns, Total: 63805 ns
[61.994s][info ][safepoint      ] Safepoint "Cleanup", Time since last: 1495073912 ns, Reaching safepoint: 151710 ns, At safepoint: 10901 ns, Total: 162611 ns
[62.995s][info ][safepoint      ] Safepoint "Cleanup", Time since last: 1000112535 ns, Reaching safepoint: 54004 ns, At safepoint: 7100 ns, Total: 61104 ns
[63.995s][info ][safepoint      ] Safepoint "Cleanup", Time since last: 1000115236 ns, Reaching safepoint: 78505 ns, At safepoint: 4700 ns, Total: 83205 ns
[64.995s][info ][safepoint      ] Safepoint "Cleanup", Time since last: 1000103634 ns, Reaching safepoint: 55104 ns, At safepoint: 8000 ns, Total: 63104 ns
[65.995s][info ][safepoint      ] Safepoint "Cleanup", Time since last: 1000114835 ns, Reaching safepoint: 98706 ns, At safepoint: 10201 ns, Total: 108907 ns
[66.995s][info ][safepoint      ] Safepoint "Cleanup", Time since last: 1000111733 ns, Reaching safepoint: 56204 ns, At safepoint: 4500 ns, Total: 60704 ns
[67.996s][info ][safepoint      ] Safepoint "Cleanup", Time since last: 1000104633 ns, Reaching safepoint: 50103 ns, At safepoint: 5601 ns, Total: 55704 ns
[68.844s][info ][gc,start       ] GC(79) Pause Young (Allocation Failure)
[68.849s][debug][gc,phases      ] GC(79) Scavenge 5.103ms
[68.849s][debug][gc,ref         ] GC(79) Skipped phase 1 of Reference Processing: no references
[68.849s][debug][gc,ref         ] GC(79) Skipped phase 3 of Reference Processing: no references
[68.849s][debug][gc,phases      ] GC(79) Reference Processing 0.022ms
[68.849s][debug][gc,phases      ] GC(79) Weak Processing 0.535ms
[68.849s][debug][gc,age         ] GC(79) Desired survivor size 34078720 bytes, new threshold 15 (max threshold 15)
[68.849s][info ][gc,heap        ] GC(79) PSYoungGen: 2035232K(2062848K)->7904K(2063872K) Eden: 2028544K(2028544K)->0K(2029568K) From: 6688K(34304K)->7904K(34304K)
[68.849s][info ][gc,heap        ] GC(79) ParOldGen: 292471K(325120K)->292759K(325120K)
[68.849s][info ][gc,metaspace   ] GC(79) Metaspace: 75316K(75968K)->75316K(75968K) NonClass: 64873K(65216K)->64873K(65216K) Class: 10443K(10752K)->10443K(10752K)
[68.849s][info ][gc             ] GC(79) Pause Young (Allocation Failure) 2273M->293M(2333M) 5.792ms
[68.849s][info ][gc,cpu         ] GC(79) User=0.02s Sys=0.00s Real=0.01s
[68.849s][info ][safepoint      ] Safepoint "ParallelGCFailedAllocation", Time since last: 847910300 ns, Reaching safepoint: 61204 ns, At safepoint: 5879096 ns, Total: 5940300 ns
[69.850s][info ][safepoint      ] Safepoint "Cleanup", Time since last: 1000080729 ns, Reaching safepoint: 61105 ns, At safepoint: 5700 ns, Total: 66805 ns
[70.850s][info ][safepoint      ] Safepoint "Cleanup", Time since last: 1000113031 ns, Reaching safepoint: 53104 ns, At safepoint: 7401 ns, Total: 60505 ns
[71.850s][info ][safepoint      ] Safepoint "Cleanup", Time since last: 1000106530 ns, Reaching safepoint: 58304 ns, At safepoint: 6500 ns, Total: 64804 ns
[74.850s][info ][safepoint      ] Safepoint "Cleanup", Time since last: 3000187480 ns, Reaching safepoint: 43303 ns, At safepoint: 3100 ns, Total: 46403 ns
[75.850s][info ][safepoint      ] Safepoint "Cleanup", Time since last: 1000106128 ns, Reaching safepoint: 55204 ns, At safepoint: 2500 ns, Total: 57704 ns
[76.384s][info ][safepoint      ] Safepoint "ICBufferFull", Time since last: 533745879 ns, Reaching safepoint: 167211 ns, At safepoint: 5901 ns, Total: 173112 ns
[77.384s][info ][safepoint      ] Safepoint "Cleanup", Time since last: 1000050924 ns, Reaching safepoint: 84405 ns, At safepoint: 8101 ns, Total: 92506 ns
[78.384s][info ][safepoint      ] Safepoint "Cleanup", Time since last: 1000107727 ns, Reaching safepoint: 55304 ns, At safepoint: 5800 ns, Total: 61104 ns
[79.385s][info ][safepoint      ] Safepoint "Cleanup", Time since last: 1000093726 ns, Reaching safepoint: 54604 ns, At safepoint: 7400 ns, Total: 62004 ns
[80.385s][info ][safepoint      ] Safepoint "Cleanup", Time since last: 1000101426 ns, Reaching safepoint: 48903 ns, At safepoint: 7801 ns, Total: 56704 ns
[81.385s][info ][safepoint      ] Safepoint "Cleanup", Time since last: 1000101025 ns, Reaching safepoint: 44203 ns, At safepoint: 7900 ns, Total: 52103 ns
[82.385s][info ][safepoint      ] Safepoint "Cleanup", Time since last: 1000100725 ns, Reaching safepoint: 54604 ns, At safepoint: 6200 ns, Total: 60804 ns
[83.385s][info ][safepoint      ] Safepoint "Cleanup", Time since last: 1000103224 ns, Reaching safepoint: 55104 ns, At safepoint: 3500 ns, Total: 58604 ns
[84.385s][info ][safepoint      ] Safepoint "Cleanup", Time since last: 1000094824 ns, Reaching safepoint: 50703 ns, At safepoint: 5800 ns, Total: 56503 ns
[85.386s][info ][safepoint      ] Safepoint "Cleanup", Time since last: 1000099423 ns, Reaching safepoint: 51804 ns, At safepoint: 8801 ns, Total: 60605 ns
[86.386s][info ][safepoint      ] Safepoint "Cleanup", Time since last: 1000117823 ns, Reaching safepoint: 59604 ns, At safepoint: 5201 ns, Total: 64805 ns
[87.386s][info ][safepoint      ] Safepoint "Cleanup", Time since last: 1000099522 ns, Reaching safepoint: 64404 ns, At safepoint: 11801 ns, Total: 76205 ns
[88.386s][info ][safepoint      ] Safepoint "Cleanup", Time since last: 1000099121 ns, Reaching safepoint: 57604 ns, At safepoint: 7501 ns, Total: 65105 ns
[89.386s][info ][safepoint      ] Safepoint "Cleanup", Time since last: 1000101521 ns, Reaching safepoint: 71305 ns, At safepoint: 10200 ns, Total: 81505 ns
[90.386s][info ][safepoint      ] Safepoint "Cleanup", Time since last: 1000106921 ns, Reaching safepoint: 48403 ns, At safepoint: 7101 ns, Total: 55504 ns
[96.387s][info ][safepoint      ] Safepoint "Cleanup", Time since last: 6000385698 ns, Reaching safepoint: 49703 ns, At safepoint: 5901 ns, Total: 55604 ns
[97.387s][info ][safepoint      ] Safepoint "Cleanup", Time since last: 1000111618 ns, Reaching safepoint: 60304 ns, At safepoint: 7000 ns, Total: 67304 ns
[98.387s][info ][safepoint      ] Safepoint "Cleanup", Time since last: 1000112617 ns, Reaching safepoint: 43703 ns, At safepoint: 10301 ns, Total: 54004 ns
[101.388s][info ][safepoint      ] Safepoint "Cleanup", Time since last: 3000246143 ns, Reaching safepoint: 42403 ns, At safepoint: 3500 ns, Total: 45903 ns
[103.388s][info ][safepoint      ] Safepoint "Cleanup", Time since last: 2000185527 ns, Reaching safepoint: 64005 ns, At safepoint: 9900 ns, Total: 73905 ns
[104.388s][info ][safepoint      ] Safepoint "Cleanup", Time since last: 1000105114 ns, Reaching safepoint: 48104 ns, At safepoint: 2700 ns, Total: 50804 ns
[105.388s][info ][safepoint      ] Safepoint "Cleanup", Time since last: 1000118414 ns, Reaching safepoint: 54804 ns, At safepoint: 5500 ns, Total: 60304 ns
[106.388s][info ][safepoint      ] Safepoint "Cleanup", Time since last: 1000111813 ns, Reaching safepoint: 61004 ns, At safepoint: 13901 ns, Total: 74905 ns
[107.388s][info ][safepoint      ] Safepoint "Cleanup", Time since last: 1000112913 ns, Reaching safepoint: 61504 ns, At safepoint: 6701 ns, Total: 68205 ns
[108.389s][info ][safepoint      ] Safepoint "Cleanup", Time since last: 1000119113 ns, Reaching safepoint: 63104 ns, At safepoint: 8000 ns, Total: 71104 ns
[110.295s][info ][safepoint      ] Safepoint "Cleanup", Time since last: 1906578430 ns, Reaching safepoint: 125509 ns, At safepoint: 11701 ns, Total: 137210 ns
[113.296s][info ][safepoint      ] Safepoint "Cleanup", Time since last: 3000252125 ns, Reaching safepoint: 65705 ns, At safepoint: 4000 ns, Total: 69705 ns
[114.296s][info ][safepoint      ] Safepoint "Cleanup", Time since last: 1000112009 ns, Reaching safepoint: 37903 ns, At safepoint: 2600 ns, Total: 40503 ns
[115.296s][info ][safepoint      ] Safepoint "Cleanup", Time since last: 1000101008 ns, Reaching safepoint: 50904 ns, At safepoint: 3300 ns, Total: 54204 ns
[117.296s][info ][safepoint      ] Safepoint "Cleanup", Time since last: 2000148211 ns, Reaching safepoint: 55004 ns, At safepoint: 7401 ns, Total: 62405 ns
[118.297s][info ][safepoint      ] Safepoint "Cleanup", Time since last: 1000254717 ns, Reaching safepoint: 65704 ns, At safepoint: 6801 ns, Total: 72505 ns
[120.297s][info ][safepoint      ] Safepoint "Cleanup", Time since last: 2000174210 ns, Reaching safepoint: 81805 ns, At safepoint: 16102 ns, Total: 97907 ns
[122.297s][info ][safepoint      ] Safepoint "Cleanup", Time since last: 2000136205 ns, Reaching safepoint: 64405 ns, At safepoint: 8600 ns, Total: 73005 ns
[123.297s][info ][safepoint      ] Safepoint "Cleanup", Time since last: 1000084704 ns, Reaching safepoint: 40502 ns, At safepoint: 2700 ns, Total: 43202 ns
[124.297s][info ][safepoint      ] Safepoint "Cleanup", Time since last: 1000100804 ns, Reaching safepoint: 53004 ns, At safepoint: 7600 ns, Total: 60604 ns
[126.298s][info ][safepoint      ] Safepoint "Cleanup", Time since last: 2000172205 ns, Reaching safepoint: 57404 ns, At safepoint: 2900 ns, Total: 60304 ns
[127.298s][info ][safepoint      ] Safepoint "Cleanup", Time since last: 1000107303 ns, Reaching safepoint: 57704 ns, At safepoint: 6100 ns, Total: 63804 ns
[129.298s][info ][safepoint      ] Safepoint "Cleanup", Time since last: 2000173102 ns, Reaching safepoint: 48903 ns, At safepoint: 6801 ns, Total: 55704 ns
[132.298s][info ][safepoint      ] Safepoint "Cleanup", Time since last: 3000239697 ns, Reaching safepoint: 47903 ns, At safepoint: 9601 ns, Total: 57504 ns
[135.299s][info ][safepoint      ] Safepoint "Cleanup", Time since last: 3000241494 ns, Reaching safepoint: 43203 ns, At safepoint: 5200 ns, Total: 48403 ns
[137.299s][info ][safepoint      ] Safepoint "Cleanup", Time since last: 2000170394 ns, Reaching safepoint: 56304 ns, At safepoint: 7600 ns, Total: 63904 ns
[139.299s][info ][safepoint      ] Safepoint "Cleanup", Time since last: 2000178693 ns, Reaching safepoint: 58604 ns, At safepoint: 10001 ns, Total: 68605 ns
[140.299s][info ][safepoint      ] Safepoint "Cleanup", Time since last: 1000096796 ns, Reaching safepoint: 53503 ns, At safepoint: 8101 ns, Total: 61604 ns
[144.300s][info ][safepoint      ] Safepoint "Cleanup", Time since last: 4000316775 ns, Reaching safepoint: 56104 ns, At safepoint: 8001 ns, Total: 64105 ns
[145.300s][info ][safepoint      ] Safepoint "Cleanup", Time since last: 1000111394 ns, Reaching safepoint: 69005 ns, At safepoint: 10101 ns, Total: 79106 ns
[147.300s][info ][safepoint      ] Safepoint "Cleanup", Time since last: 2000280192 ns, Reaching safepoint: 47303 ns, At safepoint: 3900 ns, Total: 51203 ns
[148.300s][info ][safepoint      ] Safepoint "Cleanup", Time since last: 1000108794 ns, Reaching safepoint: 57004 ns, At safepoint: 9500 ns, Total: 66504 ns
[150.301s][info ][safepoint      ] Safepoint "Cleanup", Time since last: 2000195384 ns, Reaching safepoint: 49703 ns, At safepoint: 3001 ns, Total: 52704 ns
[151.301s][info ][safepoint      ] Safepoint "Cleanup", Time since last: 1000102591 ns, Reaching safepoint: 53404 ns, At safepoint: 9800 ns, Total: 63204 ns
[152.301s][info ][safepoint      ] Safepoint "Cleanup", Time since last: 1000106792 ns, Reaching safepoint: 54003 ns, At safepoint: 7201 ns, Total: 61204 ns
[153.301s][info ][safepoint      ] Safepoint "Cleanup", Time since last: 1000103991 ns, Reaching safepoint: 48903 ns, At safepoint: 7900 ns, Total: 56803 ns
[154.301s][info ][safepoint      ] Safepoint "Cleanup", Time since last: 1000085890 ns, Reaching safepoint: 53103 ns, At safepoint: 8601 ns, Total: 61704 ns
[155.301s][info ][safepoint      ] Safepoint "Cleanup", Time since last: 1000108890 ns, Reaching safepoint: 52403 ns, At safepoint: 9401 ns, Total: 61804 ns
[157.893s][info ][gc,start       ] GC(80) Pause Young (Allocation Failure)
[157.899s][debug][gc,phases      ] GC(80) Scavenge 6.003ms
[157.899s][debug][gc,ref         ] GC(80) Skipped phase 1 of Reference Processing: no references
[157.899s][debug][gc,ref         ] GC(80) Skipped phase 3 of Reference Processing: no references
[157.899s][debug][gc,phases      ] GC(80) Reference Processing 0.029ms
[157.899s][debug][gc,phases      ] GC(80) Weak Processing 0.534ms
[157.899s][debug][gc,age         ] GC(80) Desired survivor size 33554432 bytes, new threshold 15 (max threshold 15)
[157.899s][info ][gc,heap        ] GC(80) PSYoungGen: 2037472K(2063872K)->7808K(2062848K) Eden: 2029568K(2029568K)->0K(2029568K) From: 7904K(34304K)->7808K(33280K)
[157.899s][info ][gc,heap        ] GC(80) ParOldGen: 292759K(325120K)->293047K(325120K)
[157.899s][info ][gc,metaspace   ] GC(80) Metaspace: 75783K(76416K)->75783K(76416K) NonClass: 65306K(65664K)->65306K(65664K) Class: 10476K(10752K)->10476K(10752K)
[157.899s][info ][gc             ] GC(80) Pause Young (Allocation Failure) 2275M->293M(2332M) 6.704ms
[157.899s][info ][gc,cpu         ] GC(80) User=0.02s Sys=0.00s Real=0.01s
[157.899s][info ][safepoint      ] Safepoint "ParallelGCFailedAllocation", Time since last: 2591150679 ns, Reaching safepoint: 59104 ns, At safepoint: 6789956 ns, Total: 6849060 ns
[158.899s][info ][safepoint      ] Safepoint "Cleanup", Time since last: 1000082487 ns, Reaching safepoint: 69304 ns, At safepoint: 4601 ns, Total: 73905 ns
[159.900s][info ][safepoint      ] Safepoint "Cleanup", Time since last: 1000104988 ns, Reaching safepoint: 46603 ns, At safepoint: 5300 ns, Total: 51903 ns
[160.900s][info ][safepoint      ] Safepoint "Cleanup", Time since last: 1000103087 ns, Reaching safepoint: 45103 ns, At safepoint: 2701 ns, Total: 47804 ns
[164.900s][info ][safepoint      ] Safepoint "Cleanup", Time since last: 4000309238 ns, Reaching safepoint: 73604 ns, At safepoint: 8501 ns, Total: 82105 ns
[172.901s][info ][safepoint      ] Safepoint "Cleanup", Time since last: 8000649457 ns, Reaching safepoint: 59504 ns, At safepoint: 10101 ns, Total: 69605 ns
[174.901s][info ][safepoint      ] Safepoint "Cleanup", Time since last: 2000175860 ns, Reaching safepoint: 97307 ns, At safepoint: 10201 ns, Total: 107508 ns
[177.902s][info ][safepoint      ] Safepoint "Cleanup", Time since last: 3000243836 ns, Reaching safepoint: 53004 ns, At safepoint: 9000 ns, Total: 62004 ns
[179.902s][info ][safepoint      ] Safepoint "Cleanup", Time since last: 2000165156 ns, Reaching safepoint: 46803 ns, At safepoint: 8301 ns, Total: 55104 ns
[183.902s][info ][safepoint      ] Safepoint "Cleanup", Time since last: 4000305905 ns, Reaching safepoint: 49103 ns, At safepoint: 5800 ns, Total: 54903 ns
[185.902s][info ][safepoint      ] Safepoint "Cleanup", Time since last: 2000170151 ns, Reaching safepoint: 43903 ns, At safepoint: 3001 ns, Total: 46904 ns
[194.903s][info ][safepoint      ] Safepoint "Cleanup", Time since last: 9000627949 ns, Reaching safepoint: 48004 ns, At safepoint: 10600 ns, Total: 58604 ns
[195.903s][info ][safepoint      ] Safepoint "Cleanup", Time since last: 1000118474 ns, Reaching safepoint: 46903 ns, At safepoint: 16101 ns, Total: 63004 ns
[203.904s][info ][safepoint      ] Safepoint "Cleanup", Time since last: 8000556146 ns, Reaching safepoint: 60804 ns, At safepoint: 3900 ns, Total: 64704 ns
[205.904s][info ][safepoint      ] Safepoint "Cleanup", Time since last: 2000185536 ns, Reaching safepoint: 53303 ns, At safepoint: 7601 ns, Total: 60904 ns
[208.904s][info ][safepoint      ] Safepoint "Cleanup", Time since last: 3000242198 ns, Reaching safepoint: 56203 ns, At safepoint: 4001 ns, Total: 60204 ns
[210.905s][info ][safepoint      ] Safepoint "Cleanup", Time since last: 2000195232 ns, Reaching safepoint: 54104 ns, At safepoint: 7800 ns, Total: 61904 ns
[224.906s][info ][safepoint      ] Safepoint "Cleanup", Time since last: 14000890449 ns, Reaching safepoint: 70304 ns, At safepoint: 11301 ns, Total: 81605 ns
[234.906s][info ][safepoint      ] Safepoint "Cleanup", Time since last: 10000721465 ns, Reaching safepoint: 62104 ns, At safepoint: 4801 ns, Total: 66905 ns
[241.907s][info ][safepoint      ] Safepoint "Cleanup", Time since last: 7000469270 ns, Reaching safepoint: 67005 ns, At safepoint: 13101 ns, Total: 80106 ns
[243.907s][info ][safepoint      ] Safepoint "Cleanup", Time since last: 2000172905 ns, Reaching safepoint: 54403 ns, At safepoint: 17101 ns, Total: 71504 ns
[247.907s][info ][safepoint      ] Safepoint "Cleanup", Time since last: 4000239799 ns, Reaching safepoint: 50103 ns, At safepoint: 11201 ns, Total: 61304 ns
[249.793s][info ][gc,start       ] GC(81) Pause Young (Allocation Failure)
[249.799s][debug][gc,phases      ] GC(81) Scavenge 6.031ms
[249.799s][debug][gc,ref         ] GC(81) Skipped phase 1 of Reference Processing: no references
[249.799s][debug][gc,ref         ] GC(81) Skipped phase 3 of Reference Processing: no references
[249.799s][debug][gc,phases      ] GC(81) Reference Processing 0.034ms
[249.800s][debug][gc,phases      ] GC(81) Weak Processing 0.675ms
[249.800s][debug][gc,age         ] GC(81) Desired survivor size 32505856 bytes, new threshold 15 (max threshold 15)
[249.800s][info ][gc,heap        ] GC(81) PSYoungGen: 2037376K(2062848K)->7776K(2065408K) Eden: 2029568K(2029568K)->0K(2032640K) From: 7808K(33280K)->7776K(32768K)
[249.800s][info ][gc,heap        ] GC(81) ParOldGen: 293047K(325120K)->293359K(325120K)
[249.800s][info ][gc,metaspace   ] GC(81) Metaspace: 75932K(76608K)->75932K(76608K) NonClass: 65448K(65792K)->65448K(65792K) Class: 10484K(10816K)->10484K(10816K)
[249.800s][info ][gc             ] GC(81) Pause Young (Allocation Failure) 2275M->294M(2334M) 6.903ms
[249.800s][info ][gc,cpu         ] GC(81) User=0.02s Sys=0.00s Real=0.01s
[249.800s][info ][safepoint      ] Safepoint "ParallelGCFailedAllocation", Time since last: 1885210581 ns, Reaching safepoint: 55804 ns, At safepoint: 7000570 ns, Total: 7056374 ns
[250.800s][info ][safepoint      ] Safepoint "Cleanup", Time since last: 1000083450 ns, Reaching safepoint: 53803 ns, At safepoint: 4601 ns, Total: 58404 ns
[252.800s][info ][safepoint      ] Safepoint "Cleanup", Time since last: 2000178098 ns, Reaching safepoint: 56404 ns, At safepoint: 15601 ns, Total: 72005 ns
[253.800s][info ][safepoint      ] Safepoint "Cleanup", Time since last: 1000109150 ns, Reaching safepoint: 45603 ns, At safepoint: 2701 ns, Total: 48304 ns
[255.801s][info ][safepoint      ] Safepoint "Cleanup", Time since last: 2000179696 ns, Reaching safepoint: 58204 ns, At safepoint: 2900 ns, Total: 61104 ns
[263.801s][info ][safepoint      ] Safepoint "Cleanup", Time since last: 8000585463 ns, Reaching safepoint: 53704 ns, At safepoint: 12001 ns, Total: 65705 ns
[275.802s][info ][safepoint      ] Safepoint "Cleanup", Time since last: 12000774694 ns, Reaching safepoint: 45603 ns, At safepoint: 2600 ns, Total: 48203 ns
[277.802s][info ][safepoint      ] Safepoint "Cleanup", Time since last: 2000186481 ns, Reaching safepoint: 49104 ns, At safepoint: 3000 ns, Total: 52104 ns
[279.802s][info ][safepoint      ] Safepoint "Cleanup", Time since last: 2000182180 ns, Reaching safepoint: 55603 ns, At safepoint: 20102 ns, Total: 75705 ns
[280.803s][info ][safepoint      ] Safepoint "Cleanup", Time since last: 1000131642 ns, Reaching safepoint: 63504 ns, At safepoint: 9800 ns, Total: 73304 ns
[284.803s][info ][safepoint      ] Safepoint "Cleanup", Time since last: 4000310750 ns, Reaching safepoint: 53504 ns, At safepoint: 7701 ns, Total: 61205 ns
[286.803s][info ][safepoint      ] Safepoint "Cleanup", Time since last: 2000182274 ns, Reaching safepoint: 54804 ns, At safepoint: 7400 ns, Total: 62204 ns
[287.803s][info ][safepoint      ] Safepoint "Cleanup", Time since last: 1000105938 ns, Reaching safepoint: 64305 ns, At safepoint: 6100 ns, Total: 70405 ns
[288.804s][info ][safepoint      ] Safepoint "Cleanup", Time since last: 1000073335 ns, Reaching safepoint: 61104 ns, At safepoint: 8701 ns, Total: 69805 ns
[295.804s][info ][safepoint      ] Safepoint "Cleanup", Time since last: 7000454633 ns, Reaching safepoint: 58004 ns, At safepoint: 2801 ns, Total: 60805 ns
[301.805s][info ][safepoint      ] Safepoint "Cleanup", Time since last: 6000444390 ns, Reaching safepoint: 51904 ns, At safepoint: 2900 ns, Total: 54804 ns
[307.805s][info ][safepoint      ] Safepoint "Cleanup", Time since last: 6000418276 ns, Reaching safepoint: 55504 ns, At safepoint: 10301 ns, Total: 65805 ns
[315.806s][info ][safepoint      ] Safepoint "Cleanup", Time since last: 8000576318 ns, Reaching safepoint: 65005 ns, At safepoint: 6100 ns, Total: 71105 ns
[316.806s][info ][safepoint      ] Safepoint "Cleanup", Time since last: 1000095227 ns, Reaching safepoint: 95307 ns, At safepoint: 2900 ns, Total: 98207 ns
[322.806s][info ][safepoint      ] Safepoint "Cleanup", Time since last: 6000424348 ns, Reaching safepoint: 48603 ns, At safepoint: 5800 ns, Total: 54403 ns
[325.353s][info ][safepoint      ] Safepoint "Cleanup", Time since last: 2546669429 ns, Reaching safepoint: 142409 ns, At safepoint: 12201 ns, Total: 154610 ns
[339.955s][info ][safepoint      ] Safepoint "Cleanup", Time since last: 14601890317 ns, Reaching safepoint: 54604 ns, At safepoint: 10500 ns, Total: 65104 ns
[340.486s][info ][gc,start       ] GC(82) Pause Young (Allocation Failure)
[340.491s][debug][gc,phases      ] GC(82) Scavenge 5.141ms
[340.491s][debug][gc,ref         ] GC(82) Skipped phase 1 of Reference Processing: no references
[340.491s][debug][gc,ref         ] GC(82) Skipped phase 3 of Reference Processing: no references
[340.491s][debug][gc,phases      ] GC(82) Reference Processing 0.028ms
[340.492s][debug][gc,phases      ] GC(82) Weak Processing 0.558ms
[340.492s][debug][gc,age         ] GC(82) Desired survivor size 31457280 bytes, new threshold 15 (max threshold 15)
[340.492s][info ][gc,heap        ] GC(82) PSYoungGen: 2040416K(2065408K)->7520K(2064384K) Eden: 2032640K(2032640K)->0K(2032640K) From: 7776K(32768K)->7520K(31744K)
[340.492s][info ][gc,heap        ] GC(82) ParOldGen: 293359K(325120K)->293671K(325120K)
[340.492s][info ][gc,metaspace   ] GC(82) Metaspace: 75991K(76672K)->75991K(76672K) NonClass: 65501K(65856K)->65501K(65856K) Class: 10489K(10816K)->10489K(10816K)
[340.492s][info ][gc             ] GC(82) Pause Young (Allocation Failure) 2279M->294M(2333M) 5.850ms
[340.492s][info ][gc,cpu         ] GC(82) User=0.02s Sys=0.00s Real=0.00s
[340.492s][info ][safepoint      ] Safepoint "ParallelGCFailedAllocation", Time since last: 530482603 ns, Reaching safepoint: 57804 ns, At safepoint: 5935498 ns, Total: 5993302 ns
[353.493s][info ][safepoint      ] Safepoint "Cleanup", Time since last: 13000980213 ns, Reaching safepoint: 131408 ns, At safepoint: 25102 ns, Total: 156510 ns
[361.494s][info ][safepoint      ] Safepoint "Cleanup", Time since last: 8000611906 ns, Reaching safepoint: 133109 ns, At safepoint: 13501 ns, Total: 146610 ns
[362.494s][info ][safepoint      ] Safepoint "Cleanup", Time since last: 1000121915 ns, Reaching safepoint: 58904 ns, At safepoint: 14901 ns, Total: 73805 ns
[363.494s][info ][safepoint      ] Safepoint "Cleanup", Time since last: 1000120414 ns, Reaching safepoint: 134609 ns, At safepoint: 11001 ns, Total: 145610 ns
[365.494s][info ][safepoint      ] Safepoint "Cleanup", Time since last: 2000206526 ns, Reaching safepoint: 53303 ns, At safepoint: 3401 ns, Total: 56704 ns
[366.495s][info ][safepoint      ] Safepoint "Cleanup", Time since last: 1000125514 ns, Reaching safepoint: 57503 ns, At safepoint: 3301 ns, Total: 60804 ns
[367.495s][info ][safepoint      ] Safepoint "Cleanup", Time since last: 1000114313 ns, Reaching safepoint: 60604 ns, At safepoint: 14801 ns, Total: 75405 ns
[369.495s][info ][safepoint      ] Safepoint "Cleanup", Time since last: 2000177821 ns, Reaching safepoint: 54804 ns, At safepoint: 11601 ns, Total: 66405 ns
[370.495s][info ][safepoint      ] Safepoint "Cleanup", Time since last: 1000118112 ns, Reaching safepoint: 57304 ns, At safepoint: 10201 ns, Total: 67505 ns
[372.495s][info ][safepoint      ] Safepoint "Cleanup", Time since last: 2000173819 ns, Reaching safepoint: 56604 ns, At safepoint: 17201 ns, Total: 73805 ns
[380.496s][info ][safepoint      ] Safepoint "Cleanup", Time since last: 8000587359 ns, Reaching safepoint: 43003 ns, At safepoint: 2500 ns, Total: 45503 ns
[432.595s][info ][gc,start       ] GC(83) Pause Young (Allocation Failure)
[432.600s][debug][gc,phases      ] GC(83) Scavenge 4.756ms
[432.600s][debug][gc,ref         ] GC(83) Skipped phase 1 of Reference Processing: no references
[432.600s][debug][gc,ref         ] GC(83) Skipped phase 3 of Reference Processing: no references
[432.600s][debug][gc,phases      ] GC(83) Reference Processing 0.026ms
[432.600s][debug][gc,phases      ] GC(83) Weak Processing 0.544ms
[432.600s][debug][gc,age         ] GC(83) Desired survivor size 30932992 bytes, new threshold 15 (max threshold 15)
[432.600s][info ][gc,heap        ] GC(83) PSYoungGen: 2040160K(2064384K)->7136K(2066944K) Eden: 2032640K(2032640K)->0K(2036224K) From: 7520K(31744K)->7136K(30720K)
[432.600s][info ][gc,heap        ] GC(83) ParOldGen: 293671K(325120K)->294031K(325120K)
[432.600s][info ][gc,metaspace   ] GC(83) Metaspace: 76016K(76672K)->76016K(76672K) NonClass: 65526K(65856K)->65526K(65856K) Class: 10489K(10816K)->10489K(10816K)
[432.600s][info ][gc             ] GC(83) Pause Young (Allocation Failure) 2279M->294M(2336M) 5.461ms
[432.600s][info ][gc,cpu         ] GC(83) User=0.01s Sys=0.00s Real=0.01s
[432.600s][info ][safepoint      ] Safepoint "ParallelGCFailedAllocation", Time since last: 52098599209 ns, Reaching safepoint: 145409 ns, At safepoint: 5561174 ns, Total: 5706583 ns
[461.602s][info ][safepoint      ] Safepoint "Cleanup", Time since last: 29001913546 ns, Reaching safepoint: 45203 ns, At safepoint: 7401 ns, Total: 52604 ns
[525.203s][info ][gc,start       ] GC(84) Pause Young (Allocation Failure)
[525.208s][debug][gc,phases      ] GC(84) Scavenge 4.724ms
[525.208s][debug][gc,ref         ] GC(84) Skipped phase 1 of Reference Processing: no references
[525.208s][debug][gc,ref         ] GC(84) Skipped phase 3 of Reference Processing: no references
[525.208s][debug][gc,phases      ] GC(84) Reference Processing 0.023ms
[525.209s][debug][gc,phases      ] GC(84) Weak Processing 0.588ms
[525.209s][debug][gc,age         ] GC(84) Desired survivor size 29884416 bytes, new threshold 15 (max threshold 15)
[525.209s][info ][gc,heap        ] GC(84) PSYoungGen: 2043360K(2066944K)->6848K(2066432K) Eden: 2036224K(2036224K)->0K(2036224K) From: 7136K(30720K)->6848K(30208K)
[525.209s][info ][gc,heap        ] GC(84) ParOldGen: 294031K(325120K)->294375K(325120K)
[525.209s][info ][gc,metaspace   ] GC(84) Metaspace: 76023K(76672K)->76023K(76672K) NonClass: 65534K(65856K)->65534K(65856K) Class: 10489K(10816K)->10489K(10816K)
[525.209s][info ][gc             ] GC(84) Pause Young (Allocation Failure) 2282M->294M(2335M) 5.455ms
[525.209s][info ][gc,cpu         ] GC(84) User=0.02s Sys=0.00s Real=0.01s
[525.209s][info ][safepoint      ] Safepoint "ParallelGCFailedAllocation", Time since last: 63600962262 ns, Reaching safepoint: 46903 ns, At safepoint: 5554973 ns, Total: 5601876 ns
[528.209s][info ][safepoint      ] Safepoint "Cleanup", Time since last: 3000207408 ns, Reaching safepoint: 48703 ns, At safepoint: 2600 ns, Total: 51303 ns
[558.211s][info ][safepoint      ] Safepoint "Cleanup", Time since last: 30001994773 ns, Reaching safepoint: 60404 ns, At safepoint: 9701 ns, Total: 70105 ns
[566.212s][info ][safepoint      ] Safepoint "Cleanup", Time since last: 8000534494 ns, Reaching safepoint: 47704 ns, At safepoint: 3200 ns, Total: 50904 ns
[577.213s][info ][safepoint      ] Safepoint "Cleanup", Time since last: 11000728559 ns, Reaching safepoint: 70205 ns, At safepoint: 12501 ns, Total: 82706 ns
[579.213s][info ][safepoint      ] Safepoint "Cleanup", Time since last: 2000172320 ns, Reaching safepoint: 76805 ns, At safepoint: 12200 ns, Total: 89005 ns
[581.213s][info ][safepoint      ] Safepoint "Cleanup", Time since last: 2000175620 ns, Reaching safepoint: 59404 ns, At safepoint: 11601 ns, Total: 71005 ns
[584.084s][info ][gc,heap,exit   ] Heap
[584.084s][info ][gc,heap,exit   ]  PSYoungGen      total 2066432K, used 1386716K [0x0000000780000000, 0x0000000800000000, 0x0000000800000000)
[584.084s][info ][gc,heap,exit   ]   eden space 2036224K, 67% used [0x0000000780000000,0x00000007d4387178,0x00000007fc480000)
[584.084s][info ][gc,heap,exit   ]   from space 30208K, 22% used [0x00000007fc480000,0x00000007fcb30000,0x00000007fe200000)
[584.084s][info ][gc,heap,exit   ]   to   space 29184K, 0% used [0x00000007fe380000,0x00000007fe380000,0x0000000800000000)
[584.084s][info ][gc,heap,exit   ]  ParOldGen       total 325120K, used 294375K [0x0000000740000000, 0x0000000753d80000, 0x0000000780000000)
[584.084s][info ][gc,heap,exit   ]   object space 325120K, 90% used [0x0000000740000000,0x0000000751f79de0,0x0000000753d80000)
[584.084s][info ][gc,heap,exit   ]  Metaspace       used 76097K, committed 76800K, reserved 1122304K
[584.084s][info ][gc,heap,exit   ]   class space    used 10496K, committed 10816K, reserved 1048576K
