[0.011s][info][gc] Using Concurrent Mark Sweep
[0.011s][info][gc,heap,coops] Heap address: 0x0000000700000000, size: 4096 MB, Compressed Oops mode: Zero based, Oop shift amount: 3
[0.067s][info][safepoint    ] Entering safepoint region: EnableBiasedLocking
[0.067s][info][safepoint    ] Leaving safepoint region
[0.067s][info][safepoint    ] Total time for which application threads were stopped: 0.0001183 seconds, Stopping threads took: 0.0000425 seconds
[0.078s][info][safepoint    ] Application time: 0.0065113 seconds
[0.078s][info][safepoint    ] Entering safepoint region: RevokeBias
[0.078s][info][safepoint    ] Leaving safepoint region
[0.078s][info][safepoint    ] Total time for which application threads were stopped: 0.0000972 seconds, Stopping threads took: 0.0000120 seconds
[0.160s][info][safepoint    ] Application time: 0.0825817 seconds
[0.160s][info][safepoint    ] Entering safepoint region: Deoptimize
[0.160s][info][safepoint    ] Leaving safepoint region
[0.160s][info][safepoint    ] Total time for which application threads were stopped: 0.0000675 seconds, Stopping threads took: 0.0000085 seconds
[1.161s][info][safepoint    ] Application time: 1.0001037 seconds
[1.161s][info][safepoint    ] Entering safepoint region: Cleanup
[1.161s][info][safepoint    ] Leaving safepoint region
[1.161s][info][safepoint    ] Total time for which application threads were stopped: 0.0001295 seconds, Stopping threads took: 0.0000108 seconds
[1.353s][info][safepoint    ] Application time: 0.1924522 seconds
[1.353s][info][safepoint    ] Entering safepoint region: Deoptimize
[1.353s][info][safepoint    ] Leaving safepoint region
[1.353s][info][safepoint    ] Total time for which application threads were stopped: 0.0001565 seconds, Stopping threads took: 0.0000069 seconds
[1.395s][info][safepoint    ] Application time: 0.0411840 seconds
[1.395s][info][safepoint    ] Entering safepoint region: Deoptimize
[1.395s][info][safepoint    ] Leaving safepoint region
[1.395s][info][safepoint    ] Total time for which application threads were stopped: 0.0001539 seconds, Stopping threads took: 0.0000076 seconds
[1.443s][info][safepoint    ] Application time: 0.0478552 seconds
[1.443s][info][safepoint    ] Entering safepoint region: Deoptimize
[1.443s][info][safepoint    ] Leaving safepoint region
[1.443s][info][safepoint    ] Total time for which application threads were stopped: 0.0001866 seconds, Stopping threads took: 0.0000076 seconds
[2.337s][info][safepoint    ] Application time: 0.8945828 seconds
[2.337s][info][safepoint    ] Entering safepoint region: Deoptimize
[2.338s][info][safepoint    ] Leaving safepoint region
[2.338s][info][safepoint    ] Total time for which application threads were stopped: 0.0002020 seconds, Stopping threads took: 0.0000075 seconds
[2.493s][info][safepoint    ] Application time: 0.1553949 seconds
[2.493s][info][safepoint    ] Entering safepoint region: Deoptimize
[2.493s][info][safepoint    ] Leaving safepoint region
[2.493s][info][safepoint    ] Total time for which application threads were stopped: 0.0002696 seconds, Stopping threads took: 0.0000086 seconds
[2.764s][info][safepoint    ] Application time: 0.2705683 seconds
[2.764s][info][safepoint    ] Entering safepoint region: ICBufferFull
[2.764s][info][safepoint    ] Leaving safepoint region
[2.764s][info][safepoint    ] Total time for which application threads were stopped: 0.0001883 seconds, Stopping threads took: 0.0000579 seconds
[2.884s][info][safepoint    ] Application time: 0.1199004 seconds
[2.884s][info][safepoint    ] Entering safepoint region: Deoptimize
[2.884s][info][safepoint    ] Leaving safepoint region
[2.884s][info][safepoint    ] Total time for which application threads were stopped: 0.0003341 seconds, Stopping threads took: 0.0000078 seconds
[2.892s][info][safepoint    ] Application time: 0.0072230 seconds
[2.892s][info][safepoint    ] Entering safepoint region: Deoptimize
[2.892s][info][safepoint    ] Leaving safepoint region
[2.892s][info][safepoint    ] Total time for which application threads were stopped: 0.0003729 seconds, Stopping threads took: 0.0000073 seconds
[3.009s][info][safepoint    ] Application time: 0.1173756 seconds
[3.009s][info][safepoint    ] Entering safepoint region: Deoptimize
[3.010s][info][safepoint    ] Leaving safepoint region
[3.010s][info][safepoint    ] Total time for which application threads were stopped: 0.0003176 seconds, Stopping threads took: 0.0000072 seconds
[3.227s][info][safepoint    ] Application time: 0.2176661 seconds
[3.227s][info][safepoint    ] Entering safepoint region: ICBufferFull
[3.228s][info][safepoint    ] Leaving safepoint region
[3.228s][info][safepoint    ] Total time for which application threads were stopped: 0.0001476 seconds, Stopping threads took: 0.0000104 seconds
[3.375s][info][safepoint    ] Application time: 0.1473520 seconds
[3.375s][info][safepoint    ] Entering safepoint region: Deoptimize
[3.375s][info][safepoint    ] Leaving safepoint region
[3.375s][info][safepoint    ] Total time for which application threads were stopped: 0.0003407 seconds, Stopping threads took: 0.0000113 seconds
[3.468s][info][safepoint    ] Application time: 0.0923115 seconds
[3.468s][info][safepoint    ] Entering safepoint region: CollectForMetadataAllocation
[3.468s][info][safepoint    ] Leaving safepoint region
[3.468s][info][safepoint    ] Total time for which application threads were stopped: 0.0001726 seconds, Stopping threads took: 0.0000078 seconds
[3.550s][info][safepoint    ] Application time: 0.0822495 seconds
[3.550s][info][safepoint    ] Entering safepoint region: GenCollectForAllocation
[3.550s][info][gc,start     ] GC(0) Pause Young (Allocation Failure)
[3.551s][info][gc,task      ] GC(0) Using 4 workers of 4 for evacuation
[3.597s][debug][gc,ref       ] GC(0) Skipped phase1 of Reference Processing due to unavailable references
[3.597s][debug][gc,ref       ] GC(0) Skipped phase3 of Reference Processing due to unavailable references
[3.597s][debug][gc,age       ] GC(0) Desired survivor size 15400960 bytes, new threshold 1 (max threshold 6)
[3.597s][info ][gc,heap      ] GC(0) ParNew: 240896K->30079K(270976K)
[3.597s][info ][gc,heap      ] GC(0) CMS: 0K->2934K(602112K)
[3.597s][info ][gc,metaspace ] GC(0) Metaspace: 20558K->20558K(1069056K)
[3.597s][info ][gc           ] GC(0) Pause Young (Allocation Failure) 235M->32M(852M) 46.696ms
[3.597s][info ][gc,cpu       ] GC(0) User=0.10s Sys=0.07s Real=0.05s
[3.597s][info ][safepoint    ] Leaving safepoint region
[3.597s][info ][safepoint    ] Total time for which application threads were stopped: 0.0468274 seconds, Stopping threads took: 0.0000080 seconds
[3.597s][info ][safepoint    ] Application time: 0.0000904 seconds
[3.597s][info ][safepoint    ] Entering safepoint region: CMS_Initial_Mark
[3.597s][info ][gc,start     ] GC(1) Pause Initial Mark
[3.605s][info ][gc           ] GC(1) Pause Initial Mark 36M->36M(852M) 7.279ms
[3.605s][info ][gc,cpu       ] GC(1) User=0.03s Sys=0.00s Real=0.01s
[3.605s][info ][safepoint    ] Leaving safepoint region
[3.605s][info ][safepoint    ] Total time for which application threads were stopped: 0.0074654 seconds, Stopping threads took: 0.0000740 seconds
[3.605s][info ][gc           ] GC(1) Concurrent Mark
[3.606s][info ][safepoint    ] Application time: 0.0010252 seconds
[3.606s][info ][safepoint    ] Entering safepoint region: RevokeBias
[3.606s][info ][safepoint    ] Leaving safepoint region
[3.606s][info ][safepoint    ] Total time for which application threads were stopped: 0.0001519 seconds, Stopping threads took: 0.0000963 seconds
[3.606s][info ][safepoint    ] Application time: 0.0000579 seconds
[3.606s][info ][safepoint    ] Entering safepoint region: RevokeBias
[3.606s][info ][safepoint    ] Leaving safepoint region
[3.606s][info ][safepoint    ] Total time for which application threads were stopped: 0.0000942 seconds, Stopping threads took: 0.0000314 seconds
[3.606s][info ][safepoint    ] Application time: 0.0000540 seconds
[3.606s][info ][safepoint    ] Entering safepoint region: RevokeBias
[3.606s][info ][safepoint    ] Leaving safepoint region
[3.606s][info ][safepoint    ] Total time for which application threads were stopped: 0.0001497 seconds, Stopping threads took: 0.0000712 seconds
[3.630s][info ][gc           ] GC(1) Concurrent Mark 25.645ms
[3.630s][info ][gc,cpu       ] GC(1) User=0.08s Sys=0.00s Real=0.02s
[3.630s][info ][gc           ] GC(1) Concurrent Preclean
[3.630s][debug][gc,ref       ] GC(1) Preclean SoftReferences 0.001ms
[3.630s][debug][gc,ref       ] GC(1) Preclean WeakReferences 0.000ms
[3.630s][debug][gc,ref       ] GC(1) Preclean FinalReferences 0.001ms
[3.630s][debug][gc,ref       ] GC(1) Preclean PhantomReferences 0.000ms
[3.631s][info ][gc           ] GC(1) Concurrent Preclean 1.129ms
[3.631s][info ][gc,cpu       ] GC(1) User=0.01s Sys=0.00s Real=0.01s
[3.631s][info ][gc           ] GC(1) Concurrent Abortable Preclean
[3.657s][info ][safepoint    ] Application time: 0.0507335 seconds
[3.657s][info ][safepoint    ] Entering safepoint region: CollectForMetadataAllocation
[3.657s][info ][safepoint    ] Leaving safepoint region
[3.657s][info ][safepoint    ] Total time for which application threads were stopped: 0.0000731 seconds, Stopping threads took: 0.0000076 seconds
[3.687s][info ][safepoint    ] Application time: 0.0294459 seconds
[3.687s][info ][safepoint    ] Entering safepoint region: CollectForMetadataAllocation
[3.687s][info ][safepoint    ] Leaving safepoint region
[3.687s][info ][safepoint    ] Total time for which application threads were stopped: 0.0000930 seconds, Stopping threads took: 0.0000077 seconds
[3.719s][info ][safepoint    ] Application time: 0.0320639 seconds
[3.719s][info ][safepoint    ] Entering safepoint region: CollectForMetadataAllocation
[3.719s][info ][safepoint    ] Leaving safepoint region
[3.719s][info ][safepoint    ] Total time for which application threads were stopped: 0.0001128 seconds, Stopping threads took: 0.0000077 seconds
[3.745s][info ][safepoint    ] Application time: 0.0256979 seconds
[3.745s][info ][safepoint    ] Entering safepoint region: CollectForMetadataAllocation
[3.745s][info ][safepoint    ] Leaving safepoint region
[3.745s][info ][safepoint    ] Total time for which application threads were stopped: 0.0000951 seconds, Stopping threads took: 0.0000077 seconds
[3.753s][info ][safepoint    ] Application time: 0.0084431 seconds
[3.753s][info ][safepoint    ] Entering safepoint region: RevokeBias
[3.753s][info ][safepoint    ] Leaving safepoint region
[3.753s][info ][safepoint    ] Total time for which application threads were stopped: 0.0002311 seconds, Stopping threads took: 0.0001040 seconds
[3.754s][info ][safepoint    ] Application time: 0.0001918 seconds
[3.754s][info ][safepoint    ] Entering safepoint region: RevokeBias
[3.754s][info ][safepoint    ] Leaving safepoint region
[3.754s][info ][safepoint    ] Total time for which application threads were stopped: 0.0000881 seconds, Stopping threads took: 0.0000466 seconds
[3.754s][info ][safepoint    ] Application time: 0.0004558 seconds
[3.757s][info ][safepoint    ] Entering safepoint region: RevokeBias
[3.757s][info ][safepoint    ] Leaving safepoint region
[3.757s][info ][safepoint    ] Total time for which application threads were stopped: 0.0030498 seconds, Stopping threads took: 0.0029603 seconds
[3.763s][info ][safepoint    ] Application time: 0.0054554 seconds
[3.763s][info ][safepoint    ] Entering safepoint region: RevokeBias
[3.763s][info ][safepoint    ] Leaving safepoint region
[3.763s][info ][safepoint    ] Total time for which application threads were stopped: 0.0002714 seconds, Stopping threads took: 0.0001759 seconds
[3.763s][info ][safepoint    ] Application time: 0.0001746 seconds
[3.763s][info ][safepoint    ] Entering safepoint region: RevokeBias
[3.763s][info ][safepoint    ] Leaving safepoint region
[3.763s][info ][safepoint    ] Total time for which application threads were stopped: 0.0000821 seconds, Stopping threads took: 0.0000268 seconds
[3.764s][info ][safepoint    ] Application time: 0.0002332 seconds
[3.764s][info ][safepoint    ] Entering safepoint region: RevokeBias
[3.764s][info ][safepoint    ] Leaving safepoint region
[3.764s][info ][safepoint    ] Total time for which application threads were stopped: 0.0001753 seconds, Stopping threads took: 0.0001167 seconds
[3.764s][info ][safepoint    ] Application time: 0.0001290 seconds
[3.764s][info ][safepoint    ] Entering safepoint region: RevokeBias
[3.764s][info ][safepoint    ] Leaving safepoint region
[3.764s][info ][safepoint    ] Total time for which application threads were stopped: 0.0003426 seconds, Stopping threads took: 0.0002940 seconds
[3.765s][info ][safepoint    ] Application time: 0.0003402 seconds
[3.765s][info ][safepoint    ] Entering safepoint region: RevokeBias
[3.765s][info ][safepoint    ] Leaving safepoint region
[3.765s][info ][safepoint    ] Total time for which application threads were stopped: 0.0001823 seconds, Stopping threads took: 0.0001107 seconds
[3.765s][info ][safepoint    ] Application time: 0.0002449 seconds
[3.765s][info ][safepoint    ] Entering safepoint region: RevokeBias
[3.765s][info ][safepoint    ] Leaving safepoint region
[3.765s][info ][safepoint    ] Total time for which application threads were stopped: 0.0001447 seconds, Stopping threads took: 0.0000892 seconds
[3.765s][info ][safepoint    ] Application time: 0.0002226 seconds
[3.766s][info ][safepoint    ] Entering safepoint region: RevokeBias
[3.766s][info ][safepoint    ] Leaving safepoint region
[3.766s][info ][safepoint    ] Total time for which application threads were stopped: 0.0002414 seconds, Stopping threads took: 0.0001731 seconds
[3.766s][info ][safepoint    ] Application time: 0.0001535 seconds
[3.766s][info ][safepoint    ] Entering safepoint region: RevokeBias
[3.766s][info ][safepoint    ] Leaving safepoint region
[3.766s][info ][safepoint    ] Total time for which application threads were stopped: 0.0001847 seconds, Stopping threads took: 0.0000848 seconds
[3.766s][info ][safepoint    ] Application time: 0.0003319 seconds
[3.766s][info ][safepoint    ] Entering safepoint region: RevokeBias
[3.767s][info ][safepoint    ] Leaving safepoint region
[3.767s][info ][safepoint    ] Total time for which application threads were stopped: 0.0001632 seconds, Stopping threads took: 0.0000942 seconds
[3.767s][info ][safepoint    ] Application time: 0.0005996 seconds
[3.767s][info ][safepoint    ] Entering safepoint region: RevokeBias
[3.767s][info ][safepoint    ] Leaving safepoint region
[3.767s][info ][safepoint    ] Total time for which application threads were stopped: 0.0002600 seconds, Stopping threads took: 0.0001993 seconds
[3.768s][info ][safepoint    ] Application time: 0.0001291 seconds
[3.768s][info ][safepoint    ] Entering safepoint region: RevokeBias
[3.768s][info ][safepoint    ] Leaving safepoint region
[3.768s][info ][safepoint    ] Total time for which application threads were stopped: 0.0002504 seconds, Stopping threads took: 0.0002097 seconds
[3.769s][info ][safepoint    ] Application time: 0.0006782 seconds
[3.769s][info ][safepoint    ] Entering safepoint region: RevokeBias
[3.769s][info ][safepoint    ] Leaving safepoint region
[3.769s][info ][safepoint    ] Total time for which application threads were stopped: 0.0001006 seconds, Stopping threads took: 0.0000226 seconds
[3.769s][info ][safepoint    ] Application time: 0.0004247 seconds
[3.769s][info ][safepoint    ] Entering safepoint region: RevokeBias
[3.769s][info ][safepoint    ] Leaving safepoint region
[3.769s][info ][safepoint    ] Total time for which application threads were stopped: 0.0001507 seconds, Stopping threads took: 0.0000573 seconds
[3.770s][info ][safepoint    ] Application time: 0.0002857 seconds
[3.770s][info ][safepoint    ] Entering safepoint region: RevokeBias
[3.770s][info ][safepoint    ] Leaving safepoint region
[3.770s][info ][safepoint    ] Total time for which application threads were stopped: 0.0000827 seconds, Stopping threads took: 0.0000081 seconds
[3.771s][info ][safepoint    ] Application time: 0.0016326 seconds
[3.772s][info ][safepoint    ] Entering safepoint region: RevokeBias
[3.772s][info ][safepoint    ] Leaving safepoint region
[3.772s][info ][safepoint    ] Total time for which application threads were stopped: 0.0004289 seconds, Stopping threads took: 0.0003113 seconds
[3.772s][info ][safepoint    ] Application time: 0.0000704 seconds
[3.772s][info ][safepoint    ] Entering safepoint region: RevokeBias
[3.772s][info ][safepoint    ] Leaving safepoint region
[3.772s][info ][safepoint    ] Total time for which application threads were stopped: 0.0001104 seconds, Stopping threads took: 0.0000704 seconds
[3.772s][info ][safepoint    ] Application time: 0.0003079 seconds
[3.772s][info ][safepoint    ] Entering safepoint region: RevokeBias
[3.772s][info ][safepoint    ] Leaving safepoint region
[3.772s][info ][safepoint    ] Total time for which application threads were stopped: 0.0001086 seconds, Stopping threads took: 0.0000594 seconds
[3.772s][info ][safepoint    ] Application time: 0.0000536 seconds
[3.772s][info ][safepoint    ] Entering safepoint region: RevokeBias
[3.773s][info ][safepoint    ] Leaving safepoint region
[3.773s][info ][safepoint    ] Total time for which application threads were stopped: 0.0001101 seconds, Stopping threads took: 0.0000645 seconds
[3.773s][info ][safepoint    ] Application time: 0.0004391 seconds
[3.773s][info ][safepoint    ] Entering safepoint region: RevokeBias
[3.773s][info ][safepoint    ] Leaving safepoint region
[3.773s][info ][safepoint    ] Total time for which application threads were stopped: 0.0000818 seconds, Stopping threads took: 0.0000302 seconds
[3.774s][info ][safepoint    ] Application time: 0.0006735 seconds
[3.774s][info ][safepoint    ] Entering safepoint region: RevokeBias
[3.774s][info ][safepoint    ] Leaving safepoint region
[3.774s][info ][safepoint    ] Total time for which application threads were stopped: 0.0001247 seconds, Stopping threads took: 0.0000516 seconds
[3.779s][info ][safepoint    ] Application time: 0.0048474 seconds
[3.779s][info ][safepoint    ] Entering safepoint region: RevokeBias
[3.779s][info ][safepoint    ] Leaving safepoint region
[3.779s][info ][safepoint    ] Total time for which application threads were stopped: 0.0001818 seconds, Stopping threads took: 0.0000750 seconds
[3.781s][info ][safepoint    ] Application time: 0.0016005 seconds
[3.781s][info ][safepoint    ] Entering safepoint region: BulkRevokeBias
[3.781s][info ][safepoint    ] Leaving safepoint region
[3.781s][info ][safepoint    ] Total time for which application threads were stopped: 0.0002298 seconds, Stopping threads took: 0.0000435 seconds
[3.783s][info ][safepoint    ] Application time: 0.0024474 seconds
[3.783s][info ][safepoint    ] Entering safepoint region: RevokeBias
[3.784s][info ][safepoint    ] Leaving safepoint region
[3.784s][info ][safepoint    ] Total time for which application threads were stopped: 0.0003386 seconds, Stopping threads took: 0.0002281 seconds
[3.784s][info ][safepoint    ] Application time: 0.0002602 seconds
[3.784s][info ][safepoint    ] Entering safepoint region: CollectForMetadataAllocation
[3.784s][info ][safepoint    ] Leaving safepoint region
[3.784s][info ][safepoint    ] Total time for which application threads were stopped: 0.0000908 seconds, Stopping threads took: 0.0000455 seconds
[3.786s][info ][safepoint    ] Application time: 0.0022358 seconds
[3.786s][info ][safepoint    ] Entering safepoint region: RevokeBias
[3.786s][info ][safepoint    ] Leaving safepoint region
[3.786s][info ][safepoint    ] Total time for which application threads were stopped: 0.0001323 seconds, Stopping threads took: 0.0000782 seconds
[3.788s][info ][safepoint    ] Application time: 0.0019790 seconds
[3.788s][info ][safepoint    ] Entering safepoint region: RevokeBias
[3.788s][info ][safepoint    ] Leaving safepoint region
[3.788s][info ][safepoint    ] Total time for which application threads were stopped: 0.0000613 seconds, Stopping threads took: 0.0000106 seconds
[3.789s][info ][safepoint    ] Application time: 0.0001740 seconds
[3.789s][info ][safepoint    ] Entering safepoint region: RevokeBias
[3.789s][info ][safepoint    ] Leaving safepoint region
[3.789s][info ][safepoint    ] Total time for which application threads were stopped: 0.0001333 seconds, Stopping threads took: 0.0000764 seconds
[3.789s][info ][safepoint    ] Application time: 0.0004010 seconds
[3.789s][info ][safepoint    ] Entering safepoint region: RevokeBias
[3.789s][info ][safepoint    ] Leaving safepoint region
[3.789s][info ][safepoint    ] Total time for which application threads were stopped: 0.0003040 seconds, Stopping threads took: 0.0002558 seconds
[3.792s][info ][safepoint    ] Application time: 0.0022368 seconds
[3.792s][info ][safepoint    ] Entering safepoint region: RevokeBias
[3.792s][info ][safepoint    ] Leaving safepoint region
[3.792s][info ][safepoint    ] Total time for which application threads were stopped: 0.0001772 seconds, Stopping threads took: 0.0000764 seconds
[3.793s][info ][safepoint    ] Application time: 0.0006614 seconds
[3.793s][info ][safepoint    ] Entering safepoint region: RevokeBias
[3.793s][info ][safepoint    ] Leaving safepoint region
[3.793s][info ][safepoint    ] Total time for which application threads were stopped: 0.0001193 seconds, Stopping threads took: 0.0000641 seconds
[3.794s][info ][safepoint    ] Application time: 0.0017236 seconds
[3.795s][info ][safepoint    ] Entering safepoint region: RevokeBias
[3.795s][info ][safepoint    ] Leaving safepoint region
[3.795s][info ][safepoint    ] Total time for which application threads were stopped: 0.0002013 seconds, Stopping threads took: 0.0001264 seconds
[3.795s][info ][safepoint    ] Application time: 0.0002153 seconds
[3.795s][info ][safepoint    ] Entering safepoint region: CollectForMetadataAllocation
[3.795s][info ][safepoint    ] Leaving safepoint region
[3.795s][info ][safepoint    ] Total time for which application threads were stopped: 0.0003940 seconds, Stopping threads took: 0.0003372 seconds
[3.797s][info ][safepoint    ] Application time: 0.0016444 seconds
[3.797s][info ][safepoint    ] Entering safepoint region: RevokeBias
[3.797s][info ][safepoint    ] Leaving safepoint region
[3.797s][info ][safepoint    ] Total time for which application threads were stopped: 0.0001156 seconds, Stopping threads took: 0.0000695 seconds
[3.799s][info ][safepoint    ] Application time: 0.0021774 seconds
[3.799s][info ][safepoint    ] Entering safepoint region: RevokeBias
[3.799s][info ][safepoint    ] Leaving safepoint region
[3.800s][info ][safepoint    ] Total time for which application threads were stopped: 0.0002385 seconds, Stopping threads took: 0.0001564 seconds
[3.801s][info ][safepoint    ] Application time: 0.0017350 seconds
[3.801s][info ][safepoint    ] Entering safepoint region: RevokeBias
[3.801s][info ][safepoint    ] Leaving safepoint region
[3.801s][info ][safepoint    ] Total time for which application threads were stopped: 0.0000749 seconds, Stopping threads took: 0.0000288 seconds
[3.803s][info ][safepoint    ] Application time: 0.0011945 seconds
[3.803s][info ][safepoint    ] Entering safepoint region: CollectForMetadataAllocation
[3.803s][info ][safepoint    ] Leaving safepoint region
[3.803s][info ][safepoint    ] Total time for which application threads were stopped: 0.0001629 seconds, Stopping threads took: 0.0000651 seconds
[3.803s][info ][safepoint    ] Application time: 0.0003596 seconds
[3.803s][info ][safepoint    ] Entering safepoint region: RevokeBias
[3.803s][info ][safepoint    ] Leaving safepoint region
[3.803s][info ][safepoint    ] Total time for which application threads were stopped: 0.0001424 seconds, Stopping threads took: 0.0000973 seconds
[3.804s][info ][safepoint    ] Application time: 0.0009598 seconds
[3.804s][info ][safepoint    ] Entering safepoint region: RevokeBias
[3.804s][info ][safepoint    ] Leaving safepoint region
[3.804s][info ][safepoint    ] Total time for which application threads were stopped: 0.0001388 seconds, Stopping threads took: 0.0000952 seconds
[3.805s][info ][safepoint    ] Application time: 0.0007599 seconds
[3.805s][info ][safepoint    ] Entering safepoint region: RevokeBias
[3.805s][info ][safepoint    ] Leaving safepoint region
[3.805s][info ][safepoint    ] Total time for which application threads were stopped: 0.0001695 seconds, Stopping threads took: 0.0000742 seconds
[3.808s][info ][safepoint    ] Application time: 0.0029946 seconds
[3.808s][info ][safepoint    ] Entering safepoint region: RevokeBias
[3.808s][info ][safepoint    ] Leaving safepoint region
[3.808s][info ][safepoint    ] Total time for which application threads were stopped: 0.0000972 seconds, Stopping threads took: 0.0000311 seconds
[3.810s][info ][safepoint    ] Application time: 0.0013310 seconds
[3.810s][info ][safepoint    ] Entering safepoint region: RevokeBias
[3.810s][info ][safepoint    ] Leaving safepoint region
[3.810s][info ][safepoint    ] Total time for which application threads were stopped: 0.0000748 seconds, Stopping threads took: 0.0000078 seconds
[3.810s][info ][safepoint    ] Application time: 0.0005756 seconds
[3.811s][info ][safepoint    ] Entering safepoint region: RevokeBias
[3.811s][info ][safepoint    ] Leaving safepoint region
[3.811s][info ][safepoint    ] Total time for which application threads were stopped: 0.0000956 seconds, Stopping threads took: 0.0000402 seconds
[3.811s][info ][safepoint    ] Application time: 0.0001488 seconds
[3.811s][info ][safepoint    ] Entering safepoint region: RevokeBias
[3.811s][info ][safepoint    ] Leaving safepoint region
[3.811s][info ][safepoint    ] Total time for which application threads were stopped: 0.0000854 seconds, Stopping threads took: 0.0000305 seconds
[3.812s][info ][safepoint    ] Application time: 0.0012263 seconds
[3.812s][info ][safepoint    ] Entering safepoint region: CollectForMetadataAllocation
[3.812s][info ][safepoint    ] Leaving safepoint region
[3.812s][info ][safepoint    ] Total time for which application threads were stopped: 0.0001073 seconds, Stopping threads took: 0.0000435 seconds
[3.813s][info ][safepoint    ] Application time: 0.0004372 seconds
[3.813s][info ][safepoint    ] Entering safepoint region: RevokeBias
[3.813s][info ][safepoint    ] Leaving safepoint region
[3.813s][info ][safepoint    ] Total time for which application threads were stopped: 0.0002397 seconds, Stopping threads took: 0.0001880 seconds
[3.815s][info ][safepoint    ] Application time: 0.0017613 seconds
[3.815s][info ][safepoint    ] Entering safepoint region: RevokeBias
[3.815s][info ][safepoint    ] Leaving safepoint region
[3.815s][info ][safepoint    ] Total time for which application threads were stopped: 0.0001082 seconds, Stopping threads took: 0.0000274 seconds
[3.815s][info ][safepoint    ] Application time: 0.0005368 seconds
[3.815s][info ][safepoint    ] Entering safepoint region: BulkRevokeBias
[3.816s][info ][safepoint    ] Leaving safepoint region
[3.816s][info ][safepoint    ] Total time for which application threads were stopped: 0.0001885 seconds, Stopping threads took: 0.0000072 seconds
[3.817s][info ][safepoint    ] Application time: 0.0010883 seconds
[3.817s][info ][safepoint    ] Entering safepoint region: RevokeBias
[3.817s][info ][safepoint    ] Leaving safepoint region
[3.817s][info ][safepoint    ] Total time for which application threads were stopped: 0.0001327 seconds, Stopping threads took: 0.0000559 seconds
[3.826s][info ][safepoint    ] Application time: 0.0091556 seconds
[3.826s][info ][safepoint    ] Entering safepoint region: CollectForMetadataAllocation
[3.826s][info ][safepoint    ] Leaving safepoint region
[3.826s][info ][safepoint    ] Total time for which application threads were stopped: 0.0002905 seconds, Stopping threads took: 0.0001862 seconds
[3.829s][info ][safepoint    ] Application time: 0.0027365 seconds
[3.829s][info ][safepoint    ] Entering safepoint region: RevokeBias
[3.829s][info ][safepoint    ] Leaving safepoint region
[3.829s][info ][safepoint    ] Total time for which application threads were stopped: 0.0001205 seconds, Stopping threads took: 0.0000476 seconds
[3.839s][info ][safepoint    ] Application time: 0.0101639 seconds
[3.839s][info ][safepoint    ] Entering safepoint region: CollectForMetadataAllocation
[3.839s][info ][safepoint    ] Leaving safepoint region
[3.839s][info ][safepoint    ] Total time for which application threads were stopped: 0.0001439 seconds, Stopping threads took: 0.0000617 seconds
[3.848s][info ][safepoint    ] Application time: 0.0083080 seconds
[3.850s][info ][safepoint    ] Entering safepoint region: CollectForMetadataAllocation
[3.850s][info ][safepoint    ] Leaving safepoint region
[3.850s][info ][safepoint    ] Total time for which application threads were stopped: 0.0018408 seconds, Stopping threads took: 0.0017213 seconds
[3.853s][info ][safepoint    ] Application time: 0.0036596 seconds
[3.853s][info ][safepoint    ] Entering safepoint region: RevokeBias
[3.854s][info ][safepoint    ] Leaving safepoint region
[3.854s][info ][safepoint    ] Total time for which application threads were stopped: 0.0002388 seconds, Stopping threads took: 0.0000982 seconds
[3.856s][info ][safepoint    ] Application time: 0.0025268 seconds
[3.856s][info ][safepoint    ] Entering safepoint region: RevokeBias
[3.856s][info ][safepoint    ] Leaving safepoint region
[3.856s][info ][safepoint    ] Total time for which application threads were stopped: 0.0001435 seconds, Stopping threads took: 0.0000308 seconds
[3.863s][info ][safepoint    ] Application time: 0.0062455 seconds
[3.863s][info ][safepoint    ] Entering safepoint region: RevokeBias
[3.863s][info ][safepoint    ] Leaving safepoint region
[3.863s][info ][safepoint    ] Total time for which application threads were stopped: 0.0001445 seconds, Stopping threads took: 0.0000669 seconds
[3.865s][info ][safepoint    ] Application time: 0.0022796 seconds
[3.865s][info ][safepoint    ] Entering safepoint region: CollectForMetadataAllocation
[3.865s][info ][safepoint    ] Leaving safepoint region
[3.865s][info ][safepoint    ] Total time for which application threads were stopped: 0.0001177 seconds, Stopping threads took: 0.0000426 seconds
[3.866s][info ][safepoint    ] Application time: 0.0005926 seconds
[3.866s][info ][safepoint    ] Entering safepoint region: RevokeBias
[3.866s][info ][safepoint    ] Leaving safepoint region
[3.866s][info ][safepoint    ] Total time for which application threads were stopped: 0.0003636 seconds, Stopping threads took: 0.0002983 seconds
[3.877s][info ][safepoint    ] Application time: 0.0109046 seconds
[3.877s][info ][safepoint    ] Entering safepoint region: CollectForMetadataAllocation
[3.877s][info ][safepoint    ] Leaving safepoint region
[3.877s][info ][safepoint    ] Total time for which application threads were stopped: 0.0001429 seconds, Stopping threads took: 0.0000521 seconds
[3.889s][info ][safepoint    ] Application time: 0.0121491 seconds
[3.889s][info ][safepoint    ] Entering safepoint region: RevokeBias
[3.890s][info ][safepoint    ] Leaving safepoint region
[3.890s][info ][safepoint    ] Total time for which application threads were stopped: 0.0002046 seconds, Stopping threads took: 0.0000491 seconds
[3.891s][info ][safepoint    ] Application time: 0.0014196 seconds
[3.891s][info ][safepoint    ] Entering safepoint region: CollectForMetadataAllocation
[3.891s][info ][safepoint    ] Leaving safepoint region
[3.891s][info ][safepoint    ] Total time for which application threads were stopped: 0.0001232 seconds, Stopping threads took: 0.0000585 seconds
[3.892s][info ][safepoint    ] Application time: 0.0010225 seconds
[3.892s][info ][safepoint    ] Entering safepoint region: RevokeBias
[3.892s][info ][safepoint    ] Leaving safepoint region
[3.892s][info ][safepoint    ] Total time for which application threads were stopped: 0.0001649 seconds, Stopping threads took: 0.0000638 seconds
[3.893s][info ][safepoint    ] Application time: 0.0006692 seconds
[3.893s][info ][safepoint    ] Entering safepoint region: Deoptimize
[3.893s][info ][safepoint    ] Leaving safepoint region
[3.893s][info ][safepoint    ] Total time for which application threads were stopped: 0.0004120 seconds, Stopping threads took: 0.0000349 seconds
[3.922s][info ][safepoint    ] Application time: 0.0282445 seconds
[3.922s][info ][safepoint    ] Entering safepoint region: RevokeBias
[3.922s][info ][safepoint    ] Leaving safepoint region
[3.922s][info ][safepoint    ] Total time for which application threads were stopped: 0.0001555 seconds, Stopping threads took: 0.0000588 seconds
[3.922s][info ][safepoint    ] Application time: 0.0002683 seconds
[3.922s][info ][safepoint    ] Entering safepoint region: RevokeBias
[3.922s][info ][safepoint    ] Leaving safepoint region
[3.922s][info ][safepoint    ] Total time for which application threads were stopped: 0.0001498 seconds, Stopping threads took: 0.0000500 seconds
[3.923s][info ][safepoint    ] Application time: 0.0002814 seconds
[3.923s][info ][safepoint    ] Entering safepoint region: RevokeBias
[3.923s][info ][safepoint    ] Leaving safepoint region
[3.923s][info ][safepoint    ] Total time for which application threads were stopped: 0.0001269 seconds, Stopping threads took: 0.0000681 seconds
[3.924s][info ][safepoint    ] Application time: 0.0007166 seconds
[3.924s][info ][safepoint    ] Entering safepoint region: RevokeBias
[3.924s][info ][safepoint    ] Leaving safepoint region
[3.924s][info ][safepoint    ] Total time for which application threads were stopped: 0.0003517 seconds, Stopping threads took: 0.0002866 seconds
[3.924s][info ][safepoint    ] Application time: 0.0003200 seconds
[3.924s][info ][safepoint    ] Entering safepoint region: RevokeBias
[3.924s][info ][safepoint    ] Leaving safepoint region
[3.924s][info ][safepoint    ] Total time for which application threads were stopped: 0.0001906 seconds, Stopping threads took: 0.0000926 seconds
[3.925s][info ][safepoint    ] Application time: 0.0003465 seconds
[3.925s][info ][safepoint    ] Entering safepoint region: RevokeBias
[3.925s][info ][safepoint    ] Leaving safepoint region
[3.925s][info ][safepoint    ] Total time for which application threads were stopped: 0.0002143 seconds, Stopping threads took: 0.0001580 seconds
[3.926s][info ][safepoint    ] Application time: 0.0012225 seconds
[3.926s][info ][safepoint    ] Entering safepoint region: RevokeBias
[3.929s][info ][safepoint    ] Leaving safepoint region
[3.929s][info ][safepoint    ] Total time for which application threads were stopped: 0.0029444 seconds, Stopping threads took: 0.0000398 seconds
[3.929s][info ][safepoint    ] Application time: 0.0001559 seconds
[3.929s][info ][safepoint    ] Entering safepoint region: RevokeBias
[3.930s][info ][safepoint    ] Leaving safepoint region
[3.930s][info ][safepoint    ] Total time for which application threads were stopped: 0.0004979 seconds, Stopping threads took: 0.0001294 seconds
[3.930s][info ][safepoint    ] Application time: 0.0001219 seconds
[3.930s][info ][safepoint    ] Entering safepoint region: BulkRevokeBias
[3.930s][info ][safepoint    ] Leaving safepoint region
[3.931s][info ][safepoint    ] Total time for which application threads were stopped: 0.0005102 seconds, Stopping threads took: 0.0001263 seconds
[3.931s][info ][safepoint    ] Application time: 0.0009411 seconds
[3.932s][info ][safepoint    ] Entering safepoint region: RevokeBias
[3.932s][info ][safepoint    ] Leaving safepoint region
[3.932s][info ][safepoint    ] Total time for which application threads were stopped: 0.0001483 seconds, Stopping threads took: 0.0000538 seconds
[3.932s][info ][safepoint    ] Application time: 0.0003562 seconds
[3.932s][info ][safepoint    ] Entering safepoint region: RevokeBias
[3.932s][info ][safepoint    ] Leaving safepoint region
[3.932s][info ][safepoint    ] Total time for which application threads were stopped: 0.0000823 seconds, Stopping threads took: 0.0000083 seconds
[3.935s][info ][safepoint    ] Application time: 0.0024774 seconds
[3.935s][info ][safepoint    ] Entering safepoint region: CollectForMetadataAllocation
[3.935s][info ][safepoint    ] Leaving safepoint region
[3.935s][info ][safepoint    ] Total time for which application threads were stopped: 0.0003497 seconds, Stopping threads took: 0.0001667 seconds
[3.943s][info ][safepoint    ] Application time: 0.0080321 seconds
[3.943s][info ][safepoint    ] Entering safepoint region: Deoptimize
[3.944s][info ][safepoint    ] Leaving safepoint region
[3.944s][info ][safepoint    ] Total time for which application threads were stopped: 0.0007512 seconds, Stopping threads took: 0.0003277 seconds
[3.946s][info ][safepoint    ] Application time: 0.0017058 seconds
[3.946s][info ][safepoint    ] Entering safepoint region: RevokeBias
[3.946s][info ][safepoint    ] Leaving safepoint region
[3.946s][info ][safepoint    ] Total time for which application threads were stopped: 0.0002045 seconds, Stopping threads took: 0.0001362 seconds
[3.949s][info ][safepoint    ] Application time: 0.0034384 seconds
[3.950s][info ][safepoint    ] Entering safepoint region: RevokeBias
[3.950s][info ][safepoint    ] Leaving safepoint region
[3.950s][info ][safepoint    ] Total time for which application threads were stopped: 0.0012557 seconds, Stopping threads took: 0.0011549 seconds
[3.951s][info ][safepoint    ] Application time: 0.0002772 seconds
[3.951s][info ][safepoint    ] Entering safepoint region: RevokeBias
[3.951s][info ][safepoint    ] Leaving safepoint region
[3.951s][info ][safepoint    ] Total time for which application threads were stopped: 0.0004017 seconds, Stopping threads took: 0.0001948 seconds
[3.952s][info ][safepoint    ] Application time: 0.0007140 seconds
[3.952s][info ][safepoint    ] Entering safepoint region: RevokeBias
[3.952s][info ][safepoint    ] Leaving safepoint region
[3.952s][info ][safepoint    ] Total time for which application threads were stopped: 0.0003168 seconds, Stopping threads took: 0.0001547 seconds
[3.953s][info ][safepoint    ] Application time: 0.0006131 seconds
[3.953s][info ][safepoint    ] Entering safepoint region: RevokeBias
[3.953s][info ][safepoint    ] Leaving safepoint region
[3.953s][info ][safepoint    ] Total time for which application threads were stopped: 0.0005466 seconds, Stopping threads took: 0.0004340 seconds
[3.955s][info ][safepoint    ] Application time: 0.0014817 seconds
[3.955s][info ][safepoint    ] Entering safepoint region: RevokeBias
[3.955s][info ][safepoint    ] Leaving safepoint region
[3.955s][info ][safepoint    ] Total time for which application threads were stopped: 0.0003544 seconds, Stopping threads took: 0.0001727 seconds
[3.955s][info ][safepoint    ] Application time: 0.0001359 seconds
[3.956s][info ][safepoint    ] Entering safepoint region: RevokeBias
[3.956s][info ][safepoint    ] Leaving safepoint region
[3.956s][info ][safepoint    ] Total time for which application threads were stopped: 0.0002725 seconds, Stopping threads took: 0.0001382 seconds
[3.957s][info ][safepoint    ] Application time: 0.0009093 seconds
[3.957s][info ][safepoint    ] Entering safepoint region: RevokeBias
[3.957s][info ][safepoint    ] Leaving safepoint region
[3.957s][info ][safepoint    ] Total time for which application threads were stopped: 0.0002842 seconds, Stopping threads took: 0.0001445 seconds
[3.957s][info ][safepoint    ] Application time: 0.0004250 seconds
[3.957s][info ][safepoint    ] Entering safepoint region: RevokeBias
[3.958s][info ][safepoint    ] Leaving safepoint region
[3.958s][info ][safepoint    ] Total time for which application threads were stopped: 0.0002599 seconds, Stopping threads took: 0.0001101 seconds
[3.959s][info ][safepoint    ] Application time: 0.0012003 seconds
[3.959s][info ][safepoint    ] Entering safepoint region: RevokeBias
[3.959s][info ][safepoint    ] Leaving safepoint region
[3.959s][info ][safepoint    ] Total time for which application threads were stopped: 0.0001961 seconds, Stopping threads took: 0.0001039 seconds
[3.961s][info ][safepoint    ] Application time: 0.0017999 seconds
[3.961s][info ][safepoint    ] Entering safepoint region: CollectForMetadataAllocation
[3.961s][info ][safepoint    ] Leaving safepoint region
[3.961s][info ][safepoint    ] Total time for which application threads were stopped: 0.0001293 seconds, Stopping threads took: 0.0000487 seconds
[3.962s][info ][safepoint    ] Application time: 0.0006639 seconds
[3.962s][info ][safepoint    ] Entering safepoint region: RevokeBias
[3.962s][info ][safepoint    ] Leaving safepoint region
[3.962s][info ][safepoint    ] Total time for which application threads were stopped: 0.0001756 seconds, Stopping threads took: 0.0000967 seconds
[3.962s][info ][safepoint    ] Application time: 0.0001878 seconds
[3.962s][info ][safepoint    ] Entering safepoint region: RevokeBias
[3.962s][info ][safepoint    ] Leaving safepoint region
[3.962s][info ][safepoint    ] Total time for which application threads were stopped: 0.0001535 seconds, Stopping threads took: 0.0000353 seconds
[3.969s][info ][safepoint    ] Application time: 0.0067611 seconds
[3.969s][info ][safepoint    ] Entering safepoint region: RevokeBias
[3.969s][info ][safepoint    ] Leaving safepoint region
[3.969s][info ][safepoint    ] Total time for which application threads were stopped: 0.0003389 seconds, Stopping threads took: 0.0001890 seconds
[3.988s][info ][safepoint    ] Application time: 0.0182962 seconds
[3.988s][info ][safepoint    ] Entering safepoint region: RevokeBias
[3.988s][info ][safepoint    ] Leaving safepoint region
[3.988s][info ][safepoint    ] Total time for which application threads were stopped: 0.0003829 seconds, Stopping threads took: 0.0001407 seconds
[3.990s][info ][safepoint    ] Application time: 0.0016869 seconds
[3.990s][info ][safepoint    ] Entering safepoint region: RevokeBias
[3.990s][info ][safepoint    ] Leaving safepoint region
[3.990s][info ][safepoint    ] Total time for which application threads were stopped: 0.0003919 seconds, Stopping threads took: 0.0001538 seconds
[3.991s][info ][safepoint    ] Application time: 0.0011002 seconds
[3.991s][info ][safepoint    ] Entering safepoint region: RevokeBias
[3.992s][info ][safepoint    ] Leaving safepoint region
[3.992s][info ][safepoint    ] Total time for which application threads were stopped: 0.0002525 seconds, Stopping threads took: 0.0001426 seconds
[3.994s][info ][safepoint    ] Application time: 0.0027343 seconds
[3.995s][info ][safepoint    ] Entering safepoint region: RevokeBias
[3.995s][info ][safepoint    ] Leaving safepoint region
[3.995s][info ][safepoint    ] Total time for which application threads were stopped: 0.0004050 seconds, Stopping threads took: 0.0002305 seconds
[4.000s][info ][safepoint    ] Application time: 0.0050817 seconds
[4.000s][info ][safepoint    ] Entering safepoint region: RevokeBias
[4.000s][info ][safepoint    ] Leaving safepoint region
[4.000s][info ][safepoint    ] Total time for which application threads were stopped: 0.0004854 seconds, Stopping threads took: 0.0002572 seconds
[4.042s][info ][safepoint    ] Application time: 0.0413655 seconds
[4.043s][info ][safepoint    ] Entering safepoint region: RevokeBias
[4.043s][info ][safepoint    ] Leaving safepoint region
[4.043s][info ][safepoint    ] Total time for which application threads were stopped: 0.0015727 seconds, Stopping threads took: 0.0009065 seconds
[4.049s][info ][safepoint    ] Application time: 0.0056781 seconds
[4.049s][info ][safepoint    ] Entering safepoint region: RevokeBias
[4.050s][info ][safepoint    ] Leaving safepoint region
[4.050s][info ][safepoint    ] Total time for which application threads were stopped: 0.0007943 seconds, Stopping threads took: 0.0003914 seconds
[4.066s][info ][safepoint    ] Application time: 0.0159240 seconds
[4.066s][info ][safepoint    ] Entering safepoint region: RevokeBias
[4.066s][info ][safepoint    ] Leaving safepoint region
[4.066s][info ][safepoint    ] Total time for which application threads were stopped: 0.0004880 seconds, Stopping threads took: 0.0001530 seconds
[4.072s][info ][safepoint    ] Application time: 0.0058449 seconds
[4.072s][info ][safepoint    ] Entering safepoint region: RevokeBias
[4.073s][info ][safepoint    ] Leaving safepoint region
[4.073s][info ][safepoint    ] Total time for which application threads were stopped: 0.0004601 seconds, Stopping threads took: 0.0001963 seconds
[4.075s][info ][safepoint    ] Application time: 0.0024626 seconds
[4.075s][info ][safepoint    ] Entering safepoint region: RevokeBias
[4.075s][info ][safepoint    ] Leaving safepoint region
[4.075s][info ][safepoint    ] Total time for which application threads were stopped: 0.0004208 seconds, Stopping threads took: 0.0001772 seconds
[4.093s][info ][safepoint    ] Application time: 0.0174227 seconds
[4.093s][info ][safepoint    ] Entering safepoint region: RevokeBias
[4.093s][info ][safepoint    ] Leaving safepoint region
[4.093s][info ][safepoint    ] Total time for which application threads were stopped: 0.0003884 seconds, Stopping threads took: 0.0000934 seconds
[4.123s][info ][safepoint    ] Application time: 0.0295777 seconds
[4.124s][info ][safepoint    ] Entering safepoint region: RevokeBias
[4.124s][info ][safepoint    ] Leaving safepoint region
[4.124s][info ][safepoint    ] Total time for which application threads were stopped: 0.0008600 seconds, Stopping threads took: 0.0005812 seconds
[4.125s][info ][safepoint    ] Application time: 0.0009572 seconds
[4.125s][info ][safepoint    ] Entering safepoint region: BulkRevokeBias
[4.126s][info ][safepoint    ] Leaving safepoint region
[4.126s][info ][safepoint    ] Total time for which application threads were stopped: 0.0011696 seconds, Stopping threads took: 0.0000593 seconds
[4.127s][info ][safepoint    ] Application time: 0.0007538 seconds
[4.127s][info ][safepoint    ] Entering safepoint region: RevokeBias
[4.127s][info ][safepoint    ] Leaving safepoint region
[4.127s][info ][safepoint    ] Total time for which application threads were stopped: 0.0003279 seconds, Stopping threads took: 0.0001484 seconds
[4.130s][info ][safepoint    ] Application time: 0.0029164 seconds
[4.130s][info ][safepoint    ] Entering safepoint region: RevokeBias
[4.130s][info ][safepoint    ] Leaving safepoint region
[4.130s][info ][safepoint    ] Total time for which application threads were stopped: 0.0003792 seconds, Stopping threads took: 0.0001901 seconds
[4.131s][info ][safepoint    ] Application time: 0.0004086 seconds
[4.131s][info ][safepoint    ] Entering safepoint region: RevokeBias
[4.132s][info ][safepoint    ] Leaving safepoint region
[4.132s][info ][safepoint    ] Total time for which application threads were stopped: 0.0008060 seconds, Stopping threads took: 0.0001769 seconds
[4.133s][info ][safepoint    ] Application time: 0.0017724 seconds
[4.134s][info ][safepoint    ] Entering safepoint region: RevokeBias
[4.134s][info ][safepoint    ] Leaving safepoint region
[4.134s][info ][safepoint    ] Total time for which application threads were stopped: 0.0002791 seconds, Stopping threads took: 0.0001157 seconds
[4.134s][info ][safepoint    ] Application time: 0.0004592 seconds
[4.134s][info ][safepoint    ] Entering safepoint region: RevokeBias
[4.135s][info ][safepoint    ] Leaving safepoint region
[4.135s][info ][safepoint    ] Total time for which application threads were stopped: 0.0003148 seconds, Stopping threads took: 0.0001604 seconds
[4.137s][info ][safepoint    ] Application time: 0.0022413 seconds
[4.137s][info ][safepoint    ] Entering safepoint region: RevokeBias
[4.137s][info ][safepoint    ] Leaving safepoint region
[4.137s][info ][safepoint    ] Total time for which application threads were stopped: 0.0002645 seconds, Stopping threads took: 0.0001073 seconds
[4.137s][info ][safepoint    ] Application time: 0.0003294 seconds
[4.138s][info ][safepoint    ] Entering safepoint region: RevokeBias
[4.139s][info ][safepoint    ] Leaving safepoint region
[4.139s][info ][safepoint    ] Total time for which application threads were stopped: 0.0014640 seconds, Stopping threads took: 0.0001011 seconds
[4.186s][info ][safepoint    ] Application time: 0.0470761 seconds
[4.187s][info ][safepoint    ] Entering safepoint region: RevokeBias
[4.187s][info ][safepoint    ] Leaving safepoint region
[4.187s][info ][safepoint    ] Total time for which application threads were stopped: 0.0007793 seconds, Stopping threads took: 0.0005845 seconds
[4.188s][info ][gc           ] GC(1) Concurrent Abortable Preclean 556.413ms
[4.188s][info ][gc,cpu       ] GC(1) User=2.90s Sys=0.23s Real=0.55s
[4.188s][info ][safepoint    ] Application time: 0.0011681 seconds
[4.188s][info ][safepoint    ] Entering safepoint region: CMS_Final_Remark
[4.188s][info ][gc,start     ] GC(1) Pause Remark
[4.220s][debug][gc,phases    ] GC(1) Rescan (parallel) 31.184ms
[4.220s][debug][gc,ref       ] GC(1) Skipped phase1 of Reference Processing due to unavailable references
[4.220s][debug][gc,ref       ] GC(1) Skipped phase2 of Reference Processing due to unavailable references
[4.220s][debug][gc,ref       ] GC(1) Skipped phase3 of Reference Processing due to unavailable references
[4.220s][debug][gc,ref       ] GC(1) Skipped phase4 of Reference Processing due to unavailable references
[4.220s][debug][gc,phases    ] GC(1) Reference Processing 0.031ms
[4.220s][debug][gc,phases    ] GC(1) Weak Processing 0.030ms
[4.221s][debug][gc,phases    ] GC(1) ClassLoaderData 0.989ms
[4.221s][debug][gc,phases    ] GC(1) ProtectionDomainCacheTable 0.004ms
[4.221s][debug][gc,phases    ] GC(1) ResolvedMethodTable 0.053ms
[4.222s][debug][gc,phases    ] GC(1) Class Unloading 2.493ms
[4.224s][debug][gc,phases    ] GC(1) Scrub Symbol Table 1.966ms
[4.224s][debug][gc,phases    ] GC(1) Scrub String Table 0.223ms
[4.225s][info ][gc           ] GC(1) Pause Remark 153M->153M(852M) 36.948ms
[4.225s][info ][gc,cpu       ] GC(1) User=0.16s Sys=0.01s Real=0.04s
[4.225s][info ][safepoint    ] Leaving safepoint region
[4.225s][info ][safepoint    ] Total time for which application threads were stopped: 0.0374493 seconds, Stopping threads took: 0.0003404 seconds
[4.225s][info ][gc           ] GC(1) Concurrent Sweep
[4.227s][info ][gc           ] GC(1) Concurrent Sweep 1.462ms
[4.227s][info ][gc,cpu       ] GC(1) User=0.01s Sys=0.00s Real=0.00s
[4.227s][info ][gc           ] GC(1) Concurrent Reset
[4.245s][info ][gc           ] GC(1) Concurrent Reset 17.872ms
[4.245s][info ][gc,cpu       ] GC(1) User=0.12s Sys=0.02s Real=0.02s
[4.245s][info ][gc,heap      ] GC(1) Old: 2934K->2934K(602112K)
[4.265s][info ][safepoint    ] Application time: 0.0397059 seconds
[4.265s][info ][safepoint    ] Entering safepoint region: RevokeBias
[4.266s][info ][safepoint    ] Leaving safepoint region
[4.266s][info ][safepoint    ] Total time for which application threads were stopped: 0.0006041 seconds, Stopping threads took: 0.0000915 seconds
[4.268s][info ][safepoint    ] Application time: 0.0021330 seconds
[4.268s][info ][safepoint    ] Entering safepoint region: RevokeBias
[4.268s][info ][safepoint    ] Leaving safepoint region
[4.268s][info ][safepoint    ] Total time for which application threads were stopped: 0.0003866 seconds, Stopping threads took: 0.0001821 seconds
[4.304s][info ][safepoint    ] Application time: 0.0356504 seconds
[4.304s][info ][safepoint    ] Entering safepoint region: RevokeBias
[4.304s][info ][safepoint    ] Leaving safepoint region
[4.304s][info ][safepoint    ] Total time for which application threads were stopped: 0.0004638 seconds, Stopping threads took: 0.0002926 seconds
[4.334s][info ][safepoint    ] Application time: 0.0290919 seconds
[4.334s][info ][safepoint    ] Entering safepoint region: RevokeBias
[4.334s][info ][safepoint    ] Leaving safepoint region
[4.334s][info ][safepoint    ] Total time for which application threads were stopped: 0.0002466 seconds, Stopping threads took: 0.0000328 seconds
[4.342s][info ][safepoint    ] Application time: 0.0084892 seconds
[4.343s][info ][safepoint    ] Entering safepoint region: RevokeBias
[4.343s][info ][safepoint    ] Leaving safepoint region
[4.343s][info ][safepoint    ] Total time for which application threads were stopped: 0.0005277 seconds, Stopping threads took: 0.0002447 seconds
[4.348s][info ][safepoint    ] Application time: 0.0049076 seconds
[4.348s][info ][safepoint    ] Entering safepoint region: RevokeBias
[4.348s][info ][safepoint    ] Leaving safepoint region
[4.348s][info ][safepoint    ] Total time for which application threads were stopped: 0.0003648 seconds, Stopping threads took: 0.0000923 seconds
[4.371s][info ][safepoint    ] Application time: 0.0229646 seconds
[4.371s][info ][safepoint    ] Entering safepoint region: RevokeBias
[4.372s][info ][safepoint    ] Leaving safepoint region
[4.372s][info ][safepoint    ] Total time for which application threads were stopped: 0.0004449 seconds, Stopping threads took: 0.0001721 seconds
[4.393s][info ][safepoint    ] Application time: 0.0216352 seconds
[4.393s][info ][safepoint    ] Entering safepoint region: RevokeBias
[4.394s][info ][safepoint    ] Leaving safepoint region
[4.394s][info ][safepoint    ] Total time for which application threads were stopped: 0.0006806 seconds, Stopping threads took: 0.0001983 seconds
[4.398s][info ][safepoint    ] Application time: 0.0040868 seconds
[4.398s][info ][safepoint    ] Entering safepoint region: RevokeBias
[4.399s][info ][safepoint    ] Leaving safepoint region
[4.399s][info ][safepoint    ] Total time for which application threads were stopped: 0.0005591 seconds, Stopping threads took: 0.0001616 seconds
[4.402s][info ][safepoint    ] Application time: 0.0034708 seconds
[4.402s][info ][safepoint    ] Entering safepoint region: RevokeBias
[4.403s][info ][safepoint    ] Leaving safepoint region
[4.403s][info ][safepoint    ] Total time for which application threads were stopped: 0.0003646 seconds, Stopping threads took: 0.0001173 seconds
[4.409s][info ][safepoint    ] Application time: 0.0062793 seconds
[4.409s][info ][safepoint    ] Entering safepoint region: RevokeBias
[4.409s][info ][safepoint    ] Leaving safepoint region
[4.409s][info ][safepoint    ] Total time for which application threads were stopped: 0.0003891 seconds, Stopping threads took: 0.0000925 seconds
[4.414s][info ][safepoint    ] Application time: 0.0049224 seconds
[4.415s][info ][safepoint    ] Entering safepoint region: RevokeBias
[4.415s][info ][safepoint    ] Leaving safepoint region
[4.416s][info ][safepoint    ] Total time for which application threads were stopped: 0.0013159 seconds, Stopping threads took: 0.0010212 seconds
[4.446s][info ][safepoint    ] Application time: 0.0301031 seconds
[4.446s][info ][safepoint    ] Entering safepoint region: RevokeBias
[4.447s][info ][safepoint    ] Leaving safepoint region
[4.447s][info ][safepoint    ] Total time for which application threads were stopped: 0.0009885 seconds, Stopping threads took: 0.0007174 seconds
[4.462s][info ][safepoint    ] Application time: 0.0151810 seconds
[4.462s][info ][safepoint    ] Entering safepoint region: RevokeBias
[4.462s][info ][safepoint    ] Leaving safepoint region
[4.462s][info ][safepoint    ] Total time for which application threads were stopped: 0.0004556 seconds, Stopping threads took: 0.0002173 seconds
[4.470s][info ][safepoint    ] Application time: 0.0080746 seconds
[4.471s][info ][safepoint    ] Entering safepoint region: RevokeBias
[4.471s][info ][safepoint    ] Leaving safepoint region
[4.471s][info ][safepoint    ] Total time for which application threads were stopped: 0.0004120 seconds, Stopping threads took: 0.0001847 seconds
[4.474s][info ][safepoint    ] Application time: 0.0029802 seconds
[4.474s][info ][safepoint    ] Entering safepoint region: RevokeBias
[4.474s][info ][safepoint    ] Leaving safepoint region
[4.474s][info ][safepoint    ] Total time for which application threads were stopped: 0.0003235 seconds, Stopping threads took: 0.0001392 seconds
[4.479s][info ][safepoint    ] Application time: 0.0043537 seconds
[4.479s][info ][safepoint    ] Entering safepoint region: RevokeBias
[4.479s][info ][safepoint    ] Leaving safepoint region
[4.479s][info ][safepoint    ] Total time for which application threads were stopped: 0.0003955 seconds, Stopping threads took: 0.0001873 seconds
[4.492s][info ][safepoint    ] Application time: 0.0134091 seconds
[4.493s][info ][safepoint    ] Entering safepoint region: RevokeBias
[4.493s][info ][safepoint    ] Leaving safepoint region
[4.493s][info ][safepoint    ] Total time for which application threads were stopped: 0.0004956 seconds, Stopping threads took: 0.0002366 seconds
[4.500s][info ][safepoint    ] Application time: 0.0068855 seconds
[4.500s][info ][safepoint    ] Entering safepoint region: BulkRevokeBias
[4.501s][info ][safepoint    ] Leaving safepoint region
[4.501s][info ][safepoint    ] Total time for which application threads were stopped: 0.0012035 seconds, Stopping threads took: 0.0001585 seconds
[4.610s][info ][safepoint    ] Application time: 0.1089256 seconds
[4.610s][info ][safepoint    ] Entering safepoint region: GenCollectForAllocation
[4.610s][info ][safepoint    ] Leaving safepoint region
[4.610s][info ][safepoint    ] Total time for which application threads were stopped: 0.0003942 seconds, Stopping threads took: 0.0001975 seconds
[4.616s][info ][safepoint    ] Application time: 0.0055378 seconds
[4.616s][info ][safepoint    ] Entering safepoint region: GenCollectForAllocation
[4.616s][info ][gc,start     ] GC(2) Pause Young (Allocation Failure)
[4.616s][info ][gc,task      ] GC(2) Using 4 workers of 4 for evacuation
[4.702s][debug][gc,ref       ] GC(2) Skipped phase1 of Reference Processing due to unavailable references
[4.703s][debug][gc,ref       ] GC(2) Skipped phase3 of Reference Processing due to unavailable references
[4.703s][debug][gc,age       ] GC(2) Desired survivor size 15400960 bytes, new threshold 1 (max threshold 6)
[4.703s][info ][gc,heap      ] GC(2) ParNew: 270976K->30080K(270976K)
[4.703s][info ][gc,heap      ] GC(2) CMS: 3091K->40627K(602112K)
[4.703s][info ][gc,metaspace ] GC(2) Metaspace: 29498K->29498K(1075200K)
[4.703s][info ][gc           ] GC(2) Pause Young (Allocation Failure) 267M->69M(852M) 86.819ms
[4.703s][info ][gc,cpu       ] GC(2) User=0.28s Sys=0.03s Real=0.09s
[4.703s][info ][safepoint    ] Leaving safepoint region
[4.703s][info ][safepoint    ] Total time for which application threads were stopped: 0.0871125 seconds, Stopping threads took: 0.0001144 seconds
[4.782s][info ][safepoint    ] Application time: 0.0788092 seconds
[4.782s][info ][safepoint    ] Entering safepoint region: Deoptimize
[4.784s][info ][safepoint    ] Leaving safepoint region
[4.784s][info ][safepoint    ] Total time for which application threads were stopped: 0.0016076 seconds, Stopping threads took: 0.0002176 seconds
[4.794s][info ][safepoint    ] Application time: 0.0103985 seconds
[4.794s][info ][safepoint    ] Entering safepoint region: Deoptimize
[4.795s][info ][safepoint    ] Leaving safepoint region
[4.795s][info ][safepoint    ] Total time for which application threads were stopped: 0.0009618 seconds, Stopping threads took: 0.0002181 seconds
[4.861s][info ][safepoint    ] Application time: 0.0660952 seconds
[4.861s][info ][safepoint    ] Entering safepoint region: Deoptimize
[4.862s][info ][safepoint    ] Leaving safepoint region
[4.862s][info ][safepoint    ] Total time for which application threads were stopped: 0.0008548 seconds, Stopping threads took: 0.0002334 seconds
[4.971s][info ][safepoint    ] Application time: 0.1087580 seconds
[4.977s][info ][safepoint    ] Entering safepoint region: ICBufferFull
[4.977s][info ][safepoint    ] Leaving safepoint region
[4.977s][info ][safepoint    ] Total time for which application threads were stopped: 0.0062393 seconds, Stopping threads took: 0.0059269 seconds
[5.028s][info ][safepoint    ] Application time: 0.0511289 seconds
[5.028s][info ][safepoint    ] Entering safepoint region: Deoptimize
[5.029s][info ][safepoint    ] Leaving safepoint region
[5.029s][info ][safepoint    ] Total time for which application threads were stopped: 0.0008824 seconds, Stopping threads took: 0.0002321 seconds
[5.044s][info ][safepoint    ] Application time: 0.0147272 seconds
[5.044s][info ][safepoint    ] Entering safepoint region: RevokeBias
[5.044s][info ][safepoint    ] Leaving safepoint region
[5.044s][info ][safepoint    ] Total time for which application threads were stopped: 0.0003592 seconds, Stopping threads took: 0.0002107 seconds
[5.044s][info ][safepoint    ] Application time: 0.0001584 seconds
[5.044s][info ][safepoint    ] Entering safepoint region: RevokeBias
[5.045s][info ][safepoint    ] Leaving safepoint region
[5.045s][info ][safepoint    ] Total time for which application threads were stopped: 0.0002299 seconds, Stopping threads took: 0.0001387 seconds
[5.047s][info ][safepoint    ] Application time: 0.0021671 seconds
[5.047s][info ][safepoint    ] Entering safepoint region: RevokeBias
[5.047s][info ][safepoint    ] Leaving safepoint region
[5.047s][info ][safepoint    ] Total time for which application threads were stopped: 0.0003372 seconds, Stopping threads took: 0.0002051 seconds
[5.047s][info ][safepoint    ] Application time: 0.0000633 seconds
[5.047s][info ][safepoint    ] Entering safepoint region: RevokeBias
[5.047s][info ][safepoint    ] Leaving safepoint region
[5.047s][info ][safepoint    ] Total time for which application threads were stopped: 0.0001382 seconds, Stopping threads took: 0.0000735 seconds
[5.047s][info ][safepoint    ] Application time: 0.0000600 seconds
[5.047s][info ][safepoint    ] Entering safepoint region: RevokeBias
[5.047s][info ][safepoint    ] Leaving safepoint region
[5.047s][info ][safepoint    ] Total time for which application threads were stopped: 0.0001421 seconds, Stopping threads took: 0.0000792 seconds
[5.048s][info ][safepoint    ] Application time: 0.0000492 seconds
[5.048s][info ][safepoint    ] Entering safepoint region: RevokeBias
[5.048s][info ][safepoint    ] Leaving safepoint region
[5.048s][info ][safepoint    ] Total time for which application threads were stopped: 0.0001141 seconds, Stopping threads took: 0.0000459 seconds
[5.049s][info ][safepoint    ] Application time: 0.0012080 seconds
[5.049s][info ][safepoint    ] Entering safepoint region: RevokeBias
[5.049s][info ][safepoint    ] Leaving safepoint region
[5.049s][info ][safepoint    ] Total time for which application threads were stopped: 0.0002754 seconds, Stopping threads took: 0.0001587 seconds
[5.049s][info ][safepoint    ] Application time: 0.0001408 seconds
[5.049s][info ][safepoint    ] Entering safepoint region: RevokeBias
[5.050s][info ][safepoint    ] Leaving safepoint region
[5.050s][info ][safepoint    ] Total time for which application threads were stopped: 0.0001887 seconds, Stopping threads took: 0.0001102 seconds
[5.168s][info ][safepoint    ] Application time: 0.1187694 seconds
[5.169s][info ][safepoint    ] Entering safepoint region: GenCollectForAllocation
[5.169s][info ][gc,start     ] GC(3) Pause Young (Allocation Failure)
[5.169s][info ][gc,task      ] GC(3) Using 4 workers of 4 for evacuation
[5.245s][debug][gc,ref       ] GC(3) Skipped phase1 of Reference Processing due to unavailable references
[5.245s][debug][gc,ref       ] GC(3) Skipped phase3 of Reference Processing due to unavailable references
[5.246s][debug][gc,age       ] GC(3) Desired survivor size 15400960 bytes, new threshold 1 (max threshold 6)
[5.246s][info ][gc,heap      ] GC(3) ParNew: 270976K->30080K(270976K)
[5.246s][info ][gc,heap      ] GC(3) CMS: 40627K->73118K(602112K)
[5.246s][info ][gc,metaspace ] GC(3) Metaspace: 33636K->33636K(1079296K)
[5.246s][info ][gc           ] GC(3) Pause Young (Allocation Failure) 304M->100M(852M) 76.990ms
[5.246s][info ][gc,cpu       ] GC(3) User=0.29s Sys=0.00s Real=0.08s
[5.246s][info ][safepoint    ] Leaving safepoint region
[5.246s][info ][safepoint    ] Total time for which application threads were stopped: 0.0774314 seconds, Stopping threads took: 0.0002149 seconds
[5.246s][info ][safepoint    ] Application time: 0.0005701 seconds
[5.246s][info ][safepoint    ] Entering safepoint region: RevokeBias
[5.247s][info ][safepoint    ] Leaving safepoint region
[5.247s][info ][safepoint    ] Total time for which application threads were stopped: 0.0003250 seconds, Stopping threads took: 0.0001498 seconds
[5.247s][info ][safepoint    ] Application time: 0.0001934 seconds
[5.247s][info ][safepoint    ] Entering safepoint region: RevokeBias
[5.247s][info ][safepoint    ] Leaving safepoint region
[5.247s][info ][safepoint    ] Total time for which application threads were stopped: 0.0002842 seconds, Stopping threads took: 0.0001926 seconds
[5.285s][info ][safepoint    ] Application time: 0.0378963 seconds
[5.288s][info ][safepoint    ] Entering safepoint region: Deoptimize
[5.289s][info ][safepoint    ] Leaving safepoint region
[5.289s][info ][safepoint    ] Total time for which application threads were stopped: 0.0037222 seconds, Stopping threads took: 0.0029917 seconds
[5.292s][info ][safepoint    ] Application time: 0.0031376 seconds
[5.294s][info ][safepoint    ] Entering safepoint region: Deoptimize
[5.295s][info ][safepoint    ] Leaving safepoint region
[5.295s][info ][safepoint    ] Total time for which application threads were stopped: 0.0027426 seconds, Stopping threads took: 0.0020883 seconds
[5.297s][info ][safepoint    ] Application time: 0.0023878 seconds
[5.297s][info ][safepoint    ] Entering safepoint region: RevokeBias
[5.298s][info ][safepoint    ] Leaving safepoint region
[5.298s][info ][safepoint    ] Total time for which application threads were stopped: 0.0003265 seconds, Stopping threads took: 0.0001898 seconds
[5.303s][info ][safepoint    ] Application time: 0.0052378 seconds
[5.303s][info ][safepoint    ] Entering safepoint region: RevokeBias
[5.303s][info ][safepoint    ] Leaving safepoint region
[5.303s][info ][safepoint    ] Total time for which application threads were stopped: 0.0006234 seconds, Stopping threads took: 0.0004865 seconds
[5.307s][info ][safepoint    ] Application time: 0.0034203 seconds
[5.307s][info ][safepoint    ] Entering safepoint region: RevokeBias
[5.307s][info ][safepoint    ] Leaving safepoint region
[5.307s][info ][safepoint    ] Total time for which application threads were stopped: 0.0002950 seconds, Stopping threads took: 0.0001617 seconds
[5.307s][info ][safepoint    ] Application time: 0.0000678 seconds
[5.307s][info ][safepoint    ] Entering safepoint region: RevokeBias
[5.307s][info ][safepoint    ] Leaving safepoint region
[5.307s][info ][safepoint    ] Total time for which application threads were stopped: 0.0001810 seconds, Stopping threads took: 0.0000870 seconds
[5.307s][info ][safepoint    ] Application time: 0.0000483 seconds
[5.307s][info ][safepoint    ] Entering safepoint region: RevokeBias
[5.308s][info ][safepoint    ] Leaving safepoint region
[5.308s][info ][safepoint    ] Total time for which application threads were stopped: 0.0001333 seconds, Stopping threads took: 0.0000454 seconds
[5.309s][info ][safepoint    ] Application time: 0.0011656 seconds
[5.312s][info ][safepoint    ] Entering safepoint region: RevokeBias
[5.312s][info ][safepoint    ] Leaving safepoint region
[5.312s][info ][safepoint    ] Total time for which application threads were stopped: 0.0031333 seconds, Stopping threads took: 0.0030295 seconds
[5.312s][info ][safepoint    ] Application time: 0.0002669 seconds
[5.312s][info ][safepoint    ] Entering safepoint region: RevokeBias
[5.313s][info ][safepoint    ] Leaving safepoint region
[5.313s][info ][safepoint    ] Total time for which application threads were stopped: 0.0003872 seconds, Stopping threads took: 0.0002893 seconds
[5.352s][info ][safepoint    ] Application time: 0.0390234 seconds
[5.355s][info ][safepoint    ] Entering safepoint region: RevokeBias
[5.355s][info ][safepoint    ] Leaving safepoint region
[5.355s][info ][safepoint    ] Total time for which application threads were stopped: 0.0031708 seconds, Stopping threads took: 0.0030184 seconds
[5.407s][info ][safepoint    ] Application time: 0.0523094 seconds
[5.407s][info ][safepoint    ] Entering safepoint region: RevokeBias
[5.408s][info ][safepoint    ] Leaving safepoint region
[5.408s][info ][safepoint    ] Total time for which application threads were stopped: 0.0003997 seconds, Stopping threads took: 0.0001803 seconds
[5.408s][info ][safepoint    ] Application time: 0.0005912 seconds
[5.408s][info ][safepoint    ] Entering safepoint region: RevokeBias
[5.409s][info ][safepoint    ] Leaving safepoint region
[5.409s][info ][safepoint    ] Total time for which application threads were stopped: 0.0003345 seconds, Stopping threads took: 0.0001948 seconds
[5.429s][info ][safepoint    ] Application time: 0.0201296 seconds
[5.432s][info ][safepoint    ] Entering safepoint region: RevokeBias
[5.432s][info ][safepoint    ] Leaving safepoint region
[5.432s][info ][safepoint    ] Total time for which application threads were stopped: 0.0032071 seconds, Stopping threads took: 0.0030549 seconds
[5.450s][info ][safepoint    ] Application time: 0.0175263 seconds
[5.450s][info ][safepoint    ] Entering safepoint region: RevokeBias
[5.450s][info ][safepoint    ] Leaving safepoint region
[5.450s][info ][safepoint    ] Total time for which application threads were stopped: 0.0003715 seconds, Stopping threads took: 0.0002158 seconds
[5.472s][info ][safepoint    ] Application time: 0.0221728 seconds
[5.472s][info ][safepoint    ] Entering safepoint region: RevokeBias
[5.472s][info ][safepoint    ] Leaving safepoint region
[5.472s][info ][safepoint    ] Total time for which application threads were stopped: 0.0003494 seconds, Stopping threads took: 0.0002019 seconds
[5.475s][info ][safepoint    ] Application time: 0.0020442 seconds
[5.475s][info ][safepoint    ] Entering safepoint region: RevokeBias
[5.475s][info ][safepoint    ] Leaving safepoint region
[5.475s][info ][safepoint    ] Total time for which application threads were stopped: 0.0002031 seconds, Stopping threads took: 0.0001167 seconds
[5.519s][info ][safepoint    ] Application time: 0.0444434 seconds
[5.520s][info ][safepoint    ] Entering safepoint region: GenCollectForAllocation
[5.521s][info ][gc,start     ] GC(4) Pause Young (Allocation Failure)
[5.521s][info ][gc,task      ] GC(4) Using 4 workers of 4 for evacuation
[5.568s][debug][gc,ref       ] GC(4) Skipped phase1 of Reference Processing due to unavailable references
[5.568s][debug][gc,ref       ] GC(4) Skipped phase3 of Reference Processing due to unavailable references
[5.568s][debug][gc,age       ] GC(4) Desired survivor size 15400960 bytes, new threshold 6 (max threshold 6)
[5.568s][info ][gc,heap      ] GC(4) ParNew: 270976K->26842K(270976K)
[5.568s][info ][gc,heap      ] GC(4) CMS: 73118K->99853K(602112K)
[5.568s][info ][gc,metaspace ] GC(4) Metaspace: 36351K->36351K(1081344K)
[5.568s][info ][gc           ] GC(4) Pause Young (Allocation Failure) 336M->123M(852M) 47.770ms
[5.568s][info ][gc,cpu       ] GC(4) User=0.17s Sys=0.01s Real=0.04s
[5.568s][info ][safepoint    ] Leaving safepoint region
[5.568s][info ][safepoint    ] Total time for which application threads were stopped: 0.0491856 seconds, Stopping threads took: 0.0011847 seconds
[5.588s][info ][safepoint    ] Application time: 0.0191275 seconds
[5.588s][info ][safepoint    ] Entering safepoint region: Deoptimize
[5.588s][info ][safepoint    ] Leaving safepoint region
[5.588s][info ][safepoint    ] Total time for which application threads were stopped: 0.0008964 seconds, Stopping threads took: 0.0001950 seconds
[5.605s][info ][safepoint    ] Application time: 0.0168003 seconds
[5.608s][info ][safepoint    ] Entering safepoint region: RevokeBias
[5.609s][info ][safepoint    ] Leaving safepoint region
[5.609s][info ][safepoint    ] Total time for which application threads were stopped: 0.0032919 seconds, Stopping threads took: 0.0031343 seconds
[5.610s][info ][safepoint    ] Application time: 0.0015378 seconds
[5.611s][info ][safepoint    ] Entering safepoint region: RevokeBias
[5.611s][info ][safepoint    ] Leaving safepoint region
[5.611s][info ][safepoint    ] Total time for which application threads were stopped: 0.0011764 seconds, Stopping threads took: 0.0010356 seconds
[5.614s][info ][safepoint    ] Application time: 0.0027014 seconds
[5.617s][info ][safepoint    ] Entering safepoint region: Deoptimize
[5.618s][info ][safepoint    ] Leaving safepoint region
[5.618s][info ][safepoint    ] Total time for which application threads were stopped: 0.0039789 seconds, Stopping threads took: 0.0033057 seconds
[5.621s][info ][safepoint    ] Application time: 0.0028589 seconds
[5.624s][info ][safepoint    ] Entering safepoint region: RevokeBias
[5.624s][info ][safepoint    ] Leaving safepoint region
[5.624s][info ][safepoint    ] Total time for which application threads were stopped: 0.0032637 seconds, Stopping threads took: 0.0031293 seconds
[5.633s][info ][safepoint    ] Application time: 0.0090703 seconds
[5.634s][info ][safepoint    ] Entering safepoint region: RevokeBias
[5.634s][info ][safepoint    ] Leaving safepoint region
[5.634s][info ][safepoint    ] Total time for which application threads were stopped: 0.0003646 seconds, Stopping threads took: 0.0002195 seconds
[5.636s][info ][safepoint    ] Application time: 0.0027638 seconds
[5.637s][info ][safepoint    ] Entering safepoint region: RevokeBias
[5.637s][info ][safepoint    ] Leaving safepoint region
[5.637s][info ][safepoint    ] Total time for which application threads were stopped: 0.0010192 seconds, Stopping threads took: 0.0008961 seconds
[5.647s][info ][safepoint    ] Application time: 0.0099864 seconds
[5.648s][info ][safepoint    ] Entering safepoint region: GenCollectForAllocation
[5.648s][info ][gc,start     ] GC(5) Pause Young (Allocation Failure)
[5.648s][info ][gc,task      ] GC(5) Using 4 workers of 4 for evacuation
[5.660s][debug][gc,ref       ] GC(5) Skipped phase1 of Reference Processing due to unavailable references
[5.660s][debug][gc,ref       ] GC(5) Skipped phase3 of Reference Processing due to unavailable references
[5.660s][debug][gc,age       ] GC(5) Desired survivor size 15400960 bytes, new threshold 2 (max threshold 6)
[5.660s][info ][gc,heap      ] GC(5) ParNew: 267738K->19714K(270976K)
[5.660s][info ][gc,heap      ] GC(5) CMS: 99853K->99853K(602112K)
[5.660s][info ][gc,metaspace ] GC(5) Metaspace: 36594K->36594K(1083392K)
[5.660s][info ][gc           ] GC(5) Pause Young (Allocation Failure) 358M->116M(852M) 12.629ms
[5.660s][info ][gc,cpu       ] GC(5) User=0.05s Sys=0.00s Real=0.02s
[5.661s][info ][safepoint    ] Leaving safepoint region
[5.661s][info ][safepoint    ] Total time for which application threads were stopped: 0.0130198 seconds, Stopping threads took: 0.0001835 seconds
[6.065s][info ][safepoint    ] Application time: 0.4042947 seconds
[6.065s][info ][safepoint    ] Entering safepoint region: GenCollectForAllocation
[6.065s][info ][gc,start     ] GC(6) Pause Young (Allocation Failure)
[6.065s][info ][gc,task      ] GC(6) Using 4 workers of 4 for evacuation
[6.083s][debug][gc,ref       ] GC(6) Skipped phase1 of Reference Processing due to unavailable references
[6.083s][debug][gc,ref       ] GC(6) Skipped phase3 of Reference Processing due to unavailable references
[6.083s][debug][gc,ref       ] GC(6) Skipped phase4 of Reference Processing due to unavailable references
[6.084s][debug][gc,age       ] GC(6) Desired survivor size 15400960 bytes, new threshold 6 (max threshold 6)
[6.084s][info ][gc,heap      ] GC(6) ParNew: 260610K->15026K(270976K)
[6.084s][info ][gc,heap      ] GC(6) CMS: 99853K->112094K(602112K)
[6.084s][info ][gc,metaspace ] GC(6) Metaspace: 36618K->36618K(1083392K)
[6.084s][info ][gc           ] GC(6) Pause Young (Allocation Failure) 352M->124M(852M) 18.445ms
[6.084s][info ][gc,cpu       ] GC(6) User=0.08s Sys=0.01s Real=0.02s
[6.084s][info ][safepoint    ] Leaving safepoint region
[6.084s][info ][safepoint    ] Total time for which application threads were stopped: 0.0188197 seconds, Stopping threads took: 0.0001366 seconds
[6.192s][info ][safepoint    ] Application time: 0.1084175 seconds
[6.201s][info ][safepoint    ] Entering safepoint region: GenCollectForAllocation
[6.201s][info ][gc,start     ] GC(7) Pause Young (Allocation Failure)
[6.201s][info ][gc,task      ] GC(7) Using 4 workers of 4 for evacuation
[6.207s][debug][gc,ref       ] GC(7) Skipped phase1 of Reference Processing due to unavailable references
[6.207s][debug][gc,ref       ] GC(7) Skipped phase3 of Reference Processing due to unavailable references
[6.207s][debug][gc,ref       ] GC(7) Skipped phase4 of Reference Processing due to unavailable references
[6.207s][debug][gc,age       ] GC(7) Desired survivor size 15400960 bytes, new threshold 6 (max threshold 6)
[6.207s][info ][gc,heap      ] GC(7) ParNew: 255922K->9953K(270976K)
[6.208s][info ][gc,heap      ] GC(7) CMS: 112094K->112094K(602112K)
[6.208s][info ][gc,metaspace ] GC(7) Metaspace: 36619K->36619K(1083392K)
[6.208s][info ][gc           ] GC(7) Pause Young (Allocation Failure) 359M->119M(852M) 6.766ms
[6.208s][info ][gc,cpu       ] GC(7) User=0.03s Sys=0.00s Real=0.00s
[6.208s][info ][safepoint    ] Leaving safepoint region
[6.208s][info ][safepoint    ] Total time for which application threads were stopped: 0.0154249 seconds, Stopping threads took: 0.0084087 seconds
[6.287s][info ][safepoint    ] Application time: 0.0794286 seconds
[6.287s][info ][safepoint    ] Entering safepoint region: GenCollectForAllocation
[6.287s][info ][gc,start     ] GC(8) Pause Young (Allocation Failure)
[6.287s][info ][gc,task      ] GC(8) Using 4 workers of 4 for evacuation
[6.295s][debug][gc,ref       ] GC(8) Skipped phase1 of Reference Processing due to unavailable references
[6.295s][debug][gc,ref       ] GC(8) Skipped phase3 of Reference Processing due to unavailable references
[6.295s][debug][gc,ref       ] GC(8) Skipped phase4 of Reference Processing due to unavailable references
[6.295s][debug][gc,age       ] GC(8) Desired survivor size 15400960 bytes, new threshold 6 (max threshold 6)
[6.295s][info ][gc,heap      ] GC(8) ParNew: 250849K->10031K(270976K)
[6.295s][info ][gc,heap      ] GC(8) CMS: 112094K->112094K(602112K)
[6.295s][info ][gc,metaspace ] GC(8) Metaspace: 36619K->36619K(1083392K)
[6.295s][info ][gc           ] GC(8) Pause Young (Allocation Failure) 354M->119M(852M) 7.481ms
[6.295s][info ][gc,cpu       ] GC(8) User=0.04s Sys=0.00s Real=0.01s
[6.295s][info ][safepoint    ] Leaving safepoint region
[6.295s][info ][safepoint    ] Total time for which application threads were stopped: 0.0078458 seconds, Stopping threads took: 0.0000716 seconds
[6.350s][info ][safepoint    ] Application time: 0.0548835 seconds
[6.350s][info ][safepoint    ] Entering safepoint region: GenCollectForAllocation
[6.350s][info ][gc,start     ] GC(9) Pause Young (Allocation Failure)
[6.350s][info ][gc,task      ] GC(9) Using 4 workers of 4 for evacuation
[6.357s][debug][gc,ref       ] GC(9) Skipped phase1 of Reference Processing due to unavailable references
[6.357s][debug][gc,ref       ] GC(9) Skipped phase3 of Reference Processing due to unavailable references
[6.357s][debug][gc,ref       ] GC(9) Skipped phase4 of Reference Processing due to unavailable references
[6.357s][debug][gc,age       ] GC(9) Desired survivor size 15400960 bytes, new threshold 6 (max threshold 6)
[6.357s][info ][gc,heap      ] GC(9) ParNew: 250927K->8192K(270976K)
[6.357s][info ][gc,heap      ] GC(9) CMS: 112094K->112094K(602112K)
[6.357s][info ][gc,metaspace ] GC(9) Metaspace: 36620K->36620K(1083392K)
[6.357s][info ][gc           ] GC(9) Pause Young (Allocation Failure) 354M->117M(852M) 7.283ms
[6.357s][info ][gc,cpu       ] GC(9) User=0.04s Sys=0.00s Real=0.01s
[6.357s][info ][safepoint    ] Leaving safepoint region
[6.357s][info ][safepoint    ] Total time for which application threads were stopped: 0.0076262 seconds, Stopping threads took: 0.0001495 seconds
[6.400s][info ][safepoint    ] Application time: 0.0425359 seconds
[6.400s][info ][safepoint    ] Entering safepoint region: GenCollectForAllocation
[6.400s][info ][gc,start     ] GC(10) Pause Young (Allocation Failure)
[6.400s][info ][gc,task      ] GC(10) Using 4 workers of 4 for evacuation
[6.407s][debug][gc,ref       ] GC(10) Skipped phase1 of Reference Processing due to unavailable references
[6.407s][debug][gc,ref       ] GC(10) Skipped phase3 of Reference Processing due to unavailable references
[6.407s][debug][gc,ref       ] GC(10) Skipped phase4 of Reference Processing due to unavailable references
[6.407s][debug][gc,age       ] GC(10) Desired survivor size 15400960 bytes, new threshold 6 (max threshold 6)
[6.407s][info ][gc,heap      ] GC(10) ParNew: 249088K->8738K(270976K)
[6.407s][info ][gc,heap      ] GC(10) CMS: 112094K->112094K(602112K)
[6.407s][info ][gc,metaspace ] GC(10) Metaspace: 36620K->36620K(1083392K)
[6.407s][info ][gc           ] GC(10) Pause Young (Allocation Failure) 352M->118M(852M) 6.782ms
[6.407s][info ][gc,cpu       ] GC(10) User=0.02s Sys=0.00s Real=0.00s
[6.407s][info ][safepoint    ] Leaving safepoint region
[6.407s][info ][safepoint    ] Total time for which application threads were stopped: 0.0071097 seconds, Stopping threads took: 0.0001464 seconds
[6.469s][info ][safepoint    ] Application time: 0.0617692 seconds
[6.469s][info ][safepoint    ] Entering safepoint region: GenCollectForAllocation
[6.469s][info ][gc,start     ] GC(11) Pause Young (Allocation Failure)
[6.469s][info ][gc,task      ] GC(11) Using 4 workers of 4 for evacuation
[6.479s][debug][gc,ref       ] GC(11) Skipped phase1 of Reference Processing due to unavailable references
[6.479s][debug][gc,ref       ] GC(11) Skipped phase2 of Reference Processing due to unavailable references
[6.479s][debug][gc,ref       ] GC(11) Skipped phase3 of Reference Processing due to unavailable references
[6.479s][debug][gc,ref       ] GC(11) Skipped phase4 of Reference Processing due to unavailable references
[6.479s][debug][gc,age       ] GC(11) Desired survivor size 15400960 bytes, new threshold 6 (max threshold 6)
[6.479s][info ][gc,heap      ] GC(11) ParNew: 249634K->7105K(270976K)
[6.479s][info ][gc,heap      ] GC(11) CMS: 112094K->116435K(602112K)
[6.479s][info ][gc,metaspace ] GC(11) Metaspace: 36620K->36620K(1083392K)
[6.479s][info ][gc           ] GC(11) Pause Young (Allocation Failure) 353M->120M(852M) 9.832ms
[6.479s][info ][gc,cpu       ] GC(11) User=0.04s Sys=0.00s Real=0.02s
[6.479s][info ][safepoint    ] Leaving safepoint region
[6.479s][info ][safepoint    ] Total time for which application threads were stopped: 0.0102041 seconds, Stopping threads took: 0.0001936 seconds
[6.521s][info ][safepoint    ] Application time: 0.0418607 seconds
[6.521s][info ][safepoint    ] Entering safepoint region: GenCollectForAllocation
[6.522s][info ][gc,start     ] GC(12) Pause Young (Allocation Failure)
[6.522s][info ][gc,task      ] GC(12) Using 4 workers of 4 for evacuation
[6.527s][debug][gc,ref       ] GC(12) Skipped phase1 of Reference Processing due to unavailable references
[6.527s][debug][gc,ref       ] GC(12) Skipped phase2 of Reference Processing due to unavailable references
[6.527s][debug][gc,ref       ] GC(12) Skipped phase3 of Reference Processing due to unavailable references
[6.527s][debug][gc,ref       ] GC(12) Skipped phase4 of Reference Processing due to unavailable references
[6.527s][debug][gc,age       ] GC(12) Desired survivor size 15400960 bytes, new threshold 6 (max threshold 6)
[6.527s][info ][gc,heap      ] GC(12) ParNew: 248001K->2869K(270976K)
[6.527s][info ][gc,heap      ] GC(12) CMS: 116435K->117018K(602112K)
[6.527s][info ][gc,metaspace ] GC(12) Metaspace: 36620K->36620K(1083392K)
[6.527s][info ][gc           ] GC(12) Pause Young (Allocation Failure) 355M->117M(852M) 5.081ms
[6.527s][info ][gc,cpu       ] GC(12) User=0.02s Sys=0.00s Real=0.00s
[6.527s][info ][safepoint    ] Leaving safepoint region
[6.527s][info ][safepoint    ] Total time for which application threads were stopped: 0.0057234 seconds, Stopping threads took: 0.0004566 seconds
[6.596s][info ][safepoint    ] Application time: 0.0692486 seconds
[6.596s][info ][safepoint    ] Entering safepoint region: GenCollectForAllocation
[6.596s][info ][gc,start     ] GC(13) Pause Young (Allocation Failure)
[6.596s][info ][gc,task      ] GC(13) Using 4 workers of 4 for evacuation
[6.601s][debug][gc,ref       ] GC(13) Skipped phase1 of Reference Processing due to unavailable references
[6.601s][debug][gc,ref       ] GC(13) Skipped phase2 of Reference Processing due to unavailable references
[6.601s][debug][gc,ref       ] GC(13) Skipped phase3 of Reference Processing due to unavailable references
[6.601s][debug][gc,ref       ] GC(13) Skipped phase4 of Reference Processing due to unavailable references
[6.601s][debug][gc,age       ] GC(13) Desired survivor size 15400960 bytes, new threshold 6 (max threshold 6)
[6.601s][info ][gc,heap      ] GC(13) ParNew: 243765K->2520K(270976K)
[6.601s][info ][gc,heap      ] GC(13) CMS: 117018K->118109K(602112K)
[6.601s][info ][gc,metaspace ] GC(13) Metaspace: 36620K->36620K(1083392K)
[6.601s][info ][gc           ] GC(13) Pause Young (Allocation Failure) 352M->117M(852M) 5.043ms
[6.601s][info ][gc,cpu       ] GC(13) User=0.01s Sys=0.00s Real=0.01s
[6.601s][info ][safepoint    ] Leaving safepoint region
[6.601s][info ][safepoint    ] Total time for which application threads were stopped: 0.0053198 seconds, Stopping threads took: 0.0001141 seconds
[6.650s][info ][safepoint    ] Application time: 0.0489630 seconds
[6.651s][info ][safepoint    ] Entering safepoint region: GenCollectForAllocation
[6.651s][info ][gc,start     ] GC(14) Pause Young (Allocation Failure)
[6.651s][info ][gc,task      ] GC(14) Using 4 workers of 4 for evacuation
[6.655s][debug][gc,ref       ] GC(14) Skipped phase1 of Reference Processing due to unavailable references
[6.655s][debug][gc,ref       ] GC(14) Skipped phase2 of Reference Processing due to unavailable references
[6.655s][debug][gc,ref       ] GC(14) Skipped phase3 of Reference Processing due to unavailable references
[6.655s][debug][gc,ref       ] GC(14) Skipped phase4 of Reference Processing due to unavailable references
[6.655s][debug][gc,age       ] GC(14) Desired survivor size 15400960 bytes, new threshold 6 (max threshold 6)
[6.655s][info ][gc,heap      ] GC(14) ParNew: 243416K->1154K(270976K)
[6.655s][info ][gc,heap      ] GC(14) CMS: 118109K->119023K(602112K)
[6.655s][info ][gc,metaspace ] GC(14) Metaspace: 36620K->36620K(1083392K)
[6.655s][info ][gc           ] GC(14) Pause Young (Allocation Failure) 353M->117M(852M) 3.641ms
[6.655s][info ][gc,cpu       ] GC(14) User=0.02s Sys=0.00s Real=0.00s
[6.655s][info ][safepoint    ] Leaving safepoint region
[6.655s][info ][safepoint    ] Total time for which application threads were stopped: 0.0046630 seconds, Stopping threads took: 0.0008317 seconds
[6.703s][info ][safepoint    ] Application time: 0.0481450 seconds
[6.707s][info ][safepoint    ] Entering safepoint region: GenCollectForAllocation
[6.708s][info ][gc,start     ] GC(15) Pause Young (Allocation Failure)
[6.708s][info ][gc,task      ] GC(15) Using 4 workers of 4 for evacuation
[6.710s][debug][gc,ref       ] GC(15) Skipped phase1 of Reference Processing due to unavailable references
[6.710s][debug][gc,ref       ] GC(15) Skipped phase2 of Reference Processing due to unavailable references
[6.710s][debug][gc,ref       ] GC(15) Skipped phase3 of Reference Processing due to unavailable references
[6.710s][debug][gc,ref       ] GC(15) Skipped phase4 of Reference Processing due to unavailable references
[6.710s][debug][gc,age       ] GC(15) Desired survivor size 15400960 bytes, new threshold 6 (max threshold 6)
[6.710s][info ][gc,heap      ] GC(15) ParNew: 242050K->500K(270976K)
[6.710s][info ][gc,heap      ] GC(15) CMS: 119023K->119286K(602112K)
[6.710s][info ][gc,metaspace ] GC(15) Metaspace: 36620K->36620K(1083392K)
[6.710s][info ][gc           ] GC(15) Pause Young (Allocation Failure) 352M->116M(852M) 2.667ms
[6.710s][info ][gc,cpu       ] GC(15) User=0.01s Sys=0.00s Real=0.00s
[6.710s][info ][safepoint    ] Leaving safepoint region
[6.710s][info ][safepoint    ] Total time for which application threads were stopped: 0.0070782 seconds, Stopping threads took: 0.0042444 seconds
[6.771s][info ][safepoint    ] Application time: 0.0611653 seconds
[6.772s][info ][safepoint    ] Entering safepoint region: GenCollectForAllocation
[6.772s][info ][gc,start     ] GC(16) Pause Young (Allocation Failure)
[6.772s][info ][gc,task      ] GC(16) Using 4 workers of 4 for evacuation
[6.774s][debug][gc,ref       ] GC(16) Skipped phase1 of Reference Processing due to unavailable references
[6.774s][debug][gc,ref       ] GC(16) Skipped phase2 of Reference Processing due to unavailable references
[6.774s][debug][gc,ref       ] GC(16) Skipped phase3 of Reference Processing due to unavailable references
[6.774s][debug][gc,ref       ] GC(16) Skipped phase4 of Reference Processing due to unavailable references
[6.774s][debug][gc,age       ] GC(16) Desired survivor size 15400960 bytes, new threshold 6 (max threshold 6)
[6.774s][info ][gc,heap      ] GC(16) ParNew: 241396K->568K(270976K)
[6.774s][info ][gc,heap      ] GC(16) CMS: 119286K->119311K(602112K)
[6.774s][info ][gc,metaspace ] GC(16) Metaspace: 36620K->36620K(1083392K)
[6.774s][info ][gc           ] GC(16) Pause Young (Allocation Failure) 352M->117M(852M) 2.148ms
[6.774s][info ][gc,cpu       ] GC(16) User=0.01s Sys=0.00s Real=0.00s
[6.774s][info ][safepoint    ] Leaving safepoint region
[6.774s][info ][safepoint    ] Total time for which application threads were stopped: 0.0024810 seconds, Stopping threads took: 0.0001486 seconds
[6.818s][info ][safepoint    ] Application time: 0.0437245 seconds
[6.818s][info ][safepoint    ] Entering safepoint region: GenCollectForAllocation
[6.818s][info ][gc,start     ] GC(17) Pause Young (Allocation Failure)
[6.818s][info ][gc,task      ] GC(17) Using 4 workers of 4 for evacuation
[6.820s][debug][gc,ref       ] GC(17) Skipped phase1 of Reference Processing due to unavailable references
[6.820s][debug][gc,ref       ] GC(17) Skipped phase2 of Reference Processing due to unavailable references
[6.820s][debug][gc,ref       ] GC(17) Skipped phase3 of Reference Processing due to unavailable references
[6.820s][debug][gc,ref       ] GC(17) Skipped phase4 of Reference Processing due to unavailable references
[6.820s][debug][gc,age       ] GC(17) Desired survivor size 15400960 bytes, new threshold 6 (max threshold 6)
[6.820s][info ][gc,heap      ] GC(17) ParNew: 241464K->552K(270976K)
[6.820s][info ][gc,heap      ] GC(17) CMS: 119311K->119379K(602112K)
[6.820s][info ][gc,metaspace ] GC(17) Metaspace: 36620K->36620K(1083392K)
[6.820s][info ][gc           ] GC(17) Pause Young (Allocation Failure) 352M->117M(852M) 2.283ms
[6.820s][info ][gc,cpu       ] GC(17) User=0.01s Sys=0.00s Real=0.01s
[6.820s][info ][safepoint    ] Leaving safepoint region
[6.820s][info ][safepoint    ] Total time for which application threads were stopped: 0.0025231 seconds, Stopping threads took: 0.0000773 seconds
[6.873s][info ][safepoint    ] Application time: 0.0523740 seconds
[6.873s][info ][safepoint    ] Entering safepoint region: GenCollectForAllocation
[6.873s][info ][gc,start     ] GC(18) Pause Young (Allocation Failure)
[6.873s][info ][gc,task      ] GC(18) Using 4 workers of 4 for evacuation
[6.875s][debug][gc,ref       ] GC(18) Skipped phase1 of Reference Processing due to unavailable references
[6.875s][debug][gc,ref       ] GC(18) Skipped phase2 of Reference Processing due to unavailable references
[6.875s][debug][gc,ref       ] GC(18) Skipped phase3 of Reference Processing due to unavailable references
[6.875s][debug][gc,ref       ] GC(18) Skipped phase4 of Reference Processing due to unavailable references
[6.875s][debug][gc,age       ] GC(18) Desired survivor size 15400960 bytes, new threshold 6 (max threshold 6)
[6.875s][info ][gc,heap      ] GC(18) ParNew: 241448K->519K(270976K)
[6.875s][info ][gc,heap      ] GC(18) CMS: 119379K->119405K(602112K)
[6.875s][info ][gc,metaspace ] GC(18) Metaspace: 36620K->36620K(1083392K)
[6.875s][info ][gc           ] GC(18) Pause Young (Allocation Failure) 352M->117M(852M) 1.864ms
[6.875s][info ][gc,cpu       ] GC(18) User=0.01s Sys=0.00s Real=0.00s
[6.875s][info ][safepoint    ] Leaving safepoint region
[6.875s][info ][safepoint    ] Total time for which application threads were stopped: 0.0022004 seconds, Stopping threads took: 0.0001829 seconds
[6.934s][info ][safepoint    ] Application time: 0.0595718 seconds
[6.935s][info ][safepoint    ] Entering safepoint region: GenCollectForAllocation
[6.935s][info ][gc,start     ] GC(19) Pause Young (Allocation Failure)
[6.935s][info ][gc,task      ] GC(19) Using 4 workers of 4 for evacuation
[6.937s][debug][gc,ref       ] GC(19) Skipped phase1 of Reference Processing due to unavailable references
[6.937s][debug][gc,ref       ] GC(19) Skipped phase2 of Reference Processing due to unavailable references
[6.937s][debug][gc,ref       ] GC(19) Skipped phase3 of Reference Processing due to unavailable references
[6.937s][debug][gc,ref       ] GC(19) Skipped phase4 of Reference Processing due to unavailable references
[6.937s][debug][gc,age       ] GC(19) Desired survivor size 15400960 bytes, new threshold 6 (max threshold 6)
[6.937s][info ][gc,heap      ] GC(19) ParNew: 241415K->594K(270976K)
[6.937s][info ][gc,heap      ] GC(19) CMS: 119405K->119473K(602112K)
[6.937s][info ][gc,metaspace ] GC(19) Metaspace: 36620K->36620K(1083392K)
[6.937s][info ][gc           ] GC(19) Pause Young (Allocation Failure) 352M->117M(852M) 1.886ms
[6.937s][info ][gc,cpu       ] GC(19) User=0.01s Sys=0.00s Real=0.00s
[6.937s][info ][safepoint    ] Leaving safepoint region
[6.937s][info ][safepoint    ] Total time for which application threads were stopped: 0.0022443 seconds, Stopping threads took: 0.0001859 seconds
[6.974s][info ][safepoint    ] Application time: 0.0372506 seconds
[6.979s][info ][safepoint    ] Entering safepoint region: GenCollectForAllocation
[6.979s][info ][gc,start     ] GC(20) Pause Young (Allocation Failure)
[6.980s][info ][gc,task      ] GC(20) Using 4 workers of 4 for evacuation
[6.981s][debug][gc,ref       ] GC(20) Skipped phase1 of Reference Processing due to unavailable references
[6.981s][debug][gc,ref       ] GC(20) Skipped phase2 of Reference Processing due to unavailable references
[6.981s][debug][gc,ref       ] GC(20) Skipped phase3 of Reference Processing due to unavailable references
[6.981s][debug][gc,ref       ] GC(20) Skipped phase4 of Reference Processing due to unavailable references
[6.981s][debug][gc,age       ] GC(20) Desired survivor size 15400960 bytes, new threshold 6 (max threshold 6)
[6.981s][info ][gc,heap      ] GC(20) ParNew: 241490K->432K(270976K)
[6.981s][info ][gc,heap      ] GC(20) CMS: 119473K->119490K(602112K)
[6.981s][info ][gc,metaspace ] GC(20) Metaspace: 36620K->36620K(1083392K)
[6.981s][info ][gc           ] GC(20) Pause Young (Allocation Failure) 352M->117M(852M) 1.744ms
[6.981s][info ][gc,cpu       ] GC(20) User=0.01s Sys=0.00s Real=0.00s
[6.981s][info ][safepoint    ] Leaving safepoint region
[6.981s][info ][safepoint    ] Total time for which application threads were stopped: 0.0071964 seconds, Stopping threads took: 0.0052691 seconds
[7.050s][info ][safepoint    ] Application time: 0.0685370 seconds
[7.050s][info ][safepoint    ] Entering safepoint region: GenCollectForAllocation
[7.050s][info ][gc,start     ] GC(21) Pause Young (Allocation Failure)
[7.050s][info ][gc,task      ] GC(21) Using 4 workers of 4 for evacuation
[7.052s][debug][gc,ref       ] GC(21) Skipped phase1 of Reference Processing due to unavailable references
[7.052s][debug][gc,ref       ] GC(21) Skipped phase2 of Reference Processing due to unavailable references
[7.052s][debug][gc,ref       ] GC(21) Skipped phase3 of Reference Processing due to unavailable references
[7.052s][debug][gc,ref       ] GC(21) Skipped phase4 of Reference Processing due to unavailable references
[7.052s][debug][gc,age       ] GC(21) Desired survivor size 15400960 bytes, new threshold 6 (max threshold 6)
[7.052s][info ][gc,heap      ] GC(21) ParNew: 241328K->555K(270976K)
[7.052s][info ][gc,heap      ] GC(21) CMS: 119490K->119532K(602112K)
[7.052s][info ][gc,metaspace ] GC(21) Metaspace: 36620K->36620K(1083392K)
[7.052s][info ][gc           ] GC(21) Pause Young (Allocation Failure) 352M->117M(852M) 1.984ms
[7.052s][info ][gc,cpu       ] GC(21) User=0.01s Sys=0.00s Real=0.01s
[7.052s][info ][safepoint    ] Leaving safepoint region
[7.052s][info ][safepoint    ] Total time for which application threads were stopped: 0.0024128 seconds, Stopping threads took: 0.0002603 seconds
[7.093s][info ][safepoint    ] Application time: 0.0409851 seconds
[7.093s][info ][safepoint    ] Entering safepoint region: GenCollectForAllocation
[7.094s][info ][gc,start     ] GC(22) Pause Young (Allocation Failure)
[7.094s][info ][gc,task      ] GC(22) Using 4 workers of 4 for evacuation
[7.096s][debug][gc,ref       ] GC(22) Skipped phase1 of Reference Processing due to unavailable references
[7.096s][debug][gc,ref       ] GC(22) Skipped phase2 of Reference Processing due to unavailable references
[7.096s][debug][gc,ref       ] GC(22) Skipped phase3 of Reference Processing due to unavailable references
[7.096s][debug][gc,ref       ] GC(22) Skipped phase4 of Reference Processing due to unavailable references
[7.096s][debug][gc,age       ] GC(22) Desired survivor size 15400960 bytes, new threshold 6 (max threshold 6)
[7.096s][info ][gc,heap      ] GC(22) ParNew: 241451K->645K(270976K)
[7.096s][info ][gc,heap      ] GC(22) CMS: 119532K->119590K(602112K)
[7.096s][info ][gc,metaspace ] GC(22) Metaspace: 36620K->36620K(1083392K)
[7.096s][info ][gc           ] GC(22) Pause Young (Allocation Failure) 352M->117M(852M) 2.272ms
[7.096s][info ][gc,cpu       ] GC(22) User=0.00s Sys=0.00s Real=0.00s
[7.096s][info ][safepoint    ] Leaving safepoint region
[7.096s][info ][safepoint    ] Total time for which application threads were stopped: 0.0025557 seconds, Stopping threads took: 0.0001170 seconds
[7.145s][info ][safepoint    ] Application time: 0.0493699 seconds
[7.145s][info ][safepoint    ] Entering safepoint region: GenCollectForAllocation
[7.146s][info ][gc,start     ] GC(23) Pause Young (Allocation Failure)
[7.146s][info ][gc,task      ] GC(23) Using 4 workers of 4 for evacuation
[7.147s][debug][gc,ref       ] GC(23) Skipped phase1 of Reference Processing due to unavailable references
[7.147s][debug][gc,ref       ] GC(23) Skipped phase2 of Reference Processing due to unavailable references
[7.147s][debug][gc,ref       ] GC(23) Skipped phase3 of Reference Processing due to unavailable references
[7.147s][debug][gc,ref       ] GC(23) Skipped phase4 of Reference Processing due to unavailable references
[7.147s][debug][gc,age       ] GC(23) Desired survivor size 15400960 bytes, new threshold 6 (max threshold 6)
[7.147s][info ][gc,heap      ] GC(23) ParNew: 241541K->405K(270976K)
[7.147s][info ][gc,heap      ] GC(23) CMS: 119590K->119620K(602112K)
[7.147s][info ][gc,metaspace ] GC(23) Metaspace: 36621K->36621K(1083392K)
[7.147s][info ][gc           ] GC(23) Pause Young (Allocation Failure) 352M->117M(852M) 1.848ms
[7.147s][info ][gc,cpu       ] GC(23) User=0.01s Sys=0.00s Real=0.00s
[7.148s][info ][safepoint    ] Leaving safepoint region
[7.148s][info ][safepoint    ] Total time for which application threads were stopped: 0.0022424 seconds, Stopping threads took: 0.0002133 seconds
[7.211s][info ][safepoint    ] Application time: 0.0630383 seconds
[7.211s][info ][safepoint    ] Entering safepoint region: GenCollectForAllocation
[7.211s][info ][gc,start     ] GC(24) Pause Young (Allocation Failure)
[7.211s][info ][gc,task      ] GC(24) Using 4 workers of 4 for evacuation
[7.213s][debug][gc,ref       ] GC(24) Skipped phase1 of Reference Processing due to unavailable references
[7.213s][debug][gc,ref       ] GC(24) Skipped phase2 of Reference Processing due to unavailable references
[7.213s][debug][gc,ref       ] GC(24) Skipped phase3 of Reference Processing due to unavailable references
[7.213s][debug][gc,ref       ] GC(24) Skipped phase4 of Reference Processing due to unavailable references
[7.213s][debug][gc,age       ] GC(24) Desired survivor size 15400960 bytes, new threshold 6 (max threshold 6)
[7.213s][info ][gc,heap      ] GC(24) ParNew: 241301K->592K(270976K)
[7.213s][info ][gc,heap      ] GC(24) CMS: 119620K->119677K(602112K)
[7.213s][info ][gc,metaspace ] GC(24) Metaspace: 36621K->36621K(1083392K)
[7.213s][info ][gc           ] GC(24) Pause Young (Allocation Failure) 352M->117M(852M) 1.952ms
[7.213s][info ][gc,cpu       ] GC(24) User=0.00s Sys=0.00s Real=0.01s
[7.213s][info ][safepoint    ] Leaving safepoint region
[7.213s][info ][safepoint    ] Total time for which application threads were stopped: 0.0022506 seconds, Stopping threads took: 0.0001336 seconds
[7.257s][info ][safepoint    ] Application time: 0.0436657 seconds
[7.261s][info ][safepoint    ] Entering safepoint region: GenCollectForAllocation
[7.261s][info ][gc,start     ] GC(25) Pause Young (Allocation Failure)
[7.261s][info ][gc,task      ] GC(25) Using 4 workers of 4 for evacuation
[7.265s][debug][gc,ref       ] GC(25) Skipped phase1 of Reference Processing due to unavailable references
[7.265s][debug][gc,ref       ] GC(25) Skipped phase2 of Reference Processing due to unavailable references
[7.265s][debug][gc,ref       ] GC(25) Skipped phase3 of Reference Processing due to unavailable references
[7.265s][debug][gc,ref       ] GC(25) Skipped phase4 of Reference Processing due to unavailable references
[7.265s][debug][gc,age       ] GC(25) Desired survivor size 15400960 bytes, new threshold 6 (max threshold 6)
[7.265s][info ][gc,heap      ] GC(25) ParNew: 241488K->624K(270976K)
[7.265s][info ][gc,heap      ] GC(25) CMS: 119677K->119723K(602112K)
[7.265s][info ][gc,metaspace ] GC(25) Metaspace: 36621K->36621K(1083392K)
[7.265s][info ][gc           ] GC(25) Pause Young (Allocation Failure) 352M->117M(852M) 3.736ms
[7.265s][info ][gc,cpu       ] GC(25) User=0.01s Sys=0.00s Real=0.00s
[7.265s][info ][safepoint    ] Leaving safepoint region
[7.265s][info ][safepoint    ] Total time for which application threads were stopped: 0.0084441 seconds, Stopping threads took: 0.0045191 seconds
[7.319s][info ][safepoint    ] Application time: 0.0542002 seconds
[7.320s][info ][safepoint    ] Entering safepoint region: GenCollectForAllocation
[7.320s][info ][gc,start     ] GC(26) Pause Young (Allocation Failure)
[7.320s][info ][gc,task      ] GC(26) Using 4 workers of 4 for evacuation
[7.322s][debug][gc,ref       ] GC(26) Skipped phase1 of Reference Processing due to unavailable references
[7.322s][debug][gc,ref       ] GC(26) Skipped phase2 of Reference Processing due to unavailable references
[7.322s][debug][gc,ref       ] GC(26) Skipped phase3 of Reference Processing due to unavailable references
[7.322s][debug][gc,ref       ] GC(26) Skipped phase4 of Reference Processing due to unavailable references
[7.322s][debug][gc,age       ] GC(26) Desired survivor size 15400960 bytes, new threshold 6 (max threshold 6)
[7.322s][info ][gc,heap      ] GC(26) ParNew: 241520K->513K(270976K)
[7.322s][info ][gc,heap      ] GC(26) CMS: 119723K->119739K(602112K)
[7.322s][info ][gc,metaspace ] GC(26) Metaspace: 36621K->36621K(1083392K)
[7.322s][info ][gc           ] GC(26) Pause Young (Allocation Failure) 352M->117M(852M) 1.855ms
[7.322s][info ][gc,cpu       ] GC(26) User=0.01s Sys=0.00s Real=0.00s
[7.322s][info ][safepoint    ] Leaving safepoint region
[7.322s][info ][safepoint    ] Total time for which application threads were stopped: 0.0027047 seconds, Stopping threads took: 0.0006539 seconds
[7.382s][info ][safepoint    ] Application time: 0.0605419 seconds
[7.383s][info ][safepoint    ] Entering safepoint region: GenCollectForAllocation
[7.383s][info ][gc,start     ] GC(27) Pause Young (Allocation Failure)
[7.383s][info ][gc,task      ] GC(27) Using 4 workers of 4 for evacuation
[7.385s][debug][gc,ref       ] GC(27) Skipped phase1 of Reference Processing due to unavailable references
[7.385s][debug][gc,ref       ] GC(27) Skipped phase3 of Reference Processing due to unavailable references
[7.385s][debug][gc,age       ] GC(27) Desired survivor size 15400960 bytes, new threshold 6 (max threshold 6)
[7.385s][info ][gc,heap      ] GC(27) ParNew: 241409K->696K(270976K)
[7.385s][info ][gc,heap      ] GC(27) CMS: 119739K->119827K(602112K)
[7.385s][info ][gc,metaspace ] GC(27) Metaspace: 36791K->36791K(1083392K)
[7.385s][info ][gc           ] GC(27) Pause Young (Allocation Failure) 352M->117M(852M) 2.324ms
[7.385s][info ][gc,cpu       ] GC(27) User=0.01s Sys=0.00s Real=0.00s
[7.385s][info ][safepoint    ] Leaving safepoint region
[7.385s][info ][safepoint    ] Total time for which application threads were stopped: 0.0028326 seconds, Stopping threads took: 0.0001881 seconds
[7.442s][info ][safepoint    ] Application time: 0.0566243 seconds
[7.442s][info ][safepoint    ] Entering safepoint region: GenCollectForAllocation
[7.442s][info ][gc,start     ] GC(28) Pause Young (Allocation Failure)
[7.442s][info ][gc,task      ] GC(28) Using 4 workers of 4 for evacuation
[7.445s][debug][gc,ref       ] GC(28) Skipped phase1 of Reference Processing due to unavailable references
[7.445s][debug][gc,ref       ] GC(28) Skipped phase3 of Reference Processing due to unavailable references
[7.445s][debug][gc,age       ] GC(28) Desired survivor size 15400960 bytes, new threshold 6 (max threshold 6)
[7.445s][info ][gc,heap      ] GC(28) ParNew: 241592K->852K(270976K)
[7.445s][info ][gc,heap      ] GC(28) CMS: 119827K->119847K(602112K)
[7.445s][info ][gc,metaspace ] GC(28) Metaspace: 36881K->36881K(1083392K)
[7.445s][info ][gc           ] GC(28) Pause Young (Allocation Failure) 352M->117M(852M) 2.517ms
[7.445s][info ][gc,cpu       ] GC(28) User=0.01s Sys=0.00s Real=0.00s
[7.445s][info ][safepoint    ] Leaving safepoint region
[7.445s][info ][safepoint    ] Total time for which application threads were stopped: 0.0030320 seconds, Stopping threads took: 0.0003229 seconds
[7.516s][info ][safepoint    ] Application time: 0.0708866 seconds
[7.516s][info ][safepoint    ] Entering safepoint region: GenCollectForAllocation
[7.516s][info ][gc,start     ] GC(29) Pause Young (Allocation Failure)
[7.516s][info ][gc,task      ] GC(29) Using 4 workers of 4 for evacuation
[7.519s][debug][gc,ref       ] GC(29) Skipped phase1 of Reference Processing due to unavailable references
[7.519s][debug][gc,ref       ] GC(29) Skipped phase3 of Reference Processing due to unavailable references
[7.519s][debug][gc,ref       ] GC(29) Skipped phase4 of Reference Processing due to unavailable references
[7.519s][debug][gc,age       ] GC(29) Desired survivor size 15400960 bytes, new threshold 6 (max threshold 6)
[7.519s][info ][gc,heap      ] GC(29) ParNew: 241748K->1193K(270976K)
[7.519s][info ][gc,heap      ] GC(29) CMS: 119847K->119905K(602112K)
[7.519s][info ][gc,metaspace ] GC(29) Metaspace: 37040K->37040K(1083392K)
[7.519s][info ][gc           ] GC(29) Pause Young (Allocation Failure) 353M->118M(852M) 2.608ms
[7.519s][info ][gc,cpu       ] GC(29) User=0.02s Sys=0.01s Real=0.01s
[7.519s][info ][safepoint    ] Leaving safepoint region
[7.519s][info ][safepoint    ] Total time for which application threads were stopped: 0.0030587 seconds, Stopping threads took: 0.0002673 seconds
[7.565s][info ][safepoint    ] Application time: 0.0461119 seconds
[7.565s][info ][safepoint    ] Entering safepoint region: GenCollectForAllocation
[7.565s][info ][gc,start     ] GC(30) Pause Young (Allocation Failure)
[7.566s][info ][gc,task      ] GC(30) Using 4 workers of 4 for evacuation
[7.568s][debug][gc,ref       ] GC(30) Skipped phase1 of Reference Processing due to unavailable references
[7.568s][debug][gc,ref       ] GC(30) Skipped phase3 of Reference Processing due to unavailable references
[7.568s][debug][gc,ref       ] GC(30) Skipped phase4 of Reference Processing due to unavailable references
[7.568s][debug][gc,age       ] GC(30) Desired survivor size 15400960 bytes, new threshold 6 (max threshold 6)
[7.568s][info ][gc,heap      ] GC(30) ParNew: 242089K->1388K(270976K)
[7.568s][info ][gc,heap      ] GC(30) CMS: 119905K->119959K(602112K)
[7.568s][info ][gc,metaspace ] GC(30) Metaspace: 37077K->37077K(1083392K)
[7.568s][info ][gc           ] GC(30) Pause Young (Allocation Failure) 353M->118M(852M) 2.670ms
[7.568s][info ][gc,cpu       ] GC(30) User=0.01s Sys=0.01s Real=0.00s
[7.568s][info ][safepoint    ] Leaving safepoint region
[7.568s][info ][safepoint    ] Total time for which application threads were stopped: 0.0030037 seconds, Stopping threads took: 0.0001754 seconds
[7.640s][info ][safepoint    ] Application time: 0.0717709 seconds
[7.640s][info ][safepoint    ] Entering safepoint region: GenCollectForAllocation
[7.640s][info ][gc,start     ] GC(31) Pause Young (Allocation Failure)
[7.640s][info ][gc,task      ] GC(31) Using 4 workers of 4 for evacuation
[7.643s][debug][gc,ref       ] GC(31) Skipped phase1 of Reference Processing due to unavailable references
[7.643s][debug][gc,ref       ] GC(31) Skipped phase3 of Reference Processing due to unavailable references
[7.643s][debug][gc,ref       ] GC(31) Skipped phase4 of Reference Processing due to unavailable references
[7.643s][debug][gc,age       ] GC(31) Desired survivor size 15400960 bytes, new threshold 6 (max threshold 6)
[7.643s][info ][gc,heap      ] GC(31) ParNew: 242284K->2082K(270976K)
[7.643s][info ][gc,heap      ] GC(31) CMS: 119959K->119993K(602112K)
[7.643s][info ][gc,metaspace ] GC(31) Metaspace: 37108K->37108K(1083392K)
[7.643s][info ][gc           ] GC(31) Pause Young (Allocation Failure) 353M->119M(852M) 3.011ms
[7.643s][info ][gc,cpu       ] GC(31) User=0.01s Sys=0.00s Real=0.00s
[7.643s][info ][safepoint    ] Leaving safepoint region
[7.643s][info ][safepoint    ] Total time for which application threads were stopped: 0.0033831 seconds, Stopping threads took: 0.0001812 seconds
[7.698s][info ][safepoint    ] Application time: 0.0543424 seconds
[7.698s][info ][safepoint    ] Entering safepoint region: GenCollectForAllocation
[7.698s][info ][gc,start     ] GC(32) Pause Young (Allocation Failure)
[7.698s][info ][gc,task      ] GC(32) Using 4 workers of 4 for evacuation
[7.702s][debug][gc,ref       ] GC(32) Skipped phase1 of Reference Processing due to unavailable references
[7.702s][debug][gc,ref       ] GC(32) Skipped phase3 of Reference Processing due to unavailable references
[7.702s][debug][gc,ref       ] GC(32) Skipped phase4 of Reference Processing due to unavailable references
[7.702s][debug][gc,age       ] GC(32) Desired survivor size 15400960 bytes, new threshold 6 (max threshold 6)
[7.702s][info ][gc,heap      ] GC(32) ParNew: 242978K->3137K(270976K)
[7.702s][info ][gc,heap      ] GC(32) CMS: 119993K->120052K(602112K)
[7.702s][info ][gc,metaspace ] GC(32) Metaspace: 37132K->37132K(1083392K)
[7.702s][info ][gc           ] GC(32) Pause Young (Allocation Failure) 354M->120M(852M) 3.541ms
[7.702s][info ][gc,cpu       ] GC(32) User=0.01s Sys=0.00s Real=0.01s
[7.702s][info ][safepoint    ] Leaving safepoint region
[7.702s][info ][safepoint    ] Total time for which application threads were stopped: 0.0039861 seconds, Stopping threads took: 0.0002233 seconds
[7.760s][info ][safepoint    ] Application time: 0.0586988 seconds
[7.761s][info ][safepoint    ] Entering safepoint region: GenCollectForAllocation
[7.761s][info ][gc,start     ] GC(33) Pause Young (Allocation Failure)
[7.761s][info ][gc,task      ] GC(33) Using 4 workers of 4 for evacuation
[7.765s][debug][gc,ref       ] GC(33) Skipped phase1 of Reference Processing due to unavailable references
[7.765s][debug][gc,ref       ] GC(33) Skipped phase3 of Reference Processing due to unavailable references
[7.765s][debug][gc,ref       ] GC(33) Skipped phase4 of Reference Processing due to unavailable references
[7.765s][debug][gc,age       ] GC(33) Desired survivor size 15400960 bytes, new threshold 6 (max threshold 6)
[7.765s][info ][gc,heap      ] GC(33) ParNew: 244033K->3697K(270976K)
[7.765s][info ][gc,heap      ] GC(33) CMS: 120052K->120182K(602112K)
[7.765s][info ][gc,metaspace ] GC(33) Metaspace: 37140K->37140K(1083392K)
[7.765s][info ][gc           ] GC(33) Pause Young (Allocation Failure) 355M->120M(852M) 4.306ms
[7.765s][info ][gc,cpu       ] GC(33) User=0.02s Sys=0.00s Real=0.00s
[7.765s][info ][safepoint    ] Leaving safepoint region
[7.765s][info ][safepoint    ] Total time for which application threads were stopped: 0.0047707 seconds, Stopping threads took: 0.0002919 seconds
[7.831s][info ][safepoint    ] Application time: 0.0657542 seconds
[7.831s][info ][safepoint    ] Entering safepoint region: GenCollectForAllocation
[7.831s][info ][gc,start     ] GC(34) Pause Young (Allocation Failure)
[7.831s][info ][gc,task      ] GC(34) Using 4 workers of 4 for evacuation
[7.835s][debug][gc,ref       ] GC(34) Skipped phase1 of Reference Processing due to unavailable references
[7.835s][debug][gc,ref       ] GC(34) Skipped phase2 of Reference Processing due to unavailable references
[7.835s][debug][gc,ref       ] GC(34) Skipped phase3 of Reference Processing due to unavailable references
[7.835s][debug][gc,ref       ] GC(34) Skipped phase4 of Reference Processing due to unavailable references
[7.835s][debug][gc,age       ] GC(34) Desired survivor size 15400960 bytes, new threshold 6 (max threshold 6)
[7.835s][info ][gc,heap      ] GC(34) ParNew: 244593K->4471K(270976K)
[7.835s][info ][gc,heap      ] GC(34) CMS: 120182K->120312K(602112K)
[7.835s][info ][gc,metaspace ] GC(34) Metaspace: 37140K->37140K(1083392K)
[7.835s][info ][gc           ] GC(34) Pause Young (Allocation Failure) 356M->121M(852M) 4.101ms
[7.835s][info ][gc,cpu       ] GC(34) User=0.02s Sys=0.00s Real=0.00s
[7.835s][info ][safepoint    ] Leaving safepoint region
[7.836s][info ][safepoint    ] Total time for which application threads were stopped: 0.0044366 seconds, Stopping threads took: 0.0001820 seconds
[7.877s][info ][safepoint    ] Application time: 0.0417121 seconds
[7.877s][info ][safepoint    ] Entering safepoint region: GenCollectForAllocation
[7.877s][info ][gc,start     ] GC(35) Pause Young (Allocation Failure)
[7.877s][info ][gc,task      ] GC(35) Using 4 workers of 4 for evacuation
[7.883s][debug][gc,ref       ] GC(35) Skipped phase1 of Reference Processing due to unavailable references
[7.883s][debug][gc,ref       ] GC(35) Skipped phase2 of Reference Processing due to unavailable references
[7.883s][debug][gc,ref       ] GC(35) Skipped phase3 of Reference Processing due to unavailable references
[7.883s][debug][gc,ref       ] GC(35) Skipped phase4 of Reference Processing due to unavailable references
[7.883s][debug][gc,age       ] GC(35) Desired survivor size 15400960 bytes, new threshold 6 (max threshold 6)
[7.883s][info ][gc,heap      ] GC(35) ParNew: 245367K->7349K(270976K)
[7.883s][info ][gc,heap      ] GC(35) CMS: 120312K->120608K(602112K)
[7.883s][info ][gc,metaspace ] GC(35) Metaspace: 37140K->37140K(1083392K)
[7.883s][info ][gc           ] GC(35) Pause Young (Allocation Failure) 357M->124M(852M) 5.270ms
[7.883s][info ][gc,cpu       ] GC(35) User=0.01s Sys=0.01s Real=0.01s
[7.883s][info ][safepoint    ] Leaving safepoint region
[7.883s][info ][safepoint    ] Total time for which application threads were stopped: 0.0055169 seconds, Stopping threads took: 0.0000911 seconds
[7.945s][info ][safepoint    ] Application time: 0.0622868 seconds
[7.945s][info ][safepoint    ] Entering safepoint region: GenCollectForAllocation
[7.945s][info ][gc,start     ] GC(36) Pause Young (Allocation Failure)
[7.945s][info ][gc,task      ] GC(36) Using 4 workers of 4 for evacuation
[7.951s][debug][gc,ref       ] GC(36) Skipped phase1 of Reference Processing due to unavailable references
[7.951s][debug][gc,ref       ] GC(36) Skipped phase2 of Reference Processing due to unavailable references
[7.951s][debug][gc,ref       ] GC(36) Skipped phase3 of Reference Processing due to unavailable references
[7.951s][debug][gc,ref       ] GC(36) Skipped phase4 of Reference Processing due to unavailable references
[7.951s][debug][gc,age       ] GC(36) Desired survivor size 15400960 bytes, new threshold 6 (max threshold 6)
[7.951s][info ][gc,heap      ] GC(36) ParNew: 248245K->8411K(270976K)
[7.951s][info ][gc,heap      ] GC(36) CMS: 120608K->120921K(602112K)
[7.951s][info ][gc,metaspace ] GC(36) Metaspace: 37154K->37154K(1083392K)
[7.951s][info ][gc           ] GC(36) Pause Young (Allocation Failure) 360M->126M(852M) 5.625ms
[7.951s][info ][gc,cpu       ] GC(36) User=0.03s Sys=0.00s Real=0.01s
[7.951s][info ][safepoint    ] Leaving safepoint region
[7.951s][info ][safepoint    ] Total time for which application threads were stopped: 0.0059952 seconds, Stopping threads took: 0.0001813 seconds
[7.996s][info ][safepoint    ] Application time: 0.0451615 seconds
[7.999s][info ][safepoint    ] Entering safepoint region: GenCollectForAllocation
[7.999s][info ][gc,start     ] GC(37) Pause Young (Allocation Failure)
[7.999s][info ][gc,task      ] GC(37) Using 4 workers of 4 for evacuation
[8.006s][debug][gc,ref       ] GC(37) Skipped phase1 of Reference Processing due to unavailable references
[8.006s][debug][gc,ref       ] GC(37) Skipped phase3 of Reference Processing due to unavailable references
[8.006s][debug][gc,age       ] GC(37) Desired survivor size 15400960 bytes, new threshold 6 (max threshold 6)
[8.006s][info ][gc,heap      ] GC(37) ParNew: 249307K->10704K(270976K)
[8.006s][info ][gc,heap      ] GC(37) CMS: 120921K->121613K(602112K)
[8.006s][info ][gc,metaspace ] GC(37) Metaspace: 37155K->37155K(1083392K)
[8.006s][info ][gc           ] GC(37) Pause Young (Allocation Failure) 361M->129M(852M) 6.738ms
[8.006s][info ][gc,cpu       ] GC(37) User=0.03s Sys=0.00s Real=0.00s
[8.006s][info ][safepoint    ] Leaving safepoint region
[8.006s][info ][safepoint    ] Total time for which application threads were stopped: 0.0099028 seconds, Stopping threads took: 0.0029910 seconds
[8.058s][info ][safepoint    ] Application time: 0.0519196 seconds
[8.059s][info ][safepoint    ] Entering safepoint region: GenCollectForAllocation
[8.059s][info ][gc,start     ] GC(38) Pause Young (Allocation Failure)
[8.059s][info ][gc,task      ] GC(38) Using 4 workers of 4 for evacuation
[8.068s][debug][gc,ref       ] GC(38) Skipped phase1 of Reference Processing due to unavailable references
[8.068s][debug][gc,ref       ] GC(38) Skipped phase3 of Reference Processing due to unavailable references
[8.068s][debug][gc,age       ] GC(38) Desired survivor size 15400960 bytes, new threshold 6 (max threshold 6)
[8.068s][info ][gc,heap      ] GC(38) ParNew: 251600K->10252K(270976K)
[8.068s][info ][gc,heap      ] GC(38) CMS: 121613K->122231K(602112K)
[8.068s][info ][gc,metaspace ] GC(38) Metaspace: 37202K->37202K(1083392K)
[8.068s][info ][gc           ] GC(38) Pause Young (Allocation Failure) 364M->129M(852M) 8.565ms
[8.068s][info ][gc,cpu       ] GC(38) User=0.03s Sys=0.00s Real=0.00s
[8.068s][info ][safepoint    ] Leaving safepoint region
[8.068s][info ][safepoint    ] Total time for which application threads were stopped: 0.0095731 seconds, Stopping threads took: 0.0008082 seconds
[8.127s][info ][safepoint    ] Application time: 0.0587238 seconds
[8.128s][info ][safepoint    ] Entering safepoint region: GenCollectForAllocation
[8.128s][info ][gc,start     ] GC(39) Pause Young (Allocation Failure)
[8.128s][info ][gc,task      ] GC(39) Using 4 workers of 4 for evacuation
[8.135s][debug][gc,ref       ] GC(39) Skipped phase1 of Reference Processing due to unavailable references
[8.135s][debug][gc,ref       ] GC(39) Skipped phase3 of Reference Processing due to unavailable references
[8.135s][debug][gc,age       ] GC(39) Desired survivor size 15400960 bytes, new threshold 6 (max threshold 6)
[8.135s][info ][gc,heap      ] GC(39) ParNew: 251148K->10797K(270976K)
[8.135s][info ][gc,heap      ] GC(39) CMS: 122231K->122790K(602112K)
[8.135s][info ][gc,metaspace ] GC(39) Metaspace: 37728K->37728K(1083392K)
[8.135s][info ][gc           ] GC(39) Pause Young (Allocation Failure) 364M->130M(852M) 6.411ms
[8.135s][info ][gc,cpu       ] GC(39) User=0.02s Sys=0.00s Real=0.01s
[8.135s][info ][safepoint    ] Leaving safepoint region
[8.135s][info ][safepoint    ] Total time for which application threads were stopped: 0.0082620 seconds, Stopping threads took: 0.0016527 seconds
[8.145s][info ][safepoint    ] Application time: 0.0099861 seconds
[8.145s][info ][safepoint    ] Entering safepoint region: RevokeBias
[8.145s][info ][safepoint    ] Leaving safepoint region
[8.145s][info ][safepoint    ] Total time for which application threads were stopped: 0.0003677 seconds, Stopping threads took: 0.0002511 seconds
[8.174s][info ][safepoint    ] Application time: 0.0287895 seconds
[8.174s][info ][safepoint    ] Entering safepoint region: GenCollectForAllocation
[8.174s][info ][gc,start     ] GC(40) Pause Young (Allocation Failure)
[8.174s][info ][gc,task      ] GC(40) Using 4 workers of 4 for evacuation
[8.181s][debug][gc,ref       ] GC(40) Skipped phase1 of Reference Processing due to unavailable references
[8.181s][debug][gc,ref       ] GC(40) Skipped phase3 of Reference Processing due to unavailable references
[8.181s][debug][gc,age       ] GC(40) Desired survivor size 15400960 bytes, new threshold 6 (max threshold 6)
[8.181s][info ][gc,heap      ] GC(40) ParNew: 251693K->9017K(270976K)
[8.181s][info ][gc,heap      ] GC(40) CMS: 122790K->124310K(602112K)
[8.181s][info ][gc,metaspace ] GC(40) Metaspace: 38250K->38250K(1083392K)
[8.181s][info ][gc           ] GC(40) Pause Young (Allocation Failure) 365M->130M(852M) 6.771ms
[8.181s][info ][gc,cpu       ] GC(40) User=0.02s Sys=0.00s Real=0.01s
[8.181s][info ][safepoint    ] Leaving safepoint region
[8.181s][info ][safepoint    ] Total time for which application threads were stopped: 0.0071828 seconds, Stopping threads took: 0.0002104 seconds
[8.248s][info ][safepoint    ] Application time: 0.0663096 seconds
[8.248s][info ][safepoint    ] Entering safepoint region: GenCollectForAllocation
[8.248s][info ][gc,start     ] GC(41) Pause Young (Allocation Failure)
[8.248s][info ][gc,task      ] GC(41) Using 4 workers of 4 for evacuation
[8.255s][debug][gc,ref       ] GC(41) Skipped phase1 of Reference Processing due to unavailable references
[8.255s][debug][gc,ref       ] GC(41) Skipped phase3 of Reference Processing due to unavailable references
[8.256s][debug][gc,age       ] GC(41) Desired survivor size 15400960 bytes, new threshold 6 (max threshold 6)
[8.256s][info ][gc,heap      ] GC(41) ParNew: 249913K->7822K(270976K)
[8.256s][info ][gc,heap      ] GC(41) CMS: 124310K->125881K(602112K)
[8.256s][info ][gc,metaspace ] GC(41) Metaspace: 38401K->38401K(1083392K)
[8.256s][info ][gc           ] GC(41) Pause Young (Allocation Failure) 365M->130M(852M) 7.625ms
[8.256s][info ][gc,cpu       ] GC(41) User=0.03s Sys=0.00s Real=0.01s
[8.256s][info ][safepoint    ] Leaving safepoint region
[8.256s][info ][safepoint    ] Total time for which application threads were stopped: 0.0081077 seconds, Stopping threads took: 0.0002750 seconds
[8.274s][info ][safepoint    ] Application time: 0.0185706 seconds
[8.274s][info ][safepoint    ] Entering safepoint region: RevokeBias
[8.275s][info ][safepoint    ] Leaving safepoint region
[8.275s][info ][safepoint    ] Total time for which application threads were stopped: 0.0003611 seconds, Stopping threads took: 0.0001991 seconds
[8.298s][info ][safepoint    ] Application time: 0.0233802 seconds
[8.298s][info ][safepoint    ] Entering safepoint region: GenCollectForAllocation
[8.299s][info ][gc,start     ] GC(42) Pause Young (Allocation Failure)
[8.299s][info ][gc,task      ] GC(42) Using 4 workers of 4 for evacuation
[8.307s][debug][gc,ref       ] GC(42) Skipped phase1 of Reference Processing due to unavailable references
[8.307s][debug][gc,ref       ] GC(42) Skipped phase3 of Reference Processing due to unavailable references
[8.307s][debug][gc,age       ] GC(42) Desired survivor size 15400960 bytes, new threshold 6 (max threshold 6)
[8.307s][info ][gc,heap      ] GC(42) ParNew: 248718K->6685K(270976K)
[8.307s][info ][gc,heap      ] GC(42) CMS: 125881K->127566K(602112K)
[8.307s][info ][gc,metaspace ] GC(42) Metaspace: 38496K->38496K(1083392K)
[8.307s][info ][gc           ] GC(42) Pause Young (Allocation Failure) 365M->131M(852M) 8.826ms
[8.307s][info ][gc,cpu       ] GC(42) User=0.02s Sys=0.01s Real=0.01s
[8.308s][info ][safepoint    ] Leaving safepoint region
[8.308s][info ][safepoint    ] Total time for which application threads were stopped: 0.0094818 seconds, Stopping threads took: 0.0004798 seconds
[8.381s][info ][safepoint    ] Application time: 0.0730114 seconds
[8.381s][info ][safepoint    ] Entering safepoint region: GenCollectForAllocation
[8.381s][info ][gc,start     ] GC(43) Pause Young (Allocation Failure)
[8.381s][info ][gc,task      ] GC(43) Using 4 workers of 4 for evacuation
[8.386s][debug][gc,ref       ] GC(43) Skipped phase1 of Reference Processing due to unavailable references
[8.386s][debug][gc,ref       ] GC(43) Skipped phase3 of Reference Processing due to unavailable references
[8.386s][debug][gc,ref       ] GC(43) Skipped phase4 of Reference Processing due to unavailable references
[8.386s][debug][gc,age       ] GC(43) Desired survivor size 15400960 bytes, new threshold 6 (max threshold 6)
[8.386s][info ][gc,heap      ] GC(43) ParNew: 247581K->4164K(270976K)
[8.386s][info ][gc,heap      ] GC(43) CMS: 127566K->128759K(602112K)
[8.386s][info ][gc,metaspace ] GC(43) Metaspace: 38499K->38499K(1083392K)
[8.386s][info ][gc           ] GC(43) Pause Young (Allocation Failure) 366M->129M(852M) 5.083ms
[8.386s][info ][gc,cpu       ] GC(43) User=0.03s Sys=0.00s Real=0.00s
[8.386s][info ][safepoint    ] Leaving safepoint region
[8.386s][info ][safepoint    ] Total time for which application threads were stopped: 0.0055080 seconds, Stopping threads took: 0.0002332 seconds
[8.435s][info ][safepoint    ] Application time: 0.0484210 seconds
[8.435s][info ][safepoint    ] Entering safepoint region: GenCollectForAllocation
[8.435s][info ][gc,start     ] GC(44) Pause Young (Allocation Failure)
[8.435s][info ][gc,task      ] GC(44) Using 4 workers of 4 for evacuation
[8.440s][debug][gc,ref       ] GC(44) Skipped phase1 of Reference Processing due to unavailable references
[8.440s][debug][gc,ref       ] GC(44) Skipped phase3 of Reference Processing due to unavailable references
[8.440s][debug][gc,ref       ] GC(44) Skipped phase4 of Reference Processing due to unavailable references
[8.440s][debug][gc,age       ] GC(44) Desired survivor size 15400960 bytes, new threshold 6 (max threshold 6)
[8.440s][info ][gc,heap      ] GC(44) ParNew: 245060K->3493K(270976K)
[8.440s][info ][gc,heap      ] GC(44) CMS: 128759K->129766K(602112K)
[8.440s][info ][gc,metaspace ] GC(44) Metaspace: 38499K->38499K(1083392K)
[8.440s][info ][gc           ] GC(44) Pause Young (Allocation Failure) 365M->130M(852M) 5.534ms
[8.440s][info ][gc,cpu       ] GC(44) User=0.03s Sys=0.00s Real=0.01s
[8.440s][info ][safepoint    ] Leaving safepoint region
[8.440s][info ][safepoint    ] Total time for which application threads were stopped: 0.0058839 seconds, Stopping threads took: 0.0001659 seconds
[8.499s][info ][safepoint    ] Application time: 0.0581802 seconds
[8.499s][info ][safepoint    ] Entering safepoint region: GenCollectForAllocation
[8.499s][info ][gc,start     ] GC(45) Pause Young (Allocation Failure)
[8.499s][info ][gc,task      ] GC(45) Using 4 workers of 4 for evacuation
[8.502s][debug][gc,ref       ] GC(45) Skipped phase1 of Reference Processing due to unavailable references
[8.502s][debug][gc,ref       ] GC(45) Skipped phase3 of Reference Processing due to unavailable references
[8.502s][debug][gc,ref       ] GC(45) Skipped phase4 of Reference Processing due to unavailable references
[8.503s][debug][gc,age       ] GC(45) Desired survivor size 15400960 bytes, new threshold 6 (max threshold 6)
[8.503s][info ][gc,heap      ] GC(45) ParNew: 244389K->2457K(270976K)
[8.503s][info ][gc,heap      ] GC(45) CMS: 129766K->130208K(602112K)
[8.503s][info ][gc,metaspace ] GC(45) Metaspace: 38499K->38499K(1083392K)
[8.503s][info ][gc           ] GC(45) Pause Young (Allocation Failure) 365M->129M(852M) 3.670ms
[8.503s][info ][gc,cpu       ] GC(45) User=0.01s Sys=0.00s Real=0.01s
[8.503s][info ][safepoint    ] Leaving safepoint region
[8.503s][info ][safepoint    ] Total time for which application threads were stopped: 0.0039723 seconds, Stopping threads took: 0.0001376 seconds
[8.547s][info ][safepoint    ] Application time: 0.0443750 seconds
[8.547s][info ][safepoint    ] Entering safepoint region: GenCollectForAllocation
[8.547s][info ][gc,start     ] GC(46) Pause Young (Allocation Failure)
[8.547s][info ][gc,task      ] GC(46) Using 4 workers of 4 for evacuation
[8.551s][debug][gc,ref       ] GC(46) Skipped phase1 of Reference Processing due to unavailable references
[8.551s][debug][gc,ref       ] GC(46) Skipped phase3 of Reference Processing due to unavailable references
[8.551s][debug][gc,ref       ] GC(46) Skipped phase4 of Reference Processing due to unavailable references
[8.551s][debug][gc,age       ] GC(46) Desired survivor size 15400960 bytes, new threshold 6 (max threshold 6)
[8.551s][info ][gc,heap      ] GC(46) ParNew: 243353K->2221K(270976K)
[8.551s][info ][gc,heap      ] GC(46) CMS: 130208K->130380K(602112K)
[8.551s][info ][gc,metaspace ] GC(46) Metaspace: 38500K->38500K(1083392K)
[8.551s][info ][gc           ] GC(46) Pause Young (Allocation Failure) 364M->129M(852M) 3.474ms
[8.551s][info ][gc,cpu       ] GC(46) User=0.01s Sys=0.00s Real=0.00s
[8.551s][info ][safepoint    ] Leaving safepoint region
[8.551s][info ][safepoint    ] Total time for which application threads were stopped: 0.0038525 seconds, Stopping threads took: 0.0002143 seconds
[8.616s][info ][safepoint    ] Application time: 0.0649276 seconds
[8.616s][info ][safepoint    ] Entering safepoint region: GenCollectForAllocation
[8.616s][info ][gc,start     ] GC(47) Pause Young (Allocation Failure)
[8.616s][info ][gc,task      ] GC(47) Using 4 workers of 4 for evacuation
[8.619s][debug][gc,ref       ] GC(47) Skipped phase1 of Reference Processing due to unavailable references
[8.619s][debug][gc,ref       ] GC(47) Skipped phase3 of Reference Processing due to unavailable references
[8.619s][debug][gc,ref       ] GC(47) Skipped phase4 of Reference Processing due to unavailable references
[8.619s][debug][gc,age       ] GC(47) Desired survivor size 15400960 bytes, new threshold 6 (max threshold 6)
[8.619s][info ][gc,heap      ] GC(47) ParNew: 243117K->1772K(270976K)
[8.619s][info ][gc,heap      ] GC(47) CMS: 130380K->131092K(602112K)
[8.619s][info ][gc,metaspace ] GC(47) Metaspace: 38500K->38500K(1083392K)
[8.619s][info ][gc           ] GC(47) Pause Young (Allocation Failure) 364M->129M(852M) 3.165ms
[8.619s][info ][gc,cpu       ] GC(47) User=0.01s Sys=0.00s Real=0.01s
[8.619s][info ][safepoint    ] Leaving safepoint region
[8.619s][info ][safepoint    ] Total time for which application threads were stopped: 0.0034490 seconds, Stopping threads took: 0.0001118 seconds
[8.664s][info ][safepoint    ] Application time: 0.0446900 seconds
[8.664s][info ][safepoint    ] Entering safepoint region: GenCollectForAllocation
[8.664s][info ][gc,start     ] GC(48) Pause Young (Allocation Failure)
[8.664s][info ][gc,task      ] GC(48) Using 4 workers of 4 for evacuation
[8.667s][debug][gc,ref       ] GC(48) Skipped phase1 of Reference Processing due to unavailable references
[8.667s][debug][gc,ref       ] GC(48) Skipped phase2 of Reference Processing due to unavailable references
[8.667s][debug][gc,ref       ] GC(48) Skipped phase3 of Reference Processing due to unavailable references
[8.667s][debug][gc,ref       ] GC(48) Skipped phase4 of Reference Processing due to unavailable references
[8.667s][debug][gc,age       ] GC(48) Desired survivor size 15400960 bytes, new threshold 6 (max threshold 6)
[8.667s][info ][gc,heap      ] GC(48) ParNew: 242668K->664K(270976K)
[8.667s][info ][gc,heap      ] GC(48) CMS: 131092K->131520K(602112K)
[8.667s][info ][gc,metaspace ] GC(48) Metaspace: 38503K->38503K(1083392K)
[8.667s][info ][gc           ] GC(48) Pause Young (Allocation Failure) 365M->129M(852M) 2.764ms
[8.667s][info ][gc,cpu       ] GC(48) User=0.01s Sys=0.00s Real=0.00s
[8.667s][info ][safepoint    ] Leaving safepoint region
[8.667s][info ][safepoint    ] Total time for which application threads were stopped: 0.0031283 seconds, Stopping threads took: 0.0002006 seconds
[8.724s][info ][safepoint    ] Application time: 0.0572781 seconds
[8.725s][info ][safepoint    ] Entering safepoint region: GenCollectForAllocation
[8.725s][info ][gc,start     ] GC(49) Pause Young (Allocation Failure)
[8.725s][info ][gc,task      ] GC(49) Using 4 workers of 4 for evacuation
[8.727s][debug][gc,ref       ] GC(49) Skipped phase1 of Reference Processing due to unavailable references
[8.727s][debug][gc,ref       ] GC(49) Skipped phase2 of Reference Processing due to unavailable references
[8.727s][debug][gc,ref       ] GC(49) Skipped phase3 of Reference Processing due to unavailable references
[8.727s][debug][gc,ref       ] GC(49) Skipped phase4 of Reference Processing due to unavailable references
[8.727s][debug][gc,age       ] GC(49) Desired survivor size 15400960 bytes, new threshold 6 (max threshold 6)
[8.727s][info ][gc,heap      ] GC(49) ParNew: 241560K->755K(270976K)
[8.727s][info ][gc,heap      ] GC(49) CMS: 131520K->131619K(602112K)
[8.727s][info ][gc,metaspace ] GC(49) Metaspace: 38511K->38511K(1083392K)
[8.727s][info ][gc           ] GC(49) Pause Young (Allocation Failure) 364M->129M(852M) 1.933ms
[8.727s][info ][gc,cpu       ] GC(49) User=0.00s Sys=0.00s Real=0.00s
[8.727s][info ][safepoint    ] Leaving safepoint region
[8.727s][info ][safepoint    ] Total time for which application threads were stopped: 0.0022764 seconds, Stopping threads took: 0.0001762 seconds
[8.780s][info ][safepoint    ] Application time: 0.0535173 seconds
[8.780s][info ][safepoint    ] Entering safepoint region: GenCollectForAllocation
[8.781s][info ][gc,start     ] GC(50) Pause Young (Allocation Failure)
[8.781s][info ][gc,task      ] GC(50) Using 4 workers of 4 for evacuation
[8.783s][debug][gc,ref       ] GC(50) Skipped phase1 of Reference Processing due to unavailable references
[8.783s][debug][gc,ref       ] GC(50) Skipped phase2 of Reference Processing due to unavailable references
[8.783s][debug][gc,ref       ] GC(50) Skipped phase3 of Reference Processing due to unavailable references
[8.783s][debug][gc,ref       ] GC(50) Skipped phase4 of Reference Processing due to unavailable references
[8.783s][debug][gc,age       ] GC(50) Desired survivor size 15400960 bytes, new threshold 6 (max threshold 6)
[8.784s][info ][gc,heap      ] GC(50) ParNew: 241651K->563K(270976K)
[8.784s][info ][gc,heap      ] GC(50) CMS: 131619K->131672K(602112K)
[8.784s][info ][gc,metaspace ] GC(50) Metaspace: 38513K->38513K(1083392K)
[8.784s][info ][gc           ] GC(50) Pause Young (Allocation Failure) 364M->129M(852M) 2.916ms
[8.784s][info ][gc,cpu       ] GC(50) User=0.01s Sys=0.00s Real=0.00s
[8.784s][info ][safepoint    ] Leaving safepoint region
[8.784s][info ][safepoint    ] Total time for which application threads were stopped: 0.0032513 seconds, Stopping threads took: 0.0001668 seconds
[8.833s][info ][safepoint    ] Application time: 0.0494472 seconds
[8.833s][info ][safepoint    ] Entering safepoint region: GenCollectForAllocation
[8.833s][info ][gc,start     ] GC(51) Pause Young (Allocation Failure)
[8.833s][info ][gc,task      ] GC(51) Using 4 workers of 4 for evacuation
[8.835s][debug][gc,ref       ] GC(51) Skipped phase1 of Reference Processing due to unavailable references
[8.835s][debug][gc,ref       ] GC(51) Skipped phase2 of Reference Processing due to unavailable references
[8.835s][debug][gc,ref       ] GC(51) Skipped phase3 of Reference Processing due to unavailable references
[8.835s][debug][gc,ref       ] GC(51) Skipped phase4 of Reference Processing due to unavailable references
[8.836s][debug][gc,age       ] GC(51) Desired survivor size 15400960 bytes, new threshold 6 (max threshold 6)
[8.836s][info ][gc,heap      ] GC(51) ParNew: 241459K->650K(270976K)
[8.836s][info ][gc,heap      ] GC(51) CMS: 131672K->131736K(602112K)
[8.836s][info ][gc,metaspace ] GC(51) Metaspace: 38513K->38513K(1083392K)
[8.836s][info ][gc           ] GC(51) Pause Young (Allocation Failure) 364M->129M(852M) 2.106ms
[8.836s][info ][gc,cpu       ] GC(51) User=0.01s Sys=0.00s Real=0.00s
[8.836s][info ][safepoint    ] Leaving safepoint region
[8.836s][info ][safepoint    ] Total time for which application threads were stopped: 0.0025181 seconds, Stopping threads took: 0.0002294 seconds
[8.890s][info ][safepoint    ] Application time: 0.0543058 seconds
[8.890s][info ][safepoint    ] Entering safepoint region: GenCollectForAllocation
[8.890s][info ][gc,start     ] GC(52) Pause Young (Allocation Failure)
[8.890s][info ][gc,task      ] GC(52) Using 4 workers of 4 for evacuation
[8.892s][debug][gc,ref       ] GC(52) Skipped phase1 of Reference Processing due to unavailable references
[8.892s][debug][gc,ref       ] GC(52) Skipped phase2 of Reference Processing due to unavailable references
[8.892s][debug][gc,ref       ] GC(52) Skipped phase3 of Reference Processing due to unavailable references
[8.892s][debug][gc,ref       ] GC(52) Skipped phase4 of Reference Processing due to unavailable references
[8.892s][debug][gc,age       ] GC(52) Desired survivor size 15400960 bytes, new threshold 6 (max threshold 6)
[8.892s][info ][gc,heap      ] GC(52) ParNew: 241546K->674K(270976K)
[8.892s][info ][gc,heap      ] GC(52) CMS: 131736K->131775K(602112K)
[8.892s][info ][gc,metaspace ] GC(52) Metaspace: 38513K->38513K(1083392K)
[8.892s][info ][gc           ] GC(52) Pause Young (Allocation Failure) 364M->129M(852M) 2.177ms
[8.892s][info ][gc,cpu       ] GC(52) User=0.01s Sys=0.00s Real=0.01s
[8.892s][info ][safepoint    ] Leaving safepoint region
[8.892s][info ][safepoint    ] Total time for which application threads were stopped: 0.0025099 seconds, Stopping threads took: 0.0001604 seconds
[8.943s][info ][safepoint    ] Application time: 0.0502568 seconds
[8.944s][info ][safepoint    ] Entering safepoint region: GenCollectForAllocation
[8.945s][info ][gc,start     ] GC(53) Pause Young (Allocation Failure)
[8.945s][info ][gc,task      ] GC(53) Using 4 workers of 4 for evacuation
[8.947s][debug][gc,ref       ] GC(53) Skipped phase1 of Reference Processing due to unavailable references
[8.947s][debug][gc,ref       ] GC(53) Skipped phase2 of Reference Processing due to unavailable references
[8.947s][debug][gc,ref       ] GC(53) Skipped phase3 of Reference Processing due to unavailable references
[8.947s][debug][gc,ref       ] GC(53) Skipped phase4 of Reference Processing due to unavailable references
[8.947s][debug][gc,age       ] GC(53) Desired survivor size 15400960 bytes, new threshold 6 (max threshold 6)
[8.948s][info ][gc,heap      ] GC(53) ParNew: 241570K->613K(270976K)
[8.948s][info ][gc,heap      ] GC(53) CMS: 131775K->131850K(602112K)
[8.948s][info ][gc,metaspace ] GC(53) Metaspace: 38513K->38513K(1083392K)
[8.948s][info ][gc           ] GC(53) Pause Young (Allocation Failure) 364M->129M(852M) 2.722ms
[8.948s][info ][gc,cpu       ] GC(53) User=0.01s Sys=0.00s Real=0.00s
[8.948s][info ][safepoint    ] Leaving safepoint region
[8.948s][info ][safepoint    ] Total time for which application threads were stopped: 0.0047949 seconds, Stopping threads took: 0.0013268 seconds
[9.010s][info ][safepoint    ] Application time: 0.0619850 seconds
[9.011s][info ][safepoint    ] Entering safepoint region: GenCollectForAllocation
[9.011s][info ][gc,start     ] GC(54) Pause Young (Allocation Failure)
[9.011s][info ][gc,task      ] GC(54) Using 4 workers of 4 for evacuation
[9.014s][debug][gc,ref       ] GC(54) Skipped phase1 of Reference Processing due to unavailable references
[9.014s][debug][gc,ref       ] GC(54) Skipped phase2 of Reference Processing due to unavailable references
[9.014s][debug][gc,ref       ] GC(54) Skipped phase3 of Reference Processing due to unavailable references
[9.014s][debug][gc,ref       ] GC(54) Skipped phase4 of Reference Processing due to unavailable references
[9.014s][debug][gc,age       ] GC(54) Desired survivor size 15400960 bytes, new threshold 6 (max threshold 6)
[9.014s][info ][gc,heap      ] GC(54) ParNew: 241509K->591K(270976K)
[9.014s][info ][gc,heap      ] GC(54) CMS: 131850K->131894K(602112K)
[9.014s][info ][gc,metaspace ] GC(54) Metaspace: 38513K->38513K(1083392K)
[9.014s][info ][gc           ] GC(54) Pause Young (Allocation Failure) 364M->129M(852M) 3.130ms
[9.014s][info ][gc,cpu       ] GC(54) User=0.01s Sys=0.00s Real=0.01s
[9.014s][info ][safepoint    ] Leaving safepoint region
[9.014s][info ][safepoint    ] Total time for which application threads were stopped: 0.0045278 seconds, Stopping threads took: 0.0012219 seconds
[9.060s][info ][safepoint    ] Application time: 0.0458154 seconds
[9.060s][info ][safepoint    ] Entering safepoint region: GenCollectForAllocation
[9.060s][info ][gc,start     ] GC(55) Pause Young (Allocation Failure)
[9.060s][info ][gc,task      ] GC(55) Using 4 workers of 4 for evacuation
[9.062s][debug][gc,ref       ] GC(55) Skipped phase1 of Reference Processing due to unavailable references
[9.062s][debug][gc,ref       ] GC(55) Skipped phase2 of Reference Processing due to unavailable references
[9.062s][debug][gc,ref       ] GC(55) Skipped phase3 of Reference Processing due to unavailable references
[9.062s][debug][gc,ref       ] GC(55) Skipped phase4 of Reference Processing due to unavailable references
[9.062s][debug][gc,age       ] GC(55) Desired survivor size 15400960 bytes, new threshold 6 (max threshold 6)
[9.062s][info ][gc,heap      ] GC(55) ParNew: 241487K->607K(270976K)
[9.062s][info ][gc,heap      ] GC(55) CMS: 131894K->131951K(602112K)
[9.062s][info ][gc,metaspace ] GC(55) Metaspace: 38513K->38513K(1083392K)
[9.062s][info ][gc           ] GC(55) Pause Young (Allocation Failure) 364M->129M(852M) 1.817ms
[9.062s][info ][gc,cpu       ] GC(55) User=0.00s Sys=0.00s Real=0.00s
[9.062s][info ][safepoint    ] Leaving safepoint region
[9.062s][info ][safepoint    ] Total time for which application threads were stopped: 0.0021110 seconds, Stopping threads took: 0.0001248 seconds
[9.118s][info ][safepoint    ] Application time: 0.0562788 seconds
[9.119s][info ][safepoint    ] Entering safepoint region: GenCollectForAllocation
[9.119s][info ][gc,start     ] GC(56) Pause Young (Allocation Failure)
[9.119s][info ][gc,task      ] GC(56) Using 4 workers of 4 for evacuation
[9.121s][debug][gc,ref       ] GC(56) Skipped phase1 of Reference Processing due to unavailable references
[9.121s][debug][gc,ref       ] GC(56) Skipped phase2 of Reference Processing due to unavailable references
[9.121s][debug][gc,ref       ] GC(56) Skipped phase3 of Reference Processing due to unavailable references
[9.121s][debug][gc,ref       ] GC(56) Skipped phase4 of Reference Processing due to unavailable references
[9.121s][debug][gc,age       ] GC(56) Desired survivor size 15400960 bytes, new threshold 6 (max threshold 6)
[9.121s][info ][gc,heap      ] GC(56) ParNew: 241503K->606K(270976K)
[9.121s][info ][gc,heap      ] GC(56) CMS: 131951K->132006K(602112K)
[9.121s][info ][gc,metaspace ] GC(56) Metaspace: 38513K->38513K(1083392K)
[9.121s][info ][gc           ] GC(56) Pause Young (Allocation Failure) 364M->129M(852M) 2.327ms
[9.121s][info ][gc,cpu       ] GC(56) User=0.01s Sys=0.00s Real=0.01s
[9.121s][info ][safepoint    ] Leaving safepoint region
[9.121s][info ][safepoint    ] Total time for which application threads were stopped: 0.0026755 seconds, Stopping threads took: 0.0001666 seconds
[9.168s][info ][safepoint    ] Application time: 0.0466753 seconds
[9.168s][info ][safepoint    ] Entering safepoint region: GenCollectForAllocation
[9.168s][info ][gc,start     ] GC(57) Pause Young (Allocation Failure)
[9.168s][info ][gc,task      ] GC(57) Using 4 workers of 4 for evacuation
[9.170s][debug][gc,ref       ] GC(57) Skipped phase1 of Reference Processing due to unavailable references
[9.170s][debug][gc,ref       ] GC(57) Skipped phase2 of Reference Processing due to unavailable references
[9.170s][debug][gc,ref       ] GC(57) Skipped phase3 of Reference Processing due to unavailable references
[9.170s][debug][gc,ref       ] GC(57) Skipped phase4 of Reference Processing due to unavailable references
[9.170s][debug][gc,age       ] GC(57) Desired survivor size 15400960 bytes, new threshold 6 (max threshold 6)
[9.170s][info ][gc,heap      ] GC(57) ParNew: 241502K->621K(270976K)
[9.170s][info ][gc,heap      ] GC(57) CMS: 132006K->132051K(602112K)
[9.170s][info ][gc,metaspace ] GC(57) Metaspace: 38513K->38513K(1083392K)
[9.170s][info ][gc           ] GC(57) Pause Young (Allocation Failure) 364M->129M(852M) 1.988ms
[9.170s][info ][gc,cpu       ] GC(57) User=0.00s Sys=0.00s Real=0.00s
[9.170s][info ][safepoint    ] Leaving safepoint region
[9.170s][info ][safepoint    ] Total time for which application threads were stopped: 0.0023407 seconds, Stopping threads took: 0.0001906 seconds
[9.227s][info ][safepoint    ] Application time: 0.0567968 seconds
[9.227s][info ][safepoint    ] Entering safepoint region: GenCollectForAllocation
[9.227s][info ][gc,start     ] GC(58) Pause Young (Allocation Failure)
[9.227s][info ][gc,task      ] GC(58) Using 4 workers of 4 for evacuation
[9.229s][debug][gc,ref       ] GC(58) Skipped phase1 of Reference Processing due to unavailable references
[9.229s][debug][gc,ref       ] GC(58) Skipped phase2 of Reference Processing due to unavailable references
[9.229s][debug][gc,ref       ] GC(58) Skipped phase3 of Reference Processing due to unavailable references
[9.229s][debug][gc,ref       ] GC(58) Skipped phase4 of Reference Processing due to unavailable references
[9.229s][debug][gc,age       ] GC(58) Desired survivor size 15400960 bytes, new threshold 6 (max threshold 6)
[9.229s][info ][gc,heap      ] GC(58) ParNew: 241517K->632K(270976K)
[9.229s][info ][gc,heap      ] GC(58) CMS: 132051K->132114K(602112K)
[9.229s][info ][gc,metaspace ] GC(58) Metaspace: 38513K->38513K(1083392K)
[9.229s][info ][gc           ] GC(58) Pause Young (Allocation Failure) 364M->129M(852M) 2.038ms
[9.229s][info ][gc,cpu       ] GC(58) User=0.01s Sys=0.00s Real=0.00s
[9.229s][info ][safepoint    ] Leaving safepoint region
[9.229s][info ][safepoint    ] Total time for which application threads were stopped: 0.0023280 seconds, Stopping threads took: 0.0001232 seconds
[9.283s][info ][safepoint    ] Application time: 0.0540361 seconds
[9.284s][info ][safepoint    ] Entering safepoint region: GenCollectForAllocation
[9.284s][info ][gc,start     ] GC(59) Pause Young (Allocation Failure)
[9.284s][info ][gc,task      ] GC(59) Using 4 workers of 4 for evacuation
[9.285s][debug][gc,ref       ] GC(59) Skipped phase1 of Reference Processing due to unavailable references
[9.286s][debug][gc,ref       ] GC(59) Skipped phase2 of Reference Processing due to unavailable references
[9.286s][debug][gc,ref       ] GC(59) Skipped phase3 of Reference Processing due to unavailable references
[9.286s][debug][gc,ref       ] GC(59) Skipped phase4 of Reference Processing due to unavailable references
[9.286s][debug][gc,age       ] GC(59) Desired survivor size 15400960 bytes, new threshold 6 (max threshold 6)
[9.286s][info ][gc,heap      ] GC(59) ParNew: 241528K->760K(270976K)
[9.286s][info ][gc,heap      ] GC(59) CMS: 132114K->132159K(602112K)
[9.286s][info ][gc,metaspace ] GC(59) Metaspace: 38513K->38513K(1083392K)
[9.286s][info ][gc           ] GC(59) Pause Young (Allocation Failure) 364M->129M(852M) 1.922ms
[9.286s][info ][gc,cpu       ] GC(59) User=0.01s Sys=0.00s Real=0.00s
[9.286s][info ][safepoint    ] Leaving safepoint region
[9.286s][info ][safepoint    ] Total time for which application threads were stopped: 0.0022706 seconds, Stopping threads took: 0.0001790 seconds
[9.335s][info ][safepoint    ] Application time: 0.0489914 seconds
[9.335s][info ][safepoint    ] Entering safepoint region: GenCollectForAllocation
[9.335s][info ][gc,start     ] GC(60) Pause Young (Allocation Failure)
[9.335s][info ][gc,task      ] GC(60) Using 4 workers of 4 for evacuation
[9.337s][debug][gc,ref       ] GC(60) Skipped phase1 of Reference Processing due to unavailable references
[9.337s][debug][gc,ref       ] GC(60) Skipped phase2 of Reference Processing due to unavailable references
[9.337s][debug][gc,ref       ] GC(60) Skipped phase3 of Reference Processing due to unavailable references
[9.337s][debug][gc,ref       ] GC(60) Skipped phase4 of Reference Processing due to unavailable references
[9.337s][debug][gc,age       ] GC(60) Desired survivor size 15400960 bytes, new threshold 6 (max threshold 6)
[9.337s][info ][gc,heap      ] GC(60) ParNew: 241656K->557K(270976K)
[9.337s][info ][gc,heap      ] GC(60) CMS: 132159K->132231K(602112K)
[9.337s][info ][gc,metaspace ] GC(60) Metaspace: 38520K->38520K(1083392K)
[9.337s][info ][gc           ] GC(60) Pause Young (Allocation Failure) 365M->129M(852M) 1.976ms
[9.337s][info ][gc,cpu       ] GC(60) User=0.01s Sys=0.01s Real=0.00s
[9.337s][info ][safepoint    ] Leaving safepoint region
[9.337s][info ][safepoint    ] Total time for which application threads were stopped: 0.0023551 seconds, Stopping threads took: 0.0001828 seconds
[9.381s][info ][safepoint    ] Application time: 0.0439876 seconds
[9.381s][info ][safepoint    ] Entering safepoint region: GenCollectForAllocation
[9.382s][info ][gc,start     ] GC(61) Pause Young (Allocation Failure)
[9.382s][info ][gc,task      ] GC(61) Using 4 workers of 4 for evacuation
[9.383s][debug][gc,ref       ] GC(61) Skipped phase1 of Reference Processing due to unavailable references
[9.383s][debug][gc,ref       ] GC(61) Skipped phase2 of Reference Processing due to unavailable references
[9.383s][debug][gc,ref       ] GC(61) Skipped phase3 of Reference Processing due to unavailable references
[9.383s][debug][gc,ref       ] GC(61) Skipped phase4 of Reference Processing due to unavailable references
[9.383s][debug][gc,age       ] GC(61) Desired survivor size 15400960 bytes, new threshold 6 (max threshold 6)
[9.383s][info ][gc,heap      ] GC(61) ParNew: 241453K->703K(270976K)
[9.383s][info ][gc,heap      ] GC(61) CMS: 132231K->132277K(602112K)
[9.383s][info ][gc,metaspace ] GC(61) Metaspace: 38520K->38520K(1083392K)
[9.383s][info ][gc           ] GC(61) Pause Young (Allocation Failure) 364M->129M(852M) 1.974ms
[9.384s][info ][gc,cpu       ] GC(61) User=0.01s Sys=0.00s Real=0.00s
[9.384s][info ][safepoint    ] Leaving safepoint region
[9.384s][info ][safepoint    ] Total time for which application threads were stopped: 0.0024396 seconds, Stopping threads took: 0.0002795 seconds
[9.435s][info ][safepoint    ] Application time: 0.0515934 seconds
[9.435s][info ][safepoint    ] Entering safepoint region: GenCollectForAllocation
[9.435s][info ][gc,start     ] GC(62) Pause Young (Allocation Failure)
[9.435s][info ][gc,task      ] GC(62) Using 4 workers of 4 for evacuation
[9.437s][debug][gc,ref       ] GC(62) Skipped phase1 of Reference Processing due to unavailable references
[9.437s][debug][gc,ref       ] GC(62) Skipped phase2 of Reference Processing due to unavailable references
[9.437s][debug][gc,ref       ] GC(62) Skipped phase3 of Reference Processing due to unavailable references
[9.437s][debug][gc,ref       ] GC(62) Skipped phase4 of Reference Processing due to unavailable references
[9.437s][debug][gc,age       ] GC(62) Desired survivor size 15400960 bytes, new threshold 6 (max threshold 6)
[9.437s][info ][gc,heap      ] GC(62) ParNew: 241599K->777K(270976K)
[9.437s][info ][gc,heap      ] GC(62) CMS: 132277K->132340K(602112K)
[9.437s][info ][gc,metaspace ] GC(62) Metaspace: 38520K->38520K(1083392K)
[9.437s][info ][gc           ] GC(62) Pause Young (Allocation Failure) 365M->129M(852M) 2.007ms
[9.437s][info ][gc,cpu       ] GC(62) User=0.01s Sys=0.00s Real=0.00s
[9.437s][info ][safepoint    ] Leaving safepoint region
[9.437s][info ][safepoint    ] Total time for which application threads were stopped: 0.0022535 seconds, Stopping threads took: 0.0000817 seconds
[9.498s][info ][safepoint    ] Application time: 0.0600794 seconds
[9.498s][info ][safepoint    ] Entering safepoint region: GenCollectForAllocation
[9.498s][info ][gc,start     ] GC(63) Pause Young (Allocation Failure)
[9.498s][info ][gc,task      ] GC(63) Using 4 workers of 4 for evacuation
[9.500s][debug][gc,ref       ] GC(63) Skipped phase1 of Reference Processing due to unavailable references
[9.500s][debug][gc,ref       ] GC(63) Skipped phase2 of Reference Processing due to unavailable references
[9.500s][debug][gc,ref       ] GC(63) Skipped phase3 of Reference Processing due to unavailable references
[9.500s][debug][gc,ref       ] GC(63) Skipped phase4 of Reference Processing due to unavailable references
[9.500s][debug][gc,age       ] GC(63) Desired survivor size 15400960 bytes, new threshold 6 (max threshold 6)
[9.500s][info ][gc,heap      ] GC(63) ParNew: 241673K->564K(270976K)
[9.500s][info ][gc,heap      ] GC(63) CMS: 132340K->132399K(602112K)
[9.500s][info ][gc,metaspace ] GC(63) Metaspace: 38520K->38520K(1083392K)
[9.500s][info ][gc           ] GC(63) Pause Young (Allocation Failure) 365M->129M(852M) 1.968ms
[9.500s][info ][gc,cpu       ] GC(63) User=0.01s Sys=0.00s Real=0.01s
[9.500s][info ][safepoint    ] Leaving safepoint region
[9.500s][info ][safepoint    ] Total time for which application threads were stopped: 0.0021697 seconds, Stopping threads took: 0.0000536 seconds
[9.559s][info ][safepoint    ] Application time: 0.0596733 seconds
[9.560s][info ][safepoint    ] Entering safepoint region: GenCollectForAllocation
[9.560s][info ][gc,start     ] GC(64) Pause Young (Allocation Failure)
[9.560s][info ][gc,task      ] GC(64) Using 4 workers of 4 for evacuation
[9.562s][debug][gc,ref       ] GC(64) Skipped phase1 of Reference Processing due to unavailable references
[9.562s][debug][gc,ref       ] GC(64) Skipped phase2 of Reference Processing due to unavailable references
[9.562s][debug][gc,ref       ] GC(64) Skipped phase3 of Reference Processing due to unavailable references
[9.562s][debug][gc,ref       ] GC(64) Skipped phase4 of Reference Processing due to unavailable references
[9.562s][debug][gc,age       ] GC(64) Desired survivor size 15400960 bytes, new threshold 6 (max threshold 6)
[9.562s][info ][gc,heap      ] GC(64) ParNew: 241460K->628K(270976K)
[9.562s][info ][gc,heap      ] GC(64) CMS: 132399K->132467K(602112K)
[9.562s][info ][gc,metaspace ] GC(64) Metaspace: 38520K->38520K(1083392K)
[9.562s][info ][gc           ] GC(64) Pause Young (Allocation Failure) 365M->129M(852M) 2.116ms
[9.562s][info ][gc,cpu       ] GC(64) User=0.01s Sys=0.00s Real=0.00s
[9.562s][info ][safepoint    ] Leaving safepoint region
[9.562s][info ][safepoint    ] Total time for which application threads were stopped: 0.0025249 seconds, Stopping threads took: 0.0002328 seconds
[9.612s][info ][safepoint    ] Application time: 0.0497340 seconds
[9.612s][info ][safepoint    ] Entering safepoint region: GenCollectForAllocation
[9.612s][info ][gc,start     ] GC(65) Pause Young (Allocation Failure)
[9.612s][info ][gc,task      ] GC(65) Using 4 workers of 4 for evacuation
[9.614s][debug][gc,ref       ] GC(65) Skipped phase1 of Reference Processing due to unavailable references
[9.614s][debug][gc,ref       ] GC(65) Skipped phase2 of Reference Processing due to unavailable references
[9.614s][debug][gc,ref       ] GC(65) Skipped phase3 of Reference Processing due to unavailable references
[9.614s][debug][gc,ref       ] GC(65) Skipped phase4 of Reference Processing due to unavailable references
[9.614s][debug][gc,age       ] GC(65) Desired survivor size 15400960 bytes, new threshold 6 (max threshold 6)
[9.614s][info ][gc,heap      ] GC(65) ParNew: 241524K->672K(270976K)
[9.614s][info ][gc,heap      ] GC(65) CMS: 132467K->132550K(602112K)
[9.614s][info ][gc,metaspace ] GC(65) Metaspace: 38520K->38520K(1083392K)
[9.614s][info ][gc           ] GC(65) Pause Young (Allocation Failure) 365M->130M(852M) 2.050ms
[9.614s][info ][gc,cpu       ] GC(65) User=0.01s Sys=0.00s Real=0.00s
[9.614s][info ][safepoint    ] Leaving safepoint region
[9.614s][info ][safepoint    ] Total time for which application threads were stopped: 0.0024398 seconds, Stopping threads took: 0.0001844 seconds
[9.666s][info ][safepoint    ] Application time: 0.0513218 seconds
[9.666s][info ][safepoint    ] Entering safepoint region: GenCollectForAllocation
[9.666s][info ][gc,start     ] GC(66) Pause Young (Allocation Failure)
[9.666s][info ][gc,task      ] GC(66) Using 4 workers of 4 for evacuation
[9.668s][debug][gc,ref       ] GC(66) Skipped phase1 of Reference Processing due to unavailable references
[9.668s][debug][gc,ref       ] GC(66) Skipped phase2 of Reference Processing due to unavailable references
[9.668s][debug][gc,ref       ] GC(66) Skipped phase3 of Reference Processing due to unavailable references
[9.668s][debug][gc,ref       ] GC(66) Skipped phase4 of Reference Processing due to unavailable references
[9.668s][debug][gc,age       ] GC(66) Desired survivor size 15400960 bytes, new threshold 6 (max threshold 6)
[9.668s][info ][gc,heap      ] GC(66) ParNew: 241568K->688K(270976K)
[9.668s][info ][gc,heap      ] GC(66) CMS: 132550K->132613K(602112K)
[9.668s][info ][gc,metaspace ] GC(66) Metaspace: 38520K->38520K(1083392K)
[9.668s][info ][gc           ] GC(66) Pause Young (Allocation Failure) 365M->130M(852M) 2.033ms
[9.668s][info ][gc,cpu       ] GC(66) User=0.00s Sys=0.00s Real=0.00s
[9.668s][info ][safepoint    ] Leaving safepoint region
[9.668s][info ][safepoint    ] Total time for which application threads were stopped: 0.0025382 seconds, Stopping threads took: 0.0003377 seconds
[9.717s][info ][safepoint    ] Application time: 0.0486425 seconds
[9.717s][info ][safepoint    ] Entering safepoint region: GenCollectForAllocation
[9.717s][info ][gc,start     ] GC(67) Pause Young (Allocation Failure)
[9.717s][info ][gc,task      ] GC(67) Using 4 workers of 4 for evacuation
[9.719s][debug][gc,ref       ] GC(67) Skipped phase1 of Reference Processing due to unavailable references
[9.719s][debug][gc,ref       ] GC(67) Skipped phase2 of Reference Processing due to unavailable references
[9.719s][debug][gc,ref       ] GC(67) Skipped phase3 of Reference Processing due to unavailable references
[9.719s][debug][gc,ref       ] GC(67) Skipped phase4 of Reference Processing due to unavailable references
[9.719s][debug][gc,age       ] GC(67) Desired survivor size 15400960 bytes, new threshold 6 (max threshold 6)
[9.719s][info ][gc,heap      ] GC(67) ParNew: 241584K->812K(270976K)
[9.719s][info ][gc,heap      ] GC(67) CMS: 132613K->132655K(602112K)
[9.719s][info ][gc,metaspace ] GC(67) Metaspace: 38523K->38523K(1083392K)
[9.719s][info ][gc           ] GC(67) Pause Young (Allocation Failure) 365M->130M(852M) 2.425ms
[9.719s][info ][gc,cpu       ] GC(67) User=0.01s Sys=0.00s Real=0.01s
[9.719s][info ][safepoint    ] Leaving safepoint region
[9.719s][info ][safepoint    ] Total time for which application threads were stopped: 0.0026868 seconds, Stopping threads took: 0.0000894 seconds
[9.777s][info ][safepoint    ] Application time: 0.0575446 seconds
[9.777s][info ][safepoint    ] Entering safepoint region: GenCollectForAllocation
[9.777s][info ][gc,start     ] GC(68) Pause Young (Allocation Failure)
[9.777s][info ][gc,task      ] GC(68) Using 4 workers of 4 for evacuation
[9.784s][debug][gc,ref       ] GC(68) Skipped phase1 of Reference Processing due to unavailable references
[9.784s][debug][gc,ref       ] GC(68) Skipped phase2 of Reference Processing due to unavailable references
[9.784s][debug][gc,ref       ] GC(68) Skipped phase3 of Reference Processing due to unavailable references
[9.784s][debug][gc,ref       ] GC(68) Skipped phase4 of Reference Processing due to unavailable references
[9.784s][debug][gc,age       ] GC(68) Desired survivor size 15400960 bytes, new threshold 6 (max threshold 6)
[9.784s][info ][gc,heap      ] GC(68) ParNew: 241708K->1749K(270976K)
[9.784s][info ][gc,heap      ] GC(68) CMS: 132655K->132728K(602112K)
[9.784s][info ][gc,metaspace ] GC(68) Metaspace: 38523K->38523K(1083392K)
[9.784s][info ][gc           ] GC(68) Pause Young (Allocation Failure) 365M->131M(852M) 6.550ms
[9.784s][info ][gc,cpu       ] GC(68) User=0.02s Sys=0.00s Real=0.01s
[9.784s][info ][safepoint    ] Leaving safepoint region
[9.784s][info ][safepoint    ] Total time for which application threads were stopped: 0.0069948 seconds, Stopping threads took: 0.0001455 seconds
[9.841s][info ][safepoint    ] Application time: 0.0566689 seconds
[9.841s][info ][safepoint    ] Entering safepoint region: GenCollectForAllocation
[9.841s][info ][gc,start     ] GC(69) Pause Young (Allocation Failure)
[9.841s][info ][gc,task      ] GC(69) Using 4 workers of 4 for evacuation
[9.844s][debug][gc,ref       ] GC(69) Skipped phase1 of Reference Processing due to unavailable references
[9.844s][debug][gc,ref       ] GC(69) Skipped phase2 of Reference Processing due to unavailable references
[9.844s][debug][gc,ref       ] GC(69) Skipped phase3 of Reference Processing due to unavailable references
[9.844s][debug][gc,ref       ] GC(69) Skipped phase4 of Reference Processing due to unavailable references
[9.844s][debug][gc,age       ] GC(69) Desired survivor size 15400960 bytes, new threshold 6 (max threshold 6)
[9.844s][info ][gc,heap      ] GC(69) ParNew: 242645K->2657K(270976K)
[9.844s][info ][gc,heap      ] GC(69) CMS: 132728K->132795K(602112K)
[9.844s][info ][gc,metaspace ] GC(69) Metaspace: 38523K->38523K(1083392K)
[9.844s][info ][gc           ] GC(69) Pause Young (Allocation Failure) 366M->132M(852M) 3.445ms
[9.844s][info ][gc,cpu       ] GC(69) User=0.01s Sys=0.00s Real=0.00s
[9.844s][info ][safepoint    ] Leaving safepoint region
[9.844s][info ][safepoint    ] Total time for which application threads were stopped: 0.0037213 seconds, Stopping threads took: 0.0001095 seconds
[9.898s][info ][safepoint    ] Application time: 0.0532201 seconds
[9.898s][info ][safepoint    ] Entering safepoint region: GenCollectForAllocation
[9.898s][info ][gc,start     ] GC(70) Pause Young (Allocation Failure)
[9.898s][info ][gc,task      ] GC(70) Using 4 workers of 4 for evacuation
[9.901s][debug][gc,ref       ] GC(70) Skipped phase1 of Reference Processing due to unavailable references
[9.901s][debug][gc,ref       ] GC(70) Skipped phase2 of Reference Processing due to unavailable references
[9.901s][debug][gc,ref       ] GC(70) Skipped phase3 of Reference Processing due to unavailable references
[9.901s][debug][gc,ref       ] GC(70) Skipped phase4 of Reference Processing due to unavailable references
[9.901s][debug][gc,age       ] GC(70) Desired survivor size 15400960 bytes, new threshold 6 (max threshold 6)
[9.901s][info ][gc,heap      ] GC(70) ParNew: 243553K->1843K(270976K)
[9.901s][info ][gc,heap      ] GC(70) CMS: 132795K->132874K(602112K)
[9.901s][info ][gc,metaspace ] GC(70) Metaspace: 38523K->38523K(1083392K)
[9.901s][info ][gc           ] GC(70) Pause Young (Allocation Failure) 367M->131M(852M) 3.415ms
[9.901s][info ][gc,cpu       ] GC(70) User=0.01s Sys=0.00s Real=0.01s
[9.901s][info ][safepoint    ] Leaving safepoint region
[9.901s][info ][safepoint    ] Total time for which application threads were stopped: 0.0037634 seconds, Stopping threads took: 0.0001712 seconds
[9.958s][info ][safepoint    ] Application time: 0.0563703 seconds
[9.958s][info ][safepoint    ] Entering safepoint region: GenCollectForAllocation
[9.958s][info ][gc,start     ] GC(71) Pause Young (Allocation Failure)
[9.958s][info ][gc,task      ] GC(71) Using 4 workers of 4 for evacuation
[9.962s][debug][gc,ref       ] GC(71) Skipped phase1 of Reference Processing due to unavailable references
[9.962s][debug][gc,ref       ] GC(71) Skipped phase2 of Reference Processing due to unavailable references
[9.962s][debug][gc,ref       ] GC(71) Skipped phase3 of Reference Processing due to unavailable references
[9.962s][debug][gc,ref       ] GC(71) Skipped phase4 of Reference Processing due to unavailable references
[9.962s][debug][gc,age       ] GC(71) Desired survivor size 15400960 bytes, new threshold 6 (max threshold 6)
[9.962s][info ][gc,heap      ] GC(71) ParNew: 242739K->2816K(270976K)
[9.962s][info ][gc,heap      ] GC(71) CMS: 132874K->132937K(602112K)
[9.962s][info ][gc,metaspace ] GC(71) Metaspace: 38523K->38523K(1083392K)
[9.962s][info ][gc           ] GC(71) Pause Young (Allocation Failure) 366M->132M(852M) 3.776ms
[9.962s][info ][gc,cpu       ] GC(71) User=0.02s Sys=0.00s Real=0.01s
[9.962s][info ][safepoint    ] Leaving safepoint region
[9.962s][info ][safepoint    ] Total time for which application threads were stopped: 0.0041293 seconds, Stopping threads took: 0.0001831 seconds
[10.010s][info ][safepoint    ] Application time: 0.0483145 seconds
[10.014s][info ][safepoint    ] Entering safepoint region: GenCollectForAllocation
[10.014s][info ][gc,start     ] GC(72) Pause Young (Allocation Failure)
[10.014s][info ][gc,task      ] GC(72) Using 4 workers of 4 for evacuation
[10.018s][debug][gc,ref       ] GC(72) Skipped phase1 of Reference Processing due to unavailable references
[10.018s][debug][gc,ref       ] GC(72) Skipped phase2 of Reference Processing due to unavailable references
[10.018s][debug][gc,ref       ] GC(72) Skipped phase3 of Reference Processing due to unavailable references
[10.018s][debug][gc,ref       ] GC(72) Skipped phase4 of Reference Processing due to unavailable references
[10.018s][debug][gc,age       ] GC(72) Desired survivor size 15400960 bytes, new threshold 6 (max threshold 6)
[10.018s][info ][gc,heap      ] GC(72) ParNew: 243712K->1897K(270976K)
[10.019s][info ][gc,heap      ] GC(72) CMS: 132937K->133015K(602112K)
[10.019s][info ][gc,metaspace ] GC(72) Metaspace: 38523K->38523K(1083392K)
[10.019s][info ][gc           ] GC(72) Pause Young (Allocation Failure) 367M->131M(852M) 4.612ms
[10.019s][info ][gc,cpu       ] GC(72) User=0.02s Sys=0.00s Real=0.00s
[10.019s][info ][safepoint    ] Leaving safepoint region
[10.019s][info ][safepoint    ] Total time for which application threads were stopped: 0.0080608 seconds, Stopping threads took: 0.0032781 seconds
[10.069s][info ][safepoint    ] Application time: 0.0504839 seconds
[10.069s][info ][safepoint    ] Entering safepoint region: GenCollectForAllocation
[10.069s][info ][gc,start     ] GC(73) Pause Young (Allocation Failure)
[10.069s][info ][gc,task      ] GC(73) Using 4 workers of 4 for evacuation
[10.073s][debug][gc,ref       ] GC(73) Skipped phase1 of Reference Processing due to unavailable references
[10.073s][debug][gc,ref       ] GC(73) Skipped phase2 of Reference Processing due to unavailable references
[10.073s][debug][gc,ref       ] GC(73) Skipped phase3 of Reference Processing due to unavailable references
[10.073s][debug][gc,ref       ] GC(73) Skipped phase4 of Reference Processing due to unavailable references
[10.073s][debug][gc,age       ] GC(73) Desired survivor size 15400960 bytes, new threshold 6 (max threshold 6)
[10.073s][info ][gc,heap      ] GC(73) ParNew: 242793K->2154K(270976K)
[10.073s][info ][gc,heap      ] GC(73) CMS: 133015K->133284K(602112K)
[10.073s][info ][gc,metaspace ] GC(73) Metaspace: 38523K->38523K(1083392K)
[10.073s][info ][gc           ] GC(73) Pause Young (Allocation Failure) 367M->132M(852M) 3.749ms
[10.073s][info ][gc,cpu       ] GC(73) User=0.02s Sys=0.00s Real=0.01s
[10.073s][info ][safepoint    ] Leaving safepoint region
[10.073s][info ][safepoint    ] Total time for which application threads were stopped: 0.0040462 seconds, Stopping threads took: 0.0001449 seconds
[10.125s][info ][safepoint    ] Application time: 0.0513960 seconds
[10.125s][info ][safepoint    ] Entering safepoint region: GenCollectForAllocation
[10.125s][info ][gc,start     ] GC(74) Pause Young (Allocation Failure)
[10.125s][info ][gc,task      ] GC(74) Using 4 workers of 4 for evacuation
[10.129s][debug][gc,ref       ] GC(74) Skipped phase1 of Reference Processing due to unavailable references
[10.129s][debug][gc,ref       ] GC(74) Skipped phase2 of Reference Processing due to unavailable references
[10.129s][debug][gc,ref       ] GC(74) Skipped phase3 of Reference Processing due to unavailable references
[10.129s][debug][gc,ref       ] GC(74) Skipped phase4 of Reference Processing due to unavailable references
[10.129s][debug][gc,age       ] GC(74) Desired survivor size 15400960 bytes, new threshold 6 (max threshold 6)
[10.129s][info ][gc,heap      ] GC(74) ParNew: 243050K->1425K(270976K)
[10.129s][info ][gc,heap      ] GC(74) CMS: 133284K->134280K(602112K)
[10.129s][info ][gc,metaspace ] GC(74) Metaspace: 38523K->38523K(1083392K)
[10.129s][info ][gc           ] GC(74) Pause Young (Allocation Failure) 367M->132M(852M) 4.255ms
[10.129s][info ][gc,cpu       ] GC(74) User=0.01s Sys=0.00s Real=0.00s
[10.129s][info ][safepoint    ] Leaving safepoint region
[10.129s][info ][safepoint    ] Total time for which application threads were stopped: 0.0044728 seconds, Stopping threads took: 0.0000762 seconds
[10.198s][info ][safepoint    ] Application time: 0.0688192 seconds
[10.198s][info ][safepoint    ] Entering safepoint region: GenCollectForAllocation
[10.198s][info ][gc,start     ] GC(75) Pause Young (Allocation Failure)
[10.198s][info ][gc,task      ] GC(75) Using 4 workers of 4 for evacuation
[10.200s][debug][gc,ref       ] GC(75) Skipped phase1 of Reference Processing due to unavailable references
[10.201s][debug][gc,ref       ] GC(75) Skipped phase2 of Reference Processing due to unavailable references
[10.201s][debug][gc,ref       ] GC(75) Skipped phase3 of Reference Processing due to unavailable references
[10.201s][debug][gc,ref       ] GC(75) Skipped phase4 of Reference Processing due to unavailable references
[10.201s][debug][gc,age       ] GC(75) Desired survivor size 15400960 bytes, new threshold 6 (max threshold 6)
[10.201s][info ][gc,heap      ] GC(75) ParNew: 242321K->853K(270976K)
[10.201s][info ][gc,heap      ] GC(75) CMS: 134280K->134357K(602112K)
[10.201s][info ][gc,metaspace ] GC(75) Metaspace: 38523K->38523K(1083392K)
[10.201s][info ][gc           ] GC(75) Pause Young (Allocation Failure) 367M->132M(852M) 2.460ms
[10.201s][info ][gc,cpu       ] GC(75) User=0.01s Sys=0.00s Real=0.01s
[10.201s][info ][safepoint    ] Leaving safepoint region
[10.201s][info ][safepoint    ] Total time for which application threads were stopped: 0.0027598 seconds, Stopping threads took: 0.0001412 seconds
[10.253s][info ][safepoint    ] Application time: 0.0518432 seconds
[10.253s][info ][safepoint    ] Entering safepoint region: GenCollectForAllocation
[10.253s][info ][gc,start     ] GC(76) Pause Young (Allocation Failure)
[10.253s][info ][gc,task      ] GC(76) Using 4 workers of 4 for evacuation
[10.256s][debug][gc,ref       ] GC(76) Skipped phase1 of Reference Processing due to unavailable references
[10.256s][debug][gc,ref       ] GC(76) Skipped phase2 of Reference Processing due to unavailable references
[10.256s][debug][gc,ref       ] GC(76) Skipped phase3 of Reference Processing due to unavailable references
[10.256s][debug][gc,ref       ] GC(76) Skipped phase4 of Reference Processing due to unavailable references
[10.256s][debug][gc,age       ] GC(76) Desired survivor size 15400960 bytes, new threshold 6 (max threshold 6)
[10.256s][info ][gc,heap      ] GC(76) ParNew: 241749K->1305K(270976K)
[10.256s][info ][gc,heap      ] GC(76) CMS: 134357K->134440K(602112K)
[10.256s][info ][gc,metaspace ] GC(76) Metaspace: 38523K->38523K(1083392K)
[10.256s][info ][gc           ] GC(76) Pause Young (Allocation Failure) 367M->132M(852M) 2.982ms
[10.256s][info ][gc,cpu       ] GC(76) User=0.01s Sys=0.00s Real=0.00s
[10.256s][info ][safepoint    ] Leaving safepoint region
[10.256s][info ][safepoint    ] Total time for which application threads were stopped: 0.0033776 seconds, Stopping threads took: 0.0002067 seconds
[10.298s][info ][safepoint    ] Application time: 0.0418398 seconds
[10.298s][info ][safepoint    ] Entering safepoint region: GenCollectForAllocation
[10.298s][info ][gc,start     ] GC(77) Pause Young (Allocation Failure)
[10.298s][info ][gc,task      ] GC(77) Using 4 workers of 4 for evacuation
[10.302s][debug][gc,ref       ] GC(77) Skipped phase1 of Reference Processing due to unavailable references
[10.302s][debug][gc,ref       ] GC(77) Skipped phase2 of Reference Processing due to unavailable references
[10.302s][debug][gc,ref       ] GC(77) Skipped phase3 of Reference Processing due to unavailable references
[10.302s][debug][gc,ref       ] GC(77) Skipped phase4 of Reference Processing due to unavailable references
[10.302s][debug][gc,age       ] GC(77) Desired survivor size 15400960 bytes, new threshold 6 (max threshold 6)
[10.302s][info ][gc,heap      ] GC(77) ParNew: 242201K->1803K(270976K)
[10.302s][info ][gc,heap      ] GC(77) CMS: 134440K->134529K(602112K)
[10.302s][info ][gc,metaspace ] GC(77) Metaspace: 38523K->38523K(1083392K)
[10.302s][info ][gc           ] GC(77) Pause Young (Allocation Failure) 367M->133M(852M) 4.016ms
[10.302s][info ][gc,cpu       ] GC(77) User=0.01s Sys=0.00s Real=0.01s
[10.302s][info ][safepoint    ] Leaving safepoint region
[10.302s][info ][safepoint    ] Total time for which application threads were stopped: 0.0043748 seconds, Stopping threads took: 0.0001796 seconds
[10.358s][info ][safepoint    ] Application time: 0.0552993 seconds
[10.358s][info ][safepoint    ] Entering safepoint region: GenCollectForAllocation
[10.358s][info ][gc,start     ] GC(78) Pause Young (Allocation Failure)
[10.358s][info ][gc,task      ] GC(78) Using 4 workers of 4 for evacuation
[10.362s][debug][gc,ref       ] GC(78) Skipped phase1 of Reference Processing due to unavailable references
[10.362s][debug][gc,ref       ] GC(78) Skipped phase2 of Reference Processing due to unavailable references
[10.362s][debug][gc,ref       ] GC(78) Skipped phase3 of Reference Processing due to unavailable references
[10.362s][debug][gc,ref       ] GC(78) Skipped phase4 of Reference Processing due to unavailable references
[10.362s][debug][gc,age       ] GC(78) Desired survivor size 15400960 bytes, new threshold 6 (max threshold 6)
[10.362s][info ][gc,heap      ] GC(78) ParNew: 242699K->2646K(270976K)
[10.362s][info ][gc,heap      ] GC(78) CMS: 134529K->134601K(602112K)
[10.362s][info ][gc,metaspace ] GC(78) Metaspace: 38523K->38523K(1083392K)
[10.362s][info ][gc           ] GC(78) Pause Young (Allocation Failure) 368M->134M(852M) 4.243ms
[10.362s][info ][gc,cpu       ] GC(78) User=0.01s Sys=0.00s Real=0.01s
[10.362s][info ][safepoint    ] Leaving safepoint region
[10.362s][info ][safepoint    ] Total time for which application threads were stopped: 0.0045915 seconds, Stopping threads took: 0.0001912 seconds
[10.428s][info ][safepoint    ] Application time: 0.0660430 seconds
[10.428s][info ][safepoint    ] Entering safepoint region: GenCollectForAllocation
[10.429s][info ][gc,start     ] GC(79) Pause Young (Allocation Failure)
[10.429s][info ][gc,task      ] GC(79) Using 4 workers of 4 for evacuation
[10.433s][debug][gc,ref       ] GC(79) Skipped phase1 of Reference Processing due to unavailable references
[10.433s][debug][gc,ref       ] GC(79) Skipped phase2 of Reference Processing due to unavailable references
[10.433s][debug][gc,ref       ] GC(79) Skipped phase3 of Reference Processing due to unavailable references
[10.433s][debug][gc,ref       ] GC(79) Skipped phase4 of Reference Processing due to unavailable references
[10.433s][debug][gc,age       ] GC(79) Desired survivor size 15400960 bytes, new threshold 6 (max threshold 6)
[10.434s][info ][gc,heap      ] GC(79) ParNew: 243542K->3916K(270976K)
[10.434s][info ][gc,heap      ] GC(79) CMS: 134601K->134686K(602112K)
[10.434s][info ][gc,metaspace ] GC(79) Metaspace: 38523K->38523K(1083392K)
[10.434s][info ][gc           ] GC(79) Pause Young (Allocation Failure) 369M->135M(852M) 5.003ms
[10.434s][info ][gc,cpu       ] GC(79) User=0.02s Sys=0.00s Real=0.01s
[10.434s][info ][safepoint    ] Leaving safepoint region
[10.434s][info ][safepoint    ] Total time for which application threads were stopped: 0.0053511 seconds, Stopping threads took: 0.0001793 seconds
[10.496s][info ][safepoint    ] Application time: 0.0619223 seconds
[10.497s][info ][safepoint    ] Entering safepoint region: GenCollectForAllocation
[10.497s][info ][gc,start     ] GC(80) Pause Young (Allocation Failure)
[10.497s][info ][gc,task      ] GC(80) Using 4 workers of 4 for evacuation
[10.502s][debug][gc,ref       ] GC(80) Skipped phase1 of Reference Processing due to unavailable references
[10.502s][debug][gc,ref       ] GC(80) Skipped phase2 of Reference Processing due to unavailable references
[10.502s][debug][gc,ref       ] GC(80) Skipped phase3 of Reference Processing due to unavailable references
[10.502s][debug][gc,ref       ] GC(80) Skipped phase4 of Reference Processing due to unavailable references
[10.502s][debug][gc,age       ] GC(80) Desired survivor size 15400960 bytes, new threshold 6 (max threshold 6)
[10.502s][info ][gc,heap      ] GC(80) ParNew: 244812K->5191K(270976K)
[10.502s][info ][gc,heap      ] GC(80) CMS: 134686K->134753K(602112K)
[10.502s][info ][gc,metaspace ] GC(80) Metaspace: 38523K->38523K(1083392K)
[10.502s][info ][gc           ] GC(80) Pause Young (Allocation Failure) 370M->136M(852M) 5.026ms
[10.502s][info ][gc,cpu       ] GC(80) User=0.01s Sys=0.00s Real=0.01s
[10.502s][info ][safepoint    ] Leaving safepoint region
[10.502s][info ][safepoint    ] Total time for which application threads were stopped: 0.0063627 seconds, Stopping threads took: 0.0011477 seconds
[10.565s][info ][safepoint    ] Application time: 0.0628357 seconds
[10.565s][info ][safepoint    ] Entering safepoint region: GenCollectForAllocation
[10.565s][info ][gc,start     ] GC(81) Pause Young (Allocation Failure)
[10.565s][info ][gc,task      ] GC(81) Using 4 workers of 4 for evacuation
[10.571s][debug][gc,ref       ] GC(81) Skipped phase1 of Reference Processing due to unavailable references
[10.571s][debug][gc,ref       ] GC(81) Skipped phase2 of Reference Processing due to unavailable references
[10.571s][debug][gc,ref       ] GC(81) Skipped phase3 of Reference Processing due to unavailable references
[10.571s][debug][gc,ref       ] GC(81) Skipped phase4 of Reference Processing due to unavailable references
[10.571s][debug][gc,age       ] GC(81) Desired survivor size 15400960 bytes, new threshold 6 (max threshold 6)
[10.572s][info ][gc,heap      ] GC(81) ParNew: 246087K->4736K(270976K)
[10.572s][info ][gc,heap      ] GC(81) CMS: 134753K->135015K(602112K)
[10.572s][info ][gc,metaspace ] GC(81) Metaspace: 38523K->38523K(1083392K)
[10.572s][info ][gc           ] GC(81) Pause Young (Allocation Failure) 371M->136M(852M) 6.513ms
[10.572s][info ][gc,cpu       ] GC(81) User=0.02s Sys=0.00s Real=0.01s
[10.572s][info ][safepoint    ] Leaving safepoint region
[10.572s][info ][safepoint    ] Total time for which application threads were stopped: 0.0068079 seconds, Stopping threads took: 0.0001048 seconds
[10.656s][info ][safepoint    ] Application time: 0.0839284 seconds
[10.656s][info ][safepoint    ] Entering safepoint region: GenCollectForAllocation
[10.656s][info ][gc,start     ] GC(82) Pause Young (Allocation Failure)
[10.656s][info ][gc,task      ] GC(82) Using 4 workers of 4 for evacuation
[10.668s][debug][gc,ref       ] GC(82) Skipped phase1 of Reference Processing due to unavailable references
[10.669s][debug][gc,ref       ] GC(82) Skipped phase2 of Reference Processing due to unavailable references
[10.669s][debug][gc,ref       ] GC(82) Skipped phase3 of Reference Processing due to unavailable references
[10.669s][debug][gc,ref       ] GC(82) Skipped phase4 of Reference Processing due to unavailable references
[10.669s][debug][gc,age       ] GC(82) Desired survivor size 15400960 bytes, new threshold 6 (max threshold 6)
[10.669s][info ][gc,heap      ] GC(82) ParNew: 245632K->8691K(270976K)
[10.669s][info ][gc,heap      ] GC(82) CMS: 135015K->135374K(602112K)
[10.669s][info ][gc,metaspace ] GC(82) Metaspace: 38523K->38523K(1083392K)
[10.669s][info ][gc           ] GC(82) Pause Young (Allocation Failure) 371M->140M(852M) 12.654ms
[10.669s][info ][gc,cpu       ] GC(82) User=0.05s Sys=0.00s Real=0.01s
[10.669s][info ][safepoint    ] Leaving safepoint region
[10.669s][info ][safepoint    ] Total time for which application threads were stopped: 0.0131410 seconds, Stopping threads took: 0.0002742 seconds
[10.738s][info ][safepoint    ] Application time: 0.0691117 seconds
[10.738s][info ][safepoint    ] Entering safepoint region: GenCollectForAllocation
[10.738s][info ][gc,start     ] GC(83) Pause Young (Allocation Failure)
[10.738s][info ][gc,task      ] GC(83) Using 4 workers of 4 for evacuation
[10.747s][debug][gc,ref       ] GC(83) Skipped phase1 of Reference Processing due to unavailable references
[10.747s][debug][gc,ref       ] GC(83) Skipped phase2 of Reference Processing due to unavailable references
[10.747s][debug][gc,ref       ] GC(83) Skipped phase3 of Reference Processing due to unavailable references
[10.747s][debug][gc,ref       ] GC(83) Skipped phase4 of Reference Processing due to unavailable references
[10.747s][debug][gc,age       ] GC(83) Desired survivor size 15400960 bytes, new threshold 6 (max threshold 6)
[10.747s][info ][gc,heap      ] GC(83) ParNew: 249587K->11062K(270976K)
[10.747s][info ][gc,heap      ] GC(83) CMS: 135374K->135968K(602112K)
[10.747s][info ][gc,metaspace ] GC(83) Metaspace: 38523K->38523K(1083392K)
[10.747s][info ][gc           ] GC(83) Pause Young (Allocation Failure) 375M->143M(852M) 9.265ms
[10.747s][info ][gc,cpu       ] GC(83) User=0.04s Sys=0.00s Real=0.01s
[10.747s][info ][safepoint    ] Leaving safepoint region
[10.747s][info ][safepoint    ] Total time for which application threads were stopped: 0.0095365 seconds, Stopping threads took: 0.0000988 seconds
[10.807s][info ][safepoint    ] Application time: 0.0598283 seconds
[10.807s][info ][safepoint    ] Entering safepoint region: GenCollectForAllocation
[10.808s][info ][gc,start     ] GC(84) Pause Young (Allocation Failure)
[10.808s][info ][gc,task      ] GC(84) Using 4 workers of 4 for evacuation
[10.816s][debug][gc,ref       ] GC(84) Skipped phase1 of Reference Processing due to unavailable references
[10.816s][debug][gc,ref       ] GC(84) Skipped phase2 of Reference Processing due to unavailable references
[10.816s][debug][gc,ref       ] GC(84) Skipped phase3 of Reference Processing due to unavailable references
[10.816s][debug][gc,ref       ] GC(84) Skipped phase4 of Reference Processing due to unavailable references
[10.816s][debug][gc,age       ] GC(84) Desired survivor size 15400960 bytes, new threshold 6 (max threshold 6)
[10.816s][info ][gc,heap      ] GC(84) ParNew: 251958K->8451K(270976K)
[10.816s][info ][gc,heap      ] GC(84) CMS: 135968K->136799K(602112K)
[10.816s][info ][gc,metaspace ] GC(84) Metaspace: 38523K->38523K(1083392K)
[10.816s][info ][gc           ] GC(84) Pause Young (Allocation Failure) 378M->141M(852M) 8.326ms
[10.816s][info ][gc,cpu       ] GC(84) User=0.03s Sys=0.00s Real=0.01s
[10.816s][info ][safepoint    ] Leaving safepoint region
[10.816s][info ][safepoint    ] Total time for which application threads were stopped: 0.0086766 seconds, Stopping threads took: 0.0001572 seconds
[10.880s][info ][safepoint    ] Application time: 0.0638693 seconds
[10.880s][info ][safepoint    ] Entering safepoint region: GenCollectForAllocation
[10.880s][info ][gc,start     ] GC(85) Pause Young (Allocation Failure)
[10.880s][info ][gc,task      ] GC(85) Using 4 workers of 4 for evacuation
[10.887s][debug][gc,ref       ] GC(85) Skipped phase1 of Reference Processing due to unavailable references
[10.888s][debug][gc,ref       ] GC(85) Skipped phase2 of Reference Processing due to unavailable references
[10.888s][debug][gc,ref       ] GC(85) Skipped phase3 of Reference Processing due to unavailable references
[10.888s][debug][gc,ref       ] GC(85) Skipped phase4 of Reference Processing due to unavailable references
[10.888s][debug][gc,age       ] GC(85) Desired survivor size 15400960 bytes, new threshold 6 (max threshold 6)
[10.888s][info ][gc,heap      ] GC(85) ParNew: 249347K->6368K(270976K)
[10.888s][info ][gc,heap      ] GC(85) CMS: 136799K->137570K(602112K)
[10.888s][info ][gc,metaspace ] GC(85) Metaspace: 38523K->38523K(1083392K)
[10.888s][info ][gc           ] GC(85) Pause Young (Allocation Failure) 377M->140M(852M) 7.512ms
[10.888s][info ][gc,cpu       ] GC(85) User=0.03s Sys=0.00s Real=0.00s
[10.888s][info ][safepoint    ] Leaving safepoint region
[10.888s][info ][safepoint    ] Total time for which application threads were stopped: 0.0078544 seconds, Stopping threads took: 0.0001627 seconds
[10.952s][info ][safepoint    ] Application time: 0.0643831 seconds
[10.952s][info ][safepoint    ] Entering safepoint region: GenCollectForAllocation
[10.952s][info ][gc,start     ] GC(86) Pause Young (Allocation Failure)
[10.952s][info ][gc,task      ] GC(86) Using 4 workers of 4 for evacuation
[10.959s][debug][gc,ref       ] GC(86) Skipped phase1 of Reference Processing due to unavailable references
[10.959s][debug][gc,ref       ] GC(86) Skipped phase2 of Reference Processing due to unavailable references
[10.959s][debug][gc,ref       ] GC(86) Skipped phase3 of Reference Processing due to unavailable references
[10.959s][debug][gc,ref       ] GC(86) Skipped phase4 of Reference Processing due to unavailable references
[10.959s][debug][gc,age       ] GC(86) Desired survivor size 15400960 bytes, new threshold 6 (max threshold 6)
[10.959s][info ][gc,heap      ] GC(86) ParNew: 247264K->5817K(270976K)
[10.959s][info ][gc,heap      ] GC(86) CMS: 137570K->137667K(602112K)
[10.959s][info ][gc,metaspace ] GC(86) Metaspace: 38523K->38523K(1083392K)
[10.959s][info ][gc           ] GC(86) Pause Young (Allocation Failure) 375M->140M(852M) 6.690ms
[10.959s][info ][gc,cpu       ] GC(86) User=0.03s Sys=0.00s Real=0.01s
[10.959s][info ][safepoint    ] Leaving safepoint region
[10.959s][info ][safepoint    ] Total time for which application threads were stopped: 0.0069781 seconds, Stopping threads took: 0.0001244 seconds
[11.034s][info ][safepoint    ] Application time: 0.0747362 seconds
[11.034s][info ][safepoint    ] Entering safepoint region: GenCollectForAllocation
[11.034s][info ][gc,start     ] GC(87) Pause Young (Allocation Failure)
[11.034s][info ][gc,task      ] GC(87) Using 4 workers of 4 for evacuation
[11.042s][debug][gc,ref       ] GC(87) Skipped phase1 of Reference Processing due to unavailable references
[11.042s][debug][gc,ref       ] GC(87) Skipped phase2 of Reference Processing due to unavailable references
[11.042s][debug][gc,ref       ] GC(87) Skipped phase3 of Reference Processing due to unavailable references
[11.042s][debug][gc,ref       ] GC(87) Skipped phase4 of Reference Processing due to unavailable references
[11.042s][debug][gc,age       ] GC(87) Desired survivor size 15400960 bytes, new threshold 6 (max threshold 6)
[11.042s][info ][gc,heap      ] GC(87) ParNew: 246713K->5713K(270976K)
[11.042s][info ][gc,heap      ] GC(87) CMS: 137667K->138769K(602112K)
[11.042s][info ][gc,metaspace ] GC(87) Metaspace: 38523K->38523K(1083392K)
[11.042s][info ][gc           ] GC(87) Pause Young (Allocation Failure) 375M->141M(852M) 7.723ms
[11.042s][info ][gc,cpu       ] GC(87) User=0.03s Sys=0.00s Real=0.01s
[11.042s][info ][safepoint    ] Leaving safepoint region
[11.042s][info ][safepoint    ] Total time for which application threads were stopped: 0.0081383 seconds, Stopping threads took: 0.0002341 seconds
[11.125s][info ][safepoint    ] Application time: 0.0832093 seconds
[11.125s][info ][safepoint    ] Entering safepoint region: GenCollectForAllocation
[11.126s][info ][gc,start     ] GC(88) Pause Young (Allocation Failure)
[11.126s][info ][gc,task      ] GC(88) Using 4 workers of 4 for evacuation
[11.135s][debug][gc,ref       ] GC(88) Skipped phase1 of Reference Processing due to unavailable references
[11.135s][debug][gc,ref       ] GC(88) Skipped phase2 of Reference Processing due to unavailable references
[11.135s][debug][gc,ref       ] GC(88) Skipped phase3 of Reference Processing due to unavailable references
[11.135s][debug][gc,ref       ] GC(88) Skipped phase4 of Reference Processing due to unavailable references
[11.135s][debug][gc,age       ] GC(88) Desired survivor size 15400960 bytes, new threshold 6 (max threshold 6)
[11.135s][info ][gc,heap      ] GC(88) ParNew: 246609K->5072K(270976K)
[11.135s][info ][gc,heap      ] GC(88) CMS: 138769K->142963K(602112K)
[11.135s][info ][gc,metaspace ] GC(88) Metaspace: 38523K->38523K(1083392K)
[11.135s][info ][gc           ] GC(88) Pause Young (Allocation Failure) 376M->144M(852M) 9.794ms
[11.135s][info ][gc,cpu       ] GC(88) User=0.04s Sys=0.00s Real=0.01s
[11.136s][info ][safepoint    ] Leaving safepoint region
[11.136s][info ][safepoint    ] Total time for which application threads were stopped: 0.0102111 seconds, Stopping threads took: 0.0002090 seconds
[11.232s][info ][safepoint    ] Application time: 0.0960143 seconds
[11.232s][info ][safepoint    ] Entering safepoint region: GenCollectForAllocation
[11.232s][info ][gc,start     ] GC(89) Pause Young (Allocation Failure)
[11.232s][info ][gc,task      ] GC(89) Using 4 workers of 4 for evacuation
[11.235s][debug][gc,ref       ] GC(89) Skipped phase1 of Reference Processing due to unavailable references
[11.235s][debug][gc,ref       ] GC(89) Skipped phase2 of Reference Processing due to unavailable references
[11.235s][debug][gc,ref       ] GC(89) Skipped phase3 of Reference Processing due to unavailable references
[11.235s][debug][gc,ref       ] GC(89) Skipped phase4 of Reference Processing due to unavailable references
[11.235s][debug][gc,age       ] GC(89) Desired survivor size 15400960 bytes, new threshold 6 (max threshold 6)
[11.235s][info ][gc,heap      ] GC(89) ParNew: 245968K->2343K(270976K)
[11.235s][info ][gc,heap      ] GC(89) CMS: 142963K->143071K(602112K)
[11.235s][info ][gc,metaspace ] GC(89) Metaspace: 38523K->38523K(1083392K)
[11.235s][info ][gc           ] GC(89) Pause Young (Allocation Failure) 379M->142M(852M) 3.236ms
[11.235s][info ][gc,cpu       ] GC(89) User=0.01s Sys=0.00s Real=0.00s
[11.235s][info ][safepoint    ] Leaving safepoint region
[11.235s][info ][safepoint    ] Total time for which application threads were stopped: 0.0035816 seconds, Stopping threads took: 0.0001931 seconds
[11.256s][info ][safepoint    ] Application time: 0.0212518 seconds
[11.257s][info ][safepoint    ] Entering safepoint region: RevokeBias
[11.257s][info ][safepoint    ] Leaving safepoint region
[11.257s][info ][safepoint    ] Total time for which application threads were stopped: 0.0002396 seconds, Stopping threads took: 0.0001051 seconds
[11.257s][info ][safepoint    ] Application time: 0.0006331 seconds
[11.257s][info ][safepoint    ] Entering safepoint region: BulkRevokeBias
[11.258s][info ][safepoint    ] Leaving safepoint region
[11.258s][info ][safepoint    ] Total time for which application threads were stopped: 0.0004177 seconds, Stopping threads took: 0.0001151 seconds
[11.260s][info ][safepoint    ] Application time: 0.0026107 seconds
[11.261s][info ][safepoint    ] Entering safepoint region: RevokeBias
[11.261s][info ][safepoint    ] Leaving safepoint region
[11.261s][info ][safepoint    ] Total time for which application threads were stopped: 0.0002201 seconds, Stopping threads took: 0.0001506 seconds
[11.261s][info ][safepoint    ] Application time: 0.0007932 seconds
[11.262s][info ][safepoint    ] Entering safepoint region: RevokeBias
[11.262s][info ][safepoint    ] Leaving safepoint region
[11.262s][info ][safepoint    ] Total time for which application threads were stopped: 0.0002217 seconds, Stopping threads took: 0.0001718 seconds
[11.262s][info ][safepoint    ] Application time: 0.0002681 seconds
[11.262s][info ][safepoint    ] Entering safepoint region: RevokeBias
[11.262s][info ][safepoint    ] Leaving safepoint region
[11.262s][info ][safepoint    ] Total time for which application threads were stopped: 0.0001343 seconds, Stopping threads took: 0.0000842 seconds
[11.265s][info ][safepoint    ] Application time: 0.0030341 seconds
[11.265s][info ][safepoint    ] Entering safepoint region: RevokeBias
[11.265s][info ][safepoint    ] Leaving safepoint region
[11.265s][info ][safepoint    ] Total time for which application threads were stopped: 0.0002412 seconds, Stopping threads took: 0.0001270 seconds
[11.278s][info ][safepoint    ] Application time: 0.0126167 seconds
[11.278s][info ][safepoint    ] Entering safepoint region: RevokeBias
[11.278s][info ][safepoint    ] Leaving safepoint region
[11.278s][info ][safepoint    ] Total time for which application threads were stopped: 0.0001017 seconds, Stopping threads took: 0.0000324 seconds
[11.287s][info ][safepoint    ] Application time: 0.0089859 seconds
[11.287s][info ][safepoint    ] Entering safepoint region: RevokeBias
[11.287s][info ][safepoint    ] Leaving safepoint region
[11.287s][info ][safepoint    ] Total time for which application threads were stopped: 0.0002468 seconds, Stopping threads took: 0.0001570 seconds
[11.486s][info ][safepoint    ] Application time: 0.1987541 seconds
[11.486s][info ][safepoint    ] Entering safepoint region: RevokeBias
[11.486s][info ][safepoint    ] Leaving safepoint region
[11.486s][info ][safepoint    ] Total time for which application threads were stopped: 0.0001251 seconds, Stopping threads took: 0.0000137 seconds
[11.487s][info ][safepoint    ] Application time: 0.0007479 seconds
[11.487s][info ][safepoint    ] Entering safepoint region: RevokeBias
[11.487s][info ][safepoint    ] Leaving safepoint region
[11.487s][info ][safepoint    ] Total time for which application threads were stopped: 0.0000417 seconds, Stopping threads took: 0.0000102 seconds
[11.487s][info ][safepoint    ] Application time: 0.0000544 seconds
[11.487s][info ][safepoint    ] Entering safepoint region: RevokeBias
[11.487s][info ][safepoint    ] Leaving safepoint region
[11.487s][info ][safepoint    ] Total time for which application threads were stopped: 0.0000355 seconds, Stopping threads took: 0.0000102 seconds
[11.488s][info ][safepoint    ] Application time: 0.0010317 seconds
[11.488s][info ][safepoint    ] Entering safepoint region: Deoptimize
[11.489s][info ][safepoint    ] Leaving safepoint region
[11.489s][info ][safepoint    ] Total time for which application threads were stopped: 0.0006623 seconds, Stopping threads took: 0.0000086 seconds
[11.537s][info ][safepoint    ] Application time: 0.0482349 seconds
[11.537s][info ][safepoint    ] Entering safepoint region: Deoptimize
[11.538s][info ][safepoint    ] Leaving safepoint region
[11.538s][info ][safepoint    ] Total time for which application threads were stopped: 0.0007014 seconds, Stopping threads took: 0.0000128 seconds
[11.567s][info ][safepoint    ] Application time: 0.0289622 seconds
[11.567s][info ][safepoint    ] Entering safepoint region: RevokeBias
[11.567s][info ][safepoint    ] Leaving safepoint region
[11.567s][info ][safepoint    ] Total time for which application threads were stopped: 0.0000806 seconds, Stopping threads took: 0.0000156 seconds
[11.624s][info ][safepoint    ] Application time: 0.0565450 seconds
[11.624s][info ][safepoint    ] Entering safepoint region: Deoptimize
[11.625s][info ][safepoint    ] Leaving safepoint region
[11.625s][info ][safepoint    ] Total time for which application threads were stopped: 0.0008528 seconds, Stopping threads took: 0.0000136 seconds
[11.638s][info ][safepoint    ] Application time: 0.0130272 seconds
[11.638s][info ][safepoint    ] Entering safepoint region: RevokeBias
[11.638s][info ][safepoint    ] Leaving safepoint region
[11.638s][info ][safepoint    ] Total time for which application threads were stopped: 0.0001277 seconds, Stopping threads took: 0.0000627 seconds
[11.648s][info ][safepoint    ] Application time: 0.0100682 seconds
[11.648s][info ][safepoint    ] Entering safepoint region: RevokeBias
[11.648s][info ][safepoint    ] Leaving safepoint region
[11.648s][info ][safepoint    ] Total time for which application threads were stopped: 0.0001343 seconds, Stopping threads took: 0.0000499 seconds
[11.648s][info ][safepoint    ] Application time: 0.0000608 seconds
[11.648s][info ][safepoint    ] Entering safepoint region: RevokeBias
[11.648s][info ][safepoint    ] Leaving safepoint region
[11.648s][info ][safepoint    ] Total time for which application threads were stopped: 0.0000560 seconds, Stopping threads took: 0.0000251 seconds
[12.255s][info ][safepoint    ] Application time: 0.6073027 seconds
[12.255s][info ][safepoint    ] Entering safepoint region: ICBufferFull
[12.256s][info ][safepoint    ] Leaving safepoint region
[12.256s][info ][safepoint    ] Total time for which application threads were stopped: 0.0002420 seconds, Stopping threads took: 0.0000344 seconds
[12.256s][info ][safepoint    ] Application time: 0.0007959 seconds
[12.256s][info ][safepoint    ] Entering safepoint region: RevokeBias
[12.257s][info ][safepoint    ] Leaving safepoint region
[12.257s][info ][safepoint    ] Total time for which application threads were stopped: 0.0000606 seconds, Stopping threads took: 0.0000260 seconds
[12.279s][info ][safepoint    ] Application time: 0.0226107 seconds
[12.279s][info ][safepoint    ] Entering safepoint region: BulkRevokeBias
[12.280s][info ][safepoint    ] Leaving safepoint region
[12.280s][info ][safepoint    ] Total time for which application threads were stopped: 0.0003742 seconds, Stopping threads took: 0.0001323 seconds
[12.281s][info ][safepoint    ] Application time: 0.0016719 seconds
[12.281s][info ][safepoint    ] Entering safepoint region: CollectForMetadataAllocation
[12.281s][info ][safepoint    ] Leaving safepoint region
[12.281s][info ][safepoint    ] Total time for which application threads were stopped: 0.0001882 seconds, Stopping threads took: 0.0000586 seconds
[12.409s][info ][safepoint    ] Application time: 0.1278507 seconds
[12.412s][info ][safepoint    ] Entering safepoint region: CollectForMetadataAllocation
[12.413s][info ][safepoint    ] Leaving safepoint region
[12.413s][info ][safepoint    ] Total time for which application threads were stopped: 0.0032826 seconds, Stopping threads took: 0.0030568 seconds
[12.584s][info ][safepoint    ] Application time: 0.1709824 seconds
[12.584s][info ][safepoint    ] Entering safepoint region: CollectForMetadataAllocation
[12.584s][info ][safepoint    ] Leaving safepoint region
[12.584s][info ][safepoint    ] Total time for which application threads were stopped: 0.0002016 seconds, Stopping threads took: 0.0000488 seconds
[12.593s][info ][safepoint    ] Application time: 0.0094771 seconds
[12.596s][info ][safepoint    ] Entering safepoint region: Deoptimize
[12.597s][info ][safepoint    ] Leaving safepoint region
[12.597s][info ][safepoint    ] Total time for which application threads were stopped: 0.0034650 seconds, Stopping threads took: 0.0026157 seconds
[12.607s][info ][safepoint    ] Application time: 0.0099843 seconds
[12.607s][info ][safepoint    ] Entering safepoint region: Deoptimize
[12.608s][info ][safepoint    ] Leaving safepoint region
[12.608s][info ][safepoint    ] Total time for which application threads were stopped: 0.0008891 seconds, Stopping threads took: 0.0000147 seconds
[12.614s][info ][safepoint    ] Application time: 0.0066504 seconds
[12.614s][info ][safepoint    ] Entering safepoint region: CollectForMetadataAllocation
[12.615s][info ][safepoint    ] Leaving safepoint region
[12.615s][info ][safepoint    ] Total time for which application threads were stopped: 0.0001824 seconds, Stopping threads took: 0.0000463 seconds
[12.638s][info ][safepoint    ] Application time: 0.0238027 seconds
[12.638s][info ][safepoint    ] Entering safepoint region: Deoptimize
[12.639s][info ][safepoint    ] Leaving safepoint region
[12.639s][info ][safepoint    ] Total time for which application threads were stopped: 0.0009038 seconds, Stopping threads took: 0.0000149 seconds
[12.648s][info ][safepoint    ] Application time: 0.0087944 seconds
[12.648s][info ][safepoint    ] Entering safepoint region: CollectForMetadataAllocation
[12.648s][info ][safepoint    ] Leaving safepoint region
[12.648s][info ][safepoint    ] Total time for which application threads were stopped: 0.0001251 seconds, Stopping threads took: 0.0000148 seconds
[12.930s][info ][safepoint    ] Application time: 0.2814339 seconds
[12.930s][info ][safepoint    ] Entering safepoint region: ICBufferFull
[12.930s][info ][safepoint    ] Leaving safepoint region
[12.930s][info ][safepoint    ] Total time for which application threads were stopped: 0.0002001 seconds, Stopping threads took: 0.0000156 seconds
[13.235s][info ][safepoint    ] Application time: 0.3051354 seconds
[13.235s][info ][safepoint    ] Entering safepoint region: CMS_Initial_Mark
[13.235s][info ][gc,start     ] GC(90) Pause Initial Mark
[13.273s][info ][gc           ] GC(90) Pause Initial Mark 344M->344M(852M) 37.864ms
[13.273s][info ][gc,cpu       ] GC(90) User=0.15s Sys=0.00s Real=0.04s
[13.273s][info ][safepoint    ] Leaving safepoint region
[13.273s][info ][safepoint    ] Total time for which application threads were stopped: 0.0381496 seconds, Stopping threads took: 0.0000337 seconds
[13.273s][info ][gc           ] GC(90) Concurrent Mark
[13.503s][info ][gc           ] GC(90) Concurrent Mark 229.168ms
[13.503s][info ][gc,cpu       ] GC(90) User=0.52s Sys=0.02s Real=0.23s
[13.503s][info ][gc           ] GC(90) Concurrent Preclean
[13.503s][debug][gc,ref       ] GC(90) Preclean SoftReferences 0.001ms
[13.503s][debug][gc,ref       ] GC(90) Preclean WeakReferences 0.015ms
[13.503s][debug][gc,ref       ] GC(90) Preclean FinalReferences 0.000ms
[13.503s][debug][gc,ref       ] GC(90) Preclean PhantomReferences 0.001ms
[13.510s][info ][gc           ] GC(90) Concurrent Preclean 6.972ms
[13.510s][info ][gc,cpu       ] GC(90) User=0.02s Sys=0.00s Real=0.00s
[13.510s][info ][gc           ] GC(90) Concurrent Abortable Preclean
[14.081s][info ][safepoint    ] Application time: 0.8073914 seconds
[14.081s][info ][safepoint    ] Entering safepoint region: CollectForMetadataAllocation
[14.081s][info ][safepoint    ] Leaving safepoint region
[14.081s][info ][safepoint    ] Total time for which application threads were stopped: 0.0001942 seconds, Stopping threads took: 0.0000149 seconds
[14.883s][info ][safepoint    ] Application time: 0.8020347 seconds
[14.883s][info ][safepoint    ] Entering safepoint region: GenCollectForAllocation
[14.883s][info ][gc,start     ] GC(91) Pause Young (Allocation Failure)
[14.883s][info ][gc,task      ] GC(91) Using 4 workers of 4 for evacuation
[14.905s][debug][gc,ref       ] GC(91) Skipped phase1 of Reference Processing due to unavailable references
[14.905s][debug][gc,ref       ] GC(91) Skipped phase3 of Reference Processing due to unavailable references
[14.905s][debug][gc,age       ] GC(91) Desired survivor size 15400960 bytes, new threshold 1 (max threshold 6)
[14.905s][info ][gc,heap      ] GC(91) ParNew: 243239K->30080K(270976K)
[14.905s][info ][gc,heap      ] GC(91) CMS: 143071K->144609K(602112K)
[14.905s][info ][gc,metaspace ] GC(91) Metaspace: 44167K->44167K(1089536K)
[14.905s][info ][gc           ] GC(91) Pause Young (Allocation Failure) 377M->170M(852M) 21.785ms
[14.905s][info ][gc,cpu       ] GC(91) User=0.10s Sys=0.00s Real=0.02s
[14.905s][info ][safepoint    ] Leaving safepoint region
[14.905s][info ][safepoint    ] Total time for which application threads were stopped: 0.0219911 seconds, Stopping threads took: 0.0000191 seconds
[15.905s][info ][safepoint    ] Application time: 1.0001271 seconds
[15.905s][info ][safepoint    ] Entering safepoint region: Cleanup
[15.905s][info ][safepoint    ] Leaving safepoint region
[15.905s][info ][safepoint    ] Total time for which application threads were stopped: 0.0001500 seconds, Stopping threads took: 0.0000192 seconds
[15.981s][info ][safepoint    ] Application time: 0.0760449 seconds
[15.981s][info ][safepoint    ] Entering safepoint region: ICBufferFull
[15.982s][info ][safepoint    ] Leaving safepoint region
[15.982s][info ][safepoint    ] Total time for which application threads were stopped: 0.0002067 seconds, Stopping threads took: 0.0000145 seconds
[16.433s][info ][safepoint    ] Application time: 0.4512382 seconds
[16.433s][info ][safepoint    ] Entering safepoint region: ICBufferFull
[16.433s][info ][safepoint    ] Leaving safepoint region
[16.433s][info ][safepoint    ] Total time for which application threads were stopped: 0.0002406 seconds, Stopping threads took: 0.0000564 seconds
[16.531s][info ][safepoint    ] Application time: 0.0981191 seconds
[16.531s][info ][safepoint    ] Entering safepoint region: CollectForMetadataAllocation
[16.531s][info ][safepoint    ] Leaving safepoint region
[16.531s][info ][safepoint    ] Total time for which application threads were stopped: 0.0001438 seconds, Stopping threads took: 0.0000388 seconds
[17.532s][info ][safepoint    ] Application time: 1.0001162 seconds
[17.532s][info ][safepoint    ] Entering safepoint region: Cleanup
[17.532s][info ][safepoint    ] Leaving safepoint region
[17.532s][info ][safepoint    ] Total time for which application threads were stopped: 0.0002012 seconds, Stopping threads took: 0.0000671 seconds
[18.532s][info ][safepoint    ] Application time: 1.0001142 seconds
[18.532s][info ][safepoint    ] Entering safepoint region: Cleanup
[18.532s][info ][safepoint    ] Leaving safepoint region
[18.532s][info ][safepoint    ] Total time for which application threads were stopped: 0.0001713 seconds, Stopping threads took: 0.0000387 seconds
[18.623s][info ][gc           ] GC(90) Concurrent Abortable Preclean 5113.321ms
[18.623s][info ][gc,cpu       ] GC(90) User=6.73s Sys=0.29s Real=5.12s
[18.623s][info ][safepoint    ] Application time: 0.0908749 seconds
[18.623s][info ][safepoint    ] Entering safepoint region: CMS_Final_Remark
[18.623s][info ][gc,start     ] GC(90) Pause Remark
[18.645s][debug][gc,phases    ] GC(90) Rescan (parallel) 22.111ms
[18.645s][debug][gc,ref       ] GC(90) Skipped phase1 of Reference Processing due to unavailable references
[18.645s][debug][gc,ref       ] GC(90) Skipped phase2 of Reference Processing due to unavailable references
[18.645s][debug][gc,ref       ] GC(90) Skipped phase3 of Reference Processing due to unavailable references
[18.645s][debug][gc,ref       ] GC(90) Skipped phase4 of Reference Processing due to unavailable references
[18.645s][debug][gc,phases    ] GC(90) Reference Processing 0.032ms
[18.645s][debug][gc,phases    ] GC(90) Weak Processing 0.091ms
[18.646s][debug][gc,phases    ] GC(90) ClassLoaderData 0.873ms
[18.646s][debug][gc,phases    ] GC(90) Dictionary 0.019ms
[18.646s][debug][gc,phases    ] GC(90) ProtectionDomainCacheTable 0.003ms
[18.646s][debug][gc,phases    ] GC(90) ResolvedMethodTable 0.125ms
[18.665s][debug][gc,phases    ] GC(90) Class Unloading 19.562ms
[18.669s][debug][gc,phases    ] GC(90) Scrub Symbol Table 3.946ms
[18.669s][debug][gc,phases    ] GC(90) Scrub String Table 0.328ms
[18.670s][info ][gc           ] GC(90) Pause Remark 242M->242M(852M) 46.783ms
[18.670s][info ][gc,cpu       ] GC(90) User=0.11s Sys=0.01s Real=0.04s
[18.670s][info ][safepoint    ] Leaving safepoint region
[18.670s][info ][safepoint    ] Total time for which application threads were stopped: 0.0469095 seconds, Stopping threads took: 0.0000165 seconds
[18.670s][info ][gc           ] GC(90) Concurrent Sweep
[18.745s][info ][gc           ] GC(90) Concurrent Sweep 74.685ms
[18.745s][info ][gc,cpu       ] GC(90) User=0.10s Sys=0.00s Real=0.08s
[18.745s][info ][gc           ] GC(90) Concurrent Reset
[18.755s][info ][gc           ] GC(90) Concurrent Reset 10.091ms
[18.755s][info ][gc,cpu       ] GC(90) User=0.02s Sys=0.00s Real=0.01s
[18.755s][info ][gc,heap      ] GC(90) Old: 143071K->136418K(602112K)
[19.480s][info ][safepoint    ] Application time: 0.8097390 seconds
[19.480s][info ][safepoint    ] Entering safepoint region: RevokeBias
[19.480s][info ][safepoint    ] Leaving safepoint region
[19.480s][info ][safepoint    ] Total time for which application threads were stopped: 0.0002954 seconds, Stopping threads took: 0.0000328 seconds
[19.487s][info ][safepoint    ] Application time: 0.0066039 seconds
[19.487s][info ][safepoint    ] Entering safepoint region: RevokeBias
[19.487s][info ][safepoint    ] Leaving safepoint region
[19.487s][info ][safepoint    ] Total time for which application threads were stopped: 0.0000819 seconds, Stopping threads took: 0.0000131 seconds
[19.487s][info ][safepoint    ] Application time: 0.0004726 seconds
[19.487s][info ][safepoint    ] Entering safepoint region: RevokeBias
[19.487s][info ][safepoint    ] Leaving safepoint region
[19.487s][info ][safepoint    ] Total time for which application threads were stopped: 0.0000399 seconds, Stopping threads took: 0.0000089 seconds
[19.529s][info ][safepoint    ] Application time: 0.0417018 seconds
[19.529s][info ][safepoint    ] Entering safepoint region: Deoptimize
[19.530s][info ][safepoint    ] Leaving safepoint region
[19.530s][info ][safepoint    ] Total time for which application threads were stopped: 0.0010339 seconds, Stopping threads took: 0.0000146 seconds
[19.682s][info ][safepoint    ] Application time: 0.1524074 seconds
[19.683s][info ][safepoint    ] Entering safepoint region: RevokeBias
[19.683s][info ][safepoint    ] Leaving safepoint region
[19.683s][info ][safepoint    ] Total time for which application threads were stopped: 0.0001618 seconds, Stopping threads took: 0.0000720 seconds
[19.701s][info ][safepoint    ] Application time: 0.0183745 seconds
[19.701s][info ][safepoint    ] Entering safepoint region: RevokeBias
[19.701s][info ][safepoint    ] Leaving safepoint region
[19.701s][info ][safepoint    ] Total time for which application threads were stopped: 0.0000876 seconds, Stopping threads took: 0.0000161 seconds
[20.701s][info ][safepoint    ] Application time: 1.0001227 seconds
[20.701s][info ][safepoint    ] Entering safepoint region: Cleanup
[20.701s][info ][safepoint    ] Leaving safepoint region
[20.701s][info ][safepoint    ] Total time for which application threads were stopped: 0.0001007 seconds, Stopping threads took: 0.0000178 seconds
[21.702s][info ][safepoint    ] Application time: 1.0001092 seconds
[21.702s][info ][safepoint    ] Entering safepoint region: Cleanup
[21.702s][info ][safepoint    ] Leaving safepoint region
[21.702s][info ][safepoint    ] Total time for which application threads were stopped: 0.0000942 seconds, Stopping threads took: 0.0000193 seconds
[22.602s][info ][safepoint    ] Application time: 0.9006017 seconds
[22.602s][info ][safepoint    ] Entering safepoint region: RevokeBias
[22.602s][info ][safepoint    ] Leaving safepoint region
[22.602s][info ][safepoint    ] Total time for which application threads were stopped: 0.0001051 seconds, Stopping threads took: 0.0000152 seconds
[22.634s][info ][safepoint    ] Application time: 0.0314961 seconds
[22.634s][info ][safepoint    ] Entering safepoint region: RevokeBias
[22.634s][info ][safepoint    ] Leaving safepoint region
[22.634s][info ][safepoint    ] Total time for which application threads were stopped: 0.0001566 seconds, Stopping threads took: 0.0000529 seconds
[23.634s][info ][safepoint    ] Application time: 1.0001256 seconds
[23.634s][info ][safepoint    ] Entering safepoint region: Cleanup
[23.634s][info ][safepoint    ] Leaving safepoint region
[23.634s][info ][safepoint    ] Total time for which application threads were stopped: 0.0001078 seconds, Stopping threads took: 0.0000151 seconds
[24.634s][info ][safepoint    ] Application time: 1.0000850 seconds
[24.634s][info ][safepoint    ] Entering safepoint region: Cleanup
[24.635s][info ][safepoint    ] Leaving safepoint region
[24.635s][info ][safepoint    ] Total time for which application threads were stopped: 0.0001391 seconds, Stopping threads took: 0.0000304 seconds
[25.635s][info ][safepoint    ] Application time: 1.0000894 seconds
[25.635s][info ][safepoint    ] Entering safepoint region: Cleanup
[25.635s][info ][safepoint    ] Leaving safepoint region
[25.635s][info ][safepoint    ] Total time for which application threads were stopped: 0.0001198 seconds, Stopping threads took: 0.0000158 seconds
[26.635s][info ][safepoint    ] Application time: 1.0000790 seconds
[26.635s][info ][safepoint    ] Entering safepoint region: Cleanup
[26.635s][info ][safepoint    ] Leaving safepoint region
[26.635s][info ][safepoint    ] Total time for which application threads were stopped: 0.0000794 seconds, Stopping threads took: 0.0000167 seconds
[27.082s][info ][safepoint    ] Application time: 0.4471053 seconds
[27.082s][info ][safepoint    ] Entering safepoint region: GenCollectForAllocation
[27.082s][info ][gc,start     ] GC(92) Pause Young (Allocation Failure)
[27.082s][info ][gc,task      ] GC(92) Using 4 workers of 4 for evacuation
[27.118s][debug][gc,ref       ] GC(92) Skipped phase1 of Reference Processing due to unavailable references
[27.118s][debug][gc,ref       ] GC(92) Skipped phase3 of Reference Processing due to unavailable references
[27.118s][debug][gc,age       ] GC(92) Desired survivor size 15400960 bytes, new threshold 6 (max threshold 6)
[27.118s][info ][gc,heap      ] GC(92) ParNew: 270976K->22730K(270976K)
[27.118s][info ][gc,heap      ] GC(92) CMS: 136418K->166807K(602112K)
[27.118s][info ][gc,metaspace ] GC(92) Metaspace: 46018K->46018K(1091584K)
[27.118s][info ][gc           ] GC(92) Pause Young (Allocation Failure) 397M->185M(852M) 35.550ms
[27.118s][info ][gc,cpu       ] GC(92) User=0.10s Sys=0.01s Real=0.03s
[27.118s][info ][safepoint    ] Leaving safepoint region
[27.118s][info ][safepoint    ] Total time for which application threads were stopped: 0.0357088 seconds, Stopping threads took: 0.0000165 seconds
[28.118s][info ][safepoint    ] Application time: 1.0000967 seconds
[28.118s][info ][safepoint    ] Entering safepoint region: Cleanup
[28.118s][info ][safepoint    ] Leaving safepoint region
[28.118s][info ][safepoint    ] Total time for which application threads were stopped: 0.0001116 seconds, Stopping threads took: 0.0000182 seconds
[29.118s][info ][safepoint    ] Application time: 1.0000868 seconds
[29.118s][info ][safepoint    ] Entering safepoint region: Cleanup
[29.118s][info ][safepoint    ] Leaving safepoint region
[29.118s][info ][safepoint    ] Total time for which application threads were stopped: 0.0000851 seconds, Stopping threads took: 0.0000184 seconds
[30.119s][info ][safepoint    ] Application time: 1.0000894 seconds
[30.119s][info ][safepoint    ] Entering safepoint region: Cleanup
[30.119s][info ][safepoint    ] Leaving safepoint region
[30.119s][info ][safepoint    ] Total time for which application threads were stopped: 0.0000854 seconds, Stopping threads took: 0.0000186 seconds
[31.119s][info ][safepoint    ] Application time: 1.0001146 seconds
[31.119s][info ][safepoint    ] Entering safepoint region: Cleanup
[31.119s][info ][safepoint    ] Leaving safepoint region
[31.119s][info ][safepoint    ] Total time for which application threads were stopped: 0.0000976 seconds, Stopping threads took: 0.0000357 seconds
[32.119s][info ][safepoint    ] Application time: 1.0000926 seconds
[32.119s][info ][safepoint    ] Entering safepoint region: Cleanup
[32.119s][info ][safepoint    ] Leaving safepoint region
[32.119s][info ][safepoint    ] Total time for which application threads were stopped: 0.0000900 seconds, Stopping threads took: 0.0000181 seconds
[33.119s][info ][safepoint    ] Application time: 1.0000939 seconds
[33.119s][info ][safepoint    ] Entering safepoint region: Cleanup
[33.119s][info ][safepoint    ] Leaving safepoint region
[33.119s][info ][safepoint    ] Total time for which application threads were stopped: 0.0001012 seconds, Stopping threads took: 0.0000180 seconds
[34.119s][info ][safepoint    ] Application time: 1.0000840 seconds
[34.120s][info ][safepoint    ] Entering safepoint region: Cleanup
[34.120s][info ][safepoint    ] Leaving safepoint region
[34.120s][info ][safepoint    ] Total time for which application threads were stopped: 0.0000753 seconds, Stopping threads took: 0.0000176 seconds
[35.120s][info ][safepoint    ] Application time: 1.0003921 seconds
[35.120s][info ][safepoint    ] Entering safepoint region: Cleanup
[35.120s][info ][safepoint    ] Leaving safepoint region
[35.120s][info ][safepoint    ] Total time for which application threads were stopped: 0.0000838 seconds, Stopping threads took: 0.0000185 seconds
[35.978s][info ][safepoint    ] Application time: 0.8574054 seconds
[35.978s][info ][safepoint    ] Entering safepoint region: RevokeBias
[35.978s][info ][safepoint    ] Leaving safepoint region
[35.978s][info ][safepoint    ] Total time for which application threads were stopped: 0.0002501 seconds, Stopping threads took: 0.0000415 seconds
[35.979s][info ][safepoint    ] Application time: 0.0012083 seconds
[35.979s][info ][safepoint    ] Entering safepoint region: RevokeBias
[35.979s][info ][safepoint    ] Leaving safepoint region
[35.979s][info ][safepoint    ] Total time for which application threads were stopped: 0.0001565 seconds, Stopping threads took: 0.0000412 seconds
[35.998s][info ][safepoint    ] Application time: 0.0191196 seconds
[35.998s][info ][safepoint    ] Entering safepoint region: Deoptimize
[35.999s][info ][safepoint    ] Leaving safepoint region
[35.999s][info ][safepoint    ] Total time for which application threads were stopped: 0.0010900 seconds, Stopping threads took: 0.0000265 seconds
[36.000s][info ][safepoint    ] Application time: 0.0007500 seconds
[36.000s][info ][safepoint    ] Entering safepoint region: RevokeBias
[36.000s][info ][safepoint    ] Leaving safepoint region
[36.000s][info ][safepoint    ] Total time for which application threads were stopped: 0.0000519 seconds, Stopping threads took: 0.0000090 seconds
[36.000s][info ][safepoint    ] Application time: 0.0000438 seconds
[36.000s][info ][safepoint    ] Entering safepoint region: RevokeBias
[36.000s][info ][safepoint    ] Leaving safepoint region
[36.000s][info ][safepoint    ] Total time for which application threads were stopped: 0.0000303 seconds, Stopping threads took: 0.0000065 seconds
[36.000s][info ][safepoint    ] Application time: 0.0000562 seconds
[36.000s][info ][safepoint    ] Entering safepoint region: RevokeBias
[36.000s][info ][safepoint    ] Leaving safepoint region
[36.000s][info ][safepoint    ] Total time for which application threads were stopped: 0.0000294 seconds, Stopping threads took: 0.0000063 seconds
[36.001s][info ][safepoint    ] Application time: 0.0000346 seconds
[36.001s][info ][safepoint    ] Entering safepoint region: RevokeBias
[36.001s][info ][safepoint    ] Leaving safepoint region
[36.001s][info ][safepoint    ] Total time for which application threads were stopped: 0.0000285 seconds, Stopping threads took: 0.0000062 seconds
[36.007s][info ][safepoint    ] Application time: 0.0062392 seconds
[36.007s][info ][safepoint    ] Entering safepoint region: RevokeBias
[36.007s][info ][safepoint    ] Leaving safepoint region
[36.007s][info ][safepoint    ] Total time for which application threads were stopped: 0.0000704 seconds, Stopping threads took: 0.0000168 seconds
[36.012s][info ][safepoint    ] Application time: 0.0054423 seconds
[36.012s][info ][safepoint    ] Entering safepoint region: RevokeBias
[36.012s][info ][safepoint    ] Leaving safepoint region
[36.012s][info ][safepoint    ] Total time for which application threads were stopped: 0.0000748 seconds, Stopping threads took: 0.0000136 seconds
[36.033s][info ][safepoint    ] Application time: 0.0210277 seconds
[36.034s][info ][safepoint    ] Entering safepoint region: RevokeBias
[36.043s][info ][safepoint    ] Leaving safepoint region
[36.043s][info ][safepoint    ] Total time for which application threads were stopped: 0.0099653 seconds, Stopping threads took: 0.0000161 seconds
[36.044s][info ][safepoint    ] Application time: 0.0003847 seconds
[36.044s][info ][safepoint    ] Entering safepoint region: RevokeBias
[36.044s][info ][safepoint    ] Leaving safepoint region
[36.044s][info ][safepoint    ] Total time for which application threads were stopped: 0.0000983 seconds, Stopping threads took: 0.0000240 seconds
[36.089s][info ][safepoint    ] Application time: 0.0445879 seconds
[36.089s][info ][safepoint    ] Entering safepoint region: Deoptimize
[36.090s][info ][safepoint    ] Leaving safepoint region
[36.090s][info ][safepoint    ] Total time for which application threads were stopped: 0.0012325 seconds, Stopping threads took: 0.0000144 seconds
[36.145s][info ][safepoint    ] Application time: 0.0554935 seconds
[36.145s][info ][safepoint    ] Entering safepoint region: RevokeBias
[36.146s][info ][safepoint    ] Leaving safepoint region
[36.146s][info ][safepoint    ] Total time for which application threads were stopped: 0.0001299 seconds, Stopping threads took: 0.0000158 seconds
[36.153s][info ][safepoint    ] Application time: 0.0074496 seconds
[36.153s][info ][safepoint    ] Entering safepoint region: Deoptimize
[36.155s][info ][safepoint    ] Leaving safepoint region
[36.155s][info ][safepoint    ] Total time for which application threads were stopped: 0.0015782 seconds, Stopping threads took: 0.0000185 seconds
[36.173s][info ][safepoint    ] Application time: 0.0183966 seconds
[36.173s][info ][safepoint    ] Entering safepoint region: RevokeBias
[36.173s][info ][safepoint    ] Leaving safepoint region
[36.173s][info ][safepoint    ] Total time for which application threads were stopped: 0.0000948 seconds, Stopping threads took: 0.0000145 seconds
[36.259s][info ][safepoint    ] Application time: 0.0854685 seconds
[36.259s][info ][safepoint    ] Entering safepoint region: RevokeBias
[36.259s][info ][safepoint    ] Leaving safepoint region
[36.259s][info ][safepoint    ] Total time for which application threads were stopped: 0.0001936 seconds, Stopping threads took: 0.0000398 seconds
[36.282s][info ][safepoint    ] Application time: 0.0231611 seconds
[36.282s][info ][safepoint    ] Entering safepoint region: Deoptimize
[36.283s][info ][safepoint    ] Leaving safepoint region
[36.283s][info ][safepoint    ] Total time for which application threads were stopped: 0.0012148 seconds, Stopping threads took: 0.0000384 seconds
[36.284s][info ][safepoint    ] Application time: 0.0003384 seconds
[36.291s][info ][safepoint    ] Entering safepoint region: Deoptimize
[36.292s][info ][safepoint    ] Leaving safepoint region
[36.292s][info ][safepoint    ] Total time for which application threads were stopped: 0.0087164 seconds, Stopping threads took: 0.0076234 seconds
[36.293s][info ][safepoint    ] Application time: 0.0008644 seconds
[36.293s][info ][safepoint    ] Entering safepoint region: RevokeBias
[36.293s][info ][safepoint    ] Leaving safepoint region
[36.293s][info ][safepoint    ] Total time for which application threads were stopped: 0.0000515 seconds, Stopping threads took: 0.0000114 seconds
[36.294s][info ][safepoint    ] Application time: 0.0003707 seconds
[36.294s][info ][safepoint    ] Entering safepoint region: Deoptimize
[36.294s][info ][safepoint    ] Leaving safepoint region
[36.294s][info ][safepoint    ] Total time for which application threads were stopped: 0.0005480 seconds, Stopping threads took: 0.0000092 seconds
[36.298s][info ][safepoint    ] Application time: 0.0040529 seconds
[36.298s][info ][safepoint    ] Entering safepoint region: RevokeBias
[36.298s][info ][safepoint    ] Leaving safepoint region
[36.298s][info ][safepoint    ] Total time for which application threads were stopped: 0.0000680 seconds, Stopping threads took: 0.0000120 seconds
[36.333s][info ][safepoint    ] Application time: 0.0348859 seconds
[36.333s][info ][safepoint    ] Entering safepoint region: RevokeBias
[36.333s][info ][safepoint    ] Leaving safepoint region
[36.333s][info ][safepoint    ] Total time for which application threads were stopped: 0.0001019 seconds, Stopping threads took: 0.0000152 seconds
[36.340s][info ][safepoint    ] Application time: 0.0069823 seconds
[36.340s][info ][safepoint    ] Entering safepoint region: Deoptimize
[36.342s][info ][safepoint    ] Leaving safepoint region
[36.342s][info ][safepoint    ] Total time for which application threads were stopped: 0.0011214 seconds, Stopping threads took: 0.0000123 seconds
[36.581s][info ][safepoint    ] Application time: 0.2392440 seconds
[36.581s][info ][safepoint    ] Entering safepoint region: ICBufferFull
[36.581s][info ][safepoint    ] Leaving safepoint region
[36.581s][info ][safepoint    ] Total time for which application threads were stopped: 0.0002519 seconds, Stopping threads took: 0.0000575 seconds
[36.598s][info ][safepoint    ] Application time: 0.0172114 seconds
[36.598s][info ][safepoint    ] Entering safepoint region: RevokeBias
[36.599s][info ][safepoint    ] Leaving safepoint region
[36.599s][info ][safepoint    ] Total time for which application threads were stopped: 0.0001806 seconds, Stopping threads took: 0.0000507 seconds
[36.599s][info ][safepoint    ] Application time: 0.0007012 seconds
[36.599s][info ][safepoint    ] Entering safepoint region: RevokeBias
[36.599s][info ][safepoint    ] Leaving safepoint region
[36.599s][info ][safepoint    ] Total time for which application threads were stopped: 0.0001148 seconds, Stopping threads took: 0.0000472 seconds
[36.667s][info ][safepoint    ] Application time: 0.0678312 seconds
[36.667s][info ][safepoint    ] Entering safepoint region: RevokeBias
[36.668s][info ][safepoint    ] Leaving safepoint region
[36.668s][info ][safepoint    ] Total time for which application threads were stopped: 0.0003147 seconds, Stopping threads took: 0.0000434 seconds
[36.711s][info ][safepoint    ] Application time: 0.0434839 seconds
[36.711s][info ][safepoint    ] Entering safepoint region: ICBufferFull
[36.711s][info ][safepoint    ] Leaving safepoint region
[36.711s][info ][safepoint    ] Total time for which application threads were stopped: 0.0002780 seconds, Stopping threads took: 0.0000654 seconds
[36.740s][info ][safepoint    ] Application time: 0.0290826 seconds
[36.741s][info ][safepoint    ] Entering safepoint region: GenCollectForAllocation
[36.741s][info ][gc,start     ] GC(93) Pause Young (Allocation Failure)
[36.741s][info ][gc,task      ] GC(93) Using 4 workers of 4 for evacuation
[36.746s][debug][gc,ref       ] GC(93) Skipped phase1 of Reference Processing due to unavailable references
[36.747s][debug][gc,age       ] GC(93) Desired survivor size 15400960 bytes, new threshold 6 (max threshold 6)
[36.747s][info ][gc,heap      ] GC(93) ParNew: 263626K->10114K(270976K)
[36.747s][info ][gc,heap      ] GC(93) CMS: 166807K->166807K(602112K)
[36.747s][info ][gc,metaspace ] GC(93) Metaspace: 52346K->52346K(1097728K)
[36.747s][info ][gc           ] GC(93) Pause Young (Allocation Failure) 420M->172M(852M) 6.012ms
[36.747s][info ][gc,cpu       ] GC(93) User=0.03s Sys=0.00s Real=0.00s
[36.747s][info ][safepoint    ] Leaving safepoint region
[36.747s][info ][safepoint    ] Total time for which application threads were stopped: 0.0062307 seconds, Stopping threads took: 0.0000335 seconds
[36.789s][info ][safepoint    ] Application time: 0.0425044 seconds
[36.789s][info ][safepoint    ] Entering safepoint region: Deoptimize
[36.791s][info ][safepoint    ] Leaving safepoint region
[36.791s][info ][safepoint    ] Total time for which application threads were stopped: 0.0013258 seconds, Stopping threads took: 0.0000142 seconds
[36.951s][info ][safepoint    ] Application time: 0.1600856 seconds
[36.951s][info ][safepoint    ] Entering safepoint region: ICBufferFull
[36.951s][info ][safepoint    ] Leaving safepoint region
[36.951s][info ][safepoint    ] Total time for which application threads were stopped: 0.0002794 seconds, Stopping threads took: 0.0000167 seconds
[37.410s][info ][safepoint    ] Application time: 0.4585931 seconds
[37.410s][info ][safepoint    ] Entering safepoint region: ICBufferFull
[37.410s][info ][safepoint    ] Leaving safepoint region
[37.410s][info ][safepoint    ] Total time for which application threads were stopped: 0.0002734 seconds, Stopping threads took: 0.0000376 seconds
[37.740s][info ][safepoint    ] Application time: 0.3303177 seconds
[37.740s][info ][safepoint    ] Entering safepoint region: GenCollectForAllocation
[37.740s][info ][gc,start     ] GC(94) Pause Young (Allocation Failure)
[37.740s][info ][gc,task      ] GC(94) Using 4 workers of 4 for evacuation
[37.749s][debug][gc,ref       ] GC(94) Skipped phase1 of Reference Processing due to unavailable references
[37.749s][debug][gc,ref       ] GC(94) Skipped phase3 of Reference Processing due to unavailable references
[37.749s][debug][gc,age       ] GC(94) Desired survivor size 15400960 bytes, new threshold 1 (max threshold 6)
[37.749s][info ][gc,heap      ] GC(94) ParNew: 251010K->30080K(270976K)
[37.749s][info ][gc,heap      ] GC(94) CMS: 166807K->166807K(602112K)
[37.749s][info ][gc,metaspace ] GC(94) Metaspace: 52860K->52860K(1097728K)
[37.749s][info ][gc           ] GC(94) Pause Young (Allocation Failure) 408M->192M(852M) 8.681ms
[37.749s][info ][gc,cpu       ] GC(94) User=0.04s Sys=0.00s Real=0.00s
[37.749s][info ][safepoint    ] Leaving safepoint region
[37.749s][info ][safepoint    ] Total time for which application threads were stopped: 0.0088868 seconds, Stopping threads took: 0.0000299 seconds
[38.749s][info ][safepoint    ] Application time: 1.0000943 seconds
[38.749s][info ][safepoint    ] Entering safepoint region: Cleanup
[38.749s][info ][safepoint    ] Leaving safepoint region
[38.749s][info ][safepoint    ] Total time for which application threads were stopped: 0.0001475 seconds, Stopping threads took: 0.0000350 seconds
[39.687s][info ][safepoint    ] Application time: 0.9376231 seconds
[39.687s][info ][safepoint    ] Entering safepoint region: GenCollectForAllocation
[39.687s][info ][gc,start     ] GC(95) Pause Young (Allocation Failure)
[39.687s][info ][gc,task      ] GC(95) Using 4 workers of 4 for evacuation
[39.704s][debug][gc,ref       ] GC(95) Skipped phase1 of Reference Processing due to unavailable references
[39.704s][debug][gc,ref       ] GC(95) Skipped phase2 of Reference Processing due to unavailable references
[39.704s][debug][gc,ref       ] GC(95) Skipped phase3 of Reference Processing due to unavailable references
[39.704s][debug][gc,ref       ] GC(95) Skipped phase4 of Reference Processing due to unavailable references
[39.704s][debug][gc,age       ] GC(95) Desired survivor size 15400960 bytes, new threshold 6 (max threshold 6)
[39.704s][info ][gc,heap      ] GC(95) ParNew: 270976K->10261K(270976K)
[39.704s][info ][gc,heap      ] GC(95) CMS: 166807K->193784K(602112K)
[39.704s][info ][gc,metaspace ] GC(95) Metaspace: 52946K->52946K(1097728K)
[39.704s][info ][gc           ] GC(95) Pause Young (Allocation Failure) 427M->199M(852M) 17.016ms
[39.704s][info ][gc,cpu       ] GC(95) User=0.04s Sys=0.02s Real=0.02s
[39.704s][info ][safepoint    ] Leaving safepoint region
[39.704s][info ][safepoint    ] Total time for which application threads were stopped: 0.0172109 seconds, Stopping threads took: 0.0000155 seconds
[40.704s][info ][safepoint    ] Application time: 1.0001052 seconds
[40.704s][info ][safepoint    ] Entering safepoint region: Cleanup
[40.705s][info ][safepoint    ] Leaving safepoint region
[40.705s][info ][safepoint    ] Total time for which application threads were stopped: 0.0000966 seconds, Stopping threads took: 0.0000178 seconds
[41.294s][info ][safepoint    ] Application time: 0.5892267 seconds
[41.294s][info ][safepoint    ] Entering safepoint region: RevokeBias
[41.294s][info ][safepoint    ] Leaving safepoint region
[41.294s][info ][safepoint    ] Total time for which application threads were stopped: 0.0000752 seconds, Stopping threads took: 0.0000154 seconds
[41.294s][info ][safepoint    ] Application time: 0.0000986 seconds
[41.294s][info ][safepoint    ] Entering safepoint region: RevokeBias
[41.294s][info ][safepoint    ] Leaving safepoint region
[41.294s][info ][safepoint    ] Total time for which application threads were stopped: 0.0000278 seconds, Stopping threads took: 0.0000064 seconds
[42.134s][info ][safepoint    ] Application time: 0.8395823 seconds
[42.134s][info ][safepoint    ] Entering safepoint region: GenCollectForAllocation
[42.134s][info ][gc,start     ] GC(96) Pause Young (Allocation Failure)
[42.134s][info ][gc,task      ] GC(96) Using 4 workers of 4 for evacuation
[42.136s][debug][gc,ref       ] GC(96) Skipped phase1 of Reference Processing due to unavailable references
[42.136s][debug][gc,ref       ] GC(96) Skipped phase2 of Reference Processing due to unavailable references
[42.136s][debug][gc,ref       ] GC(96) Skipped phase3 of Reference Processing due to unavailable references
[42.136s][debug][gc,ref       ] GC(96) Skipped phase4 of Reference Processing due to unavailable references
[42.137s][debug][gc,age       ] GC(96) Desired survivor size 15400960 bytes, new threshold 6 (max threshold 6)
[42.137s][info ][gc,heap      ] GC(96) ParNew: 251157K->3266K(270976K)
[42.137s][info ][gc,heap      ] GC(96) CMS: 193784K->193784K(602112K)
[42.137s][info ][gc,metaspace ] GC(96) Metaspace: 52999K->52999K(1097728K)
[42.137s][info ][gc           ] GC(96) Pause Young (Allocation Failure) 434M->192M(852M) 2.774ms
[42.137s][info ][gc,cpu       ] GC(96) User=0.01s Sys=0.00s Real=0.00s
[42.137s][info ][safepoint    ] Leaving safepoint region
[42.137s][info ][safepoint    ] Total time for which application threads were stopped: 0.0029990 seconds, Stopping threads took: 0.0000156 seconds
[43.137s][info ][safepoint    ] Application time: 1.0001107 seconds
[43.137s][info ][safepoint    ] Entering safepoint region: Cleanup
[43.137s][info ][safepoint    ] Leaving safepoint region
[43.137s][info ][safepoint    ] Total time for which application threads were stopped: 0.0002582 seconds, Stopping threads took: 0.0000385 seconds
[44.137s][info ][safepoint    ] Application time: 1.0000863 seconds
[44.137s][info ][safepoint    ] Entering safepoint region: Cleanup
[44.137s][info ][safepoint    ] Leaving safepoint region
[44.137s][info ][safepoint    ] Total time for which application threads were stopped: 0.0001609 seconds, Stopping threads took: 0.0000163 seconds
[45.137s][info ][safepoint    ] Application time: 1.0000853 seconds
[45.138s][info ][safepoint    ] Entering safepoint region: Cleanup
[45.138s][info ][safepoint    ] Leaving safepoint region
[45.138s][info ][safepoint    ] Total time for which application threads were stopped: 0.0002059 seconds, Stopping threads took: 0.0001323 seconds
[45.534s][info ][safepoint    ] Application time: 0.3959055 seconds
[45.534s][info ][safepoint    ] Entering safepoint region: GenCollectForAllocation
[45.534s][info ][gc,start     ] GC(97) Pause Young (Allocation Failure)
[45.534s][info ][gc,task      ] GC(97) Using 4 workers of 4 for evacuation
[45.537s][debug][gc,ref       ] GC(97) Skipped phase1 of Reference Processing due to unavailable references
[45.537s][debug][gc,ref       ] GC(97) Skipped phase2 of Reference Processing due to unavailable references
[45.537s][debug][gc,ref       ] GC(97) Skipped phase3 of Reference Processing due to unavailable references
[45.537s][debug][gc,ref       ] GC(97) Skipped phase4 of Reference Processing due to unavailable references
[45.537s][debug][gc,age       ] GC(97) Desired survivor size 15400960 bytes, new threshold 6 (max threshold 6)
[45.537s][info ][gc,heap      ] GC(97) ParNew: 244162K->4409K(270976K)
[45.537s][info ][gc,heap      ] GC(97) CMS: 193784K->193784K(602112K)
[45.537s][info ][gc,metaspace ] GC(97) Metaspace: 53051K->53051K(1097728K)
[45.537s][info ][gc           ] GC(97) Pause Young (Allocation Failure) 427M->193M(852M) 2.952ms
[45.537s][info ][gc,cpu       ] GC(97) User=0.02s Sys=0.00s Real=0.00s
[45.537s][info ][safepoint    ] Leaving safepoint region
[45.537s][info ][safepoint    ] Total time for which application threads were stopped: 0.0031281 seconds, Stopping threads took: 0.0000162 seconds
[46.295s][info ][safepoint    ] Application time: 0.7585996 seconds
[46.295s][info ][safepoint    ] Entering safepoint region: RevokeBias
[46.296s][info ][safepoint    ] Leaving safepoint region
[46.296s][info ][safepoint    ] Total time for which application threads were stopped: 0.0001498 seconds, Stopping threads took: 0.0000168 seconds
[46.297s][info ][safepoint    ] Application time: 0.0010396 seconds
[46.297s][info ][safepoint    ] Entering safepoint region: RevokeBias
[46.297s][info ][safepoint    ] Leaving safepoint region
[46.297s][info ][safepoint    ] Total time for which application threads were stopped: 0.0000485 seconds, Stopping threads took: 0.0000108 seconds
[46.297s][info ][safepoint    ] Application time: 0.0000607 seconds
[46.297s][info ][safepoint    ] Entering safepoint region: RevokeBias
[46.297s][info ][safepoint    ] Leaving safepoint region
[46.297s][info ][safepoint    ] Total time for which application threads were stopped: 0.0000887 seconds, Stopping threads took: 0.0000435 seconds
[46.297s][info ][safepoint    ] Application time: 0.0001057 seconds
[46.297s][info ][safepoint    ] Entering safepoint region: RevokeBias
[46.297s][info ][safepoint    ] Leaving safepoint region
[46.297s][info ][safepoint    ] Total time for which application threads were stopped: 0.0000513 seconds, Stopping threads took: 0.0000084 seconds
[46.297s][info ][safepoint    ] Application time: 0.0001525 seconds
[46.297s][info ][safepoint    ] Entering safepoint region: RevokeBias
[46.297s][info ][safepoint    ] Leaving safepoint region
[46.297s][info ][safepoint    ] Total time for which application threads were stopped: 0.0000517 seconds, Stopping threads took: 0.0000081 seconds
[47.297s][info ][safepoint    ] Application time: 1.0000739 seconds
[47.297s][info ][safepoint    ] Entering safepoint region: Cleanup
[47.297s][info ][safepoint    ] Leaving safepoint region
[47.297s][info ][safepoint    ] Total time for which application threads were stopped: 0.0000938 seconds, Stopping threads took: 0.0000183 seconds
[48.298s][info ][safepoint    ] Application time: 1.0001181 seconds
[48.298s][info ][safepoint    ] Entering safepoint region: Cleanup
[48.298s][info ][safepoint    ] Leaving safepoint region
[48.298s][info ][safepoint    ] Total time for which application threads were stopped: 0.0001769 seconds, Stopping threads took: 0.0000588 seconds
[48.935s][info ][safepoint    ] Application time: 0.6372365 seconds
[48.935s][info ][safepoint    ] Entering safepoint region: GenCollectForAllocation
[48.935s][info ][gc,start     ] GC(98) Pause Young (Allocation Failure)
[48.935s][info ][gc,task      ] GC(98) Using 4 workers of 4 for evacuation
[48.938s][debug][gc,ref       ] GC(98) Skipped phase1 of Reference Processing due to unavailable references
[48.938s][debug][gc,ref       ] GC(98) Skipped phase2 of Reference Processing due to unavailable references
[48.938s][debug][gc,ref       ] GC(98) Skipped phase3 of Reference Processing due to unavailable references
[48.938s][debug][gc,age       ] GC(98) Desired survivor size 15400960 bytes, new threshold 6 (max threshold 6)
[48.938s][info ][gc,heap      ] GC(98) ParNew: 245305K->4864K(270976K)
[48.938s][info ][gc,heap      ] GC(98) CMS: 193784K->193784K(602112K)
[48.938s][info ][gc,metaspace ] GC(98) Metaspace: 53113K->53113K(1097728K)
[48.938s][info ][gc           ] GC(98) Pause Young (Allocation Failure) 428M->193M(852M) 2.859ms
[48.938s][info ][gc,cpu       ] GC(98) User=0.01s Sys=0.00s Real=0.00s
[48.938s][info ][safepoint    ] Leaving safepoint region
[48.938s][info ][safepoint    ] Total time for which application threads were stopped: 0.0030233 seconds, Stopping threads took: 0.0000154 seconds
[49.938s][info ][safepoint    ] Application time: 1.0001038 seconds
[49.938s][info ][safepoint    ] Entering safepoint region: Cleanup
[49.938s][info ][safepoint    ] Leaving safepoint region
[49.938s][info ][safepoint    ] Total time for which application threads were stopped: 0.0000976 seconds, Stopping threads took: 0.0000165 seconds
[50.938s][info ][safepoint    ] Application time: 1.0000836 seconds
[50.938s][info ][safepoint    ] Entering safepoint region: Cleanup
[50.939s][info ][safepoint    ] Leaving safepoint region
[50.939s][info ][safepoint    ] Total time for which application threads were stopped: 0.0001032 seconds, Stopping threads took: 0.0000340 seconds
[51.939s][info ][safepoint    ] Application time: 1.0000973 seconds
[51.939s][info ][safepoint    ] Entering safepoint region: Cleanup
[51.939s][info ][safepoint    ] Leaving safepoint region
[51.939s][info ][safepoint    ] Total time for which application threads were stopped: 0.0000958 seconds, Stopping threads took: 0.0000155 seconds
[52.381s][info ][safepoint    ] Application time: 0.4423140 seconds
[52.381s][info ][safepoint    ] Entering safepoint region: GenCollectForAllocation
[52.381s][info ][gc,start     ] GC(99) Pause Young (Allocation Failure)
[52.381s][info ][gc,task      ] GC(99) Using 4 workers of 4 for evacuation
[52.384s][debug][gc,ref       ] GC(99) Skipped phase1 of Reference Processing due to unavailable references
[52.384s][debug][gc,ref       ] GC(99) Skipped phase2 of Reference Processing due to unavailable references
[52.384s][debug][gc,ref       ] GC(99) Skipped phase3 of Reference Processing due to unavailable references
[52.384s][debug][gc,ref       ] GC(99) Skipped phase4 of Reference Processing due to unavailable references
[52.384s][debug][gc,age       ] GC(99) Desired survivor size 15400960 bytes, new threshold 6 (max threshold 6)
[52.384s][info ][gc,heap      ] GC(99) ParNew: 245760K->3490K(270976K)
[52.384s][info ][gc,heap      ] GC(99) CMS: 193784K->193784K(602112K)
[52.384s][info ][gc,metaspace ] GC(99) Metaspace: 53148K->53148K(1097728K)
[52.384s][info ][gc           ] GC(99) Pause Young (Allocation Failure) 429M->192M(852M) 2.841ms
[52.384s][info ][gc,cpu       ] GC(99) User=0.01s Sys=0.00s Real=0.00s
[52.384s][info ][safepoint    ] Leaving safepoint region
[52.384s][info ][safepoint    ] Total time for which application threads were stopped: 0.0030128 seconds, Stopping threads took: 0.0000158 seconds
[53.384s][info ][safepoint    ] Application time: 1.0000954 seconds
[53.384s][info ][safepoint    ] Entering safepoint region: Cleanup
[53.384s][info ][safepoint    ] Leaving safepoint region
[53.384s][info ][safepoint    ] Total time for which application threads were stopped: 0.0001380 seconds, Stopping threads took: 0.0000544 seconds
[54.385s][info ][safepoint    ] Application time: 1.0000941 seconds
[54.385s][info ][safepoint    ] Entering safepoint region: Cleanup
[54.385s][info ][safepoint    ] Leaving safepoint region
[54.385s][info ][safepoint    ] Total time for which application threads were stopped: 0.0001332 seconds, Stopping threads took: 0.0000411 seconds
[55.385s][info ][safepoint    ] Application time: 1.0001024 seconds
[55.385s][info ][safepoint    ] Entering safepoint region: Cleanup
[55.385s][info ][safepoint    ] Leaving safepoint region
[55.385s][info ][safepoint    ] Total time for which application threads were stopped: 0.0001240 seconds, Stopping threads took: 0.0000442 seconds
[55.783s][info ][safepoint    ] Application time: 0.3982258 seconds
[55.783s][info ][safepoint    ] Entering safepoint region: GenCollectForAllocation
[55.783s][info ][gc,start     ] GC(100) Pause Young (Allocation Failure)
[55.783s][info ][gc,task      ] GC(100) Using 4 workers of 4 for evacuation
[55.786s][debug][gc,ref       ] GC(100) Skipped phase1 of Reference Processing due to unavailable references
[55.786s][debug][gc,ref       ] GC(100) Skipped phase2 of Reference Processing due to unavailable references
[55.786s][debug][gc,ref       ] GC(100) Skipped phase3 of Reference Processing due to unavailable references
[55.786s][debug][gc,ref       ] GC(100) Skipped phase4 of Reference Processing due to unavailable references
[55.786s][debug][gc,age       ] GC(100) Desired survivor size 15400960 bytes, new threshold 6 (max threshold 6)
[55.786s][info ][gc,heap      ] GC(100) ParNew: 244386K->4424K(270976K)
[55.786s][info ][gc,heap      ] GC(100) CMS: 193784K->193784K(602112K)
[55.786s][info ][gc,metaspace ] GC(100) Metaspace: 53170K->53170K(1097728K)
[55.786s][info ][gc           ] GC(100) Pause Young (Allocation Failure) 427M->193M(852M) 2.958ms
[55.786s][info ][gc,cpu       ] GC(100) User=0.02s Sys=0.00s Real=0.00s
[55.786s][info ][safepoint    ] Leaving safepoint region
[55.786s][info ][safepoint    ] Total time for which application threads were stopped: 0.0031444 seconds, Stopping threads took: 0.0000295 seconds
[56.786s][info ][safepoint    ] Application time: 1.0000940 seconds
[56.787s][info ][safepoint    ] Entering safepoint region: Cleanup
[56.787s][info ][safepoint    ] Leaving safepoint region
[56.787s][info ][safepoint    ] Total time for which application threads were stopped: 0.0000831 seconds, Stopping threads took: 0.0000150 seconds
[57.149s][info ][safepoint    ] Application time: 0.3626095 seconds
[57.149s][info ][safepoint    ] Entering safepoint region: ICBufferFull
[57.149s][info ][safepoint    ] Leaving safepoint region
[57.149s][info ][safepoint    ] Total time for which application threads were stopped: 0.0002243 seconds, Stopping threads took: 0.0000162 seconds
[58.150s][info ][safepoint    ] Application time: 1.0000593 seconds
[58.150s][info ][safepoint    ] Entering safepoint region: Cleanup
[58.150s][info ][safepoint    ] Leaving safepoint region
[58.150s][info ][safepoint    ] Total time for which application threads were stopped: 0.0001938 seconds, Stopping threads took: 0.0000304 seconds
[59.150s][info ][safepoint    ] Application time: 1.0001026 seconds
[59.150s][info ][safepoint    ] Entering safepoint region: Cleanup
[59.150s][info ][safepoint    ] Leaving safepoint region
[59.150s][info ][safepoint    ] Total time for which application threads were stopped: 0.0001082 seconds, Stopping threads took: 0.0000213 seconds
[59.185s][info ][safepoint    ] Application time: 0.0349994 seconds
[59.185s][info ][safepoint    ] Entering safepoint region: GenCollectForAllocation
[59.185s][info ][gc,start     ] GC(101) Pause Young (Allocation Failure)
[59.185s][info ][gc,task      ] GC(101) Using 4 workers of 4 for evacuation
[59.189s][debug][gc,ref       ] GC(101) Skipped phase1 of Reference Processing due to unavailable references
[59.189s][debug][gc,ref       ] GC(101) Skipped phase2 of Reference Processing due to unavailable references
[59.189s][debug][gc,ref       ] GC(101) Skipped phase3 of Reference Processing due to unavailable references
[59.189s][debug][gc,ref       ] GC(101) Skipped phase4 of Reference Processing due to unavailable references
[59.189s][debug][gc,age       ] GC(101) Desired survivor size 15400960 bytes, new threshold 6 (max threshold 6)
[59.189s][info ][gc,heap      ] GC(101) ParNew: 245320K->2639K(270976K)
[59.189s][info ][gc,heap      ] GC(101) CMS: 193784K->196509K(602112K)
[59.189s][info ][gc,metaspace ] GC(101) Metaspace: 53172K->53172K(1097728K)
[59.189s][info ][gc           ] GC(101) Pause Young (Allocation Failure) 428M->194M(852M) 4.241ms
[59.189s][info ][gc,cpu       ] GC(101) User=0.02s Sys=0.00s Real=0.00s
[59.189s][info ][safepoint    ] Leaving safepoint region
[59.189s][info ][safepoint    ] Total time for which application threads were stopped: 0.0043814 seconds, Stopping threads took: 0.0000157 seconds
[60.190s][info ][safepoint    ] Application time: 1.0001002 seconds
[60.190s][info ][safepoint    ] Entering safepoint region: Cleanup
[60.190s][info ][safepoint    ] Leaving safepoint region
[60.190s][info ][safepoint    ] Total time for which application threads were stopped: 0.0000708 seconds, Stopping threads took: 0.0000160 seconds
[61.190s][info ][safepoint    ] Application time: 1.0000807 seconds
[61.190s][info ][safepoint    ] Entering safepoint region: Cleanup
[61.190s][info ][safepoint    ] Leaving safepoint region
[61.190s][info ][safepoint    ] Total time for which application threads were stopped: 0.0000936 seconds, Stopping threads took: 0.0000222 seconds
[62.190s][info ][safepoint    ] Application time: 1.0000622 seconds
[62.190s][info ][safepoint    ] Entering safepoint region: Cleanup
[62.190s][info ][safepoint    ] Leaving safepoint region
[62.190s][info ][safepoint    ] Total time for which application threads were stopped: 0.0001069 seconds, Stopping threads took: 0.0000285 seconds
[62.633s][info ][safepoint    ] Application time: 0.4432602 seconds
[62.633s][info ][safepoint    ] Entering safepoint region: GenCollectForAllocation
[62.634s][info ][gc,start     ] GC(102) Pause Young (Allocation Failure)
[62.634s][info ][gc,task      ] GC(102) Using 4 workers of 4 for evacuation
[62.635s][debug][gc,ref       ] GC(102) Skipped phase1 of Reference Processing due to unavailable references
[62.635s][debug][gc,ref       ] GC(102) Skipped phase2 of Reference Processing due to unavailable references
[62.635s][debug][gc,ref       ] GC(102) Skipped phase3 of Reference Processing due to unavailable references
[62.635s][debug][gc,ref       ] GC(102) Skipped phase4 of Reference Processing due to unavailable references
[62.635s][debug][gc,age       ] GC(102) Desired survivor size 15400960 bytes, new threshold 6 (max threshold 6)
[62.635s][info ][gc,heap      ] GC(102) ParNew: 243535K->669K(270976K)
[62.635s][info ][gc,heap      ] GC(102) CMS: 196509K->196514K(602112K)
[62.635s][info ][gc,metaspace ] GC(102) Metaspace: 53218K->53218K(1097728K)
[62.635s][info ][gc           ] GC(102) Pause Young (Allocation Failure) 429M->192M(852M) 1.831ms
[62.635s][info ][gc,cpu       ] GC(102) User=0.00s Sys=0.00s Real=0.00s
[62.635s][info ][safepoint    ] Leaving safepoint region
[62.635s][info ][safepoint    ] Total time for which application threads were stopped: 0.0019925 seconds, Stopping threads took: 0.0000154 seconds
[63.635s][info ][safepoint    ] Application time: 1.0001079 seconds
[63.636s][info ][safepoint    ] Entering safepoint region: Cleanup
[63.636s][info ][safepoint    ] Leaving safepoint region
[63.636s][info ][safepoint    ] Total time for which application threads were stopped: 0.0002594 seconds, Stopping threads took: 0.0001799 seconds
[64.636s][info ][safepoint    ] Application time: 1.0000858 seconds
[64.636s][info ][safepoint    ] Entering safepoint region: Cleanup
[64.636s][info ][safepoint    ] Leaving safepoint region
[64.636s][info ][safepoint    ] Total time for which application threads were stopped: 0.0001873 seconds, Stopping threads took: 0.0001264 seconds
[65.636s][info ][safepoint    ] Application time: 1.0000938 seconds
[65.636s][info ][safepoint    ] Entering safepoint region: Cleanup
[65.636s][info ][safepoint    ] Leaving safepoint region
[65.636s][info ][safepoint    ] Total time for which application threads were stopped: 0.0000732 seconds, Stopping threads took: 0.0000147 seconds
[66.081s][info ][safepoint    ] Application time: 0.4443885 seconds
[66.081s][info ][safepoint    ] Entering safepoint region: GenCollectForAllocation
[66.081s][info ][gc,start     ] GC(103) Pause Young (Allocation Failure)
[66.081s][info ][gc,task      ] GC(103) Using 4 workers of 4 for evacuation
[66.083s][debug][gc,ref       ] GC(103) Skipped phase1 of Reference Processing due to unavailable references
[66.083s][debug][gc,ref       ] GC(103) Skipped phase2 of Reference Processing due to unavailable references
[66.083s][debug][gc,ref       ] GC(103) Skipped phase3 of Reference Processing due to unavailable references
[66.083s][debug][gc,ref       ] GC(103) Skipped phase4 of Reference Processing due to unavailable references
[66.083s][debug][gc,age       ] GC(103) Desired survivor size 15400960 bytes, new threshold 6 (max threshold 6)
[66.083s][info ][gc,heap      ] GC(103) ParNew: 241565K->186K(270976K)
[66.083s][info ][gc,heap      ] GC(103) CMS: 196514K->196517K(602112K)
[66.083s][info ][gc,metaspace ] GC(103) Metaspace: 53230K->53230K(1097728K)
[66.083s][info ][gc           ] GC(103) Pause Young (Allocation Failure) 427M->192M(852M) 1.864ms
[66.083s][info ][gc,cpu       ] GC(103) User=0.01s Sys=0.00s Real=0.00s
[66.083s][info ][safepoint    ] Leaving safepoint region
[66.083s][info ][safepoint    ] Total time for which application threads were stopped: 0.0020206 seconds, Stopping threads took: 0.0000175 seconds
[67.083s][info ][safepoint    ] Application time: 1.0000896 seconds
[67.083s][info ][safepoint    ] Entering safepoint region: Cleanup
[67.083s][info ][safepoint    ] Leaving safepoint region
[67.083s][info ][safepoint    ] Total time for which application threads were stopped: 0.0001435 seconds, Stopping threads took: 0.0000391 seconds
[68.083s][info ][safepoint    ] Application time: 1.0000915 seconds
[68.083s][info ][safepoint    ] Entering safepoint region: Cleanup
[68.083s][info ][safepoint    ] Leaving safepoint region
[68.083s][info ][safepoint    ] Total time for which application threads were stopped: 0.0001108 seconds, Stopping threads took: 0.0000415 seconds
[69.083s][info ][safepoint    ] Application time: 1.0000946 seconds
[69.083s][info ][safepoint    ] Entering safepoint region: Cleanup
[69.084s][info ][safepoint    ] Leaving safepoint region
[69.084s][info ][safepoint    ] Total time for which application threads were stopped: 0.0001278 seconds, Stopping threads took: 0.0000500 seconds
[69.484s][info ][safepoint    ] Application time: 0.3999160 seconds
[69.484s][info ][safepoint    ] Entering safepoint region: GenCollectForAllocation
[69.484s][info ][gc,start     ] GC(104) Pause Young (Allocation Failure)
[69.484s][info ][gc,task      ] GC(104) Using 4 workers of 4 for evacuation
[69.485s][debug][gc,ref       ] GC(104) Skipped phase1 of Reference Processing due to unavailable references
[69.485s][debug][gc,ref       ] GC(104) Skipped phase2 of Reference Processing due to unavailable references
[69.485s][debug][gc,ref       ] GC(104) Skipped phase3 of Reference Processing due to unavailable references
[69.485s][debug][gc,ref       ] GC(104) Skipped phase4 of Reference Processing due to unavailable references
[69.486s][debug][gc,age       ] GC(104) Desired survivor size 15400960 bytes, new threshold 6 (max threshold 6)
[69.486s][info ][gc,heap      ] GC(104) ParNew: 241082K->128K(270976K)
[69.486s][info ][gc,heap      ] GC(104) CMS: 196517K->196530K(602112K)
[69.486s][info ][gc,metaspace ] GC(104) Metaspace: 53236K->53236K(1097728K)
[69.486s][info ][gc           ] GC(104) Pause Young (Allocation Failure) 427M->192M(852M) 1.872ms
[69.486s][info ][gc,cpu       ] GC(104) User=0.01s Sys=0.00s Real=0.00s
[69.486s][info ][safepoint    ] Leaving safepoint region
[69.486s][info ][safepoint    ] Total time for which application threads were stopped: 0.0020509 seconds, Stopping threads took: 0.0000162 seconds
[70.486s][info ][safepoint    ] Application time: 1.0001043 seconds
[70.486s][info ][safepoint    ] Entering safepoint region: Cleanup
[70.486s][info ][safepoint    ] Leaving safepoint region
[70.486s][info ][safepoint    ] Total time for which application threads were stopped: 0.0001188 seconds, Stopping threads took: 0.0000493 seconds
[71.486s][info ][safepoint    ] Application time: 1.0000897 seconds
[71.486s][info ][safepoint    ] Entering safepoint region: Cleanup
[71.486s][info ][safepoint    ] Leaving safepoint region
[71.486s][info ][safepoint    ] Total time for which application threads were stopped: 0.0000904 seconds, Stopping threads took: 0.0000155 seconds
[72.486s][info ][safepoint    ] Application time: 1.0000927 seconds
[72.486s][info ][safepoint    ] Entering safepoint region: Cleanup
[72.486s][info ][safepoint    ] Leaving safepoint region
[72.486s][info ][safepoint    ] Total time for which application threads were stopped: 0.0000851 seconds, Stopping threads took: 0.0000169 seconds
[72.753s][info ][safepoint    ] Application time: 0.2665243 seconds
[72.753s][info ][safepoint    ] Entering safepoint region: Deoptimize
[72.755s][info ][safepoint    ] Leaving safepoint region
[72.755s][info ][safepoint    ] Total time for which application threads were stopped: 0.0020782 seconds, Stopping threads took: 0.0000214 seconds
[72.788s][info ][safepoint    ] Application time: 0.0327038 seconds
[72.788s][info ][safepoint    ] Entering safepoint region: GenCollectForAllocation
[72.788s][info ][gc,start     ] GC(105) Pause Young (Allocation Failure)
[72.788s][info ][gc,task      ] GC(105) Using 4 workers of 4 for evacuation
[72.790s][debug][gc,ref       ] GC(105) Skipped phase1 of Reference Processing due to unavailable references
[72.790s][debug][gc,ref       ] GC(105) Skipped phase3 of Reference Processing due to unavailable references
[72.790s][debug][gc,age       ] GC(105) Desired survivor size 15400960 bytes, new threshold 6 (max threshold 6)
[72.790s][info ][gc,heap      ] GC(105) ParNew: 241024K->232K(270976K)
[72.790s][info ][gc,heap      ] GC(105) CMS: 196530K->196534K(602112K)
[72.790s][info ][gc,metaspace ] GC(105) Metaspace: 53397K->53397K(1097728K)
[72.790s][info ][gc           ] GC(105) Pause Young (Allocation Failure) 427M->192M(852M) 1.990ms
[72.790s][info ][gc,cpu       ] GC(105) User=0.01s Sys=0.00s Real=0.00s
[72.790s][info ][safepoint    ] Leaving safepoint region
[72.790s][info ][safepoint    ] Total time for which application threads were stopped: 0.0021636 seconds, Stopping threads took: 0.0000353 seconds
[73.790s][info ][safepoint    ] Application time: 1.0000947 seconds
[73.790s][info ][safepoint    ] Entering safepoint region: Cleanup
[73.790s][info ][safepoint    ] Leaving safepoint region
[73.790s][info ][safepoint    ] Total time for which application threads were stopped: 0.0001318 seconds, Stopping threads took: 0.0000161 seconds
[74.790s][info ][safepoint    ] Application time: 1.0000593 seconds
[74.790s][info ][safepoint    ] Entering safepoint region: Cleanup
[74.790s][info ][safepoint    ] Leaving safepoint region
[74.790s][info ][safepoint    ] Total time for which application threads were stopped: 0.0000843 seconds, Stopping threads took: 0.0000163 seconds
[75.533s][info ][safepoint    ] Application time: 0.7425410 seconds
[75.533s][info ][safepoint    ] Entering safepoint region: GenCollectForAllocation
[75.533s][info ][gc,start     ] GC(106) Pause Young (Allocation Failure)
[75.533s][info ][gc,task      ] GC(106) Using 4 workers of 4 for evacuation
[75.536s][debug][gc,ref       ] GC(106) Skipped phase1 of Reference Processing due to unavailable references
[75.536s][debug][gc,ref       ] GC(106) Skipped phase3 of Reference Processing due to unavailable references
[75.536s][debug][gc,age       ] GC(106) Desired survivor size 15400960 bytes, new threshold 6 (max threshold 6)
[75.536s][info ][gc,heap      ] GC(106) ParNew: 241128K->334K(270976K)
[75.536s][info ][gc,heap      ] GC(106) CMS: 196534K->196536K(602112K)
[75.536s][info ][gc,metaspace ] GC(106) Metaspace: 53569K->53569K(1097728K)
[75.536s][info ][gc           ] GC(106) Pause Young (Allocation Failure) 427M->192M(852M) 2.999ms
[75.536s][info ][gc,cpu       ] GC(106) User=0.02s Sys=0.00s Real=0.00s
[75.536s][info ][safepoint    ] Leaving safepoint region
[75.536s][info ][safepoint    ] Total time for which application threads were stopped: 0.0031618 seconds, Stopping threads took: 0.0000165 seconds
[76.536s][info ][safepoint    ] Application time: 1.0001037 seconds
[76.536s][info ][safepoint    ] Entering safepoint region: Cleanup
[76.536s][info ][safepoint    ] Leaving safepoint region
[76.536s][info ][safepoint    ] Total time for which application threads were stopped: 0.0001257 seconds, Stopping threads took: 0.0000573 seconds
[77.537s][info ][safepoint    ] Application time: 1.0000851 seconds
[77.537s][info ][safepoint    ] Entering safepoint region: Cleanup
[77.537s][info ][safepoint    ] Leaving safepoint region
[77.537s][info ][safepoint    ] Total time for which application threads were stopped: 0.0000826 seconds, Stopping threads took: 0.0000157 seconds
[78.537s][info ][safepoint    ] Application time: 1.0004517 seconds
[78.537s][info ][safepoint    ] Entering safepoint region: Cleanup
[78.537s][info ][safepoint    ] Leaving safepoint region
[78.537s][info ][safepoint    ] Total time for which application threads were stopped: 0.0000735 seconds, Stopping threads took: 0.0000150 seconds
[78.980s][info ][safepoint    ] Application time: 0.4430813 seconds
[78.980s][info ][safepoint    ] Entering safepoint region: GenCollectForAllocation
[78.981s][info ][gc,start     ] GC(107) Pause Young (Allocation Failure)
[78.981s][info ][gc,task      ] GC(107) Using 4 workers of 4 for evacuation
[78.983s][debug][gc,ref       ] GC(107) Skipped phase1 of Reference Processing due to unavailable references
[78.983s][debug][gc,ref       ] GC(107) Skipped phase3 of Reference Processing due to unavailable references
[78.983s][debug][gc,ref       ] GC(107) Skipped phase4 of Reference Processing due to unavailable references
[78.983s][debug][gc,age       ] GC(107) Desired survivor size 15400960 bytes, new threshold 6 (max threshold 6)
[78.983s][info ][gc,heap      ] GC(107) ParNew: 241230K->202K(270976K)
[78.983s][info ][gc,heap      ] GC(107) CMS: 196536K->196540K(602112K)
[78.983s][info ][gc,metaspace ] GC(107) Metaspace: 53570K->53570K(1097728K)
[78.983s][info ][gc           ] GC(107) Pause Young (Allocation Failure) 427M->192M(852M) 2.250ms
[78.983s][info ][gc,cpu       ] GC(107) User=0.01s Sys=0.00s Real=0.00s
[78.983s][info ][safepoint    ] Leaving safepoint region
[78.983s][info ][safepoint    ] Total time for which application threads were stopped: 0.0023887 seconds, Stopping threads took: 0.0000160 seconds
[79.983s][info ][safepoint    ] Application time: 1.0000966 seconds
[79.983s][info ][safepoint    ] Entering safepoint region: Cleanup
[79.983s][info ][safepoint    ] Leaving safepoint region
[79.983s][info ][safepoint    ] Total time for which application threads were stopped: 0.0001662 seconds, Stopping threads took: 0.0000856 seconds
[80.983s][info ][safepoint    ] Application time: 1.0001062 seconds
[80.983s][info ][safepoint    ] Entering safepoint region: Cleanup
[80.983s][info ][safepoint    ] Leaving safepoint region
[80.983s][info ][safepoint    ] Total time for which application threads were stopped: 0.0001110 seconds, Stopping threads took: 0.0000381 seconds
[81.983s][info ][safepoint    ] Application time: 1.0000870 seconds
[81.984s][info ][safepoint    ] Entering safepoint region: Cleanup
[81.984s][info ][safepoint    ] Leaving safepoint region
[81.984s][info ][safepoint    ] Total time for which application threads were stopped: 0.0001101 seconds, Stopping threads took: 0.0000392 seconds
[82.383s][info ][safepoint    ] Application time: 0.3996317 seconds
[82.383s][info ][safepoint    ] Entering safepoint region: GenCollectForAllocation
[82.383s][info ][gc,start     ] GC(108) Pause Young (Allocation Failure)
[82.383s][info ][gc,task      ] GC(108) Using 4 workers of 4 for evacuation
[82.385s][debug][gc,ref       ] GC(108) Skipped phase1 of Reference Processing due to unavailable references
[82.385s][debug][gc,ref       ] GC(108) Skipped phase3 of Reference Processing due to unavailable references
[82.386s][debug][gc,ref       ] GC(108) Skipped phase4 of Reference Processing due to unavailable references
[82.386s][debug][gc,age       ] GC(108) Desired survivor size 15400960 bytes, new threshold 6 (max threshold 6)
[82.386s][info ][gc,heap      ] GC(108) ParNew: 241098K->225K(270976K)
[82.386s][info ][gc,heap      ] GC(108) CMS: 196540K->196541K(602112K)
[82.386s][info ][gc,metaspace ] GC(108) Metaspace: 53570K->53570K(1097728K)
[82.386s][info ][gc           ] GC(108) Pause Young (Allocation Failure) 427M->192M(852M) 2.250ms
[82.386s][info ][gc,cpu       ] GC(108) User=0.01s Sys=0.00s Real=0.00s
[82.386s][info ][safepoint    ] Leaving safepoint region
[82.386s][info ][safepoint    ] Total time for which application threads were stopped: 0.0024041 seconds, Stopping threads took: 0.0000151 seconds
[83.386s][info ][safepoint    ] Application time: 1.0000905 seconds
[83.386s][info ][safepoint    ] Entering safepoint region: Cleanup
[83.386s][info ][safepoint    ] Leaving safepoint region
[83.386s][info ][safepoint    ] Total time for which application threads were stopped: 0.0001193 seconds, Stopping threads took: 0.0000509 seconds
[84.386s][info ][safepoint    ] Application time: 1.0000848 seconds
[84.386s][info ][safepoint    ] Entering safepoint region: Cleanup
[84.386s][info ][safepoint    ] Leaving safepoint region
[84.386s][info ][safepoint    ] Total time for which application threads were stopped: 0.0000812 seconds, Stopping threads took: 0.0000153 seconds
[85.386s][info ][safepoint    ] Application time: 1.0000905 seconds
[85.386s][info ][safepoint    ] Entering safepoint region: Cleanup
[85.386s][info ][safepoint    ] Leaving safepoint region
[85.386s][info ][safepoint    ] Total time for which application threads were stopped: 0.0000928 seconds, Stopping threads took: 0.0000160 seconds
[85.784s][info ][safepoint    ] Application time: 0.3977182 seconds
[85.784s][info ][safepoint    ] Entering safepoint region: GenCollectForAllocation
[85.784s][info ][gc,start     ] GC(109) Pause Young (Allocation Failure)
[85.784s][info ][gc,task      ] GC(109) Using 4 workers of 4 for evacuation
[85.787s][debug][gc,ref       ] GC(109) Skipped phase1 of Reference Processing due to unavailable references
[85.787s][debug][gc,ref       ] GC(109) Skipped phase3 of Reference Processing due to unavailable references
[85.787s][debug][gc,ref       ] GC(109) Skipped phase4 of Reference Processing due to unavailable references
[85.787s][debug][gc,age       ] GC(109) Desired survivor size 15400960 bytes, new threshold 6 (max threshold 6)
[85.787s][info ][gc,heap      ] GC(109) ParNew: 241121K->202K(270976K)
[85.787s][info ][gc,heap      ] GC(109) CMS: 196541K->196542K(602112K)
[85.787s][info ][gc,metaspace ] GC(109) Metaspace: 53571K->53571K(1097728K)
[85.787s][info ][gc           ] GC(109) Pause Young (Allocation Failure) 427M->192M(852M) 2.569ms
[85.787s][info ][gc,cpu       ] GC(109) User=0.01s Sys=0.00s Real=0.00s
[85.787s][info ][safepoint    ] Leaving safepoint region
[85.787s][info ][safepoint    ] Total time for which application threads were stopped: 0.0027819 seconds, Stopping threads took: 0.0000399 seconds
[86.787s][info ][safepoint    ] Application time: 1.0001096 seconds
[86.787s][info ][safepoint    ] Entering safepoint region: Cleanup
[86.787s][info ][safepoint    ] Leaving safepoint region
[86.787s][info ][safepoint    ] Total time for which application threads were stopped: 0.0000766 seconds, Stopping threads took: 0.0000162 seconds
[87.787s][info ][safepoint    ] Application time: 1.0000871 seconds
[87.787s][info ][safepoint    ] Entering safepoint region: Cleanup
[87.787s][info ][safepoint    ] Leaving safepoint region
[87.787s][info ][safepoint    ] Total time for which application threads were stopped: 0.0000781 seconds, Stopping threads took: 0.0000159 seconds
[88.788s][info ][safepoint    ] Application time: 1.0000899 seconds
[88.788s][info ][safepoint    ] Entering safepoint region: Cleanup
[88.788s][info ][safepoint    ] Leaving safepoint region
[88.788s][info ][safepoint    ] Total time for which application threads were stopped: 0.0000725 seconds, Stopping threads took: 0.0000185 seconds
[89.233s][info ][safepoint    ] Application time: 0.4453866 seconds
[89.233s][info ][safepoint    ] Entering safepoint region: GenCollectForAllocation
[89.233s][info ][gc,start     ] GC(110) Pause Young (Allocation Failure)
[89.233s][info ][gc,task      ] GC(110) Using 4 workers of 4 for evacuation
[89.236s][debug][gc,ref       ] GC(110) Skipped phase1 of Reference Processing due to unavailable references
[89.236s][debug][gc,ref       ] GC(110) Skipped phase3 of Reference Processing due to unavailable references
[89.236s][debug][gc,ref       ] GC(110) Skipped phase4 of Reference Processing due to unavailable references
[89.236s][debug][gc,age       ] GC(110) Desired survivor size 15400960 bytes, new threshold 6 (max threshold 6)
[89.236s][info ][gc,heap      ] GC(110) ParNew: 241098K->324K(270976K)
[89.236s][info ][gc,heap      ] GC(110) CMS: 196542K->196550K(602112K)
[89.236s][info ][gc,metaspace ] GC(110) Metaspace: 53571K->53571K(1097728K)
[89.236s][info ][gc           ] GC(110) Pause Young (Allocation Failure) 427M->192M(852M) 2.591ms
[89.236s][info ][gc,cpu       ] GC(110) User=0.01s Sys=0.00s Real=0.00s
[89.236s][info ][safepoint    ] Leaving safepoint region
[89.236s][info ][safepoint    ] Total time for which application threads were stopped: 0.0027603 seconds, Stopping threads took: 0.0000306 seconds
[90.236s][info ][safepoint    ] Application time: 1.0000885 seconds
[90.236s][info ][safepoint    ] Entering safepoint region: Cleanup
[90.236s][info ][safepoint    ] Leaving safepoint region
[90.236s][info ][safepoint    ] Total time for which application threads were stopped: 0.0000753 seconds, Stopping threads took: 0.0000168 seconds
[91.236s][info ][safepoint    ] Application time: 1.0001676 seconds
[91.236s][info ][safepoint    ] Entering safepoint region: Cleanup
[91.236s][info ][safepoint    ] Leaving safepoint region
[91.236s][info ][safepoint    ] Total time for which application threads were stopped: 0.0000897 seconds, Stopping threads took: 0.0000331 seconds
[92.236s][info ][safepoint    ] Application time: 1.0000833 seconds
[92.237s][info ][safepoint    ] Entering safepoint region: Cleanup
[92.237s][info ][safepoint    ] Leaving safepoint region
[92.237s][info ][safepoint    ] Total time for which application threads were stopped: 0.0001122 seconds, Stopping threads took: 0.0000496 seconds
[92.682s][info ][safepoint    ] Application time: 0.4451935 seconds
[92.682s][info ][safepoint    ] Entering safepoint region: GenCollectForAllocation
[92.682s][info ][gc,start     ] GC(111) Pause Young (Allocation Failure)
[92.682s][info ][gc,task      ] GC(111) Using 4 workers of 4 for evacuation
[92.684s][debug][gc,ref       ] GC(111) Skipped phase1 of Reference Processing due to unavailable references
[92.684s][debug][gc,ref       ] GC(111) Skipped phase3 of Reference Processing due to unavailable references
[92.684s][debug][gc,ref       ] GC(111) Skipped phase4 of Reference Processing due to unavailable references
[92.684s][debug][gc,age       ] GC(111) Desired survivor size 15400960 bytes, new threshold 6 (max threshold 6)
[92.684s][info ][gc,heap      ] GC(111) ParNew: 241220K->218K(270976K)
[92.684s][info ][gc,heap      ] GC(111) CMS: 196550K->196590K(602112K)
[92.684s][info ][gc,metaspace ] GC(111) Metaspace: 53576K->53576K(1097728K)
[92.684s][info ][gc           ] GC(111) Pause Young (Allocation Failure) 427M->192M(852M) 2.433ms
[92.684s][info ][gc,cpu       ] GC(111) User=0.01s Sys=0.01s Real=0.00s
[92.684s][info ][safepoint    ] Leaving safepoint region
[92.684s][info ][safepoint    ] Total time for which application threads were stopped: 0.0025945 seconds, Stopping threads took: 0.0000160 seconds
[93.685s][info ][safepoint    ] Application time: 1.0001095 seconds
[93.687s][info ][safepoint    ] Entering safepoint region: Cleanup
[93.687s][info ][safepoint    ] Leaving safepoint region
[93.687s][info ][safepoint    ] Total time for which application threads were stopped: 0.0024900 seconds, Stopping threads took: 0.0023789 seconds
[94.687s][info ][safepoint    ] Application time: 1.0000868 seconds
[94.687s][info ][safepoint    ] Entering safepoint region: Cleanup
[94.687s][info ][safepoint    ] Leaving safepoint region
[94.687s][info ][safepoint    ] Total time for which application threads were stopped: 0.0000702 seconds, Stopping threads took: 0.0000168 seconds
[95.687s][info ][safepoint    ] Application time: 1.0000806 seconds
[95.687s][info ][safepoint    ] Entering safepoint region: Cleanup
[95.687s][info ][safepoint    ] Leaving safepoint region
[95.687s][info ][safepoint    ] Total time for which application threads were stopped: 0.0000895 seconds, Stopping threads took: 0.0000162 seconds
[96.084s][info ][safepoint    ] Application time: 0.3968341 seconds
[96.084s][info ][safepoint    ] Entering safepoint region: GenCollectForAllocation
[96.085s][info ][gc,start     ] GC(112) Pause Young (Allocation Failure)
[96.085s][info ][gc,task      ] GC(112) Using 4 workers of 4 for evacuation
[96.086s][debug][gc,ref       ] GC(112) Skipped phase1 of Reference Processing due to unavailable references
[96.086s][debug][gc,ref       ] GC(112) Skipped phase2 of Reference Processing due to unavailable references
[96.086s][debug][gc,ref       ] GC(112) Skipped phase3 of Reference Processing due to unavailable references
[96.086s][debug][gc,ref       ] GC(112) Skipped phase4 of Reference Processing due to unavailable references
[96.087s][debug][gc,age       ] GC(112) Desired survivor size 15400960 bytes, new threshold 6 (max threshold 6)
[96.087s][info ][gc,heap      ] GC(112) ParNew: 241114K->89K(270976K)
[96.087s][info ][gc,heap      ] GC(112) CMS: 196590K->196687K(602112K)
[96.087s][info ][gc,metaspace ] GC(112) Metaspace: 53576K->53576K(1097728K)
[96.087s][info ][gc           ] GC(112) Pause Young (Allocation Failure) 427M->192M(852M) 2.092ms
[96.087s][info ][gc,cpu       ] GC(112) User=0.00s Sys=0.00s Real=0.00s
[96.087s][info ][safepoint    ] Leaving safepoint region
[96.087s][info ][safepoint    ] Total time for which application threads were stopped: 0.0022762 seconds, Stopping threads took: 0.0000389 seconds
[97.087s][info ][safepoint    ] Application time: 1.0001070 seconds
[97.087s][info ][safepoint    ] Entering safepoint region: Cleanup
[97.087s][info ][safepoint    ] Leaving safepoint region
[97.087s][info ][safepoint    ] Total time for which application threads were stopped: 0.0000907 seconds, Stopping threads took: 0.0000162 seconds
[97.906s][info ][safepoint    ] Application time: 0.8189486 seconds
[97.906s][info ][safepoint    ] Entering safepoint region: RevokeBias
[97.906s][info ][safepoint    ] Leaving safepoint region
[97.906s][info ][safepoint    ] Total time for which application threads were stopped: 0.0000747 seconds, Stopping threads took: 0.0000171 seconds
[98.906s][info ][safepoint    ] Application time: 1.0000976 seconds
[98.906s][info ][safepoint    ] Entering safepoint region: Cleanup
[98.906s][info ][safepoint    ] Leaving safepoint region
[98.906s][info ][safepoint    ] Total time for which application threads were stopped: 0.0000787 seconds, Stopping threads took: 0.0000172 seconds
[99.533s][info ][safepoint    ] Application time: 0.6269599 seconds
[99.533s][info ][safepoint    ] Entering safepoint region: GenCollectForAllocation
[99.533s][info ][gc,start     ] GC(113) Pause Young (Allocation Failure)
[99.533s][info ][gc,task      ] GC(113) Using 4 workers of 4 for evacuation
[99.535s][debug][gc,ref       ] GC(113) Skipped phase1 of Reference Processing due to unavailable references
[99.535s][debug][gc,ref       ] GC(113) Skipped phase2 of Reference Processing due to unavailable references
[99.535s][debug][gc,ref       ] GC(113) Skipped phase3 of Reference Processing due to unavailable references
[99.535s][debug][gc,ref       ] GC(113) Skipped phase4 of Reference Processing due to unavailable references
[99.535s][debug][gc,age       ] GC(113) Desired survivor size 15400960 bytes, new threshold 6 (max threshold 6)
[99.535s][info ][gc,heap      ] GC(113) ParNew: 240985K->149K(270976K)
[99.535s][info ][gc,heap      ] GC(113) CMS: 196687K->196688K(602112K)
[99.535s][info ][gc,metaspace ] GC(113) Metaspace: 53576K->53576K(1097728K)
[99.535s][info ][gc           ] GC(113) Pause Young (Allocation Failure) 427M->192M(852M) 1.559ms
[99.535s][info ][gc,cpu       ] GC(113) User=0.01s Sys=0.00s Real=0.00s
[99.535s][info ][safepoint    ] Leaving safepoint region
[99.535s][info ][safepoint    ] Total time for which application threads were stopped: 0.0017109 seconds, Stopping threads took: 0.0000170 seconds
[100.535s][info ][safepoint    ] Application time: 1.0001207 seconds
[100.535s][info ][safepoint    ] Entering safepoint region: Cleanup
[100.535s][info ][safepoint    ] Leaving safepoint region
[100.535s][info ][safepoint    ] Total time for which application threads were stopped: 0.0001172 seconds, Stopping threads took: 0.0000435 seconds
[101.535s][info ][safepoint    ] Application time: 1.0000957 seconds
[101.535s][info ][safepoint    ] Entering safepoint region: Cleanup
[101.535s][info ][safepoint    ] Leaving safepoint region
[101.535s][info ][safepoint    ] Total time for which application threads were stopped: 0.0000740 seconds, Stopping threads took: 0.0000164 seconds
[102.535s][info ][safepoint    ] Application time: 1.0000754 seconds
[102.536s][info ][safepoint    ] Entering safepoint region: Cleanup
[102.536s][info ][safepoint    ] Leaving safepoint region
[102.536s][info ][safepoint    ] Total time for which application threads were stopped: 0.0000852 seconds, Stopping threads took: 0.0000206 seconds
[102.981s][info ][safepoint    ] Application time: 0.4458788 seconds
[102.982s][info ][safepoint    ] Entering safepoint region: GenCollectForAllocation
[102.982s][info ][gc,start     ] GC(114) Pause Young (Allocation Failure)
[102.982s][info ][gc,task      ] GC(114) Using 4 workers of 4 for evacuation
[102.983s][debug][gc,ref       ] GC(114) Skipped phase1 of Reference Processing due to unavailable references
[102.983s][debug][gc,ref       ] GC(114) Skipped phase2 of Reference Processing due to unavailable references
[102.983s][debug][gc,ref       ] GC(114) Skipped phase3 of Reference Processing due to unavailable references
[102.983s][debug][gc,ref       ] GC(114) Skipped phase4 of Reference Processing due to unavailable references
[102.983s][debug][gc,age       ] GC(114) Desired survivor size 15400960 bytes, new threshold 6 (max threshold 6)
[102.983s][info ][gc,heap      ] GC(114) ParNew: 241045K->106K(270976K)
[102.983s][info ][gc,heap      ] GC(114) CMS: 196688K->196688K(602112K)
[102.983s][info ][gc,metaspace ] GC(114) Metaspace: 53576K->53576K(1097728K)
[102.983s][info ][gc           ] GC(114) Pause Young (Allocation Failure) 427M->192M(852M) 1.611ms
[102.983s][info ][gc,cpu       ] GC(114) User=0.01s Sys=0.00s Real=0.00s
[102.983s][info ][safepoint    ] Leaving safepoint region
[102.983s][info ][safepoint    ] Total time for which application threads were stopped: 0.0017501 seconds, Stopping threads took: 0.0000156 seconds
[103.983s][info ][safepoint    ] Application time: 1.0000964 seconds
[103.983s][info ][safepoint    ] Entering safepoint region: Cleanup
[103.984s][info ][safepoint    ] Leaving safepoint region
[103.984s][info ][safepoint    ] Total time for which application threads were stopped: 0.0001165 seconds, Stopping threads took: 0.0000395 seconds
[104.984s][info ][safepoint    ] Application time: 1.0000919 seconds
[104.984s][info ][safepoint    ] Entering safepoint region: Cleanup
[104.984s][info ][safepoint    ] Leaving safepoint region
[104.984s][info ][safepoint    ] Total time for which application threads were stopped: 0.0001016 seconds, Stopping threads took: 0.0000164 seconds
[105.984s][info ][safepoint    ] Application time: 1.0000938 seconds
[105.984s][info ][safepoint    ] Entering safepoint region: Cleanup
[105.984s][info ][safepoint    ] Leaving safepoint region
[105.984s][info ][safepoint    ] Total time for which application threads were stopped: 0.0001246 seconds, Stopping threads took: 0.0000418 seconds
[106.386s][info ][safepoint    ] Application time: 0.4016443 seconds
[106.386s][info ][safepoint    ] Entering safepoint region: GenCollectForAllocation
[106.386s][info ][gc,start     ] GC(115) Pause Young (Allocation Failure)
[106.386s][info ][gc,task      ] GC(115) Using 4 workers of 4 for evacuation
[106.387s][debug][gc,ref       ] GC(115) Skipped phase1 of Reference Processing due to unavailable references
[106.387s][debug][gc,ref       ] GC(115) Skipped phase2 of Reference Processing due to unavailable references
[106.387s][debug][gc,ref       ] GC(115) Skipped phase3 of Reference Processing due to unavailable references
[106.387s][debug][gc,ref       ] GC(115) Skipped phase4 of Reference Processing due to unavailable references
[106.387s][debug][gc,age       ] GC(115) Desired survivor size 15400960 bytes, new threshold 6 (max threshold 6)
[106.387s][info ][gc,heap      ] GC(115) ParNew: 241002K->37K(270976K)
[106.387s][info ][gc,heap      ] GC(115) CMS: 196688K->196689K(602112K)
[106.387s][info ][gc,metaspace ] GC(115) Metaspace: 53580K->53580K(1097728K)
[106.388s][info ][gc           ] GC(115) Pause Young (Allocation Failure) 427M->192M(852M) 1.665ms
[106.388s][info ][gc,cpu       ] GC(115) User=0.01s Sys=0.00s Real=0.00s
[106.388s][info ][safepoint    ] Leaving safepoint region
[106.388s][info ][safepoint    ] Total time for which application threads were stopped: 0.0018071 seconds, Stopping threads took: 0.0000162 seconds
[107.388s][info ][safepoint    ] Application time: 1.0001266 seconds
[107.388s][info ][safepoint    ] Entering safepoint region: Cleanup
[107.388s][info ][safepoint    ] Leaving safepoint region
[107.388s][info ][safepoint    ] Total time for which application threads were stopped: 0.0000773 seconds, Stopping threads took: 0.0000166 seconds
[108.388s][info ][safepoint    ] Application time: 1.0000936 seconds
[108.388s][info ][safepoint    ] Entering safepoint region: Cleanup
[108.388s][info ][safepoint    ] Leaving safepoint region
[108.388s][info ][safepoint    ] Total time for which application threads were stopped: 0.0000786 seconds, Stopping threads took: 0.0000191 seconds
[109.388s][info ][safepoint    ] Application time: 1.0000997 seconds
[109.388s][info ][safepoint    ] Entering safepoint region: Cleanup
[109.388s][info ][safepoint    ] Leaving safepoint region
[109.388s][info ][safepoint    ] Total time for which application threads were stopped: 0.0000756 seconds, Stopping threads took: 0.0000152 seconds
[109.833s][info ][safepoint    ] Application time: 0.4447914 seconds
[109.833s][info ][safepoint    ] Entering safepoint region: GenCollectForAllocation
[109.833s][info ][gc,start     ] GC(116) Pause Young (Allocation Failure)
[109.833s][info ][gc,task      ] GC(116) Using 4 workers of 4 for evacuation
[109.835s][debug][gc,ref       ] GC(116) Skipped phase1 of Reference Processing due to unavailable references
[109.835s][debug][gc,ref       ] GC(116) Skipped phase2 of Reference Processing due to unavailable references
[109.835s][debug][gc,ref       ] GC(116) Skipped phase3 of Reference Processing due to unavailable references
[109.835s][debug][gc,ref       ] GC(116) Skipped phase4 of Reference Processing due to unavailable references
[109.835s][debug][gc,age       ] GC(116) Desired survivor size 15400960 bytes, new threshold 6 (max threshold 6)
[109.835s][info ][gc,heap      ] GC(116) ParNew: 240933K->96K(270976K)
[109.835s][info ][gc,heap      ] GC(116) CMS: 196689K->196689K(602112K)
[109.835s][info ][gc,metaspace ] GC(116) Metaspace: 53583K->53583K(1097728K)
[109.835s][info ][gc           ] GC(116) Pause Young (Allocation Failure) 427M->192M(852M) 1.707ms
[109.835s][info ][gc,cpu       ] GC(116) User=0.00s Sys=0.00s Real=0.00s
[109.835s][info ][safepoint    ] Leaving safepoint region
[109.835s][info ][safepoint    ] Total time for which application threads were stopped: 0.0018695 seconds, Stopping threads took: 0.0000157 seconds
[110.835s][info ][safepoint    ] Application time: 1.0000855 seconds
[110.835s][info ][safepoint    ] Entering safepoint region: Cleanup
[110.835s][info ][safepoint    ] Leaving safepoint region
[110.835s][info ][safepoint    ] Total time for which application threads were stopped: 0.0001022 seconds, Stopping threads took: 0.0000410 seconds
[111.835s][info ][safepoint    ] Application time: 1.0001191 seconds
[111.835s][info ][safepoint    ] Entering safepoint region: Cleanup
[111.835s][info ][safepoint    ] Leaving safepoint region
[111.835s][info ][safepoint    ] Total time for which application threads were stopped: 0.0001030 seconds, Stopping threads took: 0.0000327 seconds
[112.836s][info ][safepoint    ] Application time: 1.0000933 seconds
[112.836s][info ][safepoint    ] Entering safepoint region: Cleanup
[112.836s][info ][safepoint    ] Leaving safepoint region
[112.836s][info ][safepoint    ] Total time for which application threads were stopped: 0.0001820 seconds, Stopping threads took: 0.0000159 seconds
[113.836s][info ][safepoint    ] Application time: 1.0000935 seconds
[113.836s][info ][safepoint    ] Entering safepoint region: Cleanup
[113.836s][info ][safepoint    ] Leaving safepoint region
[113.836s][info ][safepoint    ] Total time for which application threads were stopped: 0.0000728 seconds, Stopping threads took: 0.0000168 seconds
[114.836s][info ][safepoint    ] Application time: 1.0000471 seconds
[114.836s][info ][safepoint    ] Entering safepoint region: Cleanup
[114.836s][info ][safepoint    ] Leaving safepoint region
[114.836s][info ][safepoint    ] Total time for which application threads were stopped: 0.0000716 seconds, Stopping threads took: 0.0000166 seconds
[115.180s][info ][safepoint    ] Application time: 0.3436972 seconds
[115.180s][info ][safepoint    ] Entering safepoint region: GenCollectForAllocation
[115.180s][info ][gc,start     ] GC(117) Pause Young (Allocation Failure)
[115.180s][info ][gc,task      ] GC(117) Using 4 workers of 4 for evacuation
[115.183s][debug][gc,ref       ] GC(117) Skipped phase1 of Reference Processing due to unavailable references
[115.183s][debug][gc,ref       ] GC(117) Skipped phase3 of Reference Processing due to unavailable references
[115.183s][debug][gc,age       ] GC(117) Desired survivor size 15400960 bytes, new threshold 6 (max threshold 6)
[115.183s][info ][gc,heap      ] GC(117) ParNew: 240992K->683K(270976K)
[115.183s][info ][gc,heap      ] GC(117) CMS: 196689K->196690K(602112K)
[115.183s][info ][gc,metaspace ] GC(117) Metaspace: 53693K->53693K(1097728K)
[115.183s][info ][gc           ] GC(117) Pause Young (Allocation Failure) 427M->192M(852M) 2.680ms
[115.183s][info ][gc,cpu       ] GC(117) User=0.00s Sys=0.00s Real=0.00s
[115.183s][info ][safepoint    ] Leaving safepoint region
[115.183s][info ][safepoint    ] Total time for which application threads were stopped: 0.0031117 seconds, Stopping threads took: 0.0000518 seconds
[116.183s][info ][safepoint    ] Application time: 1.0000960 seconds
[116.183s][info ][safepoint    ] Entering safepoint region: Cleanup
[116.183s][info ][safepoint    ] Leaving safepoint region
[116.183s][info ][safepoint    ] Total time for which application threads were stopped: 0.0000804 seconds, Stopping threads took: 0.0000163 seconds
[117.183s][info ][safepoint    ] Application time: 1.0000920 seconds
[117.183s][info ][safepoint    ] Entering safepoint region: Cleanup
[117.183s][info ][safepoint    ] Leaving safepoint region
[117.183s][info ][safepoint    ] Total time for which application threads were stopped: 0.0000761 seconds, Stopping threads took: 0.0000175 seconds
[118.184s][info ][safepoint    ] Application time: 1.0000844 seconds
[118.184s][info ][safepoint    ] Entering safepoint region: Cleanup
[118.184s][info ][safepoint    ] Leaving safepoint region
[118.184s][info ][safepoint    ] Total time for which application threads were stopped: 0.0000745 seconds, Stopping threads took: 0.0000178 seconds
[119.184s][info ][safepoint    ] Application time: 1.0000812 seconds
[119.184s][info ][safepoint    ] Entering safepoint region: Cleanup
[119.184s][info ][safepoint    ] Leaving safepoint region
[119.184s][info ][safepoint    ] Total time for which application threads were stopped: 0.0001754 seconds, Stopping threads took: 0.0001096 seconds
[120.184s][info ][safepoint    ] Application time: 1.0000835 seconds
[120.184s][info ][safepoint    ] Entering safepoint region: Cleanup
[120.184s][info ][safepoint    ] Leaving safepoint region
[120.184s][info ][safepoint    ] Total time for which application threads were stopped: 0.0000766 seconds, Stopping threads took: 0.0000168 seconds
[121.184s][info ][safepoint    ] Application time: 1.0001167 seconds
[121.184s][info ][safepoint    ] Entering safepoint region: Cleanup
[121.184s][info ][safepoint    ] Leaving safepoint region
[121.184s][info ][safepoint    ] Total time for which application threads were stopped: 0.0000719 seconds, Stopping threads took: 0.0000171 seconds
[122.184s][info ][safepoint    ] Application time: 1.0000981 seconds
[122.185s][info ][safepoint    ] Entering safepoint region: Cleanup
[122.185s][info ][safepoint    ] Leaving safepoint region
[122.185s][info ][safepoint    ] Total time for which application threads were stopped: 0.0000710 seconds, Stopping threads took: 0.0000177 seconds
[123.185s][info ][safepoint    ] Application time: 1.0000903 seconds
[123.185s][info ][safepoint    ] Entering safepoint region: Cleanup
[123.185s][info ][safepoint    ] Leaving safepoint region
[123.185s][info ][safepoint    ] Total time for which application threads were stopped: 0.0001028 seconds, Stopping threads took: 0.0000334 seconds
[124.185s][info ][safepoint    ] Application time: 1.0000996 seconds
[124.185s][info ][safepoint    ] Entering safepoint region: Cleanup
[124.185s][info ][safepoint    ] Leaving safepoint region
[124.185s][info ][safepoint    ] Total time for which application threads were stopped: 0.0000856 seconds, Stopping threads took: 0.0000211 seconds
[125.185s][info ][safepoint    ] Application time: 1.0001011 seconds
[125.185s][info ][safepoint    ] Entering safepoint region: Cleanup
[125.185s][info ][safepoint    ] Leaving safepoint region
[125.185s][info ][safepoint    ] Total time for which application threads were stopped: 0.0000716 seconds, Stopping threads took: 0.0000168 seconds
[126.185s][info ][safepoint    ] Application time: 1.0000813 seconds
[126.185s][info ][safepoint    ] Entering safepoint region: Cleanup
[126.186s][info ][safepoint    ] Leaving safepoint region
[126.186s][info ][safepoint    ] Total time for which application threads were stopped: 0.0000779 seconds, Stopping threads took: 0.0000177 seconds
[127.186s][info ][safepoint    ] Application time: 1.0000952 seconds
[127.186s][info ][safepoint    ] Entering safepoint region: Cleanup
[127.186s][info ][safepoint    ] Leaving safepoint region
[127.186s][info ][safepoint    ] Total time for which application threads were stopped: 0.0000747 seconds, Stopping threads took: 0.0000181 seconds
[127.931s][info ][safepoint    ] Application time: 0.7448338 seconds
[127.931s][info ][safepoint    ] Entering safepoint region: GenCollectForAllocation
[127.931s][info ][gc,start     ] GC(118) Pause Young (Allocation Failure)
[127.931s][info ][gc,task      ] GC(118) Using 4 workers of 4 for evacuation
[127.933s][debug][gc,ref       ] GC(118) Skipped phase1 of Reference Processing due to unavailable references
[127.933s][debug][gc,ref       ] GC(118) Skipped phase3 of Reference Processing due to unavailable references
[127.933s][debug][gc,ref       ] GC(118) Skipped phase4 of Reference Processing due to unavailable references
[127.933s][debug][gc,age       ] GC(118) Desired survivor size 15400960 bytes, new threshold 6 (max threshold 6)
[127.933s][info ][gc,heap      ] GC(118) ParNew: 241579K->728K(270976K)
[127.933s][info ][gc,heap      ] GC(118) CMS: 196690K->196690K(602112K)
[127.933s][info ][gc,metaspace ] GC(118) Metaspace: 53700K->53700K(1097728K)
[127.933s][info ][gc           ] GC(118) Pause Young (Allocation Failure) 427M->192M(852M) 1.963ms
[127.933s][info ][gc,cpu       ] GC(118) User=0.01s Sys=0.00s Real=0.01s
[127.933s][info ][safepoint    ] Leaving safepoint region
[127.933s][info ][safepoint    ] Total time for which application threads were stopped: 0.0021157 seconds, Stopping threads took: 0.0000185 seconds
[128.933s][info ][safepoint    ] Application time: 1.0001002 seconds
[128.933s][info ][safepoint    ] Entering safepoint region: Cleanup
[128.933s][info ][safepoint    ] Leaving safepoint region
[128.933s][info ][safepoint    ] Total time for which application threads were stopped: 0.0000822 seconds, Stopping threads took: 0.0000179 seconds
[129.933s][info ][safepoint    ] Application time: 1.0002585 seconds
[129.933s][info ][safepoint    ] Entering safepoint region: Cleanup
[129.933s][info ][safepoint    ] Leaving safepoint region
[129.933s][info ][safepoint    ] Total time for which application threads were stopped: 0.0000718 seconds, Stopping threads took: 0.0000167 seconds
[130.933s][info ][safepoint    ] Application time: 1.0000904 seconds
[130.933s][info ][safepoint    ] Entering safepoint region: Cleanup
[130.934s][info ][safepoint    ] Leaving safepoint region
[130.934s][info ][safepoint    ] Total time for which application threads were stopped: 0.0000860 seconds, Stopping threads took: 0.0000178 seconds
[131.934s][info ][safepoint    ] Application time: 1.0000641 seconds
[131.934s][info ][safepoint    ] Entering safepoint region: Cleanup
[131.934s][info ][safepoint    ] Leaving safepoint region
[131.934s][info ][safepoint    ] Total time for which application threads were stopped: 0.0000875 seconds, Stopping threads took: 0.0000175 seconds
[132.934s][info ][safepoint    ] Application time: 1.0000871 seconds
[132.934s][info ][safepoint    ] Entering safepoint region: Cleanup
[132.934s][info ][safepoint    ] Leaving safepoint region
[132.934s][info ][safepoint    ] Total time for which application threads were stopped: 0.0000713 seconds, Stopping threads took: 0.0000174 seconds
[133.934s][info ][safepoint    ] Application time: 1.0001108 seconds
[133.934s][info ][safepoint    ] Entering safepoint region: Cleanup
[133.934s][info ][safepoint    ] Leaving safepoint region
[133.934s][info ][safepoint    ] Total time for which application threads were stopped: 0.0000739 seconds, Stopping threads took: 0.0000172 seconds
[134.934s][info ][safepoint    ] Application time: 1.0001041 seconds
[134.934s][info ][safepoint    ] Entering safepoint region: Cleanup
[134.934s][info ][safepoint    ] Leaving safepoint region
[134.934s][info ][safepoint    ] Total time for which application threads were stopped: 0.0000905 seconds, Stopping threads took: 0.0000176 seconds
[135.935s][info ][safepoint    ] Application time: 1.0000835 seconds
[135.935s][info ][safepoint    ] Entering safepoint region: Cleanup
[135.935s][info ][safepoint    ] Leaving safepoint region
[135.935s][info ][safepoint    ] Total time for which application threads were stopped: 0.0000872 seconds, Stopping threads took: 0.0000173 seconds
[136.935s][info ][safepoint    ] Application time: 1.0000854 seconds
[136.935s][info ][safepoint    ] Entering safepoint region: Cleanup
[136.935s][info ][safepoint    ] Leaving safepoint region
[136.935s][info ][safepoint    ] Total time for which application threads were stopped: 0.0000751 seconds, Stopping threads took: 0.0000176 seconds
[137.935s][info ][safepoint    ] Application time: 1.0000841 seconds
[137.935s][info ][safepoint    ] Entering safepoint region: Cleanup
[137.935s][info ][safepoint    ] Leaving safepoint region
[137.935s][info ][safepoint    ] Total time for which application threads were stopped: 0.0000784 seconds, Stopping threads took: 0.0000201 seconds
[138.935s][info ][safepoint    ] Application time: 1.0000810 seconds
[138.935s][info ][safepoint    ] Entering safepoint region: Cleanup
[138.935s][info ][safepoint    ] Leaving safepoint region
[138.935s][info ][safepoint    ] Total time for which application threads were stopped: 0.0000767 seconds, Stopping threads took: 0.0000217 seconds
[139.935s][info ][safepoint    ] Application time: 1.0000881 seconds
[139.935s][info ][safepoint    ] Entering safepoint region: Cleanup
[139.936s][info ][safepoint    ] Leaving safepoint region
[139.936s][info ][safepoint    ] Total time for which application threads were stopped: 0.0000765 seconds, Stopping threads took: 0.0000185 seconds
[140.936s][info ][safepoint    ] Application time: 1.0000834 seconds
[140.936s][info ][safepoint    ] Entering safepoint region: Cleanup
[140.936s][info ][safepoint    ] Leaving safepoint region
[140.936s][info ][safepoint    ] Total time for which application threads were stopped: 0.0000780 seconds, Stopping threads took: 0.0000170 seconds
[141.131s][info ][safepoint    ] Application time: 0.1956040 seconds
[141.131s][info ][safepoint    ] Entering safepoint region: GenCollectForAllocation
[141.132s][info ][gc,start     ] GC(119) Pause Young (Allocation Failure)
[141.132s][info ][gc,task      ] GC(119) Using 4 workers of 4 for evacuation
[141.134s][debug][gc,ref       ] GC(119) Skipped phase1 of Reference Processing due to unavailable references
[141.134s][debug][gc,ref       ] GC(119) Skipped phase3 of Reference Processing due to unavailable references
[141.134s][debug][gc,ref       ] GC(119) Skipped phase4 of Reference Processing due to unavailable references
[141.134s][debug][gc,age       ] GC(119) Desired survivor size 15400960 bytes, new threshold 6 (max threshold 6)
[141.134s][info ][gc,heap      ] GC(119) ParNew: 241624K->863K(270976K)
[141.134s][info ][gc,heap      ] GC(119) CMS: 196690K->196690K(602112K)
[141.134s][info ][gc,metaspace ] GC(119) Metaspace: 53700K->53700K(1097728K)
[141.134s][info ][gc           ] GC(119) Pause Young (Allocation Failure) 428M->192M(852M) 2.323ms
[141.134s][info ][gc,cpu       ] GC(119) User=0.00s Sys=0.00s Real=0.00s
[141.134s][info ][safepoint    ] Leaving safepoint region
[141.134s][info ][safepoint    ] Total time for which application threads were stopped: 0.0025578 seconds, Stopping threads took: 0.0000169 seconds
[142.134s][info ][safepoint    ] Application time: 1.0001117 seconds
[142.134s][info ][safepoint    ] Entering safepoint region: Cleanup
[142.134s][info ][safepoint    ] Leaving safepoint region
[142.134s][info ][safepoint    ] Total time for which application threads were stopped: 0.0000717 seconds, Stopping threads took: 0.0000168 seconds
[143.134s][info ][safepoint    ] Application time: 1.0000955 seconds
[143.134s][info ][safepoint    ] Entering safepoint region: Cleanup
[143.134s][info ][safepoint    ] Leaving safepoint region
[143.134s][info ][safepoint    ] Total time for which application threads were stopped: 0.0000902 seconds, Stopping threads took: 0.0000180 seconds
[144.135s][info ][safepoint    ] Application time: 1.0000836 seconds
[144.135s][info ][safepoint    ] Entering safepoint region: Cleanup
[144.135s][info ][safepoint    ] Leaving safepoint region
[144.135s][info ][safepoint    ] Total time for which application threads were stopped: 0.0000867 seconds, Stopping threads took: 0.0000167 seconds
[145.135s][info ][safepoint    ] Application time: 1.0000699 seconds
[145.135s][info ][safepoint    ] Entering safepoint region: Cleanup
[145.135s][info ][safepoint    ] Leaving safepoint region
[145.135s][info ][safepoint    ] Total time for which application threads were stopped: 0.0000686 seconds, Stopping threads took: 0.0000156 seconds
[146.135s][info ][safepoint    ] Application time: 1.0000810 seconds
[146.135s][info ][safepoint    ] Entering safepoint region: Cleanup
[146.135s][info ][safepoint    ] Leaving safepoint region
[146.135s][info ][safepoint    ] Total time for which application threads were stopped: 0.0000929 seconds, Stopping threads took: 0.0000165 seconds
[147.135s][info ][safepoint    ] Application time: 1.0000978 seconds
[147.135s][info ][safepoint    ] Entering safepoint region: Cleanup
[147.135s][info ][safepoint    ] Leaving safepoint region
[147.135s][info ][safepoint    ] Total time for which application threads were stopped: 0.0000718 seconds, Stopping threads took: 0.0000164 seconds
[148.135s][info ][safepoint    ] Application time: 1.0001129 seconds
[148.135s][info ][safepoint    ] Entering safepoint region: Cleanup
[148.135s][info ][safepoint    ] Leaving safepoint region
[148.135s][info ][safepoint    ] Total time for which application threads were stopped: 0.0000739 seconds, Stopping threads took: 0.0000172 seconds
[149.136s][info ][safepoint    ] Application time: 1.0000531 seconds
[149.136s][info ][safepoint    ] Entering safepoint region: Cleanup
[149.136s][info ][safepoint    ] Leaving safepoint region
[149.136s][info ][safepoint    ] Total time for which application threads were stopped: 0.0000758 seconds, Stopping threads took: 0.0000165 seconds
[150.136s][info ][safepoint    ] Application time: 1.0001208 seconds
[150.136s][info ][safepoint    ] Entering safepoint region: Cleanup
[150.136s][info ][safepoint    ] Leaving safepoint region
[150.136s][info ][safepoint    ] Total time for which application threads were stopped: 0.0000713 seconds, Stopping threads took: 0.0000161 seconds
[151.136s][info ][safepoint    ] Application time: 1.0000964 seconds
[151.136s][info ][safepoint    ] Entering safepoint region: Cleanup
[151.136s][info ][safepoint    ] Leaving safepoint region
[151.136s][info ][safepoint    ] Total time for which application threads were stopped: 0.0000902 seconds, Stopping threads took: 0.0000323 seconds
[152.136s][info ][safepoint    ] Application time: 1.0000845 seconds
[152.136s][info ][safepoint    ] Entering safepoint region: Cleanup
[152.136s][info ][safepoint    ] Leaving safepoint region
[152.136s][info ][safepoint    ] Total time for which application threads were stopped: 0.0000715 seconds, Stopping threads took: 0.0000161 seconds
[153.136s][info ][safepoint    ] Application time: 1.0000918 seconds
[153.136s][info ][safepoint    ] Entering safepoint region: Cleanup
[153.136s][info ][safepoint    ] Leaving safepoint region
[153.136s][info ][safepoint    ] Total time for which application threads were stopped: 0.0000716 seconds, Stopping threads took: 0.0000163 seconds
[154.137s][info ][safepoint    ] Application time: 1.0000872 seconds
[154.137s][info ][safepoint    ] Entering safepoint region: Cleanup
[154.137s][info ][safepoint    ] Leaving safepoint region
[154.137s][info ][safepoint    ] Total time for which application threads were stopped: 0.0000932 seconds, Stopping threads took: 0.0000322 seconds
[154.381s][info ][safepoint    ] Application time: 0.2441171 seconds
[154.381s][info ][safepoint    ] Entering safepoint region: GenCollectForAllocation
[154.381s][info ][gc,start     ] GC(120) Pause Young (Allocation Failure)
[154.381s][info ][gc,task      ] GC(120) Using 4 workers of 4 for evacuation
[154.383s][debug][gc,ref       ] GC(120) Skipped phase1 of Reference Processing due to unavailable references
[154.383s][debug][gc,ref       ] GC(120) Skipped phase3 of Reference Processing due to unavailable references
[154.383s][debug][gc,ref       ] GC(120) Skipped phase4 of Reference Processing due to unavailable references
[154.383s][debug][gc,age       ] GC(120) Desired survivor size 15400960 bytes, new threshold 6 (max threshold 6)
[154.383s][info ][gc,heap      ] GC(120) ParNew: 241759K->1107K(270976K)
[154.383s][info ][gc,heap      ] GC(120) CMS: 196690K->196690K(602112K)
[154.383s][info ][gc,metaspace ] GC(120) Metaspace: 53700K->53700K(1097728K)
[154.383s][info ][gc           ] GC(120) Pause Young (Allocation Failure) 428M->193M(852M) 2.156ms
[154.383s][info ][gc,cpu       ] GC(120) User=0.01s Sys=0.00s Real=0.00s
[154.383s][info ][safepoint    ] Leaving safepoint region
[154.383s][info ][safepoint    ] Total time for which application threads were stopped: 0.0023165 seconds, Stopping threads took: 0.0000154 seconds
[155.383s][info ][safepoint    ] Application time: 1.0000959 seconds
[155.383s][info ][safepoint    ] Entering safepoint region: Cleanup
[155.383s][info ][safepoint    ] Leaving safepoint region
[155.383s][info ][safepoint    ] Total time for which application threads were stopped: 0.0000733 seconds, Stopping threads took: 0.0000165 seconds
[156.384s][info ][safepoint    ] Application time: 1.0000949 seconds
[156.384s][info ][safepoint    ] Entering safepoint region: Cleanup
[156.384s][info ][safepoint    ] Leaving safepoint region
[156.384s][info ][safepoint    ] Total time for which application threads were stopped: 0.0000724 seconds, Stopping threads took: 0.0000177 seconds
[157.384s][info ][safepoint    ] Application time: 1.0000837 seconds
[157.384s][info ][safepoint    ] Entering safepoint region: Cleanup
[157.384s][info ][safepoint    ] Leaving safepoint region
[157.384s][info ][safepoint    ] Total time for which application threads were stopped: 0.0000870 seconds, Stopping threads took: 0.0000168 seconds
[158.384s][info ][safepoint    ] Application time: 1.0000876 seconds
[158.384s][info ][safepoint    ] Entering safepoint region: Cleanup
[158.384s][info ][safepoint    ] Leaving safepoint region
[158.384s][info ][safepoint    ] Total time for which application threads were stopped: 0.0000701 seconds, Stopping threads took: 0.0000165 seconds
[159.384s][info ][safepoint    ] Application time: 1.0000758 seconds
[159.384s][info ][safepoint    ] Entering safepoint region: Cleanup
[159.384s][info ][safepoint    ] Leaving safepoint region
[159.384s][info ][safepoint    ] Total time for which application threads were stopped: 0.0000698 seconds, Stopping threads took: 0.0000163 seconds
[160.384s][info ][safepoint    ] Application time: 1.0000791 seconds
[160.384s][info ][safepoint    ] Entering safepoint region: Cleanup
[160.384s][info ][safepoint    ] Leaving safepoint region
[160.384s][info ][safepoint    ] Total time for which application threads were stopped: 0.0000745 seconds, Stopping threads took: 0.0000177 seconds
[161.385s][info ][safepoint    ] Application time: 1.0001011 seconds
[161.385s][info ][safepoint    ] Entering safepoint region: Cleanup
[161.385s][info ][safepoint    ] Leaving safepoint region
[161.385s][info ][safepoint    ] Total time for which application threads were stopped: 0.0000740 seconds, Stopping threads took: 0.0000170 seconds
[162.385s][info ][safepoint    ] Application time: 1.0001170 seconds
[162.385s][info ][safepoint    ] Entering safepoint region: Cleanup
[162.385s][info ][safepoint    ] Leaving safepoint region
[162.385s][info ][safepoint    ] Total time for which application threads were stopped: 0.0000736 seconds, Stopping threads took: 0.0000167 seconds
[163.385s][info ][safepoint    ] Application time: 1.0000898 seconds
[163.385s][info ][safepoint    ] Entering safepoint region: Cleanup
[163.385s][info ][safepoint    ] Leaving safepoint region
[163.385s][info ][safepoint    ] Total time for which application threads were stopped: 0.0000819 seconds, Stopping threads took: 0.0000219 seconds
[164.385s][info ][safepoint    ] Application time: 1.0000967 seconds
[164.385s][info ][safepoint    ] Entering safepoint region: Cleanup
[164.385s][info ][safepoint    ] Leaving safepoint region
[164.385s][info ][safepoint    ] Total time for which application threads were stopped: 0.0000741 seconds, Stopping threads took: 0.0000184 seconds
[165.386s][info ][safepoint    ] Application time: 1.0001567 seconds
[165.386s][info ][safepoint    ] Entering safepoint region: Cleanup
[165.386s][info ][safepoint    ] Leaving safepoint region
[165.386s][info ][safepoint    ] Total time for which application threads were stopped: 0.0000707 seconds, Stopping threads took: 0.0000166 seconds
[166.386s][info ][safepoint    ] Application time: 1.0000922 seconds
[166.386s][info ][safepoint    ] Entering safepoint region: Cleanup
[166.386s][info ][safepoint    ] Leaving safepoint region
[166.386s][info ][safepoint    ] Total time for which application threads were stopped: 0.0001530 seconds, Stopping threads took: 0.0000170 seconds
[167.386s][info ][safepoint    ] Application time: 1.0000846 seconds
[167.386s][info ][safepoint    ] Entering safepoint region: Cleanup
[167.386s][info ][safepoint    ] Leaving safepoint region
[167.386s][info ][safepoint    ] Total time for which application threads were stopped: 0.0001127 seconds, Stopping threads took: 0.0000537 seconds
[167.630s][info ][safepoint    ] Application time: 0.2441893 seconds
[167.630s][info ][safepoint    ] Entering safepoint region: GenCollectForAllocation
[167.630s][info ][gc,start     ] GC(121) Pause Young (Allocation Failure)
[167.630s][info ][gc,task      ] GC(121) Using 4 workers of 4 for evacuation
[167.632s][debug][gc,ref       ] GC(121) Skipped phase1 of Reference Processing due to unavailable references
[167.632s][debug][gc,ref       ] GC(121) Skipped phase3 of Reference Processing due to unavailable references
[167.632s][debug][gc,ref       ] GC(121) Skipped phase4 of Reference Processing due to unavailable references
[167.632s][debug][gc,age       ] GC(121) Desired survivor size 15400960 bytes, new threshold 6 (max threshold 6)
[167.632s][info ][gc,heap      ] GC(121) ParNew: 242003K->822K(270976K)
[167.632s][info ][gc,heap      ] GC(121) CMS: 196690K->196690K(602112K)
[167.632s][info ][gc,metaspace ] GC(121) Metaspace: 53701K->53701K(1097728K)
[167.632s][info ][gc           ] GC(121) Pause Young (Allocation Failure) 428M->192M(852M) 1.966ms
[167.632s][info ][gc,cpu       ] GC(121) User=0.00s Sys=0.00s Real=0.01s
[167.632s][info ][safepoint    ] Leaving safepoint region
[167.632s][info ][safepoint    ] Total time for which application threads were stopped: 0.0021119 seconds, Stopping threads took: 0.0000162 seconds
[168.633s][info ][safepoint    ] Application time: 1.0001690 seconds
[168.633s][info ][safepoint    ] Entering safepoint region: Cleanup
[168.633s][info ][safepoint    ] Leaving safepoint region
[168.633s][info ][safepoint    ] Total time for which application threads were stopped: 0.0000778 seconds, Stopping threads took: 0.0000175 seconds
[169.633s][info ][safepoint    ] Application time: 1.0000837 seconds
[169.633s][info ][safepoint    ] Entering safepoint region: Cleanup
[169.633s][info ][safepoint    ] Leaving safepoint region
[169.633s][info ][safepoint    ] Total time for which application threads were stopped: 0.0000753 seconds, Stopping threads took: 0.0000167 seconds
[170.633s][info ][safepoint    ] Application time: 1.0000862 seconds
[170.633s][info ][safepoint    ] Entering safepoint region: Cleanup
[170.633s][info ][safepoint    ] Leaving safepoint region
[170.633s][info ][safepoint    ] Total time for which application threads were stopped: 0.0000706 seconds, Stopping threads took: 0.0000163 seconds
[171.633s][info ][safepoint    ] Application time: 1.0001071 seconds
[171.633s][info ][safepoint    ] Entering safepoint region: Cleanup
[171.633s][info ][safepoint    ] Leaving safepoint region
[171.633s][info ][safepoint    ] Total time for which application threads were stopped: 0.0000752 seconds, Stopping threads took: 0.0000174 seconds
[172.104s][info ][safepoint    ] Application time: 0.4703425 seconds
[172.104s][info ][safepoint    ] Entering safepoint region: RevokeBias
[172.104s][info ][safepoint    ] Leaving safepoint region
[172.104s][info ][safepoint    ] Total time for which application threads were stopped: 0.0000893 seconds, Stopping threads took: 0.0000159 seconds
[180.831s][info ][safepoint    ] Application time: 8.7275503 seconds
[180.831s][info ][safepoint    ] Entering safepoint region: GenCollectForAllocation
[180.832s][info ][gc,start     ] GC(122) Pause Young (Allocation Failure)
[180.832s][info ][gc,task      ] GC(122) Using 4 workers of 4 for evacuation
[180.833s][debug][gc,ref       ] GC(122) Skipped phase1 of Reference Processing due to unavailable references
[180.833s][debug][gc,ref       ] GC(122) Skipped phase3 of Reference Processing due to unavailable references
[180.833s][debug][gc,ref       ] GC(122) Skipped phase4 of Reference Processing due to unavailable references
[180.833s][debug][gc,age       ] GC(122) Desired survivor size 15400960 bytes, new threshold 6 (max threshold 6)
[180.833s][info ][gc,heap      ] GC(122) ParNew: 241718K->868K(270976K)
[180.833s][info ][gc,heap      ] GC(122) CMS: 196690K->196690K(602112K)
[180.834s][info ][gc,metaspace ] GC(122) Metaspace: 53701K->53701K(1097728K)
[180.834s][info ][gc           ] GC(122) Pause Young (Allocation Failure) 428M->192M(852M) 1.937ms
[180.834s][info ][gc,cpu       ] GC(122) User=0.00s Sys=0.00s Real=0.00s
[180.834s][info ][safepoint    ] Leaving safepoint region
[180.834s][info ][safepoint    ] Total time for which application threads were stopped: 0.0020759 seconds, Stopping threads took: 0.0000170 seconds
[194.081s][info ][safepoint    ] Application time: 13.2470925 seconds
[194.081s][info ][safepoint    ] Entering safepoint region: GenCollectForAllocation
[194.081s][info ][gc,start     ] GC(123) Pause Young (Allocation Failure)
[194.081s][info ][gc,task      ] GC(123) Using 4 workers of 4 for evacuation
[194.084s][debug][gc,ref       ] GC(123) Skipped phase1 of Reference Processing due to unavailable references
[194.084s][debug][gc,ref       ] GC(123) Skipped phase2 of Reference Processing due to unavailable references
[194.084s][debug][gc,ref       ] GC(123) Skipped phase3 of Reference Processing due to unavailable references
[194.084s][debug][gc,ref       ] GC(123) Skipped phase4 of Reference Processing due to unavailable references
[194.085s][debug][gc,age       ] GC(123) Desired survivor size 15400960 bytes, new threshold 6 (max threshold 6)
[194.085s][info ][gc,heap      ] GC(123) ParNew: 241764K->490K(270976K)
[194.085s][info ][gc,heap      ] GC(123) CMS: 196690K->197365K(602112K)
[194.085s][info ][gc,metaspace ] GC(123) Metaspace: 53704K->53704K(1097728K)
[194.085s][info ][gc           ] GC(123) Pause Young (Allocation Failure) 428M->193M(852M) 3.738ms
[194.085s][info ][gc,cpu       ] GC(123) User=0.02s Sys=0.00s Real=0.00s
[194.085s][info ][safepoint    ] Leaving safepoint region
[194.085s][info ][safepoint    ] Total time for which application threads were stopped: 0.0039022 seconds, Stopping threads took: 0.0000318 seconds
[207.330s][info ][safepoint    ] Application time: 13.2454012 seconds
[207.330s][info ][safepoint    ] Entering safepoint region: GenCollectForAllocation
[207.330s][info ][gc,start     ] GC(124) Pause Young (Allocation Failure)
[207.330s][info ][gc,task      ] GC(124) Using 4 workers of 4 for evacuation
[207.332s][debug][gc,ref       ] GC(124) Skipped phase1 of Reference Processing due to unavailable references
[207.332s][debug][gc,ref       ] GC(124) Skipped phase2 of Reference Processing due to unavailable references
[207.332s][debug][gc,ref       ] GC(124) Skipped phase3 of Reference Processing due to unavailable references
[207.332s][debug][gc,ref       ] GC(124) Skipped phase4 of Reference Processing due to unavailable references
[207.332s][debug][gc,age       ] GC(124) Desired survivor size 15400960 bytes, new threshold 6 (max threshold 6)
[207.332s][info ][gc,heap      ] GC(124) ParNew: 241386K->126K(270976K)
[207.332s][info ][gc,heap      ] GC(124) CMS: 197365K->197366K(602112K)
[207.332s][info ][gc,metaspace ] GC(124) Metaspace: 53705K->53705K(1097728K)
[207.332s][info ][gc           ] GC(124) Pause Young (Allocation Failure) 428M->192M(852M) 1.746ms
[207.332s][info ][gc,cpu       ] GC(124) User=0.00s Sys=0.01s Real=0.01s
[207.332s][info ][safepoint    ] Leaving safepoint region
[207.332s][info ][safepoint    ] Total time for which application threads were stopped: 0.0018968 seconds, Stopping threads took: 0.0000174 seconds
[220.531s][info ][safepoint    ] Application time: 13.1991882 seconds
[220.531s][info ][safepoint    ] Entering safepoint region: GenCollectForAllocation
[220.531s][info ][gc,start     ] GC(125) Pause Young (Allocation Failure)
[220.531s][info ][gc,task      ] GC(125) Using 4 workers of 4 for evacuation
[220.533s][debug][gc,ref       ] GC(125) Skipped phase1 of Reference Processing due to unavailable references
[220.533s][debug][gc,ref       ] GC(125) Skipped phase2 of Reference Processing due to unavailable references
[220.533s][debug][gc,ref       ] GC(125) Skipped phase3 of Reference Processing due to unavailable references
[220.533s][debug][gc,ref       ] GC(125) Skipped phase4 of Reference Processing due to unavailable references
[220.533s][debug][gc,age       ] GC(125) Desired survivor size 15400960 bytes, new threshold 6 (max threshold 6)
[220.533s][info ][gc,heap      ] GC(125) ParNew: 241022K->34K(270976K)
[220.533s][info ][gc,heap      ] GC(125) CMS: 197366K->197366K(602112K)
[220.533s][info ][gc,metaspace ] GC(125) Metaspace: 53705K->53705K(1097728K)
[220.533s][info ][gc           ] GC(125) Pause Young (Allocation Failure) 428M->192M(852M) 1.686ms
[220.533s][info ][gc,cpu       ] GC(125) User=0.00s Sys=0.00s Real=0.00s
[220.533s][info ][safepoint    ] Leaving safepoint region
[220.533s][info ][safepoint    ] Total time for which application threads were stopped: 0.0018532 seconds, Stopping threads took: 0.0000347 seconds
[232.104s][info ][safepoint    ] Application time: 11.5709731 seconds
[232.104s][info ][safepoint    ] Entering safepoint region: RevokeBias
[232.104s][info ][safepoint    ] Leaving safepoint region
[232.104s][info ][safepoint    ] Total time for which application threads were stopped: 0.0000764 seconds, Stopping threads took: 0.0000163 seconds
[233.781s][info ][safepoint    ] Application time: 1.6764834 seconds
[233.781s][info ][safepoint    ] Entering safepoint region: GenCollectForAllocation
[233.781s][info ][gc,start     ] GC(126) Pause Young (Allocation Failure)
[233.781s][info ][gc,task      ] GC(126) Using 4 workers of 4 for evacuation
[233.782s][debug][gc,ref       ] GC(126) Skipped phase1 of Reference Processing due to unavailable references
[233.782s][debug][gc,ref       ] GC(126) Skipped phase2 of Reference Processing due to unavailable references
[233.782s][debug][gc,ref       ] GC(126) Skipped phase3 of Reference Processing due to unavailable references
[233.782s][debug][gc,ref       ] GC(126) Skipped phase4 of Reference Processing due to unavailable references
[233.783s][debug][gc,age       ] GC(126) Desired survivor size 15400960 bytes, new threshold 6 (max threshold 6)
[233.783s][info ][gc,heap      ] GC(126) ParNew: 240930K->31K(270976K)
[233.783s][info ][gc,heap      ] GC(126) CMS: 197366K->197366K(602112K)
[233.783s][info ][gc,metaspace ] GC(126) Metaspace: 53705K->53705K(1097728K)
[233.783s][info ][gc           ] GC(126) Pause Young (Allocation Failure) 428M->192M(852M) 1.812ms
[233.783s][info ][gc,cpu       ] GC(126) User=0.00s Sys=0.00s Real=0.00s
[233.783s][info ][safepoint    ] Leaving safepoint region
[233.783s][info ][safepoint    ] Total time for which application threads were stopped: 0.0019929 seconds, Stopping threads took: 0.0000165 seconds
[237.783s][info ][safepoint    ] Application time: 4.0003432 seconds
[237.783s][info ][safepoint    ] Entering safepoint region: Cleanup
[237.783s][info ][safepoint    ] Leaving safepoint region
[237.783s][info ][safepoint    ] Total time for which application threads were stopped: 0.0000757 seconds, Stopping threads took: 0.0000171 seconds
[247.030s][info ][safepoint    ] Application time: 9.2470332 seconds
[247.030s][info ][safepoint    ] Entering safepoint region: GenCollectForAllocation
[247.030s][info ][gc,start     ] GC(127) Pause Young (Allocation Failure)
[247.030s][info ][gc,task      ] GC(127) Using 4 workers of 4 for evacuation
[247.032s][debug][gc,ref       ] GC(127) Skipped phase1 of Reference Processing due to unavailable references
[247.032s][debug][gc,ref       ] GC(127) Skipped phase2 of Reference Processing due to unavailable references
[247.032s][debug][gc,ref       ] GC(127) Skipped phase3 of Reference Processing due to unavailable references
[247.032s][debug][gc,ref       ] GC(127) Skipped phase4 of Reference Processing due to unavailable references
[247.032s][debug][gc,age       ] GC(127) Desired survivor size 15400960 bytes, new threshold 6 (max threshold 6)
[247.032s][info ][gc,heap      ] GC(127) ParNew: 240927K->25K(270976K)
[247.032s][info ][gc,heap      ] GC(127) CMS: 197366K->197367K(602112K)
[247.032s][info ][gc,metaspace ] GC(127) Metaspace: 53705K->53705K(1097728K)
[247.032s][info ][gc           ] GC(127) Pause Young (Allocation Failure) 428M->192M(852M) 1.676ms
[247.032s][info ][gc,cpu       ] GC(127) User=0.01s Sys=0.00s Real=0.01s
[247.032s][info ][safepoint    ] Leaving safepoint region
[247.032s][info ][safepoint    ] Total time for which application threads were stopped: 0.0018369 seconds, Stopping threads took: 0.0000315 seconds
[260.231s][info ][safepoint    ] Application time: 13.1993100 seconds
[260.231s][info ][safepoint    ] Entering safepoint region: GenCollectForAllocation
[260.232s][info ][gc,start     ] GC(128) Pause Young (Allocation Failure)
[260.232s][info ][gc,task      ] GC(128) Using 4 workers of 4 for evacuation
[260.233s][debug][gc,ref       ] GC(128) Skipped phase1 of Reference Processing due to unavailable references
[260.233s][debug][gc,ref       ] GC(128) Skipped phase2 of Reference Processing due to unavailable references
[260.233s][debug][gc,ref       ] GC(128) Skipped phase3 of Reference Processing due to unavailable references
[260.233s][debug][gc,ref       ] GC(128) Skipped phase4 of Reference Processing due to unavailable references
[260.233s][debug][gc,age       ] GC(128) Desired survivor size 15400960 bytes, new threshold 6 (max threshold 6)
[260.233s][info ][gc,heap      ] GC(128) ParNew: 240921K->29K(270976K)
[260.233s][info ][gc,heap      ] GC(128) CMS: 197367K->197367K(602112K)
[260.233s][info ][gc,metaspace ] GC(128) Metaspace: 53705K->53705K(1097728K)
[260.233s][info ][gc           ] GC(128) Pause Young (Allocation Failure) 428M->192M(852M) 1.829ms
[260.233s][info ][gc,cpu       ] GC(128) User=0.00s Sys=0.01s Real=0.00s
[260.233s][info ][safepoint    ] Leaving safepoint region
[260.233s][info ][safepoint    ] Total time for which application threads were stopped: 0.0020129 seconds, Stopping threads took: 0.0000166 seconds
[273.482s][info ][safepoint    ] Application time: 13.2484342 seconds
[273.482s][info ][safepoint    ] Entering safepoint region: GenCollectForAllocation
[273.482s][info ][gc,start     ] GC(129) Pause Young (Allocation Failure)
[273.482s][info ][gc,task      ] GC(129) Using 4 workers of 4 for evacuation
[273.483s][debug][gc,ref       ] GC(129) Skipped phase1 of Reference Processing due to unavailable references
[273.483s][debug][gc,ref       ] GC(129) Skipped phase2 of Reference Processing due to unavailable references
[273.483s][debug][gc,ref       ] GC(129) Skipped phase3 of Reference Processing due to unavailable references
[273.483s][debug][gc,ref       ] GC(129) Skipped phase4 of Reference Processing due to unavailable references
[273.484s][debug][gc,age       ] GC(129) Desired survivor size 15400960 bytes, new threshold 6 (max threshold 6)
[273.484s][info ][gc,heap      ] GC(129) ParNew: 240925K->24K(270976K)
[273.484s][info ][gc,heap      ] GC(129) CMS: 197367K->197367K(602112K)
[273.484s][info ][gc,metaspace ] GC(129) Metaspace: 53705K->53705K(1097728K)
[273.484s][info ][gc           ] GC(129) Pause Young (Allocation Failure) 428M->192M(852M) 1.637ms
[273.484s][info ][gc,cpu       ] GC(129) User=0.00s Sys=0.00s Real=0.00s
[273.484s][info ][safepoint    ] Leaving safepoint region
[273.484s][info ][safepoint    ] Total time for which application threads were stopped: 0.0017849 seconds, Stopping threads took: 0.0000172 seconds
[280.631s][info ][safepoint    ] Application time: 7.1470765 seconds
[280.631s][info ][safepoint    ] Entering safepoint region: RevokeBias
[280.631s][info ][safepoint    ] Leaving safepoint region
[280.631s][info ][safepoint    ] Total time for which application threads were stopped: 0.0001263 seconds, Stopping threads took: 0.0000491 seconds
[280.631s][info ][safepoint    ] Application time: 0.0004086 seconds
[280.631s][info ][safepoint    ] Entering safepoint region: RevokeBias
[280.631s][info ][safepoint    ] Leaving safepoint region
[280.631s][info ][safepoint    ] Total time for which application threads were stopped: 0.0000807 seconds, Stopping threads took: 0.0000463 seconds
[280.647s][info ][safepoint    ] Application time: 0.0160666 seconds
[280.648s][info ][safepoint    ] Entering safepoint region: RevokeBias
[280.648s][info ][safepoint    ] Leaving safepoint region
[280.648s][info ][safepoint    ] Total time for which application threads were stopped: 0.0000948 seconds, Stopping threads took: 0.0000163 seconds
[280.921s][info ][safepoint    ] Application time: 0.2731685 seconds
[280.921s][info ][safepoint    ] Entering safepoint region: RevokeBias
[280.921s][info ][safepoint    ] Leaving safepoint region
[280.921s][info ][safepoint    ] Total time for which application threads were stopped: 0.0001682 seconds, Stopping threads took: 0.0000371 seconds
[280.921s][info ][safepoint    ] Application time: 0.0001249 seconds
[280.921s][info ][safepoint    ] Entering safepoint region: RevokeBias
[280.921s][info ][safepoint    ] Leaving safepoint region
[280.921s][info ][safepoint    ] Total time for which application threads were stopped: 0.0000450 seconds, Stopping threads took: 0.0000079 seconds
[280.955s][info ][safepoint    ] Application time: 0.0336642 seconds
[280.955s][info ][safepoint    ] Entering safepoint region: RevokeBias
[280.955s][info ][safepoint    ] Leaving safepoint region
[280.955s][info ][safepoint    ] Total time for which application threads were stopped: 0.0000967 seconds, Stopping threads took: 0.0000163 seconds
[280.958s][info ][safepoint    ] Application time: 0.0025751 seconds
[280.958s][info ][safepoint    ] Entering safepoint region: RevokeBias
[280.958s][info ][safepoint    ] Leaving safepoint region
[280.958s][info ][safepoint    ] Total time for which application threads were stopped: 0.0000501 seconds, Stopping threads took: 0.0000121 seconds
[280.958s][info ][safepoint    ] Application time: 0.0000609 seconds
[280.958s][info ][safepoint    ] Entering safepoint region: RevokeBias
[280.958s][info ][safepoint    ] Leaving safepoint region
[280.958s][info ][safepoint    ] Total time for which application threads were stopped: 0.0000291 seconds, Stopping threads took: 0.0000073 seconds
[280.959s][info ][safepoint    ] Application time: 0.0016055 seconds
[280.959s][info ][safepoint    ] Entering safepoint region: RevokeBias
[280.959s][info ][safepoint    ] Leaving safepoint region
[280.959s][info ][safepoint    ] Total time for which application threads were stopped: 0.0000495 seconds, Stopping threads took: 0.0000135 seconds
[280.960s][info ][safepoint    ] Application time: 0.0003280 seconds
[280.960s][info ][safepoint    ] Entering safepoint region: RevokeBias
[280.960s][info ][safepoint    ] Leaving safepoint region
[280.960s][info ][safepoint    ] Total time for which application threads were stopped: 0.0000397 seconds, Stopping threads took: 0.0000105 seconds
[280.960s][info ][safepoint    ] Application time: 0.0001218 seconds
[280.960s][info ][safepoint    ] Entering safepoint region: RevokeBias
[280.960s][info ][safepoint    ] Leaving safepoint region
[280.960s][info ][safepoint    ] Total time for which application threads were stopped: 0.0000352 seconds, Stopping threads took: 0.0000084 seconds
[280.960s][info ][safepoint    ] Application time: 0.0000697 seconds
[280.960s][info ][safepoint    ] Entering safepoint region: RevokeBias
[280.960s][info ][safepoint    ] Leaving safepoint region
[280.960s][info ][safepoint    ] Total time for which application threads were stopped: 0.0000511 seconds, Stopping threads took: 0.0000224 seconds
[280.960s][info ][safepoint    ] Application time: 0.0000875 seconds
[280.960s][info ][safepoint    ] Entering safepoint region: RevokeBias
[280.960s][info ][safepoint    ] Leaving safepoint region
[280.960s][info ][safepoint    ] Total time for which application threads were stopped: 0.0000277 seconds, Stopping threads took: 0.0000065 seconds
[280.960s][info ][safepoint    ] Application time: 0.0000810 seconds
[280.960s][info ][safepoint    ] Entering safepoint region: RevokeBias
[280.960s][info ][safepoint    ] Leaving safepoint region
[280.960s][info ][safepoint    ] Total time for which application threads were stopped: 0.0000268 seconds, Stopping threads took: 0.0000062 seconds
[280.960s][info ][safepoint    ] Application time: 0.0000628 seconds
[280.960s][info ][safepoint    ] Entering safepoint region: RevokeBias
[280.960s][info ][safepoint    ] Leaving safepoint region
[280.960s][info ][safepoint    ] Total time for which application threads were stopped: 0.0000476 seconds, Stopping threads took: 0.0000256 seconds
[280.961s][info ][safepoint    ] Application time: 0.0000659 seconds
[280.961s][info ][safepoint    ] Entering safepoint region: RevokeBias
[280.961s][info ][safepoint    ] Leaving safepoint region
[280.961s][info ][safepoint    ] Total time for which application threads were stopped: 0.0000461 seconds, Stopping threads took: 0.0000243 seconds
[280.961s][info ][safepoint    ] Application time: 0.0000658 seconds
[280.961s][info ][safepoint    ] Entering safepoint region: RevokeBias
[280.961s][info ][safepoint    ] Leaving safepoint region
[280.961s][info ][safepoint    ] Total time for which application threads were stopped: 0.0000265 seconds, Stopping threads took: 0.0000061 seconds
[280.961s][info ][safepoint    ] Application time: 0.0000734 seconds
[280.961s][info ][safepoint    ] Entering safepoint region: RevokeBias
[280.961s][info ][safepoint    ] Leaving safepoint region
[280.961s][info ][safepoint    ] Total time for which application threads were stopped: 0.0000463 seconds, Stopping threads took: 0.0000105 seconds
[280.961s][info ][safepoint    ] Application time: 0.0000741 seconds
[280.961s][info ][safepoint    ] Entering safepoint region: RevokeBias
[280.961s][info ][safepoint    ] Leaving safepoint region
[280.961s][info ][safepoint    ] Total time for which application threads were stopped: 0.0000341 seconds, Stopping threads took: 0.0000084 seconds
[280.961s][info ][safepoint    ] Application time: 0.0001249 seconds
[280.961s][info ][safepoint    ] Entering safepoint region: RevokeBias
[280.961s][info ][safepoint    ] Leaving safepoint region
[280.961s][info ][safepoint    ] Total time for which application threads were stopped: 0.0000266 seconds, Stopping threads took: 0.0000061 seconds
[280.961s][info ][safepoint    ] Application time: 0.0001341 seconds
[280.961s][info ][safepoint    ] Entering safepoint region: RevokeBias
[280.961s][info ][safepoint    ] Leaving safepoint region
[280.961s][info ][safepoint    ] Total time for which application threads were stopped: 0.0000301 seconds, Stopping threads took: 0.0000087 seconds
[280.961s][info ][safepoint    ] Application time: 0.0001352 seconds
[280.961s][info ][safepoint    ] Entering safepoint region: RevokeBias
[280.961s][info ][safepoint    ] Leaving safepoint region
[280.961s][info ][safepoint    ] Total time for which application threads were stopped: 0.0000287 seconds, Stopping threads took: 0.0000068 seconds
[280.962s][info ][safepoint    ] Application time: 0.0000890 seconds
[280.962s][info ][safepoint    ] Entering safepoint region: RevokeBias
[280.962s][info ][safepoint    ] Leaving safepoint region
[280.962s][info ][safepoint    ] Total time for which application threads were stopped: 0.0000271 seconds, Stopping threads took: 0.0000062 seconds
[280.962s][info ][safepoint    ] Application time: 0.0000842 seconds
[280.962s][info ][safepoint    ] Entering safepoint region: RevokeBias
[280.962s][info ][safepoint    ] Leaving safepoint region
[280.962s][info ][safepoint    ] Total time for which application threads were stopped: 0.0000407 seconds, Stopping threads took: 0.0000104 seconds
[280.962s][info ][safepoint    ] Application time: 0.0000816 seconds
[280.962s][info ][safepoint    ] Entering safepoint region: RevokeBias
[280.962s][info ][safepoint    ] Leaving safepoint region
[280.962s][info ][safepoint    ] Total time for which application threads were stopped: 0.0000402 seconds, Stopping threads took: 0.0000104 seconds
[280.962s][info ][safepoint    ] Application time: 0.0000864 seconds
[280.962s][info ][safepoint    ] Entering safepoint region: RevokeBias
[280.962s][info ][safepoint    ] Leaving safepoint region
[280.962s][info ][safepoint    ] Total time for which application threads were stopped: 0.0000285 seconds, Stopping threads took: 0.0000066 seconds
[280.962s][info ][safepoint    ] Application time: 0.0000768 seconds
[280.962s][info ][safepoint    ] Entering safepoint region: RevokeBias
[280.962s][info ][safepoint    ] Leaving safepoint region
[280.962s][info ][safepoint    ] Total time for which application threads were stopped: 0.0000276 seconds, Stopping threads took: 0.0000064 seconds
[280.962s][info ][safepoint    ] Application time: 0.0001225 seconds
[280.962s][info ][safepoint    ] Entering safepoint region: RevokeBias
[280.962s][info ][safepoint    ] Leaving safepoint region
[280.962s][info ][safepoint    ] Total time for which application threads were stopped: 0.0000351 seconds, Stopping threads took: 0.0000082 seconds
[280.962s][info ][safepoint    ] Application time: 0.0000926 seconds
[280.962s][info ][safepoint    ] Entering safepoint region: BulkRevokeBias
[280.963s][info ][safepoint    ] Leaving safepoint region
[280.963s][info ][safepoint    ] Total time for which application threads were stopped: 0.0001841 seconds, Stopping threads took: 0.0000088 seconds
[280.963s][info ][safepoint    ] Application time: 0.0007605 seconds
[280.963s][info ][safepoint    ] Entering safepoint region: RevokeBias
[280.963s][info ][safepoint    ] Leaving safepoint region
[280.963s][info ][safepoint    ] Total time for which application threads were stopped: 0.0000455 seconds, Stopping threads took: 0.0000089 seconds
[280.964s][info ][safepoint    ] Application time: 0.0002375 seconds
[280.964s][info ][safepoint    ] Entering safepoint region: RevokeBias
[280.964s][info ][safepoint    ] Leaving safepoint region
[280.964s][info ][safepoint    ] Total time for which application threads were stopped: 0.0000451 seconds, Stopping threads took: 0.0000099 seconds
[280.974s][info ][safepoint    ] Application time: 0.0104117 seconds
[280.974s][info ][safepoint    ] Entering safepoint region: RevokeBias
[280.974s][info ][safepoint    ] Leaving safepoint region
[280.974s][info ][safepoint    ] Total time for which application threads were stopped: 0.0001294 seconds, Stopping threads took: 0.0000494 seconds
[280.974s][info ][safepoint    ] Application time: 0.0000718 seconds
[280.974s][info ][safepoint    ] Entering safepoint region: RevokeBias
[280.974s][info ][safepoint    ] Leaving safepoint region
[280.974s][info ][safepoint    ] Total time for which application threads were stopped: 0.0000755 seconds, Stopping threads took: 0.0000320 seconds
[281.257s][info ][safepoint    ] Application time: 0.2829827 seconds
[281.257s][info ][safepoint    ] Entering safepoint region: RevokeBias
[281.258s][info ][safepoint    ] Leaving safepoint region
[281.258s][info ][safepoint    ] Total time for which application threads were stopped: 0.0001032 seconds, Stopping threads took: 0.0000166 seconds
[281.282s][info ][safepoint    ] Application time: 0.0239650 seconds
[281.282s][info ][safepoint    ] Entering safepoint region: RevokeBias
[281.282s][info ][safepoint    ] Leaving safepoint region
[281.282s][info ][safepoint    ] Total time for which application threads were stopped: 0.0000956 seconds, Stopping threads took: 0.0000163 seconds
[281.553s][info ][safepoint    ] Application time: 0.2715236 seconds
[281.553s][info ][safepoint    ] Entering safepoint region: GenCollectForAllocation
[281.554s][info ][gc,start     ] GC(130) Pause Young (Allocation Failure)
[281.554s][info ][gc,task      ] GC(130) Using 4 workers of 4 for evacuation
[281.557s][debug][gc,ref       ] GC(130) Skipped phase1 of Reference Processing due to unavailable references
[281.557s][debug][gc,age       ] GC(130) Desired survivor size 15400960 bytes, new threshold 6 (max threshold 6)
[281.557s][info ][gc,heap      ] GC(130) ParNew: 227758K->4521K(270976K)
[281.557s][info ][gc,heap      ] GC(130) CMS: 197367K->197367K(602112K)
[281.557s][info ][gc,metaspace ] GC(130) Metaspace: 53762K->53762K(1097728K)
[281.557s][info ][gc           ] GC(130) Pause Young (Allocation Failure) 415M->197M(852M) 3.682ms
[281.557s][info ][gc,cpu       ] GC(130) User=0.01s Sys=0.00s Real=0.00s
[281.557s][info ][safepoint    ] Leaving safepoint region
[281.557s][info ][safepoint    ] Total time for which application threads were stopped: 0.0040108 seconds, Stopping threads took: 0.0000393 seconds
[282.557s][info ][safepoint    ] Application time: 1.0001054 seconds
[282.557s][info ][safepoint    ] Entering safepoint region: Cleanup
[282.558s][info ][safepoint    ] Leaving safepoint region
[282.558s][info ][safepoint    ] Total time for which application threads were stopped: 0.0001177 seconds, Stopping threads took: 0.0000187 seconds
[283.558s][info ][safepoint    ] Application time: 1.0000556 seconds
[283.558s][info ][safepoint    ] Entering safepoint region: Cleanup
[283.558s][info ][safepoint    ] Leaving safepoint region
[283.558s][info ][safepoint    ] Total time for which application threads were stopped: 0.0001062 seconds, Stopping threads took: 0.0000338 seconds
[283.680s][info ][safepoint    ] Application time: 0.1221877 seconds
[283.680s][info ][safepoint    ] Entering safepoint region: GenCollectForAllocation
[283.680s][info ][gc,start     ] GC(131) Pause Young (Allocation Failure)
[283.680s][info ][gc,task      ] GC(131) Using 4 workers of 4 for evacuation
[283.688s][debug][gc,ref       ] GC(131) Skipped phase1 of Reference Processing due to unavailable references
[283.688s][debug][gc,ref       ] GC(131) Skipped phase3 of Reference Processing due to unavailable references
[283.688s][debug][gc,age       ] GC(131) Desired survivor size 15400960 bytes, new threshold 1 (max threshold 6)
[283.688s][info ][gc,heap      ] GC(131) ParNew: 245417K->27164K(270976K)
[283.688s][info ][gc,heap      ] GC(131) CMS: 197367K->197367K(602112K)
[283.688s][info ][gc,metaspace ] GC(131) Metaspace: 53778K->53778K(1097728K)
[283.688s][info ][gc           ] GC(131) Pause Young (Allocation Failure) 432M->219M(852M) 8.090ms
[283.688s][info ][gc,cpu       ] GC(131) User=0.03s Sys=0.00s Real=0.00s
[283.688s][info ][safepoint    ] Leaving safepoint region
[283.688s][info ][safepoint    ] Total time for which application threads were stopped: 0.0082559 seconds, Stopping threads took: 0.0000223 seconds
[284.688s][info ][safepoint    ] Application time: 1.0000592 seconds
[284.688s][info ][safepoint    ] Entering safepoint region: Cleanup
[284.688s][info ][safepoint    ] Leaving safepoint region
[284.688s][info ][safepoint    ] Total time for which application threads were stopped: 0.0000796 seconds, Stopping threads took: 0.0000174 seconds
[285.689s][info ][safepoint    ] Application time: 1.0000800 seconds
[285.689s][info ][safepoint    ] Entering safepoint region: Cleanup
[285.689s][info ][safepoint    ] Leaving safepoint region
[285.689s][info ][safepoint    ] Total time for which application threads were stopped: 0.0001000 seconds, Stopping threads took: 0.0000173 seconds
[286.257s][info ][safepoint    ] Application time: 0.5681714 seconds
[286.257s][info ][safepoint    ] Entering safepoint region: RevokeBias
[286.257s][info ][safepoint    ] Leaving safepoint region
[286.257s][info ][safepoint    ] Total time for which application threads were stopped: 0.0000868 seconds, Stopping threads took: 0.0000175 seconds
[287.034s][info ][safepoint    ] Application time: 0.7771138 seconds
[287.034s][info ][safepoint    ] Entering safepoint region: GenCollectForAllocation
[287.034s][info ][gc,start     ] GC(132) Pause Young (Allocation Failure)
[287.034s][info ][gc,task      ] GC(132) Using 4 workers of 4 for evacuation
[287.058s][debug][gc,ref       ] GC(132) Skipped phase1 of Reference Processing due to unavailable references
[287.058s][debug][gc,ref       ] GC(132) Skipped phase2 of Reference Processing due to unavailable references
[287.058s][debug][gc,ref       ] GC(132) Skipped phase3 of Reference Processing due to unavailable references
[287.058s][debug][gc,ref       ] GC(132) Skipped phase4 of Reference Processing due to unavailable references
[287.058s][debug][gc,age       ] GC(132) Desired survivor size 15400960 bytes, new threshold 6 (max threshold 6)
[287.058s][info ][gc,heap      ] GC(132) ParNew: 268060K->7768K(270976K)
[287.058s][info ][gc,heap      ] GC(132) CMS: 197367K->223656K(602112K)
[287.058s][info ][gc,metaspace ] GC(132) Metaspace: 53779K->53779K(1097728K)
[287.058s][info ][gc           ] GC(132) Pause Young (Allocation Failure) 454M->226M(852M) 24.058ms
[287.058s][info ][gc,cpu       ] GC(132) User=0.08s Sys=0.01s Real=0.02s
[287.058s][info ][safepoint    ] Leaving safepoint region
[287.058s][info ][safepoint    ] Total time for which application threads were stopped: 0.0242603 seconds, Stopping threads took: 0.0000178 seconds
[288.058s][info ][safepoint    ] Application time: 1.0001192 seconds
[288.059s][info ][safepoint    ] Entering safepoint region: Cleanup
[288.059s][info ][safepoint    ] Leaving safepoint region
[288.059s][info ][safepoint    ] Total time for which application threads were stopped: 0.0000999 seconds, Stopping threads took: 0.0000184 seconds
[289.059s][info ][safepoint    ] Application time: 1.0000664 seconds
[289.059s][info ][safepoint    ] Entering safepoint region: Cleanup
[289.059s][info ][safepoint    ] Leaving safepoint region
[289.059s][info ][safepoint    ] Total time for which application threads were stopped: 0.0000913 seconds, Stopping threads took: 0.0000185 seconds
[290.059s][info ][safepoint    ] Application time: 1.0000858 seconds
[290.059s][info ][safepoint    ] Entering safepoint region: Cleanup
[290.059s][info ][safepoint    ] Leaving safepoint region
[290.059s][info ][safepoint    ] Total time for which application threads were stopped: 0.0000958 seconds, Stopping threads took: 0.0000325 seconds
[290.483s][info ][safepoint    ] Application time: 0.4235517 seconds
[290.483s][info ][safepoint    ] Entering safepoint region: GenCollectForAllocation
[290.483s][info ][gc,start     ] GC(133) Pause Young (Allocation Failure)
[290.483s][info ][gc,task      ] GC(133) Using 4 workers of 4 for evacuation
[290.484s][debug][gc,ref       ] GC(133) Skipped phase1 of Reference Processing due to unavailable references
[290.484s][debug][gc,ref       ] GC(133) Skipped phase2 of Reference Processing due to unavailable references
[290.484s][debug][gc,ref       ] GC(133) Skipped phase3 of Reference Processing due to unavailable references
[290.484s][debug][gc,ref       ] GC(133) Skipped phase4 of Reference Processing due to unavailable references
[290.484s][debug][gc,age       ] GC(133) Desired survivor size 15400960 bytes, new threshold 6 (max threshold 6)
[290.485s][info ][gc,heap      ] GC(133) ParNew: 248664K->1953K(270976K)
[290.485s][info ][gc,heap      ] GC(133) CMS: 223656K->223656K(602112K)
[290.485s][info ][gc,metaspace ] GC(133) Metaspace: 53785K->53785K(1097728K)
[290.485s][info ][gc           ] GC(133) Pause Young (Allocation Failure) 461M->220M(852M) 1.774ms
[290.485s][info ][gc,cpu       ] GC(133) User=0.01s Sys=0.00s Real=0.00s
[290.485s][info ][safepoint    ] Leaving safepoint region
[290.485s][info ][safepoint    ] Total time for which application threads were stopped: 0.0019227 seconds, Stopping threads took: 0.0000162 seconds
[291.257s][info ][safepoint    ] Application time: 0.7725999 seconds
[291.257s][info ][safepoint    ] Entering safepoint region: RevokeBias
[291.257s][info ][safepoint    ] Leaving safepoint region
[291.257s][info ][safepoint    ] Total time for which application threads were stopped: 0.0001030 seconds, Stopping threads took: 0.0000271 seconds
[291.258s][info ][safepoint    ] Application time: 0.0003523 seconds
[291.258s][info ][safepoint    ] Entering safepoint region: RevokeBias
[291.258s][info ][safepoint    ] Leaving safepoint region
[291.258s][info ][safepoint    ] Total time for which application threads were stopped: 0.0000567 seconds, Stopping threads took: 0.0000128 seconds
[291.258s][info ][safepoint    ] Application time: 0.0000525 seconds
[291.258s][info ][safepoint    ] Entering safepoint region: RevokeBias
[291.258s][info ][safepoint    ] Leaving safepoint region
[291.258s][info ][safepoint    ] Total time for which application threads were stopped: 0.0000290 seconds, Stopping threads took: 0.0000069 seconds
[291.258s][info ][safepoint    ] Application time: 0.0001189 seconds
[291.258s][info ][safepoint    ] Entering safepoint region: RevokeBias
[291.258s][info ][safepoint    ] Leaving safepoint region
[291.258s][info ][safepoint    ] Total time for which application threads were stopped: 0.0000458 seconds, Stopping threads took: 0.0000117 seconds
[291.258s][info ][safepoint    ] Application time: 0.0001424 seconds
[291.258s][info ][safepoint    ] Entering safepoint region: RevokeBias
[291.258s][info ][safepoint    ] Leaving safepoint region
[291.258s][info ][safepoint    ] Total time for which application threads were stopped: 0.0000360 seconds, Stopping threads took: 0.0000075 seconds
[292.258s][info ][safepoint    ] Application time: 1.0001277 seconds
[292.258s][info ][safepoint    ] Entering safepoint region: Cleanup
[292.259s][info ][safepoint    ] Leaving safepoint region
[292.259s][info ][safepoint    ] Total time for which application threads were stopped: 0.0000803 seconds, Stopping threads took: 0.0000185 seconds
[293.259s][info ][safepoint    ] Application time: 1.0000850 seconds
[293.259s][info ][safepoint    ] Entering safepoint region: Cleanup
[293.259s][info ][safepoint    ] Leaving safepoint region
[293.259s][info ][safepoint    ] Total time for which application threads were stopped: 0.0000987 seconds, Stopping threads took: 0.0000212 seconds
[293.884s][info ][safepoint    ] Application time: 0.6253005 seconds
[293.884s][info ][safepoint    ] Entering safepoint region: GenCollectForAllocation
[293.884s][info ][gc,start     ] GC(134) Pause Young (Allocation Failure)
[293.884s][info ][gc,task      ] GC(134) Using 4 workers of 4 for evacuation
[293.886s][debug][gc,ref       ] GC(134) Skipped phase1 of Reference Processing due to unavailable references
[293.886s][debug][gc,ref       ] GC(134) Skipped phase2 of Reference Processing due to unavailable references
[293.886s][debug][gc,ref       ] GC(134) Skipped phase3 of Reference Processing due to unavailable references
[293.886s][debug][gc,ref       ] GC(134) Skipped phase4 of Reference Processing due to unavailable references
[293.886s][debug][gc,age       ] GC(134) Desired survivor size 15400960 bytes, new threshold 6 (max threshold 6)
[293.886s][info ][gc,heap      ] GC(134) ParNew: 242849K->507K(270976K)
[293.886s][info ][gc,heap      ] GC(134) CMS: 223656K->223656K(602112K)
[293.886s][info ][gc,metaspace ] GC(134) Metaspace: 53786K->53786K(1097728K)
[293.886s][info ][gc           ] GC(134) Pause Young (Allocation Failure) 455M->218M(852M) 1.903ms
[293.886s][info ][gc,cpu       ] GC(134) User=0.01s Sys=0.00s Real=0.00s
[293.886s][info ][safepoint    ] Leaving safepoint region
[293.886s][info ][safepoint    ] Total time for which application threads were stopped: 0.0020486 seconds, Stopping threads took: 0.0000162 seconds
[294.886s][info ][safepoint    ] Application time: 1.0000991 seconds
[294.886s][info ][safepoint    ] Entering safepoint region: Cleanup
[294.886s][info ][safepoint    ] Leaving safepoint region
[294.886s][info ][safepoint    ] Total time for which application threads were stopped: 0.0000700 seconds, Stopping threads took: 0.0000168 seconds
[295.886s][info ][safepoint    ] Application time: 1.0000946 seconds
[295.886s][info ][safepoint    ] Entering safepoint region: Cleanup
[295.887s][info ][safepoint    ] Leaving safepoint region
[295.887s][info ][safepoint    ] Total time for which application threads were stopped: 0.0000873 seconds, Stopping threads took: 0.0000173 seconds
[296.887s][info ][safepoint    ] Application time: 1.0000825 seconds
[296.887s][info ][safepoint    ] Entering safepoint region: Cleanup
[296.887s][info ][safepoint    ] Leaving safepoint region
[296.887s][info ][safepoint    ] Total time for which application threads were stopped: 0.0000785 seconds, Stopping threads took: 0.0000182 seconds
[297.332s][info ][safepoint    ] Application time: 0.4454541 seconds
[297.332s][info ][safepoint    ] Entering safepoint region: GenCollectForAllocation
[297.332s][info ][gc,start     ] GC(135) Pause Young (Allocation Failure)
[297.332s][info ][gc,task      ] GC(135) Using 4 workers of 4 for evacuation
[297.334s][debug][gc,ref       ] GC(135) Skipped phase1 of Reference Processing due to unavailable references
[297.334s][debug][gc,ref       ] GC(135) Skipped phase2 of Reference Processing due to unavailable references
[297.334s][debug][gc,ref       ] GC(135) Skipped phase3 of Reference Processing due to unavailable references
[297.334s][debug][gc,ref       ] GC(135) Skipped phase4 of Reference Processing due to unavailable references
[297.334s][debug][gc,age       ] GC(135) Desired survivor size 15400960 bytes, new threshold 6 (max threshold 6)
[297.334s][info ][gc,heap      ] GC(135) ParNew: 241403K->168K(270976K)
[297.334s][info ][gc,heap      ] GC(135) CMS: 223656K->223656K(602112K)
[297.334s][info ][gc,metaspace ] GC(135) Metaspace: 53788K->53788K(1097728K)
[297.334s][info ][gc           ] GC(135) Pause Young (Allocation Failure) 454M->218M(852M) 1.618ms
[297.334s][info ][gc,cpu       ] GC(135) User=0.01s Sys=0.00s Real=0.00s
[297.334s][info ][safepoint    ] Leaving safepoint region
[297.334s][info ][safepoint    ] Total time for which application threads were stopped: 0.0017675 seconds, Stopping threads took: 0.0000169 seconds
[298.334s][info ][safepoint    ] Application time: 1.0001026 seconds
[298.334s][info ][safepoint    ] Entering safepoint region: Cleanup
[298.334s][info ][safepoint    ] Leaving safepoint region
[298.334s][info ][safepoint    ] Total time for which application threads were stopped: 0.0001294 seconds, Stopping threads took: 0.0000493 seconds
[299.334s][info ][safepoint    ] Application time: 1.0001144 seconds
[299.335s][info ][safepoint    ] Entering safepoint region: Cleanup
[299.335s][info ][safepoint    ] Leaving safepoint region
[299.335s][info ][safepoint    ] Total time for which application threads were stopped: 0.0001303 seconds, Stopping threads took: 0.0000606 seconds
[300.335s][info ][safepoint    ] Application time: 1.0001233 seconds
[300.335s][info ][safepoint    ] Entering safepoint region: Cleanup
[300.335s][info ][safepoint    ] Leaving safepoint region
[300.335s][info ][safepoint    ] Total time for which application threads were stopped: 0.0001110 seconds, Stopping threads took: 0.0000400 seconds
[300.735s][info ][safepoint    ] Application time: 0.4000074 seconds
[300.735s][info ][safepoint    ] Entering safepoint region: GenCollectForAllocation
[300.735s][info ][gc,start     ] GC(136) Pause Young (Allocation Failure)
[300.735s][info ][gc,task      ] GC(136) Using 4 workers of 4 for evacuation
[300.737s][debug][gc,ref       ] GC(136) Skipped phase1 of Reference Processing due to unavailable references
[300.737s][debug][gc,ref       ] GC(136) Skipped phase2 of Reference Processing due to unavailable references
[300.737s][debug][gc,ref       ] GC(136) Skipped phase3 of Reference Processing due to unavailable references
[300.737s][debug][gc,ref       ] GC(136) Skipped phase4 of Reference Processing due to unavailable references
[300.737s][debug][gc,age       ] GC(136) Desired survivor size 15400960 bytes, new threshold 6 (max threshold 6)
[300.737s][info ][gc,heap      ] GC(136) ParNew: 241064K->70K(270976K)
[300.737s][info ][gc,heap      ] GC(136) CMS: 223656K->223656K(602112K)
[300.737s][info ][gc,metaspace ] GC(136) Metaspace: 53788K->53788K(1097728K)
[300.737s][info ][gc           ] GC(136) Pause Young (Allocation Failure) 453M->218M(852M) 1.696ms
[300.737s][info ][gc,cpu       ] GC(136) User=0.00s Sys=0.00s Real=0.00s
[300.737s][info ][safepoint    ] Leaving safepoint region
[300.737s][info ][safepoint    ] Total time for which application threads were stopped: 0.0018539 seconds, Stopping threads took: 0.0000172 seconds
[301.737s][info ][safepoint    ] Application time: 1.0000895 seconds
[301.737s][info ][safepoint    ] Entering safepoint region: Cleanup
[301.737s][info ][safepoint    ] Leaving safepoint region
[301.737s][info ][safepoint    ] Total time for which application threads were stopped: 0.0000938 seconds, Stopping threads took: 0.0000315 seconds
[302.737s][info ][safepoint    ] Application time: 1.0000795 seconds
[302.737s][info ][safepoint    ] Entering safepoint region: Cleanup
[302.737s][info ][safepoint    ] Leaving safepoint region
[302.737s][info ][safepoint    ] Total time for which application threads were stopped: 0.0000921 seconds, Stopping threads took: 0.0000172 seconds
[303.737s][info ][safepoint    ] Application time: 1.0000856 seconds
[303.737s][info ][safepoint    ] Entering safepoint region: Cleanup
[303.737s][info ][safepoint    ] Leaving safepoint region
[303.737s][info ][safepoint    ] Total time for which application threads were stopped: 0.0000726 seconds, Stopping threads took: 0.0000162 seconds
[304.183s][info ][safepoint    ] Application time: 0.4458639 seconds
[304.183s][info ][safepoint    ] Entering safepoint region: GenCollectForAllocation
[304.183s][info ][gc,start     ] GC(137) Pause Young (Allocation Failure)
[304.183s][info ][gc,task      ] GC(137) Using 4 workers of 4 for evacuation
[304.185s][debug][gc,ref       ] GC(137) Skipped phase1 of Reference Processing due to unavailable references
[304.185s][debug][gc,ref       ] GC(137) Skipped phase2 of Reference Processing due to unavailable references
[304.185s][debug][gc,ref       ] GC(137) Skipped phase3 of Reference Processing due to unavailable references
[304.185s][debug][gc,ref       ] GC(137) Skipped phase4 of Reference Processing due to unavailable references
[304.185s][debug][gc,age       ] GC(137) Desired survivor size 15400960 bytes, new threshold 6 (max threshold 6)
[304.186s][info ][gc,heap      ] GC(137) ParNew: 240966K->35K(270976K)
[304.186s][info ][gc,heap      ] GC(137) CMS: 223656K->223656K(602112K)
[304.186s][info ][gc,metaspace ] GC(137) Metaspace: 53796K->53796K(1097728K)
[304.186s][info ][gc           ] GC(137) Pause Young (Allocation Failure) 453M->218M(852M) 2.065ms
[304.186s][info ][gc,cpu       ] GC(137) User=0.01s Sys=0.00s Real=0.00s
[304.186s][info ][safepoint    ] Leaving safepoint region
[304.186s][info ][safepoint    ] Total time for which application threads were stopped: 0.0022244 seconds, Stopping threads took: 0.0000167 seconds
[305.186s][info ][safepoint    ] Application time: 1.0000929 seconds
[305.186s][info ][safepoint    ] Entering safepoint region: Cleanup
[305.186s][info ][safepoint    ] Leaving safepoint region
[305.186s][info ][safepoint    ] Total time for which application threads were stopped: 0.0000687 seconds, Stopping threads took: 0.0000158 seconds
[306.186s][info ][safepoint    ] Application time: 1.0001996 seconds
[306.186s][info ][safepoint    ] Entering safepoint region: Cleanup
[306.186s][info ][safepoint    ] Leaving safepoint region
[306.186s][info ][safepoint    ] Total time for which application threads were stopped: 0.0000776 seconds, Stopping threads took: 0.0000175 seconds
[307.186s][info ][safepoint    ] Application time: 1.0001011 seconds
[307.186s][info ][safepoint    ] Entering safepoint region: Cleanup
[307.186s][info ][safepoint    ] Leaving safepoint region
[307.186s][info ][safepoint    ] Total time for which application threads were stopped: 0.0000940 seconds, Stopping threads took: 0.0000334 seconds
[307.633s][info ][safepoint    ] Application time: 0.4462486 seconds
[307.633s][info ][safepoint    ] Entering safepoint region: GenCollectForAllocation
[307.633s][info ][gc,start     ] GC(138) Pause Young (Allocation Failure)
[307.633s][info ][gc,task      ] GC(138) Using 4 workers of 4 for evacuation
[307.634s][debug][gc,ref       ] GC(138) Skipped phase1 of Reference Processing due to unavailable references
[307.634s][debug][gc,ref       ] GC(138) Skipped phase2 of Reference Processing due to unavailable references
[307.634s][debug][gc,ref       ] GC(138) Skipped phase3 of Reference Processing due to unavailable references
[307.634s][debug][gc,ref       ] GC(138) Skipped phase4 of Reference Processing due to unavailable references
[307.634s][debug][gc,age       ] GC(138) Desired survivor size 15400960 bytes, new threshold 6 (max threshold 6)
[307.634s][info ][gc,heap      ] GC(138) ParNew: 240931K->75K(270976K)
[307.634s][info ][gc,heap      ] GC(138) CMS: 223656K->223657K(602112K)
[307.634s][info ][gc,metaspace ] GC(138) Metaspace: 53797K->53797K(1097728K)
[307.634s][info ][gc           ] GC(138) Pause Young (Allocation Failure) 453M->218M(852M) 1.645ms
[307.634s][info ][gc,cpu       ] GC(138) User=0.00s Sys=0.00s Real=0.00s
[307.634s][info ][safepoint    ] Leaving safepoint region
[307.634s][info ][safepoint    ] Total time for which application threads were stopped: 0.0018161 seconds, Stopping threads took: 0.0000402 seconds
[308.635s][info ][safepoint    ] Application time: 1.0000831 seconds
[308.635s][info ][safepoint    ] Entering safepoint region: Cleanup
[308.635s][info ][safepoint    ] Leaving safepoint region
[308.635s][info ][safepoint    ] Total time for which application threads were stopped: 0.0001157 seconds, Stopping threads took: 0.0000466 seconds
[309.635s][info ][safepoint    ] Application time: 1.0000968 seconds
[309.635s][info ][safepoint    ] Entering safepoint region: Cleanup
[309.635s][info ][safepoint    ] Leaving safepoint region
[309.635s][info ][safepoint    ] Total time for which application threads were stopped: 0.0001104 seconds, Stopping threads took: 0.0000417 seconds
[310.635s][info ][safepoint    ] Application time: 1.0000848 seconds
[310.635s][info ][safepoint    ] Entering safepoint region: Cleanup
[310.635s][info ][safepoint    ] Leaving safepoint region
[310.635s][info ][safepoint    ] Total time for which application threads were stopped: 0.0001149 seconds, Stopping threads took: 0.0000376 seconds
[311.081s][info ][safepoint    ] Application time: 0.4454313 seconds
[311.081s][info ][safepoint    ] Entering safepoint region: GenCollectForAllocation
[311.081s][info ][gc,start     ] GC(139) Pause Young (Allocation Failure)
[311.081s][info ][gc,task      ] GC(139) Using 4 workers of 4 for evacuation
[311.082s][debug][gc,ref       ] GC(139) Skipped phase1 of Reference Processing due to unavailable references
[311.082s][debug][gc,ref       ] GC(139) Skipped phase2 of Reference Processing due to unavailable references
[311.082s][debug][gc,ref       ] GC(139) Skipped phase3 of Reference Processing due to unavailable references
[311.082s][debug][gc,ref       ] GC(139) Skipped phase4 of Reference Processing due to unavailable references
[311.082s][debug][gc,age       ] GC(139) Desired survivor size 15400960 bytes, new threshold 6 (max threshold 6)
[311.082s][info ][gc,heap      ] GC(139) ParNew: 240971K->50K(270976K)
[311.082s][info ][gc,heap      ] GC(139) CMS: 223657K->223657K(602112K)
[311.082s][info ][gc,metaspace ] GC(139) Metaspace: 53799K->53799K(1097728K)
[311.082s][info ][gc           ] GC(139) Pause Young (Allocation Failure) 453M->218M(852M) 1.635ms
[311.082s][info ][gc,cpu       ] GC(139) User=0.00s Sys=0.00s Real=0.00s
[311.082s][info ][safepoint    ] Leaving safepoint region
[311.082s][info ][safepoint    ] Total time for which application threads were stopped: 0.0017804 seconds, Stopping threads took: 0.0000162 seconds
[312.083s][info ][safepoint    ] Application time: 1.0001043 seconds
[312.083s][info ][safepoint    ] Entering safepoint region: Cleanup
[312.083s][info ][safepoint    ] Leaving safepoint region
[312.083s][info ][safepoint    ] Total time for which application threads were stopped: 0.0003440 seconds, Stopping threads took: 0.0002659 seconds
[313.083s][info ][safepoint    ] Application time: 1.0000977 seconds
[313.083s][info ][safepoint    ] Entering safepoint region: Cleanup
[313.083s][info ][safepoint    ] Leaving safepoint region
[313.083s][info ][safepoint    ] Total time for which application threads were stopped: 0.0001786 seconds, Stopping threads took: 0.0000590 seconds
[314.083s][info ][safepoint    ] Application time: 1.0000829 seconds
[314.083s][info ][safepoint    ] Entering safepoint region: Cleanup
[314.084s][info ][safepoint    ] Leaving safepoint region
[314.084s][info ][safepoint    ] Total time for which application threads were stopped: 0.0001280 seconds, Stopping threads took: 0.0000606 seconds
[314.183s][info ][safepoint    ] Application time: 0.0991301 seconds
[314.183s][info ][safepoint    ] Entering safepoint region: GenCollectForAllocation
[314.183s][info ][gc,start     ] GC(140) Pause Young (Allocation Failure)
[314.183s][info ][gc,task      ] GC(140) Using 4 workers of 4 for evacuation
[314.185s][debug][gc,ref       ] GC(140) Skipped phase1 of Reference Processing due to unavailable references
[314.185s][debug][gc,ref       ] GC(140) Skipped phase3 of Reference Processing due to unavailable references
[314.185s][debug][gc,age       ] GC(140) Desired survivor size 15400960 bytes, new threshold 6 (max threshold 6)
[314.185s][info ][gc,heap      ] GC(140) ParNew: 240946K->77K(270976K)
[314.185s][info ][gc,heap      ] GC(140) CMS: 223657K->223657K(602112K)
[314.185s][info ][gc,metaspace ] GC(140) Metaspace: 53814K->53814K(1097728K)
[314.185s][info ][gc           ] GC(140) Pause Young (Allocation Failure) 453M->218M(852M) 1.873ms
[314.185s][info ][gc,cpu       ] GC(140) User=0.01s Sys=0.00s Real=0.00s
[314.185s][info ][safepoint    ] Leaving safepoint region
[314.185s][info ][safepoint    ] Total time for which application threads were stopped: 0.0020233 seconds, Stopping threads took: 0.0000177 seconds
[315.185s][info ][safepoint    ] Application time: 1.0001316 seconds
[315.185s][info ][safepoint    ] Entering safepoint region: Cleanup
[315.185s][info ][safepoint    ] Leaving safepoint region
[315.185s][info ][safepoint    ] Total time for which application threads were stopped: 0.0001082 seconds, Stopping threads took: 0.0000407 seconds
[316.185s][info ][safepoint    ] Application time: 1.0000971 seconds
[316.185s][info ][safepoint    ] Entering safepoint region: Cleanup
[316.185s][info ][safepoint    ] Leaving safepoint region
[316.185s][info ][safepoint    ] Total time for which application threads were stopped: 0.0003065 seconds, Stopping threads took: 0.0000385 seconds
[317.186s][info ][safepoint    ] Application time: 1.0000856 seconds
[317.186s][info ][safepoint    ] Entering safepoint region: Cleanup
[317.186s][info ][safepoint    ] Leaving safepoint region
[317.186s][info ][safepoint    ] Total time for which application threads were stopped: 0.0000909 seconds, Stopping threads took: 0.0000175 seconds
[317.584s][info ][safepoint    ] Application time: 0.3984296 seconds
[317.584s][info ][safepoint    ] Entering safepoint region: GenCollectForAllocation
[317.584s][info ][gc,start     ] GC(141) Pause Young (Allocation Failure)
[317.584s][info ][gc,task      ] GC(141) Using 4 workers of 4 for evacuation
[317.586s][debug][gc,ref       ] GC(141) Skipped phase1 of Reference Processing due to unavailable references
[317.586s][debug][gc,ref       ] GC(141) Skipped phase2 of Reference Processing due to unavailable references
[317.586s][debug][gc,ref       ] GC(141) Skipped phase3 of Reference Processing due to unavailable references
[317.586s][debug][gc,ref       ] GC(141) Skipped phase4 of Reference Processing due to unavailable references
[317.586s][debug][gc,age       ] GC(141) Desired survivor size 15400960 bytes, new threshold 6 (max threshold 6)
[317.586s][info ][gc,heap      ] GC(141) ParNew: 240973K->93K(270976K)
[317.586s][info ][gc,heap      ] GC(141) CMS: 223657K->223659K(602112K)
[317.586s][info ][gc,metaspace ] GC(141) Metaspace: 53815K->53815K(1097728K)
[317.586s][info ][gc           ] GC(141) Pause Young (Allocation Failure) 453M->218M(852M) 1.785ms
[317.586s][info ][gc,cpu       ] GC(141) User=0.00s Sys=0.00s Real=0.00s
[317.586s][info ][safepoint    ] Leaving safepoint region
[317.586s][info ][safepoint    ] Total time for which application threads were stopped: 0.0019558 seconds, Stopping threads took: 0.0000395 seconds
[318.586s][info ][safepoint    ] Application time: 1.0001006 seconds
[318.586s][info ][safepoint    ] Entering safepoint region: Cleanup
[318.586s][info ][safepoint    ] Leaving safepoint region
[318.586s][info ][safepoint    ] Total time for which application threads were stopped: 0.0000845 seconds, Stopping threads took: 0.0000308 seconds
[319.586s][info ][safepoint    ] Application time: 1.0000584 seconds
[319.586s][info ][safepoint    ] Entering safepoint region: Cleanup
[319.586s][info ][safepoint    ] Leaving safepoint region
[319.586s][info ][safepoint    ] Total time for which application threads were stopped: 0.0000711 seconds, Stopping threads took: 0.0000167 seconds
[320.587s][info ][safepoint    ] Application time: 1.0000855 seconds
[320.587s][info ][safepoint    ] Entering safepoint region: Cleanup
[320.587s][info ][safepoint    ] Leaving safepoint region
[320.587s][info ][safepoint    ] Total time for which application threads were stopped: 0.0000745 seconds, Stopping threads took: 0.0000171 seconds
[321.033s][info ][safepoint    ] Application time: 0.4465074 seconds
[321.033s][info ][safepoint    ] Entering safepoint region: GenCollectForAllocation
[321.033s][info ][gc,start     ] GC(142) Pause Young (Allocation Failure)
[321.033s][info ][gc,task      ] GC(142) Using 4 workers of 4 for evacuation
[321.035s][debug][gc,ref       ] GC(142) Skipped phase1 of Reference Processing due to unavailable references
[321.035s][debug][gc,ref       ] GC(142) Skipped phase2 of Reference Processing due to unavailable references
[321.035s][debug][gc,ref       ] GC(142) Skipped phase3 of Reference Processing due to unavailable references
[321.035s][debug][gc,ref       ] GC(142) Skipped phase4 of Reference Processing due to unavailable references
[321.035s][debug][gc,age       ] GC(142) Desired survivor size 15400960 bytes, new threshold 6 (max threshold 6)
[321.035s][info ][gc,heap      ] GC(142) ParNew: 240989K->203K(270976K)
[321.035s][info ][gc,heap      ] GC(142) CMS: 223659K->223659K(602112K)
[321.035s][info ][gc,metaspace ] GC(142) Metaspace: 53819K->53819K(1097728K)
[321.035s][info ][gc           ] GC(142) Pause Young (Allocation Failure) 453M->218M(852M) 1.900ms
[321.035s][info ][gc,cpu       ] GC(142) User=0.01s Sys=0.00s Real=0.00s
[321.035s][info ][safepoint    ] Leaving safepoint region
[321.035s][info ][safepoint    ] Total time for which application threads were stopped: 0.0020468 seconds, Stopping threads took: 0.0000169 seconds
[322.035s][info ][safepoint    ] Application time: 1.0000930 seconds
[322.035s][info ][safepoint    ] Entering safepoint region: Cleanup
[322.036s][info ][safepoint    ] Leaving safepoint region
[322.036s][info ][safepoint    ] Total time for which application threads were stopped: 0.0001240 seconds, Stopping threads took: 0.0000623 seconds
[323.036s][info ][safepoint    ] Application time: 1.0000905 seconds
[323.036s][info ][safepoint    ] Entering safepoint region: Cleanup
[323.036s][info ][safepoint    ] Leaving safepoint region
[323.036s][info ][safepoint    ] Total time for which application threads were stopped: 0.0001679 seconds, Stopping threads took: 0.0000347 seconds
[324.036s][info ][safepoint    ] Application time: 1.0001280 seconds
[324.036s][info ][safepoint    ] Entering safepoint region: Cleanup
[324.036s][info ][safepoint    ] Leaving safepoint region
[324.036s][info ][safepoint    ] Total time for which application threads were stopped: 0.0000716 seconds, Stopping threads took: 0.0000169 seconds
[324.482s][info ][safepoint    ] Application time: 0.4460095 seconds
[324.482s][info ][safepoint    ] Entering safepoint region: GenCollectForAllocation
[324.482s][info ][gc,start     ] GC(143) Pause Young (Allocation Failure)
[324.482s][info ][gc,task      ] GC(143) Using 4 workers of 4 for evacuation
[324.484s][debug][gc,ref       ] GC(143) Skipped phase1 of Reference Processing due to unavailable references
[324.484s][debug][gc,ref       ] GC(143) Skipped phase2 of Reference Processing due to unavailable references
[324.484s][debug][gc,ref       ] GC(143) Skipped phase3 of Reference Processing due to unavailable references
[324.484s][debug][gc,ref       ] GC(143) Skipped phase4 of Reference Processing due to unavailable references
[324.484s][debug][gc,age       ] GC(143) Desired survivor size 15400960 bytes, new threshold 6 (max threshold 6)
[324.484s][info ][gc,heap      ] GC(143) ParNew: 241099K->172K(270976K)
[324.484s][info ][gc,heap      ] GC(143) CMS: 223659K->223659K(602112K)
[324.484s][info ][gc,metaspace ] GC(143) Metaspace: 53824K->53824K(1097728K)
[324.484s][info ][gc           ] GC(143) Pause Young (Allocation Failure) 453M->218M(852M) 2.101ms
[324.484s][info ][gc,cpu       ] GC(143) User=0.01s Sys=0.00s Real=0.00s
[324.484s][info ][safepoint    ] Leaving safepoint region
[324.484s][info ][safepoint    ] Total time for which application threads were stopped: 0.0022506 seconds, Stopping threads took: 0.0000163 seconds
[325.484s][info ][safepoint    ] Application time: 1.0000737 seconds
[325.485s][info ][safepoint    ] Entering safepoint region: Cleanup
[325.485s][info ][safepoint    ] Leaving safepoint region
[325.485s][info ][safepoint    ] Total time for which application threads were stopped: 0.0001034 seconds, Stopping threads took: 0.0000376 seconds
[326.485s][info ][safepoint    ] Application time: 1.0000828 seconds
[326.485s][info ][safepoint    ] Entering safepoint region: Cleanup
[326.485s][info ][safepoint    ] Leaving safepoint region
[326.485s][info ][safepoint    ] Total time for which application threads were stopped: 0.0001158 seconds, Stopping threads took: 0.0000385 seconds
[327.485s][info ][safepoint    ] Application time: 1.0000923 seconds
[327.485s][info ][safepoint    ] Entering safepoint region: Cleanup
[327.485s][info ][safepoint    ] Leaving safepoint region
[327.485s][info ][safepoint    ] Total time for which application threads were stopped: 0.0001141 seconds, Stopping threads took: 0.0000382 seconds
[327.884s][info ][safepoint    ] Application time: 0.3990637 seconds
[327.884s][info ][safepoint    ] Entering safepoint region: GenCollectForAllocation
[327.884s][info ][gc,start     ] GC(144) Pause Young (Allocation Failure)
[327.884s][info ][gc,task      ] GC(144) Using 4 workers of 4 for evacuation
[327.886s][debug][gc,ref       ] GC(144) Skipped phase1 of Reference Processing due to unavailable references
[327.886s][debug][gc,ref       ] GC(144) Skipped phase2 of Reference Processing due to unavailable references
[327.886s][debug][gc,ref       ] GC(144) Skipped phase3 of Reference Processing due to unavailable references
[327.886s][debug][gc,ref       ] GC(144) Skipped phase4 of Reference Processing due to unavailable references
[327.886s][debug][gc,age       ] GC(144) Desired survivor size 15400960 bytes, new threshold 6 (max threshold 6)
[327.886s][info ][gc,heap      ] GC(144) ParNew: 241068K->125K(270976K)
[327.886s][info ][gc,heap      ] GC(144) CMS: 223659K->223659K(602112K)
[327.886s][info ][gc,metaspace ] GC(144) Metaspace: 53824K->53824K(1097728K)
[327.886s][info ][gc           ] GC(144) Pause Young (Allocation Failure) 453M->218M(852M) 1.856ms
[327.886s][info ][gc,cpu       ] GC(144) User=0.00s Sys=0.00s Real=0.00s
[327.886s][info ][safepoint    ] Leaving safepoint region
[327.886s][info ][safepoint    ] Total time for which application threads were stopped: 0.0020354 seconds, Stopping threads took: 0.0000396 seconds
[328.886s][info ][safepoint    ] Application time: 1.0000958 seconds
[328.886s][info ][safepoint    ] Entering safepoint region: Cleanup
[328.886s][info ][safepoint    ] Leaving safepoint region
[328.886s][info ][safepoint    ] Total time for which application threads were stopped: 0.0000786 seconds, Stopping threads took: 0.0000230 seconds
[329.887s][info ][safepoint    ] Application time: 1.0000980 seconds
[329.887s][info ][safepoint    ] Entering safepoint region: Cleanup
[329.887s][info ][safepoint    ] Leaving safepoint region
[329.887s][info ][safepoint    ] Total time for which application threads were stopped: 0.0000731 seconds, Stopping threads took: 0.0000172 seconds
[330.887s][info ][safepoint    ] Application time: 1.0000924 seconds
[330.887s][info ][safepoint    ] Entering safepoint region: Cleanup
[330.888s][info ][safepoint    ] Leaving safepoint region
[330.888s][info ][safepoint    ] Total time for which application threads were stopped: 0.0009622 seconds, Stopping threads took: 0.0000165 seconds
[331.333s][info ][safepoint    ] Application time: 0.4451700 seconds
[331.333s][info ][safepoint    ] Entering safepoint region: GenCollectForAllocation
[331.333s][info ][gc,start     ] GC(145) Pause Young (Allocation Failure)
[331.333s][info ][gc,task      ] GC(145) Using 4 workers of 4 for evacuation
[331.335s][debug][gc,ref       ] GC(145) Skipped phase1 of Reference Processing due to unavailable references
[331.335s][debug][gc,ref       ] GC(145) Skipped phase2 of Reference Processing due to unavailable references
[331.335s][debug][gc,ref       ] GC(145) Skipped phase3 of Reference Processing due to unavailable references
[331.336s][debug][gc,ref       ] GC(145) Skipped phase4 of Reference Processing due to unavailable references
[331.336s][debug][gc,age       ] GC(145) Desired survivor size 15400960 bytes, new threshold 6 (max threshold 6)
[331.336s][info ][gc,heap      ] GC(145) ParNew: 241021K->106K(270976K)
[331.336s][info ][gc,heap      ] GC(145) CMS: 223659K->223659K(602112K)
[331.336s][info ][gc,metaspace ] GC(145) Metaspace: 53827K->53827K(1097728K)
[331.336s][info ][gc           ] GC(145) Pause Young (Allocation Failure) 453M->218M(852M) 2.561ms
[331.336s][info ][gc,cpu       ] GC(145) User=0.01s Sys=0.00s Real=0.00s
[331.336s][info ][safepoint    ] Leaving safepoint region
[331.336s][info ][safepoint    ] Total time for which application threads were stopped: 0.0027088 seconds, Stopping threads took: 0.0000161 seconds
[332.336s][info ][safepoint    ] Application time: 1.0000950 seconds
[332.336s][info ][safepoint    ] Entering safepoint region: Cleanup
[332.336s][info ][safepoint    ] Leaving safepoint region
[332.336s][info ][safepoint    ] Total time for which application threads were stopped: 0.0000795 seconds, Stopping threads took: 0.0000191 seconds
[333.336s][info ][safepoint    ] Application time: 1.0000800 seconds
[333.336s][info ][safepoint    ] Entering safepoint region: Cleanup
[333.336s][info ][safepoint    ] Leaving safepoint region
[333.336s][info ][safepoint    ] Total time for which application threads were stopped: 0.0000993 seconds, Stopping threads took: 0.0000179 seconds
[334.336s][info ][safepoint    ] Application time: 1.0000837 seconds
[334.336s][info ][safepoint    ] Entering safepoint region: Cleanup
[334.336s][info ][safepoint    ] Leaving safepoint region
[334.336s][info ][safepoint    ] Total time for which application threads were stopped: 0.0000691 seconds, Stopping threads took: 0.0000158 seconds
[334.782s][info ][safepoint    ] Application time: 0.4455914 seconds
[334.782s][info ][safepoint    ] Entering safepoint region: GenCollectForAllocation
[334.782s][info ][gc,start     ] GC(146) Pause Young (Allocation Failure)
[334.782s][info ][gc,task      ] GC(146) Using 4 workers of 4 for evacuation
[334.784s][debug][gc,ref       ] GC(146) Skipped phase1 of Reference Processing due to unavailable references
[334.784s][debug][gc,ref       ] GC(146) Skipped phase2 of Reference Processing due to unavailable references
[334.784s][debug][gc,ref       ] GC(146) Skipped phase3 of Reference Processing due to unavailable references
[334.784s][debug][gc,ref       ] GC(146) Skipped phase4 of Reference Processing due to unavailable references
[334.784s][debug][gc,age       ] GC(146) Desired survivor size 15400960 bytes, new threshold 6 (max threshold 6)
[334.784s][info ][gc,heap      ] GC(146) ParNew: 241002K->74K(270976K)
[334.784s][info ][gc,heap      ] GC(146) CMS: 223659K->223706K(602112K)
[334.784s][info ][gc,metaspace ] GC(146) Metaspace: 53827K->53827K(1097728K)
[334.784s][info ][gc           ] GC(146) Pause Young (Allocation Failure) 453M->218M(852M) 2.160ms
[334.784s][info ][gc,cpu       ] GC(146) User=0.01s Sys=0.00s Real=0.00s
[334.784s][info ][safepoint    ] Leaving safepoint region
[334.784s][info ][safepoint    ] Total time for which application threads were stopped: 0.0023575 seconds, Stopping threads took: 0.0000590 seconds
[335.784s][info ][safepoint    ] Application time: 1.0001041 seconds
[335.785s][info ][safepoint    ] Entering safepoint region: Cleanup
[335.785s][info ][safepoint    ] Leaving safepoint region
[335.785s][info ][safepoint    ] Total time for which application threads were stopped: 0.0001142 seconds, Stopping threads took: 0.0000388 seconds
[336.785s][info ][safepoint    ] Application time: 1.0001078 seconds
[336.785s][info ][safepoint    ] Entering safepoint region: Cleanup
[336.785s][info ][safepoint    ] Leaving safepoint region
[336.785s][info ][safepoint    ] Total time for which application threads were stopped: 0.0001194 seconds, Stopping threads took: 0.0000511 seconds
[337.785s][info ][safepoint    ] Application time: 1.0001495 seconds
[337.785s][info ][safepoint    ] Entering safepoint region: Cleanup
[337.785s][info ][safepoint    ] Leaving safepoint region
[337.785s][info ][safepoint    ] Total time for which application threads were stopped: 0.0001303 seconds, Stopping threads took: 0.0000663 seconds
[338.184s][info ][safepoint    ] Application time: 0.3991098 seconds
[338.184s][info ][safepoint    ] Entering safepoint region: GenCollectForAllocation
[338.184s][info ][gc,start     ] GC(147) Pause Young (Allocation Failure)
[338.184s][info ][gc,task      ] GC(147) Using 4 workers of 4 for evacuation
[338.186s][debug][gc,ref       ] GC(147) Skipped phase1 of Reference Processing due to unavailable references
[338.186s][debug][gc,ref       ] GC(147) Skipped phase2 of Reference Processing due to unavailable references
[338.186s][debug][gc,ref       ] GC(147) Skipped phase3 of Reference Processing due to unavailable references
[338.186s][debug][gc,ref       ] GC(147) Skipped phase4 of Reference Processing due to unavailable references
[338.186s][debug][gc,age       ] GC(147) Desired survivor size 15400960 bytes, new threshold 6 (max threshold 6)
[338.186s][info ][gc,heap      ] GC(147) ParNew: 240970K->79K(270976K)
[338.186s][info ][gc,heap      ] GC(147) CMS: 223706K->223707K(602112K)
[338.186s][info ][gc,metaspace ] GC(147) Metaspace: 53842K->53842K(1097728K)
[338.186s][info ][gc           ] GC(147) Pause Young (Allocation Failure) 453M->218M(852M) 1.735ms
[338.186s][info ][gc,cpu       ] GC(147) User=0.00s Sys=0.00s Real=0.00s
[338.186s][info ][safepoint    ] Leaving safepoint region
[338.186s][info ][safepoint    ] Total time for which application threads were stopped: 0.0018820 seconds, Stopping threads took: 0.0000169 seconds
[339.186s][info ][safepoint    ] Application time: 1.0001256 seconds
[339.186s][info ][safepoint    ] Entering safepoint region: Cleanup
[339.186s][info ][safepoint    ] Leaving safepoint region
[339.186s][info ][safepoint    ] Total time for which application threads were stopped: 0.0000726 seconds, Stopping threads took: 0.0000179 seconds
[340.187s][info ][safepoint    ] Application time: 1.0000693 seconds
[340.187s][info ][safepoint    ] Entering safepoint region: Cleanup
[340.187s][info ][safepoint    ] Leaving safepoint region
[340.187s][info ][safepoint    ] Total time for which application threads were stopped: 0.0001020 seconds, Stopping threads took: 0.0000377 seconds
[341.187s][info ][safepoint    ] Application time: 1.0000818 seconds
[341.187s][info ][safepoint    ] Entering safepoint region: Cleanup
[341.187s][info ][safepoint    ] Leaving safepoint region
[341.187s][info ][safepoint    ] Total time for which application threads were stopped: 0.0000990 seconds, Stopping threads took: 0.0000282 seconds
[341.633s][info ][safepoint    ] Application time: 0.4461357 seconds
[341.633s][info ][safepoint    ] Entering safepoint region: GenCollectForAllocation
[341.633s][info ][gc,start     ] GC(148) Pause Young (Allocation Failure)
[341.633s][info ][gc,task      ] GC(148) Using 4 workers of 4 for evacuation
[341.635s][debug][gc,ref       ] GC(148) Skipped phase1 of Reference Processing due to unavailable references
[341.635s][debug][gc,ref       ] GC(148) Skipped phase2 of Reference Processing due to unavailable references
[341.635s][debug][gc,ref       ] GC(148) Skipped phase3 of Reference Processing due to unavailable references
[341.635s][debug][gc,ref       ] GC(148) Skipped phase4 of Reference Processing due to unavailable references
[341.635s][debug][gc,age       ] GC(148) Desired survivor size 15400960 bytes, new threshold 6 (max threshold 6)
[341.635s][info ][gc,heap      ] GC(148) ParNew: 240975K->164K(270976K)
[341.635s][info ][gc,heap      ] GC(148) CMS: 223707K->223707K(602112K)
[341.635s][info ][gc,metaspace ] GC(148) Metaspace: 53842K->53842K(1097728K)
[341.635s][info ][gc           ] GC(148) Pause Young (Allocation Failure) 453M->218M(852M) 1.756ms
[341.635s][info ][gc,cpu       ] GC(148) User=0.01s Sys=0.00s Real=0.00s
[341.635s][info ][safepoint    ] Leaving safepoint region
[341.635s][info ][safepoint    ] Total time for which application threads were stopped: 0.0019216 seconds, Stopping threads took: 0.0000298 seconds
[341.911s][info ][safepoint    ] Application time: 0.2757294 seconds
[341.911s][info ][safepoint    ] Entering safepoint region: RevokeBias
[341.911s][info ][safepoint    ] Leaving safepoint region
[341.911s][info ][safepoint    ] Total time for which application threads were stopped: 0.0000877 seconds, Stopping threads took: 0.0000168 seconds
[343.911s][info ][safepoint    ] Application time: 2.0001705 seconds
[343.911s][info ][safepoint    ] Entering safepoint region: Cleanup
[343.911s][info ][safepoint    ] Leaving safepoint region
[343.911s][info ][safepoint    ] Total time for which application threads were stopped: 0.0001037 seconds, Stopping threads took: 0.0000171 seconds
[344.911s][info ][safepoint    ] Application time: 1.0000848 seconds
[344.911s][info ][safepoint    ] Entering safepoint region: Cleanup
[344.911s][info ][safepoint    ] Leaving safepoint region
[344.911s][info ][safepoint    ] Total time for which application threads were stopped: 0.0000960 seconds, Stopping threads took: 0.0000180 seconds
[345.082s][info ][safepoint    ] Application time: 0.1704881 seconds
[345.082s][info ][safepoint    ] Entering safepoint region: GenCollectForAllocation
[345.082s][info ][gc,start     ] GC(149) Pause Young (Allocation Failure)
[345.082s][info ][gc,task      ] GC(149) Using 4 workers of 4 for evacuation
[345.084s][debug][gc,ref       ] GC(149) Skipped phase1 of Reference Processing due to unavailable references
[345.084s][debug][gc,ref       ] GC(149) Skipped phase2 of Reference Processing due to unavailable references
[345.084s][debug][gc,ref       ] GC(149) Skipped phase3 of Reference Processing due to unavailable references
[345.084s][debug][gc,ref       ] GC(149) Skipped phase4 of Reference Processing due to unavailable references
[345.084s][debug][gc,age       ] GC(149) Desired survivor size 15400960 bytes, new threshold 6 (max threshold 6)
[345.084s][info ][gc,heap      ] GC(149) ParNew: 241060K->116K(270976K)
[345.084s][info ][gc,heap      ] GC(149) CMS: 223707K->223708K(602112K)
[345.084s][info ][gc,metaspace ] GC(149) Metaspace: 53842K->53842K(1097728K)
[345.084s][info ][gc           ] GC(149) Pause Young (Allocation Failure) 453M->218M(852M) 1.730ms
[345.084s][info ][gc,cpu       ] GC(149) User=0.00s Sys=0.00s Real=0.00s
[345.084s][info ][safepoint    ] Leaving safepoint region
[345.084s][info ][safepoint    ] Total time for which application threads were stopped: 0.0018717 seconds, Stopping threads took: 0.0000162 seconds
[348.485s][info ][safepoint    ] Application time: 3.4009757 seconds
[348.485s][info ][safepoint    ] Entering safepoint region: GenCollectForAllocation
[348.485s][info ][gc,start     ] GC(150) Pause Young (Allocation Failure)
[348.485s][info ][gc,task      ] GC(150) Using 4 workers of 4 for evacuation
[348.486s][debug][gc,ref       ] GC(150) Skipped phase1 of Reference Processing due to unavailable references
[348.486s][debug][gc,ref       ] GC(150) Skipped phase2 of Reference Processing due to unavailable references
[348.486s][debug][gc,ref       ] GC(150) Skipped phase3 of Reference Processing due to unavailable references
[348.486s][debug][gc,ref       ] GC(150) Skipped phase4 of Reference Processing due to unavailable references
[348.487s][debug][gc,age       ] GC(150) Desired survivor size 15400960 bytes, new threshold 6 (max threshold 6)
[348.487s][info ][gc,heap      ] GC(150) ParNew: 241012K->49K(270976K)
[348.487s][info ][gc,heap      ] GC(150) CMS: 223708K->223708K(602112K)
[348.487s][info ][gc,metaspace ] GC(150) Metaspace: 53842K->53842K(1097728K)
[348.487s][info ][gc           ] GC(150) Pause Young (Allocation Failure) 453M->218M(852M) 1.630ms
[348.487s][info ][gc,cpu       ] GC(150) User=0.01s Sys=0.00s Real=0.00s
[348.487s][info ][safepoint    ] Leaving safepoint region
[348.487s][info ][safepoint    ] Total time for which application threads were stopped: 0.0017719 seconds, Stopping threads took: 0.0000166 seconds
[351.933s][info ][safepoint    ] Application time: 3.4468622 seconds
[351.934s][info ][safepoint    ] Entering safepoint region: GenCollectForAllocation
[351.934s][info ][gc,start     ] GC(151) Pause Young (Allocation Failure)
[351.934s][info ][gc,task      ] GC(151) Using 4 workers of 4 for evacuation
[351.935s][debug][gc,ref       ] GC(151) Skipped phase1 of Reference Processing due to unavailable references
[351.935s][debug][gc,ref       ] GC(151) Skipped phase2 of Reference Processing due to unavailable references
[351.935s][debug][gc,ref       ] GC(151) Skipped phase3 of Reference Processing due to unavailable references
[351.935s][debug][gc,ref       ] GC(151) Skipped phase4 of Reference Processing due to unavailable references
[351.935s][debug][gc,age       ] GC(151) Desired survivor size 15400960 bytes, new threshold 6 (max threshold 6)
[351.935s][info ][gc,heap      ] GC(151) ParNew: 240945K->47K(270976K)
[351.935s][info ][gc,heap      ] GC(151) CMS: 223708K->223709K(602112K)
[351.935s][info ][gc,metaspace ] GC(151) Metaspace: 53843K->53843K(1097728K)
[351.935s][info ][gc           ] GC(151) Pause Young (Allocation Failure) 453M->218M(852M) 1.675ms
[351.935s][info ][gc,cpu       ] GC(151) User=0.00s Sys=0.00s Real=0.00s
[351.935s][info ][safepoint    ] Leaving safepoint region
[351.935s][info ][safepoint    ] Total time for which application threads were stopped: 0.0018396 seconds, Stopping threads took: 0.0000165 seconds
[355.382s][info ][safepoint    ] Application time: 3.4471046 seconds
[355.383s][info ][safepoint    ] Entering safepoint region: GenCollectForAllocation
[355.383s][info ][gc,start     ] GC(152) Pause Young (Allocation Failure)
[355.383s][info ][gc,task      ] GC(152) Using 4 workers of 4 for evacuation
[355.384s][debug][gc,ref       ] GC(152) Skipped phase1 of Reference Processing due to unavailable references
[355.384s][debug][gc,ref       ] GC(152) Skipped phase2 of Reference Processing due to unavailable references
[355.384s][debug][gc,ref       ] GC(152) Skipped phase3 of Reference Processing due to unavailable references
[355.384s][debug][gc,ref       ] GC(152) Skipped phase4 of Reference Processing due to unavailable references
[355.384s][debug][gc,age       ] GC(152) Desired survivor size 15400960 bytes, new threshold 6 (max threshold 6)
[355.384s][info ][gc,heap      ] GC(152) ParNew: 240943K->133K(270976K)
[355.384s][info ][gc,heap      ] GC(152) CMS: 223709K->223710K(602112K)
[355.384s][info ][gc,metaspace ] GC(152) Metaspace: 53843K->53843K(1097728K)
[355.384s][info ][gc           ] GC(152) Pause Young (Allocation Failure) 453M->218M(852M) 1.665ms
[355.384s][info ][gc,cpu       ] GC(152) User=0.00s Sys=0.00s Real=0.00s
[355.384s][info ][safepoint    ] Leaving safepoint region
[355.384s][info ][safepoint    ] Total time for which application threads were stopped: 0.0018322 seconds, Stopping threads took: 0.0000167 seconds
[358.831s][info ][safepoint    ] Application time: 3.4467545 seconds
[358.831s][info ][safepoint    ] Entering safepoint region: GenCollectForAllocation
[358.831s][info ][gc,start     ] GC(153) Pause Young (Allocation Failure)
[358.831s][info ][gc,task      ] GC(153) Using 4 workers of 4 for evacuation
[358.833s][debug][gc,ref       ] GC(153) Skipped phase1 of Reference Processing due to unavailable references
[358.833s][debug][gc,ref       ] GC(153) Skipped phase2 of Reference Processing due to unavailable references
[358.833s][debug][gc,ref       ] GC(153) Skipped phase3 of Reference Processing due to unavailable references
[358.833s][debug][gc,ref       ] GC(153) Skipped phase4 of Reference Processing due to unavailable references
[358.833s][debug][gc,age       ] GC(153) Desired survivor size 15400960 bytes, new threshold 6 (max threshold 6)
[358.833s][info ][gc,heap      ] GC(153) ParNew: 241029K->96K(270976K)
[358.833s][info ][gc,heap      ] GC(153) CMS: 223710K->223710K(602112K)
[358.833s][info ][gc,metaspace ] GC(153) Metaspace: 53843K->53843K(1097728K)
[358.833s][info ][gc           ] GC(153) Pause Young (Allocation Failure) 453M->218M(852M) 1.627ms
[358.833s][info ][gc,cpu       ] GC(153) User=0.01s Sys=0.00s Real=0.00s
[358.833s][info ][safepoint    ] Leaving safepoint region
[358.833s][info ][safepoint    ] Total time for which application threads were stopped: 0.0017742 seconds, Stopping threads took: 0.0000194 seconds
[362.234s][info ][safepoint    ] Application time: 3.4007857 seconds
[362.234s][info ][safepoint    ] Entering safepoint region: GenCollectForAllocation
[362.234s][info ][gc,start     ] GC(154) Pause Young (Allocation Failure)
[362.234s][info ][gc,task      ] GC(154) Using 4 workers of 4 for evacuation
[362.235s][debug][gc,ref       ] GC(154) Skipped phase1 of Reference Processing due to unavailable references
[362.235s][debug][gc,ref       ] GC(154) Skipped phase2 of Reference Processing due to unavailable references
[362.235s][debug][gc,ref       ] GC(154) Skipped phase3 of Reference Processing due to unavailable references
[362.235s][debug][gc,ref       ] GC(154) Skipped phase4 of Reference Processing due to unavailable references
[362.236s][debug][gc,age       ] GC(154) Desired survivor size 15400960 bytes, new threshold 6 (max threshold 6)
[362.236s][info ][gc,heap      ] GC(154) ParNew: 240992K->73K(270976K)
[362.236s][info ][gc,heap      ] GC(154) CMS: 223710K->223710K(602112K)
[362.236s][info ][gc,metaspace ] GC(154) Metaspace: 53844K->53844K(1097728K)
[362.236s][info ][gc           ] GC(154) Pause Young (Allocation Failure) 453M->218M(852M) 1.684ms
[362.236s][info ][gc,cpu       ] GC(154) User=0.01s Sys=0.00s Real=0.00s
[362.236s][info ][safepoint    ] Leaving safepoint region
[362.236s][info ][safepoint    ] Total time for which application threads were stopped: 0.0019075 seconds, Stopping threads took: 0.0000298 seconds
[365.683s][info ][safepoint    ] Application time: 3.4471611 seconds
[365.683s][info ][safepoint    ] Entering safepoint region: GenCollectForAllocation
[365.683s][info ][gc,start     ] GC(155) Pause Young (Allocation Failure)
[365.683s][info ][gc,task      ] GC(155) Using 4 workers of 4 for evacuation
[365.684s][debug][gc,ref       ] GC(155) Skipped phase1 of Reference Processing due to unavailable references
[365.685s][debug][gc,ref       ] GC(155) Skipped phase2 of Reference Processing due to unavailable references
[365.685s][debug][gc,ref       ] GC(155) Skipped phase3 of Reference Processing due to unavailable references
[365.685s][debug][gc,ref       ] GC(155) Skipped phase4 of Reference Processing due to unavailable references
[365.685s][debug][gc,age       ] GC(155) Desired survivor size 15400960 bytes, new threshold 6 (max threshold 6)
[365.685s][info ][gc,heap      ] GC(155) ParNew: 240969K->73K(270976K)
[365.685s][info ][gc,heap      ] GC(155) CMS: 223710K->223711K(602112K)
[365.685s][info ][gc,metaspace ] GC(155) Metaspace: 53844K->53844K(1097728K)
[365.685s][info ][gc           ] GC(155) Pause Young (Allocation Failure) 453M->218M(852M) 1.689ms
[365.685s][info ][gc,cpu       ] GC(155) User=0.01s Sys=0.00s Real=0.00s
[365.685s][info ][safepoint    ] Leaving safepoint region
[365.685s][info ][safepoint    ] Total time for which application threads were stopped: 0.0018601 seconds, Stopping threads took: 0.0000171 seconds
[369.131s][info ][safepoint    ] Application time: 3.4467135 seconds
[369.131s][info ][safepoint    ] Entering safepoint region: GenCollectForAllocation
[369.132s][info ][gc,start     ] GC(156) Pause Young (Allocation Failure)
[369.132s][info ][gc,task      ] GC(156) Using 4 workers of 4 for evacuation
[369.133s][debug][gc,ref       ] GC(156) Skipped phase1 of Reference Processing due to unavailable references
[369.133s][debug][gc,ref       ] GC(156) Skipped phase2 of Reference Processing due to unavailable references
[369.133s][debug][gc,ref       ] GC(156) Skipped phase3 of Reference Processing due to unavailable references
[369.133s][debug][gc,ref       ] GC(156) Skipped phase4 of Reference Processing due to unavailable references
[369.133s][debug][gc,age       ] GC(156) Desired survivor size 15400960 bytes, new threshold 6 (max threshold 6)
[369.133s][info ][gc,heap      ] GC(156) ParNew: 240969K->28K(270976K)
[369.133s][info ][gc,heap      ] GC(156) CMS: 223711K->223711K(602112K)
[369.133s][info ][gc,metaspace ] GC(156) Metaspace: 53844K->53844K(1097728K)
[369.133s][info ][gc           ] GC(156) Pause Young (Allocation Failure) 453M->218M(852M) 1.576ms
[369.133s][info ][gc,cpu       ] GC(156) User=0.00s Sys=0.00s Real=0.00s
[369.133s][info ][safepoint    ] Leaving safepoint region
[369.133s][info ][safepoint    ] Total time for which application threads were stopped: 0.0017810 seconds, Stopping threads took: 0.0000310 seconds
[370.133s][info ][safepoint    ] Application time: 1.0001017 seconds
[370.133s][info ][safepoint    ] Entering safepoint region: Cleanup
[370.134s][info ][safepoint    ] Leaving safepoint region
[370.134s][info ][safepoint    ] Total time for which application threads were stopped: 0.0001606 seconds, Stopping threads took: 0.0000704 seconds
[372.535s][info ][safepoint    ] Application time: 2.4018891 seconds
[372.535s][info ][safepoint    ] Entering safepoint region: GenCollectForAllocation
[372.536s][info ][gc,start     ] GC(157) Pause Young (Allocation Failure)
[372.536s][info ][gc,task      ] GC(157) Using 4 workers of 4 for evacuation
[372.537s][debug][gc,ref       ] GC(157) Skipped phase1 of Reference Processing due to unavailable references
[372.537s][debug][gc,ref       ] GC(157) Skipped phase2 of Reference Processing due to unavailable references
[372.537s][debug][gc,ref       ] GC(157) Skipped phase3 of Reference Processing due to unavailable references
[372.537s][debug][gc,ref       ] GC(157) Skipped phase4 of Reference Processing due to unavailable references
[372.538s][debug][gc,age       ] GC(157) Desired survivor size 15400960 bytes, new threshold 6 (max threshold 6)
[372.538s][info ][gc,heap      ] GC(157) ParNew: 240924K->37K(270976K)
[372.538s][info ][gc,heap      ] GC(157) CMS: 223711K->223711K(602112K)
[372.538s][info ][gc,metaspace ] GC(157) Metaspace: 53847K->53847K(1097728K)
[372.538s][info ][gc           ] GC(157) Pause Young (Allocation Failure) 453M->218M(852M) 1.970ms
[372.538s][info ][gc,cpu       ] GC(157) User=0.01s Sys=0.00s Real=0.00s
[372.538s][info ][safepoint    ] Leaving safepoint region
[372.538s][info ][safepoint    ] Total time for which application threads were stopped: 0.0021333 seconds, Stopping threads took: 0.0000165 seconds
[375.983s][info ][safepoint    ] Application time: 3.4455484 seconds
[375.983s][info ][safepoint    ] Entering safepoint region: GenCollectForAllocation
[375.983s][info ][gc,start     ] GC(158) Pause Young (Allocation Failure)
[375.983s][info ][gc,task      ] GC(158) Using 4 workers of 4 for evacuation
[375.985s][debug][gc,ref       ] GC(158) Skipped phase1 of Reference Processing due to unavailable references
[375.985s][debug][gc,ref       ] GC(158) Skipped phase2 of Reference Processing due to unavailable references
[375.985s][debug][gc,ref       ] GC(158) Skipped phase3 of Reference Processing due to unavailable references
[375.985s][debug][gc,ref       ] GC(158) Skipped phase4 of Reference Processing due to unavailable references
[375.986s][debug][gc,age       ] GC(158) Desired survivor size 15400960 bytes, new threshold 6 (max threshold 6)
[375.986s][info ][gc,heap      ] GC(158) ParNew: 240933K->77K(270976K)
[375.986s][info ][gc,heap      ] GC(158) CMS: 223711K->223711K(602112K)
[375.986s][info ][gc,metaspace ] GC(158) Metaspace: 53847K->53847K(1097728K)
[375.986s][info ][gc           ] GC(158) Pause Young (Allocation Failure) 453M->218M(852M) 2.320ms
[375.986s][info ][gc,cpu       ] GC(158) User=0.01s Sys=0.00s Real=0.00s
[375.986s][info ][safepoint    ] Leaving safepoint region
[375.986s][info ][safepoint    ] Total time for which application threads were stopped: 0.0024762 seconds, Stopping threads took: 0.0000174 seconds
[376.986s][info ][safepoint    ] Application time: 1.0000896 seconds
[376.986s][info ][safepoint    ] Entering safepoint region: Cleanup
[376.986s][info ][safepoint    ] Leaving safepoint region
[376.986s][info ][safepoint    ] Total time for which application threads were stopped: 0.0000917 seconds, Stopping threads took: 0.0000180 seconds
[379.432s][info ][safepoint    ] Application time: 2.4461641 seconds
[379.432s][info ][safepoint    ] Entering safepoint region: GenCollectForAllocation
[379.432s][info ][gc,start     ] GC(159) Pause Young (Allocation Failure)
[379.432s][info ][gc,task      ] GC(159) Using 4 workers of 4 for evacuation
[379.434s][debug][gc,ref       ] GC(159) Skipped phase1 of Reference Processing due to unavailable references
[379.434s][debug][gc,ref       ] GC(159) Skipped phase2 of Reference Processing due to unavailable references
[379.434s][debug][gc,ref       ] GC(159) Skipped phase3 of Reference Processing due to unavailable references
[379.434s][debug][gc,ref       ] GC(159) Skipped phase4 of Reference Processing due to unavailable references
[379.434s][debug][gc,age       ] GC(159) Desired survivor size 15400960 bytes, new threshold 6 (max threshold 6)
[379.434s][info ][gc,heap      ] GC(159) ParNew: 240973K->66K(270976K)
[379.434s][info ][gc,heap      ] GC(159) CMS: 223711K->223711K(602112K)
[379.434s][info ][gc,metaspace ] GC(159) Metaspace: 53847K->53847K(1097728K)
[379.434s][info ][gc           ] GC(159) Pause Young (Allocation Failure) 453M->218M(852M) 1.605ms
[379.434s][info ][gc,cpu       ] GC(159) User=0.00s Sys=0.00s Real=0.00s
[379.434s][info ][safepoint    ] Leaving safepoint region
[379.434s][info ][safepoint    ] Total time for which application threads were stopped: 0.0017547 seconds, Stopping threads took: 0.0000163 seconds
[382.835s][info ][safepoint    ] Application time: 3.4012484 seconds
[382.835s][info ][safepoint    ] Entering safepoint region: GenCollectForAllocation
[382.835s][info ][gc,start     ] GC(160) Pause Young (Allocation Failure)
[382.835s][info ][gc,task      ] GC(160) Using 4 workers of 4 for evacuation
[382.837s][debug][gc,ref       ] GC(160) Skipped phase1 of Reference Processing due to unavailable references
[382.837s][debug][gc,ref       ] GC(160) Skipped phase2 of Reference Processing due to unavailable references
[382.837s][debug][gc,ref       ] GC(160) Skipped phase3 of Reference Processing due to unavailable references
[382.837s][debug][gc,ref       ] GC(160) Skipped phase4 of Reference Processing due to unavailable references
[382.837s][debug][gc,age       ] GC(160) Desired survivor size 15400960 bytes, new threshold 6 (max threshold 6)
[382.837s][info ][gc,heap      ] GC(160) ParNew: 240962K->43K(270976K)
[382.837s][info ][gc,heap      ] GC(160) CMS: 223711K->223711K(602112K)
[382.837s][info ][gc,metaspace ] GC(160) Metaspace: 53847K->53847K(1097728K)
[382.837s][info ][gc           ] GC(160) Pause Young (Allocation Failure) 453M->218M(852M) 1.657ms
[382.837s][info ][gc,cpu       ] GC(160) User=0.01s Sys=0.00s Real=0.00s
[382.837s][info ][safepoint    ] Leaving safepoint region
[382.837s][info ][safepoint    ] Total time for which application threads were stopped: 0.0018009 seconds, Stopping threads took: 0.0000168 seconds
[386.284s][info ][safepoint    ] Application time: 3.4468631 seconds
[386.284s][info ][safepoint    ] Entering safepoint region: GenCollectForAllocation
[386.284s][info ][gc,start     ] GC(161) Pause Young (Allocation Failure)
[386.284s][info ][gc,task      ] GC(161) Using 4 workers of 4 for evacuation
[386.286s][debug][gc,ref       ] GC(161) Skipped phase1 of Reference Processing due to unavailable references
[386.286s][debug][gc,ref       ] GC(161) Skipped phase2 of Reference Processing due to unavailable references
[386.286s][debug][gc,ref       ] GC(161) Skipped phase3 of Reference Processing due to unavailable references
[386.286s][debug][gc,ref       ] GC(161) Skipped phase4 of Reference Processing due to unavailable references
[386.286s][debug][gc,age       ] GC(161) Desired survivor size 15400960 bytes, new threshold 6 (max threshold 6)
[386.286s][info ][gc,heap      ] GC(161) ParNew: 240939K->121K(270976K)
[386.286s][info ][gc,heap      ] GC(161) CMS: 223711K->223711K(602112K)
[386.286s][info ][gc,metaspace ] GC(161) Metaspace: 53848K->53848K(1097728K)
[386.286s][info ][gc           ] GC(161) Pause Young (Allocation Failure) 453M->218M(852M) 1.735ms
[386.286s][info ][gc,cpu       ] GC(161) User=0.01s Sys=0.00s Real=0.00s
[386.286s][info ][safepoint    ] Leaving safepoint region
[386.286s][info ][safepoint    ] Total time for which application threads were stopped: 0.0018774 seconds, Stopping threads took: 0.0000163 seconds
[387.286s][info ][safepoint    ] Application time: 1.0001191 seconds
[387.286s][info ][safepoint    ] Entering safepoint region: Cleanup
[387.286s][info ][safepoint    ] Leaving safepoint region
[387.286s][info ][safepoint    ] Total time for which application threads were stopped: 0.0000749 seconds, Stopping threads took: 0.0000161 seconds
[389.733s][info ][safepoint    ] Application time: 2.4465481 seconds
[389.733s][info ][safepoint    ] Entering safepoint region: GenCollectForAllocation
[389.733s][info ][gc,start     ] GC(162) Pause Young (Allocation Failure)
[389.733s][info ][gc,task      ] GC(162) Using 4 workers of 4 for evacuation
[389.734s][debug][gc,ref       ] GC(162) Skipped phase1 of Reference Processing due to unavailable references
[389.734s][debug][gc,ref       ] GC(162) Skipped phase2 of Reference Processing due to unavailable references
[389.734s][debug][gc,ref       ] GC(162) Skipped phase3 of Reference Processing due to unavailable references
[389.734s][debug][gc,ref       ] GC(162) Skipped phase4 of Reference Processing due to unavailable references
[389.734s][debug][gc,age       ] GC(162) Desired survivor size 15400960 bytes, new threshold 6 (max threshold 6)
[389.734s][info ][gc,heap      ] GC(162) ParNew: 241017K->83K(270976K)
[389.734s][info ][gc,heap      ] GC(162) CMS: 223711K->223711K(602112K)
[389.734s][info ][gc,metaspace ] GC(162) Metaspace: 53848K->53848K(1097728K)
[389.734s][info ][gc           ] GC(162) Pause Young (Allocation Failure) 453M->218M(852M) 1.733ms
[389.734s][info ][gc,cpu       ] GC(162) User=0.01s Sys=0.00s Real=0.00s
[389.734s][info ][safepoint    ] Leaving safepoint region
[389.734s][info ][safepoint    ] Total time for which application threads were stopped: 0.0018994 seconds, Stopping threads took: 0.0000167 seconds
[390.268s][info ][safepoint    ] Application time: 0.5334847 seconds
[390.268s][info ][safepoint    ] Entering safepoint region: RevokeBias
[390.268s][info ][safepoint    ] Leaving safepoint region
[390.268s][info ][safepoint    ] Total time for which application threads were stopped: 0.0001136 seconds, Stopping threads took: 0.0000199 seconds
[390.268s][info ][safepoint    ] Application time: 0.0003048 seconds
[390.268s][info ][safepoint    ] Entering safepoint region: RevokeBias
[390.269s][info ][safepoint    ] Leaving safepoint region
[390.269s][info ][safepoint    ] Total time for which application threads were stopped: 0.0000598 seconds, Stopping threads took: 0.0000111 seconds
[390.286s][info ][safepoint    ] Application time: 0.0169797 seconds
[390.286s][info ][safepoint    ] Entering safepoint region: RevokeBias
[390.286s][info ][safepoint    ] Leaving safepoint region
[390.286s][info ][safepoint    ] Total time for which application threads were stopped: 0.0001048 seconds, Stopping threads took: 0.0000157 seconds
[390.499s][info ][safepoint    ] Application time: 0.2132391 seconds
[390.499s][info ][safepoint    ] Entering safepoint region: RevokeBias
[390.499s][info ][safepoint    ] Leaving safepoint region
[390.499s][info ][safepoint    ] Total time for which application threads were stopped: 0.0000979 seconds, Stopping threads took: 0.0000188 seconds
[390.501s][info ][safepoint    ] Application time: 0.0022034 seconds
[390.501s][info ][safepoint    ] Entering safepoint region: RevokeBias
[390.501s][info ][safepoint    ] Leaving safepoint region
[390.501s][info ][safepoint    ] Total time for which application threads were stopped: 0.0000547 seconds, Stopping threads took: 0.0000118 seconds
[390.502s][info ][safepoint    ] Application time: 0.0002980 seconds
[390.502s][info ][safepoint    ] Entering safepoint region: RevokeBias
[390.502s][info ][safepoint    ] Leaving safepoint region
[390.502s][info ][safepoint    ] Total time for which application threads were stopped: 0.0003021 seconds, Stopping threads took: 0.0002692 seconds
[390.502s][info ][safepoint    ] Application time: 0.0001827 seconds
[390.502s][info ][safepoint    ] Entering safepoint region: RevokeBias
[390.502s][info ][safepoint    ] Leaving safepoint region
[390.502s][info ][safepoint    ] Total time for which application threads were stopped: 0.0000378 seconds, Stopping threads took: 0.0000091 seconds
[390.502s][info ][safepoint    ] Application time: 0.0000882 seconds
[390.502s][info ][safepoint    ] Entering safepoint region: RevokeBias
[390.502s][info ][safepoint    ] Leaving safepoint region
[390.502s][info ][safepoint    ] Total time for which application threads were stopped: 0.0000358 seconds, Stopping threads took: 0.0000135 seconds
[390.502s][info ][safepoint    ] Application time: 0.0000908 seconds
[390.502s][info ][safepoint    ] Entering safepoint region: RevokeBias
[390.502s][info ][safepoint    ] Leaving safepoint region
[390.502s][info ][safepoint    ] Total time for which application threads were stopped: 0.0000586 seconds, Stopping threads took: 0.0000343 seconds
[390.503s][info ][safepoint    ] Application time: 0.0000866 seconds
[390.503s][info ][safepoint    ] Entering safepoint region: RevokeBias
[390.503s][info ][safepoint    ] Leaving safepoint region
[390.503s][info ][safepoint    ] Total time for which application threads were stopped: 0.0000340 seconds, Stopping threads took: 0.0000064 seconds
[390.503s][info ][safepoint    ] Application time: 0.0000802 seconds
[390.503s][info ][safepoint    ] Entering safepoint region: RevokeBias
[390.503s][info ][safepoint    ] Leaving safepoint region
[390.503s][info ][safepoint    ] Total time for which application threads were stopped: 0.0000741 seconds, Stopping threads took: 0.0000464 seconds
[390.503s][info ][safepoint    ] Application time: 0.0000875 seconds
[390.503s][info ][safepoint    ] Entering safepoint region: RevokeBias
[390.503s][info ][safepoint    ] Leaving safepoint region
[390.503s][info ][safepoint    ] Total time for which application threads were stopped: 0.0000415 seconds, Stopping threads took: 0.0000105 seconds
[390.503s][info ][safepoint    ] Application time: 0.0000915 seconds
[390.503s][info ][safepoint    ] Entering safepoint region: RevokeBias
[390.503s][info ][safepoint    ] Leaving safepoint region
[390.503s][info ][safepoint    ] Total time for which application threads were stopped: 0.0000368 seconds, Stopping threads took: 0.0000087 seconds
[390.503s][info ][safepoint    ] Application time: 0.0000923 seconds
[390.503s][info ][safepoint    ] Entering safepoint region: RevokeBias
[390.503s][info ][safepoint    ] Leaving safepoint region
[390.503s][info ][safepoint    ] Total time for which application threads were stopped: 0.0000355 seconds, Stopping threads took: 0.0000087 seconds
[390.503s][info ][safepoint    ] Application time: 0.0001058 seconds
[390.503s][info ][safepoint    ] Entering safepoint region: RevokeBias
[390.503s][info ][safepoint    ] Leaving safepoint region
[390.503s][info ][safepoint    ] Total time for which application threads were stopped: 0.0000416 seconds, Stopping threads took: 0.0000108 seconds
[390.503s][info ][safepoint    ] Application time: 0.0001022 seconds
[390.503s][info ][safepoint    ] Entering safepoint region: RevokeBias
[390.504s][info ][safepoint    ] Leaving safepoint region
[390.504s][info ][safepoint    ] Total time for which application threads were stopped: 0.0000307 seconds, Stopping threads took: 0.0000066 seconds
[390.504s][info ][safepoint    ] Application time: 0.0000757 seconds
[390.504s][info ][safepoint    ] Entering safepoint region: RevokeBias
[390.504s][info ][safepoint    ] Leaving safepoint region
[390.504s][info ][safepoint    ] Total time for which application threads were stopped: 0.0000275 seconds, Stopping threads took: 0.0000062 seconds
[390.504s][info ][safepoint    ] Application time: 0.0000775 seconds
[390.504s][info ][safepoint    ] Entering safepoint region: RevokeBias
[390.504s][info ][safepoint    ] Leaving safepoint region
[390.504s][info ][safepoint    ] Total time for which application threads were stopped: 0.0000384 seconds, Stopping threads took: 0.0000113 seconds
[390.504s][info ][safepoint    ] Application time: 0.0001318 seconds
[390.504s][info ][safepoint    ] Entering safepoint region: RevokeBias
[390.504s][info ][safepoint    ] Leaving safepoint region
[390.504s][info ][safepoint    ] Total time for which application threads were stopped: 0.0000301 seconds, Stopping threads took: 0.0000068 seconds
[390.504s][info ][safepoint    ] Application time: 0.0001031 seconds
[390.504s][info ][safepoint    ] Entering safepoint region: RevokeBias
[390.504s][info ][safepoint    ] Leaving safepoint region
[390.504s][info ][safepoint    ] Total time for which application threads were stopped: 0.0000282 seconds, Stopping threads took: 0.0000064 seconds
[390.504s][info ][safepoint    ] Application time: 0.0000764 seconds
[390.504s][info ][safepoint    ] Entering safepoint region: RevokeBias
[390.504s][info ][safepoint    ] Leaving safepoint region
[390.504s][info ][safepoint    ] Total time for which application threads were stopped: 0.0000306 seconds, Stopping threads took: 0.0000060 seconds
[390.504s][info ][safepoint    ] Application time: 0.0000706 seconds
[390.504s][info ][safepoint    ] Entering safepoint region: RevokeBias
[390.504s][info ][safepoint    ] Leaving safepoint region
[390.504s][info ][safepoint    ] Total time for which application threads were stopped: 0.0000346 seconds, Stopping threads took: 0.0000084 seconds
[390.504s][info ][safepoint    ] Application time: 0.0000658 seconds
[390.504s][info ][safepoint    ] Entering safepoint region: RevokeBias
[390.504s][info ][safepoint    ] Leaving safepoint region
[390.504s][info ][safepoint    ] Total time for which application threads were stopped: 0.0000376 seconds, Stopping threads took: 0.0000082 seconds
[390.505s][info ][safepoint    ] Application time: 0.0000594 seconds
[390.505s][info ][safepoint    ] Entering safepoint region: BulkRevokeBias
[390.505s][info ][safepoint    ] Leaving safepoint region
[390.505s][info ][safepoint    ] Total time for which application threads were stopped: 0.0001735 seconds, Stopping threads took: 0.0000060 seconds
[390.508s][info ][safepoint    ] Application time: 0.0033244 seconds
[390.508s][info ][safepoint    ] Entering safepoint region: ICBufferFull
[390.508s][info ][safepoint    ] Leaving safepoint region
[390.508s][info ][safepoint    ] Total time for which application threads were stopped: 0.0001494 seconds, Stopping threads took: 0.0000117 seconds
[390.515s][info ][safepoint    ] Application time: 0.0072192 seconds
[390.515s][info ][safepoint    ] Entering safepoint region: RevokeBias
[390.516s][info ][safepoint    ] Leaving safepoint region
[390.516s][info ][safepoint    ] Total time for which application threads were stopped: 0.0001389 seconds, Stopping threads took: 0.0000333 seconds
[390.541s][info ][safepoint    ] Application time: 0.0255851 seconds
[390.541s][info ][safepoint    ] Entering safepoint region: RevokeBias
[390.541s][info ][safepoint    ] Leaving safepoint region
[390.541s][info ][safepoint    ] Total time for which application threads were stopped: 0.0001098 seconds, Stopping threads took: 0.0000364 seconds
[390.585s][info ][safepoint    ] Application time: 0.0437675 seconds
[390.585s][info ][safepoint    ] Entering safepoint region: RevokeBias
[390.585s][info ][safepoint    ] Leaving safepoint region
[390.585s][info ][safepoint    ] Total time for which application threads were stopped: 0.0000962 seconds, Stopping threads took: 0.0000169 seconds
[391.585s][info ][safepoint    ] Application time: 1.0000905 seconds
[391.585s][info ][safepoint    ] Entering safepoint region: Cleanup
[391.586s][info ][safepoint    ] Leaving safepoint region
[391.586s][info ][safepoint    ] Total time for which application threads were stopped: 0.0002260 seconds, Stopping threads took: 0.0000392 seconds
[392.335s][info ][safepoint    ] Application time: 0.7495935 seconds
[392.335s][info ][safepoint    ] Entering safepoint region: GenCollectForAllocation
[392.335s][info ][gc,start     ] GC(163) Pause Young (Allocation Failure)
[392.335s][info ][gc,task      ] GC(163) Using 4 workers of 4 for evacuation
[392.341s][debug][gc,ref       ] GC(163) Skipped phase1 of Reference Processing due to unavailable references
[392.341s][debug][gc,age       ] GC(163) Desired survivor size 15400960 bytes, new threshold 1 (max threshold 6)
[392.341s][info ][gc,heap      ] GC(163) ParNew: 240979K->17685K(270976K)
[392.341s][info ][gc,heap      ] GC(163) CMS: 223711K->223711K(602112K)
[392.341s][info ][gc,metaspace ] GC(163) Metaspace: 53900K->53900K(1097728K)
[392.341s][info ][gc           ] GC(163) Pause Young (Allocation Failure) 453M->235M(852M) 5.455ms
[392.341s][info ][gc,cpu       ] GC(163) User=0.02s Sys=0.00s Real=0.01s
[392.341s][info ][safepoint    ] Leaving safepoint region
[392.341s][info ][safepoint    ] Total time for which application threads were stopped: 0.0056711 seconds, Stopping threads took: 0.0000482 seconds
[393.341s][info ][safepoint    ] Application time: 1.0000999 seconds
[393.341s][info ][safepoint    ] Entering safepoint region: Cleanup
[393.341s][info ][safepoint    ] Leaving safepoint region
[393.341s][info ][safepoint    ] Total time for which application threads were stopped: 0.0000867 seconds, Stopping threads took: 0.0000175 seconds
[394.341s][info ][safepoint    ] Application time: 1.0000888 seconds
[394.341s][info ][safepoint    ] Entering safepoint region: Cleanup
[394.341s][info ][safepoint    ] Leaving safepoint region
[394.341s][info ][safepoint    ] Total time for which application threads were stopped: 0.0001723 seconds, Stopping threads took: 0.0000165 seconds
[395.341s][info ][safepoint    ] Application time: 1.0000912 seconds
[395.342s][info ][safepoint    ] Entering safepoint region: Cleanup
[395.342s][info ][safepoint    ] Leaving safepoint region
[395.342s][info ][safepoint    ] Total time for which application threads were stopped: 0.0000819 seconds, Stopping threads took: 0.0000183 seconds
[395.536s][info ][safepoint    ] Application time: 0.1939621 seconds
[395.536s][info ][safepoint    ] Entering safepoint region: GenCollectForAllocation
[395.536s][info ][gc,start     ] GC(164) Pause Young (Allocation Failure)
[395.536s][info ][gc,task      ] GC(164) Using 4 workers of 4 for evacuation
[395.544s][debug][gc,ref       ] GC(164) Skipped phase1 of Reference Processing due to unavailable references
[395.544s][debug][gc,ref       ] GC(164) Skipped phase2 of Reference Processing due to unavailable references
[395.544s][debug][gc,ref       ] GC(164) Skipped phase3 of Reference Processing due to unavailable references
[395.544s][debug][gc,ref       ] GC(164) Skipped phase4 of Reference Processing due to unavailable references
[395.544s][debug][gc,age       ] GC(164) Desired survivor size 15400960 bytes, new threshold 6 (max threshold 6)
[395.544s][info ][gc,heap      ] GC(164) ParNew: 258581K->543K(270976K)
[395.544s][info ][gc,heap      ] GC(164) CMS: 223711K->241367K(602112K)
[395.544s][info ][gc,metaspace ] GC(164) Metaspace: 53922K->53922K(1097728K)
[395.544s][info ][gc           ] GC(164) Pause Young (Allocation Failure) 470M->236M(852M) 8.717ms
[395.545s][info ][gc,cpu       ] GC(164) User=0.03s Sys=0.01s Real=0.01s
[395.545s][info ][safepoint    ] Leaving safepoint region
[395.545s][info ][safepoint    ] Total time for which application threads were stopped: 0.0089383 seconds, Stopping threads took: 0.0000670 seconds
[395.545s][info ][safepoint    ] Application time: 0.0000850 seconds
[395.545s][info ][safepoint    ] Entering safepoint region: RevokeBias
[395.545s][info ][safepoint    ] Leaving safepoint region
[395.545s][info ][safepoint    ] Total time for which application threads were stopped: 0.0001913 seconds, Stopping threads took: 0.0001051 seconds
[395.545s][info ][safepoint    ] Application time: 0.0000797 seconds
[395.545s][info ][safepoint    ] Entering safepoint region: RevokeBias
[395.545s][info ][safepoint    ] Leaving safepoint region
[395.545s][info ][safepoint    ] Total time for which application threads were stopped: 0.0000821 seconds, Stopping threads took: 0.0000341 seconds
[395.545s][info ][safepoint    ] Application time: 0.0003388 seconds
[395.545s][info ][safepoint    ] Entering safepoint region: RevokeBias
[395.545s][info ][safepoint    ] Leaving safepoint region
[395.545s][info ][safepoint    ] Total time for which application threads were stopped: 0.0000748 seconds, Stopping threads took: 0.0000339 seconds
[395.546s][info ][safepoint    ] Application time: 0.0000500 seconds
[395.546s][info ][safepoint    ] Entering safepoint region: RevokeBias
[395.546s][info ][safepoint    ] Leaving safepoint region
[395.546s][info ][safepoint    ] Total time for which application threads were stopped: 0.0000512 seconds, Stopping threads took: 0.0000241 seconds
[395.546s][info ][safepoint    ] Application time: 0.0000618 seconds
[395.546s][info ][safepoint    ] Entering safepoint region: RevokeBias
[395.546s][info ][safepoint    ] Leaving safepoint region
[395.546s][info ][safepoint    ] Total time for which application threads were stopped: 0.0000561 seconds, Stopping threads took: 0.0000280 seconds
[395.546s][info ][safepoint    ] Application time: 0.0001070 seconds
[395.546s][info ][safepoint    ] Entering safepoint region: RevokeBias
[395.546s][info ][safepoint    ] Leaving safepoint region
[395.546s][info ][safepoint    ] Total time for which application threads were stopped: 0.0000474 seconds, Stopping threads took: 0.0000190 seconds
[396.546s][info ][safepoint    ] Application time: 1.0000960 seconds
[396.546s][info ][safepoint    ] Entering safepoint region: Cleanup
[396.546s][info ][safepoint    ] Leaving safepoint region
[396.546s][info ][safepoint    ] Total time for which application threads were stopped: 0.0001064 seconds, Stopping threads took: 0.0000168 seconds
[397.546s][info ][safepoint    ] Application time: 1.0000429 seconds
[397.546s][info ][safepoint    ] Entering safepoint region: Cleanup
[397.546s][info ][safepoint    ] Leaving safepoint region
[397.546s][info ][safepoint    ] Total time for which application threads were stopped: 0.0001081 seconds, Stopping threads took: 0.0000165 seconds
[398.546s][info ][safepoint    ] Application time: 1.0000881 seconds
[398.546s][info ][safepoint    ] Entering safepoint region: Cleanup
[398.547s][info ][safepoint    ] Leaving safepoint region
[398.547s][info ][safepoint    ] Total time for which application threads were stopped: 0.0000833 seconds, Stopping threads took: 0.0000173 seconds
[398.734s][info ][safepoint    ] Application time: 0.1875447 seconds
[398.734s][info ][safepoint    ] Entering safepoint region: GenCollectForAllocation
[398.734s][info ][gc,start     ] GC(165) Pause Young (Allocation Failure)
[398.734s][info ][gc,task      ] GC(165) Using 4 workers of 4 for evacuation
[398.736s][debug][gc,ref       ] GC(165) Skipped phase1 of Reference Processing due to unavailable references
[398.736s][debug][gc,ref       ] GC(165) Skipped phase2 of Reference Processing due to unavailable references
[398.736s][debug][gc,ref       ] GC(165) Skipped phase3 of Reference Processing due to unavailable references
[398.736s][debug][gc,ref       ] GC(165) Skipped phase4 of Reference Processing due to unavailable references
[398.736s][debug][gc,age       ] GC(165) Desired survivor size 15400960 bytes, new threshold 6 (max threshold 6)
[398.736s][info ][gc,heap      ] GC(165) ParNew: 241439K->140K(270976K)
[398.736s][info ][gc,heap      ] GC(165) CMS: 241367K->241367K(602112K)
[398.736s][info ][gc,metaspace ] GC(165) Metaspace: 53938K->53938K(1097728K)
[398.736s][info ][gc           ] GC(165) Pause Young (Allocation Failure) 471M->235M(852M) 2.110ms
[398.736s][info ][gc,cpu       ] GC(165) User=0.01s Sys=0.00s Real=0.00s
[398.736s][info ][safepoint    ] Leaving safepoint region
[398.736s][info ][safepoint    ] Total time for which application threads were stopped: 0.0022557 seconds, Stopping threads took: 0.0000168 seconds
[399.736s][info ][safepoint    ] Application time: 1.0001092 seconds
[399.737s][info ][safepoint    ] Entering safepoint region: Cleanup
[399.737s][info ][safepoint    ] Leaving safepoint region
[399.737s][info ][safepoint    ] Total time for which application threads were stopped: 0.0001045 seconds, Stopping threads took: 0.0000369 seconds
[400.737s][info ][safepoint    ] Application time: 1.0000980 seconds
[400.737s][info ][safepoint    ] Entering safepoint region: Cleanup
[400.737s][info ][safepoint    ] Leaving safepoint region
[400.737s][info ][safepoint    ] Total time for which application threads were stopped: 0.0001168 seconds, Stopping threads took: 0.0000459 seconds
[400.812s][info ][safepoint    ] Application time: 0.0754863 seconds
[400.812s][info ][safepoint    ] Entering safepoint region: ICBufferFull
[400.813s][info ][safepoint    ] Leaving safepoint region
[400.813s][info ][safepoint    ] Total time for which application threads were stopped: 0.0002528 seconds, Stopping threads took: 0.0000368 seconds
[401.813s][info ][safepoint    ] Application time: 1.0001012 seconds
[401.813s][info ][safepoint    ] Entering safepoint region: Cleanup
[401.813s][info ][safepoint    ] Leaving safepoint region
[401.813s][info ][safepoint    ] Total time for which application threads were stopped: 0.0002167 seconds, Stopping threads took: 0.0000188 seconds
[401.935s][info ][safepoint    ] Application time: 0.1220625 seconds
[401.935s][info ][safepoint    ] Entering safepoint region: GenCollectForAllocation
[401.935s][info ][gc,start     ] GC(166) Pause Young (Allocation Failure)
[401.935s][info ][gc,task      ] GC(166) Using 4 workers of 4 for evacuation
[401.937s][debug][gc,ref       ] GC(166) Skipped phase1 of Reference Processing due to unavailable references
[401.937s][debug][gc,ref       ] GC(166) Skipped phase2 of Reference Processing due to unavailable references
[401.937s][debug][gc,ref       ] GC(166) Skipped phase3 of Reference Processing due to unavailable references
[401.937s][debug][gc,age       ] GC(166) Desired survivor size 15400960 bytes, new threshold 6 (max threshold 6)
[401.937s][info ][gc,heap      ] GC(166) ParNew: 241036K->148K(270976K)
[401.937s][info ][gc,heap      ] GC(166) CMS: 241367K->241367K(602112K)
[401.937s][info ][gc,metaspace ] GC(166) Metaspace: 53991K->53991K(1097728K)
[401.937s][info ][gc           ] GC(166) Pause Young (Allocation Failure) 471M->235M(852M) 1.771ms
[401.937s][info ][gc,cpu       ] GC(166) User=0.00s Sys=0.00s Real=0.00s
[401.937s][info ][safepoint    ] Leaving safepoint region
[401.937s][info ][safepoint    ] Total time for which application threads were stopped: 0.0019449 seconds, Stopping threads took: 0.0000170 seconds
[402.937s][info ][safepoint    ] Application time: 1.0001124 seconds
[402.937s][info ][safepoint    ] Entering safepoint region: Cleanup
[402.937s][info ][safepoint    ] Leaving safepoint region
[402.937s][info ][safepoint    ] Total time for which application threads were stopped: 0.0000816 seconds, Stopping threads took: 0.0000164 seconds
[403.937s][info ][safepoint    ] Application time: 1.0000518 seconds
[403.937s][info ][safepoint    ] Entering safepoint region: Cleanup
[403.938s][info ][safepoint    ] Leaving safepoint region
[403.938s][info ][safepoint    ] Total time for which application threads were stopped: 0.0001055 seconds, Stopping threads took: 0.0000177 seconds
[404.938s][info ][safepoint    ] Application time: 1.0000820 seconds
[404.938s][info ][safepoint    ] Entering safepoint region: Cleanup
[404.938s][info ][safepoint    ] Leaving safepoint region
[404.938s][info ][safepoint    ] Total time for which application threads were stopped: 0.0000779 seconds, Stopping threads took: 0.0000158 seconds
[405.181s][info ][safepoint    ] Application time: 0.2428968 seconds
[405.181s][info ][safepoint    ] Entering safepoint region: GenCollectForAllocation
[405.181s][info ][gc,start     ] GC(167) Pause Young (Allocation Failure)
[405.181s][info ][gc,task      ] GC(167) Using 4 workers of 4 for evacuation
[405.182s][debug][gc,ref       ] GC(167) Skipped phase1 of Reference Processing due to unavailable references
[405.182s][debug][gc,ref       ] GC(167) Skipped phase2 of Reference Processing due to unavailable references
[405.182s][debug][gc,ref       ] GC(167) Skipped phase3 of Reference Processing due to unavailable references
[405.182s][debug][gc,ref       ] GC(167) Skipped phase4 of Reference Processing due to unavailable references
[405.182s][debug][gc,age       ] GC(167) Desired survivor size 15400960 bytes, new threshold 6 (max threshold 6)
[405.182s][info ][gc,heap      ] GC(167) ParNew: 241044K->96K(270976K)
[405.182s][info ][gc,heap      ] GC(167) CMS: 241367K->241367K(602112K)
[405.182s][info ][gc,metaspace ] GC(167) Metaspace: 54006K->54006K(1097728K)
[405.182s][info ][gc           ] GC(167) Pause Young (Allocation Failure) 471M->235M(852M) 1.665ms
[405.182s][info ][gc,cpu       ] GC(167) User=0.01s Sys=0.00s Real=0.00s
[405.182s][info ][safepoint    ] Leaving safepoint region
[405.182s][info ][safepoint    ] Total time for which application threads were stopped: 0.0018283 seconds, Stopping threads took: 0.0000195 seconds
[406.183s][info ][safepoint    ] Application time: 1.0000865 seconds
[406.183s][info ][safepoint    ] Entering safepoint region: Cleanup
[406.183s][info ][safepoint    ] Leaving safepoint region
[406.183s][info ][safepoint    ] Total time for which application threads were stopped: 0.0001216 seconds, Stopping threads took: 0.0000411 seconds
[407.183s][info ][safepoint    ] Application time: 1.0000847 seconds
[407.183s][info ][safepoint    ] Entering safepoint region: Cleanup
[407.183s][info ][safepoint    ] Leaving safepoint region
[407.183s][info ][safepoint    ] Total time for which application threads were stopped: 0.0002459 seconds, Stopping threads took: 0.0000913 seconds
[408.135s][info ][safepoint    ] Application time: 0.9514852 seconds
[408.135s][info ][safepoint    ] Entering safepoint region: GenCollectForAllocation
[408.135s][info ][gc,start     ] GC(168) Pause Young (Allocation Failure)
[408.135s][info ][gc,task      ] GC(168) Using 4 workers of 4 for evacuation
[408.137s][debug][gc,ref       ] GC(168) Skipped phase1 of Reference Processing due to unavailable references
[408.137s][debug][gc,ref       ] GC(168) Skipped phase3 of Reference Processing due to unavailable references
[408.138s][debug][gc,age       ] GC(168) Desired survivor size 15400960 bytes, new threshold 6 (max threshold 6)
[408.138s][info ][gc,heap      ] GC(168) ParNew: 240992K->2291K(270976K)
[408.138s][info ][gc,heap      ] GC(168) CMS: 241367K->241367K(602112K)
[408.138s][info ][gc,metaspace ] GC(168) Metaspace: 54046K->54046K(1097728K)
[408.138s][info ][gc           ] GC(168) Pause Young (Allocation Failure) 471M->237M(852M) 2.704ms
[408.138s][info ][gc,cpu       ] GC(168) User=0.01s Sys=0.00s Real=0.00s
[408.138s][info ][safepoint    ] Leaving safepoint region
[408.138s][info ][safepoint    ] Total time for which application threads were stopped: 0.0029225 seconds, Stopping threads took: 0.0000174 seconds
[409.138s][info ][safepoint    ] Application time: 1.0000515 seconds
[409.138s][info ][safepoint    ] Entering safepoint region: Cleanup
[409.138s][info ][safepoint    ] Leaving safepoint region
[409.138s][info ][safepoint    ] Total time for which application threads were stopped: 0.0001200 seconds, Stopping threads took: 0.0000224 seconds
[410.138s][info ][safepoint    ] Application time: 1.0000995 seconds
[410.138s][info ][safepoint    ] Entering safepoint region: Cleanup
[410.138s][info ][safepoint    ] Leaving safepoint region
[410.138s][info ][safepoint    ] Total time for which application threads were stopped: 0.0000763 seconds, Stopping threads took: 0.0000166 seconds
[411.138s][info ][safepoint    ] Application time: 1.0000794 seconds
[411.138s][info ][safepoint    ] Entering safepoint region: Cleanup
[411.138s][info ][safepoint    ] Leaving safepoint region
[411.138s][info ][safepoint    ] Total time for which application threads were stopped: 0.0000877 seconds, Stopping threads took: 0.0000175 seconds
[411.335s][info ][safepoint    ] Application time: 0.1964311 seconds
[411.335s][info ][safepoint    ] Entering safepoint region: GenCollectForAllocation
[411.335s][info ][gc,start     ] GC(169) Pause Young (Allocation Failure)
[411.335s][info ][gc,task      ] GC(169) Using 4 workers of 4 for evacuation
[411.337s][debug][gc,ref       ] GC(169) Skipped phase1 of Reference Processing due to unavailable references
[411.337s][debug][gc,ref       ] GC(169) Skipped phase3 of Reference Processing due to unavailable references
[411.337s][debug][gc,ref       ] GC(169) Skipped phase4 of Reference Processing due to unavailable references
[411.338s][debug][gc,age       ] GC(169) Desired survivor size 15400960 bytes, new threshold 6 (max threshold 6)
[411.338s][info ][gc,heap      ] GC(169) ParNew: 243187K->3004K(270976K)
[411.338s][info ][gc,heap      ] GC(169) CMS: 241367K->241367K(602112K)
[411.338s][info ][gc,metaspace ] GC(169) Metaspace: 54059K->54059K(1097728K)
[411.338s][info ][gc           ] GC(169) Pause Young (Allocation Failure) 473M->238M(852M) 2.636ms
[411.338s][info ][gc,cpu       ] GC(169) User=0.01s Sys=0.00s Real=0.00s
[411.338s][info ][safepoint    ] Leaving safepoint region
[411.338s][info ][safepoint    ] Total time for which application threads were stopped: 0.0027891 seconds, Stopping threads took: 0.0000179 seconds
[412.338s][info ][safepoint    ] Application time: 1.0000973 seconds
[412.338s][info ][safepoint    ] Entering safepoint region: Cleanup
[412.338s][info ][safepoint    ] Leaving safepoint region
[412.338s][info ][safepoint    ] Total time for which application threads were stopped: 0.0001090 seconds, Stopping threads took: 0.0000170 seconds
[413.338s][info ][safepoint    ] Application time: 1.0000825 seconds
[413.338s][info ][safepoint    ] Entering safepoint region: Cleanup
[413.338s][info ][safepoint    ] Leaving safepoint region
[413.338s][info ][safepoint    ] Total time for which application threads were stopped: 0.0000846 seconds, Stopping threads took: 0.0000165 seconds
[414.338s][info ][safepoint    ] Application time: 1.0000745 seconds
[414.338s][info ][safepoint    ] Entering safepoint region: Cleanup
[414.338s][info ][safepoint    ] Leaving safepoint region
[414.338s][info ][safepoint    ] Total time for which application threads were stopped: 0.0000850 seconds, Stopping threads took: 0.0000178 seconds
[414.485s][info ][safepoint    ] Application time: 0.1470768 seconds
[414.485s][info ][safepoint    ] Entering safepoint region: GenCollectForAllocation
[414.486s][info ][gc,start     ] GC(170) Pause Young (Allocation Failure)
[414.486s][info ][gc,task      ] GC(170) Using 4 workers of 4 for evacuation
[414.488s][debug][gc,ref       ] GC(170) Skipped phase1 of Reference Processing due to unavailable references
[414.488s][debug][gc,ref       ] GC(170) Skipped phase2 of Reference Processing due to unavailable references
[414.488s][debug][gc,ref       ] GC(170) Skipped phase3 of Reference Processing due to unavailable references
[414.488s][debug][gc,ref       ] GC(170) Skipped phase4 of Reference Processing due to unavailable references
[414.488s][debug][gc,age       ] GC(170) Desired survivor size 15400960 bytes, new threshold 6 (max threshold 6)
[414.488s][info ][gc,heap      ] GC(170) ParNew: 243900K->3411K(270976K)
[414.488s][info ][gc,heap      ] GC(170) CMS: 241367K->241371K(602112K)
[414.488s][info ][gc,metaspace ] GC(170) Metaspace: 54059K->54059K(1097728K)
[414.488s][info ][gc           ] GC(170) Pause Young (Allocation Failure) 473M->239M(852M) 2.646ms
[414.488s][info ][gc,cpu       ] GC(170) User=0.01s Sys=0.00s Real=0.00s
[414.488s][info ][safepoint    ] Leaving safepoint region
[414.488s][info ][safepoint    ] Total time for which application threads were stopped: 0.0028326 seconds, Stopping threads took: 0.0000394 seconds
[415.488s][info ][safepoint    ] Application time: 1.0001048 seconds
[415.488s][info ][safepoint    ] Entering safepoint region: Cleanup
[415.488s][info ][safepoint    ] Leaving safepoint region
[415.488s][info ][safepoint    ] Total time for which application threads were stopped: 0.0000781 seconds, Stopping threads took: 0.0000173 seconds
[416.489s][info ][safepoint    ] Application time: 1.0000854 seconds
[416.489s][info ][safepoint    ] Entering safepoint region: Cleanup
[416.489s][info ][safepoint    ] Leaving safepoint region
[416.489s][info ][safepoint    ] Total time for which application threads were stopped: 0.0001401 seconds, Stopping threads took: 0.0000513 seconds
[417.489s][info ][safepoint    ] Application time: 1.0000910 seconds
[417.489s][info ][safepoint    ] Entering safepoint region: Cleanup
[417.489s][info ][safepoint    ] Leaving safepoint region
[417.489s][info ][safepoint    ] Total time for which application threads were stopped: 0.0000797 seconds, Stopping threads took: 0.0000165 seconds
[417.682s][info ][safepoint    ] Application time: 0.1934216 seconds
[417.682s][info ][safepoint    ] Entering safepoint region: GenCollectForAllocation
[417.683s][info ][gc,start     ] GC(171) Pause Young (Allocation Failure)
[417.683s][info ][gc,task      ] GC(171) Using 4 workers of 4 for evacuation
[417.685s][debug][gc,ref       ] GC(171) Skipped phase1 of Reference Processing due to unavailable references
[417.685s][debug][gc,ref       ] GC(171) Skipped phase3 of Reference Processing due to unavailable references
[417.685s][debug][gc,ref       ] GC(171) Skipped phase4 of Reference Processing due to unavailable references
[417.685s][debug][gc,age       ] GC(171) Desired survivor size 15400960 bytes, new threshold 6 (max threshold 6)
[417.685s][info ][gc,heap      ] GC(171) ParNew: 244307K->3659K(270976K)
[417.685s][info ][gc,heap      ] GC(171) CMS: 241371K->241371K(602112K)
[417.685s][info ][gc,metaspace ] GC(171) Metaspace: 54069K->54069K(1097728K)
[417.685s][info ][gc           ] GC(171) Pause Young (Allocation Failure) 474M->239M(852M) 2.497ms
[417.685s][info ][gc,cpu       ] GC(171) User=0.01s Sys=0.00s Real=0.00s
[417.685s][info ][safepoint    ] Leaving safepoint region
[417.685s][info ][safepoint    ] Total time for which application threads were stopped: 0.0026477 seconds, Stopping threads took: 0.0000168 seconds
[418.685s][info ][safepoint    ] Application time: 1.0000901 seconds
[418.685s][info ][safepoint    ] Entering safepoint region: Cleanup
[418.685s][info ][safepoint    ] Leaving safepoint region
[418.685s][info ][safepoint    ] Total time for which application threads were stopped: 0.0001607 seconds, Stopping threads took: 0.0000754 seconds
[419.686s][info ][safepoint    ] Application time: 1.0004229 seconds
[419.686s][info ][safepoint    ] Entering safepoint region: Cleanup
[419.686s][info ][safepoint    ] Leaving safepoint region
[419.686s][info ][safepoint    ] Total time for which application threads were stopped: 0.0001096 seconds, Stopping threads took: 0.0000417 seconds
[420.686s][info ][safepoint    ] Application time: 1.0000887 seconds
[420.686s][info ][safepoint    ] Entering safepoint region: Cleanup
[420.686s][info ][safepoint    ] Leaving safepoint region
[420.686s][info ][safepoint    ] Total time for which application threads were stopped: 0.0000947 seconds, Stopping threads took: 0.0000185 seconds
[420.835s][info ][safepoint    ] Application time: 0.1482806 seconds
[420.835s][info ][safepoint    ] Entering safepoint region: GenCollectForAllocation
[420.835s][info ][gc,start     ] GC(172) Pause Young (Allocation Failure)
[420.835s][info ][gc,task      ] GC(172) Using 4 workers of 4 for evacuation
[420.838s][debug][gc,ref       ] GC(172) Skipped phase1 of Reference Processing due to unavailable references
[420.838s][debug][gc,ref       ] GC(172) Skipped phase3 of Reference Processing due to unavailable references
[420.838s][debug][gc,ref       ] GC(172) Skipped phase4 of Reference Processing due to unavailable references
[420.838s][debug][gc,age       ] GC(172) Desired survivor size 15400960 bytes, new threshold 6 (max threshold 6)
[420.838s][info ][gc,heap      ] GC(172) ParNew: 244555K->3824K(270976K)
[420.838s][info ][gc,heap      ] GC(172) CMS: 241371K->241378K(602112K)
[420.838s][info ][gc,metaspace ] GC(172) Metaspace: 54072K->54072K(1097728K)
[420.838s][info ][gc           ] GC(172) Pause Young (Allocation Failure) 474M->239M(852M) 3.299ms
[420.838s][info ][gc,cpu       ] GC(172) User=0.00s Sys=0.00s Real=0.00s
[420.838s][info ][safepoint    ] Leaving safepoint region
[420.838s][info ][safepoint    ] Total time for which application threads were stopped: 0.0034654 seconds, Stopping threads took: 0.0000179 seconds
[421.838s][info ][safepoint    ] Application time: 1.0000781 seconds
[421.838s][info ][safepoint    ] Entering safepoint region: Cleanup
[421.838s][info ][safepoint    ] Leaving safepoint region
[421.838s][info ][safepoint    ] Total time for which application threads were stopped: 0.0000745 seconds, Stopping threads took: 0.0000185 seconds
[422.838s][info ][safepoint    ] Application time: 1.0000798 seconds
[422.838s][info ][safepoint    ] Entering safepoint region: Cleanup
[422.838s][info ][safepoint    ] Leaving safepoint region
[422.838s][info ][safepoint    ] Total time for which application threads were stopped: 0.0000889 seconds, Stopping threads took: 0.0000177 seconds
[423.839s][info ][safepoint    ] Application time: 1.0000840 seconds
[423.839s][info ][safepoint    ] Entering safepoint region: Cleanup
[423.839s][info ][safepoint    ] Leaving safepoint region
[423.839s][info ][safepoint    ] Total time for which application threads were stopped: 0.0000910 seconds, Stopping threads took: 0.0000174 seconds
[424.234s][info ][safepoint    ] Application time: 0.3954850 seconds
[424.234s][info ][safepoint    ] Entering safepoint region: GenCollectForAllocation
[424.234s][info ][gc,start     ] GC(173) Pause Young (Allocation Failure)
[424.234s][info ][gc,task      ] GC(173) Using 4 workers of 4 for evacuation
[424.237s][debug][gc,ref       ] GC(173) Skipped phase1 of Reference Processing due to unavailable references
[424.237s][debug][gc,ref       ] GC(173) Skipped phase3 of Reference Processing due to unavailable references
[424.237s][debug][gc,ref       ] GC(173) Skipped phase4 of Reference Processing due to unavailable references
[424.237s][debug][gc,age       ] GC(173) Desired survivor size 15400960 bytes, new threshold 6 (max threshold 6)
[424.237s][info ][gc,heap      ] GC(173) ParNew: 244720K->2785K(270976K)
[424.237s][info ][gc,heap      ] GC(173) CMS: 241378K->241380K(602112K)
[424.237s][info ][gc,metaspace ] GC(173) Metaspace: 54072K->54072K(1097728K)
[424.237s][info ][gc           ] GC(173) Pause Young (Allocation Failure) 474M->238M(852M) 2.952ms
[424.237s][info ][gc,cpu       ] GC(173) User=0.01s Sys=0.00s Real=0.00s
[424.237s][info ][safepoint    ] Leaving safepoint region
[424.237s][info ][safepoint    ] Total time for which application threads were stopped: 0.0031428 seconds, Stopping threads took: 0.0000481 seconds
[425.237s][info ][safepoint    ] Application time: 1.0000949 seconds
[425.237s][info ][safepoint    ] Entering safepoint region: Cleanup
[425.238s][info ][safepoint    ] Leaving safepoint region
[425.238s][info ][safepoint    ] Total time for which application threads were stopped: 0.0000703 seconds, Stopping threads took: 0.0000173 seconds
[426.238s][info ][safepoint    ] Application time: 1.0000792 seconds
[426.238s][info ][safepoint    ] Entering safepoint region: Cleanup
[426.238s][info ][safepoint    ] Leaving safepoint region
[426.238s][info ][safepoint    ] Total time for which application threads were stopped: 0.0000900 seconds, Stopping threads took: 0.0000167 seconds
[427.238s][info ][safepoint    ] Application time: 1.0000791 seconds
[427.238s][info ][safepoint    ] Entering safepoint region: Cleanup
[427.238s][info ][safepoint    ] Leaving safepoint region
[427.238s][info ][safepoint    ] Total time for which application threads were stopped: 0.0000962 seconds, Stopping threads took: 0.0000176 seconds
[427.684s][info ][safepoint    ] Application time: 0.4456418 seconds
[427.684s][info ][safepoint    ] Entering safepoint region: GenCollectForAllocation
[427.684s][info ][gc,start     ] GC(174) Pause Young (Allocation Failure)
[427.684s][info ][gc,task      ] GC(174) Using 4 workers of 4 for evacuation
[427.689s][debug][gc,ref       ] GC(174) Skipped phase1 of Reference Processing due to unavailable references
[427.689s][debug][gc,ref       ] GC(174) Skipped phase2 of Reference Processing due to unavailable references
[427.689s][debug][gc,ref       ] GC(174) Skipped phase3 of Reference Processing due to unavailable references
[427.689s][debug][gc,ref       ] GC(174) Skipped phase4 of Reference Processing due to unavailable references
[427.689s][debug][gc,age       ] GC(174) Desired survivor size 15400960 bytes, new threshold 6 (max threshold 6)
[427.689s][info ][gc,heap      ] GC(174) ParNew: 243681K->2012K(270976K)
[427.689s][info ][gc,heap      ] GC(174) CMS: 241380K->243576K(602112K)
[427.689s][info ][gc,metaspace ] GC(174) Metaspace: 54072K->54072K(1097728K)
[427.689s][info ][gc           ] GC(174) Pause Young (Allocation Failure) 473M->239M(852M) 5.320ms
[427.689s][info ][gc,cpu       ] GC(174) User=0.02s Sys=0.00s Real=0.00s
[427.689s][info ][safepoint    ] Leaving safepoint region
[427.689s][info ][safepoint    ] Total time for which application threads were stopped: 0.0054903 seconds, Stopping threads took: 0.0000179 seconds
[428.689s][info ][safepoint    ] Application time: 1.0001210 seconds
[428.689s][info ][safepoint    ] Entering safepoint region: Cleanup
[428.689s][info ][safepoint    ] Leaving safepoint region
[428.689s][info ][safepoint    ] Total time for which application threads were stopped: 0.0000750 seconds, Stopping threads took: 0.0000185 seconds
[429.689s][info ][safepoint    ] Application time: 1.0000900 seconds
[429.689s][info ][safepoint    ] Entering safepoint region: Cleanup
[429.690s][info ][safepoint    ] Leaving safepoint region
[429.690s][info ][safepoint    ] Total time for which application threads were stopped: 0.0000758 seconds, Stopping threads took: 0.0000179 seconds
[430.690s][info ][safepoint    ] Application time: 1.0000744 seconds
[430.690s][info ][safepoint    ] Entering safepoint region: Cleanup
[430.690s][info ][safepoint    ] Leaving safepoint region
[430.690s][info ][safepoint    ] Total time for which application threads were stopped: 0.0000964 seconds, Stopping threads took: 0.0000380 seconds
[431.133s][info ][safepoint    ] Application time: 0.4429141 seconds
[431.133s][info ][safepoint    ] Entering safepoint region: GenCollectForAllocation
[431.133s][info ][gc,start     ] GC(175) Pause Young (Allocation Failure)
[431.133s][info ][gc,task      ] GC(175) Using 4 workers of 4 for evacuation
[431.135s][debug][gc,ref       ] GC(175) Skipped phase1 of Reference Processing due to unavailable references
[431.135s][debug][gc,ref       ] GC(175) Skipped phase2 of Reference Processing due to unavailable references
[431.135s][debug][gc,ref       ] GC(175) Skipped phase3 of Reference Processing due to unavailable references
[431.135s][debug][gc,ref       ] GC(175) Skipped phase4 of Reference Processing due to unavailable references
[431.135s][debug][gc,age       ] GC(175) Desired survivor size 15400960 bytes, new threshold 6 (max threshold 6)
[431.135s][info ][gc,heap      ] GC(175) ParNew: 242908K->533K(270976K)
[431.135s][info ][gc,heap      ] GC(175) CMS: 243576K->243576K(602112K)
[431.135s][info ][gc,metaspace ] GC(175) Metaspace: 54073K->54073K(1097728K)
[431.135s][info ][gc           ] GC(175) Pause Young (Allocation Failure) 475M->238M(852M) 1.609ms
[431.135s][info ][gc,cpu       ] GC(175) User=0.00s Sys=0.00s Real=0.00s
[431.135s][info ][safepoint    ] Leaving safepoint region
[431.135s][info ][safepoint    ] Total time for which application threads were stopped: 0.0017782 seconds, Stopping threads took: 0.0000191 seconds
[432.135s][info ][safepoint    ] Application time: 1.0000580 seconds
[432.135s][info ][safepoint    ] Entering safepoint region: Cleanup
[432.135s][info ][safepoint    ] Leaving safepoint region
[432.135s][info ][safepoint    ] Total time for which application threads were stopped: 0.0001493 seconds, Stopping threads took: 0.0000512 seconds
[433.135s][info ][safepoint    ] Application time: 1.0000938 seconds
[433.135s][info ][safepoint    ] Entering safepoint region: Cleanup
[433.135s][info ][safepoint    ] Leaving safepoint region
[433.135s][info ][safepoint    ] Total time for which application threads were stopped: 0.0001099 seconds, Stopping threads took: 0.0000447 seconds
[434.135s][info ][safepoint    ] Application time: 1.0000907 seconds
[434.135s][info ][safepoint    ] Entering safepoint region: Cleanup
[434.135s][info ][safepoint    ] Leaving safepoint region
[434.135s][info ][safepoint    ] Total time for which application threads were stopped: 0.0000724 seconds, Stopping threads took: 0.0000163 seconds
[434.582s][info ][safepoint    ] Application time: 0.4463009 seconds
[434.582s][info ][safepoint    ] Entering safepoint region: GenCollectForAllocation
[434.582s][info ][gc,start     ] GC(176) Pause Young (Allocation Failure)
[434.582s][info ][gc,task      ] GC(176) Using 4 workers of 4 for evacuation
[434.583s][debug][gc,ref       ] GC(176) Skipped phase1 of Reference Processing due to unavailable references
[434.583s][debug][gc,ref       ] GC(176) Skipped phase2 of Reference Processing due to unavailable references
[434.583s][debug][gc,ref       ] GC(176) Skipped phase3 of Reference Processing due to unavailable references
[434.583s][debug][gc,ref       ] GC(176) Skipped phase4 of Reference Processing due to unavailable references
[434.583s][debug][gc,age       ] GC(176) Desired survivor size 15400960 bytes, new threshold 6 (max threshold 6)
[434.584s][info ][gc,heap      ] GC(176) ParNew: 241429K->160K(270976K)
[434.584s][info ][gc,heap      ] GC(176) CMS: 243576K->243576K(602112K)
[434.584s][info ][gc,metaspace ] GC(176) Metaspace: 54073K->54073K(1097728K)
[434.584s][info ][gc           ] GC(176) Pause Young (Allocation Failure) 473M->238M(852M) 1.613ms
[434.584s][info ][gc,cpu       ] GC(176) User=0.00s Sys=0.00s Real=0.00s
[434.584s][info ][safepoint    ] Leaving safepoint region
[434.584s][info ][safepoint    ] Total time for which application threads were stopped: 0.0017587 seconds, Stopping threads took: 0.0000168 seconds
[435.584s][info ][safepoint    ] Application time: 1.0001069 seconds
[435.584s][info ][safepoint    ] Entering safepoint region: Cleanup
[435.584s][info ][safepoint    ] Leaving safepoint region
[435.584s][info ][safepoint    ] Total time for which application threads were stopped: 0.0001253 seconds, Stopping threads took: 0.0000472 seconds
[436.584s][info ][safepoint    ] Application time: 1.0000910 seconds
[436.584s][info ][safepoint    ] Entering safepoint region: Cleanup
[436.584s][info ][safepoint    ] Leaving safepoint region
[436.584s][info ][safepoint    ] Total time for which application threads were stopped: 0.0001064 seconds, Stopping threads took: 0.0000386 seconds
[437.587s][info ][safepoint    ] Application time: 1.0026692 seconds
[437.587s][info ][safepoint    ] Entering safepoint region: Cleanup
[437.587s][info ][safepoint    ] Leaving safepoint region
[437.587s][info ][safepoint    ] Total time for which application threads were stopped: 0.0000763 seconds, Stopping threads took: 0.0000190 seconds
[437.984s][info ][safepoint    ] Application time: 0.3972891 seconds
[437.984s][info ][safepoint    ] Entering safepoint region: GenCollectForAllocation
[437.984s][info ][gc,start     ] GC(177) Pause Young (Allocation Failure)
[437.984s][info ][gc,task      ] GC(177) Using 4 workers of 4 for evacuation
[437.986s][debug][gc,ref       ] GC(177) Skipped phase1 of Reference Processing due to unavailable references
[437.986s][debug][gc,ref       ] GC(177) Skipped phase2 of Reference Processing due to unavailable references
[437.986s][debug][gc,ref       ] GC(177) Skipped phase3 of Reference Processing due to unavailable references
[437.986s][debug][gc,ref       ] GC(177) Skipped phase4 of Reference Processing due to unavailable references
[437.986s][debug][gc,age       ] GC(177) Desired survivor size 15400960 bytes, new threshold 6 (max threshold 6)
[437.986s][info ][gc,heap      ] GC(177) ParNew: 241056K->128K(270976K)
[437.986s][info ][gc,heap      ] GC(177) CMS: 243576K->243576K(602112K)
[437.986s][info ][gc,metaspace ] GC(177) Metaspace: 54073K->54073K(1097728K)
[437.986s][info ][gc           ] GC(177) Pause Young (Allocation Failure) 473M->237M(852M) 1.774ms
[437.986s][info ][gc,cpu       ] GC(177) User=0.01s Sys=0.00s Real=0.00s
[437.986s][info ][safepoint    ] Leaving safepoint region
[437.986s][info ][safepoint    ] Total time for which application threads were stopped: 0.0019258 seconds, Stopping threads took: 0.0000199 seconds
[438.986s][info ][safepoint    ] Application time: 1.0000974 seconds
[438.986s][info ][safepoint    ] Entering safepoint region: Cleanup
[438.986s][info ][safepoint    ] Leaving safepoint region
[438.986s][info ][safepoint    ] Total time for which application threads were stopped: 0.0000700 seconds, Stopping threads took: 0.0000166 seconds
[439.987s][info ][safepoint    ] Application time: 1.0001200 seconds
[439.987s][info ][safepoint    ] Entering safepoint region: Cleanup
[439.987s][info ][safepoint    ] Leaving safepoint region
[439.987s][info ][safepoint    ] Total time for which application threads were stopped: 0.0000727 seconds, Stopping threads took: 0.0000172 seconds
[440.987s][info ][safepoint    ] Application time: 1.0000875 seconds
[440.987s][info ][safepoint    ] Entering safepoint region: Cleanup
[440.987s][info ][safepoint    ] Leaving safepoint region
[440.987s][info ][safepoint    ] Total time for which application threads were stopped: 0.0000722 seconds, Stopping threads took: 0.0000178 seconds
[441.433s][info ][safepoint    ] Application time: 0.4464714 seconds
[441.433s][info ][safepoint    ] Entering safepoint region: GenCollectForAllocation
[441.433s][info ][gc,start     ] GC(178) Pause Young (Allocation Failure)
[441.433s][info ][gc,task      ] GC(178) Using 4 workers of 4 for evacuation
[441.435s][debug][gc,ref       ] GC(178) Skipped phase1 of Reference Processing due to unavailable references
[441.435s][debug][gc,ref       ] GC(178) Skipped phase2 of Reference Processing due to unavailable references
[441.435s][debug][gc,ref       ] GC(178) Skipped phase3 of Reference Processing due to unavailable references
[441.435s][debug][gc,ref       ] GC(178) Skipped phase4 of Reference Processing due to unavailable references
[441.435s][debug][gc,age       ] GC(178) Desired survivor size 15400960 bytes, new threshold 6 (max threshold 6)
[441.435s][info ][gc,heap      ] GC(178) ParNew: 241024K->81K(270976K)
[441.435s][info ][gc,heap      ] GC(178) CMS: 243576K->243628K(602112K)
[441.435s][info ][gc,metaspace ] GC(178) Metaspace: 54073K->54073K(1097728K)
[441.435s][info ][gc           ] GC(178) Pause Young (Allocation Failure) 473M->237M(852M) 1.648ms
[441.435s][info ][gc,cpu       ] GC(178) User=0.01s Sys=0.00s Real=0.00s
[441.435s][info ][safepoint    ] Leaving safepoint region
[441.435s][info ][safepoint    ] Total time for which application threads were stopped: 0.0018035 seconds, Stopping threads took: 0.0000184 seconds
[442.435s][info ][safepoint    ] Application time: 1.0000468 seconds
[442.435s][info ][safepoint    ] Entering safepoint region: Cleanup
[442.435s][info ][safepoint    ] Leaving safepoint region
[442.435s][info ][safepoint    ] Total time for which application threads were stopped: 0.0000730 seconds, Stopping threads took: 0.0000172 seconds
[443.435s][info ][safepoint    ] Application time: 1.0000853 seconds
[443.435s][info ][safepoint    ] Entering safepoint region: Cleanup
[443.436s][info ][safepoint    ] Leaving safepoint region
[443.436s][info ][safepoint    ] Total time for which application threads were stopped: 0.0000784 seconds, Stopping threads took: 0.0000180 seconds
[444.436s][info ][safepoint    ] Application time: 1.0000950 seconds
[444.436s][info ][safepoint    ] Entering safepoint region: Cleanup
[444.436s][info ][safepoint    ] Leaving safepoint region
[444.436s][info ][safepoint    ] Total time for which application threads were stopped: 0.0000676 seconds, Stopping threads took: 0.0000162 seconds
[444.882s][info ][safepoint    ] Application time: 0.4467594 seconds
[444.883s][info ][safepoint    ] Entering safepoint region: GenCollectForAllocation
[444.883s][info ][gc,start     ] GC(179) Pause Young (Allocation Failure)
[444.883s][info ][gc,task      ] GC(179) Using 4 workers of 4 for evacuation
[444.884s][debug][gc,ref       ] GC(179) Skipped phase1 of Reference Processing due to unavailable references
[444.884s][debug][gc,ref       ] GC(179) Skipped phase2 of Reference Processing due to unavailable references
[444.884s][debug][gc,ref       ] GC(179) Skipped phase3 of Reference Processing due to unavailable references
[444.884s][debug][gc,ref       ] GC(179) Skipped phase4 of Reference Processing due to unavailable references
[444.884s][debug][gc,age       ] GC(179) Desired survivor size 15400960 bytes, new threshold 6 (max threshold 6)
[444.884s][info ][gc,heap      ] GC(179) ParNew: 240977K->83K(270976K)
[444.884s][info ][gc,heap      ] GC(179) CMS: 243628K->243628K(602112K)
[444.884s][info ][gc,metaspace ] GC(179) Metaspace: 54074K->54074K(1097728K)
[444.884s][info ][gc           ] GC(179) Pause Young (Allocation Failure) 473M->237M(852M) 1.631ms
[444.884s][info ][gc,cpu       ] GC(179) User=0.00s Sys=0.00s Real=0.00s
[444.884s][info ][safepoint    ] Leaving safepoint region
[444.884s][info ][safepoint    ] Total time for which application threads were stopped: 0.0017885 seconds, Stopping threads took: 0.0000185 seconds
[445.884s][info ][safepoint    ] Application time: 1.0001002 seconds
[445.885s][info ][safepoint    ] Entering safepoint region: Cleanup
[445.885s][info ][safepoint    ] Leaving safepoint region
[445.885s][info ][safepoint    ] Total time for which application threads were stopped: 0.0001501 seconds, Stopping threads took: 0.0000617 seconds
[446.885s][info ][safepoint    ] Application time: 1.0000932 seconds
[446.885s][info ][safepoint    ] Entering safepoint region: Cleanup
[446.885s][info ][safepoint    ] Leaving safepoint region
[446.885s][info ][safepoint    ] Total time for which application threads were stopped: 0.0001451 seconds, Stopping threads took: 0.0000743 seconds
[447.885s][info ][safepoint    ] Application time: 1.0000702 seconds
[447.885s][info ][safepoint    ] Entering safepoint region: Cleanup
[447.885s][info ][safepoint    ] Leaving safepoint region
[447.885s][info ][safepoint    ] Total time for which application threads were stopped: 0.0000719 seconds, Stopping threads took: 0.0000168 seconds
[448.332s][info ][safepoint    ] Application time: 0.4465366 seconds
[448.332s][info ][safepoint    ] Entering safepoint region: GenCollectForAllocation
[448.332s][info ][gc,start     ] GC(180) Pause Young (Allocation Failure)
[448.332s][info ][gc,task      ] GC(180) Using 4 workers of 4 for evacuation
[448.334s][debug][gc,ref       ] GC(180) Skipped phase1 of Reference Processing due to unavailable references
[448.334s][debug][gc,ref       ] GC(180) Skipped phase2 of Reference Processing due to unavailable references
[448.334s][debug][gc,ref       ] GC(180) Skipped phase3 of Reference Processing due to unavailable references
[448.334s][debug][gc,ref       ] GC(180) Skipped phase4 of Reference Processing due to unavailable references
[448.334s][debug][gc,age       ] GC(180) Desired survivor size 15400960 bytes, new threshold 6 (max threshold 6)
[448.334s][info ][gc,heap      ] GC(180) ParNew: 240979K->55K(270976K)
[448.334s][info ][gc,heap      ] GC(180) CMS: 243628K->243628K(602112K)
[448.334s][info ][gc,metaspace ] GC(180) Metaspace: 54074K->54074K(1097728K)
[448.334s][info ][gc           ] GC(180) Pause Young (Allocation Failure) 473M->237M(852M) 2.075ms
[448.334s][info ][gc,cpu       ] GC(180) User=0.01s Sys=0.00s Real=0.00s
[448.334s][info ][safepoint    ] Leaving safepoint region
[448.334s][info ][safepoint    ] Total time for which application threads were stopped: 0.0022286 seconds, Stopping threads took: 0.0000166 seconds
[449.334s][info ][safepoint    ] Application time: 1.0000913 seconds
[449.334s][info ][safepoint    ] Entering safepoint region: Cleanup
[449.334s][info ][safepoint    ] Leaving safepoint region
[449.334s][info ][safepoint    ] Total time for which application threads were stopped: 0.0001077 seconds, Stopping threads took: 0.0000376 seconds
[450.334s][info ][safepoint    ] Application time: 1.0001280 seconds
[450.334s][info ][safepoint    ] Entering safepoint region: Cleanup
[450.334s][info ][safepoint    ] Leaving safepoint region
[450.334s][info ][safepoint    ] Total time for which application threads were stopped: 0.0001090 seconds, Stopping threads took: 0.0000423 seconds
[451.334s][info ][safepoint    ] Application time: 1.0000496 seconds
[451.335s][info ][safepoint    ] Entering safepoint region: Cleanup
[451.335s][info ][safepoint    ] Leaving safepoint region
[451.335s][info ][safepoint    ] Total time for which application threads were stopped: 0.0001143 seconds, Stopping threads took: 0.0000398 seconds
[451.738s][info ][safepoint    ] Application time: 0.4038426 seconds
[451.739s][info ][safepoint    ] Entering safepoint region: GenCollectForAllocation
[451.739s][info ][gc,start     ] GC(181) Pause Young (Allocation Failure)
[451.739s][info ][gc,task      ] GC(181) Using 4 workers of 4 for evacuation
[451.740s][debug][gc,ref       ] GC(181) Skipped phase1 of Reference Processing due to unavailable references
[451.740s][debug][gc,ref       ] GC(181) Skipped phase2 of Reference Processing due to unavailable references
[451.740s][debug][gc,ref       ] GC(181) Skipped phase3 of Reference Processing due to unavailable references
[451.740s][debug][gc,ref       ] GC(181) Skipped phase4 of Reference Processing due to unavailable references
[451.740s][debug][gc,age       ] GC(181) Desired survivor size 15400960 bytes, new threshold 6 (max threshold 6)
[451.740s][info ][gc,heap      ] GC(181) ParNew: 240951K->33K(270976K)
[451.740s][info ][gc,heap      ] GC(181) CMS: 243628K->243628K(602112K)
[451.740s][info ][gc,metaspace ] GC(181) Metaspace: 54074K->54074K(1097728K)
[451.740s][info ][gc           ] GC(181) Pause Young (Allocation Failure) 473M->237M(852M) 1.590ms
[451.740s][info ][gc,cpu       ] GC(181) User=0.00s Sys=0.00s Real=0.01s
[451.740s][info ][safepoint    ] Leaving safepoint region
[451.740s][info ][safepoint    ] Total time for which application threads were stopped: 0.0017336 seconds, Stopping threads took: 0.0000170 seconds
[452.740s][info ][safepoint    ] Application time: 1.0000960 seconds
[452.740s][info ][safepoint    ] Entering safepoint region: Cleanup
[452.740s][info ][safepoint    ] Leaving safepoint region
[452.740s][info ][safepoint    ] Total time for which application threads were stopped: 0.0001059 seconds, Stopping threads took: 0.0000458 seconds
[453.741s][info ][safepoint    ] Application time: 1.0000852 seconds
[453.741s][info ][safepoint    ] Entering safepoint region: Cleanup
[453.741s][info ][safepoint    ] Leaving safepoint region
[453.741s][info ][safepoint    ] Total time for which application threads were stopped: 0.0000855 seconds, Stopping threads took: 0.0000170 seconds
[454.741s][info ][safepoint    ] Application time: 1.0000458 seconds
[454.741s][info ][safepoint    ] Entering safepoint region: Cleanup
[454.741s][info ][safepoint    ] Leaving safepoint region
[454.741s][info ][safepoint    ] Total time for which application threads were stopped: 0.0000729 seconds, Stopping threads took: 0.0000178 seconds
[455.183s][info ][safepoint    ] Application time: 0.4422735 seconds
[455.183s][info ][safepoint    ] Entering safepoint region: GenCollectForAllocation
[455.183s][info ][gc,start     ] GC(182) Pause Young (Allocation Failure)
[455.183s][info ][gc,task      ] GC(182) Using 4 workers of 4 for evacuation
[455.185s][debug][gc,ref       ] GC(182) Skipped phase1 of Reference Processing due to unavailable references
[455.185s][debug][gc,ref       ] GC(182) Skipped phase2 of Reference Processing due to unavailable references
[455.185s][debug][gc,ref       ] GC(182) Skipped phase3 of Reference Processing due to unavailable references
[455.185s][debug][gc,ref       ] GC(182) Skipped phase4 of Reference Processing due to unavailable references
[455.185s][debug][gc,age       ] GC(182) Desired survivor size 15400960 bytes, new threshold 6 (max threshold 6)
[455.185s][info ][gc,heap      ] GC(182) ParNew: 240929K->123K(270976K)
[455.185s][info ][gc,heap      ] GC(182) CMS: 243628K->243628K(602112K)
[455.185s][info ][gc,metaspace ] GC(182) Metaspace: 54074K->54074K(1097728K)
[455.185s][info ][gc           ] GC(182) Pause Young (Allocation Failure) 473M->238M(852M) 1.672ms
[455.185s][info ][gc,cpu       ] GC(182) User=0.00s Sys=0.00s Real=0.00s
[455.185s][info ][safepoint    ] Leaving safepoint region
[455.185s][info ][safepoint    ] Total time for which application threads were stopped: 0.0018201 seconds, Stopping threads took: 0.0000170 seconds
[456.185s][info ][safepoint    ] Application time: 1.0000894 seconds
[456.185s][info ][safepoint    ] Entering safepoint region: Cleanup
[456.185s][info ][safepoint    ] Leaving safepoint region
[456.185s][info ][safepoint    ] Total time for which application threads were stopped: 0.0000852 seconds, Stopping threads took: 0.0000207 seconds
[457.185s][info ][safepoint    ] Application time: 1.0000860 seconds
[457.185s][info ][safepoint    ] Entering safepoint region: Cleanup
[457.185s][info ][safepoint    ] Leaving safepoint region
[457.185s][info ][safepoint    ] Total time for which application threads were stopped: 0.0001341 seconds, Stopping threads took: 0.0000640 seconds
[458.186s][info ][safepoint    ] Application time: 1.0001029 seconds
[458.186s][info ][safepoint    ] Entering safepoint region: Cleanup
[458.186s][info ][safepoint    ] Leaving safepoint region
[458.186s][info ][safepoint    ] Total time for which application threads were stopped: 0.0000797 seconds, Stopping threads took: 0.0000174 seconds
[458.633s][info ][safepoint    ] Application time: 0.4472351 seconds
[458.633s][info ][safepoint    ] Entering safepoint region: GenCollectForAllocation
[458.633s][info ][gc,start     ] GC(183) Pause Young (Allocation Failure)
[458.633s][info ][gc,task      ] GC(183) Using 4 workers of 4 for evacuation
[458.635s][debug][gc,ref       ] GC(183) Skipped phase1 of Reference Processing due to unavailable references
[458.635s][debug][gc,ref       ] GC(183) Skipped phase2 of Reference Processing due to unavailable references
[458.635s][debug][gc,ref       ] GC(183) Skipped phase3 of Reference Processing due to unavailable references
[458.635s][debug][gc,ref       ] GC(183) Skipped phase4 of Reference Processing due to unavailable references
[458.635s][debug][gc,age       ] GC(183) Desired survivor size 15400960 bytes, new threshold 6 (max threshold 6)
[458.635s][info ][gc,heap      ] GC(183) ParNew: 241019K->89K(270976K)
[458.635s][info ][gc,heap      ] GC(183) CMS: 243628K->243628K(602112K)
[458.635s][info ][gc,metaspace ] GC(183) Metaspace: 54074K->54074K(1097728K)
[458.635s][info ][gc           ] GC(183) Pause Young (Allocation Failure) 473M->238M(852M) 1.884ms
[458.635s][info ][gc,cpu       ] GC(183) User=0.00s Sys=0.00s Real=0.00s
[458.635s][info ][safepoint    ] Leaving safepoint region
[458.635s][info ][safepoint    ] Total time for which application threads were stopped: 0.0021291 seconds, Stopping threads took: 0.0000755 seconds
[459.637s][info ][safepoint    ] Application time: 1.0019814 seconds
[459.637s][info ][safepoint    ] Entering safepoint region: Cleanup
[459.637s][info ][safepoint    ] Leaving safepoint region
[459.637s][info ][safepoint    ] Total time for which application threads were stopped: 0.0000917 seconds, Stopping threads took: 0.0000210 seconds
[460.637s][info ][safepoint    ] Application time: 1.0001009 seconds
[460.637s][info ][safepoint    ] Entering safepoint region: Cleanup
[460.637s][info ][safepoint    ] Leaving safepoint region
[460.637s][info ][safepoint    ] Total time for which application threads were stopped: 0.0001176 seconds, Stopping threads took: 0.0000415 seconds
[461.638s][info ][safepoint    ] Application time: 1.0001048 seconds
[461.638s][info ][safepoint    ] Entering safepoint region: Cleanup
[461.638s][info ][safepoint    ] Leaving safepoint region
[461.638s][info ][safepoint    ] Total time for which application threads were stopped: 0.0001108 seconds, Stopping threads took: 0.0000405 seconds
[462.081s][info ][safepoint    ] Application time: 0.4435474 seconds
[462.081s][info ][safepoint    ] Entering safepoint region: GenCollectForAllocation
[462.081s][info ][gc,start     ] GC(184) Pause Young (Allocation Failure)
[462.081s][info ][gc,task      ] GC(184) Using 4 workers of 4 for evacuation
[462.084s][debug][gc,ref       ] GC(184) Skipped phase1 of Reference Processing due to unavailable references
[462.084s][debug][gc,ref       ] GC(184) Skipped phase2 of Reference Processing due to unavailable references
[462.084s][debug][gc,ref       ] GC(184) Skipped phase3 of Reference Processing due to unavailable references
[462.084s][debug][gc,ref       ] GC(184) Skipped phase4 of Reference Processing due to unavailable references
[462.084s][debug][gc,age       ] GC(184) Desired survivor size 15400960 bytes, new threshold 6 (max threshold 6)
[462.084s][info ][gc,heap      ] GC(184) ParNew: 240985K->39K(270976K)
[462.084s][info ][gc,heap      ] GC(184) CMS: 243628K->243628K(602112K)
[462.084s][info ][gc,metaspace ] GC(184) Metaspace: 54074K->54074K(1097728K)
[462.084s][info ][gc           ] GC(184) Pause Young (Allocation Failure) 473M->237M(852M) 2.536ms
[462.084s][info ][gc,cpu       ] GC(184) User=0.00s Sys=0.00s Real=0.00s
[462.084s][info ][safepoint    ] Leaving safepoint region
[462.084s][info ][safepoint    ] Total time for which application threads were stopped: 0.0026823 seconds, Stopping threads took: 0.0000170 seconds
[463.084s][info ][safepoint    ] Application time: 1.0001041 seconds
[463.084s][info ][safepoint    ] Entering safepoint region: Cleanup
[463.084s][info ][safepoint    ] Leaving safepoint region
[463.084s][info ][safepoint    ] Total time for which application threads were stopped: 0.0001648 seconds, Stopping threads took: 0.0000735 seconds
[464.084s][info ][safepoint    ] Application time: 1.0000948 seconds
[464.084s][info ][safepoint    ] Entering safepoint region: Cleanup
[464.085s][info ][safepoint    ] Leaving safepoint region
[464.085s][info ][safepoint    ] Total time for which application threads were stopped: 0.0001210 seconds, Stopping threads took: 0.0000389 seconds
[465.085s][info ][safepoint    ] Application time: 1.0000943 seconds
[465.085s][info ][safepoint    ] Entering safepoint region: Cleanup
[465.085s][info ][safepoint    ] Leaving safepoint region
[465.085s][info ][safepoint    ] Total time for which application threads were stopped: 0.0001427 seconds, Stopping threads took: 0.0000561 seconds
[465.485s][info ][safepoint    ] Application time: 0.3997336 seconds
[465.485s][info ][safepoint    ] Entering safepoint region: GenCollectForAllocation
[465.485s][info ][gc,start     ] GC(185) Pause Young (Allocation Failure)
[465.485s][info ][gc,task      ] GC(185) Using 4 workers of 4 for evacuation
[465.487s][debug][gc,ref       ] GC(185) Skipped phase1 of Reference Processing due to unavailable references
[465.487s][debug][gc,ref       ] GC(185) Skipped phase2 of Reference Processing due to unavailable references
[465.487s][debug][gc,ref       ] GC(185) Skipped phase3 of Reference Processing due to unavailable references
[465.487s][debug][gc,ref       ] GC(185) Skipped phase4 of Reference Processing due to unavailable references
[465.487s][debug][gc,age       ] GC(185) Desired survivor size 15400960 bytes, new threshold 6 (max threshold 6)
[465.487s][info ][gc,heap      ] GC(185) ParNew: 240935K->35K(270976K)
[465.487s][info ][gc,heap      ] GC(185) CMS: 243628K->243628K(602112K)
[465.487s][info ][gc,metaspace ] GC(185) Metaspace: 54075K->54075K(1097728K)
[465.487s][info ][gc           ] GC(185) Pause Young (Allocation Failure) 473M->237M(852M) 2.341ms
[465.487s][info ][gc,cpu       ] GC(185) User=0.00s Sys=0.00s Real=0.00s
[465.487s][info ][safepoint    ] Leaving safepoint region
[465.487s][info ][safepoint    ] Total time for which application threads were stopped: 0.0024987 seconds, Stopping threads took: 0.0000175 seconds
[466.487s][info ][safepoint    ] Application time: 1.0000967 seconds
[466.487s][info ][safepoint    ] Entering safepoint region: Cleanup
[466.487s][info ][safepoint    ] Leaving safepoint region
[466.487s][info ][safepoint    ] Total time for which application threads were stopped: 0.0000742 seconds, Stopping threads took: 0.0000180 seconds
[467.487s][info ][safepoint    ] Application time: 1.0001064 seconds
[467.488s][info ][safepoint    ] Entering safepoint region: Cleanup
[467.488s][info ][safepoint    ] Leaving safepoint region
[467.488s][info ][safepoint    ] Total time for which application threads were stopped: 0.0000941 seconds, Stopping threads took: 0.0000228 seconds
[468.488s][info ][safepoint    ] Application time: 1.0001101 seconds
[468.488s][info ][safepoint    ] Entering safepoint region: Cleanup
[468.488s][info ][safepoint    ] Leaving safepoint region
[468.488s][info ][safepoint    ] Total time for which application threads were stopped: 0.0000762 seconds, Stopping threads took: 0.0000179 seconds
[468.933s][info ][safepoint    ] Application time: 0.4452838 seconds
[468.933s][info ][safepoint    ] Entering safepoint region: GenCollectForAllocation
[468.933s][info ][gc,start     ] GC(186) Pause Young (Allocation Failure)
[468.933s][info ][gc,task      ] GC(186) Using 4 workers of 4 for evacuation
[468.935s][debug][gc,ref       ] GC(186) Skipped phase1 of Reference Processing due to unavailable references
[468.935s][debug][gc,ref       ] GC(186) Skipped phase2 of Reference Processing due to unavailable references
[468.935s][debug][gc,ref       ] GC(186) Skipped phase3 of Reference Processing due to unavailable references
[468.935s][debug][gc,ref       ] GC(186) Skipped phase4 of Reference Processing due to unavailable references
[468.935s][debug][gc,age       ] GC(186) Desired survivor size 15400960 bytes, new threshold 6 (max threshold 6)
[468.935s][info ][gc,heap      ] GC(186) ParNew: 240931K->147K(270976K)
[468.935s][info ][gc,heap      ] GC(186) CMS: 243628K->243628K(602112K)
[468.935s][info ][gc,metaspace ] GC(186) Metaspace: 54075K->54075K(1097728K)
[468.935s][info ][gc           ] GC(186) Pause Young (Allocation Failure) 473M->238M(852M) 1.824ms
[468.935s][info ][gc,cpu       ] GC(186) User=0.00s Sys=0.00s Real=0.00s
[468.935s][info ][safepoint    ] Leaving safepoint region
[468.935s][info ][safepoint    ] Total time for which application threads were stopped: 0.0019974 seconds, Stopping threads took: 0.0000188 seconds
[469.935s][info ][safepoint    ] Application time: 1.0001002 seconds
[469.935s][info ][safepoint    ] Entering safepoint region: Cleanup
[469.935s][info ][safepoint    ] Leaving safepoint region
[469.935s][info ][safepoint    ] Total time for which application threads were stopped: 0.0000743 seconds, Stopping threads took: 0.0000167 seconds
[470.936s][info ][safepoint    ] Application time: 1.0000842 seconds
[470.936s][info ][safepoint    ] Entering safepoint region: Cleanup
[470.936s][info ][safepoint    ] Leaving safepoint region
[470.936s][info ][safepoint    ] Total time for which application threads were stopped: 0.0000719 seconds, Stopping threads took: 0.0000172 seconds
[471.936s][info ][safepoint    ] Application time: 1.0001133 seconds
[471.936s][info ][safepoint    ] Entering safepoint region: Cleanup
[471.936s][info ][safepoint    ] Leaving safepoint region
[471.936s][info ][safepoint    ] Total time for which application threads were stopped: 0.0000708 seconds, Stopping threads took: 0.0000161 seconds
[472.383s][info ][safepoint    ] Application time: 0.4468864 seconds
[472.383s][info ][safepoint    ] Entering safepoint region: GenCollectForAllocation
[472.383s][info ][gc,start     ] GC(187) Pause Young (Allocation Failure)
[472.383s][info ][gc,task      ] GC(187) Using 4 workers of 4 for evacuation
[472.384s][debug][gc,ref       ] GC(187) Skipped phase1 of Reference Processing due to unavailable references
[472.384s][debug][gc,ref       ] GC(187) Skipped phase2 of Reference Processing due to unavailable references
[472.384s][debug][gc,ref       ] GC(187) Skipped phase3 of Reference Processing due to unavailable references
[472.384s][debug][gc,ref       ] GC(187) Skipped phase4 of Reference Processing due to unavailable references
[472.384s][debug][gc,age       ] GC(187) Desired survivor size 15400960 bytes, new threshold 6 (max threshold 6)
[472.384s][info ][gc,heap      ] GC(187) ParNew: 241043K->189K(270976K)
[472.384s][info ][gc,heap      ] GC(187) CMS: 243628K->243628K(602112K)
[472.384s][info ][gc,metaspace ] GC(187) Metaspace: 54075K->54075K(1097728K)
[472.384s][info ][gc           ] GC(187) Pause Young (Allocation Failure) 473M->238M(852M) 1.592ms
[472.384s][info ][gc,cpu       ] GC(187) User=0.01s Sys=0.00s Real=0.00s
[472.385s][info ][safepoint    ] Leaving safepoint region
[472.385s][info ][safepoint    ] Total time for which application threads were stopped: 0.0017493 seconds, Stopping threads took: 0.0000191 seconds
[473.385s][info ][safepoint    ] Application time: 1.0000955 seconds
[473.385s][info ][safepoint    ] Entering safepoint region: Cleanup
[473.385s][info ][safepoint    ] Leaving safepoint region
[473.385s][info ][safepoint    ] Total time for which application threads were stopped: 0.0001155 seconds, Stopping threads took: 0.0000514 seconds
[474.385s][info ][safepoint    ] Application time: 1.0000954 seconds
[474.385s][info ][safepoint    ] Entering safepoint region: Cleanup
[474.385s][info ][safepoint    ] Leaving safepoint region
[474.385s][info ][safepoint    ] Total time for which application threads were stopped: 0.0001397 seconds, Stopping threads took: 0.0000659 seconds
[475.385s][info ][safepoint    ] Application time: 1.0000649 seconds
[475.385s][info ][safepoint    ] Entering safepoint region: Cleanup
[475.385s][info ][safepoint    ] Leaving safepoint region
[475.385s][info ][safepoint    ] Total time for which application threads were stopped: 0.0001352 seconds, Stopping threads took: 0.0000684 seconds
[475.781s][info ][safepoint    ] Application time: 0.3958316 seconds
[475.781s][info ][safepoint    ] Entering safepoint region: GenCollectForAllocation
[475.781s][info ][gc,start     ] GC(188) Pause Young (Allocation Failure)
[475.781s][info ][gc,task      ] GC(188) Using 4 workers of 4 for evacuation
[475.783s][debug][gc,ref       ] GC(188) Skipped phase1 of Reference Processing due to unavailable references
[475.783s][debug][gc,ref       ] GC(188) Skipped phase2 of Reference Processing due to unavailable references
[475.783s][debug][gc,ref       ] GC(188) Skipped phase3 of Reference Processing due to unavailable references
[475.783s][debug][gc,ref       ] GC(188) Skipped phase4 of Reference Processing due to unavailable references
[475.783s][debug][gc,age       ] GC(188) Desired survivor size 15400960 bytes, new threshold 6 (max threshold 6)
[475.783s][info ][gc,heap      ] GC(188) ParNew: 241085K->65K(270976K)
[475.783s][info ][gc,heap      ] GC(188) CMS: 243628K->243628K(602112K)
[475.783s][info ][gc,metaspace ] GC(188) Metaspace: 54075K->54075K(1097728K)
[475.783s][info ][gc           ] GC(188) Pause Young (Allocation Failure) 473M->237M(852M) 1.526ms
[475.783s][info ][gc,cpu       ] GC(188) User=0.01s Sys=0.00s Real=0.00s
[475.783s][info ][safepoint    ] Leaving safepoint region
[475.783s][info ][safepoint    ] Total time for which application threads were stopped: 0.0016949 seconds, Stopping threads took: 0.0000347 seconds
[476.783s][info ][safepoint    ] Application time: 1.0001314 seconds
[476.783s][info ][safepoint    ] Entering safepoint region: Cleanup
[476.783s][info ][safepoint    ] Leaving safepoint region
[476.783s][info ][safepoint    ] Total time for which application threads were stopped: 0.0001149 seconds, Stopping threads took: 0.0000417 seconds
[477.783s][info ][safepoint    ] Application time: 1.0000900 seconds
[477.783s][info ][safepoint    ] Entering safepoint region: Cleanup
[477.783s][info ][safepoint    ] Leaving safepoint region
[477.783s][info ][safepoint    ] Total time for which application threads were stopped: 0.0001188 seconds, Stopping threads took: 0.0000481 seconds
[478.784s][info ][safepoint    ] Application time: 1.0000900 seconds
[478.784s][info ][safepoint    ] Entering safepoint region: Cleanup
[478.784s][info ][safepoint    ] Leaving safepoint region
[478.784s][info ][safepoint    ] Total time for which application threads were stopped: 0.0001115 seconds, Stopping threads took: 0.0000418 seconds
[479.184s][info ][safepoint    ] Application time: 0.4002693 seconds
[479.184s][info ][safepoint    ] Entering safepoint region: GenCollectForAllocation
[479.184s][info ][gc,start     ] GC(189) Pause Young (Allocation Failure)
[479.184s][info ][gc,task      ] GC(189) Using 4 workers of 4 for evacuation
[479.186s][debug][gc,ref       ] GC(189) Skipped phase1 of Reference Processing due to unavailable references
[479.186s][debug][gc,ref       ] GC(189) Skipped phase2 of Reference Processing due to unavailable references
[479.186s][debug][gc,ref       ] GC(189) Skipped phase3 of Reference Processing due to unavailable references
[479.186s][debug][gc,ref       ] GC(189) Skipped phase4 of Reference Processing due to unavailable references
[479.186s][debug][gc,age       ] GC(189) Desired survivor size 15400960 bytes, new threshold 6 (max threshold 6)
[479.186s][info ][gc,heap      ] GC(189) ParNew: 240961K->38K(270976K)
[479.186s][info ][gc,heap      ] GC(189) CMS: 243628K->243628K(602112K)
[479.186s][info ][gc,metaspace ] GC(189) Metaspace: 54075K->54075K(1097728K)
[479.186s][info ][gc           ] GC(189) Pause Young (Allocation Failure) 473M->237M(852M) 1.599ms
[479.186s][info ][gc,cpu       ] GC(189) User=0.01s Sys=0.00s Real=0.00s
[479.186s][info ][safepoint    ] Leaving safepoint region
[479.186s][info ][safepoint    ] Total time for which application threads were stopped: 0.0017754 seconds, Stopping threads took: 0.0000383 seconds
[480.181s][info ][safepoint    ] Application time: 0.9950326 seconds
[480.181s][info ][safepoint    ] Entering safepoint region: RevokeBias
[480.181s][info ][safepoint    ] Leaving safepoint region
[480.181s][info ][safepoint    ] Total time for which application threads were stopped: 0.0001682 seconds, Stopping threads took: 0.0000874 seconds
[481.181s][info ][safepoint    ] Application time: 1.0001027 seconds
[481.181s][info ][safepoint    ] Entering safepoint region: Cleanup
[481.181s][info ][safepoint    ] Leaving safepoint region
[481.181s][info ][safepoint    ] Total time for which application threads were stopped: 0.0001419 seconds, Stopping threads took: 0.0000641 seconds
[482.181s][info ][safepoint    ] Application time: 1.0000846 seconds
[482.181s][info ][safepoint    ] Entering safepoint region: Cleanup
[482.182s][info ][safepoint    ] Leaving safepoint region
[482.182s][info ][safepoint    ] Total time for which application threads were stopped: 0.0001568 seconds, Stopping threads took: 0.0000775 seconds
[482.634s][info ][safepoint    ] Application time: 0.4521900 seconds
[482.634s][info ][safepoint    ] Entering safepoint region: GenCollectForAllocation
[482.634s][info ][gc,start     ] GC(190) Pause Young (Allocation Failure)
[482.634s][info ][gc,task      ] GC(190) Using 4 workers of 4 for evacuation
[482.635s][debug][gc,ref       ] GC(190) Skipped phase1 of Reference Processing due to unavailable references
[482.635s][debug][gc,ref       ] GC(190) Skipped phase2 of Reference Processing due to unavailable references
[482.635s][debug][gc,ref       ] GC(190) Skipped phase3 of Reference Processing due to unavailable references
[482.635s][debug][gc,ref       ] GC(190) Skipped phase4 of Reference Processing due to unavailable references
[482.635s][debug][gc,age       ] GC(190) Desired survivor size 15400960 bytes, new threshold 6 (max threshold 6)
[482.636s][info ][gc,heap      ] GC(190) ParNew: 240934K->30K(270976K)
[482.636s][info ][gc,heap      ] GC(190) CMS: 243628K->243629K(602112K)
[482.636s][info ][gc,metaspace ] GC(190) Metaspace: 54075K->54075K(1097728K)
[482.636s][info ][gc           ] GC(190) Pause Young (Allocation Failure) 473M->237M(852M) 1.633ms
[482.636s][info ][gc,cpu       ] GC(190) User=0.01s Sys=0.00s Real=0.00s
[482.636s][info ][safepoint    ] Leaving safepoint region
[482.636s][info ][safepoint    ] Total time for which application threads were stopped: 0.0017915 seconds, Stopping threads took: 0.0000171 seconds
[483.636s][info ][safepoint    ] Application time: 1.0000924 seconds
[483.636s][info ][safepoint    ] Entering safepoint region: Cleanup
[483.636s][info ][safepoint    ] Leaving safepoint region
[483.636s][info ][safepoint    ] Total time for which application threads were stopped: 0.0000858 seconds, Stopping threads took: 0.0000170 seconds
[484.636s][info ][safepoint    ] Application time: 1.0000781 seconds
[484.636s][info ][safepoint    ] Entering safepoint region: Cleanup
[484.636s][info ][safepoint    ] Leaving safepoint region
[484.636s][info ][safepoint    ] Total time for which application threads were stopped: 0.0000889 seconds, Stopping threads took: 0.0000160 seconds
[485.636s][info ][safepoint    ] Application time: 1.0001125 seconds
[485.636s][info ][safepoint    ] Entering safepoint region: Cleanup
[485.636s][info ][safepoint    ] Leaving safepoint region
[485.636s][info ][safepoint    ] Total time for which application threads were stopped: 0.0001526 seconds, Stopping threads took: 0.0000171 seconds
[486.082s][info ][safepoint    ] Application time: 0.4460964 seconds
[486.083s][info ][safepoint    ] Entering safepoint region: GenCollectForAllocation
[486.083s][info ][gc,start     ] GC(191) Pause Young (Allocation Failure)
[486.083s][info ][gc,task      ] GC(191) Using 4 workers of 4 for evacuation
[486.085s][debug][gc,ref       ] GC(191) Skipped phase1 of Reference Processing due to unavailable references
[486.085s][debug][gc,ref       ] GC(191) Skipped phase2 of Reference Processing due to unavailable references
[486.085s][debug][gc,ref       ] GC(191) Skipped phase3 of Reference Processing due to unavailable references
[486.085s][debug][gc,ref       ] GC(191) Skipped phase4 of Reference Processing due to unavailable references
[486.085s][debug][gc,age       ] GC(191) Desired survivor size 15400960 bytes, new threshold 6 (max threshold 6)
[486.085s][info ][gc,heap      ] GC(191) ParNew: 240926K->103K(270976K)
[486.085s][info ][gc,heap      ] GC(191) CMS: 243629K->243629K(602112K)
[486.085s][info ][gc,metaspace ] GC(191) Metaspace: 54075K->54075K(1097728K)
[486.085s][info ][gc           ] GC(191) Pause Young (Allocation Failure) 473M->238M(852M) 1.945ms
[486.085s][info ][gc,cpu       ] GC(191) User=0.00s Sys=0.01s Real=0.00s
[486.085s][info ][safepoint    ] Leaving safepoint region
[486.085s][info ][safepoint    ] Total time for which application threads were stopped: 0.0024204 seconds, Stopping threads took: 0.0003216 seconds
[487.085s][info ][safepoint    ] Application time: 1.0000939 seconds
[487.085s][info ][safepoint    ] Entering safepoint region: Cleanup
[487.085s][info ][safepoint    ] Leaving safepoint region
[487.085s][info ][safepoint    ] Total time for which application threads were stopped: 0.0001193 seconds, Stopping threads took: 0.0000381 seconds
[488.085s][info ][safepoint    ] Application time: 1.0001090 seconds
[488.085s][info ][safepoint    ] Entering safepoint region: Cleanup
[488.085s][info ][safepoint    ] Leaving safepoint region
[488.085s][info ][safepoint    ] Total time for which application threads were stopped: 0.0000938 seconds, Stopping threads took: 0.0000380 seconds
[489.086s][info ][safepoint    ] Application time: 1.0001378 seconds
[489.086s][info ][safepoint    ] Entering safepoint region: Cleanup
[489.086s][info ][safepoint    ] Leaving safepoint region
[489.086s][info ][safepoint    ] Total time for which application threads were stopped: 0.0000695 seconds, Stopping threads took: 0.0000155 seconds
[489.531s][info ][safepoint    ] Application time: 0.4455981 seconds
[489.531s][info ][safepoint    ] Entering safepoint region: GenCollectForAllocation
[489.531s][info ][gc,start     ] GC(192) Pause Young (Allocation Failure)
[489.531s][info ][gc,task      ] GC(192) Using 4 workers of 4 for evacuation
[489.533s][debug][gc,ref       ] GC(192) Skipped phase1 of Reference Processing due to unavailable references
[489.533s][debug][gc,ref       ] GC(192) Skipped phase2 of Reference Processing due to unavailable references
[489.533s][debug][gc,ref       ] GC(192) Skipped phase3 of Reference Processing due to unavailable references
[489.533s][debug][gc,ref       ] GC(192) Skipped phase4 of Reference Processing due to unavailable references
[489.533s][debug][gc,age       ] GC(192) Desired survivor size 15400960 bytes, new threshold 6 (max threshold 6)
[489.533s][info ][gc,heap      ] GC(192) ParNew: 240999K->72K(270976K)
[489.533s][info ][gc,heap      ] GC(192) CMS: 243629K->243629K(602112K)
[489.533s][info ][gc,metaspace ] GC(192) Metaspace: 54075K->54075K(1097728K)
[489.533s][info ][gc           ] GC(192) Pause Young (Allocation Failure) 473M->237M(852M) 1.483ms
[489.533s][info ][gc,cpu       ] GC(192) User=0.00s Sys=0.00s Real=0.00s
[489.533s][info ][safepoint    ] Leaving safepoint region
[489.533s][info ][safepoint    ] Total time for which application threads were stopped: 0.0016439 seconds, Stopping threads took: 0.0000159 seconds
[490.533s][info ][safepoint    ] Application time: 1.0000858 seconds
[490.533s][info ][safepoint    ] Entering safepoint region: Cleanup
[490.533s][info ][safepoint    ] Leaving safepoint region
[490.533s][info ][safepoint    ] Total time for which application threads were stopped: 0.0001078 seconds, Stopping threads took: 0.0000402 seconds
[491.533s][info ][safepoint    ] Application time: 1.0000889 seconds
[491.533s][info ][safepoint    ] Entering safepoint region: Cleanup
[491.533s][info ][safepoint    ] Leaving safepoint region
[491.533s][info ][safepoint    ] Total time for which application threads were stopped: 0.0001099 seconds, Stopping threads took: 0.0000401 seconds
[492.534s][info ][safepoint    ] Application time: 1.0000899 seconds
[492.534s][info ][safepoint    ] Entering safepoint region: Cleanup
[492.534s][info ][safepoint    ] Leaving safepoint region
[492.534s][info ][safepoint    ] Total time for which application threads were stopped: 0.0001126 seconds, Stopping threads took: 0.0000418 seconds
[492.934s][info ][safepoint    ] Application time: 0.4005614 seconds
[492.934s][info ][safepoint    ] Entering safepoint region: GenCollectForAllocation
[492.934s][info ][gc,start     ] GC(193) Pause Young (Allocation Failure)
[492.934s][info ][gc,task      ] GC(193) Using 4 workers of 4 for evacuation
[492.936s][debug][gc,ref       ] GC(193) Skipped phase1 of Reference Processing due to unavailable references
[492.936s][debug][gc,ref       ] GC(193) Skipped phase2 of Reference Processing due to unavailable references
[492.936s][debug][gc,ref       ] GC(193) Skipped phase3 of Reference Processing due to unavailable references
[492.936s][debug][gc,ref       ] GC(193) Skipped phase4 of Reference Processing due to unavailable references
[492.936s][debug][gc,age       ] GC(193) Desired survivor size 15400960 bytes, new threshold 6 (max threshold 6)
[492.936s][info ][gc,heap      ] GC(193) ParNew: 240968K->93K(270976K)
[492.936s][info ][gc,heap      ] GC(193) CMS: 243629K->243629K(602112K)
[492.936s][info ][gc,metaspace ] GC(193) Metaspace: 54075K->54075K(1097728K)
[492.936s][info ][gc           ] GC(193) Pause Young (Allocation Failure) 473M->238M(852M) 1.577ms
[492.936s][info ][gc,cpu       ] GC(193) User=0.00s Sys=0.00s Real=0.00s
[492.936s][info ][safepoint    ] Leaving safepoint region
[492.936s][info ][safepoint    ] Total time for which application threads were stopped: 0.0017233 seconds, Stopping threads took: 0.0000167 seconds
[493.936s][info ][safepoint    ] Application time: 1.0001009 seconds
[493.936s][info ][safepoint    ] Entering safepoint region: Cleanup
[493.936s][info ][safepoint    ] Leaving safepoint region
[493.936s][info ][safepoint    ] Total time for which application threads were stopped: 0.0001317 seconds, Stopping threads took: 0.0000541 seconds
[494.936s][info ][safepoint    ] Application time: 1.0000985 seconds
[494.936s][info ][safepoint    ] Entering safepoint region: Cleanup
[494.936s][info ][safepoint    ] Leaving safepoint region
[494.936s][info ][safepoint    ] Total time for which application threads were stopped: 0.0000790 seconds, Stopping threads took: 0.0000191 seconds
[495.937s][info ][safepoint    ] Application time: 1.0000861 seconds
[495.937s][info ][safepoint    ] Entering safepoint region: Cleanup
[495.937s][info ][safepoint    ] Leaving safepoint region
[495.937s][info ][safepoint    ] Total time for which application threads were stopped: 0.0000721 seconds, Stopping threads took: 0.0000164 seconds
[496.385s][info ][safepoint    ] Application time: 0.4482047 seconds
[496.385s][info ][safepoint    ] Entering safepoint region: GenCollectForAllocation
[496.385s][info ][gc,start     ] GC(194) Pause Young (Allocation Failure)
[496.385s][info ][gc,task      ] GC(194) Using 4 workers of 4 for evacuation
[496.386s][debug][gc,ref       ] GC(194) Skipped phase1 of Reference Processing due to unavailable references
[496.386s][debug][gc,ref       ] GC(194) Skipped phase2 of Reference Processing due to unavailable references
[496.386s][debug][gc,ref       ] GC(194) Skipped phase3 of Reference Processing due to unavailable references
[496.386s][debug][gc,ref       ] GC(194) Skipped phase4 of Reference Processing due to unavailable references
[496.387s][debug][gc,age       ] GC(194) Desired survivor size 15400960 bytes, new threshold 6 (max threshold 6)
[496.387s][info ][gc,heap      ] GC(194) ParNew: 240989K->104K(270976K)
[496.387s][info ][gc,heap      ] GC(194) CMS: 243629K->243629K(602112K)
[496.387s][info ][gc,metaspace ] GC(194) Metaspace: 54075K->54075K(1097728K)
[496.387s][info ][gc           ] GC(194) Pause Young (Allocation Failure) 473M->238M(852M) 1.597ms
[496.387s][info ][gc,cpu       ] GC(194) User=0.00s Sys=0.00s Real=0.00s
[496.387s][info ][safepoint    ] Leaving safepoint region
[496.387s][info ][safepoint    ] Total time for which application threads were stopped: 0.0017537 seconds, Stopping threads took: 0.0000181 seconds
[497.387s][info ][safepoint    ] Application time: 1.0000771 seconds
[497.387s][info ][safepoint    ] Entering safepoint region: Cleanup
[497.387s][info ][safepoint    ] Leaving safepoint region
[497.387s][info ][safepoint    ] Total time for which application threads were stopped: 0.0000720 seconds, Stopping threads took: 0.0000168 seconds
[498.387s][info ][safepoint    ] Application time: 1.0000575 seconds
[498.387s][info ][safepoint    ] Entering safepoint region: Cleanup
[498.387s][info ][safepoint    ] Leaving safepoint region
[498.387s][info ][safepoint    ] Total time for which application threads were stopped: 0.0000724 seconds, Stopping threads took: 0.0000177 seconds
[499.387s][info ][safepoint    ] Application time: 1.0000899 seconds
[499.387s][info ][safepoint    ] Entering safepoint region: Cleanup
[499.387s][info ][safepoint    ] Leaving safepoint region
[499.387s][info ][safepoint    ] Total time for which application threads were stopped: 0.0000718 seconds, Stopping threads took: 0.0000175 seconds
[499.833s][info ][safepoint    ] Application time: 0.4452132 seconds
[499.833s][info ][safepoint    ] Entering safepoint region: GenCollectForAllocation
[499.833s][info ][gc,start     ] GC(195) Pause Young (Allocation Failure)
[499.833s][info ][gc,task      ] GC(195) Using 4 workers of 4 for evacuation
[499.835s][debug][gc,ref       ] GC(195) Skipped phase1 of Reference Processing due to unavailable references
[499.835s][debug][gc,ref       ] GC(195) Skipped phase2 of Reference Processing due to unavailable references
[499.835s][debug][gc,ref       ] GC(195) Skipped phase3 of Reference Processing due to unavailable references
[499.835s][debug][gc,ref       ] GC(195) Skipped phase4 of Reference Processing due to unavailable references
[499.835s][debug][gc,age       ] GC(195) Desired survivor size 15400960 bytes, new threshold 6 (max threshold 6)
[499.835s][info ][gc,heap      ] GC(195) ParNew: 241000K->84K(270976K)
[499.835s][info ][gc,heap      ] GC(195) CMS: 243629K->243629K(602112K)
[499.835s][info ][gc,metaspace ] GC(195) Metaspace: 54075K->54075K(1097728K)
[499.835s][info ][gc           ] GC(195) Pause Young (Allocation Failure) 473M->238M(852M) 2.105ms
[499.835s][info ][gc,cpu       ] GC(195) User=0.01s Sys=0.00s Real=0.00s
[499.835s][info ][safepoint    ] Leaving safepoint region
[499.835s][info ][safepoint    ] Total time for which application threads were stopped: 0.0022577 seconds, Stopping threads took: 0.0000195 seconds
[500.835s][info ][safepoint    ] Application time: 1.0001001 seconds
[500.835s][info ][safepoint    ] Entering safepoint region: Cleanup
[500.835s][info ][safepoint    ] Leaving safepoint region
[500.835s][info ][safepoint    ] Total time for which application threads were stopped: 0.0001153 seconds, Stopping threads took: 0.0000493 seconds
[501.835s][info ][safepoint    ] Application time: 1.0000892 seconds
[501.835s][info ][safepoint    ] Entering safepoint region: Cleanup
[501.835s][info ][safepoint    ] Leaving safepoint region
[501.835s][info ][safepoint    ] Total time for which application threads were stopped: 0.0001030 seconds, Stopping threads took: 0.0000400 seconds
[502.835s][info ][safepoint    ] Application time: 1.0000831 seconds
[502.836s][info ][safepoint    ] Entering safepoint region: Cleanup
[502.836s][info ][safepoint    ] Leaving safepoint region
[502.836s][info ][safepoint    ] Total time for which application threads were stopped: 0.0001155 seconds, Stopping threads took: 0.0000560 seconds
[503.281s][info ][safepoint    ] Application time: 0.4458737 seconds
[503.282s][info ][safepoint    ] Entering safepoint region: GenCollectForAllocation
[503.282s][info ][gc,start     ] GC(196) Pause Young (Allocation Failure)
[503.282s][info ][gc,task      ] GC(196) Using 4 workers of 4 for evacuation
[503.283s][debug][gc,ref       ] GC(196) Skipped phase1 of Reference Processing due to unavailable references
[503.283s][debug][gc,ref       ] GC(196) Skipped phase2 of Reference Processing due to unavailable references
[503.283s][debug][gc,ref       ] GC(196) Skipped phase3 of Reference Processing due to unavailable references
[503.283s][debug][gc,ref       ] GC(196) Skipped phase4 of Reference Processing due to unavailable references
[503.283s][debug][gc,age       ] GC(196) Desired survivor size 15400960 bytes, new threshold 6 (max threshold 6)
[503.283s][info ][gc,heap      ] GC(196) ParNew: 240980K->38K(270976K)
[503.283s][info ][gc,heap      ] GC(196) CMS: 243629K->243629K(602112K)
[503.283s][info ][gc,metaspace ] GC(196) Metaspace: 54075K->54075K(1097728K)
[503.283s][info ][gc           ] GC(196) Pause Young (Allocation Failure) 473M->237M(852M) 1.562ms
[503.283s][info ][gc,cpu       ] GC(196) User=0.01s Sys=0.00s Real=0.00s
[503.283s][info ][safepoint    ] Leaving safepoint region
[503.283s][info ][safepoint    ] Total time for which application threads were stopped: 0.0017346 seconds, Stopping threads took: 0.0000192 seconds
[504.283s][info ][safepoint    ] Application time: 1.0000952 seconds
[504.283s][info ][safepoint    ] Entering safepoint region: Cleanup
[504.283s][info ][safepoint    ] Leaving safepoint region
[504.284s][info ][safepoint    ] Total time for which application threads were stopped: 0.0001133 seconds, Stopping threads took: 0.0000428 seconds
[505.284s][info ][safepoint    ] Application time: 1.0000964 seconds
[505.284s][info ][safepoint    ] Entering safepoint region: Cleanup
[505.284s][info ][safepoint    ] Leaving safepoint region
[505.284s][info ][safepoint    ] Total time for which application threads were stopped: 0.0001321 seconds, Stopping threads took: 0.0000569 seconds
[506.284s][info ][safepoint    ] Application time: 1.0000931 seconds
[506.284s][info ][safepoint    ] Entering safepoint region: Cleanup
[506.284s][info ][safepoint    ] Leaving safepoint region
[506.284s][info ][safepoint    ] Total time for which application threads were stopped: 0.0001255 seconds, Stopping threads took: 0.0000565 seconds
[506.684s][info ][safepoint    ] Application time: 0.4003077 seconds
[506.684s][info ][safepoint    ] Entering safepoint region: GenCollectForAllocation
[506.685s][info ][gc,start     ] GC(197) Pause Young (Allocation Failure)
[506.685s][info ][gc,task      ] GC(197) Using 4 workers of 4 for evacuation
[506.686s][debug][gc,ref       ] GC(197) Skipped phase1 of Reference Processing due to unavailable references
[506.686s][debug][gc,ref       ] GC(197) Skipped phase2 of Reference Processing due to unavailable references
[506.686s][debug][gc,ref       ] GC(197) Skipped phase3 of Reference Processing due to unavailable references
[506.686s][debug][gc,ref       ] GC(197) Skipped phase4 of Reference Processing due to unavailable references
[506.686s][debug][gc,age       ] GC(197) Desired survivor size 15400960 bytes, new threshold 6 (max threshold 6)
[506.686s][info ][gc,heap      ] GC(197) ParNew: 240934K->22K(270976K)
[506.686s][info ][gc,heap      ] GC(197) CMS: 243629K->243629K(602112K)
[506.686s][info ][gc,metaspace ] GC(197) Metaspace: 54075K->54075K(1097728K)
[506.686s][info ][gc           ] GC(197) Pause Young (Allocation Failure) 473M->237M(852M) 1.632ms
[506.686s][info ][gc,cpu       ] GC(197) User=0.01s Sys=0.00s Real=0.00s
[506.686s][info ][safepoint    ] Leaving safepoint region
[506.686s][info ][safepoint    ] Total time for which application threads were stopped: 0.0017732 seconds, Stopping threads took: 0.0000161 seconds
[507.686s][info ][safepoint    ] Application time: 1.0000977 seconds
[507.686s][info ][safepoint    ] Entering safepoint region: Cleanup
[507.686s][info ][safepoint    ] Leaving safepoint region
[507.686s][info ][safepoint    ] Total time for which application threads were stopped: 0.0000864 seconds, Stopping threads took: 0.0000173 seconds
[508.687s][info ][safepoint    ] Application time: 1.0000844 seconds
[508.687s][info ][safepoint    ] Entering safepoint region: Cleanup
[508.687s][info ][safepoint    ] Leaving safepoint region
[508.687s][info ][safepoint    ] Total time for which application threads were stopped: 0.0000742 seconds, Stopping threads took: 0.0000167 seconds
[509.687s][info ][safepoint    ] Application time: 1.0001170 seconds
[509.687s][info ][safepoint    ] Entering safepoint region: Cleanup
[509.687s][info ][safepoint    ] Leaving safepoint region
[509.687s][info ][safepoint    ] Total time for which application threads were stopped: 0.0000745 seconds, Stopping threads took: 0.0000172 seconds
[509.812s][info ][safepoint    ] Application time: 0.1250896 seconds
[509.812s][info ][safepoint    ] Entering safepoint region: RevokeBias
[509.812s][info ][safepoint    ] Leaving safepoint region
[509.812s][info ][safepoint    ] Total time for which application threads were stopped: 0.0000947 seconds, Stopping threads took: 0.0000144 seconds
[509.812s][info ][safepoint    ] Application time: 0.0003240 seconds
[509.813s][info ][safepoint    ] Entering safepoint region: RevokeBias
[509.813s][info ][safepoint    ] Leaving safepoint region
[509.813s][info ][safepoint    ] Total time for which application threads were stopped: 0.0001613 seconds, Stopping threads took: 0.0000957 seconds
[509.836s][info ][safepoint    ] Application time: 0.0230025 seconds
[509.836s][info ][safepoint    ] Entering safepoint region: RevokeBias
[509.836s][info ][safepoint    ] Leaving safepoint region
[509.836s][info ][safepoint    ] Total time for which application threads were stopped: 0.0001316 seconds, Stopping threads took: 0.0000424 seconds
[510.085s][info ][safepoint    ] Application time: 0.2488307 seconds
[510.085s][info ][safepoint    ] Entering safepoint region: GenCollectForAllocation
[510.085s][info ][gc,start     ] GC(198) Pause Young (Allocation Failure)
[510.085s][info ][gc,task      ] GC(198) Using 4 workers of 4 for evacuation
[510.086s][debug][gc,ref       ] GC(198) Skipped phase1 of Reference Processing due to unavailable references
[510.086s][debug][gc,ref       ] GC(198) Skipped phase3 of Reference Processing due to unavailable references
[510.086s][debug][gc,ref       ] GC(198) Skipped phase4 of Reference Processing due to unavailable references
[510.086s][debug][gc,age       ] GC(198) Desired survivor size 15400960 bytes, new threshold 6 (max threshold 6)
[510.086s][info ][gc,heap      ] GC(198) ParNew: 240918K->256K(270976K)
[510.086s][info ][gc,heap      ] GC(198) CMS: 243629K->243629K(602112K)
[510.086s][info ][gc,metaspace ] GC(198) Metaspace: 54080K->54080K(1097728K)
[510.086s][info ][gc           ] GC(198) Pause Young (Allocation Failure) 473M->238M(852M) 1.644ms
[510.086s][info ][gc,cpu       ] GC(198) User=0.01s Sys=0.00s Real=0.00s
[510.086s][info ][safepoint    ] Leaving safepoint region
[510.087s][info ][safepoint    ] Total time for which application threads were stopped: 0.0018359 seconds, Stopping threads took: 0.0000386 seconds
[510.182s][info ][safepoint    ] Application time: 0.0958271 seconds
[510.182s][info ][safepoint    ] Entering safepoint region: RevokeBias
[510.183s][info ][safepoint    ] Leaving safepoint region
[510.183s][info ][safepoint    ] Total time for which application threads were stopped: 0.0001421 seconds, Stopping threads took: 0.0000601 seconds
[510.185s][info ][safepoint    ] Application time: 0.0022157 seconds
[510.185s][info ][safepoint    ] Entering safepoint region: RevokeBias
[510.185s][info ][safepoint    ] Leaving safepoint region
[510.185s][info ][safepoint    ] Total time for which application threads were stopped: 0.0000642 seconds, Stopping threads took: 0.0000242 seconds
[510.185s][info ][safepoint    ] Application time: 0.0000726 seconds
[510.185s][info ][safepoint    ] Entering safepoint region: RevokeBias
[510.185s][info ][safepoint    ] Leaving safepoint region
[510.185s][info ][safepoint    ] Total time for which application threads were stopped: 0.0001258 seconds, Stopping threads took: 0.0000765 seconds
[510.185s][info ][safepoint    ] Application time: 0.0001778 seconds
[510.185s][info ][safepoint    ] Entering safepoint region: RevokeBias
[510.185s][info ][safepoint    ] Leaving safepoint region
[510.185s][info ][safepoint    ] Total time for which application threads were stopped: 0.0000884 seconds, Stopping threads took: 0.0000392 seconds
[510.185s][info ][safepoint    ] Application time: 0.0000956 seconds
[510.185s][info ][safepoint    ] Entering safepoint region: RevokeBias
[510.186s][info ][safepoint    ] Leaving safepoint region
[510.186s][info ][safepoint    ] Total time for which application threads were stopped: 0.0001114 seconds, Stopping threads took: 0.0000722 seconds
[510.186s][info ][safepoint    ] Application time: 0.0000850 seconds
[510.186s][info ][safepoint    ] Entering safepoint region: RevokeBias
[510.186s][info ][safepoint    ] Leaving safepoint region
[510.186s][info ][safepoint    ] Total time for which application threads were stopped: 0.0000562 seconds, Stopping threads took: 0.0000227 seconds
[510.186s][info ][safepoint    ] Application time: 0.0000615 seconds
[510.186s][info ][safepoint    ] Entering safepoint region: RevokeBias
[510.186s][info ][safepoint    ] Leaving safepoint region
[510.186s][info ][safepoint    ] Total time for which application threads were stopped: 0.0000907 seconds, Stopping threads took: 0.0000528 seconds
[510.186s][info ][safepoint    ] Application time: 0.0000674 seconds
[510.186s][info ][safepoint    ] Entering safepoint region: RevokeBias
[510.186s][info ][safepoint    ] Leaving safepoint region
[510.186s][info ][safepoint    ] Total time for which application threads were stopped: 0.0000695 seconds, Stopping threads took: 0.0000364 seconds
[510.186s][info ][safepoint    ] Application time: 0.0000636 seconds
[510.186s][info ][safepoint    ] Entering safepoint region: RevokeBias
[510.186s][info ][safepoint    ] Leaving safepoint region
[510.186s][info ][safepoint    ] Total time for which application threads were stopped: 0.0000776 seconds, Stopping threads took: 0.0000477 seconds
[510.186s][info ][safepoint    ] Application time: 0.0000830 seconds
[510.186s][info ][safepoint    ] Entering safepoint region: RevokeBias
[510.186s][info ][safepoint    ] Leaving safepoint region
[510.186s][info ][safepoint    ] Total time for which application threads were stopped: 0.0000769 seconds, Stopping threads took: 0.0000466 seconds
[510.186s][info ][safepoint    ] Application time: 0.0000827 seconds
[510.186s][info ][safepoint    ] Entering safepoint region: RevokeBias
[510.187s][info ][safepoint    ] Leaving safepoint region
[510.187s][info ][safepoint    ] Total time for which application threads were stopped: 0.0000750 seconds, Stopping threads took: 0.0000374 seconds
[510.187s][info ][safepoint    ] Application time: 0.0000618 seconds
[510.187s][info ][safepoint    ] Entering safepoint region: RevokeBias
[510.187s][info ][safepoint    ] Leaving safepoint region
[510.187s][info ][safepoint    ] Total time for which application threads were stopped: 0.0000707 seconds, Stopping threads took: 0.0000353 seconds
[510.187s][info ][safepoint    ] Application time: 0.0000487 seconds
[510.187s][info ][safepoint    ] Entering safepoint region: RevokeBias
[510.187s][info ][safepoint    ] Leaving safepoint region
[510.187s][info ][safepoint    ] Total time for which application threads were stopped: 0.0000573 seconds, Stopping threads took: 0.0000307 seconds
[510.187s][info ][safepoint    ] Application time: 0.0000512 seconds
[510.187s][info ][safepoint    ] Entering safepoint region: RevokeBias
[510.187s][info ][safepoint    ] Leaving safepoint region
[510.187s][info ][safepoint    ] Total time for which application threads were stopped: 0.0000767 seconds, Stopping threads took: 0.0000385 seconds
[510.187s][info ][safepoint    ] Application time: 0.0000607 seconds
[510.187s][info ][safepoint    ] Entering safepoint region: RevokeBias
[510.187s][info ][safepoint    ] Leaving safepoint region
[510.187s][info ][safepoint    ] Total time for which application threads were stopped: 0.0000749 seconds, Stopping threads took: 0.0000477 seconds
[510.187s][info ][safepoint    ] Application time: 0.0000801 seconds
[510.187s][info ][safepoint    ] Entering safepoint region: RevokeBias
[510.187s][info ][safepoint    ] Leaving safepoint region
[510.187s][info ][safepoint    ] Total time for which application threads were stopped: 0.0000698 seconds, Stopping threads took: 0.0000442 seconds
[510.187s][info ][safepoint    ] Application time: 0.0000666 seconds
[510.187s][info ][safepoint    ] Entering safepoint region: RevokeBias
[510.187s][info ][safepoint    ] Leaving safepoint region
[510.187s][info ][safepoint    ] Total time for which application threads were stopped: 0.0001109 seconds, Stopping threads took: 0.0000844 seconds
[510.187s][info ][safepoint    ] Application time: 0.0000665 seconds
[510.188s][info ][safepoint    ] Entering safepoint region: RevokeBias
[510.188s][info ][safepoint    ] Leaving safepoint region
[510.188s][info ][safepoint    ] Total time for which application threads were stopped: 0.0000731 seconds, Stopping threads took: 0.0000265 seconds
[510.188s][info ][safepoint    ] Application time: 0.0000658 seconds
[510.188s][info ][safepoint    ] Entering safepoint region: RevokeBias
[510.188s][info ][safepoint    ] Leaving safepoint region
[510.188s][info ][safepoint    ] Total time for which application threads were stopped: 0.0000781 seconds, Stopping threads took: 0.0000458 seconds
[510.188s][info ][safepoint    ] Application time: 0.0000680 seconds
[510.188s][info ][safepoint    ] Entering safepoint region: RevokeBias
[510.188s][info ][safepoint    ] Leaving safepoint region
[510.188s][info ][safepoint    ] Total time for which application threads were stopped: 0.0000755 seconds, Stopping threads took: 0.0000432 seconds
[510.188s][info ][safepoint    ] Application time: 0.0000938 seconds
[510.188s][info ][safepoint    ] Entering safepoint region: BulkRevokeBias
[510.188s][info ][safepoint    ] Leaving safepoint region
[510.188s][info ][safepoint    ] Total time for which application threads were stopped: 0.0002453 seconds, Stopping threads took: 0.0000088 seconds
[510.197s][info ][safepoint    ] Application time: 0.0086032 seconds
[510.197s][info ][safepoint    ] Entering safepoint region: RevokeBias
[510.197s][info ][safepoint    ] Leaving safepoint region
[510.197s][info ][safepoint    ] Total time for which application threads were stopped: 0.0001685 seconds, Stopping threads took: 0.0000701 seconds
[510.220s][info ][safepoint    ] Application time: 0.0230141 seconds
[510.220s][info ][safepoint    ] Entering safepoint region: RevokeBias
[510.220s][info ][safepoint    ] Leaving safepoint region
[510.220s][info ][safepoint    ] Total time for which application threads were stopped: 0.0001527 seconds, Stopping threads took: 0.0000163 seconds
[510.235s][info ][safepoint    ] Application time: 0.0151317 seconds
[510.235s][info ][safepoint    ] Entering safepoint region: RevokeBias
[510.236s][info ][safepoint    ] Leaving safepoint region
[510.236s][info ][safepoint    ] Total time for which application threads were stopped: 0.0001115 seconds, Stopping threads took: 0.0000166 seconds
[511.236s][info ][safepoint    ] Application time: 1.0000888 seconds
[511.236s][info ][safepoint    ] Entering safepoint region: Cleanup
[511.236s][info ][safepoint    ] Leaving safepoint region
[511.236s][info ][safepoint    ] Total time for which application threads were stopped: 0.0002059 seconds, Stopping threads took: 0.0000843 seconds
[512.236s][info ][safepoint    ] Application time: 1.0000995 seconds
[512.236s][info ][safepoint    ] Entering safepoint region: Cleanup
[512.236s][info ][safepoint    ] Leaving safepoint region
[512.236s][info ][safepoint    ] Total time for which application threads were stopped: 0.0001051 seconds, Stopping threads took: 0.0000431 seconds
[512.685s][info ][safepoint    ] Application time: 0.4487670 seconds
[512.685s][info ][safepoint    ] Entering safepoint region: GenCollectForAllocation
[512.685s][info ][gc,start     ] GC(199) Pause Young (Allocation Failure)
[512.685s][info ][gc,task      ] GC(199) Using 4 workers of 4 for evacuation
[512.690s][debug][gc,ref       ] GC(199) Skipped phase1 of Reference Processing due to unavailable references
[512.690s][debug][gc,age       ] GC(199) Desired survivor size 15400960 bytes, new threshold 1 (max threshold 6)
[512.690s][info ][gc,heap      ] GC(199) ParNew: 241152K->17434K(270976K)
[512.690s][info ][gc,heap      ] GC(199) CMS: 243629K->243629K(602112K)
[512.690s][info ][gc,metaspace ] GC(199) Metaspace: 54121K->54121K(1097728K)
[512.690s][info ][gc           ] GC(199) Pause Young (Allocation Failure) 473M->254M(852M) 5.450ms
[512.691s][info ][gc,cpu       ] GC(199) User=0.02s Sys=0.00s Real=0.00s
[512.691s][info ][safepoint    ] Leaving safepoint region
[512.691s][info ][safepoint    ] Total time for which application threads were stopped: 0.0056312 seconds, Stopping threads took: 0.0000179 seconds
[513.691s][info ][safepoint    ] Application time: 1.0000853 seconds
[513.691s][info ][safepoint    ] Entering safepoint region: Cleanup
[513.691s][info ][safepoint    ] Leaving safepoint region
[513.691s][info ][safepoint    ] Total time for which application threads were stopped: 0.0001185 seconds, Stopping threads took: 0.0000192 seconds
[514.691s][info ][safepoint    ] Application time: 1.0000894 seconds
[514.691s][info ][safepoint    ] Entering safepoint region: Cleanup
[514.691s][info ][safepoint    ] Leaving safepoint region
[514.691s][info ][safepoint    ] Total time for which application threads were stopped: 0.0001158 seconds, Stopping threads took: 0.0000177 seconds
[515.220s][info ][safepoint    ] Application time: 0.5285971 seconds
[515.220s][info ][safepoint    ] Entering safepoint region: RevokeBias
[515.220s][info ][safepoint    ] Leaving safepoint region
[515.220s][info ][safepoint    ] Total time for which application threads were stopped: 0.0001014 seconds, Stopping threads took: 0.0000188 seconds
[515.220s][info ][safepoint    ] Application time: 0.0000663 seconds
[515.220s][info ][safepoint    ] Entering safepoint region: RevokeBias
[515.220s][info ][safepoint    ] Leaving safepoint region
[515.220s][info ][safepoint    ] Total time for which application threads were stopped: 0.0000297 seconds, Stopping threads took: 0.0000068 seconds
[515.220s][info ][safepoint    ] Application time: 0.0002589 seconds
[515.220s][info ][safepoint    ] Entering safepoint region: RevokeBias
[515.220s][info ][safepoint    ] Leaving safepoint region
[515.220s][info ][safepoint    ] Total time for which application threads were stopped: 0.0000274 seconds, Stopping threads took: 0.0000064 seconds
[515.220s][info ][safepoint    ] Application time: 0.0001699 seconds
[515.220s][info ][safepoint    ] Entering safepoint region: RevokeBias
[515.220s][info ][safepoint    ] Leaving safepoint region
[515.220s][info ][safepoint    ] Total time for which application threads were stopped: 0.0000268 seconds, Stopping threads took: 0.0000067 seconds
[515.220s][info ][safepoint    ] Application time: 0.0000684 seconds
[515.220s][info ][safepoint    ] Entering safepoint region: RevokeBias
[515.221s][info ][safepoint    ] Leaving safepoint region
[515.221s][info ][safepoint    ] Total time for which application threads were stopped: 0.0000291 seconds, Stopping threads took: 0.0000063 seconds
[515.221s][info ][safepoint    ] Application time: 0.0001462 seconds
[515.221s][info ][safepoint    ] Entering safepoint region: RevokeBias
[515.221s][info ][safepoint    ] Leaving safepoint region
[515.221s][info ][safepoint    ] Total time for which application threads were stopped: 0.0000332 seconds, Stopping threads took: 0.0000084 seconds
[515.785s][info ][safepoint    ] Application time: 0.5644337 seconds
[515.785s][info ][safepoint    ] Entering safepoint region: GenCollectForAllocation
[515.785s][info ][gc,start     ] GC(200) Pause Young (Allocation Failure)
[515.785s][info ][gc,task      ] GC(200) Using 4 workers of 4 for evacuation
[515.795s][debug][gc,ref       ] GC(200) Skipped phase1 of Reference Processing due to unavailable references
[515.795s][debug][gc,ref       ] GC(200) Skipped phase2 of Reference Processing due to unavailable references
[515.795s][debug][gc,ref       ] GC(200) Skipped phase3 of Reference Processing due to unavailable references
[515.795s][debug][gc,ref       ] GC(200) Skipped phase4 of Reference Processing due to unavailable references
[515.795s][debug][gc,age       ] GC(200) Desired survivor size 15400960 bytes, new threshold 6 (max threshold 6)
[515.795s][info ][gc,heap      ] GC(200) ParNew: 258330K->643K(270976K)
[515.795s][info ][gc,heap      ] GC(200) CMS: 243629K->260904K(602112K)
[515.795s][info ][gc,metaspace ] GC(200) Metaspace: 54122K->54122K(1097728K)
[515.795s][info ][gc           ] GC(200) Pause Young (Allocation Failure) 490M->255M(852M) 10.055ms
[515.795s][info ][gc,cpu       ] GC(200) User=0.04s Sys=0.00s Real=0.01s
[515.795s][info ][safepoint    ] Leaving safepoint region
[515.795s][info ][safepoint    ] Total time for which application threads were stopped: 0.0102621 seconds, Stopping threads took: 0.0000380 seconds
[516.796s][info ][safepoint    ] Application time: 1.0001037 seconds
[516.796s][info ][safepoint    ] Entering safepoint region: Cleanup
[516.796s][info ][safepoint    ] Leaving safepoint region
[516.796s][info ][safepoint    ] Total time for which application threads were stopped: 0.0000843 seconds, Stopping threads took: 0.0000167 seconds
[516.944s][info ][safepoint    ] Application time: 0.1486457 seconds
[516.944s][info ][safepoint    ] Entering safepoint region: RevokeBias
[516.945s][info ][safepoint    ] Leaving safepoint region
[516.945s][info ][safepoint    ] Total time for which application threads were stopped: 0.0001497 seconds, Stopping threads took: 0.0000154 seconds
[517.945s][info ][safepoint    ] Application time: 1.0000959 seconds
[517.945s][info ][safepoint    ] Entering safepoint region: Cleanup
[517.945s][info ][safepoint    ] Leaving safepoint region
[517.945s][info ][safepoint    ] Total time for which application threads were stopped: 0.0001315 seconds, Stopping threads took: 0.0000162 seconds
[518.886s][info ][safepoint    ] Application time: 0.9409112 seconds
[518.886s][info ][safepoint    ] Entering safepoint region: GenCollectForAllocation
[518.886s][info ][gc,start     ] GC(201) Pause Young (Allocation Failure)
[518.886s][info ][gc,task      ] GC(201) Using 4 workers of 4 for evacuation
[518.887s][debug][gc,ref       ] GC(201) Skipped phase1 of Reference Processing due to unavailable references
[518.887s][debug][gc,ref       ] GC(201) Skipped phase2 of Reference Processing due to unavailable references
[518.887s][debug][gc,ref       ] GC(201) Skipped phase3 of Reference Processing due to unavailable references
[518.887s][debug][gc,ref       ] GC(201) Skipped phase4 of Reference Processing due to unavailable references
[518.888s][debug][gc,age       ] GC(201) Desired survivor size 15400960 bytes, new threshold 6 (max threshold 6)
[518.888s][info ][gc,heap      ] GC(201) ParNew: 241539K->170K(270976K)
[518.888s][info ][gc,heap      ] GC(201) CMS: 260904K->260904K(602112K)
[518.888s][info ][gc,metaspace ] GC(201) Metaspace: 54129K->54129K(1097728K)
[518.888s][info ][gc           ] GC(201) Pause Young (Allocation Failure) 490M->254M(852M) 1.680ms
[518.888s][info ][gc,cpu       ] GC(201) User=0.00s Sys=0.00s Real=0.00s
[518.888s][info ][safepoint    ] Leaving safepoint region
[518.888s][info ][safepoint    ] Total time for which application threads were stopped: 0.0018801 seconds, Stopping threads took: 0.0000399 seconds
[519.888s][info ][safepoint    ] Application time: 1.0001003 seconds
[519.888s][info ][safepoint    ] Entering safepoint region: Cleanup
[519.888s][info ][safepoint    ] Leaving safepoint region
[519.888s][info ][safepoint    ] Total time for which application threads were stopped: 0.0001466 seconds, Stopping threads took: 0.0000516 seconds
[520.888s][info ][safepoint    ] Application time: 1.0000814 seconds
[520.888s][info ][safepoint    ] Entering safepoint region: Cleanup
[520.888s][info ][safepoint    ] Leaving safepoint region
[520.888s][info ][safepoint    ] Total time for which application threads were stopped: 0.0001153 seconds, Stopping threads took: 0.0000302 seconds
[521.888s][info ][safepoint    ] Application time: 1.0000904 seconds
[521.888s][info ][safepoint    ] Entering safepoint region: Cleanup
[521.888s][info ][safepoint    ] Leaving safepoint region
[521.888s][info ][safepoint    ] Total time for which application threads were stopped: 0.0000930 seconds, Stopping threads took: 0.0000172 seconds
[522.083s][info ][safepoint    ] Application time: 0.1945657 seconds
[522.083s][info ][safepoint    ] Entering safepoint region: GenCollectForAllocation
[522.083s][info ][gc,start     ] GC(202) Pause Young (Allocation Failure)
[522.083s][info ][gc,task      ] GC(202) Using 4 workers of 4 for evacuation
[522.085s][debug][gc,ref       ] GC(202) Skipped phase1 of Reference Processing due to unavailable references
[522.085s][debug][gc,ref       ] GC(202) Skipped phase2 of Reference Processing due to unavailable references
[522.085s][debug][gc,ref       ] GC(202) Skipped phase3 of Reference Processing due to unavailable references
[522.085s][debug][gc,ref       ] GC(202) Skipped phase4 of Reference Processing due to unavailable references
[522.085s][debug][gc,age       ] GC(202) Desired survivor size 15400960 bytes, new threshold 6 (max threshold 6)
[522.085s][info ][gc,heap      ] GC(202) ParNew: 241066K->70K(270976K)
[522.085s][info ][gc,heap      ] GC(202) CMS: 260904K->260904K(602112K)
[522.085s][info ][gc,metaspace ] GC(202) Metaspace: 54130K->54130K(1097728K)
[522.085s][info ][gc           ] GC(202) Pause Young (Allocation Failure) 490M->254M(852M) 1.987ms
[522.085s][info ][gc,cpu       ] GC(202) User=0.00s Sys=0.00s Real=0.00s
[522.085s][info ][safepoint    ] Leaving safepoint region
[522.085s][info ][safepoint    ] Total time for which application threads were stopped: 0.0021505 seconds, Stopping threads took: 0.0000180 seconds
[523.085s][info ][safepoint    ] Application time: 1.0000961 seconds
[523.085s][info ][safepoint    ] Entering safepoint region: Cleanup
[523.085s][info ][safepoint    ] Leaving safepoint region
[523.085s][info ][safepoint    ] Total time for which application threads were stopped: 0.0001319 seconds, Stopping threads took: 0.0000389 seconds
[524.086s][info ][safepoint    ] Application time: 1.0000882 seconds
[524.086s][info ][safepoint    ] Entering safepoint region: Cleanup
[524.086s][info ][safepoint    ] Leaving safepoint region
[524.086s][info ][safepoint    ] Total time for which application threads were stopped: 0.0001188 seconds, Stopping threads took: 0.0000400 seconds
[525.086s][info ][safepoint    ] Application time: 1.0001079 seconds
[525.086s][info ][safepoint    ] Entering safepoint region: Cleanup
[525.086s][info ][safepoint    ] Leaving safepoint region
[525.086s][info ][safepoint    ] Total time for which application threads were stopped: 0.0001189 seconds, Stopping threads took: 0.0000358 seconds
[525.185s][info ][safepoint    ] Application time: 0.0994456 seconds
[525.185s][info ][safepoint    ] Entering safepoint region: GenCollectForAllocation
[525.186s][info ][gc,start     ] GC(203) Pause Young (Allocation Failure)
[525.186s][info ][gc,task      ] GC(203) Using 4 workers of 4 for evacuation
[525.187s][debug][gc,ref       ] GC(203) Skipped phase1 of Reference Processing due to unavailable references
[525.187s][debug][gc,ref       ] GC(203) Skipped phase2 of Reference Processing due to unavailable references
[525.187s][debug][gc,ref       ] GC(203) Skipped phase3 of Reference Processing due to unavailable references
[525.187s][debug][gc,ref       ] GC(203) Skipped phase4 of Reference Processing due to unavailable references
[525.187s][debug][gc,age       ] GC(203) Desired survivor size 15400960 bytes, new threshold 6 (max threshold 6)
[525.187s][info ][gc,heap      ] GC(203) ParNew: 240966K->78K(270976K)
[525.187s][info ][gc,heap      ] GC(203) CMS: 260904K->260904K(602112K)
[525.187s][info ][gc,metaspace ] GC(203) Metaspace: 54135K->54135K(1097728K)
[525.187s][info ][gc           ] GC(203) Pause Young (Allocation Failure) 490M->254M(852M) 1.657ms
[525.187s][info ][gc,cpu       ] GC(203) User=0.00s Sys=0.00s Real=0.00s
[525.187s][info ][safepoint    ] Leaving safepoint region
[525.187s][info ][safepoint    ] Total time for which application threads were stopped: 0.0018482 seconds, Stopping threads took: 0.0000513 seconds
[526.187s][info ][safepoint    ] Application time: 1.0001049 seconds
[526.187s][info ][safepoint    ] Entering safepoint region: Cleanup
[526.188s][info ][safepoint    ] Leaving safepoint region
[526.188s][info ][safepoint    ] Total time for which application threads were stopped: 0.0000756 seconds, Stopping threads took: 0.0000174 seconds
[527.188s][info ][safepoint    ] Application time: 1.0000937 seconds
[527.188s][info ][safepoint    ] Entering safepoint region: Cleanup
[527.188s][info ][safepoint    ] Leaving safepoint region
[527.188s][info ][safepoint    ] Total time for which application threads were stopped: 0.0000990 seconds, Stopping threads took: 0.0000179 seconds
[528.188s][info ][safepoint    ] Application time: 1.0000920 seconds
[528.188s][info ][safepoint    ] Entering safepoint region: Cleanup
[528.188s][info ][safepoint    ] Leaving safepoint region
[528.188s][info ][safepoint    ] Total time for which application threads were stopped: 0.0000773 seconds, Stopping threads took: 0.0000175 seconds
[528.337s][info ][safepoint    ] Application time: 0.1487215 seconds
[528.337s][info ][safepoint    ] Entering safepoint region: GenCollectForAllocation
[528.337s][info ][gc,start     ] GC(204) Pause Young (Allocation Failure)
[528.337s][info ][gc,task      ] GC(204) Using 4 workers of 4 for evacuation
[528.338s][debug][gc,ref       ] GC(204) Skipped phase1 of Reference Processing due to unavailable references
[528.338s][debug][gc,ref       ] GC(204) Skipped phase2 of Reference Processing due to unavailable references
[528.338s][debug][gc,ref       ] GC(204) Skipped phase3 of Reference Processing due to unavailable references
[528.338s][debug][gc,ref       ] GC(204) Skipped phase4 of Reference Processing due to unavailable references
[528.339s][debug][gc,age       ] GC(204) Desired survivor size 15400960 bytes, new threshold 6 (max threshold 6)
[528.339s][info ][gc,heap      ] GC(204) ParNew: 240974K->65K(270976K)
[528.339s][info ][gc,heap      ] GC(204) CMS: 260904K->260904K(602112K)
[528.339s][info ][gc,metaspace ] GC(204) Metaspace: 54136K->54136K(1097728K)
[528.339s][info ][gc           ] GC(204) Pause Young (Allocation Failure) 490M->254M(852M) 1.655ms
[528.339s][info ][gc,cpu       ] GC(204) User=0.00s Sys=0.00s Real=0.00s
[528.339s][info ][safepoint    ] Leaving safepoint region
[528.339s][info ][safepoint    ] Total time for which application threads were stopped: 0.0018575 seconds, Stopping threads took: 0.0000396 seconds
[529.339s][info ][safepoint    ] Application time: 1.0001038 seconds
[529.339s][info ][safepoint    ] Entering safepoint region: Cleanup
[529.339s][info ][safepoint    ] Leaving safepoint region
[529.339s][info ][safepoint    ] Total time for which application threads were stopped: 0.0001562 seconds, Stopping threads took: 0.0000586 seconds
[530.339s][info ][safepoint    ] Application time: 1.0001039 seconds
[530.339s][info ][safepoint    ] Entering safepoint region: Cleanup
[530.339s][info ][safepoint    ] Leaving safepoint region
[530.339s][info ][safepoint    ] Total time for which application threads were stopped: 0.0000759 seconds, Stopping threads took: 0.0000174 seconds
[531.339s][info ][safepoint    ] Application time: 1.0000855 seconds
[531.339s][info ][safepoint    ] Entering safepoint region: Cleanup
[531.339s][info ][safepoint    ] Leaving safepoint region
[531.339s][info ][safepoint    ] Total time for which application threads were stopped: 0.0000738 seconds, Stopping threads took: 0.0000173 seconds
[531.486s][info ][safepoint    ] Application time: 0.1462825 seconds
[531.486s][info ][safepoint    ] Entering safepoint region: GenCollectForAllocation
[531.486s][info ][gc,start     ] GC(205) Pause Young (Allocation Failure)
[531.486s][info ][gc,task      ] GC(205) Using 4 workers of 4 for evacuation
[531.487s][debug][gc,ref       ] GC(205) Skipped phase1 of Reference Processing due to unavailable references
[531.487s][debug][gc,ref       ] GC(205) Skipped phase2 of Reference Processing due to unavailable references
[531.487s][debug][gc,ref       ] GC(205) Skipped phase3 of Reference Processing due to unavailable references
[531.487s][debug][gc,ref       ] GC(205) Skipped phase4 of Reference Processing due to unavailable references
[531.487s][debug][gc,age       ] GC(205) Desired survivor size 15400960 bytes, new threshold 6 (max threshold 6)
[531.487s][info ][gc,heap      ] GC(205) ParNew: 240961K->78K(270976K)
[531.487s][info ][gc,heap      ] GC(205) CMS: 260904K->260904K(602112K)
[531.487s][info ][gc,metaspace ] GC(205) Metaspace: 54136K->54136K(1097728K)
[531.487s][info ][gc           ] GC(205) Pause Young (Allocation Failure) 490M->254M(852M) 1.618ms
[531.487s][info ][gc,cpu       ] GC(205) User=0.00s Sys=0.00s Real=0.00s
[531.487s][info ][safepoint    ] Leaving safepoint region
[531.487s][info ][safepoint    ] Total time for which application threads were stopped: 0.0017978 seconds, Stopping threads took: 0.0000327 seconds
[532.488s][info ][safepoint    ] Application time: 1.0000493 seconds
[532.488s][info ][safepoint    ] Entering safepoint region: Cleanup
[532.488s][info ][safepoint    ] Leaving safepoint region
[532.488s][info ][safepoint    ] Total time for which application threads were stopped: 0.0000953 seconds, Stopping threads took: 0.0000181 seconds
[533.488s][info ][safepoint    ] Application time: 1.0000818 seconds
[533.488s][info ][safepoint    ] Entering safepoint region: Cleanup
[533.488s][info ][safepoint    ] Leaving safepoint region
[533.488s][info ][safepoint    ] Total time for which application threads were stopped: 0.0000775 seconds, Stopping threads took: 0.0000182 seconds
[534.488s][info ][safepoint    ] Application time: 1.0000780 seconds
[534.488s][info ][safepoint    ] Entering safepoint region: Cleanup
[534.488s][info ][safepoint    ] Leaving safepoint region
[534.488s][info ][safepoint    ] Total time for which application threads were stopped: 0.0001051 seconds, Stopping threads took: 0.0000179 seconds
[534.684s][info ][safepoint    ] Application time: 0.1954395 seconds
[534.684s][info ][safepoint    ] Entering safepoint region: GenCollectForAllocation
[534.684s][info ][gc,start     ] GC(206) Pause Young (Allocation Failure)
[534.684s][info ][gc,task      ] GC(206) Using 4 workers of 4 for evacuation
[534.685s][debug][gc,ref       ] GC(206) Skipped phase1 of Reference Processing due to unavailable references
[534.685s][debug][gc,ref       ] GC(206) Skipped phase2 of Reference Processing due to unavailable references
[534.685s][debug][gc,ref       ] GC(206) Skipped phase3 of Reference Processing due to unavailable references
[534.685s][debug][gc,ref       ] GC(206) Skipped phase4 of Reference Processing due to unavailable references
[534.685s][debug][gc,age       ] GC(206) Desired survivor size 15400960 bytes, new threshold 6 (max threshold 6)
[534.685s][info ][gc,heap      ] GC(206) ParNew: 240974K->181K(270976K)
[534.685s][info ][gc,heap      ] GC(206) CMS: 260904K->260910K(602112K)
[534.685s][info ][gc,metaspace ] GC(206) Metaspace: 54137K->54137K(1097728K)
[534.685s][info ][gc           ] GC(206) Pause Young (Allocation Failure) 490M->254M(852M) 1.687ms
[534.685s][info ][gc,cpu       ] GC(206) User=0.01s Sys=0.00s Real=0.00s
[534.685s][info ][safepoint    ] Leaving safepoint region
[534.685s][info ][safepoint    ] Total time for which application threads were stopped: 0.0018414 seconds, Stopping threads took: 0.0000172 seconds
[535.686s][info ][safepoint    ] Application time: 1.0000912 seconds
[535.686s][info ][safepoint    ] Entering safepoint region: Cleanup
[535.686s][info ][safepoint    ] Leaving safepoint region
[535.686s][info ][safepoint    ] Total time for which application threads were stopped: 0.0001262 seconds, Stopping threads took: 0.0000391 seconds
[536.686s][info ][safepoint    ] Application time: 1.0001003 seconds
[536.686s][info ][safepoint    ] Entering safepoint region: Cleanup
[536.686s][info ][safepoint    ] Leaving safepoint region
[536.686s][info ][safepoint    ] Total time for which application threads were stopped: 0.0001308 seconds, Stopping threads took: 0.0000486 seconds
[537.686s][info ][safepoint    ] Application time: 1.0000951 seconds
[537.686s][info ][safepoint    ] Entering safepoint region: Cleanup
[537.686s][info ][safepoint    ] Leaving safepoint region
[537.686s][info ][safepoint    ] Total time for which application threads were stopped: 0.0001591 seconds, Stopping threads took: 0.0000872 seconds
[537.785s][info ][safepoint    ] Application time: 0.0987390 seconds
[537.785s][info ][safepoint    ] Entering safepoint region: GenCollectForAllocation
[537.785s][info ][gc,start     ] GC(207) Pause Young (Allocation Failure)
[537.785s][info ][gc,task      ] GC(207) Using 4 workers of 4 for evacuation
[537.787s][debug][gc,ref       ] GC(207) Skipped phase1 of Reference Processing due to unavailable references
[537.787s][debug][gc,ref       ] GC(207) Skipped phase2 of Reference Processing due to unavailable references
[537.787s][debug][gc,ref       ] GC(207) Skipped phase3 of Reference Processing due to unavailable references
[537.787s][debug][gc,ref       ] GC(207) Skipped phase4 of Reference Processing due to unavailable references
[537.787s][debug][gc,age       ] GC(207) Desired survivor size 15400960 bytes, new threshold 6 (max threshold 6)
[537.787s][info ][gc,heap      ] GC(207) ParNew: 241077K->134K(270976K)
[537.787s][info ][gc,heap      ] GC(207) CMS: 260910K->260911K(602112K)
[537.787s][info ][gc,metaspace ] GC(207) Metaspace: 54142K->54142K(1097728K)
[537.787s][info ][gc           ] GC(207) Pause Young (Allocation Failure) 490M->254M(852M) 1.767ms
[537.787s][info ][gc,cpu       ] GC(207) User=0.01s Sys=0.00s Real=0.00s
[537.787s][info ][safepoint    ] Leaving safepoint region
[537.787s][info ][safepoint    ] Total time for which application threads were stopped: 0.0019102 seconds, Stopping threads took: 0.0000168 seconds
[538.787s][info ][safepoint    ] Application time: 1.0001699 seconds
[538.787s][info ][safepoint    ] Entering safepoint region: Cleanup
[538.787s][info ][safepoint    ] Leaving safepoint region
[538.787s][info ][safepoint    ] Total time for which application threads were stopped: 0.0001081 seconds, Stopping threads took: 0.0000224 seconds
[539.787s][info ][safepoint    ] Application time: 1.0000988 seconds
[539.787s][info ][safepoint    ] Entering safepoint region: Cleanup
[539.787s][info ][safepoint    ] Leaving safepoint region
[539.787s][info ][safepoint    ] Total time for which application threads were stopped: 0.0000717 seconds, Stopping threads took: 0.0000172 seconds
[540.788s][info ][safepoint    ] Application time: 1.0001127 seconds
[540.788s][info ][safepoint    ] Entering safepoint region: Cleanup
[540.788s][info ][safepoint    ] Leaving safepoint region
[540.788s][info ][safepoint    ] Total time for which application threads were stopped: 0.0000929 seconds, Stopping threads took: 0.0000173 seconds
[540.981s][info ][safepoint    ] Application time: 0.1937059 seconds
[540.982s][info ][safepoint    ] Entering safepoint region: GenCollectForAllocation
[540.982s][info ][gc,start     ] GC(208) Pause Young (Allocation Failure)
[540.982s][info ][gc,task      ] GC(208) Using 4 workers of 4 for evacuation
[540.984s][debug][gc,ref       ] GC(208) Skipped phase1 of Reference Processing due to unavailable references
[540.984s][debug][gc,ref       ] GC(208) Skipped phase2 of Reference Processing due to unavailable references
[540.984s][debug][gc,ref       ] GC(208) Skipped phase3 of Reference Processing due to unavailable references
[540.984s][debug][gc,ref       ] GC(208) Skipped phase4 of Reference Processing due to unavailable references
[540.984s][debug][gc,age       ] GC(208) Desired survivor size 15400960 bytes, new threshold 6 (max threshold 6)
[540.984s][info ][gc,heap      ] GC(208) ParNew: 241030K->89K(270976K)
[540.984s][info ][gc,heap      ] GC(208) CMS: 260911K->260911K(602112K)
[540.984s][info ][gc,metaspace ] GC(208) Metaspace: 54143K->54143K(1097728K)
[540.984s][info ][gc           ] GC(208) Pause Young (Allocation Failure) 490M->254M(852M) 2.651ms
[540.984s][info ][gc,cpu       ] GC(208) User=0.01s Sys=0.01s Real=0.00s
[540.984s][info ][safepoint    ] Leaving safepoint region
[540.984s][info ][safepoint    ] Total time for which application threads were stopped: 0.0028664 seconds, Stopping threads took: 0.0000625 seconds
[541.984s][info ][safepoint    ] Application time: 1.0001248 seconds
[541.985s][info ][safepoint    ] Entering safepoint region: Cleanup
[541.985s][info ][safepoint    ] Leaving safepoint region
[541.985s][info ][safepoint    ] Total time for which application threads were stopped: 0.0001161 seconds, Stopping threads took: 0.0000248 seconds
[542.986s][info ][safepoint    ] Application time: 1.0010349 seconds
[542.986s][info ][safepoint    ] Entering safepoint region: Cleanup
[542.986s][info ][safepoint    ] Leaving safepoint region
[542.986s][info ][safepoint    ] Total time for which application threads were stopped: 0.0001132 seconds, Stopping threads took: 0.0000177 seconds
[543.986s][info ][safepoint    ] Application time: 1.0000853 seconds
[543.986s][info ][safepoint    ] Entering safepoint region: Cleanup
[543.986s][info ][safepoint    ] Leaving safepoint region
[543.986s][info ][safepoint    ] Total time for which application threads were stopped: 0.0001337 seconds, Stopping threads took: 0.0000376 seconds
[544.387s][info ][safepoint    ] Application time: 0.4008884 seconds
[544.387s][info ][safepoint    ] Entering safepoint region: GenCollectForAllocation
[544.387s][info ][gc,start     ] GC(209) Pause Young (Allocation Failure)
[544.387s][info ][gc,task      ] GC(209) Using 4 workers of 4 for evacuation
[544.395s][debug][gc,ref       ] GC(209) Skipped phase1 of Reference Processing due to unavailable references
[544.395s][debug][gc,ref       ] GC(209) Skipped phase2 of Reference Processing due to unavailable references
[544.395s][debug][gc,ref       ] GC(209) Skipped phase3 of Reference Processing due to unavailable references
[544.395s][debug][gc,ref       ] GC(209) Skipped phase4 of Reference Processing due to unavailable references
[544.395s][debug][gc,age       ] GC(209) Desired survivor size 15400960 bytes, new threshold 6 (max threshold 6)
[544.395s][info ][gc,heap      ] GC(209) ParNew: 240985K->177K(270976K)
[544.395s][info ][gc,heap      ] GC(209) CMS: 260911K->260912K(602112K)
[544.395s][info ][gc,metaspace ] GC(209) Metaspace: 54143K->54143K(1097728K)
[544.395s][info ][gc           ] GC(209) Pause Young (Allocation Failure) 490M->254M(852M) 8.000ms
[544.395s][info ][gc,cpu       ] GC(209) User=0.00s Sys=0.00s Real=0.01s
[544.395s][info ][safepoint    ] Leaving safepoint region
[544.395s][info ][safepoint    ] Total time for which application threads were stopped: 0.0082085 seconds, Stopping threads took: 0.0000176 seconds
[545.395s][info ][safepoint    ] Application time: 1.0002122 seconds
[545.396s][info ][safepoint    ] Entering safepoint region: Cleanup
[545.396s][info ][safepoint    ] Leaving safepoint region
[545.396s][info ][safepoint    ] Total time for which application threads were stopped: 0.0000872 seconds, Stopping threads took: 0.0000191 seconds
[546.396s][info ][safepoint    ] Application time: 1.0001028 seconds
[546.396s][info ][safepoint    ] Entering safepoint region: Cleanup
[546.396s][info ][safepoint    ] Leaving safepoint region
[546.396s][info ][safepoint    ] Total time for which application threads were stopped: 0.0001055 seconds, Stopping threads took: 0.0000190 seconds
[547.396s][info ][safepoint    ] Application time: 1.0000534 seconds
[547.396s][info ][safepoint    ] Entering safepoint region: Cleanup
[547.396s][info ][safepoint    ] Leaving safepoint region
[547.396s][info ][safepoint    ] Total time for which application threads were stopped: 0.0000762 seconds, Stopping threads took: 0.0000181 seconds
[547.834s][info ][safepoint    ] Application time: 0.4375723 seconds
[547.834s][info ][safepoint    ] Entering safepoint region: GenCollectForAllocation
[547.834s][info ][gc,start     ] GC(210) Pause Young (Allocation Failure)
[547.834s][info ][gc,task      ] GC(210) Using 4 workers of 4 for evacuation
[547.836s][debug][gc,ref       ] GC(210) Skipped phase1 of Reference Processing due to unavailable references
[547.836s][debug][gc,ref       ] GC(210) Skipped phase2 of Reference Processing due to unavailable references
[547.836s][debug][gc,ref       ] GC(210) Skipped phase3 of Reference Processing due to unavailable references
[547.836s][debug][gc,ref       ] GC(210) Skipped phase4 of Reference Processing due to unavailable references
[547.836s][debug][gc,age       ] GC(210) Desired survivor size 15400960 bytes, new threshold 6 (max threshold 6)
[547.836s][info ][gc,heap      ] GC(210) ParNew: 241073K->185K(270976K)
[547.836s][info ][gc,heap      ] GC(210) CMS: 260912K->260912K(602112K)
[547.836s][info ][gc,metaspace ] GC(210) Metaspace: 54143K->54143K(1097728K)
[547.836s][info ][gc           ] GC(210) Pause Young (Allocation Failure) 490M->254M(852M) 2.429ms
[547.836s][info ][gc,cpu       ] GC(210) User=0.01s Sys=0.00s Real=0.00s
[547.836s][info ][safepoint    ] Leaving safepoint region
[547.836s][info ][safepoint    ] Total time for which application threads were stopped: 0.0026106 seconds, Stopping threads took: 0.0000171 seconds
[548.836s][info ][safepoint    ] Application time: 1.0001202 seconds
[548.841s][info ][safepoint    ] Entering safepoint region: Cleanup
[548.841s][info ][safepoint    ] Leaving safepoint region
[548.841s][info ][safepoint    ] Total time for which application threads were stopped: 0.0047843 seconds, Stopping threads took: 0.0046121 seconds
[549.841s][info ][safepoint    ] Application time: 1.0000866 seconds
[549.841s][info ][safepoint    ] Entering safepoint region: Cleanup
[549.841s][info ][safepoint    ] Leaving safepoint region
[549.841s][info ][safepoint    ] Total time for which application threads were stopped: 0.0000843 seconds, Stopping threads took: 0.0000219 seconds
[550.842s][info ][safepoint    ] Application time: 1.0000987 seconds
[550.842s][info ][safepoint    ] Entering safepoint region: Cleanup
[550.842s][info ][safepoint    ] Leaving safepoint region
[550.842s][info ][safepoint    ] Total time for which application threads were stopped: 0.0001145 seconds, Stopping threads took: 0.0000180 seconds
[551.283s][info ][safepoint    ] Application time: 0.4410006 seconds
[551.283s][info ][safepoint    ] Entering safepoint region: GenCollectForAllocation
[551.283s][info ][gc,start     ] GC(211) Pause Young (Allocation Failure)
[551.283s][info ][gc,task      ] GC(211) Using 4 workers of 4 for evacuation
[551.284s][debug][gc,ref       ] GC(211) Skipped phase1 of Reference Processing due to unavailable references
[551.285s][debug][gc,ref       ] GC(211) Skipped phase2 of Reference Processing due to unavailable references
[551.285s][debug][gc,ref       ] GC(211) Skipped phase3 of Reference Processing due to unavailable references
[551.285s][debug][gc,ref       ] GC(211) Skipped phase4 of Reference Processing due to unavailable references
[551.285s][debug][gc,age       ] GC(211) Desired survivor size 15400960 bytes, new threshold 6 (max threshold 6)
[551.285s][info ][gc,heap      ] GC(211) ParNew: 241081K->278K(270976K)
[551.285s][info ][gc,heap      ] GC(211) CMS: 260912K->260912K(602112K)
[551.285s][info ][gc,metaspace ] GC(211) Metaspace: 54143K->54143K(1097728K)
[551.285s][info ][gc           ] GC(211) Pause Young (Allocation Failure) 490M->255M(852M) 1.893ms
[551.285s][info ][gc,cpu       ] GC(211) User=0.01s Sys=0.00s Real=0.00s
[551.285s][info ][safepoint    ] Leaving safepoint region
[551.285s][info ][safepoint    ] Total time for which application threads were stopped: 0.0020531 seconds, Stopping threads took: 0.0000177 seconds
[552.285s][info ][safepoint    ] Application time: 1.0001026 seconds
[552.285s][info ][safepoint    ] Entering safepoint region: Cleanup
[552.285s][info ][safepoint    ] Leaving safepoint region
[552.285s][info ][safepoint    ] Total time for which application threads were stopped: 0.0001198 seconds, Stopping threads took: 0.0000392 seconds
[553.285s][info ][safepoint    ] Application time: 1.0000897 seconds
[553.285s][info ][safepoint    ] Entering safepoint region: Cleanup
[553.285s][info ][safepoint    ] Leaving safepoint region
[553.285s][info ][safepoint    ] Total time for which application threads were stopped: 0.0000782 seconds, Stopping threads took: 0.0000169 seconds
[554.285s][info ][safepoint    ] Application time: 1.0000821 seconds
[554.285s][info ][safepoint    ] Entering safepoint region: Cleanup
[554.285s][info ][safepoint    ] Leaving safepoint region
[554.285s][info ][safepoint    ] Total time for which application threads were stopped: 0.0000764 seconds, Stopping threads took: 0.0000171 seconds
[554.732s][info ][safepoint    ] Application time: 0.4468225 seconds
[554.732s][info ][safepoint    ] Entering safepoint region: GenCollectForAllocation
[554.732s][info ][gc,start     ] GC(212) Pause Young (Allocation Failure)
[554.733s][info ][gc,task      ] GC(212) Using 4 workers of 4 for evacuation
[554.734s][debug][gc,ref       ] GC(212) Skipped phase1 of Reference Processing due to unavailable references
[554.734s][debug][gc,ref       ] GC(212) Skipped phase2 of Reference Processing due to unavailable references
[554.734s][debug][gc,ref       ] GC(212) Skipped phase3 of Reference Processing due to unavailable references
[554.734s][debug][gc,ref       ] GC(212) Skipped phase4 of Reference Processing due to unavailable references
[554.734s][debug][gc,age       ] GC(212) Desired survivor size 15400960 bytes, new threshold 6 (max threshold 6)
[554.734s][info ][gc,heap      ] GC(212) ParNew: 241174K->119K(270976K)
[554.734s][info ][gc,heap      ] GC(212) CMS: 260912K->260912K(602112K)
[554.734s][info ][gc,metaspace ] GC(212) Metaspace: 54143K->54143K(1097728K)
[554.734s][info ][gc           ] GC(212) Pause Young (Allocation Failure) 490M->254M(852M) 1.944ms
[554.734s][info ][gc,cpu       ] GC(212) User=0.01s Sys=0.00s Real=0.00s
[554.734s][info ][safepoint    ] Leaving safepoint region
[554.734s][info ][safepoint    ] Total time for which application threads were stopped: 0.0021037 seconds, Stopping threads took: 0.0000177 seconds
[555.735s][info ][safepoint    ] Application time: 1.0001462 seconds
[555.735s][info ][safepoint    ] Entering safepoint region: Cleanup
[555.735s][info ][safepoint    ] Leaving safepoint region
[555.735s][info ][safepoint    ] Total time for which application threads were stopped: 0.0001316 seconds, Stopping threads took: 0.0000416 seconds
[556.735s][info ][safepoint    ] Application time: 1.0001265 seconds
[556.735s][info ][safepoint    ] Entering safepoint region: Cleanup
[556.735s][info ][safepoint    ] Leaving safepoint region
[556.735s][info ][safepoint    ] Total time for which application threads were stopped: 0.0001175 seconds, Stopping threads took: 0.0000537 seconds
[557.735s][info ][safepoint    ] Application time: 1.0001014 seconds
[557.735s][info ][safepoint    ] Entering safepoint region: Cleanup
[557.735s][info ][safepoint    ] Leaving safepoint region
[557.735s][info ][safepoint    ] Total time for which application threads were stopped: 0.0000747 seconds, Stopping threads took: 0.0000168 seconds
[558.135s][info ][safepoint    ] Application time: 0.3998380 seconds
[558.135s][info ][safepoint    ] Entering safepoint region: GenCollectForAllocation
[558.135s][info ][gc,start     ] GC(213) Pause Young (Allocation Failure)
[558.135s][info ][gc,task      ] GC(213) Using 4 workers of 4 for evacuation
[558.137s][debug][gc,ref       ] GC(213) Skipped phase1 of Reference Processing due to unavailable references
[558.137s][debug][gc,ref       ] GC(213) Skipped phase2 of Reference Processing due to unavailable references
[558.137s][debug][gc,ref       ] GC(213) Skipped phase3 of Reference Processing due to unavailable references
[558.137s][debug][gc,ref       ] GC(213) Skipped phase4 of Reference Processing due to unavailable references
[558.137s][debug][gc,age       ] GC(213) Desired survivor size 15400960 bytes, new threshold 6 (max threshold 6)
[558.137s][info ][gc,heap      ] GC(213) ParNew: 241015K->83K(270976K)
[558.137s][info ][gc,heap      ] GC(213) CMS: 260912K->260913K(602112K)
[558.137s][info ][gc,metaspace ] GC(213) Metaspace: 54143K->54143K(1097728K)
[558.137s][info ][gc           ] GC(213) Pause Young (Allocation Failure) 490M->254M(852M) 1.574ms
[558.137s][info ][gc,cpu       ] GC(213) User=0.01s Sys=0.00s Real=0.00s
[558.137s][info ][safepoint    ] Leaving safepoint region
[558.137s][info ][safepoint    ] Total time for which application threads were stopped: 0.0017244 seconds, Stopping threads took: 0.0000169 seconds
[559.137s][info ][safepoint    ] Application time: 1.0000906 seconds
[559.137s][info ][safepoint    ] Entering safepoint region: Cleanup
[559.137s][info ][safepoint    ] Leaving safepoint region
[559.137s][info ][safepoint    ] Total time for which application threads were stopped: 0.0000809 seconds, Stopping threads took: 0.0000183 seconds
[560.137s][info ][safepoint    ] Application time: 1.0000824 seconds
[560.137s][info ][safepoint    ] Entering safepoint region: Cleanup
[560.137s][info ][safepoint    ] Leaving safepoint region
[560.137s][info ][safepoint    ] Total time for which application threads were stopped: 0.0001026 seconds, Stopping threads took: 0.0000193 seconds
[561.137s][info ][safepoint    ] Application time: 1.0000860 seconds
[561.137s][info ][safepoint    ] Entering safepoint region: Cleanup
[561.138s][info ][safepoint    ] Leaving safepoint region
[561.138s][info ][safepoint    ] Total time for which application threads were stopped: 0.0000752 seconds, Stopping threads took: 0.0000174 seconds
[561.584s][info ][safepoint    ] Application time: 0.4461409 seconds
[561.584s][info ][safepoint    ] Entering safepoint region: GenCollectForAllocation
[561.584s][info ][gc,start     ] GC(214) Pause Young (Allocation Failure)
[561.584s][info ][gc,task      ] GC(214) Using 4 workers of 4 for evacuation
[561.585s][debug][gc,ref       ] GC(214) Skipped phase1 of Reference Processing due to unavailable references
[561.585s][debug][gc,ref       ] GC(214) Skipped phase2 of Reference Processing due to unavailable references
[561.585s][debug][gc,ref       ] GC(214) Skipped phase3 of Reference Processing due to unavailable references
[561.585s][debug][gc,ref       ] GC(214) Skipped phase4 of Reference Processing due to unavailable references
[561.586s][debug][gc,age       ] GC(214) Desired survivor size 15400960 bytes, new threshold 6 (max threshold 6)
[561.586s][info ][gc,heap      ] GC(214) ParNew: 240979K->79K(270976K)
[561.586s][info ][gc,heap      ] GC(214) CMS: 260913K->260964K(602112K)
[561.586s][info ][gc,metaspace ] GC(214) Metaspace: 54143K->54143K(1097728K)
[561.586s][info ][gc           ] GC(214) Pause Young (Allocation Failure) 490M->254M(852M) 2.165ms
[561.586s][info ][gc,cpu       ] GC(214) User=0.00s Sys=0.00s Real=0.00s
[561.586s][info ][safepoint    ] Leaving safepoint region
[561.586s][info ][safepoint    ] Total time for which application threads were stopped: 0.0023238 seconds, Stopping threads took: 0.0000178 seconds
[562.586s][info ][safepoint    ] Application time: 1.0001099 seconds
[562.586s][info ][safepoint    ] Entering safepoint region: Cleanup
[562.586s][info ][safepoint    ] Leaving safepoint region
[562.586s][info ][safepoint    ] Total time for which application threads were stopped: 0.0000821 seconds, Stopping threads took: 0.0000166 seconds
[563.586s][info ][safepoint    ] Application time: 1.0000637 seconds
[563.586s][info ][safepoint    ] Entering safepoint region: Cleanup
[563.586s][info ][safepoint    ] Leaving safepoint region
[563.586s][info ][safepoint    ] Total time for which application threads were stopped: 0.0001063 seconds, Stopping threads took: 0.0000383 seconds
[564.587s][info ][safepoint    ] Application time: 1.0000911 seconds
[564.587s][info ][safepoint    ] Entering safepoint region: Cleanup
[564.587s][info ][safepoint    ] Leaving safepoint region
[564.587s][info ][safepoint    ] Total time for which application threads were stopped: 0.0000842 seconds, Stopping threads took: 0.0000165 seconds
[565.033s][info ][safepoint    ] Application time: 0.4458951 seconds
[565.033s][info ][safepoint    ] Entering safepoint region: GenCollectForAllocation
[565.033s][info ][gc,start     ] GC(215) Pause Young (Allocation Failure)
[565.033s][info ][gc,task      ] GC(215) Using 4 workers of 4 for evacuation
[565.034s][debug][gc,ref       ] GC(215) Skipped phase1 of Reference Processing due to unavailable references
[565.034s][debug][gc,ref       ] GC(215) Skipped phase2 of Reference Processing due to unavailable references
[565.034s][debug][gc,ref       ] GC(215) Skipped phase3 of Reference Processing due to unavailable references
[565.034s][debug][gc,ref       ] GC(215) Skipped phase4 of Reference Processing due to unavailable references
[565.034s][debug][gc,age       ] GC(215) Desired survivor size 15400960 bytes, new threshold 6 (max threshold 6)
[565.034s][info ][gc,heap      ] GC(215) ParNew: 240975K->57K(270976K)
[565.034s][info ][gc,heap      ] GC(215) CMS: 260964K->260964K(602112K)
[565.034s][info ][gc,metaspace ] GC(215) Metaspace: 54143K->54143K(1097728K)
[565.034s][info ][gc           ] GC(215) Pause Young (Allocation Failure) 490M->254M(852M) 1.547ms
[565.034s][info ][gc,cpu       ] GC(215) User=0.01s Sys=0.01s Real=0.00s
[565.034s][info ][safepoint    ] Leaving safepoint region
[565.034s][info ][safepoint    ] Total time for which application threads were stopped: 0.0016983 seconds, Stopping threads took: 0.0000181 seconds
[566.034s][info ][safepoint    ] Application time: 1.0000956 seconds
[566.035s][info ][safepoint    ] Entering safepoint region: Cleanup
[566.035s][info ][safepoint    ] Leaving safepoint region
[566.035s][info ][safepoint    ] Total time for which application threads were stopped: 0.0001661 seconds, Stopping threads took: 0.0000980 seconds
[567.035s][info ][safepoint    ] Application time: 1.0000874 seconds
[567.035s][info ][safepoint    ] Entering safepoint region: Cleanup
[567.035s][info ][safepoint    ] Leaving safepoint region
[567.035s][info ][safepoint    ] Total time for which application threads were stopped: 0.0001134 seconds, Stopping threads took: 0.0000503 seconds
[568.035s][info ][safepoint    ] Application time: 1.0000963 seconds
[568.035s][info ][safepoint    ] Entering safepoint region: Cleanup
[568.035s][info ][safepoint    ] Leaving safepoint region
[568.035s][info ][safepoint    ] Total time for which application threads were stopped: 0.0001308 seconds, Stopping threads took: 0.0000593 seconds
[568.482s][info ][safepoint    ] Application time: 0.4469721 seconds
[568.482s][info ][safepoint    ] Entering safepoint region: GenCollectForAllocation
[568.482s][info ][gc,start     ] GC(216) Pause Young (Allocation Failure)
[568.482s][info ][gc,task      ] GC(216) Using 4 workers of 4 for evacuation
[568.484s][debug][gc,ref       ] GC(216) Skipped phase1 of Reference Processing due to unavailable references
[568.484s][debug][gc,ref       ] GC(216) Skipped phase2 of Reference Processing due to unavailable references
[568.484s][debug][gc,ref       ] GC(216) Skipped phase3 of Reference Processing due to unavailable references
[568.484s][debug][gc,ref       ] GC(216) Skipped phase4 of Reference Processing due to unavailable references
[568.484s][debug][gc,age       ] GC(216) Desired survivor size 15400960 bytes, new threshold 6 (max threshold 6)
[568.484s][info ][gc,heap      ] GC(216) ParNew: 240953K->40K(270976K)
[568.484s][info ][gc,heap      ] GC(216) CMS: 260964K->260964K(602112K)
[568.484s][info ][gc,metaspace ] GC(216) Metaspace: 54143K->54143K(1097728K)
[568.484s][info ][gc           ] GC(216) Pause Young (Allocation Failure) 490M->254M(852M) 1.620ms
[568.484s][info ][gc,cpu       ] GC(216) User=0.00s Sys=0.00s Real=0.00s
[568.484s][info ][safepoint    ] Leaving safepoint region
[568.484s][info ][safepoint    ] Total time for which application threads were stopped: 0.0017794 seconds, Stopping threads took: 0.0000163 seconds
[569.484s][info ][safepoint    ] Application time: 1.0000861 seconds
[569.484s][info ][safepoint    ] Entering safepoint region: Cleanup
[569.484s][info ][safepoint    ] Leaving safepoint region
[569.484s][info ][safepoint    ] Total time for which application threads were stopped: 0.0001269 seconds, Stopping threads took: 0.0000378 seconds
[570.484s][info ][safepoint    ] Application time: 1.0000834 seconds
[570.484s][info ][safepoint    ] Entering safepoint region: Cleanup
[570.484s][info ][safepoint    ] Leaving safepoint region
[570.484s][info ][safepoint    ] Total time for which application threads were stopped: 0.0001332 seconds, Stopping threads took: 0.0000463 seconds
[571.485s][info ][safepoint    ] Application time: 1.0000945 seconds
[571.485s][info ][safepoint    ] Entering safepoint region: Cleanup
[571.485s][info ][safepoint    ] Leaving safepoint region
[571.485s][info ][safepoint    ] Total time for which application threads were stopped: 0.0001229 seconds, Stopping threads took: 0.0000569 seconds
[571.886s][info ][safepoint    ] Application time: 0.4017296 seconds
[571.886s][info ][safepoint    ] Entering safepoint region: GenCollectForAllocation
[571.887s][info ][gc,start     ] GC(217) Pause Young (Allocation Failure)
[571.887s][info ][gc,task      ] GC(217) Using 4 workers of 4 for evacuation
[571.888s][debug][gc,ref       ] GC(217) Skipped phase1 of Reference Processing due to unavailable references
[571.888s][debug][gc,ref       ] GC(217) Skipped phase2 of Reference Processing due to unavailable references
[571.888s][debug][gc,ref       ] GC(217) Skipped phase3 of Reference Processing due to unavailable references
[571.888s][debug][gc,ref       ] GC(217) Skipped phase4 of Reference Processing due to unavailable references
[571.888s][debug][gc,age       ] GC(217) Desired survivor size 15400960 bytes, new threshold 6 (max threshold 6)
[571.888s][info ][gc,heap      ] GC(217) ParNew: 240936K->29K(270976K)
[571.888s][info ][gc,heap      ] GC(217) CMS: 260964K->260964K(602112K)
[571.888s][info ][gc,metaspace ] GC(217) Metaspace: 54143K->54143K(1097728K)
[571.888s][info ][gc           ] GC(217) Pause Young (Allocation Failure) 490M->254M(852M) 1.550ms
[571.888s][info ][gc,cpu       ] GC(217) User=0.00s Sys=0.00s Real=0.00s
[571.888s][info ][safepoint    ] Leaving safepoint region
[571.888s][info ][safepoint    ] Total time for which application threads were stopped: 0.0017273 seconds, Stopping threads took: 0.0000308 seconds
[572.888s][info ][safepoint    ] Application time: 1.0001015 seconds
[572.888s][info ][safepoint    ] Entering safepoint region: Cleanup
[572.888s][info ][safepoint    ] Leaving safepoint region
[572.888s][info ][safepoint    ] Total time for which application threads were stopped: 0.0000709 seconds, Stopping threads took: 0.0000174 seconds
[573.889s][info ][safepoint    ] Application time: 1.0001279 seconds
[573.889s][info ][safepoint    ] Entering safepoint region: Cleanup
[573.889s][info ][safepoint    ] Leaving safepoint region
[573.889s][info ][safepoint    ] Total time for which application threads were stopped: 0.0000866 seconds, Stopping threads took: 0.0000188 seconds
[574.889s][info ][safepoint    ] Application time: 1.0000951 seconds
[574.889s][info ][safepoint    ] Entering safepoint region: Cleanup
[574.889s][info ][safepoint    ] Leaving safepoint region
[574.889s][info ][safepoint    ] Total time for which application threads were stopped: 0.0000741 seconds, Stopping threads took: 0.0000185 seconds
[575.334s][info ][safepoint    ] Application time: 0.4446999 seconds
[575.334s][info ][safepoint    ] Entering safepoint region: GenCollectForAllocation
[575.334s][info ][gc,start     ] GC(218) Pause Young (Allocation Failure)
[575.334s][info ][gc,task      ] GC(218) Using 4 workers of 4 for evacuation
[575.335s][debug][gc,ref       ] GC(218) Skipped phase1 of Reference Processing due to unavailable references
[575.335s][debug][gc,ref       ] GC(218) Skipped phase2 of Reference Processing due to unavailable references
[575.335s][debug][gc,ref       ] GC(218) Skipped phase3 of Reference Processing due to unavailable references
[575.335s][debug][gc,ref       ] GC(218) Skipped phase4 of Reference Processing due to unavailable references
[575.335s][debug][gc,age       ] GC(218) Desired survivor size 15400960 bytes, new threshold 6 (max threshold 6)
[575.335s][info ][gc,heap      ] GC(218) ParNew: 240925K->24K(270976K)
[575.335s][info ][gc,heap      ] GC(218) CMS: 260964K->260964K(602112K)
[575.335s][info ][gc,metaspace ] GC(218) Metaspace: 54143K->54143K(1097728K)
[575.335s][info ][gc           ] GC(218) Pause Young (Allocation Failure) 490M->254M(852M) 1.582ms
[575.335s][info ][gc,cpu       ] GC(218) User=0.00s Sys=0.00s Real=0.00s
[575.335s][info ][safepoint    ] Leaving safepoint region
[575.335s][info ][safepoint    ] Total time for which application threads were stopped: 0.0017371 seconds, Stopping threads took: 0.0000178 seconds
[576.335s][info ][safepoint    ] Application time: 1.0000899 seconds
[576.335s][info ][safepoint    ] Entering safepoint region: Cleanup
[576.336s][info ][safepoint    ] Leaving safepoint region
[576.336s][info ][safepoint    ] Total time for which application threads were stopped: 0.0000752 seconds, Stopping threads took: 0.0000176 seconds
[577.336s][info ][safepoint    ] Application time: 1.0000395 seconds
[577.336s][info ][safepoint    ] Entering safepoint region: Cleanup
[577.336s][info ][safepoint    ] Leaving safepoint region
[577.336s][info ][safepoint    ] Total time for which application threads were stopped: 0.0000780 seconds, Stopping threads took: 0.0000168 seconds
[578.336s][info ][safepoint    ] Application time: 1.0000812 seconds
[578.336s][info ][safepoint    ] Entering safepoint region: Cleanup
[578.336s][info ][safepoint    ] Leaving safepoint region
[578.336s][info ][safepoint    ] Total time for which application threads were stopped: 0.0000781 seconds, Stopping threads took: 0.0000172 seconds
[578.783s][info ][safepoint    ] Application time: 0.4469827 seconds
[578.783s][info ][safepoint    ] Entering safepoint region: GenCollectForAllocation
[578.783s][info ][gc,start     ] GC(219) Pause Young (Allocation Failure)
[578.783s][info ][gc,task      ] GC(219) Using 4 workers of 4 for evacuation
[578.785s][debug][gc,ref       ] GC(219) Skipped phase1 of Reference Processing due to unavailable references
[578.785s][debug][gc,ref       ] GC(219) Skipped phase2 of Reference Processing due to unavailable references
[578.785s][debug][gc,ref       ] GC(219) Skipped phase3 of Reference Processing due to unavailable references
[578.785s][debug][gc,ref       ] GC(219) Skipped phase4 of Reference Processing due to unavailable references
[578.785s][debug][gc,age       ] GC(219) Desired survivor size 15400960 bytes, new threshold 6 (max threshold 6)
[578.785s][info ][gc,heap      ] GC(219) ParNew: 240920K->45K(270976K)
[578.785s][info ][gc,heap      ] GC(219) CMS: 260964K->260964K(602112K)
[578.785s][info ][gc,metaspace ] GC(219) Metaspace: 54143K->54143K(1097728K)
[578.785s][info ][gc           ] GC(219) Pause Young (Allocation Failure) 490M->254M(852M) 1.622ms
[578.785s][info ][gc,cpu       ] GC(219) User=0.01s Sys=0.00s Real=0.00s
[578.785s][info ][safepoint    ] Leaving safepoint region
[578.785s][info ][safepoint    ] Total time for which application threads were stopped: 0.0017725 seconds, Stopping threads took: 0.0000199 seconds
[579.785s][info ][safepoint    ] Application time: 1.0001329 seconds
[579.785s][info ][safepoint    ] Entering safepoint region: Cleanup
[579.785s][info ][safepoint    ] Leaving safepoint region
[579.785s][info ][safepoint    ] Total time for which application threads were stopped: 0.0000794 seconds, Stopping threads took: 0.0000162 seconds
[580.785s][info ][safepoint    ] Application time: 1.0000989 seconds
[580.785s][info ][safepoint    ] Entering safepoint region: Cleanup
[580.785s][info ][safepoint    ] Leaving safepoint region
[580.785s][info ][safepoint    ] Total time for which application threads were stopped: 0.0001126 seconds, Stopping threads took: 0.0000429 seconds
[581.785s][info ][safepoint    ] Application time: 1.0000963 seconds
[581.785s][info ][safepoint    ] Entering safepoint region: Cleanup
[581.786s][info ][safepoint    ] Leaving safepoint region
[581.786s][info ][safepoint    ] Total time for which application threads were stopped: 0.0000900 seconds, Stopping threads took: 0.0000191 seconds
[582.232s][info ][safepoint    ] Application time: 0.4469456 seconds
[582.233s][info ][safepoint    ] Entering safepoint region: GenCollectForAllocation
[582.233s][info ][gc,start     ] GC(220) Pause Young (Allocation Failure)
[582.233s][info ][gc,task      ] GC(220) Using 4 workers of 4 for evacuation
[582.234s][debug][gc,ref       ] GC(220) Skipped phase1 of Reference Processing due to unavailable references
[582.234s][debug][gc,ref       ] GC(220) Skipped phase2 of Reference Processing due to unavailable references
[582.234s][debug][gc,ref       ] GC(220) Skipped phase3 of Reference Processing due to unavailable references
[582.234s][debug][gc,ref       ] GC(220) Skipped phase4 of Reference Processing due to unavailable references
[582.234s][debug][gc,age       ] GC(220) Desired survivor size 15400960 bytes, new threshold 6 (max threshold 6)
[582.234s][info ][gc,heap      ] GC(220) ParNew: 240941K->85K(270976K)
[582.234s][info ][gc,heap      ] GC(220) CMS: 260964K->260964K(602112K)
[582.234s][info ][gc,metaspace ] GC(220) Metaspace: 54143K->54143K(1097728K)
[582.234s][info ][gc           ] GC(220) Pause Young (Allocation Failure) 490M->254M(852M) 1.694ms
[582.234s][info ][gc,cpu       ] GC(220) User=0.01s Sys=0.00s Real=0.00s
[582.234s][info ][safepoint    ] Leaving safepoint region
[582.234s][info ][safepoint    ] Total time for which application threads were stopped: 0.0018548 seconds, Stopping threads took: 0.0000175 seconds
[583.234s][info ][safepoint    ] Application time: 1.0000875 seconds
[583.235s][info ][safepoint    ] Entering safepoint region: Cleanup
[583.235s][info ][safepoint    ] Leaving safepoint region
[583.235s][info ][safepoint    ] Total time for which application threads were stopped: 0.0001167 seconds, Stopping threads took: 0.0000398 seconds
[584.235s][info ][safepoint    ] Application time: 1.0000856 seconds
[584.235s][info ][safepoint    ] Entering safepoint region: Cleanup
[584.235s][info ][safepoint    ] Leaving safepoint region
[584.235s][info ][safepoint    ] Total time for which application threads were stopped: 0.0001496 seconds, Stopping threads took: 0.0000788 seconds
[585.235s][info ][safepoint    ] Application time: 1.0000627 seconds
[585.235s][info ][safepoint    ] Entering safepoint region: Cleanup
[585.235s][info ][safepoint    ] Leaving safepoint region
[585.235s][info ][safepoint    ] Total time for which application threads were stopped: 0.0000965 seconds, Stopping threads took: 0.0000347 seconds
[585.681s][info ][safepoint    ] Application time: 0.4458331 seconds
[585.681s][info ][safepoint    ] Entering safepoint region: GenCollectForAllocation
[585.681s][info ][gc,start     ] GC(221) Pause Young (Allocation Failure)
[585.681s][info ][gc,task      ] GC(221) Using 4 workers of 4 for evacuation
[585.683s][debug][gc,ref       ] GC(221) Skipped phase1 of Reference Processing due to unavailable references
[585.683s][debug][gc,ref       ] GC(221) Skipped phase2 of Reference Processing due to unavailable references
[585.683s][debug][gc,ref       ] GC(221) Skipped phase3 of Reference Processing due to unavailable references
[585.683s][debug][gc,ref       ] GC(221) Skipped phase4 of Reference Processing due to unavailable references
[585.683s][debug][gc,age       ] GC(221) Desired survivor size 15400960 bytes, new threshold 6 (max threshold 6)
[585.683s][info ][gc,heap      ] GC(221) ParNew: 240981K->60K(270976K)
[585.683s][info ][gc,heap      ] GC(221) CMS: 260964K->260964K(602112K)
[585.683s][info ][gc,metaspace ] GC(221) Metaspace: 54144K->54144K(1097728K)
[585.683s][info ][gc           ] GC(221) Pause Young (Allocation Failure) 490M->254M(852M) 1.541ms
[585.683s][info ][gc,cpu       ] GC(221) User=0.00s Sys=0.00s Real=0.00s
[585.683s][info ][safepoint    ] Leaving safepoint region
[585.683s][info ][safepoint    ] Total time for which application threads were stopped: 0.0019838 seconds, Stopping threads took: 0.0000427 seconds
[586.683s][info ][safepoint    ] Application time: 1.0000961 seconds
[586.683s][info ][safepoint    ] Entering safepoint region: Cleanup
[586.683s][info ][safepoint    ] Leaving safepoint region
[586.683s][info ][safepoint    ] Total time for which application threads were stopped: 0.0001118 seconds, Stopping threads took: 0.0000393 seconds
[587.683s][info ][safepoint    ] Application time: 1.0000842 seconds
[587.683s][info ][safepoint    ] Entering safepoint region: Cleanup
[587.683s][info ][safepoint    ] Leaving safepoint region
[587.683s][info ][safepoint    ] Total time for which application threads were stopped: 0.0001213 seconds, Stopping threads took: 0.0000399 seconds
[588.684s][info ][safepoint    ] Application time: 1.0000751 seconds
[588.684s][info ][safepoint    ] Entering safepoint region: Cleanup
[588.684s][info ][safepoint    ] Leaving safepoint region
[588.684s][info ][safepoint    ] Total time for which application threads were stopped: 0.0001257 seconds, Stopping threads took: 0.0000502 seconds
[589.084s][info ][safepoint    ] Application time: 0.3999614 seconds
[589.084s][info ][safepoint    ] Entering safepoint region: GenCollectForAllocation
[589.084s][info ][gc,start     ] GC(222) Pause Young (Allocation Failure)
[589.084s][info ][gc,task      ] GC(222) Using 4 workers of 4 for evacuation
[589.085s][debug][gc,ref       ] GC(222) Skipped phase1 of Reference Processing due to unavailable references
[589.085s][debug][gc,ref       ] GC(222) Skipped phase2 of Reference Processing due to unavailable references
[589.085s][debug][gc,ref       ] GC(222) Skipped phase3 of Reference Processing due to unavailable references
[589.085s][debug][gc,ref       ] GC(222) Skipped phase4 of Reference Processing due to unavailable references
[589.085s][debug][gc,age       ] GC(222) Desired survivor size 15400960 bytes, new threshold 6 (max threshold 6)
[589.085s][info ][gc,heap      ] GC(222) ParNew: 240956K->122K(270976K)
[589.085s][info ][gc,heap      ] GC(222) CMS: 260964K->260964K(602112K)
[589.085s][info ][gc,metaspace ] GC(222) Metaspace: 54144K->54144K(1097728K)
[589.085s][info ][gc           ] GC(222) Pause Young (Allocation Failure) 490M->254M(852M) 1.585ms
[589.086s][info ][gc,cpu       ] GC(222) User=0.00s Sys=0.01s Real=0.00s
[589.086s][info ][safepoint    ] Leaving safepoint region
[589.086s][info ][safepoint    ] Total time for which application threads were stopped: 0.0017577 seconds, Stopping threads took: 0.0000172 seconds
[590.086s][info ][safepoint    ] Application time: 1.0000917 seconds
[590.086s][info ][safepoint    ] Entering safepoint region: Cleanup
[590.086s][info ][safepoint    ] Leaving safepoint region
[590.086s][info ][safepoint    ] Total time for which application threads were stopped: 0.0000745 seconds, Stopping threads took: 0.0000166 seconds
[591.086s][info ][safepoint    ] Application time: 1.0000961 seconds
[591.086s][info ][safepoint    ] Entering safepoint region: Cleanup
[591.086s][info ][safepoint    ] Leaving safepoint region
[591.086s][info ][safepoint    ] Total time for which application threads were stopped: 0.0000890 seconds, Stopping threads took: 0.0000164 seconds
[592.086s][info ][safepoint    ] Application time: 1.0000830 seconds
[592.086s][info ][safepoint    ] Entering safepoint region: Cleanup
[592.086s][info ][safepoint    ] Leaving safepoint region
[592.086s][info ][safepoint    ] Total time for which application threads were stopped: 0.0000754 seconds, Stopping threads took: 0.0000169 seconds
[592.533s][info ][safepoint    ] Application time: 0.4467594 seconds
[592.533s][info ][safepoint    ] Entering safepoint region: GenCollectForAllocation
[592.533s][info ][gc,start     ] GC(223) Pause Young (Allocation Failure)
[592.533s][info ][gc,task      ] GC(223) Using 4 workers of 4 for evacuation
[592.535s][debug][gc,ref       ] GC(223) Skipped phase1 of Reference Processing due to unavailable references
[592.535s][debug][gc,ref       ] GC(223) Skipped phase2 of Reference Processing due to unavailable references
[592.535s][debug][gc,ref       ] GC(223) Skipped phase3 of Reference Processing due to unavailable references
[592.535s][debug][gc,ref       ] GC(223) Skipped phase4 of Reference Processing due to unavailable references
[592.535s][debug][gc,age       ] GC(223) Desired survivor size 15400960 bytes, new threshold 6 (max threshold 6)
[592.535s][info ][gc,heap      ] GC(223) ParNew: 241018K->131K(270976K)
[592.535s][info ][gc,heap      ] GC(223) CMS: 260964K->260964K(602112K)
[592.535s][info ][gc,metaspace ] GC(223) Metaspace: 54144K->54144K(1097728K)
[592.535s][info ][gc           ] GC(223) Pause Young (Allocation Failure) 490M->254M(852M) 1.605ms
[592.535s][info ][gc,cpu       ] GC(223) User=0.01s Sys=0.00s Real=0.00s
[592.535s][info ][safepoint    ] Leaving safepoint region
[592.535s][info ][safepoint    ] Total time for which application threads were stopped: 0.0017717 seconds, Stopping threads took: 0.0000165 seconds
[593.536s][info ][safepoint    ] Application time: 1.0015740 seconds
[593.536s][info ][safepoint    ] Entering safepoint region: Cleanup
[593.536s][info ][safepoint    ] Leaving safepoint region
[593.536s][info ][safepoint    ] Total time for which application threads were stopped: 0.0001098 seconds, Stopping threads took: 0.0000472 seconds
[594.537s][info ][safepoint    ] Application time: 1.0000869 seconds
[594.537s][info ][safepoint    ] Entering safepoint region: Cleanup
[594.537s][info ][safepoint    ] Leaving safepoint region
[594.537s][info ][safepoint    ] Total time for which application threads were stopped: 0.0000898 seconds, Stopping threads took: 0.0000201 seconds
[595.537s][info ][safepoint    ] Application time: 1.0000576 seconds
[595.537s][info ][safepoint    ] Entering safepoint region: Cleanup
[595.537s][info ][safepoint    ] Leaving safepoint region
[595.537s][info ][safepoint    ] Total time for which application threads were stopped: 0.0000917 seconds, Stopping threads took: 0.0000180 seconds
[595.983s][info ][safepoint    ] Application time: 0.4456692 seconds
[595.983s][info ][safepoint    ] Entering safepoint region: GenCollectForAllocation
[595.983s][info ][gc,start     ] GC(224) Pause Young (Allocation Failure)
[595.983s][info ][gc,task      ] GC(224) Using 4 workers of 4 for evacuation
[595.984s][debug][gc,ref       ] GC(224) Skipped phase1 of Reference Processing due to unavailable references
[595.984s][debug][gc,ref       ] GC(224) Skipped phase2 of Reference Processing due to unavailable references
[595.984s][debug][gc,ref       ] GC(224) Skipped phase3 of Reference Processing due to unavailable references
[595.984s][debug][gc,ref       ] GC(224) Skipped phase4 of Reference Processing due to unavailable references
[595.984s][debug][gc,age       ] GC(224) Desired survivor size 15400960 bytes, new threshold 6 (max threshold 6)
[595.984s][info ][gc,heap      ] GC(224) ParNew: 241027K->104K(270976K)
[595.984s][info ][gc,heap      ] GC(224) CMS: 260964K->260964K(602112K)
[595.984s][info ][gc,metaspace ] GC(224) Metaspace: 54144K->54144K(1097728K)
[595.984s][info ][gc           ] GC(224) Pause Young (Allocation Failure) 490M->254M(852M) 1.615ms
[595.984s][info ][gc,cpu       ] GC(224) User=0.01s Sys=0.00s Real=0.00s
[595.984s][info ][safepoint    ] Leaving safepoint region
[595.984s][info ][safepoint    ] Total time for which application threads were stopped: 0.0017617 seconds, Stopping threads took: 0.0000164 seconds
[596.984s][info ][safepoint    ] Application time: 1.0001131 seconds
[596.985s][info ][safepoint    ] Entering safepoint region: Cleanup
[596.985s][info ][safepoint    ] Leaving safepoint region
[596.985s][info ][safepoint    ] Total time for which application threads were stopped: 0.0001330 seconds, Stopping threads took: 0.0000506 seconds
[597.985s][info ][safepoint    ] Application time: 1.0000737 seconds
[597.985s][info ][safepoint    ] Entering safepoint region: Cleanup
[597.985s][info ][safepoint    ] Leaving safepoint region
[597.985s][info ][safepoint    ] Total time for which application threads were stopped: 0.0001115 seconds, Stopping threads took: 0.0000492 seconds
[598.985s][info ][safepoint    ] Application time: 1.0001066 seconds
[598.985s][info ][safepoint    ] Entering safepoint region: Cleanup
[598.985s][info ][safepoint    ] Leaving safepoint region
[598.985s][info ][safepoint    ] Total time for which application threads were stopped: 0.0001114 seconds, Stopping threads took: 0.0000518 seconds
[599.432s][info ][safepoint    ] Application time: 0.4465659 seconds
[599.432s][info ][safepoint    ] Entering safepoint region: GenCollectForAllocation
[599.432s][info ][gc,start     ] GC(225) Pause Young (Allocation Failure)
[599.432s][info ][gc,task      ] GC(225) Using 4 workers of 4 for evacuation
[599.433s][debug][gc,ref       ] GC(225) Skipped phase1 of Reference Processing due to unavailable references
[599.433s][debug][gc,ref       ] GC(225) Skipped phase2 of Reference Processing due to unavailable references
[599.433s][debug][gc,ref       ] GC(225) Skipped phase3 of Reference Processing due to unavailable references
[599.433s][debug][gc,ref       ] GC(225) Skipped phase4 of Reference Processing due to unavailable references
[599.433s][debug][gc,age       ] GC(225) Desired survivor size 15400960 bytes, new threshold 6 (max threshold 6)
[599.433s][info ][gc,heap      ] GC(225) ParNew: 241000K->73K(270976K)
[599.433s][info ][gc,heap      ] GC(225) CMS: 260964K->260964K(602112K)
[599.433s][info ][gc,metaspace ] GC(225) Metaspace: 54144K->54144K(1097728K)
[599.433s][info ][gc           ] GC(225) Pause Young (Allocation Failure) 490M->254M(852M) 1.620ms
[599.434s][info ][gc,cpu       ] GC(225) User=0.01s Sys=0.00s Real=0.00s
[599.434s][info ][safepoint    ] Leaving safepoint region
[599.434s][info ][safepoint    ] Total time for which application threads were stopped: 0.0017755 seconds, Stopping threads took: 0.0000165 seconds
[600.434s][info ][safepoint    ] Application time: 1.0000976 seconds
[600.434s][info ][safepoint    ] Entering safepoint region: Cleanup
[600.434s][info ][safepoint    ] Leaving safepoint region
[600.434s][info ][safepoint    ] Total time for which application threads were stopped: 0.0001059 seconds, Stopping threads took: 0.0000387 seconds
[600.609s][info ][safepoint    ] Application time: 0.1749641 seconds
[600.609s][info ][safepoint    ] Entering safepoint region: RevokeBias
[600.609s][info ][safepoint    ] Leaving safepoint region
[600.609s][info ][safepoint    ] Total time for which application threads were stopped: 0.0000915 seconds, Stopping threads took: 0.0000158 seconds
[601.609s][info ][safepoint    ] Application time: 1.0000896 seconds
[601.609s][info ][safepoint    ] Entering safepoint region: Cleanup
[601.609s][info ][safepoint    ] Leaving safepoint region
[601.609s][info ][safepoint    ] Total time for which application threads were stopped: 0.0000764 seconds, Stopping threads took: 0.0000182 seconds
[602.609s][info ][safepoint    ] Application time: 1.0000789 seconds
[602.609s][info ][safepoint    ] Entering safepoint region: Cleanup
[602.609s][info ][safepoint    ] Leaving safepoint region
[602.609s][info ][safepoint    ] Total time for which application threads were stopped: 0.0000920 seconds, Stopping threads took: 0.0000186 seconds
[602.834s][info ][safepoint    ] Application time: 0.2247016 seconds
[602.834s][info ][safepoint    ] Entering safepoint region: GenCollectForAllocation
[602.834s][info ][safepoint    ] Leaving safepoint region
[602.834s][info ][safepoint    ] Total time for which application threads were stopped: 0.0001025 seconds, Stopping threads took: 0.0000168 seconds
[602.834s][info ][safepoint    ] Application time: 0.0000549 seconds
[602.834s][info ][safepoint    ] Entering safepoint region: GenCollectForAllocation
[602.834s][info ][gc,start     ] GC(226) Pause Young (Allocation Failure)
[602.834s][info ][gc,task      ] GC(226) Using 4 workers of 4 for evacuation
[602.836s][debug][gc,ref       ] GC(226) Skipped phase1 of Reference Processing due to unavailable references
[602.836s][debug][gc,ref       ] GC(226) Skipped phase2 of Reference Processing due to unavailable references
[602.836s][debug][gc,ref       ] GC(226) Skipped phase3 of Reference Processing due to unavailable references
[602.836s][debug][gc,ref       ] GC(226) Skipped phase4 of Reference Processing due to unavailable references
[602.836s][debug][gc,age       ] GC(226) Desired survivor size 15400960 bytes, new threshold 6 (max threshold 6)
[602.836s][info ][gc,heap      ] GC(226) ParNew: 240969K->35K(270976K)
[602.836s][info ][gc,heap      ] GC(226) CMS: 260964K->260964K(602112K)
[602.836s][info ][gc,metaspace ] GC(226) Metaspace: 54144K->54144K(1097728K)
[602.836s][info ][gc           ] GC(226) Pause Young (Allocation Failure) 490M->254M(852M) 1.608ms
[602.836s][info ][gc,cpu       ] GC(226) User=0.01s Sys=0.00s Real=0.00s
[602.836s][info ][safepoint    ] Leaving safepoint region
[602.836s][info ][safepoint    ] Total time for which application threads were stopped: 0.0017020 seconds, Stopping threads took: 0.0000069 seconds
[603.836s][info ][safepoint    ] Application time: 1.0000865 seconds
[603.836s][info ][safepoint    ] Entering safepoint region: Cleanup
[603.836s][info ][safepoint    ] Leaving safepoint region
[603.836s][info ][safepoint    ] Total time for which application threads were stopped: 0.0001036 seconds, Stopping threads took: 0.0000163 seconds
[604.836s][info ][safepoint    ] Application time: 1.0000771 seconds
[604.836s][info ][safepoint    ] Entering safepoint region: Cleanup
[604.836s][info ][safepoint    ] Leaving safepoint region
[604.836s][info ][safepoint    ] Total time for which application threads were stopped: 0.0000892 seconds, Stopping threads took: 0.0000177 seconds
[605.836s][info ][safepoint    ] Application time: 1.0000799 seconds
[605.836s][info ][safepoint    ] Entering safepoint region: Cleanup
[605.837s][info ][safepoint    ] Leaving safepoint region
[605.837s][info ][safepoint    ] Total time for which application threads were stopped: 0.0000735 seconds, Stopping threads took: 0.0000175 seconds
[606.283s][info ][safepoint    ] Application time: 0.4466628 seconds
[606.283s][info ][safepoint    ] Entering safepoint region: GenCollectForAllocation
[606.283s][info ][gc,start     ] GC(227) Pause Young (Allocation Failure)
[606.283s][info ][gc,task      ] GC(227) Using 4 workers of 4 for evacuation
[606.285s][debug][gc,ref       ] GC(227) Skipped phase1 of Reference Processing due to unavailable references
[606.285s][debug][gc,ref       ] GC(227) Skipped phase2 of Reference Processing due to unavailable references
[606.285s][debug][gc,ref       ] GC(227) Skipped phase3 of Reference Processing due to unavailable references
[606.285s][debug][gc,ref       ] GC(227) Skipped phase4 of Reference Processing due to unavailable references
[606.285s][debug][gc,age       ] GC(227) Desired survivor size 15400960 bytes, new threshold 6 (max threshold 6)
[606.285s][info ][gc,heap      ] GC(227) ParNew: 240931K->124K(270976K)
[606.285s][info ][gc,heap      ] GC(227) CMS: 260964K->260965K(602112K)
[606.285s][info ][gc,metaspace ] GC(227) Metaspace: 54144K->54144K(1097728K)
[606.285s][info ][gc           ] GC(227) Pause Young (Allocation Failure) 490M->254M(852M) 1.860ms
[606.285s][info ][gc,cpu       ] GC(227) User=0.00s Sys=0.00s Real=0.00s
[606.285s][info ][safepoint    ] Leaving safepoint region
[606.285s][info ][safepoint    ] Total time for which application threads were stopped: 0.0020287 seconds, Stopping threads took: 0.0000169 seconds
[607.285s][info ][safepoint    ] Application time: 1.0001259 seconds
[607.285s][info ][safepoint    ] Entering safepoint region: Cleanup
[607.286s][info ][safepoint    ] Leaving safepoint region
[607.286s][info ][safepoint    ] Total time for which application threads were stopped: 0.0000889 seconds, Stopping threads took: 0.0000169 seconds
[608.286s][info ][safepoint    ] Application time: 1.0000768 seconds
[608.286s][info ][safepoint    ] Entering safepoint region: Cleanup
[608.286s][info ][safepoint    ] Leaving safepoint region
[608.286s][info ][safepoint    ] Total time for which application threads were stopped: 0.0000748 seconds, Stopping threads took: 0.0000173 seconds
[609.286s][info ][safepoint    ] Application time: 1.0000523 seconds
[609.286s][info ][safepoint    ] Entering safepoint region: Cleanup
[609.286s][info ][safepoint    ] Leaving safepoint region
[609.286s][info ][safepoint    ] Total time for which application threads were stopped: 0.0000762 seconds, Stopping threads took: 0.0000196 seconds
[609.733s][info ][safepoint    ] Application time: 0.4469229 seconds
[609.733s][info ][safepoint    ] Entering safepoint region: GenCollectForAllocation
[609.733s][info ][gc,start     ] GC(228) Pause Young (Allocation Failure)
[609.733s][info ][gc,task      ] GC(228) Using 4 workers of 4 for evacuation
[609.734s][debug][gc,ref       ] GC(228) Skipped phase1 of Reference Processing due to unavailable references
[609.734s][debug][gc,ref       ] GC(228) Skipped phase2 of Reference Processing due to unavailable references
[609.734s][debug][gc,ref       ] GC(228) Skipped phase3 of Reference Processing due to unavailable references
[609.734s][debug][gc,ref       ] GC(228) Skipped phase4 of Reference Processing due to unavailable references
[609.735s][debug][gc,age       ] GC(228) Desired survivor size 15400960 bytes, new threshold 6 (max threshold 6)
[609.735s][info ][gc,heap      ] GC(228) ParNew: 241020K->175K(270976K)
[609.735s][info ][gc,heap      ] GC(228) CMS: 260965K->260965K(602112K)
[609.735s][info ][gc,metaspace ] GC(228) Metaspace: 54144K->54144K(1097728K)
[609.735s][info ][gc           ] GC(228) Pause Young (Allocation Failure) 490M->255M(852M) 1.618ms
[609.735s][info ][gc,cpu       ] GC(228) User=0.00s Sys=0.00s Real=0.00s
[609.735s][info ][safepoint    ] Leaving safepoint region
[609.735s][info ][safepoint    ] Total time for which application threads were stopped: 0.0017818 seconds, Stopping threads took: 0.0000175 seconds
[610.735s][info ][safepoint    ] Application time: 1.0000925 seconds
[610.735s][info ][safepoint    ] Entering safepoint region: Cleanup
[610.735s][info ][safepoint    ] Leaving safepoint region
[610.735s][info ][safepoint    ] Total time for which application threads were stopped: 0.0001449 seconds, Stopping threads took: 0.0000755 seconds
[611.735s][info ][safepoint    ] Application time: 1.0000711 seconds
[611.735s][info ][safepoint    ] Entering safepoint region: Cleanup
[611.735s][info ][safepoint    ] Leaving safepoint region
[611.735s][info ][safepoint    ] Total time for which application threads were stopped: 0.0001457 seconds, Stopping threads took: 0.0000833 seconds
[612.735s][info ][safepoint    ] Application time: 1.0000901 seconds
[612.735s][info ][safepoint    ] Entering safepoint region: Cleanup
[612.735s][info ][safepoint    ] Leaving safepoint region
[612.735s][info ][safepoint    ] Total time for which application threads were stopped: 0.0001657 seconds, Stopping threads took: 0.0000779 seconds
[613.036s][info ][safepoint    ] Application time: 0.3005800 seconds
[613.036s][info ][safepoint    ] Entering safepoint region: GenCollectForAllocation
[613.036s][info ][gc,start     ] GC(229) Pause Young (Allocation Failure)
[613.036s][info ][gc,task      ] GC(229) Using 4 workers of 4 for evacuation
[613.038s][debug][gc,ref       ] GC(229) Skipped phase1 of Reference Processing due to unavailable references
[613.038s][debug][gc,ref       ] GC(229) Skipped phase2 of Reference Processing due to unavailable references
[613.038s][debug][gc,ref       ] GC(229) Skipped phase3 of Reference Processing due to unavailable references
[613.038s][debug][gc,ref       ] GC(229) Skipped phase4 of Reference Processing due to unavailable references
[613.038s][debug][gc,age       ] GC(229) Desired survivor size 15400960 bytes, new threshold 6 (max threshold 6)
[613.038s][info ][gc,heap      ] GC(229) ParNew: 241071K->186K(270976K)
[613.038s][info ][gc,heap      ] GC(229) CMS: 260965K->260965K(602112K)
[613.038s][info ][gc,metaspace ] GC(229) Metaspace: 54145K->54145K(1097728K)
[613.038s][info ][gc           ] GC(229) Pause Young (Allocation Failure) 490M->255M(852M) 1.957ms
[613.038s][info ][gc,cpu       ] GC(229) User=0.00s Sys=0.00s Real=0.00s
[613.038s][info ][safepoint    ] Leaving safepoint region
[613.038s][info ][safepoint    ] Total time for which application threads were stopped: 0.0021266 seconds, Stopping threads took: 0.0000186 seconds
[614.038s][info ][safepoint    ] Application time: 1.0000870 seconds
[614.038s][info ][safepoint    ] Entering safepoint region: Cleanup
[614.038s][info ][safepoint    ] Leaving safepoint region
[614.038s][info ][safepoint    ] Total time for which application threads were stopped: 0.0000882 seconds, Stopping threads took: 0.0000167 seconds
[615.039s][info ][safepoint    ] Application time: 1.0000866 seconds
[615.039s][info ][safepoint    ] Entering safepoint region: Cleanup
[615.039s][info ][safepoint    ] Leaving safepoint region
[615.039s][info ][safepoint    ] Total time for which application threads were stopped: 0.0001140 seconds, Stopping threads took: 0.0000542 seconds
[616.039s][info ][safepoint    ] Application time: 1.0000872 seconds
[616.039s][info ][safepoint    ] Entering safepoint region: Cleanup
[616.039s][info ][safepoint    ] Leaving safepoint region
[616.039s][info ][safepoint    ] Total time for which application threads were stopped: 0.0001044 seconds, Stopping threads took: 0.0000178 seconds
[616.483s][info ][safepoint    ] Application time: 0.4435733 seconds
[616.483s][info ][safepoint    ] Entering safepoint region: GenCollectForAllocation
[616.483s][info ][gc,start     ] GC(230) Pause Young (Allocation Failure)
[616.483s][info ][gc,task      ] GC(230) Using 4 workers of 4 for evacuation
[616.484s][debug][gc,ref       ] GC(230) Skipped phase1 of Reference Processing due to unavailable references
[616.484s][debug][gc,ref       ] GC(230) Skipped phase2 of Reference Processing due to unavailable references
[616.484s][debug][gc,ref       ] GC(230) Skipped phase3 of Reference Processing due to unavailable references
[616.484s][debug][gc,ref       ] GC(230) Skipped phase4 of Reference Processing due to unavailable references
[616.484s][debug][gc,age       ] GC(230) Desired survivor size 15400960 bytes, new threshold 6 (max threshold 6)
[616.484s][info ][gc,heap      ] GC(230) ParNew: 241082K->161K(270976K)
[616.484s][info ][gc,heap      ] GC(230) CMS: 260965K->260965K(602112K)
[616.484s][info ][gc,metaspace ] GC(230) Metaspace: 54145K->54145K(1097728K)
[616.484s][info ][gc           ] GC(230) Pause Young (Allocation Failure) 490M->255M(852M) 1.749ms
[616.484s][info ][gc,cpu       ] GC(230) User=0.01s Sys=0.00s Real=0.00s
[616.484s][info ][safepoint    ] Leaving safepoint region
[616.484s][info ][safepoint    ] Total time for which application threads were stopped: 0.0019110 seconds, Stopping threads took: 0.0000169 seconds
[617.485s][info ][safepoint    ] Application time: 1.0000633 seconds
[617.485s][info ][safepoint    ] Entering safepoint region: Cleanup
[617.485s][info ][safepoint    ] Leaving safepoint region
[617.485s][info ][safepoint    ] Total time for which application threads were stopped: 0.0002123 seconds, Stopping threads took: 0.0001232 seconds
[618.485s][info ][safepoint    ] Application time: 1.0000835 seconds
[618.485s][info ][safepoint    ] Entering safepoint region: Cleanup
[618.485s][info ][safepoint    ] Leaving safepoint region
[618.485s][info ][safepoint    ] Total time for which application threads were stopped: 0.0001108 seconds, Stopping threads took: 0.0000410 seconds
[619.485s][info ][safepoint    ] Application time: 1.0000876 seconds
[619.485s][info ][safepoint    ] Entering safepoint region: Cleanup
[619.485s][info ][safepoint    ] Leaving safepoint region
[619.485s][info ][safepoint    ] Total time for which application threads were stopped: 0.0000995 seconds, Stopping threads took: 0.0000397 seconds
[619.931s][info ][safepoint    ] Application time: 0.4458556 seconds
[619.931s][info ][safepoint    ] Entering safepoint region: GenCollectForAllocation
[619.931s][info ][gc,start     ] GC(231) Pause Young (Allocation Failure)
[619.931s][info ][gc,task      ] GC(231) Using 4 workers of 4 for evacuation
[619.933s][debug][gc,ref       ] GC(231) Skipped phase1 of Reference Processing due to unavailable references
[619.933s][debug][gc,ref       ] GC(231) Skipped phase2 of Reference Processing due to unavailable references
[619.933s][debug][gc,ref       ] GC(231) Skipped phase3 of Reference Processing due to unavailable references
[619.933s][debug][gc,ref       ] GC(231) Skipped phase4 of Reference Processing due to unavailable references
[619.934s][debug][gc,age       ] GC(231) Desired survivor size 15400960 bytes, new threshold 6 (max threshold 6)
[619.934s][info ][gc,heap      ] GC(231) ParNew: 241057K->103K(270976K)
[619.934s][info ][gc,heap      ] GC(231) CMS: 260965K->260965K(602112K)
[619.934s][info ][gc,metaspace ] GC(231) Metaspace: 54145K->54145K(1097728K)
[619.934s][info ][gc           ] GC(231) Pause Young (Allocation Failure) 490M->254M(852M) 2.332ms
[619.934s][info ][gc,cpu       ] GC(231) User=0.01s Sys=0.00s Real=0.00s
[619.934s][info ][safepoint    ] Leaving safepoint region
[619.934s][info ][safepoint    ] Total time for which application threads were stopped: 0.0025146 seconds, Stopping threads took: 0.0000185 seconds
[620.934s][info ][safepoint    ] Application time: 1.0000984 seconds
[620.934s][info ][safepoint    ] Entering safepoint region: Cleanup
[620.934s][info ][safepoint    ] Leaving safepoint region
[620.934s][info ][safepoint    ] Total time for which application threads were stopped: 0.0001136 seconds, Stopping threads took: 0.0000401 seconds
[621.934s][info ][safepoint    ] Application time: 1.0000897 seconds
[621.934s][info ][safepoint    ] Entering safepoint region: Cleanup
[621.934s][info ][safepoint    ] Leaving safepoint region
[621.934s][info ][safepoint    ] Total time for which application threads were stopped: 0.0001064 seconds, Stopping threads took: 0.0000386 seconds
[622.934s][info ][safepoint    ] Application time: 1.0000986 seconds
[622.934s][info ][safepoint    ] Entering safepoint region: Cleanup
[622.934s][info ][safepoint    ] Leaving safepoint region
[622.934s][info ][safepoint    ] Total time for which application threads were stopped: 0.0001214 seconds, Stopping threads took: 0.0000477 seconds
[623.334s][info ][safepoint    ] Application time: 0.3995060 seconds
[623.334s][info ][safepoint    ] Entering safepoint region: GenCollectForAllocation
[623.334s][info ][gc,start     ] GC(232) Pause Young (Allocation Failure)
[623.334s][info ][gc,task      ] GC(232) Using 4 workers of 4 for evacuation
[623.336s][debug][gc,ref       ] GC(232) Skipped phase1 of Reference Processing due to unavailable references
[623.336s][debug][gc,ref       ] GC(232) Skipped phase2 of Reference Processing due to unavailable references
[623.336s][debug][gc,ref       ] GC(232) Skipped phase3 of Reference Processing due to unavailable references
[623.336s][debug][gc,ref       ] GC(232) Skipped phase4 of Reference Processing due to unavailable references
[623.336s][debug][gc,age       ] GC(232) Desired survivor size 15400960 bytes, new threshold 6 (max threshold 6)
[623.336s][info ][gc,heap      ] GC(232) ParNew: 240999K->49K(270976K)
[623.336s][info ][gc,heap      ] GC(232) CMS: 260965K->260965K(602112K)
[623.336s][info ][gc,metaspace ] GC(232) Metaspace: 54145K->54145K(1097728K)
[623.336s][info ][gc           ] GC(232) Pause Young (Allocation Failure) 490M->254M(852M) 1.946ms
[623.336s][info ][gc,cpu       ] GC(232) User=0.01s Sys=0.00s Real=0.00s
[623.336s][info ][safepoint    ] Leaving safepoint region
[623.336s][info ][safepoint    ] Total time for which application threads were stopped: 0.0021402 seconds, Stopping threads took: 0.0000378 seconds
[624.336s][info ][safepoint    ] Application time: 1.0000973 seconds
[624.336s][info ][safepoint    ] Entering safepoint region: Cleanup
[624.336s][info ][safepoint    ] Leaving safepoint region
[624.336s][info ][safepoint    ] Total time for which application threads were stopped: 0.0000775 seconds, Stopping threads took: 0.0000180 seconds
[625.336s][info ][safepoint    ] Application time: 1.0000929 seconds
[625.337s][info ][safepoint    ] Entering safepoint region: Cleanup
[625.337s][info ][safepoint    ] Leaving safepoint region
[625.337s][info ][safepoint    ] Total time for which application threads were stopped: 0.0000790 seconds, Stopping threads took: 0.0000212 seconds
[626.337s][info ][safepoint    ] Application time: 1.0000517 seconds
[626.337s][info ][safepoint    ] Entering safepoint region: Cleanup
[626.337s][info ][safepoint    ] Leaving safepoint region
[626.337s][info ][safepoint    ] Total time for which application threads were stopped: 0.0000734 seconds, Stopping threads took: 0.0000177 seconds
[626.783s][info ][safepoint    ] Application time: 0.4464052 seconds
[626.783s][info ][safepoint    ] Entering safepoint region: GenCollectForAllocation
[626.783s][info ][gc,start     ] GC(233) Pause Young (Allocation Failure)
[626.783s][info ][gc,task      ] GC(233) Using 4 workers of 4 for evacuation
[626.785s][debug][gc,ref       ] GC(233) Skipped phase1 of Reference Processing due to unavailable references
[626.785s][debug][gc,ref       ] GC(233) Skipped phase2 of Reference Processing due to unavailable references
[626.785s][debug][gc,ref       ] GC(233) Skipped phase3 of Reference Processing due to unavailable references
[626.785s][debug][gc,ref       ] GC(233) Skipped phase4 of Reference Processing due to unavailable references
[626.785s][debug][gc,age       ] GC(233) Desired survivor size 15400960 bytes, new threshold 6 (max threshold 6)
[626.785s][info ][gc,heap      ] GC(233) ParNew: 240945K->143K(270976K)
[626.785s][info ][gc,heap      ] GC(233) CMS: 260965K->260965K(602112K)
[626.785s][info ][gc,metaspace ] GC(233) Metaspace: 54146K->54146K(1097728K)
[626.785s][info ][gc           ] GC(233) Pause Young (Allocation Failure) 490M->254M(852M) 1.659ms
[626.785s][info ][gc,cpu       ] GC(233) User=0.01s Sys=0.00s Real=0.00s
[626.785s][info ][safepoint    ] Leaving safepoint region
[626.785s][info ][safepoint    ] Total time for which application threads were stopped: 0.0018145 seconds, Stopping threads took: 0.0000208 seconds
[627.785s][info ][safepoint    ] Application time: 1.0000932 seconds
[627.785s][info ][safepoint    ] Entering safepoint region: Cleanup
[627.785s][info ][safepoint    ] Leaving safepoint region
[627.785s][info ][safepoint    ] Total time for which application threads were stopped: 0.0000903 seconds, Stopping threads took: 0.0000315 seconds
[628.785s][info ][safepoint    ] Application time: 1.0000886 seconds
[628.785s][info ][safepoint    ] Entering safepoint region: Cleanup
[628.785s][info ][safepoint    ] Leaving safepoint region
[628.785s][info ][safepoint    ] Total time for which application threads were stopped: 0.0000912 seconds, Stopping threads took: 0.0000341 seconds
[629.786s][info ][safepoint    ] Application time: 1.0000849 seconds
[629.786s][info ][safepoint    ] Entering safepoint region: Cleanup
[629.786s][info ][safepoint    ] Leaving safepoint region
[629.786s][info ][safepoint    ] Total time for which application threads were stopped: 0.0000728 seconds, Stopping threads took: 0.0000169 seconds
[630.233s][info ][safepoint    ] Application time: 0.4470450 seconds
[630.233s][info ][safepoint    ] Entering safepoint region: GenCollectForAllocation
[630.233s][info ][gc,start     ] GC(234) Pause Young (Allocation Failure)
[630.233s][info ][gc,task      ] GC(234) Using 4 workers of 4 for evacuation
[630.234s][debug][gc,ref       ] GC(234) Skipped phase1 of Reference Processing due to unavailable references
[630.234s][debug][gc,ref       ] GC(234) Skipped phase2 of Reference Processing due to unavailable references
[630.234s][debug][gc,ref       ] GC(234) Skipped phase3 of Reference Processing due to unavailable references
[630.234s][debug][gc,ref       ] GC(234) Skipped phase4 of Reference Processing due to unavailable references
[630.234s][debug][gc,age       ] GC(234) Desired survivor size 15400960 bytes, new threshold 6 (max threshold 6)
[630.234s][info ][gc,heap      ] GC(234) ParNew: 241039K->173K(270976K)
[630.234s][info ][gc,heap      ] GC(234) CMS: 260965K->260965K(602112K)
[630.234s][info ][gc,metaspace ] GC(234) Metaspace: 54146K->54146K(1097728K)
[630.235s][info ][gc           ] GC(234) Pause Young (Allocation Failure) 490M->255M(852M) 1.623ms
[630.235s][info ][gc,cpu       ] GC(234) User=0.00s Sys=0.00s Real=0.00s
[630.235s][info ][safepoint    ] Leaving safepoint region
[630.235s][info ][safepoint    ] Total time for which application threads were stopped: 0.0017733 seconds, Stopping threads took: 0.0000200 seconds
[631.235s][info ][safepoint    ] Application time: 1.0000898 seconds
[631.235s][info ][safepoint    ] Entering safepoint region: Cleanup
[631.235s][info ][safepoint    ] Leaving safepoint region
[631.235s][info ][safepoint    ] Total time for which application threads were stopped: 0.0001296 seconds, Stopping threads took: 0.0000617 seconds
[632.235s][info ][safepoint    ] Application time: 1.0000506 seconds
[632.235s][info ][safepoint    ] Entering safepoint region: Cleanup
[632.235s][info ][safepoint    ] Leaving safepoint region
[632.235s][info ][safepoint    ] Total time for which application threads were stopped: 0.0001638 seconds, Stopping threads took: 0.0000829 seconds
[633.235s][info ][safepoint    ] Application time: 1.0000788 seconds
[633.235s][info ][safepoint    ] Entering safepoint region: Cleanup
[633.235s][info ][safepoint    ] Leaving safepoint region
[633.235s][info ][safepoint    ] Total time for which application threads were stopped: 0.0001048 seconds, Stopping threads took: 0.0000407 seconds
[633.682s][info ][safepoint    ] Application time: 0.4463845 seconds
[633.682s][info ][safepoint    ] Entering safepoint region: GenCollectForAllocation
[633.682s][info ][gc,start     ] GC(235) Pause Young (Allocation Failure)
[633.682s][info ][gc,task      ] GC(235) Using 4 workers of 4 for evacuation
[633.684s][debug][gc,ref       ] GC(235) Skipped phase1 of Reference Processing due to unavailable references
[633.684s][debug][gc,ref       ] GC(235) Skipped phase2 of Reference Processing due to unavailable references
[633.684s][debug][gc,ref       ] GC(235) Skipped phase3 of Reference Processing due to unavailable references
[633.684s][debug][gc,ref       ] GC(235) Skipped phase4 of Reference Processing due to unavailable references
[633.684s][debug][gc,age       ] GC(235) Desired survivor size 15400960 bytes, new threshold 6 (max threshold 6)
[633.684s][info ][gc,heap      ] GC(235) ParNew: 241069K->112K(270976K)
[633.684s][info ][gc,heap      ] GC(235) CMS: 260965K->260971K(602112K)
[633.684s][info ][gc,metaspace ] GC(235) Metaspace: 54146K->54146K(1097728K)
[633.684s][info ][gc           ] GC(235) Pause Young (Allocation Failure) 490M->254M(852M) 2.018ms
[633.684s][info ][gc,cpu       ] GC(235) User=0.00s Sys=0.00s Real=0.00s
[633.684s][info ][safepoint    ] Leaving safepoint region
[633.684s][info ][safepoint    ] Total time for which application threads were stopped: 0.0021691 seconds, Stopping threads took: 0.0000170 seconds
[634.684s][info ][safepoint    ] Application time: 1.0001123 seconds
[634.684s][info ][safepoint    ] Entering safepoint region: Cleanup
[634.684s][info ][safepoint    ] Leaving safepoint region
[634.684s][info ][safepoint    ] Total time for which application threads were stopped: 0.0001138 seconds, Stopping threads took: 0.0000369 seconds
[635.684s][info ][safepoint    ] Application time: 1.0000646 seconds
[635.684s][info ][safepoint    ] Entering safepoint region: Cleanup
[635.684s][info ][safepoint    ] Leaving safepoint region
[635.684s][info ][safepoint    ] Total time for which application threads were stopped: 0.0001076 seconds, Stopping threads took: 0.0000193 seconds
[636.685s][info ][safepoint    ] Application time: 1.0001203 seconds
[636.685s][info ][safepoint    ] Entering safepoint region: Cleanup
[636.685s][info ][safepoint    ] Leaving safepoint region
[636.685s][info ][safepoint    ] Total time for which application threads were stopped: 0.0002377 seconds, Stopping threads took: 0.0001411 seconds
[637.085s][info ][safepoint    ] Application time: 0.3998584 seconds
[637.085s][info ][safepoint    ] Entering safepoint region: GenCollectForAllocation
[637.085s][info ][gc,start     ] GC(236) Pause Young (Allocation Failure)
[637.085s][info ][gc,task      ] GC(236) Using 4 workers of 4 for evacuation
[637.087s][debug][gc,ref       ] GC(236) Skipped phase1 of Reference Processing due to unavailable references
[637.087s][debug][gc,ref       ] GC(236) Skipped phase2 of Reference Processing due to unavailable references
[637.087s][debug][gc,ref       ] GC(236) Skipped phase3 of Reference Processing due to unavailable references
[637.087s][debug][gc,ref       ] GC(236) Skipped phase4 of Reference Processing due to unavailable references
[637.087s][debug][gc,age       ] GC(236) Desired survivor size 15400960 bytes, new threshold 6 (max threshold 6)
[637.087s][info ][gc,heap      ] GC(236) ParNew: 241008K->39K(270976K)
[637.087s][info ][gc,heap      ] GC(236) CMS: 260971K->260971K(602112K)
[637.087s][info ][gc,metaspace ] GC(236) Metaspace: 54146K->54146K(1097728K)
[637.087s][info ][gc           ] GC(236) Pause Young (Allocation Failure) 490M->254M(852M) 1.964ms
[637.087s][info ][gc,cpu       ] GC(236) User=0.00s Sys=0.00s Real=0.00s
[637.087s][info ][safepoint    ] Leaving safepoint region
[637.087s][info ][safepoint    ] Total time for which application threads were stopped: 0.0021516 seconds, Stopping threads took: 0.0000322 seconds
[638.087s][info ][safepoint    ] Application time: 1.0001503 seconds
[638.087s][info ][safepoint    ] Entering safepoint region: Cleanup
[638.087s][info ][safepoint    ] Leaving safepoint region
[638.087s][info ][safepoint    ] Total time for which application threads were stopped: 0.0000768 seconds, Stopping threads took: 0.0000166 seconds
[639.087s][info ][safepoint    ] Application time: 1.0001302 seconds
[639.087s][info ][safepoint    ] Entering safepoint region: Cleanup
[639.087s][info ][safepoint    ] Leaving safepoint region
[639.087s][info ][safepoint    ] Total time for which application threads were stopped: 0.0000737 seconds, Stopping threads took: 0.0000168 seconds
[640.088s][info ][safepoint    ] Application time: 1.0000887 seconds
[640.088s][info ][safepoint    ] Entering safepoint region: Cleanup
[640.088s][info ][safepoint    ] Leaving safepoint region
[640.088s][info ][safepoint    ] Total time for which application threads were stopped: 0.0000769 seconds, Stopping threads took: 0.0000186 seconds
[640.533s][info ][safepoint    ] Application time: 0.4457256 seconds
[640.533s][info ][safepoint    ] Entering safepoint region: GenCollectForAllocation
[640.534s][info ][gc,start     ] GC(237) Pause Young (Allocation Failure)
[640.534s][info ][gc,task      ] GC(237) Using 4 workers of 4 for evacuation
[640.535s][debug][gc,ref       ] GC(237) Skipped phase1 of Reference Processing due to unavailable references
[640.535s][debug][gc,ref       ] GC(237) Skipped phase2 of Reference Processing due to unavailable references
[640.535s][debug][gc,ref       ] GC(237) Skipped phase3 of Reference Processing due to unavailable references
[640.535s][debug][gc,ref       ] GC(237) Skipped phase4 of Reference Processing due to unavailable references
[640.535s][debug][gc,age       ] GC(237) Desired survivor size 15400960 bytes, new threshold 6 (max threshold 6)
[640.535s][info ][gc,heap      ] GC(237) ParNew: 240935K->72K(270976K)
[640.535s][info ][gc,heap      ] GC(237) CMS: 260971K->260971K(602112K)
[640.535s][info ][gc,metaspace ] GC(237) Metaspace: 54146K->54146K(1097728K)
[640.535s][info ][gc           ] GC(237) Pause Young (Allocation Failure) 490M->254M(852M) 1.656ms
[640.535s][info ][gc,cpu       ] GC(237) User=0.00s Sys=0.01s Real=0.00s
[640.535s][info ][safepoint    ] Leaving safepoint region
[640.535s][info ][safepoint    ] Total time for which application threads were stopped: 0.0018095 seconds, Stopping threads took: 0.0000171 seconds
[641.535s][info ][safepoint    ] Application time: 1.0000899 seconds
[641.535s][info ][safepoint    ] Entering safepoint region: Cleanup
[641.535s][info ][safepoint    ] Leaving safepoint region
[641.535s][info ][safepoint    ] Total time for which application threads were stopped: 0.0000923 seconds, Stopping threads took: 0.0000182 seconds
[642.536s][info ][safepoint    ] Application time: 1.0000881 seconds
[642.536s][info ][safepoint    ] Entering safepoint region: Cleanup
[642.536s][info ][safepoint    ] Leaving safepoint region
[642.536s][info ][safepoint    ] Total time for which application threads were stopped: 0.0000905 seconds, Stopping threads took: 0.0000338 seconds
[643.536s][info ][safepoint    ] Application time: 1.0000918 seconds
[643.536s][info ][safepoint    ] Entering safepoint region: Cleanup
[643.536s][info ][safepoint    ] Leaving safepoint region
[643.536s][info ][safepoint    ] Total time for which application threads were stopped: 0.0000963 seconds, Stopping threads took: 0.0000166 seconds
[643.983s][info ][safepoint    ] Application time: 0.4473571 seconds
[643.983s][info ][safepoint    ] Entering safepoint region: GenCollectForAllocation
[643.983s][info ][gc,start     ] GC(238) Pause Young (Allocation Failure)
[643.983s][info ][gc,task      ] GC(238) Using 4 workers of 4 for evacuation
[643.985s][debug][gc,ref       ] GC(238) Skipped phase1 of Reference Processing due to unavailable references
[643.985s][debug][gc,ref       ] GC(238) Skipped phase2 of Reference Processing due to unavailable references
[643.985s][debug][gc,ref       ] GC(238) Skipped phase3 of Reference Processing due to unavailable references
[643.985s][debug][gc,ref       ] GC(238) Skipped phase4 of Reference Processing due to unavailable references
[643.985s][debug][gc,age       ] GC(238) Desired survivor size 15400960 bytes, new threshold 6 (max threshold 6)
[643.985s][info ][gc,heap      ] GC(238) ParNew: 240968K->115K(270976K)
[643.985s][info ][gc,heap      ] GC(238) CMS: 260971K->260971K(602112K)
[643.985s][info ][gc,metaspace ] GC(238) Metaspace: 54146K->54146K(1097728K)
[643.985s][info ][gc           ] GC(238) Pause Young (Allocation Failure) 490M->254M(852M) 1.627ms
[643.985s][info ][gc,cpu       ] GC(238) User=0.01s Sys=0.00s Real=0.00s
[643.985s][info ][safepoint    ] Leaving safepoint region
[643.985s][info ][safepoint    ] Total time for which application threads were stopped: 0.0017785 seconds, Stopping threads took: 0.0000171 seconds
[644.985s][info ][safepoint    ] Application time: 1.0000928 seconds
[644.985s][info ][safepoint    ] Entering safepoint region: Cleanup
[644.985s][info ][safepoint    ] Leaving safepoint region
[644.985s][info ][safepoint    ] Total time for which application threads were stopped: 0.0001072 seconds, Stopping threads took: 0.0000466 seconds
[645.985s][info ][safepoint    ] Application time: 1.0000823 seconds
[645.985s][info ][safepoint    ] Entering safepoint region: Cleanup
[645.986s][info ][safepoint    ] Leaving safepoint region
[645.986s][info ][safepoint    ] Total time for which application threads were stopped: 0.0001246 seconds, Stopping threads took: 0.0000655 seconds
[646.986s][info ][safepoint    ] Application time: 1.0000476 seconds
[646.986s][info ][safepoint    ] Entering safepoint region: Cleanup
[646.986s][info ][safepoint    ] Leaving safepoint region
[646.986s][info ][safepoint    ] Total time for which application threads were stopped: 0.0001007 seconds, Stopping threads took: 0.0000408 seconds
[647.432s][info ][safepoint    ] Application time: 0.4459847 seconds
[647.432s][info ][safepoint    ] Entering safepoint region: GenCollectForAllocation
[647.432s][info ][gc,start     ] GC(239) Pause Young (Allocation Failure)
[647.432s][info ][gc,task      ] GC(239) Using 4 workers of 4 for evacuation
[647.434s][debug][gc,ref       ] GC(239) Skipped phase1 of Reference Processing due to unavailable references
[647.434s][debug][gc,ref       ] GC(239) Skipped phase2 of Reference Processing due to unavailable references
[647.434s][debug][gc,ref       ] GC(239) Skipped phase3 of Reference Processing due to unavailable references
[647.434s][debug][gc,ref       ] GC(239) Skipped phase4 of Reference Processing due to unavailable references
[647.434s][debug][gc,age       ] GC(239) Desired survivor size 15400960 bytes, new threshold 6 (max threshold 6)
[647.434s][info ][gc,heap      ] GC(239) ParNew: 241011K->72K(270976K)
[647.434s][info ][gc,heap      ] GC(239) CMS: 260971K->260971K(602112K)
[647.434s][info ][gc,metaspace ] GC(239) Metaspace: 54156K->54156K(1097728K)
[647.434s][info ][gc           ] GC(239) Pause Young (Allocation Failure) 490M->254M(852M) 2.189ms
[647.434s][info ][gc,cpu       ] GC(239) User=0.01s Sys=0.00s Real=0.00s
[647.434s][info ][safepoint    ] Leaving safepoint region
[647.434s][info ][safepoint    ] Total time for which application threads were stopped: 0.0023505 seconds, Stopping threads took: 0.0000245 seconds
[648.434s][info ][safepoint    ] Application time: 1.0000864 seconds
[648.434s][info ][safepoint    ] Entering safepoint region: Cleanup
[648.434s][info ][safepoint    ] Leaving safepoint region
[648.434s][info ][safepoint    ] Total time for which application threads were stopped: 0.0001516 seconds, Stopping threads took: 0.0000819 seconds
[649.434s][info ][safepoint    ] Application time: 1.0001092 seconds
[649.435s][info ][safepoint    ] Entering safepoint region: Cleanup
[649.435s][info ][safepoint    ] Leaving safepoint region
[649.435s][info ][safepoint    ] Total time for which application threads were stopped: 0.0001047 seconds, Stopping threads took: 0.0000383 seconds
[650.435s][info ][safepoint    ] Application time: 1.0001013 seconds
[650.435s][info ][safepoint    ] Entering safepoint region: Cleanup
[650.435s][info ][safepoint    ] Leaving safepoint region
[650.435s][info ][safepoint    ] Total time for which application threads were stopped: 0.0001171 seconds, Stopping threads took: 0.0000447 seconds
[650.880s][info ][safepoint    ] Application time: 0.4454734 seconds
[650.880s][info ][safepoint    ] Entering safepoint region: GenCollectForAllocation
[650.881s][info ][gc,start     ] GC(240) Pause Young (Allocation Failure)
[650.881s][info ][gc,task      ] GC(240) Using 4 workers of 4 for evacuation
[650.882s][debug][gc,ref       ] GC(240) Skipped phase1 of Reference Processing due to unavailable references
[650.882s][debug][gc,ref       ] GC(240) Skipped phase2 of Reference Processing due to unavailable references
[650.882s][debug][gc,ref       ] GC(240) Skipped phase3 of Reference Processing due to unavailable references
[650.882s][debug][gc,ref       ] GC(240) Skipped phase4 of Reference Processing due to unavailable references
[650.882s][debug][gc,age       ] GC(240) Desired survivor size 15400960 bytes, new threshold 6 (max threshold 6)
[650.882s][info ][gc,heap      ] GC(240) ParNew: 240968K->34K(270976K)
[650.882s][info ][gc,heap      ] GC(240) CMS: 260971K->260971K(602112K)
[650.882s][info ][gc,metaspace ] GC(240) Metaspace: 54161K->54161K(1097728K)
[650.882s][info ][gc           ] GC(240) Pause Young (Allocation Failure) 490M->254M(852M) 1.680ms
[650.882s][info ][gc,cpu       ] GC(240) User=0.00s Sys=0.00s Real=0.00s
[650.882s][info ][safepoint    ] Leaving safepoint region
[650.882s][info ][safepoint    ] Total time for which application threads were stopped: 0.0018366 seconds, Stopping threads took: 0.0000311 seconds
[651.882s][info ][safepoint    ] Application time: 1.0000935 seconds
[651.882s][info ][safepoint    ] Entering safepoint region: Cleanup
[651.883s][info ][safepoint    ] Leaving safepoint region
[651.883s][info ][safepoint    ] Total time for which application threads were stopped: 0.0001100 seconds, Stopping threads took: 0.0000421 seconds
[652.883s][info ][safepoint    ] Application time: 1.0001104 seconds
[652.883s][info ][safepoint    ] Entering safepoint region: Cleanup
[652.883s][info ][safepoint    ] Leaving safepoint region
[652.883s][info ][safepoint    ] Total time for which application threads were stopped: 0.0001153 seconds, Stopping threads took: 0.0000375 seconds
[653.883s][info ][safepoint    ] Application time: 1.0000974 seconds
[653.883s][info ][safepoint    ] Entering safepoint region: Cleanup
[653.883s][info ][safepoint    ] Leaving safepoint region
[653.883s][info ][safepoint    ] Total time for which application threads were stopped: 0.0001650 seconds, Stopping threads took: 0.0000926 seconds
[654.284s][info ][safepoint    ] Application time: 0.4008904 seconds
[654.284s][info ][safepoint    ] Entering safepoint region: GenCollectForAllocation
[654.284s][info ][gc,start     ] GC(241) Pause Young (Allocation Failure)
[654.284s][info ][gc,task      ] GC(241) Using 4 workers of 4 for evacuation
[654.286s][debug][gc,ref       ] GC(241) Skipped phase1 of Reference Processing due to unavailable references
[654.286s][debug][gc,ref       ] GC(241) Skipped phase2 of Reference Processing due to unavailable references
[654.286s][debug][gc,ref       ] GC(241) Skipped phase3 of Reference Processing due to unavailable references
[654.286s][debug][gc,ref       ] GC(241) Skipped phase4 of Reference Processing due to unavailable references
[654.286s][debug][gc,age       ] GC(241) Desired survivor size 15400960 bytes, new threshold 6 (max threshold 6)
[654.286s][info ][gc,heap      ] GC(241) ParNew: 240930K->90K(270976K)
[654.286s][info ][gc,heap      ] GC(241) CMS: 260971K->260971K(602112K)
[654.286s][info ][gc,metaspace ] GC(241) Metaspace: 54161K->54161K(1097728K)
[654.286s][info ][gc           ] GC(241) Pause Young (Allocation Failure) 490M->254M(852M) 1.600ms
[654.286s][info ][gc,cpu       ] GC(241) User=0.00s Sys=0.00s Real=0.00s
[654.286s][info ][safepoint    ] Leaving safepoint region
[654.286s][info ][safepoint    ] Total time for which application threads were stopped: 0.0017664 seconds, Stopping threads took: 0.0000168 seconds
[655.286s][info ][safepoint    ] Application time: 1.0000899 seconds
[655.286s][info ][safepoint    ] Entering safepoint region: Cleanup
[655.286s][info ][safepoint    ] Leaving safepoint region
[655.286s][info ][safepoint    ] Total time for which application threads were stopped: 0.0000733 seconds, Stopping threads took: 0.0000169 seconds
[656.286s][info ][safepoint    ] Application time: 1.0000805 seconds
[656.286s][info ][safepoint    ] Entering safepoint region: Cleanup
[656.286s][info ][safepoint    ] Leaving safepoint region
[656.286s][info ][safepoint    ] Total time for which application threads were stopped: 0.0000767 seconds, Stopping threads took: 0.0000164 seconds
[657.286s][info ][safepoint    ] Application time: 1.0000850 seconds
[657.286s][info ][safepoint    ] Entering safepoint region: Cleanup
[657.286s][info ][safepoint    ] Leaving safepoint region
[657.286s][info ][safepoint    ] Total time for which application threads were stopped: 0.0000925 seconds, Stopping threads took: 0.0000178 seconds
[657.734s][info ][safepoint    ] Application time: 0.4473616 seconds
[657.734s][info ][safepoint    ] Entering safepoint region: GenCollectForAllocation
[657.734s][info ][gc,start     ] GC(242) Pause Young (Allocation Failure)
[657.734s][info ][gc,task      ] GC(242) Using 4 workers of 4 for evacuation
[657.736s][debug][gc,ref       ] GC(242) Skipped phase1 of Reference Processing due to unavailable references
[657.736s][debug][gc,ref       ] GC(242) Skipped phase2 of Reference Processing due to unavailable references
[657.736s][debug][gc,ref       ] GC(242) Skipped phase3 of Reference Processing due to unavailable references
[657.736s][debug][gc,ref       ] GC(242) Skipped phase4 of Reference Processing due to unavailable references
[657.736s][debug][gc,age       ] GC(242) Desired survivor size 15400960 bytes, new threshold 6 (max threshold 6)
[657.736s][info ][gc,heap      ] GC(242) ParNew: 240986K->78K(270976K)
[657.736s][info ][gc,heap      ] GC(242) CMS: 260971K->260971K(602112K)
[657.736s][info ][gc,metaspace ] GC(242) Metaspace: 54161K->54161K(1097728K)
[657.736s][info ][gc           ] GC(242) Pause Young (Allocation Failure) 490M->254M(852M) 1.934ms
[657.736s][info ][gc,cpu       ] GC(242) User=0.01s Sys=0.00s Real=0.00s
[657.736s][info ][safepoint    ] Leaving safepoint region
[657.736s][info ][safepoint    ] Total time for which application threads were stopped: 0.0020886 seconds, Stopping threads took: 0.0000192 seconds
[658.736s][info ][safepoint    ] Application time: 1.0000956 seconds
[658.736s][info ][safepoint    ] Entering safepoint region: Cleanup
[658.736s][info ][safepoint    ] Leaving safepoint region
[658.736s][info ][safepoint    ] Total time for which application threads were stopped: 0.0000923 seconds, Stopping threads took: 0.0000179 seconds
[659.736s][info ][safepoint    ] Application time: 1.0000740 seconds
[659.736s][info ][safepoint    ] Entering safepoint region: Cleanup
[659.736s][info ][safepoint    ] Leaving safepoint region
[659.736s][info ][safepoint    ] Total time for which application threads were stopped: 0.0000876 seconds, Stopping threads took: 0.0000297 seconds
[660.609s][info ][safepoint    ] Application time: 0.8724239 seconds
[660.609s][info ][safepoint    ] Entering safepoint region: RevokeBias
[660.609s][info ][safepoint    ] Leaving safepoint region
[660.609s][info ][safepoint    ] Total time for which application threads were stopped: 0.0001326 seconds, Stopping threads took: 0.0000414 seconds
[661.182s][info ][safepoint    ] Application time: 0.5735170 seconds
[661.182s][info ][safepoint    ] Entering safepoint region: GenCollectForAllocation
[661.183s][info ][gc,start     ] GC(243) Pause Young (Allocation Failure)
[661.183s][info ][gc,task      ] GC(243) Using 4 workers of 4 for evacuation
[661.185s][debug][gc,ref       ] GC(243) Skipped phase1 of Reference Processing due to unavailable references
[661.185s][debug][gc,ref       ] GC(243) Skipped phase2 of Reference Processing due to unavailable references
[661.185s][debug][gc,ref       ] GC(243) Skipped phase3 of Reference Processing due to unavailable references
[661.185s][debug][gc,ref       ] GC(243) Skipped phase4 of Reference Processing due to unavailable references
[661.185s][debug][gc,age       ] GC(243) Desired survivor size 15400960 bytes, new threshold 6 (max threshold 6)
[661.185s][info ][gc,heap      ] GC(243) ParNew: 240974K->41K(270976K)
[661.185s][info ][gc,heap      ] GC(243) CMS: 260971K->260971K(602112K)
[661.185s][info ][gc,metaspace ] GC(243) Metaspace: 54161K->54161K(1097728K)
[661.185s][info ][gc           ] GC(243) Pause Young (Allocation Failure) 490M->254M(852M) 2.273ms
[661.185s][info ][gc,cpu       ] GC(243) User=0.00s Sys=0.00s Real=0.00s
[661.185s][info ][safepoint    ] Leaving safepoint region
[661.185s][info ][safepoint    ] Total time for which application threads were stopped: 0.0024214 seconds, Stopping threads took: 0.0000166 seconds
[662.185s][info ][safepoint    ] Application time: 1.0001216 seconds
[662.185s][info ][safepoint    ] Entering safepoint region: Cleanup
[662.185s][info ][safepoint    ] Leaving safepoint region
[662.185s][info ][safepoint    ] Total time for which application threads were stopped: 0.0001077 seconds, Stopping threads took: 0.0000421 seconds
[663.185s][info ][safepoint    ] Application time: 1.0000977 seconds
[663.185s][info ][safepoint    ] Entering safepoint region: Cleanup
[663.185s][info ][safepoint    ] Leaving safepoint region
[663.185s][info ][safepoint    ] Total time for which application threads were stopped: 0.0001467 seconds, Stopping threads took: 0.0000857 seconds
[664.186s][info ][safepoint    ] Application time: 1.0000976 seconds
[664.186s][info ][safepoint    ] Entering safepoint region: Cleanup
[664.186s][info ][safepoint    ] Leaving safepoint region
[664.186s][info ][safepoint    ] Total time for which application threads were stopped: 0.0000752 seconds, Stopping threads took: 0.0000171 seconds
[664.631s][info ][safepoint    ] Application time: 0.4457122 seconds
[664.631s][info ][safepoint    ] Entering safepoint region: GenCollectForAllocation
[664.632s][info ][gc,start     ] GC(244) Pause Young (Allocation Failure)
[664.632s][info ][gc,task      ] GC(244) Using 4 workers of 4 for evacuation
[664.633s][debug][gc,ref       ] GC(244) Skipped phase1 of Reference Processing due to unavailable references
[664.633s][debug][gc,ref       ] GC(244) Skipped phase2 of Reference Processing due to unavailable references
[664.633s][debug][gc,ref       ] GC(244) Skipped phase3 of Reference Processing due to unavailable references
[664.633s][debug][gc,ref       ] GC(244) Skipped phase4 of Reference Processing due to unavailable references
[664.633s][debug][gc,age       ] GC(244) Desired survivor size 15400960 bytes, new threshold 6 (max threshold 6)
[664.633s][info ][gc,heap      ] GC(244) ParNew: 240937K->47K(270976K)
[664.633s][info ][gc,heap      ] GC(244) CMS: 260971K->260971K(602112K)
[664.633s][info ][gc,metaspace ] GC(244) Metaspace: 54161K->54161K(1097728K)
[664.633s][info ][gc           ] GC(244) Pause Young (Allocation Failure) 490M->254M(852M) 1.982ms
[664.634s][info ][gc,cpu       ] GC(244) User=0.00s Sys=0.00s Real=0.00s
[664.634s][info ][safepoint    ] Leaving safepoint region
[664.634s][info ][safepoint    ] Total time for which application threads were stopped: 0.0021303 seconds, Stopping threads took: 0.0000200 seconds
[665.634s][info ][safepoint    ] Application time: 1.0000976 seconds
[665.634s][info ][safepoint    ] Entering safepoint region: Cleanup
[665.634s][info ][safepoint    ] Leaving safepoint region
[665.634s][info ][safepoint    ] Total time for which application threads were stopped: 0.0001093 seconds, Stopping threads took: 0.0000404 seconds
[666.634s][info ][safepoint    ] Application time: 1.0000966 seconds
[666.634s][info ][safepoint    ] Entering safepoint region: Cleanup
[666.634s][info ][safepoint    ] Leaving safepoint region
[666.634s][info ][safepoint    ] Total time for which application threads were stopped: 0.0002015 seconds, Stopping threads took: 0.0000688 seconds
[667.634s][info ][safepoint    ] Application time: 1.0001006 seconds
[667.634s][info ][safepoint    ] Entering safepoint region: Cleanup
[667.634s][info ][safepoint    ] Leaving safepoint region
[667.634s][info ][safepoint    ] Total time for which application threads were stopped: 0.0001052 seconds, Stopping threads took: 0.0000393 seconds
[668.034s][info ][safepoint    ] Application time: 0.4000928 seconds
[668.035s][info ][safepoint    ] Entering safepoint region: GenCollectForAllocation
[668.035s][info ][gc,start     ] GC(245) Pause Young (Allocation Failure)
[668.035s][info ][gc,task      ] GC(245) Using 4 workers of 4 for evacuation
[668.037s][debug][gc,ref       ] GC(245) Skipped phase1 of Reference Processing due to unavailable references
[668.037s][debug][gc,ref       ] GC(245) Skipped phase2 of Reference Processing due to unavailable references
[668.037s][debug][gc,ref       ] GC(245) Skipped phase3 of Reference Processing due to unavailable references
[668.037s][debug][gc,ref       ] GC(245) Skipped phase4 of Reference Processing due to unavailable references
[668.037s][debug][gc,age       ] GC(245) Desired survivor size 15400960 bytes, new threshold 6 (max threshold 6)
[668.037s][info ][gc,heap      ] GC(245) ParNew: 240943K->34K(270976K)
[668.037s][info ][gc,heap      ] GC(245) CMS: 260971K->260971K(602112K)
[668.037s][info ][gc,metaspace ] GC(245) Metaspace: 54161K->54161K(1097728K)
[668.037s][info ][gc           ] GC(245) Pause Young (Allocation Failure) 490M->254M(852M) 2.119ms
[668.037s][info ][gc,cpu       ] GC(245) User=0.00s Sys=0.00s Real=0.00s
[668.037s][info ][safepoint    ] Leaving safepoint region
[668.037s][info ][safepoint    ] Total time for which application threads were stopped: 0.0022867 seconds, Stopping threads took: 0.0000375 seconds
[669.037s][info ][safepoint    ] Application time: 1.0001268 seconds
[669.037s][info ][safepoint    ] Entering safepoint region: Cleanup
[669.037s][info ][safepoint    ] Leaving safepoint region
[669.037s][info ][safepoint    ] Total time for which application threads were stopped: 0.0000971 seconds, Stopping threads took: 0.0000184 seconds
[670.037s][info ][safepoint    ] Application time: 1.0000828 seconds
[670.037s][info ][safepoint    ] Entering safepoint region: Cleanup
[670.037s][info ][safepoint    ] Leaving safepoint region
[670.037s][info ][safepoint    ] Total time for which application threads were stopped: 0.0000905 seconds, Stopping threads took: 0.0000185 seconds
[671.037s][info ][safepoint    ] Application time: 1.0000815 seconds
[671.037s][info ][safepoint    ] Entering safepoint region: Cleanup
[671.037s][info ][safepoint    ] Leaving safepoint region
[671.038s][info ][safepoint    ] Total time for which application threads were stopped: 0.0000754 seconds, Stopping threads took: 0.0000181 seconds
[671.484s][info ][safepoint    ] Application time: 0.4462768 seconds
[671.484s][info ][safepoint    ] Entering safepoint region: GenCollectForAllocation
[671.484s][info ][gc,start     ] GC(246) Pause Young (Allocation Failure)
[671.484s][info ][gc,task      ] GC(246) Using 4 workers of 4 for evacuation
[671.486s][debug][gc,ref       ] GC(246) Skipped phase1 of Reference Processing due to unavailable references
[671.486s][debug][gc,ref       ] GC(246) Skipped phase2 of Reference Processing due to unavailable references
[671.486s][debug][gc,ref       ] GC(246) Skipped phase3 of Reference Processing due to unavailable references
[671.486s][debug][gc,ref       ] GC(246) Skipped phase4 of Reference Processing due to unavailable references
[671.486s][debug][gc,age       ] GC(246) Desired survivor size 15400960 bytes, new threshold 6 (max threshold 6)
[671.486s][info ][gc,heap      ] GC(246) ParNew: 240930K->114K(270976K)
[671.486s][info ][gc,heap      ] GC(246) CMS: 260971K->260971K(602112K)
[671.486s][info ][gc,metaspace ] GC(246) Metaspace: 54161K->54161K(1097728K)
[671.486s][info ][gc           ] GC(246) Pause Young (Allocation Failure) 490M->254M(852M) 1.611ms
[671.486s][info ][gc,cpu       ] GC(246) User=0.01s Sys=0.00s Real=0.00s
[671.486s][info ][safepoint    ] Leaving safepoint region
[671.486s][info ][safepoint    ] Total time for which application threads were stopped: 0.0020166 seconds, Stopping threads took: 0.0000180 seconds
[672.486s][info ][safepoint    ] Application time: 1.0001250 seconds
[672.486s][info ][safepoint    ] Entering safepoint region: Cleanup
[672.486s][info ][safepoint    ] Leaving safepoint region
[672.486s][info ][safepoint    ] Total time for which application threads were stopped: 0.0000727 seconds, Stopping threads took: 0.0000164 seconds
[673.486s][info ][safepoint    ] Application time: 1.0001115 seconds
[673.486s][info ][safepoint    ] Entering safepoint region: Cleanup
[673.486s][info ][safepoint    ] Leaving safepoint region
[673.486s][info ][safepoint    ] Total time for which application threads were stopped: 0.0001613 seconds, Stopping threads took: 0.0000236 seconds
[674.487s][info ][safepoint    ] Application time: 1.0000980 seconds
[674.487s][info ][safepoint    ] Entering safepoint region: Cleanup
[674.487s][info ][safepoint    ] Leaving safepoint region
[674.487s][info ][safepoint    ] Total time for which application threads were stopped: 0.0000749 seconds, Stopping threads took: 0.0000175 seconds
[674.933s][info ][safepoint    ] Application time: 0.4462269 seconds
[674.933s][info ][safepoint    ] Entering safepoint region: GenCollectForAllocation
[674.933s][info ][gc,start     ] GC(247) Pause Young (Allocation Failure)
[674.933s][info ][gc,task      ] GC(247) Using 4 workers of 4 for evacuation
[674.935s][debug][gc,ref       ] GC(247) Skipped phase1 of Reference Processing due to unavailable references
[674.935s][debug][gc,ref       ] GC(247) Skipped phase2 of Reference Processing due to unavailable references
[674.935s][debug][gc,ref       ] GC(247) Skipped phase3 of Reference Processing due to unavailable references
[674.935s][debug][gc,ref       ] GC(247) Skipped phase4 of Reference Processing due to unavailable references
[674.935s][debug][gc,age       ] GC(247) Desired survivor size 15400960 bytes, new threshold 6 (max threshold 6)
[674.935s][info ][gc,heap      ] GC(247) ParNew: 241010K->155K(270976K)
[674.935s][info ][gc,heap      ] GC(247) CMS: 260971K->260971K(602112K)
[674.935s][info ][gc,metaspace ] GC(247) Metaspace: 54161K->54161K(1097728K)
[674.935s][info ][gc           ] GC(247) Pause Young (Allocation Failure) 490M->255M(852M) 2.238ms
[674.935s][info ][gc,cpu       ] GC(247) User=0.00s Sys=0.01s Real=0.00s
[674.935s][info ][safepoint    ] Leaving safepoint region
[674.935s][info ][safepoint    ] Total time for which application threads were stopped: 0.0023872 seconds, Stopping threads took: 0.0000176 seconds
[675.935s][info ][safepoint    ] Application time: 1.0000891 seconds
[675.935s][info ][safepoint    ] Entering safepoint region: Cleanup
[675.936s][info ][safepoint    ] Leaving safepoint region
[675.936s][info ][safepoint    ] Total time for which application threads were stopped: 0.0001287 seconds, Stopping threads took: 0.0000603 seconds
[676.936s][info ][safepoint    ] Application time: 1.0000996 seconds
[676.936s][info ][safepoint    ] Entering safepoint region: Cleanup
[676.936s][info ][safepoint    ] Leaving safepoint region
[676.936s][info ][safepoint    ] Total time for which application threads were stopped: 0.0000902 seconds, Stopping threads took: 0.0000321 seconds
[677.936s][info ][safepoint    ] Application time: 1.0000917 seconds
[677.936s][info ][safepoint    ] Entering safepoint region: Cleanup
[677.936s][info ][safepoint    ] Leaving safepoint region
[677.936s][info ][safepoint    ] Total time for which application threads were stopped: 0.0000790 seconds, Stopping threads took: 0.0000180 seconds
[678.382s][info ][safepoint    ] Application time: 0.4460780 seconds
[678.382s][info ][safepoint    ] Entering safepoint region: GenCollectForAllocation
[678.382s][info ][gc,start     ] GC(248) Pause Young (Allocation Failure)
[678.382s][info ][gc,task      ] GC(248) Using 4 workers of 4 for evacuation
[678.384s][debug][gc,ref       ] GC(248) Skipped phase1 of Reference Processing due to unavailable references
[678.384s][debug][gc,ref       ] GC(248) Skipped phase2 of Reference Processing due to unavailable references
[678.384s][debug][gc,ref       ] GC(248) Skipped phase3 of Reference Processing due to unavailable references
[678.384s][debug][gc,ref       ] GC(248) Skipped phase4 of Reference Processing due to unavailable references
[678.384s][debug][gc,age       ] GC(248) Desired survivor size 15400960 bytes, new threshold 6 (max threshold 6)
[678.384s][info ][gc,heap      ] GC(248) ParNew: 241051K->99K(270976K)
[678.384s][info ][gc,heap      ] GC(248) CMS: 260971K->260971K(602112K)
[678.384s][info ][gc,metaspace ] GC(248) Metaspace: 54161K->54161K(1097728K)
[678.384s][info ][gc           ] GC(248) Pause Young (Allocation Failure) 490M->254M(852M) 1.624ms
[678.384s][info ][gc,cpu       ] GC(248) User=0.01s Sys=0.00s Real=0.00s
[678.384s][info ][safepoint    ] Leaving safepoint region
[678.384s][info ][safepoint    ] Total time for which application threads were stopped: 0.0017638 seconds, Stopping threads took: 0.0000166 seconds
[679.384s][info ][safepoint    ] Application time: 1.0000780 seconds
[679.384s][info ][safepoint    ] Entering safepoint region: Cleanup
[679.384s][info ][safepoint    ] Leaving safepoint region
[679.384s][info ][safepoint    ] Total time for which application threads were stopped: 0.0000824 seconds, Stopping threads took: 0.0000179 seconds
[680.384s][info ][safepoint    ] Application time: 1.0000855 seconds
[680.384s][info ][safepoint    ] Entering safepoint region: Cleanup
[680.384s][info ][safepoint    ] Leaving safepoint region
[680.384s][info ][safepoint    ] Total time for which application threads were stopped: 0.0001264 seconds, Stopping threads took: 0.0000425 seconds
[681.385s][info ][safepoint    ] Application time: 1.0000864 seconds
[681.385s][info ][safepoint    ] Entering safepoint region: Cleanup
[681.385s][info ][safepoint    ] Leaving safepoint region
[681.385s][info ][safepoint    ] Total time for which application threads were stopped: 0.0001354 seconds, Stopping threads took: 0.0000595 seconds
[681.831s][info ][safepoint    ] Application time: 0.4458139 seconds
[681.831s][info ][safepoint    ] Entering safepoint region: GenCollectForAllocation
[681.831s][info ][gc,start     ] GC(249) Pause Young (Allocation Failure)
[681.831s][info ][gc,task      ] GC(249) Using 4 workers of 4 for evacuation
[681.832s][debug][gc,ref       ] GC(249) Skipped phase1 of Reference Processing due to unavailable references
[681.832s][debug][gc,ref       ] GC(249) Skipped phase2 of Reference Processing due to unavailable references
[681.832s][debug][gc,ref       ] GC(249) Skipped phase3 of Reference Processing due to unavailable references
[681.832s][debug][gc,ref       ] GC(249) Skipped phase4 of Reference Processing due to unavailable references
[681.832s][debug][gc,age       ] GC(249) Desired survivor size 15400960 bytes, new threshold 6 (max threshold 6)
[681.832s][info ][gc,heap      ] GC(249) ParNew: 240995K->45K(270976K)
[681.832s][info ][gc,heap      ] GC(249) CMS: 260971K->260971K(602112K)
[681.832s][info ][gc,metaspace ] GC(249) Metaspace: 54161K->54161K(1097728K)
[681.832s][info ][gc           ] GC(249) Pause Young (Allocation Failure) 490M->254M(852M) 1.595ms
[681.832s][info ][gc,cpu       ] GC(249) User=0.01s Sys=0.00s Real=0.01s
[681.832s][info ][safepoint    ] Leaving safepoint region
[681.832s][info ][safepoint    ] Total time for which application threads were stopped: 0.0017480 seconds, Stopping threads took: 0.0000183 seconds
[682.832s][info ][safepoint    ] Application time: 1.0000946 seconds
[682.832s][info ][safepoint    ] Entering safepoint region: Cleanup
[682.833s][info ][safepoint    ] Leaving safepoint region
[682.833s][info ][safepoint    ] Total time for which application threads were stopped: 0.0001101 seconds, Stopping threads took: 0.0000384 seconds
[683.833s][info ][safepoint    ] Application time: 1.0000906 seconds
[683.833s][info ][safepoint    ] Entering safepoint region: Cleanup
[683.833s][info ][safepoint    ] Leaving safepoint region
[683.833s][info ][safepoint    ] Total time for which application threads were stopped: 0.0001129 seconds, Stopping threads took: 0.0000463 seconds
[684.833s][info ][safepoint    ] Application time: 1.0000884 seconds
[684.833s][info ][safepoint    ] Entering safepoint region: Cleanup
[684.833s][info ][safepoint    ] Leaving safepoint region
[684.833s][info ][safepoint    ] Total time for which application threads were stopped: 0.0001185 seconds, Stopping threads took: 0.0000383 seconds
[685.234s][info ][safepoint    ] Application time: 0.4011840 seconds
[685.234s][info ][safepoint    ] Entering safepoint region: GenCollectForAllocation
[685.234s][info ][gc,start     ] GC(250) Pause Young (Allocation Failure)
[685.234s][info ][gc,task      ] GC(250) Using 4 workers of 4 for evacuation
[685.236s][debug][gc,ref       ] GC(250) Skipped phase1 of Reference Processing due to unavailable references
[685.236s][debug][gc,ref       ] GC(250) Skipped phase2 of Reference Processing due to unavailable references
[685.236s][debug][gc,ref       ] GC(250) Skipped phase3 of Reference Processing due to unavailable references
[685.236s][debug][gc,ref       ] GC(250) Skipped phase4 of Reference Processing due to unavailable references
[685.236s][debug][gc,age       ] GC(250) Desired survivor size 15400960 bytes, new threshold 6 (max threshold 6)
[685.236s][info ][gc,heap      ] GC(250) ParNew: 240941K->123K(270976K)
[685.236s][info ][gc,heap      ] GC(250) CMS: 260971K->260971K(602112K)
[685.236s][info ][gc,metaspace ] GC(250) Metaspace: 54161K->54161K(1097728K)
[685.236s][info ][gc           ] GC(250) Pause Young (Allocation Failure) 490M->254M(852M) 1.630ms
[685.236s][info ][gc,cpu       ] GC(250) User=0.01s Sys=0.00s Real=0.00s
[685.236s][info ][safepoint    ] Leaving safepoint region
[685.236s][info ][safepoint    ] Total time for which application threads were stopped: 0.0017960 seconds, Stopping threads took: 0.0000173 seconds
[686.236s][info ][safepoint    ] Application time: 1.0001079 seconds
[686.236s][info ][safepoint    ] Entering safepoint region: Cleanup
[686.236s][info ][safepoint    ] Leaving safepoint region
[686.236s][info ][safepoint    ] Total time for which application threads were stopped: 0.0000816 seconds, Stopping threads took: 0.0000268 seconds
[687.236s][info ][safepoint    ] Application time: 1.0000757 seconds
[687.236s][info ][safepoint    ] Entering safepoint region: Cleanup
[687.237s][info ][safepoint    ] Leaving safepoint region
[687.237s][info ][safepoint    ] Total time for which application threads were stopped: 0.0000763 seconds, Stopping threads took: 0.0000181 seconds
[688.237s][info ][safepoint    ] Application time: 1.0000841 seconds
[688.237s][info ][safepoint    ] Entering safepoint region: Cleanup
[688.237s][info ][safepoint    ] Leaving safepoint region
[688.237s][info ][safepoint    ] Total time for which application threads were stopped: 0.0000749 seconds, Stopping threads took: 0.0000163 seconds
[688.683s][info ][safepoint    ] Application time: 0.4461983 seconds
[688.683s][info ][safepoint    ] Entering safepoint region: GenCollectForAllocation
[688.683s][info ][gc,start     ] GC(251) Pause Young (Allocation Failure)
[688.683s][info ][gc,task      ] GC(251) Using 4 workers of 4 for evacuation
[688.686s][debug][gc,ref       ] GC(251) Skipped phase1 of Reference Processing due to unavailable references
[688.686s][debug][gc,ref       ] GC(251) Skipped phase2 of Reference Processing due to unavailable references
[688.686s][debug][gc,ref       ] GC(251) Skipped phase3 of Reference Processing due to unavailable references
[688.686s][debug][gc,ref       ] GC(251) Skipped phase4 of Reference Processing due to unavailable references
[688.686s][debug][gc,age       ] GC(251) Desired survivor size 15400960 bytes, new threshold 6 (max threshold 6)
[688.686s][info ][gc,heap      ] GC(251) ParNew: 241019K->108K(270976K)
[688.686s][info ][gc,heap      ] GC(251) CMS: 260971K->260971K(602112K)
[688.686s][info ][gc,metaspace ] GC(251) Metaspace: 54161K->54161K(1097728K)
[688.686s][info ][gc           ] GC(251) Pause Young (Allocation Failure) 490M->254M(852M) 3.070ms
[688.686s][info ][gc,cpu       ] GC(251) User=0.01s Sys=0.00s Real=0.00s
[688.686s][info ][safepoint    ] Leaving safepoint region
[688.686s][info ][safepoint    ] Total time for which application threads were stopped: 0.0032562 seconds, Stopping threads took: 0.0000543 seconds
[689.686s][info ][safepoint    ] Application time: 1.0000910 seconds
[689.686s][info ][safepoint    ] Entering safepoint region: Cleanup
[689.686s][info ][safepoint    ] Leaving safepoint region
[689.686s][info ][safepoint    ] Total time for which application threads were stopped: 0.0000719 seconds, Stopping threads took: 0.0000177 seconds
[690.686s][info ][safepoint    ] Application time: 1.0000582 seconds
[690.687s][info ][safepoint    ] Entering safepoint region: Cleanup
[690.687s][info ][safepoint    ] Leaving safepoint region
[690.687s][info ][safepoint    ] Total time for which application threads were stopped: 0.0000925 seconds, Stopping threads took: 0.0000366 seconds
[691.687s][info ][safepoint    ] Application time: 1.0000848 seconds
[691.687s][info ][safepoint    ] Entering safepoint region: Cleanup
[691.687s][info ][safepoint    ] Leaving safepoint region
[691.687s][info ][safepoint    ] Total time for which application threads were stopped: 0.0000988 seconds, Stopping threads took: 0.0000319 seconds
[692.132s][info ][safepoint    ] Application time: 0.4455167 seconds
[692.132s][info ][safepoint    ] Entering safepoint region: GenCollectForAllocation
[692.133s][info ][gc,start     ] GC(252) Pause Young (Allocation Failure)
[692.133s][info ][gc,task      ] GC(252) Using 4 workers of 4 for evacuation
[692.134s][debug][gc,ref       ] GC(252) Skipped phase1 of Reference Processing due to unavailable references
[692.134s][debug][gc,ref       ] GC(252) Skipped phase2 of Reference Processing due to unavailable references
[692.134s][debug][gc,ref       ] GC(252) Skipped phase3 of Reference Processing due to unavailable references
[692.134s][debug][gc,ref       ] GC(252) Skipped phase4 of Reference Processing due to unavailable references
[692.135s][debug][gc,age       ] GC(252) Desired survivor size 15400960 bytes, new threshold 6 (max threshold 6)
[692.135s][info ][gc,heap      ] GC(252) ParNew: 241004K->167K(270976K)
[692.135s][info ][gc,heap      ] GC(252) CMS: 260971K->260971K(602112K)
[692.135s][info ][gc,metaspace ] GC(252) Metaspace: 54161K->54161K(1097728K)
[692.135s][info ][gc           ] GC(252) Pause Young (Allocation Failure) 490M->255M(852M) 2.127ms
[692.135s][info ][gc,cpu       ] GC(252) User=0.01s Sys=0.00s Real=0.00s
[692.135s][info ][safepoint    ] Leaving safepoint region
[692.135s][info ][safepoint    ] Total time for which application threads were stopped: 0.0022886 seconds, Stopping threads took: 0.0000166 seconds
[693.135s][info ][safepoint    ] Application time: 1.0000917 seconds
[693.135s][info ][safepoint    ] Entering safepoint region: Cleanup
[693.135s][info ][safepoint    ] Leaving safepoint region
[693.135s][info ][safepoint    ] Total time for which application threads were stopped: 0.0001084 seconds, Stopping threads took: 0.0000489 seconds
[694.135s][info ][safepoint    ] Application time: 1.0001153 seconds
[694.135s][info ][safepoint    ] Entering safepoint region: Cleanup
[694.135s][info ][safepoint    ] Leaving safepoint region
[694.135s][info ][safepoint    ] Total time for which application threads were stopped: 0.0000748 seconds, Stopping threads took: 0.0000176 seconds
[695.135s][info ][safepoint    ] Application time: 1.0000677 seconds
[695.135s][info ][safepoint    ] Entering safepoint region: Cleanup
[695.135s][info ][safepoint    ] Leaving safepoint region
[695.135s][info ][safepoint    ] Total time for which application threads were stopped: 0.0000885 seconds, Stopping threads took: 0.0000296 seconds
[695.581s][info ][safepoint    ] Application time: 0.4457637 seconds
[695.581s][info ][safepoint    ] Entering safepoint region: GenCollectForAllocation
[695.581s][info ][gc,start     ] GC(253) Pause Young (Allocation Failure)
[695.581s][info ][gc,task      ] GC(253) Using 4 workers of 4 for evacuation
[695.583s][debug][gc,ref       ] GC(253) Skipped phase1 of Reference Processing due to unavailable references
[695.583s][debug][gc,ref       ] GC(253) Skipped phase2 of Reference Processing due to unavailable references
[695.583s][debug][gc,ref       ] GC(253) Skipped phase3 of Reference Processing due to unavailable references
[695.583s][debug][gc,ref       ] GC(253) Skipped phase4 of Reference Processing due to unavailable references
[695.583s][debug][gc,age       ] GC(253) Desired survivor size 15400960 bytes, new threshold 6 (max threshold 6)
[695.583s][info ][gc,heap      ] GC(253) ParNew: 241063K->99K(270976K)
[695.583s][info ][gc,heap      ] GC(253) CMS: 260971K->260971K(602112K)
[695.583s][info ][gc,metaspace ] GC(253) Metaspace: 54161K->54161K(1097728K)
[695.583s][info ][gc           ] GC(253) Pause Young (Allocation Failure) 490M->254M(852M) 1.975ms
[695.583s][info ][gc,cpu       ] GC(253) User=0.01s Sys=0.00s Real=0.00s
[695.583s][info ][safepoint    ] Leaving safepoint region
[695.583s][info ][safepoint    ] Total time for which application threads were stopped: 0.0021272 seconds, Stopping threads took: 0.0000179 seconds
[696.583s][info ][safepoint    ] Application time: 1.0001048 seconds
[696.584s][info ][safepoint    ] Entering safepoint region: Cleanup
[696.584s][info ][safepoint    ] Leaving safepoint region
[696.584s][info ][safepoint    ] Total time for which application threads were stopped: 0.0001130 seconds, Stopping threads took: 0.0000383 seconds
[697.584s][info ][safepoint    ] Application time: 1.0000962 seconds
[697.584s][info ][safepoint    ] Entering safepoint region: Cleanup
[697.584s][info ][safepoint    ] Leaving safepoint region
[697.584s][info ][safepoint    ] Total time for which application threads were stopped: 0.0001133 seconds, Stopping threads took: 0.0000378 seconds
[698.584s][info ][safepoint    ] Application time: 1.0000932 seconds
[698.584s][info ][safepoint    ] Entering safepoint region: Cleanup
[698.584s][info ][safepoint    ] Leaving safepoint region
[698.584s][info ][safepoint    ] Total time for which application threads were stopped: 0.0001056 seconds, Stopping threads took: 0.0000374 seconds
[698.984s][info ][safepoint    ] Application time: 0.4002469 seconds
[698.984s][info ][safepoint    ] Entering safepoint region: GenCollectForAllocation
[698.984s][info ][gc,start     ] GC(254) Pause Young (Allocation Failure)
[698.985s][info ][gc,task      ] GC(254) Using 4 workers of 4 for evacuation
[698.986s][debug][gc,ref       ] GC(254) Skipped phase1 of Reference Processing due to unavailable references
[698.986s][debug][gc,ref       ] GC(254) Skipped phase2 of Reference Processing due to unavailable references
[698.986s][debug][gc,ref       ] GC(254) Skipped phase3 of Reference Processing due to unavailable references
[698.986s][debug][gc,ref       ] GC(254) Skipped phase4 of Reference Processing due to unavailable references
[698.986s][debug][gc,age       ] GC(254) Desired survivor size 15400960 bytes, new threshold 6 (max threshold 6)
[698.986s][info ][gc,heap      ] GC(254) ParNew: 240995K->30K(270976K)
[698.986s][info ][gc,heap      ] GC(254) CMS: 260971K->260971K(602112K)
[698.986s][info ][gc,metaspace ] GC(254) Metaspace: 54161K->54161K(1097728K)
[698.986s][info ][gc           ] GC(254) Pause Young (Allocation Failure) 490M->254M(852M) 1.552ms
[698.986s][info ][gc,cpu       ] GC(254) User=0.00s Sys=0.00s Real=0.00s
[698.986s][info ][safepoint    ] Leaving safepoint region
[698.986s][info ][safepoint    ] Total time for which application threads were stopped: 0.0017030 seconds, Stopping threads took: 0.0000174 seconds
[699.986s][info ][safepoint    ] Application time: 1.0001339 seconds
[699.986s][info ][safepoint    ] Entering safepoint region: Cleanup
[699.986s][info ][safepoint    ] Leaving safepoint region
[699.986s][info ][safepoint    ] Total time for which application threads were stopped: 0.0000742 seconds, Stopping threads took: 0.0000173 seconds
[700.986s][info ][safepoint    ] Application time: 1.0000380 seconds
[700.986s][info ][safepoint    ] Entering safepoint region: Cleanup
[700.987s][info ][safepoint    ] Leaving safepoint region
[700.987s][info ][safepoint    ] Total time for which application threads were stopped: 0.0000914 seconds, Stopping threads took: 0.0000174 seconds
[701.987s][info ][safepoint    ] Application time: 1.0000981 seconds
[701.987s][info ][safepoint    ] Entering safepoint region: Cleanup
[701.987s][info ][safepoint    ] Leaving safepoint region
[701.987s][info ][safepoint    ] Total time for which application threads were stopped: 0.0000752 seconds, Stopping threads took: 0.0000184 seconds
[702.433s][info ][safepoint    ] Application time: 0.4464484 seconds
[702.433s][info ][safepoint    ] Entering safepoint region: GenCollectForAllocation
[702.433s][info ][gc,start     ] GC(255) Pause Young (Allocation Failure)
[702.433s][info ][gc,task      ] GC(255) Using 4 workers of 4 for evacuation
[702.436s][debug][gc,ref       ] GC(255) Skipped phase1 of Reference Processing due to unavailable references
[702.436s][debug][gc,ref       ] GC(255) Skipped phase2 of Reference Processing due to unavailable references
[702.436s][debug][gc,ref       ] GC(255) Skipped phase3 of Reference Processing due to unavailable references
[702.436s][debug][gc,ref       ] GC(255) Skipped phase4 of Reference Processing due to unavailable references
[702.436s][debug][gc,age       ] GC(255) Desired survivor size 15400960 bytes, new threshold 6 (max threshold 6)
[702.436s][info ][gc,heap      ] GC(255) ParNew: 240926K->33K(270976K)
[702.436s][info ][gc,heap      ] GC(255) CMS: 260971K->260971K(602112K)
[702.436s][info ][gc,metaspace ] GC(255) Metaspace: 54161K->54161K(1097728K)
[702.436s][info ][gc           ] GC(255) Pause Young (Allocation Failure) 490M->254M(852M) 2.364ms
[702.436s][info ][gc,cpu       ] GC(255) User=0.01s Sys=0.00s Real=0.00s
[702.436s][info ][safepoint    ] Leaving safepoint region
[702.436s][info ][safepoint    ] Total time for which application threads were stopped: 0.0025135 seconds, Stopping threads took: 0.0000174 seconds
[703.436s][info ][safepoint    ] Application time: 1.0000849 seconds
[703.436s][info ][safepoint    ] Entering safepoint region: Cleanup
[703.436s][info ][safepoint    ] Leaving safepoint region
[703.436s][info ][safepoint    ] Total time for which application threads were stopped: 0.0000865 seconds, Stopping threads took: 0.0000158 seconds
[704.436s][info ][safepoint    ] Application time: 1.0000856 seconds
[704.436s][info ][safepoint    ] Entering safepoint region: Cleanup
[704.436s][info ][safepoint    ] Leaving safepoint region
[704.436s][info ][safepoint    ] Total time for which application threads were stopped: 0.0000713 seconds, Stopping threads took: 0.0000165 seconds
[705.436s][info ][safepoint    ] Application time: 1.0000587 seconds
[705.436s][info ][safepoint    ] Entering safepoint region: Cleanup
[705.436s][info ][safepoint    ] Leaving safepoint region
[705.436s][info ][safepoint    ] Total time for which application threads were stopped: 0.0000713 seconds, Stopping threads took: 0.0000164 seconds
[705.882s][info ][safepoint    ] Application time: 0.4461107 seconds
[705.882s][info ][safepoint    ] Entering safepoint region: GenCollectForAllocation
[705.883s][info ][gc,start     ] GC(256) Pause Young (Allocation Failure)
[705.883s][info ][gc,task      ] GC(256) Using 4 workers of 4 for evacuation
[705.884s][debug][gc,ref       ] GC(256) Skipped phase1 of Reference Processing due to unavailable references
[705.884s][debug][gc,ref       ] GC(256) Skipped phase2 of Reference Processing due to unavailable references
[705.884s][debug][gc,ref       ] GC(256) Skipped phase3 of Reference Processing due to unavailable references
[705.884s][debug][gc,ref       ] GC(256) Skipped phase4 of Reference Processing due to unavailable references
[705.884s][debug][gc,age       ] GC(256) Desired survivor size 15400960 bytes, new threshold 6 (max threshold 6)
[705.884s][info ][gc,heap      ] GC(256) ParNew: 240929K->138K(270976K)
[705.884s][info ][gc,heap      ] GC(256) CMS: 260971K->260972K(602112K)
[705.884s][info ][gc,metaspace ] GC(256) Metaspace: 54161K->54161K(1097728K)
[705.884s][info ][gc           ] GC(256) Pause Young (Allocation Failure) 490M->254M(852M) 1.651ms
[705.884s][info ][gc,cpu       ] GC(256) User=0.01s Sys=0.00s Real=0.00s
[705.884s][info ][safepoint    ] Leaving safepoint region
[705.884s][info ][safepoint    ] Total time for which application threads were stopped: 0.0018058 seconds, Stopping threads took: 0.0000185 seconds
[706.884s][info ][safepoint    ] Application time: 1.0000943 seconds
[706.885s][info ][safepoint    ] Entering safepoint region: Cleanup
[706.885s][info ][safepoint    ] Leaving safepoint region
[706.885s][info ][safepoint    ] Total time for which application threads were stopped: 0.0002112 seconds, Stopping threads took: 0.0000979 seconds
[707.885s][info ][safepoint    ] Application time: 1.0000841 seconds
[707.885s][info ][safepoint    ] Entering safepoint region: Cleanup
[707.885s][info ][safepoint    ] Leaving safepoint region
[707.885s][info ][safepoint    ] Total time for which application threads were stopped: 0.0001188 seconds, Stopping threads took: 0.0000380 seconds
[708.885s][info ][safepoint    ] Application time: 1.0001166 seconds
[708.885s][info ][safepoint    ] Entering safepoint region: Cleanup
[708.885s][info ][safepoint    ] Leaving safepoint region
[708.885s][info ][safepoint    ] Total time for which application threads were stopped: 0.0000789 seconds, Stopping threads took: 0.0000179 seconds
[709.331s][info ][safepoint    ] Application time: 0.4463151 seconds
[709.331s][info ][safepoint    ] Entering safepoint region: GenCollectForAllocation
[709.332s][info ][gc,start     ] GC(257) Pause Young (Allocation Failure)
[709.332s][info ][gc,task      ] GC(257) Using 4 workers of 4 for evacuation
[709.333s][debug][gc,ref       ] GC(257) Skipped phase1 of Reference Processing due to unavailable references
[709.333s][debug][gc,ref       ] GC(257) Skipped phase2 of Reference Processing due to unavailable references
[709.333s][debug][gc,ref       ] GC(257) Skipped phase3 of Reference Processing due to unavailable references
[709.333s][debug][gc,ref       ] GC(257) Skipped phase4 of Reference Processing due to unavailable references
[709.333s][debug][gc,age       ] GC(257) Desired survivor size 15400960 bytes, new threshold 6 (max threshold 6)
[709.333s][info ][gc,heap      ] GC(257) ParNew: 241034K->99K(270976K)
[709.333s][info ][gc,heap      ] GC(257) CMS: 260972K->260972K(602112K)
[709.333s][info ][gc,metaspace ] GC(257) Metaspace: 54161K->54161K(1097728K)
[709.333s][info ][gc           ] GC(257) Pause Young (Allocation Failure) 490M->254M(852M) 1.531ms
[709.333s][info ][gc,cpu       ] GC(257) User=0.01s Sys=0.00s Real=0.00s
[709.333s][info ][safepoint    ] Leaving safepoint region
[709.333s][info ][safepoint    ] Total time for which application threads were stopped: 0.0016798 seconds, Stopping threads took: 0.0000181 seconds
[710.333s][info ][safepoint    ] Application time: 1.0000837 seconds
[710.333s][info ][safepoint    ] Entering safepoint region: Cleanup
[710.333s][info ][safepoint    ] Leaving safepoint region
[710.333s][info ][safepoint    ] Total time for which application threads were stopped: 0.0001118 seconds, Stopping threads took: 0.0000398 seconds
[711.333s][info ][safepoint    ] Application time: 1.0000954 seconds
[711.334s][info ][safepoint    ] Entering safepoint region: Cleanup
[711.334s][info ][safepoint    ] Leaving safepoint region
[711.334s][info ][safepoint    ] Total time for which application threads were stopped: 0.0001154 seconds, Stopping threads took: 0.0000490 seconds
[712.334s][info ][safepoint    ] Application time: 1.0000987 seconds
[712.334s][info ][safepoint    ] Entering safepoint region: Cleanup
[712.334s][info ][safepoint    ] Leaving safepoint region
[712.334s][info ][safepoint    ] Total time for which application threads were stopped: 0.0001150 seconds, Stopping threads took: 0.0000431 seconds
[712.735s][info ][safepoint    ] Application time: 0.4006660 seconds
[712.735s][info ][safepoint    ] Entering safepoint region: GenCollectForAllocation
[712.735s][info ][gc,start     ] GC(258) Pause Young (Allocation Failure)
[712.735s][info ][gc,task      ] GC(258) Using 4 workers of 4 for evacuation
[712.736s][debug][gc,ref       ] GC(258) Skipped phase1 of Reference Processing due to unavailable references
[712.736s][debug][gc,ref       ] GC(258) Skipped phase2 of Reference Processing due to unavailable references
[712.736s][debug][gc,ref       ] GC(258) Skipped phase3 of Reference Processing due to unavailable references
[712.736s][debug][gc,ref       ] GC(258) Skipped phase4 of Reference Processing due to unavailable references
[712.736s][debug][gc,age       ] GC(258) Desired survivor size 15400960 bytes, new threshold 6 (max threshold 6)
[712.736s][info ][gc,heap      ] GC(258) ParNew: 240995K->29K(270976K)
[712.736s][info ][gc,heap      ] GC(258) CMS: 260972K->260972K(602112K)
[712.736s][info ][gc,metaspace ] GC(258) Metaspace: 54161K->54161K(1097728K)
[712.736s][info ][gc           ] GC(258) Pause Young (Allocation Failure) 490M->254M(852M) 1.589ms
[712.736s][info ][gc,cpu       ] GC(258) User=0.01s Sys=0.00s Real=0.00s
[712.736s][info ][safepoint    ] Leaving safepoint region
[712.736s][info ][safepoint    ] Total time for which application threads were stopped: 0.0017305 seconds, Stopping threads took: 0.0000182 seconds
[713.736s][info ][safepoint    ] Application time: 1.0001263 seconds
[713.737s][info ][safepoint    ] Entering safepoint region: Cleanup
[713.737s][info ][safepoint    ] Leaving safepoint region
[713.737s][info ][safepoint    ] Total time for which application threads were stopped: 0.0000692 seconds, Stopping threads took: 0.0000166 seconds
[714.737s][info ][safepoint    ] Application time: 1.0000796 seconds
[714.737s][info ][safepoint    ] Entering safepoint region: Cleanup
[714.737s][info ][safepoint    ] Leaving safepoint region
[714.737s][info ][safepoint    ] Total time for which application threads were stopped: 0.0000916 seconds, Stopping threads took: 0.0000170 seconds
[715.737s][info ][safepoint    ] Application time: 1.0000938 seconds
[715.737s][info ][safepoint    ] Entering safepoint region: Cleanup
[715.737s][info ][safepoint    ] Leaving safepoint region
[715.737s][info ][safepoint    ] Total time for which application threads were stopped: 0.0000907 seconds, Stopping threads took: 0.0000169 seconds
[716.183s][info ][safepoint    ] Application time: 0.4463402 seconds
[716.183s][info ][safepoint    ] Entering safepoint region: GenCollectForAllocation
[716.184s][info ][gc,start     ] GC(259) Pause Young (Allocation Failure)
[716.184s][info ][gc,task      ] GC(259) Using 4 workers of 4 for evacuation
[716.185s][debug][gc,ref       ] GC(259) Skipped phase1 of Reference Processing due to unavailable references
[716.185s][debug][gc,ref       ] GC(259) Skipped phase2 of Reference Processing due to unavailable references
[716.185s][debug][gc,ref       ] GC(259) Skipped phase3 of Reference Processing due to unavailable references
[716.185s][debug][gc,ref       ] GC(259) Skipped phase4 of Reference Processing due to unavailable references
[716.185s][debug][gc,age       ] GC(259) Desired survivor size 15400960 bytes, new threshold 6 (max threshold 6)
[716.185s][info ][gc,heap      ] GC(259) ParNew: 240925K->130K(270976K)
[716.185s][info ][gc,heap      ] GC(259) CMS: 260972K->260972K(602112K)
[716.185s][info ][gc,metaspace ] GC(259) Metaspace: 54161K->54161K(1097728K)
[716.185s][info ][gc           ] GC(259) Pause Young (Allocation Failure) 490M->254M(852M) 1.600ms
[716.185s][info ][gc,cpu       ] GC(259) User=0.01s Sys=0.00s Real=0.00s
[716.185s][info ][safepoint    ] Leaving safepoint region
[716.185s][info ][safepoint    ] Total time for which application threads were stopped: 0.0017539 seconds, Stopping threads took: 0.0000175 seconds
[717.185s][info ][safepoint    ] Application time: 1.0000881 seconds
[717.186s][info ][safepoint    ] Entering safepoint region: Cleanup
[717.186s][info ][safepoint    ] Leaving safepoint region
[717.186s][info ][safepoint    ] Total time for which application threads were stopped: 0.0004474 seconds, Stopping threads took: 0.0003653 seconds
[718.186s][info ][safepoint    ] Application time: 1.0002879 seconds
[718.186s][info ][safepoint    ] Entering safepoint region: Cleanup
[718.186s][info ][safepoint    ] Leaving safepoint region
[718.186s][info ][safepoint    ] Total time for which application threads were stopped: 0.0000767 seconds, Stopping threads took: 0.0000204 seconds
[719.186s][info ][safepoint    ] Application time: 1.0000424 seconds
[719.186s][info ][safepoint    ] Entering safepoint region: Cleanup
[719.186s][info ][safepoint    ] Leaving safepoint region
[719.186s][info ][safepoint    ] Total time for which application threads were stopped: 0.0000846 seconds, Stopping threads took: 0.0000174 seconds
[719.633s][info ][safepoint    ] Application time: 0.4465844 seconds
[719.633s][info ][safepoint    ] Entering safepoint region: GenCollectForAllocation
[719.633s][info ][gc,start     ] GC(260) Pause Young (Allocation Failure)
[719.633s][info ][gc,task      ] GC(260) Using 4 workers of 4 for evacuation
[719.634s][debug][gc,ref       ] GC(260) Skipped phase1 of Reference Processing due to unavailable references
[719.635s][debug][gc,ref       ] GC(260) Skipped phase2 of Reference Processing due to unavailable references
[719.635s][debug][gc,ref       ] GC(260) Skipped phase3 of Reference Processing due to unavailable references
[719.635s][debug][gc,ref       ] GC(260) Skipped phase4 of Reference Processing due to unavailable references
[719.635s][debug][gc,age       ] GC(260) Desired survivor size 15400960 bytes, new threshold 6 (max threshold 6)
[719.635s][info ][gc,heap      ] GC(260) ParNew: 241026K->163K(270976K)
[719.635s][info ][gc,heap      ] GC(260) CMS: 260972K->260972K(602112K)
[719.635s][info ][gc,metaspace ] GC(260) Metaspace: 54161K->54161K(1097728K)
[719.635s][info ][gc           ] GC(260) Pause Young (Allocation Failure) 490M->255M(852M) 1.616ms
[719.635s][info ][gc,cpu       ] GC(260) User=0.00s Sys=0.00s Real=0.00s
[719.635s][info ][safepoint    ] Leaving safepoint region
[719.635s][info ][safepoint    ] Total time for which application threads were stopped: 0.0017811 seconds, Stopping threads took: 0.0000170 seconds
[720.609s][info ][safepoint    ] Application time: 0.9740124 seconds
[720.609s][info ][safepoint    ] Entering safepoint region: RevokeBias
[720.609s][info ][safepoint    ] Leaving safepoint region
[720.609s][info ][safepoint    ] Total time for which application threads were stopped: 0.0000929 seconds, Stopping threads took: 0.0000296 seconds
[723.082s][info ][safepoint    ] Application time: 2.4729933 seconds
[723.082s][info ][safepoint    ] Entering safepoint region: GenCollectForAllocation
[723.082s][info ][gc,start     ] GC(261) Pause Young (Allocation Failure)
[723.082s][info ][gc,task      ] GC(261) Using 4 workers of 4 for evacuation
[723.084s][debug][gc,ref       ] GC(261) Skipped phase1 of Reference Processing due to unavailable references
[723.084s][debug][gc,ref       ] GC(261) Skipped phase2 of Reference Processing due to unavailable references
[723.084s][debug][gc,ref       ] GC(261) Skipped phase3 of Reference Processing due to unavailable references
[723.084s][debug][gc,ref       ] GC(261) Skipped phase4 of Reference Processing due to unavailable references
[723.084s][debug][gc,age       ] GC(261) Desired survivor size 15400960 bytes, new threshold 6 (max threshold 6)
[723.084s][info ][gc,heap      ] GC(261) ParNew: 241059K->126K(270976K)
[723.084s][info ][gc,heap      ] GC(261) CMS: 260972K->260972K(602112K)
[723.084s][info ][gc,metaspace ] GC(261) Metaspace: 54161K->54161K(1097728K)
[723.084s][info ][gc           ] GC(261) Pause Young (Allocation Failure) 490M->254M(852M) 1.681ms
[723.084s][info ][gc,cpu       ] GC(261) User=0.01s Sys=0.00s Real=0.00s
[723.084s][info ][safepoint    ] Leaving safepoint region
[723.084s][info ][safepoint    ] Total time for which application threads were stopped: 0.0018456 seconds, Stopping threads took: 0.0000179 seconds
[726.530s][info ][safepoint    ] Application time: 3.4461389 seconds
[726.530s][info ][safepoint    ] Entering safepoint region: GenCollectForAllocation
[726.530s][info ][gc,start     ] GC(262) Pause Young (Allocation Failure)
[726.530s][info ][gc,task      ] GC(262) Using 4 workers of 4 for evacuation
[726.531s][debug][gc,ref       ] GC(262) Skipped phase1 of Reference Processing due to unavailable references
[726.532s][debug][gc,ref       ] GC(262) Skipped phase2 of Reference Processing due to unavailable references
[726.532s][debug][gc,ref       ] GC(262) Skipped phase3 of Reference Processing due to unavailable references
[726.532s][debug][gc,ref       ] GC(262) Skipped phase4 of Reference Processing due to unavailable references
[726.532s][debug][gc,age       ] GC(262) Desired survivor size 15400960 bytes, new threshold 6 (max threshold 6)
[726.532s][info ][gc,heap      ] GC(262) ParNew: 241022K->50K(270976K)
[726.532s][info ][gc,heap      ] GC(262) CMS: 260972K->260972K(602112K)
[726.532s][info ][gc,metaspace ] GC(262) Metaspace: 54161K->54161K(1097728K)
[726.532s][info ][gc           ] GC(262) Pause Young (Allocation Failure) 490M->254M(852M) 1.619ms
[726.532s][info ][gc,cpu       ] GC(262) User=0.00s Sys=0.00s Real=0.01s
[726.532s][info ][safepoint    ] Leaving safepoint region
[726.532s][info ][safepoint    ] Total time for which application threads were stopped: 0.0017688 seconds, Stopping threads took: 0.0000177 seconds
[729.936s][info ][safepoint    ] Application time: 3.4047243 seconds
[729.936s][info ][safepoint    ] Entering safepoint region: GenCollectForAllocation
[729.937s][info ][gc,start     ] GC(263) Pause Young (Allocation Failure)
[729.937s][info ][gc,task      ] GC(263) Using 4 workers of 4 for evacuation
[729.938s][debug][gc,ref       ] GC(263) Skipped phase1 of Reference Processing due to unavailable references
[729.938s][debug][gc,ref       ] GC(263) Skipped phase2 of Reference Processing due to unavailable references
[729.938s][debug][gc,ref       ] GC(263) Skipped phase3 of Reference Processing due to unavailable references
[729.938s][debug][gc,ref       ] GC(263) Skipped phase4 of Reference Processing due to unavailable references
[729.938s][debug][gc,age       ] GC(263) Desired survivor size 15400960 bytes, new threshold 6 (max threshold 6)
[729.938s][info ][gc,heap      ] GC(263) ParNew: 240946K->29K(270976K)
[729.938s][info ][gc,heap      ] GC(263) CMS: 260972K->260972K(602112K)
[729.938s][info ][gc,metaspace ] GC(263) Metaspace: 54161K->54161K(1097728K)
[729.938s][info ][gc           ] GC(263) Pause Young (Allocation Failure) 490M->254M(852M) 1.564ms
[729.938s][info ][gc,cpu       ] GC(263) User=0.01s Sys=0.00s Real=0.00s
[729.938s][info ][safepoint    ] Leaving safepoint region
[729.938s][info ][safepoint    ] Total time for which application threads were stopped: 0.0017203 seconds, Stopping threads took: 0.0000184 seconds
[733.383s][info ][safepoint    ] Application time: 3.4446116 seconds
[733.383s][info ][safepoint    ] Entering safepoint region: GenCollectForAllocation
[733.383s][info ][gc,start     ] GC(264) Pause Young (Allocation Failure)
[733.383s][info ][gc,task      ] GC(264) Using 4 workers of 4 for evacuation
[733.384s][debug][gc,ref       ] GC(264) Skipped phase1 of Reference Processing due to unavailable references
[733.384s][debug][gc,ref       ] GC(264) Skipped phase2 of Reference Processing due to unavailable references
[733.384s][debug][gc,ref       ] GC(264) Skipped phase3 of Reference Processing due to unavailable references
[733.384s][debug][gc,ref       ] GC(264) Skipped phase4 of Reference Processing due to unavailable references
[733.385s][debug][gc,age       ] GC(264) Desired survivor size 15400960 bytes, new threshold 6 (max threshold 6)
[733.385s][info ][gc,heap      ] GC(264) ParNew: 240925K->83K(270976K)
[733.385s][info ][gc,heap      ] GC(264) CMS: 260972K->260972K(602112K)
[733.385s][info ][gc,metaspace ] GC(264) Metaspace: 54161K->54161K(1097728K)
[733.385s][info ][gc           ] GC(264) Pause Young (Allocation Failure) 490M->254M(852M) 1.616ms
[733.385s][info ][gc,cpu       ] GC(264) User=0.00s Sys=0.00s Real=0.00s
[733.385s][info ][safepoint    ] Leaving safepoint region
[733.385s][info ][safepoint    ] Total time for which application threads were stopped: 0.0017793 seconds, Stopping threads took: 0.0000316 seconds
[736.832s][info ][safepoint    ] Application time: 3.4476594 seconds
[736.832s][info ][safepoint    ] Entering safepoint region: GenCollectForAllocation
[736.832s][info ][gc,start     ] GC(265) Pause Young (Allocation Failure)
[736.832s][info ][gc,task      ] GC(265) Using 4 workers of 4 for evacuation
[736.834s][debug][gc,ref       ] GC(265) Skipped phase1 of Reference Processing due to unavailable references
[736.834s][debug][gc,ref       ] GC(265) Skipped phase2 of Reference Processing due to unavailable references
[736.834s][debug][gc,ref       ] GC(265) Skipped phase3 of Reference Processing due to unavailable references
[736.834s][debug][gc,ref       ] GC(265) Skipped phase4 of Reference Processing due to unavailable references
[736.834s][debug][gc,age       ] GC(265) Desired survivor size 15400960 bytes, new threshold 6 (max threshold 6)
[736.834s][info ][gc,heap      ] GC(265) ParNew: 240979K->95K(270976K)
[736.834s][info ][gc,heap      ] GC(265) CMS: 260972K->260972K(602112K)
[736.834s][info ][gc,metaspace ] GC(265) Metaspace: 54161K->54161K(1097728K)
[736.834s][info ][gc           ] GC(265) Pause Young (Allocation Failure) 490M->254M(852M) 1.589ms
[736.834s][info ][gc,cpu       ] GC(265) User=0.00s Sys=0.00s Real=0.00s
[736.834s][info ][safepoint    ] Leaving safepoint region
[736.834s][info ][safepoint    ] Total time for which application threads were stopped: 0.0017543 seconds, Stopping threads took: 0.0000172 seconds
[740.281s][info ][safepoint    ] Application time: 3.4464808 seconds
[740.281s][info ][safepoint    ] Entering safepoint region: GenCollectForAllocation
[740.281s][info ][gc,start     ] GC(266) Pause Young (Allocation Failure)
[740.281s][info ][gc,task      ] GC(266) Using 4 workers of 4 for evacuation
[740.282s][debug][gc,ref       ] GC(266) Skipped phase1 of Reference Processing due to unavailable references
[740.282s][debug][gc,ref       ] GC(266) Skipped phase2 of Reference Processing due to unavailable references
[740.282s][debug][gc,ref       ] GC(266) Skipped phase3 of Reference Processing due to unavailable references
[740.282s][debug][gc,ref       ] GC(266) Skipped phase4 of Reference Processing due to unavailable references
[740.282s][debug][gc,age       ] GC(266) Desired survivor size 15400960 bytes, new threshold 6 (max threshold 6)
[740.282s][info ][gc,heap      ] GC(266) ParNew: 240991K->59K(270976K)
[740.282s][info ][gc,heap      ] GC(266) CMS: 260972K->260972K(602112K)
[740.282s][info ][gc,metaspace ] GC(266) Metaspace: 54161K->54161K(1097728K)
[740.282s][info ][gc           ] GC(266) Pause Young (Allocation Failure) 490M->254M(852M) 1.730ms
[740.282s][info ][gc,cpu       ] GC(266) User=0.01s Sys=0.00s Real=0.00s
[740.282s][info ][safepoint    ] Leaving safepoint region
[740.282s][info ][safepoint    ] Total time for which application threads were stopped: 0.0018820 seconds, Stopping threads took: 0.0000189 seconds
[742.283s][info ][safepoint    ] Application time: 2.0001643 seconds
[742.283s][info ][safepoint    ] Entering safepoint region: Cleanup
[742.283s][info ][safepoint    ] Leaving safepoint region
[742.283s][info ][safepoint    ] Total time for which application threads were stopped: 0.0001272 seconds, Stopping threads took: 0.0000395 seconds
[743.684s][info ][safepoint    ] Application time: 1.4013103 seconds
[743.684s][info ][safepoint    ] Entering safepoint region: GenCollectForAllocation
[743.684s][info ][gc,start     ] GC(267) Pause Young (Allocation Failure)
[743.684s][info ][gc,task      ] GC(267) Using 4 workers of 4 for evacuation
[743.686s][debug][gc,ref       ] GC(267) Skipped phase1 of Reference Processing due to unavailable references
[743.686s][debug][gc,ref       ] GC(267) Skipped phase2 of Reference Processing due to unavailable references
[743.686s][debug][gc,ref       ] GC(267) Skipped phase3 of Reference Processing due to unavailable references
[743.686s][debug][gc,ref       ] GC(267) Skipped phase4 of Reference Processing due to unavailable references
[743.686s][debug][gc,age       ] GC(267) Desired survivor size 15400960 bytes, new threshold 6 (max threshold 6)
[743.686s][info ][gc,heap      ] GC(267) ParNew: 240955K->29K(270976K)
[743.686s][info ][gc,heap      ] GC(267) CMS: 260972K->260972K(602112K)
[743.686s][info ][gc,metaspace ] GC(267) Metaspace: 54162K->54162K(1097728K)
[743.686s][info ][gc           ] GC(267) Pause Young (Allocation Failure) 490M->254M(852M) 1.928ms
[743.686s][info ][gc,cpu       ] GC(267) User=0.00s Sys=0.00s Real=0.00s
[743.686s][info ][safepoint    ] Leaving safepoint region
[743.686s][info ][safepoint    ] Total time for which application threads were stopped: 0.0020760 seconds, Stopping threads took: 0.0000191 seconds
[747.133s][info ][safepoint    ] Application time: 3.4467320 seconds
[747.133s][info ][safepoint    ] Entering safepoint region: GenCollectForAllocation
[747.133s][info ][gc,start     ] GC(268) Pause Young (Allocation Failure)
[747.133s][info ][gc,task      ] GC(268) Using 4 workers of 4 for evacuation
[747.135s][debug][gc,ref       ] GC(268) Skipped phase1 of Reference Processing due to unavailable references
[747.135s][debug][gc,ref       ] GC(268) Skipped phase2 of Reference Processing due to unavailable references
[747.135s][debug][gc,ref       ] GC(268) Skipped phase3 of Reference Processing due to unavailable references
[747.135s][debug][gc,ref       ] GC(268) Skipped phase4 of Reference Processing due to unavailable references
[747.135s][debug][gc,age       ] GC(268) Desired survivor size 15400960 bytes, new threshold 6 (max threshold 6)
[747.135s][info ][gc,heap      ] GC(268) ParNew: 240925K->84K(270976K)
[747.135s][info ][gc,heap      ] GC(268) CMS: 260972K->260972K(602112K)
[747.135s][info ][gc,metaspace ] GC(268) Metaspace: 54162K->54162K(1097728K)
[747.135s][info ][gc           ] GC(268) Pause Young (Allocation Failure) 490M->254M(852M) 1.586ms
[747.135s][info ][gc,cpu       ] GC(268) User=0.00s Sys=0.00s Real=0.00s
[747.135s][info ][safepoint    ] Leaving safepoint region
[747.135s][info ][safepoint    ] Total time for which application threads were stopped: 0.0017400 seconds, Stopping threads took: 0.0000190 seconds
[750.582s][info ][safepoint    ] Application time: 3.4475219 seconds
[750.582s][info ][safepoint    ] Entering safepoint region: GenCollectForAllocation
[750.582s][info ][gc,start     ] GC(269) Pause Young (Allocation Failure)
[750.583s][info ][gc,task      ] GC(269) Using 4 workers of 4 for evacuation
[750.584s][debug][gc,ref       ] GC(269) Skipped phase1 of Reference Processing due to unavailable references
[750.584s][debug][gc,ref       ] GC(269) Skipped phase2 of Reference Processing due to unavailable references
[750.584s][debug][gc,ref       ] GC(269) Skipped phase3 of Reference Processing due to unavailable references
[750.584s][debug][gc,ref       ] GC(269) Skipped phase4 of Reference Processing due to unavailable references
[750.585s][debug][gc,age       ] GC(269) Desired survivor size 15400960 bytes, new threshold 6 (max threshold 6)
[750.585s][info ][gc,heap      ] GC(269) ParNew: 240980K->170K(270976K)
[750.585s][info ][gc,heap      ] GC(269) CMS: 260972K->260972K(602112K)
[750.585s][info ][gc,metaspace ] GC(269) Metaspace: 54162K->54162K(1097728K)
[750.585s][info ][gc           ] GC(269) Pause Young (Allocation Failure) 490M->255M(852M) 2.086ms
[750.585s][info ][gc,cpu       ] GC(269) User=0.01s Sys=0.00s Real=0.00s
[750.585s][info ][safepoint    ] Leaving safepoint region
[750.585s][info ][safepoint    ] Total time for which application threads were stopped: 0.0022412 seconds, Stopping threads took: 0.0000170 seconds
[754.032s][info ][safepoint    ] Application time: 3.4469216 seconds
[754.032s][info ][safepoint    ] Entering safepoint region: GenCollectForAllocation
[754.032s][info ][gc,start     ] GC(270) Pause Young (Allocation Failure)
[754.032s][info ][gc,task      ] GC(270) Using 4 workers of 4 for evacuation
[754.036s][debug][gc,ref       ] GC(270) Skipped phase1 of Reference Processing due to unavailable references
[754.036s][debug][gc,ref       ] GC(270) Skipped phase2 of Reference Processing due to unavailable references
[754.036s][debug][gc,ref       ] GC(270) Skipped phase3 of Reference Processing due to unavailable references
[754.036s][debug][gc,ref       ] GC(270) Skipped phase4 of Reference Processing due to unavailable references
[754.036s][debug][gc,age       ] GC(270) Desired survivor size 15400960 bytes, new threshold 6 (max threshold 6)
[754.036s][info ][gc,heap      ] GC(270) ParNew: 241066K->85K(270976K)
[754.036s][info ][gc,heap      ] GC(270) CMS: 260972K->260972K(602112K)
[754.036s][info ][gc,metaspace ] GC(270) Metaspace: 54162K->54162K(1097728K)
[754.036s][info ][gc           ] GC(270) Pause Young (Allocation Failure) 490M->254M(852M) 4.659ms
[754.036s][info ][gc,cpu       ] GC(270) User=0.01s Sys=0.00s Real=0.00s
[754.036s][info ][safepoint    ] Leaving safepoint region
[754.036s][info ][safepoint    ] Total time for which application threads were stopped: 0.0048450 seconds, Stopping threads took: 0.0000527 seconds
[757.434s][info ][safepoint    ] Application time: 3.3978506 seconds
[757.434s][info ][safepoint    ] Entering safepoint region: GenCollectForAllocation
[757.434s][info ][gc,start     ] GC(271) Pause Young (Allocation Failure)
[757.434s][info ][gc,task      ] GC(271) Using 4 workers of 4 for evacuation
[757.436s][debug][gc,ref       ] GC(271) Skipped phase1 of Reference Processing due to unavailable references
[757.436s][debug][gc,ref       ] GC(271) Skipped phase2 of Reference Processing due to unavailable references
[757.436s][debug][gc,ref       ] GC(271) Skipped phase3 of Reference Processing due to unavailable references
[757.436s][debug][gc,ref       ] GC(271) Skipped phase4 of Reference Processing due to unavailable references
[757.436s][debug][gc,age       ] GC(271) Desired survivor size 15400960 bytes, new threshold 6 (max threshold 6)
[757.436s][info ][gc,heap      ] GC(271) ParNew: 240981K->50K(270976K)
[757.436s][info ][gc,heap      ] GC(271) CMS: 260972K->260972K(602112K)
[757.436s][info ][gc,metaspace ] GC(271) Metaspace: 54162K->54162K(1097728K)
[757.436s][info ][gc           ] GC(271) Pause Young (Allocation Failure) 490M->254M(852M) 1.567ms
[757.436s][info ][gc,cpu       ] GC(271) User=0.00s Sys=0.00s Real=0.00s
[757.436s][info ][safepoint    ] Leaving safepoint region
[757.436s][info ][safepoint    ] Total time for which application threads were stopped: 0.0017171 seconds, Stopping threads took: 0.0000197 seconds
[760.883s][info ][safepoint    ] Application time: 3.4473772 seconds
[760.883s][info ][safepoint    ] Entering safepoint region: GenCollectForAllocation
[760.884s][info ][gc,start     ] GC(272) Pause Young (Allocation Failure)
[760.884s][info ][gc,task      ] GC(272) Using 4 workers of 4 for evacuation
[760.885s][debug][gc,ref       ] GC(272) Skipped phase1 of Reference Processing due to unavailable references
[760.885s][debug][gc,ref       ] GC(272) Skipped phase2 of Reference Processing due to unavailable references
[760.885s][debug][gc,ref       ] GC(272) Skipped phase3 of Reference Processing due to unavailable references
[760.885s][debug][gc,ref       ] GC(272) Skipped phase4 of Reference Processing due to unavailable references
[760.885s][debug][gc,age       ] GC(272) Desired survivor size 15400960 bytes, new threshold 6 (max threshold 6)
[760.885s][info ][gc,heap      ] GC(272) ParNew: 240946K->72K(270976K)
[760.885s][info ][gc,heap      ] GC(272) CMS: 260972K->260972K(602112K)
[760.885s][info ][gc,metaspace ] GC(272) Metaspace: 54162K->54162K(1097728K)
[760.885s][info ][gc           ] GC(272) Pause Young (Allocation Failure) 490M->254M(852M) 1.562ms
[760.885s][info ][gc,cpu       ] GC(272) User=0.00s Sys=0.00s Real=0.00s
[760.885s][info ][safepoint    ] Leaving safepoint region
[760.885s][info ][safepoint    ] Total time for which application threads were stopped: 0.0017149 seconds, Stopping threads took: 0.0000172 seconds
[764.333s][info ][safepoint    ] Application time: 3.4473688 seconds
[764.333s][info ][safepoint    ] Entering safepoint region: GenCollectForAllocation
[764.333s][info ][gc,start     ] GC(273) Pause Young (Allocation Failure)
[764.333s][info ][gc,task      ] GC(273) Using 4 workers of 4 for evacuation
[764.334s][debug][gc,ref       ] GC(273) Skipped phase1 of Reference Processing due to unavailable references
[764.334s][debug][gc,ref       ] GC(273) Skipped phase2 of Reference Processing due to unavailable references
[764.334s][debug][gc,ref       ] GC(273) Skipped phase3 of Reference Processing due to unavailable references
[764.334s][debug][gc,ref       ] GC(273) Skipped phase4 of Reference Processing due to unavailable references
[764.334s][debug][gc,age       ] GC(273) Desired survivor size 15400960 bytes, new threshold 6 (max threshold 6)
[764.334s][info ][gc,heap      ] GC(273) ParNew: 240968K->122K(270976K)
[764.334s][info ][gc,heap      ] GC(273) CMS: 260972K->260972K(602112K)
[764.334s][info ][gc,metaspace ] GC(273) Metaspace: 54162K->54162K(1097728K)
[764.334s][info ][gc           ] GC(273) Pause Young (Allocation Failure) 490M->254M(852M) 1.642ms
[764.334s][info ][gc,cpu       ] GC(273) User=0.01s Sys=0.01s Real=0.00s
[764.334s][info ][safepoint    ] Leaving safepoint region
[764.334s][info ][safepoint    ] Total time for which application threads were stopped: 0.0018065 seconds, Stopping threads took: 0.0000169 seconds
[767.782s][info ][safepoint    ] Application time: 3.4472254 seconds
[767.782s][info ][safepoint    ] Entering safepoint region: GenCollectForAllocation
[767.782s][info ][gc,start     ] GC(274) Pause Young (Allocation Failure)
[767.782s][info ][gc,task      ] GC(274) Using 4 workers of 4 for evacuation
[767.783s][debug][gc,ref       ] GC(274) Skipped phase1 of Reference Processing due to unavailable references
[767.783s][debug][gc,ref       ] GC(274) Skipped phase2 of Reference Processing due to unavailable references
[767.783s][debug][gc,ref       ] GC(274) Skipped phase3 of Reference Processing due to unavailable references
[767.783s][debug][gc,ref       ] GC(274) Skipped phase4 of Reference Processing due to unavailable references
[767.783s][debug][gc,age       ] GC(274) Desired survivor size 15400960 bytes, new threshold 6 (max threshold 6)
[767.783s][info ][gc,heap      ] GC(274) ParNew: 241018K->83K(270976K)
[767.783s][info ][gc,heap      ] GC(274) CMS: 260972K->260972K(602112K)
[767.783s][info ][gc,metaspace ] GC(274) Metaspace: 54163K->54163K(1097728K)
[767.783s][info ][gc           ] GC(274) Pause Young (Allocation Failure) 490M->254M(852M) 1.650ms
[767.783s][info ][gc,cpu       ] GC(274) User=0.01s Sys=0.00s Real=0.00s
[767.783s][info ][safepoint    ] Leaving safepoint region
[767.783s][info ][safepoint    ] Total time for which application threads were stopped: 0.0018188 seconds, Stopping threads took: 0.0000176 seconds
[771.230s][info ][safepoint    ] Application time: 3.4462198 seconds
[771.230s][info ][safepoint    ] Entering safepoint region: GenCollectForAllocation
[771.230s][info ][gc,start     ] GC(275) Pause Young (Allocation Failure)
[771.230s][info ][gc,task      ] GC(275) Using 4 workers of 4 for evacuation
[771.231s][debug][gc,ref       ] GC(275) Skipped phase1 of Reference Processing due to unavailable references
[771.231s][debug][gc,ref       ] GC(275) Skipped phase2 of Reference Processing due to unavailable references
[771.231s][debug][gc,ref       ] GC(275) Skipped phase3 of Reference Processing due to unavailable references
[771.231s][debug][gc,ref       ] GC(275) Skipped phase4 of Reference Processing due to unavailable references
[771.231s][debug][gc,age       ] GC(275) Desired survivor size 15400960 bytes, new threshold 6 (max threshold 6)
[771.231s][info ][gc,heap      ] GC(275) ParNew: 240979K->33K(270976K)
[771.231s][info ][gc,heap      ] GC(275) CMS: 260972K->260972K(602112K)
[771.231s][info ][gc,metaspace ] GC(275) Metaspace: 54163K->54163K(1097728K)
[771.231s][info ][gc           ] GC(275) Pause Young (Allocation Failure) 490M->254M(852M) 1.640ms
[771.232s][info ][gc,cpu       ] GC(275) User=0.01s Sys=0.00s Real=0.01s
[771.232s][info ][safepoint    ] Leaving safepoint region
[771.232s][info ][safepoint    ] Total time for which application threads were stopped: 0.0017974 seconds, Stopping threads took: 0.0000183 seconds
[774.634s][info ][safepoint    ] Application time: 3.4022037 seconds
[774.634s][info ][safepoint    ] Entering safepoint region: GenCollectForAllocation
[774.634s][info ][gc,start     ] GC(276) Pause Young (Allocation Failure)
[774.634s][info ][gc,task      ] GC(276) Using 4 workers of 4 for evacuation
[774.635s][debug][gc,ref       ] GC(276) Skipped phase1 of Reference Processing due to unavailable references
[774.635s][debug][gc,ref       ] GC(276) Skipped phase2 of Reference Processing due to unavailable references
[774.635s][debug][gc,ref       ] GC(276) Skipped phase3 of Reference Processing due to unavailable references
[774.635s][debug][gc,ref       ] GC(276) Skipped phase4 of Reference Processing due to unavailable references
[774.635s][debug][gc,age       ] GC(276) Desired survivor size 15400960 bytes, new threshold 6 (max threshold 6)
[774.635s][info ][gc,heap      ] GC(276) ParNew: 240929K->106K(270976K)
[774.635s][info ][gc,heap      ] GC(276) CMS: 260972K->260973K(602112K)
[774.635s][info ][gc,metaspace ] GC(276) Metaspace: 54163K->54163K(1097728K)
[774.635s][info ][gc           ] GC(276) Pause Young (Allocation Failure) 490M->254M(852M) 1.580ms
[774.635s][info ][gc,cpu       ] GC(276) User=0.01s Sys=0.00s Real=0.00s
[774.636s][info ][safepoint    ] Leaving safepoint region
[774.636s][info ][safepoint    ] Total time for which application threads were stopped: 0.0017349 seconds, Stopping threads took: 0.0000182 seconds
[778.083s][info ][safepoint    ] Application time: 3.4474887 seconds
[778.083s][info ][safepoint    ] Entering safepoint region: GenCollectForAllocation
[778.083s][info ][gc,start     ] GC(277) Pause Young (Allocation Failure)
[778.083s][info ][gc,task      ] GC(277) Using 4 workers of 4 for evacuation
[778.085s][debug][gc,ref       ] GC(277) Skipped phase1 of Reference Processing due to unavailable references
[778.085s][debug][gc,ref       ] GC(277) Skipped phase2 of Reference Processing due to unavailable references
[778.085s][debug][gc,ref       ] GC(277) Skipped phase3 of Reference Processing due to unavailable references
[778.085s][debug][gc,ref       ] GC(277) Skipped phase4 of Reference Processing due to unavailable references
[778.085s][debug][gc,age       ] GC(277) Desired survivor size 15400960 bytes, new threshold 6 (max threshold 6)
[778.085s][info ][gc,heap      ] GC(277) ParNew: 241002K->75K(270976K)
[778.085s][info ][gc,heap      ] GC(277) CMS: 260973K->260973K(602112K)
[778.085s][info ][gc,metaspace ] GC(277) Metaspace: 54163K->54163K(1097728K)
[778.085s][info ][gc           ] GC(277) Pause Young (Allocation Failure) 490M->254M(852M) 1.582ms
[778.085s][info ][gc,cpu       ] GC(277) User=0.00s Sys=0.00s Real=0.00s
[778.085s][info ][safepoint    ] Leaving safepoint region
[778.085s][info ][safepoint    ] Total time for which application threads were stopped: 0.0017386 seconds, Stopping threads took: 0.0000167 seconds
[780.609s][info ][safepoint    ] Application time: 2.5239516 seconds
[780.609s][info ][safepoint    ] Entering safepoint region: RevokeBias
[780.609s][info ][safepoint    ] Leaving safepoint region
[780.609s][info ][safepoint    ] Total time for which application threads were stopped: 0.0000924 seconds, Stopping threads took: 0.0000165 seconds
[781.532s][info ][safepoint    ] Application time: 0.9235457 seconds
[781.532s][info ][safepoint    ] Entering safepoint region: GenCollectForAllocation
[781.533s][info ][gc,start     ] GC(278) Pause Young (Allocation Failure)
[781.533s][info ][gc,task      ] GC(278) Using 4 workers of 4 for evacuation
[781.534s][debug][gc,ref       ] GC(278) Skipped phase1 of Reference Processing due to unavailable references
[781.534s][debug][gc,ref       ] GC(278) Skipped phase2 of Reference Processing due to unavailable references
[781.534s][debug][gc,ref       ] GC(278) Skipped phase3 of Reference Processing due to unavailable references
[781.534s][debug][gc,ref       ] GC(278) Skipped phase4 of Reference Processing due to unavailable references
[781.534s][debug][gc,age       ] GC(278) Desired survivor size 15400960 bytes, new threshold 6 (max threshold 6)
[781.534s][info ][gc,heap      ] GC(278) ParNew: 240971K->103K(270976K)
[781.534s][info ][gc,heap      ] GC(278) CMS: 260973K->260973K(602112K)
[781.534s][info ][gc,metaspace ] GC(278) Metaspace: 54163K->54163K(1097728K)
[781.534s][info ][gc           ] GC(278) Pause Young (Allocation Failure) 490M->254M(852M) 1.556ms
[781.534s][info ][gc,cpu       ] GC(278) User=0.01s Sys=0.00s Real=0.00s
[781.534s][info ][safepoint    ] Leaving safepoint region
[781.534s][info ][safepoint    ] Total time for which application threads were stopped: 0.0016980 seconds, Stopping threads took: 0.0000183 seconds
[784.981s][info ][safepoint    ] Application time: 3.4468973 seconds
[784.981s][info ][safepoint    ] Entering safepoint region: GenCollectForAllocation
[784.981s][info ][gc,start     ] GC(279) Pause Young (Allocation Failure)
[784.981s][info ][gc,task      ] GC(279) Using 4 workers of 4 for evacuation
[784.983s][debug][gc,ref       ] GC(279) Skipped phase1 of Reference Processing due to unavailable references
[784.983s][debug][gc,ref       ] GC(279) Skipped phase2 of Reference Processing due to unavailable references
[784.983s][debug][gc,ref       ] GC(279) Skipped phase3 of Reference Processing due to unavailable references
[784.983s][debug][gc,ref       ] GC(279) Skipped phase4 of Reference Processing due to unavailable references
[784.983s][debug][gc,age       ] GC(279) Desired survivor size 15400960 bytes, new threshold 6 (max threshold 6)
[784.983s][info ][gc,heap      ] GC(279) ParNew: 240999K->66K(270976K)
[784.983s][info ][gc,heap      ] GC(279) CMS: 260973K->260973K(602112K)
[784.983s][info ][gc,metaspace ] GC(279) Metaspace: 54168K->54168K(1097728K)
[784.983s][info ][gc           ] GC(279) Pause Young (Allocation Failure) 490M->254M(852M) 1.574ms
[784.983s][info ][gc,cpu       ] GC(279) User=0.01s Sys=0.00s Real=0.00s
[784.983s][info ][safepoint    ] Leaving safepoint region
[784.983s][info ][safepoint    ] Total time for which application threads were stopped: 0.0017454 seconds, Stopping threads took: 0.0000355 seconds
[788.385s][info ][safepoint    ] Application time: 3.4017898 seconds
[788.385s][info ][safepoint    ] Entering safepoint region: GenCollectForAllocation
[788.385s][info ][gc,start     ] GC(280) Pause Young (Allocation Failure)
[788.385s][info ][gc,task      ] GC(280) Using 4 workers of 4 for evacuation
[788.386s][debug][gc,ref       ] GC(280) Skipped phase1 of Reference Processing due to unavailable references
[788.386s][debug][gc,ref       ] GC(280) Skipped phase2 of Reference Processing due to unavailable references
[788.386s][debug][gc,ref       ] GC(280) Skipped phase3 of Reference Processing due to unavailable references
[788.386s][debug][gc,ref       ] GC(280) Skipped phase4 of Reference Processing due to unavailable references
[788.387s][debug][gc,age       ] GC(280) Desired survivor size 15400960 bytes, new threshold 6 (max threshold 6)
[788.387s][info ][gc,heap      ] GC(280) ParNew: 240962K->27K(270976K)
[788.387s][info ][gc,heap      ] GC(280) CMS: 260973K->260973K(602112K)
[788.387s][info ][gc,metaspace ] GC(280) Metaspace: 54168K->54168K(1097728K)
[788.387s][info ][gc           ] GC(280) Pause Young (Allocation Failure) 490M->254M(852M) 1.763ms
[788.387s][info ][gc,cpu       ] GC(280) User=0.00s Sys=0.00s Real=0.00s
[788.387s][info ][safepoint    ] Leaving safepoint region
[788.387s][info ][safepoint    ] Total time for which application threads were stopped: 0.0019446 seconds, Stopping threads took: 0.0000307 seconds
[791.833s][info ][safepoint    ] Application time: 3.4467433 seconds
[791.833s][info ][safepoint    ] Entering safepoint region: GenCollectForAllocation
[791.834s][info ][gc,start     ] GC(281) Pause Young (Allocation Failure)
[791.834s][info ][gc,task      ] GC(281) Using 4 workers of 4 for evacuation
[791.835s][debug][gc,ref       ] GC(281) Skipped phase1 of Reference Processing due to unavailable references
[791.835s][debug][gc,ref       ] GC(281) Skipped phase2 of Reference Processing due to unavailable references
[791.835s][debug][gc,ref       ] GC(281) Skipped phase3 of Reference Processing due to unavailable references
[791.835s][debug][gc,ref       ] GC(281) Skipped phase4 of Reference Processing due to unavailable references
[791.835s][debug][gc,age       ] GC(281) Desired survivor size 15400960 bytes, new threshold 6 (max threshold 6)
[791.835s][info ][gc,heap      ] GC(281) ParNew: 240923K->124K(270976K)
[791.835s][info ][gc,heap      ] GC(281) CMS: 260973K->260973K(602112K)
[791.835s][info ][gc,metaspace ] GC(281) Metaspace: 54168K->54168K(1097728K)
[791.835s][info ][gc           ] GC(281) Pause Young (Allocation Failure) 490M->254M(852M) 1.576ms
[791.835s][info ][gc,cpu       ] GC(281) User=0.01s Sys=0.00s Real=0.00s
[791.835s][info ][safepoint    ] Leaving safepoint region
[791.835s][info ][safepoint    ] Total time for which application threads were stopped: 0.0017175 seconds, Stopping threads took: 0.0000162 seconds
[795.283s][info ][safepoint    ] Application time: 3.4479270 seconds
[795.283s][info ][safepoint    ] Entering safepoint region: GenCollectForAllocation
[795.283s][info ][gc,start     ] GC(282) Pause Young (Allocation Failure)
[795.283s][info ][gc,task      ] GC(282) Using 4 workers of 4 for evacuation
[795.285s][debug][gc,ref       ] GC(282) Skipped phase1 of Reference Processing due to unavailable references
[795.285s][debug][gc,ref       ] GC(282) Skipped phase2 of Reference Processing due to unavailable references
[795.285s][debug][gc,ref       ] GC(282) Skipped phase3 of Reference Processing due to unavailable references
[795.285s][debug][gc,ref       ] GC(282) Skipped phase4 of Reference Processing due to unavailable references
[795.285s][debug][gc,age       ] GC(282) Desired survivor size 15400960 bytes, new threshold 6 (max threshold 6)
[795.285s][info ][gc,heap      ] GC(282) ParNew: 241020K->90K(270976K)
[795.285s][info ][gc,heap      ] GC(282) CMS: 260973K->260973K(602112K)
[795.285s][info ][gc,metaspace ] GC(282) Metaspace: 54168K->54168K(1097728K)
[795.285s][info ][gc           ] GC(282) Pause Young (Allocation Failure) 490M->254M(852M) 1.596ms
[795.285s][info ][gc,cpu       ] GC(282) User=0.01s Sys=0.00s Real=0.00s
[795.285s][info ][safepoint    ] Leaving safepoint region
[795.285s][info ][safepoint    ] Total time for which application threads were stopped: 0.0017451 seconds, Stopping threads took: 0.0000159 seconds
[798.732s][info ][safepoint    ] Application time: 3.4471881 seconds
[798.732s][info ][safepoint    ] Entering safepoint region: GenCollectForAllocation
[798.732s][info ][gc,start     ] GC(283) Pause Young (Allocation Failure)
[798.732s][info ][gc,task      ] GC(283) Using 4 workers of 4 for evacuation
[798.734s][debug][gc,ref       ] GC(283) Skipped phase1 of Reference Processing due to unavailable references
[798.734s][debug][gc,ref       ] GC(283) Skipped phase2 of Reference Processing due to unavailable references
[798.734s][debug][gc,ref       ] GC(283) Skipped phase3 of Reference Processing due to unavailable references
[798.734s][debug][gc,ref       ] GC(283) Skipped phase4 of Reference Processing due to unavailable references
[798.734s][debug][gc,age       ] GC(283) Desired survivor size 15400960 bytes, new threshold 6 (max threshold 6)
[798.734s][info ][gc,heap      ] GC(283) ParNew: 240986K->118K(270976K)
[798.734s][info ][gc,heap      ] GC(283) CMS: 260973K->260973K(602112K)
[798.734s][info ][gc,metaspace ] GC(283) Metaspace: 54168K->54168K(1097728K)
[798.734s][info ][gc           ] GC(283) Pause Young (Allocation Failure) 490M->254M(852M) 1.712ms
[798.734s][info ][gc,cpu       ] GC(283) User=0.01s Sys=0.00s Real=0.00s
[798.734s][info ][safepoint    ] Leaving safepoint region
[798.734s][info ][safepoint    ] Total time for which application threads were stopped: 0.0018566 seconds, Stopping threads took: 0.0000168 seconds
[802.180s][info ][safepoint    ] Application time: 3.4459593 seconds
[802.180s][info ][safepoint    ] Entering safepoint region: GenCollectForAllocation
[802.180s][info ][gc,start     ] GC(284) Pause Young (Allocation Failure)
[802.180s][info ][gc,task      ] GC(284) Using 4 workers of 4 for evacuation
[802.181s][debug][gc,ref       ] GC(284) Skipped phase1 of Reference Processing due to unavailable references
[802.181s][debug][gc,ref       ] GC(284) Skipped phase2 of Reference Processing due to unavailable references
[802.181s][debug][gc,ref       ] GC(284) Skipped phase3 of Reference Processing due to unavailable references
[802.181s][debug][gc,ref       ] GC(284) Skipped phase4 of Reference Processing due to unavailable references
[802.182s][debug][gc,age       ] GC(284) Desired survivor size 15400960 bytes, new threshold 6 (max threshold 6)
[802.182s][info ][gc,heap      ] GC(284) ParNew: 241014K->77K(270976K)
[802.182s][info ][gc,heap      ] GC(284) CMS: 260973K->260973K(602112K)
[802.182s][info ][gc,metaspace ] GC(284) Metaspace: 54168K->54168K(1097728K)
[802.182s][info ][gc           ] GC(284) Pause Young (Allocation Failure) 490M->254M(852M) 1.521ms
[802.182s][info ][gc,cpu       ] GC(284) User=0.01s Sys=0.00s Real=0.00s
[802.182s][info ][safepoint    ] Leaving safepoint region
[802.182s][info ][safepoint    ] Total time for which application threads were stopped: 0.0016835 seconds, Stopping threads took: 0.0000174 seconds
[805.182s][info ][safepoint    ] Application time: 3.0002416 seconds
[805.182s][info ][safepoint    ] Entering safepoint region: Cleanup
[805.182s][info ][safepoint    ] Leaving safepoint region
[805.182s][info ][safepoint    ] Total time for which application threads were stopped: 0.0001091 seconds, Stopping threads took: 0.0000392 seconds
[805.584s][info ][safepoint    ] Application time: 0.4016952 seconds
[805.584s][info ][safepoint    ] Entering safepoint region: GenCollectForAllocation
[805.584s][info ][gc,start     ] GC(285) Pause Young (Allocation Failure)
[805.584s][info ][gc,task      ] GC(285) Using 4 workers of 4 for evacuation
[805.585s][debug][gc,ref       ] GC(285) Skipped phase1 of Reference Processing due to unavailable references
[805.585s][debug][gc,ref       ] GC(285) Skipped phase2 of Reference Processing due to unavailable references
[805.585s][debug][gc,ref       ] GC(285) Skipped phase3 of Reference Processing due to unavailable references
[805.585s][debug][gc,ref       ] GC(285) Skipped phase4 of Reference Processing due to unavailable references
[805.585s][debug][gc,age       ] GC(285) Desired survivor size 15400960 bytes, new threshold 6 (max threshold 6)
[805.585s][info ][gc,heap      ] GC(285) ParNew: 240973K->41K(270976K)
[805.585s][info ][gc,heap      ] GC(285) CMS: 260973K->260973K(602112K)
[805.585s][info ][gc,metaspace ] GC(285) Metaspace: 54168K->54168K(1097728K)
[805.585s][info ][gc           ] GC(285) Pause Young (Allocation Failure) 490M->254M(852M) 1.548ms
[805.586s][info ][gc,cpu       ] GC(285) User=0.00s Sys=0.00s Real=0.00s
[805.586s][info ][safepoint    ] Leaving safepoint region
[805.586s][info ][safepoint    ] Total time for which application threads were stopped: 0.0017104 seconds, Stopping threads took: 0.0000165 seconds
[809.033s][info ][safepoint    ] Application time: 3.4475328 seconds
[809.033s][info ][safepoint    ] Entering safepoint region: GenCollectForAllocation
[809.033s][info ][gc,start     ] GC(286) Pause Young (Allocation Failure)
[809.033s][info ][gc,task      ] GC(286) Using 4 workers of 4 for evacuation
[809.035s][debug][gc,ref       ] GC(286) Skipped phase1 of Reference Processing due to unavailable references
[809.035s][debug][gc,ref       ] GC(286) Skipped phase2 of Reference Processing due to unavailable references
[809.035s][debug][gc,ref       ] GC(286) Skipped phase3 of Reference Processing due to unavailable references
[809.035s][debug][gc,ref       ] GC(286) Skipped phase4 of Reference Processing due to unavailable references
[809.035s][debug][gc,age       ] GC(286) Desired survivor size 15400960 bytes, new threshold 6 (max threshold 6)
[809.035s][info ][gc,heap      ] GC(286) ParNew: 240937K->92K(270976K)
[809.035s][info ][gc,heap      ] GC(286) CMS: 260973K->260973K(602112K)
[809.035s][info ][gc,metaspace ] GC(286) Metaspace: 54168K->54168K(1097728K)
[809.035s][info ][gc           ] GC(286) Pause Young (Allocation Failure) 490M->254M(852M) 1.655ms
[809.035s][info ][gc,cpu       ] GC(286) User=0.00s Sys=0.01s Real=0.00s
[809.035s][info ][safepoint    ] Leaving safepoint region
[809.035s][info ][safepoint    ] Total time for which application threads were stopped: 0.0018120 seconds, Stopping threads took: 0.0000244 seconds
[812.482s][info ][safepoint    ] Application time: 3.4475641 seconds
[812.483s][info ][safepoint    ] Entering safepoint region: GenCollectForAllocation
[812.483s][info ][gc,start     ] GC(287) Pause Young (Allocation Failure)
[812.483s][info ][gc,task      ] GC(287) Using 4 workers of 4 for evacuation
[812.484s][debug][gc,ref       ] GC(287) Skipped phase1 of Reference Processing due to unavailable references
[812.484s][debug][gc,ref       ] GC(287) Skipped phase2 of Reference Processing due to unavailable references
[812.484s][debug][gc,ref       ] GC(287) Skipped phase3 of Reference Processing due to unavailable references
[812.484s][debug][gc,ref       ] GC(287) Skipped phase4 of Reference Processing due to unavailable references
[812.484s][debug][gc,age       ] GC(287) Desired survivor size 15400960 bytes, new threshold 6 (max threshold 6)
[812.484s][info ][gc,heap      ] GC(287) ParNew: 240988K->68K(270976K)
[812.484s][info ][gc,heap      ] GC(287) CMS: 260973K->260973K(602112K)
[812.484s][info ][gc,metaspace ] GC(287) Metaspace: 54168K->54168K(1097728K)
[812.484s][info ][gc           ] GC(287) Pause Young (Allocation Failure) 490M->254M(852M) 1.680ms
[812.484s][info ][gc,cpu       ] GC(287) User=0.00s Sys=0.00s Real=0.00s
[812.484s][info ][safepoint    ] Leaving safepoint region
[812.484s][info ][safepoint    ] Total time for which application threads were stopped: 0.0018345 seconds, Stopping threads took: 0.0000158 seconds
[815.931s][info ][safepoint    ] Application time: 3.4466189 seconds
[815.931s][info ][safepoint    ] Entering safepoint region: GenCollectForAllocation
[815.931s][info ][gc,start     ] GC(288) Pause Young (Allocation Failure)
[815.931s][info ][gc,task      ] GC(288) Using 4 workers of 4 for evacuation
[815.933s][debug][gc,ref       ] GC(288) Skipped phase1 of Reference Processing due to unavailable references
[815.933s][debug][gc,ref       ] GC(288) Skipped phase2 of Reference Processing due to unavailable references
[815.933s][debug][gc,ref       ] GC(288) Skipped phase3 of Reference Processing due to unavailable references
[815.933s][debug][gc,ref       ] GC(288) Skipped phase4 of Reference Processing due to unavailable references
[815.933s][debug][gc,age       ] GC(288) Desired survivor size 15400960 bytes, new threshold 6 (max threshold 6)
[815.933s][info ][gc,heap      ] GC(288) ParNew: 240964K->50K(270976K)
[815.933s][info ][gc,heap      ] GC(288) CMS: 260973K->260973K(602112K)
[815.933s][info ][gc,metaspace ] GC(288) Metaspace: 54168K->54168K(1097728K)
[815.933s][info ][gc           ] GC(288) Pause Young (Allocation Failure) 490M->254M(852M) 1.552ms
[815.933s][info ][gc,cpu       ] GC(288) User=0.00s Sys=0.00s Real=0.00s
[815.933s][info ][safepoint    ] Leaving safepoint region
[815.933s][info ][safepoint    ] Total time for which application threads were stopped: 0.0017150 seconds, Stopping threads took: 0.0000336 seconds
[819.334s][info ][safepoint    ] Application time: 3.4015746 seconds
[819.334s][info ][safepoint    ] Entering safepoint region: GenCollectForAllocation
[819.334s][info ][gc,start     ] GC(289) Pause Young (Allocation Failure)
[819.334s][info ][gc,task      ] GC(289) Using 4 workers of 4 for evacuation
[819.336s][debug][gc,ref       ] GC(289) Skipped phase1 of Reference Processing due to unavailable references
[819.336s][debug][gc,ref       ] GC(289) Skipped phase2 of Reference Processing due to unavailable references
[819.336s][debug][gc,ref       ] GC(289) Skipped phase3 of Reference Processing due to unavailable references
[819.336s][debug][gc,ref       ] GC(289) Skipped phase4 of Reference Processing due to unavailable references
[819.336s][debug][gc,age       ] GC(289) Desired survivor size 15400960 bytes, new threshold 6 (max threshold 6)
[819.336s][info ][gc,heap      ] GC(289) ParNew: 240946K->33K(270976K)
[819.336s][info ][gc,heap      ] GC(289) CMS: 260973K->260973K(602112K)
[819.336s][info ][gc,metaspace ] GC(289) Metaspace: 54168K->54168K(1097728K)
[819.336s][info ][gc           ] GC(289) Pause Young (Allocation Failure) 490M->254M(852M) 1.664ms
[819.336s][info ][gc,cpu       ] GC(289) User=0.00s Sys=0.01s Real=0.00s
[819.336s][info ][safepoint    ] Leaving safepoint region
[819.336s][info ][safepoint    ] Total time for which application threads were stopped: 0.0018091 seconds, Stopping threads took: 0.0000163 seconds
[822.783s][info ][safepoint    ] Application time: 3.4468661 seconds
[822.783s][info ][safepoint    ] Entering safepoint region: GenCollectForAllocation
[822.783s][info ][gc,start     ] GC(290) Pause Young (Allocation Failure)
[822.783s][info ][gc,task      ] GC(290) Using 4 workers of 4 for evacuation
[822.785s][debug][gc,ref       ] GC(290) Skipped phase1 of Reference Processing due to unavailable references
[822.785s][debug][gc,ref       ] GC(290) Skipped phase2 of Reference Processing due to unavailable references
[822.785s][debug][gc,ref       ] GC(290) Skipped phase3 of Reference Processing due to unavailable references
[822.785s][debug][gc,ref       ] GC(290) Skipped phase4 of Reference Processing due to unavailable references
[822.785s][debug][gc,age       ] GC(290) Desired survivor size 15400960 bytes, new threshold 6 (max threshold 6)
[822.785s][info ][gc,heap      ] GC(290) ParNew: 240929K->118K(270976K)
[822.785s][info ][gc,heap      ] GC(290) CMS: 260973K->260973K(602112K)
[822.785s][info ][gc,metaspace ] GC(290) Metaspace: 54168K->54168K(1097728K)
[822.785s][info ][gc           ] GC(290) Pause Young (Allocation Failure) 490M->254M(852M) 1.631ms
[822.785s][info ][gc,cpu       ] GC(290) User=0.00s Sys=0.00s Real=0.00s
[822.785s][info ][safepoint    ] Leaving safepoint region
[822.785s][info ][safepoint    ] Total time for which application threads were stopped: 0.0019035 seconds, Stopping threads took: 0.0000209 seconds
[826.233s][info ][safepoint    ] Application time: 3.4476382 seconds
[826.233s][info ][safepoint    ] Entering safepoint region: GenCollectForAllocation
[826.233s][info ][gc,start     ] GC(291) Pause Young (Allocation Failure)
[826.233s][info ][gc,task      ] GC(291) Using 4 workers of 4 for evacuation
[826.234s][debug][gc,ref       ] GC(291) Skipped phase1 of Reference Processing due to unavailable references
[826.234s][debug][gc,ref       ] GC(291) Skipped phase2 of Reference Processing due to unavailable references
[826.234s][debug][gc,ref       ] GC(291) Skipped phase3 of Reference Processing due to unavailable references
[826.234s][debug][gc,ref       ] GC(291) Skipped phase4 of Reference Processing due to unavailable references
[826.234s][debug][gc,age       ] GC(291) Desired survivor size 15400960 bytes, new threshold 6 (max threshold 6)
[826.234s][info ][gc,heap      ] GC(291) ParNew: 241014K->107K(270976K)
[826.234s][info ][gc,heap      ] GC(291) CMS: 260973K->260973K(602112K)
[826.234s][info ][gc,metaspace ] GC(291) Metaspace: 54169K->54169K(1097728K)
[826.234s][info ][gc           ] GC(291) Pause Young (Allocation Failure) 490M->254M(852M) 1.633ms
[826.234s][info ][gc,cpu       ] GC(291) User=0.00s Sys=0.00s Real=0.00s
[826.234s][info ][safepoint    ] Leaving safepoint region
[826.234s][info ][safepoint    ] Total time for which application threads were stopped: 0.0017866 seconds, Stopping threads took: 0.0000174 seconds
[829.681s][info ][safepoint    ] Application time: 3.4470109 seconds
[829.682s][info ][safepoint    ] Entering safepoint region: GenCollectForAllocation
[829.682s][info ][gc,start     ] GC(292) Pause Young (Allocation Failure)
[829.682s][info ][gc,task      ] GC(292) Using 4 workers of 4 for evacuation
[829.683s][debug][gc,ref       ] GC(292) Skipped phase1 of Reference Processing due to unavailable references
[829.683s][debug][gc,ref       ] GC(292) Skipped phase2 of Reference Processing due to unavailable references
[829.683s][debug][gc,ref       ] GC(292) Skipped phase3 of Reference Processing due to unavailable references
[829.683s][debug][gc,ref       ] GC(292) Skipped phase4 of Reference Processing due to unavailable references
[829.683s][debug][gc,age       ] GC(292) Desired survivor size 15400960 bytes, new threshold 6 (max threshold 6)
[829.683s][info ][gc,heap      ] GC(292) ParNew: 241003K->70K(270976K)
[829.683s][info ][gc,heap      ] GC(292) CMS: 260973K->260973K(602112K)
[829.683s][info ][gc,metaspace ] GC(292) Metaspace: 54169K->54169K(1097728K)
[829.683s][info ][gc           ] GC(292) Pause Young (Allocation Failure) 490M->254M(852M) 1.675ms
[829.683s][info ][gc,cpu       ] GC(292) User=0.01s Sys=0.00s Real=0.00s
[829.683s][info ][safepoint    ] Leaving safepoint region
[829.683s][info ][safepoint    ] Total time for which application threads were stopped: 0.0018373 seconds, Stopping threads took: 0.0000173 seconds
[833.085s][info ][safepoint    ] Application time: 3.4012051 seconds
[833.085s][info ][safepoint    ] Entering safepoint region: GenCollectForAllocation
[833.085s][info ][gc,start     ] GC(293) Pause Young (Allocation Failure)
[833.085s][info ][gc,task      ] GC(293) Using 4 workers of 4 for evacuation
[833.086s][debug][gc,ref       ] GC(293) Skipped phase1 of Reference Processing due to unavailable references
[833.086s][debug][gc,ref       ] GC(293) Skipped phase2 of Reference Processing due to unavailable references
[833.086s][debug][gc,ref       ] GC(293) Skipped phase3 of Reference Processing due to unavailable references
[833.086s][debug][gc,ref       ] GC(293) Skipped phase4 of Reference Processing due to unavailable references
[833.086s][debug][gc,age       ] GC(293) Desired survivor size 15400960 bytes, new threshold 6 (max threshold 6)
[833.086s][info ][gc,heap      ] GC(293) ParNew: 240966K->147K(270976K)
[833.086s][info ][gc,heap      ] GC(293) CMS: 260973K->260973K(602112K)
[833.086s][info ][gc,metaspace ] GC(293) Metaspace: 54169K->54169K(1097728K)
[833.086s][info ][gc           ] GC(293) Pause Young (Allocation Failure) 490M->255M(852M) 1.595ms
[833.086s][info ][gc,cpu       ] GC(293) User=0.01s Sys=0.01s Real=0.00s
[833.086s][info ][safepoint    ] Leaving safepoint region
[833.086s][info ][safepoint    ] Total time for which application threads were stopped: 0.0017352 seconds, Stopping threads took: 0.0000158 seconds
[836.533s][info ][safepoint    ] Application time: 3.4469129 seconds
[836.533s][info ][safepoint    ] Entering safepoint region: GenCollectForAllocation
[836.533s][info ][gc,start     ] GC(294) Pause Young (Allocation Failure)
[836.533s][info ][gc,task      ] GC(294) Using 4 workers of 4 for evacuation
[836.535s][debug][gc,ref       ] GC(294) Skipped phase1 of Reference Processing due to unavailable references
[836.535s][debug][gc,ref       ] GC(294) Skipped phase2 of Reference Processing due to unavailable references
[836.535s][debug][gc,ref       ] GC(294) Skipped phase3 of Reference Processing due to unavailable references
[836.535s][debug][gc,ref       ] GC(294) Skipped phase4 of Reference Processing due to unavailable references
[836.535s][debug][gc,age       ] GC(294) Desired survivor size 15400960 bytes, new threshold 6 (max threshold 6)
[836.535s][info ][gc,heap      ] GC(294) ParNew: 241043K->106K(270976K)
[836.535s][info ][gc,heap      ] GC(294) CMS: 260973K->260973K(602112K)
[836.535s][info ][gc,metaspace ] GC(294) Metaspace: 54169K->54169K(1097728K)
[836.535s][info ][gc           ] GC(294) Pause Young (Allocation Failure) 490M->254M(852M) 1.664ms
[836.535s][info ][gc,cpu       ] GC(294) User=0.00s Sys=0.00s Real=0.00s
[836.535s][info ][safepoint    ] Leaving safepoint region
[836.535s][info ][safepoint    ] Total time for which application threads were stopped: 0.0018272 seconds, Stopping threads took: 0.0000169 seconds
[839.983s][info ][safepoint    ] Application time: 3.4477762 seconds
[839.983s][info ][safepoint    ] Entering safepoint region: GenCollectForAllocation
[839.983s][info ][gc,start     ] GC(295) Pause Young (Allocation Failure)
[839.983s][info ][gc,task      ] GC(295) Using 4 workers of 4 for evacuation
[839.985s][debug][gc,ref       ] GC(295) Skipped phase1 of Reference Processing due to unavailable references
[839.985s][debug][gc,ref       ] GC(295) Skipped phase2 of Reference Processing due to unavailable references
[839.985s][debug][gc,ref       ] GC(295) Skipped phase3 of Reference Processing due to unavailable references
[839.985s][debug][gc,ref       ] GC(295) Skipped phase4 of Reference Processing due to unavailable references
[839.985s][debug][gc,age       ] GC(295) Desired survivor size 15400960 bytes, new threshold 6 (max threshold 6)
[839.985s][info ][gc,heap      ] GC(295) ParNew: 241002K->66K(270976K)
[839.985s][info ][gc,heap      ] GC(295) CMS: 260973K->260973K(602112K)
[839.985s][info ][gc,metaspace ] GC(295) Metaspace: 54169K->54169K(1097728K)
[839.985s][info ][gc           ] GC(295) Pause Young (Allocation Failure) 490M->254M(852M) 1.592ms
[839.985s][info ][gc,cpu       ] GC(295) User=0.01s Sys=0.00s Real=0.00s
[839.985s][info ][safepoint    ] Leaving safepoint region
[839.985s][info ][safepoint    ] Total time for which application threads were stopped: 0.0017748 seconds, Stopping threads took: 0.0000191 seconds
[840.609s][info ][safepoint    ] Application time: 0.6240369 seconds
[840.609s][info ][safepoint    ] Entering safepoint region: RevokeBias
[840.609s][info ][safepoint    ] Leaving safepoint region
[840.609s][info ][safepoint    ] Total time for which application threads were stopped: 0.0000792 seconds, Stopping threads took: 0.0000157 seconds
[843.432s][info ][safepoint    ] Application time: 2.8228088 seconds
[843.432s][info ][safepoint    ] Entering safepoint region: GenCollectForAllocation
[843.432s][info ][gc,start     ] GC(296) Pause Young (Allocation Failure)
[843.432s][info ][gc,task      ] GC(296) Using 4 workers of 4 for evacuation
[843.433s][debug][gc,ref       ] GC(296) Skipped phase1 of Reference Processing due to unavailable references
[843.433s][debug][gc,ref       ] GC(296) Skipped phase2 of Reference Processing due to unavailable references
[843.433s][debug][gc,ref       ] GC(296) Skipped phase3 of Reference Processing due to unavailable references
[843.433s][debug][gc,ref       ] GC(296) Skipped phase4 of Reference Processing due to unavailable references
[843.433s][debug][gc,age       ] GC(296) Desired survivor size 15400960 bytes, new threshold 6 (max threshold 6)
[843.433s][info ][gc,heap      ] GC(296) ParNew: 240962K->40K(270976K)
[843.433s][info ][gc,heap      ] GC(296) CMS: 260973K->260973K(602112K)
[843.433s][info ][gc,metaspace ] GC(296) Metaspace: 54169K->54169K(1097728K)
[843.433s][info ][gc           ] GC(296) Pause Young (Allocation Failure) 490M->254M(852M) 1.567ms
[843.433s][info ][gc,cpu       ] GC(296) User=0.01s Sys=0.00s Real=0.00s
[843.433s][info ][safepoint    ] Leaving safepoint region
[843.433s][info ][safepoint    ] Total time for which application threads were stopped: 0.0017094 seconds, Stopping threads took: 0.0000164 seconds
[846.835s][info ][safepoint    ] Application time: 3.4013248 seconds
[846.835s][info ][safepoint    ] Entering safepoint region: GenCollectForAllocation
[846.835s][info ][gc,start     ] GC(297) Pause Young (Allocation Failure)
[846.835s][info ][gc,task      ] GC(297) Using 4 workers of 4 for evacuation
[846.836s][debug][gc,ref       ] GC(297) Skipped phase1 of Reference Processing due to unavailable references
[846.836s][debug][gc,ref       ] GC(297) Skipped phase2 of Reference Processing due to unavailable references
[846.836s][debug][gc,ref       ] GC(297) Skipped phase3 of Reference Processing due to unavailable references
[846.836s][debug][gc,ref       ] GC(297) Skipped phase4 of Reference Processing due to unavailable references
[846.836s][debug][gc,age       ] GC(297) Desired survivor size 15400960 bytes, new threshold 6 (max threshold 6)
[846.836s][info ][gc,heap      ] GC(297) ParNew: 240936K->30K(270976K)
[846.836s][info ][gc,heap      ] GC(297) CMS: 260973K->260974K(602112K)
[846.836s][info ][gc,metaspace ] GC(297) Metaspace: 54169K->54169K(1097728K)
[846.837s][info ][gc           ] GC(297) Pause Young (Allocation Failure) 490M->254M(852M) 1.597ms
[846.837s][info ][gc,cpu       ] GC(297) User=0.00s Sys=0.01s Real=0.00s
[846.837s][info ][safepoint    ] Leaving safepoint region
[846.837s][info ][safepoint    ] Total time for which application threads were stopped: 0.0017551 seconds, Stopping threads took: 0.0000347 seconds
[850.284s][info ][safepoint    ] Application time: 3.4470734 seconds
[850.284s][info ][safepoint    ] Entering safepoint region: GenCollectForAllocation
[850.284s][info ][gc,start     ] GC(298) Pause Young (Allocation Failure)
[850.284s][info ][gc,task      ] GC(298) Using 4 workers of 4 for evacuation
[850.285s][debug][gc,ref       ] GC(298) Skipped phase1 of Reference Processing due to unavailable references
[850.285s][debug][gc,ref       ] GC(298) Skipped phase2 of Reference Processing due to unavailable references
[850.285s][debug][gc,ref       ] GC(298) Skipped phase3 of Reference Processing due to unavailable references
[850.285s][debug][gc,ref       ] GC(298) Skipped phase4 of Reference Processing due to unavailable references
[850.285s][debug][gc,age       ] GC(298) Desired survivor size 15400960 bytes, new threshold 6 (max threshold 6)
[850.285s][info ][gc,heap      ] GC(298) ParNew: 240926K->120K(270976K)
[850.285s][info ][gc,heap      ] GC(298) CMS: 260974K->260974K(602112K)
[850.285s][info ][gc,metaspace ] GC(298) Metaspace: 54169K->54169K(1097728K)
[850.285s][info ][gc           ] GC(298) Pause Young (Allocation Failure) 490M->254M(852M) 1.672ms
[850.285s][info ][gc,cpu       ] GC(298) User=0.00s Sys=0.01s Real=0.00s
[850.285s][info ][safepoint    ] Leaving safepoint region
[850.285s][info ][safepoint    ] Total time for which application threads were stopped: 0.0018391 seconds, Stopping threads took: 0.0000355 seconds
[853.733s][info ][safepoint    ] Application time: 3.4474358 seconds
[853.733s][info ][safepoint    ] Entering safepoint region: GenCollectForAllocation
[853.733s][info ][gc,start     ] GC(299) Pause Young (Allocation Failure)
[853.733s][info ][gc,task      ] GC(299) Using 4 workers of 4 for evacuation
[853.734s][debug][gc,ref       ] GC(299) Skipped phase1 of Reference Processing due to unavailable references
[853.734s][debug][gc,ref       ] GC(299) Skipped phase2 of Reference Processing due to unavailable references
[853.734s][debug][gc,ref       ] GC(299) Skipped phase3 of Reference Processing due to unavailable references
[853.734s][debug][gc,ref       ] GC(299) Skipped phase4 of Reference Processing due to unavailable references
[853.735s][debug][gc,age       ] GC(299) Desired survivor size 15400960 bytes, new threshold 6 (max threshold 6)
[853.735s][info ][gc,heap      ] GC(299) ParNew: 241016K->86K(270976K)
[853.735s][info ][gc,heap      ] GC(299) CMS: 260974K->260974K(602112K)
[853.735s][info ][gc,metaspace ] GC(299) Metaspace: 54169K->54169K(1097728K)
[853.735s][info ][gc           ] GC(299) Pause Young (Allocation Failure) 490M->254M(852M) 1.545ms
[853.735s][info ][gc,cpu       ] GC(299) User=0.01s Sys=0.00s Real=0.00s
[853.735s][info ][safepoint    ] Leaving safepoint region
[853.735s][info ][safepoint    ] Total time for which application threads were stopped: 0.0017094 seconds, Stopping threads took: 0.0000162 seconds
[857.182s][info ][safepoint    ] Application time: 3.4474860 seconds
[857.182s][info ][safepoint    ] Entering safepoint region: GenCollectForAllocation
[857.182s][info ][gc,start     ] GC(300) Pause Young (Allocation Failure)
[857.182s][info ][gc,task      ] GC(300) Using 4 workers of 4 for evacuation
[857.184s][debug][gc,ref       ] GC(300) Skipped phase1 of Reference Processing due to unavailable references
[857.184s][debug][gc,ref       ] GC(300) Skipped phase2 of Reference Processing due to unavailable references
[857.184s][debug][gc,ref       ] GC(300) Skipped phase3 of Reference Processing due to unavailable references
[857.184s][debug][gc,ref       ] GC(300) Skipped phase4 of Reference Processing due to unavailable references
[857.184s][debug][gc,age       ] GC(300) Desired survivor size 15400960 bytes, new threshold 6 (max threshold 6)
[857.184s][info ][gc,heap      ] GC(300) ParNew: 240982K->70K(270976K)
[857.184s][info ][gc,heap      ] GC(300) CMS: 260974K->260974K(602112K)
[857.184s][info ][gc,metaspace ] GC(300) Metaspace: 54169K->54169K(1097728K)
[857.184s][info ][gc           ] GC(300) Pause Young (Allocation Failure) 490M->254M(852M) 1.550ms
[857.184s][info ][gc,cpu       ] GC(300) User=0.01s Sys=0.00s Real=0.00s
[857.184s][info ][safepoint    ] Leaving safepoint region
[857.184s][info ][safepoint    ] Total time for which application threads were stopped: 0.0017059 seconds, Stopping threads took: 0.0000294 seconds
[860.631s][info ][safepoint    ] Application time: 3.4469086 seconds
[860.631s][info ][safepoint    ] Entering safepoint region: GenCollectForAllocation
[860.631s][info ][gc,start     ] GC(301) Pause Young (Allocation Failure)
[860.631s][info ][gc,task      ] GC(301) Using 4 workers of 4 for evacuation
[860.633s][debug][gc,ref       ] GC(301) Skipped phase1 of Reference Processing due to unavailable references
[860.633s][debug][gc,ref       ] GC(301) Skipped phase2 of Reference Processing due to unavailable references
[860.633s][debug][gc,ref       ] GC(301) Skipped phase3 of Reference Processing due to unavailable references
[860.633s][debug][gc,ref       ] GC(301) Skipped phase4 of Reference Processing due to unavailable references
[860.633s][debug][gc,age       ] GC(301) Desired survivor size 15400960 bytes, new threshold 6 (max threshold 6)
[860.633s][info ][gc,heap      ] GC(301) ParNew: 240966K->47K(270976K)
[860.633s][info ][gc,heap      ] GC(301) CMS: 260974K->260974K(602112K)
[860.633s][info ][gc,metaspace ] GC(301) Metaspace: 54169K->54169K(1097728K)
[860.633s][info ][gc           ] GC(301) Pause Young (Allocation Failure) 490M->254M(852M) 2.203ms
[860.633s][info ][gc,cpu       ] GC(301) User=0.00s Sys=0.00s Real=0.00s
[860.633s][info ][safepoint    ] Leaving safepoint region
[860.633s][info ][safepoint    ] Total time for which application threads were stopped: 0.0023640 seconds, Stopping threads took: 0.0000175 seconds
[864.034s][info ][safepoint    ] Application time: 3.4005353 seconds
[864.034s][info ][safepoint    ] Entering safepoint region: GenCollectForAllocation
[864.034s][info ][gc,start     ] GC(302) Pause Young (Allocation Failure)
[864.034s][info ][gc,task      ] GC(302) Using 4 workers of 4 for evacuation
[864.036s][debug][gc,ref       ] GC(302) Skipped phase1 of Reference Processing due to unavailable references
[864.036s][debug][gc,ref       ] GC(302) Skipped phase2 of Reference Processing due to unavailable references
[864.036s][debug][gc,ref       ] GC(302) Skipped phase3 of Reference Processing due to unavailable references
[864.036s][debug][gc,ref       ] GC(302) Skipped phase4 of Reference Processing due to unavailable references
[864.036s][debug][gc,age       ] GC(302) Desired survivor size 15400960 bytes, new threshold 6 (max threshold 6)
[864.036s][info ][gc,heap      ] GC(302) ParNew: 240943K->54K(270976K)
[864.036s][info ][gc,heap      ] GC(302) CMS: 260974K->260974K(602112K)
[864.036s][info ][gc,metaspace ] GC(302) Metaspace: 54169K->54169K(1097728K)
[864.036s][info ][gc           ] GC(302) Pause Young (Allocation Failure) 490M->254M(852M) 1.881ms
[864.036s][info ][gc,cpu       ] GC(302) User=0.01s Sys=0.00s Real=0.00s
[864.036s][info ][safepoint    ] Leaving safepoint region
[864.036s][info ][safepoint    ] Total time for which application threads were stopped: 0.0020368 seconds, Stopping threads took: 0.0000163 seconds
[867.484s][info ][safepoint    ] Application time: 3.4486081 seconds
[867.485s][info ][safepoint    ] Entering safepoint region: GenCollectForAllocation
[867.485s][info ][gc,start     ] GC(303) Pause Young (Allocation Failure)
[867.485s][info ][gc,task      ] GC(303) Using 4 workers of 4 for evacuation
[867.486s][debug][gc,ref       ] GC(303) Skipped phase1 of Reference Processing due to unavailable references
[867.486s][debug][gc,ref       ] GC(303) Skipped phase2 of Reference Processing due to unavailable references
[867.486s][debug][gc,ref       ] GC(303) Skipped phase3 of Reference Processing due to unavailable references
[867.486s][debug][gc,ref       ] GC(303) Skipped phase4 of Reference Processing due to unavailable references
[867.486s][debug][gc,age       ] GC(303) Desired survivor size 15400960 bytes, new threshold 6 (max threshold 6)
[867.486s][info ][gc,heap      ] GC(303) ParNew: 240950K->151K(270976K)
[867.486s][info ][gc,heap      ] GC(303) CMS: 260974K->260974K(602112K)
[867.486s][info ][gc,metaspace ] GC(303) Metaspace: 54169K->54169K(1097728K)
[867.486s][info ][gc           ] GC(303) Pause Young (Allocation Failure) 490M->255M(852M) 1.676ms
[867.486s][info ][gc,cpu       ] GC(303) User=0.00s Sys=0.00s Real=0.00s
[867.486s][info ][safepoint    ] Leaving safepoint region
[867.486s][info ][safepoint    ] Total time for which application threads were stopped: 0.0018281 seconds, Stopping threads took: 0.0000178 seconds
[870.934s][info ][safepoint    ] Application time: 3.4472474 seconds
[870.934s][info ][safepoint    ] Entering safepoint region: GenCollectForAllocation
[870.934s][info ][gc,start     ] GC(304) Pause Young (Allocation Failure)
[870.934s][info ][gc,task      ] GC(304) Using 4 workers of 4 for evacuation
[870.935s][debug][gc,ref       ] GC(304) Skipped phase1 of Reference Processing due to unavailable references
[870.935s][debug][gc,ref       ] GC(304) Skipped phase2 of Reference Processing due to unavailable references
[870.935s][debug][gc,ref       ] GC(304) Skipped phase3 of Reference Processing due to unavailable references
[870.935s][debug][gc,ref       ] GC(304) Skipped phase4 of Reference Processing due to unavailable references
[870.935s][debug][gc,age       ] GC(304) Desired survivor size 15400960 bytes, new threshold 6 (max threshold 6)
[870.935s][info ][gc,heap      ] GC(304) ParNew: 241047K->188K(270976K)
[870.935s][info ][gc,heap      ] GC(304) CMS: 260974K->260974K(602112K)
[870.935s][info ][gc,metaspace ] GC(304) Metaspace: 54169K->54169K(1097728K)
[870.935s][info ][gc           ] GC(304) Pause Young (Allocation Failure) 490M->255M(852M) 1.602ms
[870.935s][info ][gc,cpu       ] GC(304) User=0.00s Sys=0.00s Real=0.00s
[870.935s][info ][safepoint    ] Leaving safepoint region
[870.935s][info ][safepoint    ] Total time for which application threads were stopped: 0.0017640 seconds, Stopping threads took: 0.0000160 seconds
[874.381s][info ][safepoint    ] Application time: 3.4457902 seconds
[874.381s][info ][safepoint    ] Entering safepoint region: GenCollectForAllocation
[874.381s][info ][gc,start     ] GC(305) Pause Young (Allocation Failure)
[874.381s][info ][gc,task      ] GC(305) Using 4 workers of 4 for evacuation
[874.383s][debug][gc,ref       ] GC(305) Skipped phase1 of Reference Processing due to unavailable references
[874.383s][debug][gc,ref       ] GC(305) Skipped phase2 of Reference Processing due to unavailable references
[874.383s][debug][gc,ref       ] GC(305) Skipped phase3 of Reference Processing due to unavailable references
[874.383s][debug][gc,ref       ] GC(305) Skipped phase4 of Reference Processing due to unavailable references
[874.383s][debug][gc,age       ] GC(305) Desired survivor size 15400960 bytes, new threshold 6 (max threshold 6)
[874.383s][info ][gc,heap      ] GC(305) ParNew: 241084K->124K(270976K)
[874.383s][info ][gc,heap      ] GC(305) CMS: 260974K->260974K(602112K)
[874.383s][info ][gc,metaspace ] GC(305) Metaspace: 54169K->54169K(1097728K)
[874.383s][info ][gc           ] GC(305) Pause Young (Allocation Failure) 490M->254M(852M) 1.564ms
[874.383s][info ][gc,cpu       ] GC(305) User=0.01s Sys=0.00s Real=0.00s
[874.383s][info ][safepoint    ] Leaving safepoint region
[874.383s][info ][safepoint    ] Total time for which application threads were stopped: 0.0017172 seconds, Stopping threads took: 0.0000302 seconds
[877.784s][info ][safepoint    ] Application time: 3.4013081 seconds
[877.784s][info ][safepoint    ] Entering safepoint region: GenCollectForAllocation
[877.784s][info ][gc,start     ] GC(306) Pause Young (Allocation Failure)
[877.784s][info ][gc,task      ] GC(306) Using 4 workers of 4 for evacuation
[877.786s][debug][gc,ref       ] GC(306) Skipped phase1 of Reference Processing due to unavailable references
[877.786s][debug][gc,ref       ] GC(306) Skipped phase2 of Reference Processing due to unavailable references
[877.786s][debug][gc,ref       ] GC(306) Skipped phase3 of Reference Processing due to unavailable references
[877.786s][debug][gc,ref       ] GC(306) Skipped phase4 of Reference Processing due to unavailable references
[877.786s][debug][gc,age       ] GC(306) Desired survivor size 15400960 bytes, new threshold 6 (max threshold 6)
[877.786s][info ][gc,heap      ] GC(306) ParNew: 241020K->96K(270976K)
[877.786s][info ][gc,heap      ] GC(306) CMS: 260974K->260974K(602112K)
[877.786s][info ][gc,metaspace ] GC(306) Metaspace: 54169K->54169K(1097728K)
[877.786s][info ][gc           ] GC(306) Pause Young (Allocation Failure) 490M->254M(852M) 2.029ms
[877.786s][info ][gc,cpu       ] GC(306) User=0.01s Sys=0.00s Real=0.00s
[877.787s][info ][safepoint    ] Leaving safepoint region
[877.787s][info ][safepoint    ] Total time for which application threads were stopped: 0.0021752 seconds, Stopping threads took: 0.0000174 seconds
[881.233s][info ][safepoint    ] Application time: 3.4468992 seconds
[881.233s][info ][safepoint    ] Entering safepoint region: GenCollectForAllocation
[881.234s][info ][gc,start     ] GC(307) Pause Young (Allocation Failure)
[881.234s][info ][gc,task      ] GC(307) Using 4 workers of 4 for evacuation
[881.235s][debug][gc,ref       ] GC(307) Skipped phase1 of Reference Processing due to unavailable references
[881.235s][debug][gc,ref       ] GC(307) Skipped phase2 of Reference Processing due to unavailable references
[881.235s][debug][gc,ref       ] GC(307) Skipped phase3 of Reference Processing due to unavailable references
[881.235s][debug][gc,ref       ] GC(307) Skipped phase4 of Reference Processing due to unavailable references
[881.235s][debug][gc,age       ] GC(307) Desired survivor size 15400960 bytes, new threshold 6 (max threshold 6)
[881.235s][info ][gc,heap      ] GC(307) ParNew: 240992K->132K(270976K)
[881.235s][info ][gc,heap      ] GC(307) CMS: 260974K->260974K(602112K)
[881.235s][info ][gc,metaspace ] GC(307) Metaspace: 54169K->54169K(1097728K)
[881.235s][info ][gc           ] GC(307) Pause Young (Allocation Failure) 490M->254M(852M) 1.614ms
[881.235s][info ][gc,cpu       ] GC(307) User=0.01s Sys=0.00s Real=0.00s
[881.235s][info ][safepoint    ] Leaving safepoint region
[881.235s][info ][safepoint    ] Total time for which application threads were stopped: 0.0017660 seconds, Stopping threads took: 0.0000165 seconds
[884.683s][info ][safepoint    ] Application time: 3.4475275 seconds
[884.683s][info ][safepoint    ] Entering safepoint region: GenCollectForAllocation
[884.683s][info ][gc,start     ] GC(308) Pause Young (Allocation Failure)
[884.683s][info ][gc,task      ] GC(308) Using 4 workers of 4 for evacuation
[884.685s][debug][gc,ref       ] GC(308) Skipped phase1 of Reference Processing due to unavailable references
[884.685s][debug][gc,ref       ] GC(308) Skipped phase2 of Reference Processing due to unavailable references
[884.685s][debug][gc,ref       ] GC(308) Skipped phase3 of Reference Processing due to unavailable references
[884.685s][debug][gc,ref       ] GC(308) Skipped phase4 of Reference Processing due to unavailable references
[884.685s][debug][gc,age       ] GC(308) Desired survivor size 15400960 bytes, new threshold 6 (max threshold 6)
[884.685s][info ][gc,heap      ] GC(308) ParNew: 241028K->98K(270976K)
[884.685s][info ][gc,heap      ] GC(308) CMS: 260974K->260974K(602112K)
[884.685s][info ][gc,metaspace ] GC(308) Metaspace: 54169K->54169K(1097728K)
[884.685s][info ][gc           ] GC(308) Pause Young (Allocation Failure) 490M->254M(852M) 1.861ms
[884.685s][info ][gc,cpu       ] GC(308) User=0.01s Sys=0.00s Real=0.00s
[884.685s][info ][safepoint    ] Leaving safepoint region
[884.685s][info ][safepoint    ] Total time for which application threads were stopped: 0.0020409 seconds, Stopping threads took: 0.0000186 seconds
[888.132s][info ][safepoint    ] Application time: 3.4469301 seconds
[888.132s][info ][safepoint    ] Entering safepoint region: GenCollectForAllocation
[888.132s][info ][gc,start     ] GC(309) Pause Young (Allocation Failure)
[888.132s][info ][gc,task      ] GC(309) Using 4 workers of 4 for evacuation
[888.133s][debug][gc,ref       ] GC(309) Skipped phase1 of Reference Processing due to unavailable references
[888.134s][debug][gc,ref       ] GC(309) Skipped phase2 of Reference Processing due to unavailable references
[888.134s][debug][gc,ref       ] GC(309) Skipped phase3 of Reference Processing due to unavailable references
[888.134s][debug][gc,ref       ] GC(309) Skipped phase4 of Reference Processing due to unavailable references
[888.134s][debug][gc,age       ] GC(309) Desired survivor size 15400960 bytes, new threshold 6 (max threshold 6)
[888.134s][info ][gc,heap      ] GC(309) ParNew: 240994K->45K(270976K)
[888.134s][info ][gc,heap      ] GC(309) CMS: 260974K->260974K(602112K)
[888.134s][info ][gc,metaspace ] GC(309) Metaspace: 54169K->54169K(1097728K)
[888.134s][info ][gc           ] GC(309) Pause Young (Allocation Failure) 490M->254M(852M) 1.666ms
[888.134s][info ][gc,cpu       ] GC(309) User=0.01s Sys=0.00s Real=0.00s
[888.134s][info ][safepoint    ] Leaving safepoint region
[888.134s][info ][safepoint    ] Total time for which application threads were stopped: 0.0018806 seconds, Stopping threads took: 0.0000506 seconds
[890.134s][info ][safepoint    ] Application time: 2.0001864 seconds
[890.134s][info ][safepoint    ] Entering safepoint region: Cleanup
[890.134s][info ][safepoint    ] Leaving safepoint region
[890.134s][info ][safepoint    ] Total time for which application threads were stopped: 0.0001415 seconds, Stopping threads took: 0.0000647 seconds
[891.581s][info ][safepoint    ] Application time: 1.4464923 seconds
[891.581s][info ][safepoint    ] Entering safepoint region: GenCollectForAllocation
[891.581s][info ][gc,start     ] GC(310) Pause Young (Allocation Failure)
[891.581s][info ][gc,task      ] GC(310) Using 4 workers of 4 for evacuation
[891.582s][debug][gc,ref       ] GC(310) Skipped phase1 of Reference Processing due to unavailable references
[891.582s][debug][gc,ref       ] GC(310) Skipped phase2 of Reference Processing due to unavailable references
[891.582s][debug][gc,ref       ] GC(310) Skipped phase3 of Reference Processing due to unavailable references
[891.582s][debug][gc,ref       ] GC(310) Skipped phase4 of Reference Processing due to unavailable references
[891.582s][debug][gc,age       ] GC(310) Desired survivor size 15400960 bytes, new threshold 6 (max threshold 6)
[891.582s][info ][gc,heap      ] GC(310) ParNew: 240941K->23K(270976K)
[891.582s][info ][gc,heap      ] GC(310) CMS: 260974K->260974K(602112K)
[891.582s][info ][gc,metaspace ] GC(310) Metaspace: 54170K->54170K(1097728K)
[891.582s][info ][gc           ] GC(310) Pause Young (Allocation Failure) 490M->254M(852M) 1.544ms
[891.582s][info ][gc,cpu       ] GC(310) User=0.01s Sys=0.00s Real=0.00s
[891.582s][info ][safepoint    ] Leaving safepoint region
[891.582s][info ][safepoint    ] Total time for which application threads were stopped: 0.0016893 seconds, Stopping threads took: 0.0000182 seconds
[894.984s][info ][safepoint    ] Application time: 3.4016102 seconds
[894.984s][info ][safepoint    ] Entering safepoint region: GenCollectForAllocation
[894.984s][info ][gc,start     ] GC(311) Pause Young (Allocation Failure)
[894.984s][info ][gc,task      ] GC(311) Using 4 workers of 4 for evacuation
[894.986s][debug][gc,ref       ] GC(311) Skipped phase1 of Reference Processing due to unavailable references
[894.986s][debug][gc,ref       ] GC(311) Skipped phase2 of Reference Processing due to unavailable references
[894.986s][debug][gc,ref       ] GC(311) Skipped phase3 of Reference Processing due to unavailable references
[894.986s][debug][gc,ref       ] GC(311) Skipped phase4 of Reference Processing due to unavailable references
[894.987s][debug][gc,age       ] GC(311) Desired survivor size 15400960 bytes, new threshold 6 (max threshold 6)
[894.987s][info ][gc,heap      ] GC(311) ParNew: 240919K->50K(270976K)
[894.987s][info ][gc,heap      ] GC(311) CMS: 260974K->260974K(602112K)
[894.987s][info ][gc,metaspace ] GC(311) Metaspace: 54170K->54170K(1097728K)
[894.987s][info ][gc           ] GC(311) Pause Young (Allocation Failure) 490M->254M(852M) 2.458ms
[894.987s][info ][gc,cpu       ] GC(311) User=0.00s Sys=0.00s Real=0.00s
[894.987s][info ][safepoint    ] Leaving safepoint region
[894.987s][info ][safepoint    ] Total time for which application threads were stopped: 0.0026097 seconds, Stopping threads took: 0.0000174 seconds
[898.433s][info ][safepoint    ] Application time: 3.4463170 seconds
[898.433s][info ][safepoint    ] Entering safepoint region: GenCollectForAllocation
[898.433s][info ][gc,start     ] GC(312) Pause Young (Allocation Failure)
[898.433s][info ][gc,task      ] GC(312) Using 4 workers of 4 for evacuation
[898.435s][debug][gc,ref       ] GC(312) Skipped phase1 of Reference Processing due to unavailable references
[898.435s][debug][gc,ref       ] GC(312) Skipped phase2 of Reference Processing due to unavailable references
[898.435s][debug][gc,ref       ] GC(312) Skipped phase3 of Reference Processing due to unavailable references
[898.435s][debug][gc,ref       ] GC(312) Skipped phase4 of Reference Processing due to unavailable references
[898.435s][debug][gc,age       ] GC(312) Desired survivor size 15400960 bytes, new threshold 6 (max threshold 6)
[898.435s][info ][gc,heap      ] GC(312) ParNew: 240946K->139K(270976K)
[898.435s][info ][gc,heap      ] GC(312) CMS: 260974K->260974K(602112K)
[898.435s][info ][gc,metaspace ] GC(312) Metaspace: 54170K->54170K(1097728K)
[898.435s][info ][gc           ] GC(312) Pause Young (Allocation Failure) 490M->254M(852M) 1.648ms
[898.435s][info ][gc,cpu       ] GC(312) User=0.00s Sys=0.00s Real=0.00s
[898.435s][info ][safepoint    ] Leaving safepoint region
[898.435s][info ][safepoint    ] Total time for which application threads were stopped: 0.0017941 seconds, Stopping threads took: 0.0000165 seconds
[900.609s][info ][safepoint    ] Application time: 2.1739168 seconds
[900.609s][info ][safepoint    ] Entering safepoint region: RevokeBias
[900.609s][info ][safepoint    ] Leaving safepoint region
[900.609s][info ][safepoint    ] Total time for which application threads were stopped: 0.0000777 seconds, Stopping threads took: 0.0000170 seconds
[901.882s][info ][safepoint    ] Application time: 1.2735432 seconds
[901.882s][info ][safepoint    ] Entering safepoint region: GenCollectForAllocation
[901.883s][info ][gc,start     ] GC(313) Pause Young (Allocation Failure)
[901.883s][info ][gc,task      ] GC(313) Using 4 workers of 4 for evacuation
[901.884s][debug][gc,ref       ] GC(313) Skipped phase1 of Reference Processing due to unavailable references
[901.884s][debug][gc,ref       ] GC(313) Skipped phase2 of Reference Processing due to unavailable references
[901.884s][debug][gc,ref       ] GC(313) Skipped phase3 of Reference Processing due to unavailable references
[901.884s][debug][gc,ref       ] GC(313) Skipped phase4 of Reference Processing due to unavailable references
[901.884s][debug][gc,age       ] GC(313) Desired survivor size 15400960 bytes, new threshold 6 (max threshold 6)
[901.884s][info ][gc,heap      ] GC(313) ParNew: 241035K->97K(270976K)
[901.884s][info ][gc,heap      ] GC(313) CMS: 260974K->260974K(602112K)
[901.884s][info ][gc,metaspace ] GC(313) Metaspace: 54170K->54170K(1097728K)
[901.884s][info ][gc           ] GC(313) Pause Young (Allocation Failure) 490M->254M(852M) 1.603ms
[901.884s][info ][gc,cpu       ] GC(313) User=0.00s Sys=0.00s Real=0.00s
[901.884s][info ][safepoint    ] Leaving safepoint region
[901.884s][info ][safepoint    ] Total time for which application threads were stopped: 0.0017485 seconds, Stopping threads took: 0.0000160 seconds
[905.331s][info ][safepoint    ] Application time: 3.4470031 seconds
[905.331s][info ][safepoint    ] Entering safepoint region: GenCollectForAllocation
[905.331s][info ][gc,start     ] GC(314) Pause Young (Allocation Failure)
[905.331s][info ][gc,task      ] GC(314) Using 4 workers of 4 for evacuation
[905.333s][debug][gc,ref       ] GC(314) Skipped phase1 of Reference Processing due to unavailable references
[905.333s][debug][gc,ref       ] GC(314) Skipped phase2 of Reference Processing due to unavailable references
[905.333s][debug][gc,ref       ] GC(314) Skipped phase3 of Reference Processing due to unavailable references
[905.333s][debug][gc,ref       ] GC(314) Skipped phase4 of Reference Processing due to unavailable references
[905.333s][debug][gc,age       ] GC(314) Desired survivor size 15400960 bytes, new threshold 6 (max threshold 6)
[905.333s][info ][gc,heap      ] GC(314) ParNew: 240993K->35K(270976K)
[905.333s][info ][gc,heap      ] GC(314) CMS: 260974K->260974K(602112K)
[905.333s][info ][gc,metaspace ] GC(314) Metaspace: 54170K->54170K(1097728K)
[905.333s][info ][gc           ] GC(314) Pause Young (Allocation Failure) 490M->254M(852M) 1.644ms
[905.333s][info ][gc,cpu       ] GC(314) User=0.01s Sys=0.00s Real=0.00s
[905.333s][info ][safepoint    ] Leaving safepoint region
[905.333s][info ][safepoint    ] Total time for which application threads were stopped: 0.0018188 seconds, Stopping threads took: 0.0000327 seconds
[906.333s][info ][safepoint    ] Application time: 1.0000926 seconds
[906.333s][info ][safepoint    ] Entering safepoint region: Cleanup
[906.333s][info ][safepoint    ] Leaving safepoint region
[906.333s][info ][safepoint    ] Total time for which application threads were stopped: 0.0001106 seconds, Stopping threads took: 0.0000400 seconds
[908.735s][info ][safepoint    ] Application time: 2.4012057 seconds
[908.735s][info ][safepoint    ] Entering safepoint region: GenCollectForAllocation
[908.735s][info ][gc,start     ] GC(315) Pause Young (Allocation Failure)
[908.735s][info ][gc,task      ] GC(315) Using 4 workers of 4 for evacuation
[908.737s][debug][gc,ref       ] GC(315) Skipped phase1 of Reference Processing due to unavailable references
[908.737s][debug][gc,ref       ] GC(315) Skipped phase2 of Reference Processing due to unavailable references
[908.737s][debug][gc,ref       ] GC(315) Skipped phase3 of Reference Processing due to unavailable references
[908.737s][debug][gc,ref       ] GC(315) Skipped phase4 of Reference Processing due to unavailable references
[908.737s][debug][gc,age       ] GC(315) Desired survivor size 15400960 bytes, new threshold 6 (max threshold 6)
[908.737s][info ][gc,heap      ] GC(315) ParNew: 240931K->33K(270976K)
[908.737s][info ][gc,heap      ] GC(315) CMS: 260974K->260974K(602112K)
[908.737s][info ][gc,metaspace ] GC(315) Metaspace: 54170K->54170K(1097728K)
[908.737s][info ][gc           ] GC(315) Pause Young (Allocation Failure) 490M->254M(852M) 1.978ms
[908.737s][info ][gc,cpu       ] GC(315) User=0.01s Sys=0.00s Real=0.00s
[908.737s][info ][safepoint    ] Leaving safepoint region
[908.737s][info ][safepoint    ] Total time for which application threads were stopped: 0.0021272 seconds, Stopping threads took: 0.0000176 seconds
[912.184s][info ][safepoint    ] Application time: 3.4467234 seconds
[912.184s][info ][safepoint    ] Entering safepoint region: GenCollectForAllocation
[912.184s][info ][gc,start     ] GC(316) Pause Young (Allocation Failure)
[912.184s][info ][gc,task      ] GC(316) Using 4 workers of 4 for evacuation
[912.185s][debug][gc,ref       ] GC(316) Skipped phase1 of Reference Processing due to unavailable references
[912.185s][debug][gc,ref       ] GC(316) Skipped phase2 of Reference Processing due to unavailable references
[912.185s][debug][gc,ref       ] GC(316) Skipped phase3 of Reference Processing due to unavailable references
[912.185s][debug][gc,ref       ] GC(316) Skipped phase4 of Reference Processing due to unavailable references
[912.185s][debug][gc,age       ] GC(316) Desired survivor size 15400960 bytes, new threshold 6 (max threshold 6)
[912.185s][info ][gc,heap      ] GC(316) ParNew: 240929K->38K(270976K)
[912.185s][info ][gc,heap      ] GC(316) CMS: 260974K->260974K(602112K)
[912.185s][info ][gc,metaspace ] GC(316) Metaspace: 54170K->54170K(1097728K)
[912.185s][info ][gc           ] GC(316) Pause Young (Allocation Failure) 490M->254M(852M) 1.559ms
[912.185s][info ][gc,cpu       ] GC(316) User=0.01s Sys=0.00s Real=0.00s
[912.185s][info ][safepoint    ] Leaving safepoint region
[912.185s][info ][safepoint    ] Total time for which application threads were stopped: 0.0017246 seconds, Stopping threads took: 0.0000166 seconds
[913.186s][info ][safepoint    ] Application time: 1.0001101 seconds
[913.186s][info ][safepoint    ] Entering safepoint region: Cleanup
[913.186s][info ][safepoint    ] Leaving safepoint region
[913.186s][info ][safepoint    ] Total time for which application threads were stopped: 0.0000811 seconds, Stopping threads took: 0.0000170 seconds
[915.484s][info ][safepoint    ] Application time: 2.2983830 seconds
[915.484s][info ][safepoint    ] Entering safepoint region: GenCollectForAllocation
[915.484s][info ][gc,start     ] GC(317) Pause Young (Allocation Failure)
[915.484s][info ][gc,task      ] GC(317) Using 4 workers of 4 for evacuation
[915.486s][debug][gc,ref       ] GC(317) Skipped phase1 of Reference Processing due to unavailable references
[915.486s][debug][gc,ref       ] GC(317) Skipped phase2 of Reference Processing due to unavailable references
[915.486s][debug][gc,ref       ] GC(317) Skipped phase3 of Reference Processing due to unavailable references
[915.486s][debug][gc,ref       ] GC(317) Skipped phase4 of Reference Processing due to unavailable references
[915.486s][debug][gc,age       ] GC(317) Desired survivor size 15400960 bytes, new threshold 6 (max threshold 6)
[915.486s][info ][gc,heap      ] GC(317) ParNew: 240934K->32K(270976K)
[915.486s][info ][gc,heap      ] GC(317) CMS: 260974K->260974K(602112K)
[915.486s][info ][gc,metaspace ] GC(317) Metaspace: 54170K->54170K(1097728K)
[915.486s][info ][gc           ] GC(317) Pause Young (Allocation Failure) 490M->254M(852M) 1.661ms
[915.486s][info ][gc,cpu       ] GC(317) User=0.00s Sys=0.00s Real=0.00s
[915.486s][info ][safepoint    ] Leaving safepoint region
[915.486s][info ][safepoint    ] Total time for which application threads were stopped: 0.0018466 seconds, Stopping threads took: 0.0000447 seconds
[918.932s][info ][safepoint    ] Application time: 3.4457534 seconds
[918.932s][info ][safepoint    ] Entering safepoint region: GenCollectForAllocation
[918.932s][info ][gc,start     ] GC(318) Pause Young (Allocation Failure)
[918.932s][info ][gc,task      ] GC(318) Using 4 workers of 4 for evacuation
[918.933s][debug][gc,ref       ] GC(318) Skipped phase1 of Reference Processing due to unavailable references
[918.933s][debug][gc,ref       ] GC(318) Skipped phase2 of Reference Processing due to unavailable references
[918.933s][debug][gc,ref       ] GC(318) Skipped phase3 of Reference Processing due to unavailable references
[918.933s][debug][gc,ref       ] GC(318) Skipped phase4 of Reference Processing due to unavailable references
[918.933s][debug][gc,age       ] GC(318) Desired survivor size 15400960 bytes, new threshold 6 (max threshold 6)
[918.933s][info ][gc,heap      ] GC(318) ParNew: 240928K->34K(270976K)
[918.933s][info ][gc,heap      ] GC(318) CMS: 260974K->260974K(602112K)
[918.933s][info ][gc,metaspace ] GC(318) Metaspace: 54170K->54170K(1097728K)
[918.933s][info ][gc           ] GC(318) Pause Young (Allocation Failure) 490M->254M(852M) 1.631ms
[918.933s][info ][gc,cpu       ] GC(318) User=0.01s Sys=0.00s Real=0.00s
[918.934s][info ][safepoint    ] Leaving safepoint region
[918.934s][info ][safepoint    ] Total time for which application threads were stopped: 0.0018161 seconds, Stopping threads took: 0.0000400 seconds
[922.334s][info ][safepoint    ] Application time: 3.4008932 seconds
[922.335s][info ][safepoint    ] Entering safepoint region: GenCollectForAllocation
[922.335s][info ][gc,start     ] GC(319) Pause Young (Allocation Failure)
[922.335s][info ][gc,task      ] GC(319) Using 4 workers of 4 for evacuation
[922.336s][debug][gc,ref       ] GC(319) Skipped phase1 of Reference Processing due to unavailable references
[922.336s][debug][gc,ref       ] GC(319) Skipped phase2 of Reference Processing due to unavailable references
[922.336s][debug][gc,ref       ] GC(319) Skipped phase3 of Reference Processing due to unavailable references
[922.336s][debug][gc,ref       ] GC(319) Skipped phase4 of Reference Processing due to unavailable references
[922.336s][debug][gc,age       ] GC(319) Desired survivor size 15400960 bytes, new threshold 6 (max threshold 6)
[922.336s][info ][gc,heap      ] GC(319) ParNew: 240930K->33K(270976K)
[922.336s][info ][gc,heap      ] GC(319) CMS: 260974K->260974K(602112K)
[922.336s][info ][gc,metaspace ] GC(319) Metaspace: 54170K->54170K(1097728K)
[922.336s][info ][gc           ] GC(319) Pause Young (Allocation Failure) 490M->254M(852M) 1.647ms
[922.336s][info ][gc,cpu       ] GC(319) User=0.00s Sys=0.00s Real=0.00s
[922.336s][info ][safepoint    ] Leaving safepoint region
[922.336s][info ][safepoint    ] Total time for which application threads were stopped: 0.0018450 seconds, Stopping threads took: 0.0000522 seconds
[925.783s][info ][safepoint    ] Application time: 3.4468237 seconds
[925.783s][info ][safepoint    ] Entering safepoint region: GenCollectForAllocation
[925.783s][info ][gc,start     ] GC(320) Pause Young (Allocation Failure)
[925.783s][info ][gc,task      ] GC(320) Using 4 workers of 4 for evacuation
[925.785s][debug][gc,ref       ] GC(320) Skipped phase1 of Reference Processing due to unavailable references
[925.785s][debug][gc,ref       ] GC(320) Skipped phase2 of Reference Processing due to unavailable references
[925.785s][debug][gc,ref       ] GC(320) Skipped phase3 of Reference Processing due to unavailable references
[925.785s][debug][gc,ref       ] GC(320) Skipped phase4 of Reference Processing due to unavailable references
[925.785s][debug][gc,age       ] GC(320) Desired survivor size 15400960 bytes, new threshold 6 (max threshold 6)
[925.785s][info ][gc,heap      ] GC(320) ParNew: 240929K->34K(270976K)
[925.785s][info ][gc,heap      ] GC(320) CMS: 260974K->260975K(602112K)
[925.785s][info ][gc,metaspace ] GC(320) Metaspace: 54170K->54170K(1097728K)
[925.785s][info ][gc           ] GC(320) Pause Young (Allocation Failure) 490M->254M(852M) 1.603ms
[925.785s][info ][gc,cpu       ] GC(320) User=0.01s Sys=0.00s Real=0.00s
[925.785s][info ][safepoint    ] Leaving safepoint region
[925.785s][info ][safepoint    ] Total time for which application threads were stopped: 0.0017600 seconds, Stopping threads took: 0.0000168 seconds
[929.233s][info ][safepoint    ] Application time: 3.4475830 seconds
[929.233s][info ][safepoint    ] Entering safepoint region: GenCollectForAllocation
[929.233s][info ][gc,start     ] GC(321) Pause Young (Allocation Failure)
[929.233s][info ][gc,task      ] GC(321) Using 4 workers of 4 for evacuation
[929.234s][debug][gc,ref       ] GC(321) Skipped phase1 of Reference Processing due to unavailable references
[929.234s][debug][gc,ref       ] GC(321) Skipped phase2 of Reference Processing due to unavailable references
[929.234s][debug][gc,ref       ] GC(321) Skipped phase3 of Reference Processing due to unavailable references
[929.234s][debug][gc,ref       ] GC(321) Skipped phase4 of Reference Processing due to unavailable references
[929.234s][debug][gc,age       ] GC(321) Desired survivor size 15400960 bytes, new threshold 6 (max threshold 6)
[929.234s][info ][gc,heap      ] GC(321) ParNew: 240930K->83K(270976K)
[929.234s][info ][gc,heap      ] GC(321) CMS: 260975K->260975K(602112K)
[929.234s][info ][gc,metaspace ] GC(321) Metaspace: 54170K->54170K(1097728K)
[929.234s][info ][gc           ] GC(321) Pause Young (Allocation Failure) 490M->254M(852M) 1.652ms
[929.234s][info ][gc,cpu       ] GC(321) User=0.00s Sys=0.00s Real=0.00s
[929.234s][info ][safepoint    ] Leaving safepoint region
[929.234s][info ][safepoint    ] Total time for which application threads were stopped: 0.0017932 seconds, Stopping threads took: 0.0000163 seconds
[932.682s][info ][safepoint    ] Application time: 3.4472369 seconds
[932.682s][info ][safepoint    ] Entering safepoint region: GenCollectForAllocation
[932.682s][info ][gc,start     ] GC(322) Pause Young (Allocation Failure)
[932.682s][info ][gc,task      ] GC(322) Using 4 workers of 4 for evacuation
[932.683s][debug][gc,ref       ] GC(322) Skipped phase1 of Reference Processing due to unavailable references
[932.683s][debug][gc,ref       ] GC(322) Skipped phase2 of Reference Processing due to unavailable references
[932.683s][debug][gc,ref       ] GC(322) Skipped phase3 of Reference Processing due to unavailable references
[932.683s][debug][gc,ref       ] GC(322) Skipped phase4 of Reference Processing due to unavailable references
[932.683s][debug][gc,age       ] GC(322) Desired survivor size 15400960 bytes, new threshold 6 (max threshold 6)
[932.683s][info ][gc,heap      ] GC(322) ParNew: 240979K->55K(270976K)
[932.683s][info ][gc,heap      ] GC(322) CMS: 260975K->260975K(602112K)
[932.683s][info ][gc,metaspace ] GC(322) Metaspace: 54170K->54170K(1097728K)
[932.683s][info ][gc           ] GC(322) Pause Young (Allocation Failure) 490M->254M(852M) 1.604ms
[932.683s][info ][gc,cpu       ] GC(322) User=0.00s Sys=0.01s Real=0.00s
[932.683s][info ][safepoint    ] Leaving safepoint region
[932.683s][info ][safepoint    ] Total time for which application threads were stopped: 0.0017642 seconds, Stopping threads took: 0.0000303 seconds
[936.085s][info ][safepoint    ] Application time: 3.4013446 seconds
[936.085s][info ][safepoint    ] Entering safepoint region: GenCollectForAllocation
[936.085s][info ][gc,start     ] GC(323) Pause Young (Allocation Failure)
[936.085s][info ][gc,task      ] GC(323) Using 4 workers of 4 for evacuation
[936.086s][debug][gc,ref       ] GC(323) Skipped phase1 of Reference Processing due to unavailable references
[936.086s][debug][gc,ref       ] GC(323) Skipped phase2 of Reference Processing due to unavailable references
[936.086s][debug][gc,ref       ] GC(323) Skipped phase3 of Reference Processing due to unavailable references
[936.086s][debug][gc,ref       ] GC(323) Skipped phase4 of Reference Processing due to unavailable references
[936.086s][debug][gc,age       ] GC(323) Desired survivor size 15400960 bytes, new threshold 6 (max threshold 6)
[936.086s][info ][gc,heap      ] GC(323) ParNew: 240951K->29K(270976K)
[936.086s][info ][gc,heap      ] GC(323) CMS: 260975K->260977K(602112K)
[936.087s][info ][gc,metaspace ] GC(323) Metaspace: 54170K->54170K(1097728K)
[936.087s][info ][gc           ] GC(323) Pause Young (Allocation Failure) 490M->254M(852M) 1.554ms
[936.087s][info ][gc,cpu       ] GC(323) User=0.00s Sys=0.00s Real=0.00s
[936.087s][info ][safepoint    ] Leaving safepoint region
[936.087s][info ][safepoint    ] Total time for which application threads were stopped: 0.0017252 seconds, Stopping threads took: 0.0000426 seconds
[937.087s][info ][safepoint    ] Application time: 1.0000896 seconds
[937.087s][info ][safepoint    ] Entering safepoint region: Cleanup
[937.087s][info ][safepoint    ] Leaving safepoint region
[937.087s][info ][safepoint    ] Total time for which application threads were stopped: 0.0000898 seconds, Stopping threads took: 0.0000160 seconds
[938.087s][info ][safepoint    ] Application time: 1.0001176 seconds
[938.087s][info ][safepoint    ] Entering safepoint region: Cleanup
[938.087s][info ][safepoint    ] Leaving safepoint region
[938.087s][info ][safepoint    ] Total time for which application threads were stopped: 0.0001213 seconds, Stopping threads took: 0.0000160 seconds
[939.087s][info ][safepoint    ] Application time: 1.0000958 seconds
[939.087s][info ][safepoint    ] Entering safepoint region: Cleanup
[939.087s][info ][safepoint    ] Leaving safepoint region
[939.087s][info ][safepoint    ] Total time for which application threads were stopped: 0.0000843 seconds, Stopping threads took: 0.0000172 seconds
[939.533s][info ][safepoint    ] Application time: 0.4456195 seconds
[939.533s][info ][safepoint    ] Entering safepoint region: GenCollectForAllocation
[939.533s][info ][gc,start     ] GC(324) Pause Young (Allocation Failure)
[939.533s][info ][gc,task      ] GC(324) Using 4 workers of 4 for evacuation
[939.535s][debug][gc,ref       ] GC(324) Skipped phase1 of Reference Processing due to unavailable references
[939.535s][debug][gc,ref       ] GC(324) Skipped phase3 of Reference Processing due to unavailable references
[939.535s][debug][gc,age       ] GC(324) Desired survivor size 15400960 bytes, new threshold 6 (max threshold 6)
[939.535s][info ][gc,heap      ] GC(324) ParNew: 240925K->125K(270976K)
[939.535s][info ][gc,heap      ] GC(324) CMS: 260977K->260977K(602112K)
[939.535s][info ][gc,metaspace ] GC(324) Metaspace: 54176K->54176K(1097728K)
[939.535s][info ][gc           ] GC(324) Pause Young (Allocation Failure) 490M->254M(852M) 1.698ms
[939.535s][info ][gc,cpu       ] GC(324) User=0.01s Sys=0.00s Real=0.00s
[939.535s][info ][safepoint    ] Leaving safepoint region
[939.535s][info ][safepoint    ] Total time for which application threads were stopped: 0.0018666 seconds, Stopping threads took: 0.0000324 seconds
[942.981s][info ][safepoint    ] Application time: 3.4462500 seconds
[942.981s][info ][safepoint    ] Entering safepoint region: GenCollectForAllocation
[942.981s][info ][gc,start     ] GC(325) Pause Young (Allocation Failure)
[942.981s][info ][gc,task      ] GC(325) Using 4 workers of 4 for evacuation
[942.986s][debug][gc,ref       ] GC(325) Skipped phase1 of Reference Processing due to unavailable references
[942.986s][debug][gc,ref       ] GC(325) Skipped phase3 of Reference Processing due to unavailable references
[942.986s][debug][gc,ref       ] GC(325) Skipped phase4 of Reference Processing due to unavailable references
[942.987s][debug][gc,age       ] GC(325) Desired survivor size 15400960 bytes, new threshold 6 (max threshold 6)
[942.987s][info ][gc,heap      ] GC(325) ParNew: 241021K->90K(270976K)
[942.987s][info ][gc,heap      ] GC(325) CMS: 260977K->260977K(602112K)
[942.987s][info ][gc,metaspace ] GC(325) Metaspace: 54176K->54176K(1097728K)
[942.987s][info ][gc           ] GC(325) Pause Young (Allocation Failure) 490M->254M(852M) 5.398ms
[942.987s][info ][gc,cpu       ] GC(325) User=0.01s Sys=0.00s Real=0.00s
[942.987s][info ][safepoint    ] Leaving safepoint region
[942.987s][info ][safepoint    ] Total time for which application threads were stopped: 0.0055579 seconds, Stopping threads took: 0.0000210 seconds
[946.384s][info ][safepoint    ] Application time: 3.3970491 seconds
[946.384s][info ][safepoint    ] Entering safepoint region: GenCollectForAllocation
[946.384s][info ][gc,start     ] GC(326) Pause Young (Allocation Failure)
[946.384s][info ][gc,task      ] GC(326) Using 4 workers of 4 for evacuation
[946.385s][debug][gc,ref       ] GC(326) Skipped phase1 of Reference Processing due to unavailable references
[946.385s][debug][gc,ref       ] GC(326) Skipped phase2 of Reference Processing due to unavailable references
[946.385s][debug][gc,ref       ] GC(326) Skipped phase3 of Reference Processing due to unavailable references
[946.385s][debug][gc,ref       ] GC(326) Skipped phase4 of Reference Processing due to unavailable references
[946.386s][debug][gc,age       ] GC(326) Desired survivor size 15400960 bytes, new threshold 6 (max threshold 6)
[946.386s][info ][gc,heap      ] GC(326) ParNew: 240986K->159K(270976K)
[946.386s][info ][gc,heap      ] GC(326) CMS: 260977K->260977K(602112K)
[946.386s][info ][gc,metaspace ] GC(326) Metaspace: 54176K->54176K(1097728K)
[946.386s][info ][gc           ] GC(326) Pause Young (Allocation Failure) 490M->255M(852M) 1.753ms
[946.386s][info ][gc,cpu       ] GC(326) User=0.00s Sys=0.00s Real=0.00s
[946.386s][info ][safepoint    ] Leaving safepoint region
[946.386s][info ][safepoint    ] Total time for which application threads were stopped: 0.0019106 seconds, Stopping threads took: 0.0000167 seconds
[949.832s][info ][safepoint    ] Application time: 3.4467371 seconds
[949.832s][info ][safepoint    ] Entering safepoint region: GenCollectForAllocation
[949.833s][info ][gc,start     ] GC(327) Pause Young (Allocation Failure)
[949.833s][info ][gc,task      ] GC(327) Using 4 workers of 4 for evacuation
[949.834s][debug][gc,ref       ] GC(327) Skipped phase1 of Reference Processing due to unavailable references
[949.834s][debug][gc,ref       ] GC(327) Skipped phase2 of Reference Processing due to unavailable references
[949.834s][debug][gc,ref       ] GC(327) Skipped phase3 of Reference Processing due to unavailable references
[949.834s][debug][gc,ref       ] GC(327) Skipped phase4 of Reference Processing due to unavailable references
[949.834s][debug][gc,age       ] GC(327) Desired survivor size 15400960 bytes, new threshold 6 (max threshold 6)
[949.834s][info ][gc,heap      ] GC(327) ParNew: 241055K->163K(270976K)
[949.834s][info ][gc,heap      ] GC(327) CMS: 260977K->260977K(602112K)
[949.834s][info ][gc,metaspace ] GC(327) Metaspace: 54177K->54177K(1097728K)
[949.834s][info ][gc           ] GC(327) Pause Young (Allocation Failure) 490M->255M(852M) 1.754ms
[949.834s][info ][gc,cpu       ] GC(327) User=0.01s Sys=0.00s Real=0.00s
[949.834s][info ][safepoint    ] Leaving safepoint region
[949.834s][info ][safepoint    ] Total time for which application threads were stopped: 0.0019335 seconds, Stopping threads took: 0.0000322 seconds
[953.235s][info ][safepoint    ] Application time: 3.4004143 seconds
[953.235s][info ][safepoint    ] Entering safepoint region: GenCollectForAllocation
[953.235s][info ][gc,start     ] GC(328) Pause Young (Allocation Failure)
[953.235s][info ][gc,task      ] GC(328) Using 4 workers of 4 for evacuation
[953.237s][debug][gc,ref       ] GC(328) Skipped phase1 of Reference Processing due to unavailable references
[953.237s][debug][gc,ref       ] GC(328) Skipped phase2 of Reference Processing due to unavailable references
[953.237s][debug][gc,ref       ] GC(328) Skipped phase3 of Reference Processing due to unavailable references
[953.237s][debug][gc,ref       ] GC(328) Skipped phase4 of Reference Processing due to unavailable references
[953.237s][debug][gc,age       ] GC(328) Desired survivor size 15400960 bytes, new threshold 6 (max threshold 6)
[953.237s][info ][gc,heap      ] GC(328) ParNew: 241059K->60K(270976K)
[953.237s][info ][gc,heap      ] GC(328) CMS: 260977K->260977K(602112K)
[953.237s][info ][gc,metaspace ] GC(328) Metaspace: 54177K->54177K(1097728K)
[953.237s][info ][gc           ] GC(328) Pause Young (Allocation Failure) 490M->254M(852M) 1.810ms
[953.237s][info ][gc,cpu       ] GC(328) User=0.00s Sys=0.00s Real=0.00s
[953.237s][info ][safepoint    ] Leaving safepoint region
[953.237s][info ][safepoint    ] Total time for which application threads were stopped: 0.0019800 seconds, Stopping threads took: 0.0000154 seconds
[956.237s][info ][safepoint    ] Application time: 3.0002333 seconds
[956.237s][info ][safepoint    ] Entering safepoint region: Cleanup
[956.237s][info ][safepoint    ] Leaving safepoint region
[956.237s][info ][safepoint    ] Total time for which application threads were stopped: 0.0000893 seconds, Stopping threads took: 0.0000156 seconds
[956.683s][info ][safepoint    ] Application time: 0.4459631 seconds
[956.683s][info ][safepoint    ] Entering safepoint region: GenCollectForAllocation
[956.683s][info ][gc,start     ] GC(329) Pause Young (Allocation Failure)
[956.683s][info ][gc,task      ] GC(329) Using 4 workers of 4 for evacuation
[956.685s][debug][gc,ref       ] GC(329) Skipped phase1 of Reference Processing due to unavailable references
[956.685s][debug][gc,ref       ] GC(329) Skipped phase3 of Reference Processing due to unavailable references
[956.685s][debug][gc,ref       ] GC(329) Skipped phase4 of Reference Processing due to unavailable references
[956.685s][debug][gc,age       ] GC(329) Desired survivor size 15400960 bytes, new threshold 6 (max threshold 6)
[956.685s][info ][gc,heap      ] GC(329) ParNew: 240956K->36K(270976K)
[956.685s][info ][gc,heap      ] GC(329) CMS: 260977K->260977K(602112K)
[956.685s][info ][gc,metaspace ] GC(329) Metaspace: 54177K->54177K(1097728K)
[956.685s][info ][gc           ] GC(329) Pause Young (Allocation Failure) 490M->254M(852M) 2.047ms
[956.685s][info ][gc,cpu       ] GC(329) User=0.00s Sys=0.00s Real=0.00s
[956.685s][info ][safepoint    ] Leaving safepoint region
[956.685s][info ][safepoint    ] Total time for which application threads were stopped: 0.0022278 seconds, Stopping threads took: 0.0000177 seconds
[960.132s][info ][safepoint    ] Application time: 3.4464607 seconds
[960.132s][info ][safepoint    ] Entering safepoint region: GenCollectForAllocation
[960.132s][info ][gc,start     ] GC(330) Pause Young (Allocation Failure)
[960.132s][info ][gc,task      ] GC(330) Using 4 workers of 4 for evacuation
[960.134s][debug][gc,ref       ] GC(330) Skipped phase1 of Reference Processing due to unavailable references
[960.134s][debug][gc,ref       ] GC(330) Skipped phase2 of Reference Processing due to unavailable references
[960.134s][debug][gc,ref       ] GC(330) Skipped phase3 of Reference Processing due to unavailable references
[960.134s][debug][gc,ref       ] GC(330) Skipped phase4 of Reference Processing due to unavailable references
[960.134s][debug][gc,age       ] GC(330) Desired survivor size 15400960 bytes, new threshold 6 (max threshold 6)
[960.134s][info ][gc,heap      ] GC(330) ParNew: 240932K->39K(270976K)
[960.134s][info ][gc,heap      ] GC(330) CMS: 260977K->260979K(602112K)
[960.134s][info ][gc,metaspace ] GC(330) Metaspace: 54177K->54177K(1097728K)
[960.134s][info ][gc           ] GC(330) Pause Young (Allocation Failure) 490M->254M(852M) 1.827ms
[960.134s][info ][gc,cpu       ] GC(330) User=0.01s Sys=0.00s Real=0.00s
[960.134s][info ][safepoint    ] Leaving safepoint region
[960.134s][info ][safepoint    ] Total time for which application threads were stopped: 0.0019688 seconds, Stopping threads took: 0.0000191 seconds
[963.134s][info ][safepoint    ] Application time: 3.0002482 seconds
[963.134s][info ][safepoint    ] Entering safepoint region: Cleanup
[963.134s][info ][safepoint    ] Leaving safepoint region
[963.134s][info ][safepoint    ] Total time for which application threads were stopped: 0.0001201 seconds, Stopping threads took: 0.0000399 seconds
[963.534s][info ][safepoint    ] Application time: 0.3997792 seconds
[963.534s][info ][safepoint    ] Entering safepoint region: GenCollectForAllocation
[963.534s][info ][gc,start     ] GC(331) Pause Young (Allocation Failure)
[963.534s][info ][gc,task      ] GC(331) Using 4 workers of 4 for evacuation
[963.536s][debug][gc,ref       ] GC(331) Skipped phase1 of Reference Processing due to unavailable references
[963.536s][debug][gc,ref       ] GC(331) Skipped phase2 of Reference Processing due to unavailable references
[963.536s][debug][gc,ref       ] GC(331) Skipped phase3 of Reference Processing due to unavailable references
[963.536s][debug][gc,ref       ] GC(331) Skipped phase4 of Reference Processing due to unavailable references
[963.536s][debug][gc,age       ] GC(331) Desired survivor size 15400960 bytes, new threshold 6 (max threshold 6)
[963.536s][info ][gc,heap      ] GC(331) ParNew: 240935K->25K(270976K)
[963.536s][info ][gc,heap      ] GC(331) CMS: 260979K->260979K(602112K)
[963.536s][info ][gc,metaspace ] GC(331) Metaspace: 54177K->54177K(1097728K)
[963.536s][info ][gc           ] GC(331) Pause Young (Allocation Failure) 490M->254M(852M) 1.602ms
[963.536s][info ][gc,cpu       ] GC(331) User=0.01s Sys=0.00s Real=0.00s
[963.536s][info ][safepoint    ] Leaving safepoint region
[963.536s][info ][safepoint    ] Total time for which application threads were stopped: 0.0017512 seconds, Stopping threads took: 0.0000190 seconds
[966.983s][info ][safepoint    ] Application time: 3.4469629 seconds
[966.983s][info ][safepoint    ] Entering safepoint region: GenCollectForAllocation
[966.983s][info ][gc,start     ] GC(332) Pause Young (Allocation Failure)
[966.983s][info ][gc,task      ] GC(332) Using 4 workers of 4 for evacuation
[966.985s][debug][gc,ref       ] GC(332) Skipped phase1 of Reference Processing due to unavailable references
[966.985s][debug][gc,ref       ] GC(332) Skipped phase2 of Reference Processing due to unavailable references
[966.985s][debug][gc,ref       ] GC(332) Skipped phase3 of Reference Processing due to unavailable references
[966.985s][debug][gc,ref       ] GC(332) Skipped phase4 of Reference Processing due to unavailable references
[966.985s][debug][gc,age       ] GC(332) Desired survivor size 15400960 bytes, new threshold 6 (max threshold 6)
[966.985s][info ][gc,heap      ] GC(332) ParNew: 240921K->28K(270976K)
[966.985s][info ][gc,heap      ] GC(332) CMS: 260979K->260979K(602112K)
[966.985s][info ][gc,metaspace ] GC(332) Metaspace: 54178K->54178K(1097728K)
[966.985s][info ][gc           ] GC(332) Pause Young (Allocation Failure) 490M->254M(852M) 1.681ms
[966.985s][info ][gc,cpu       ] GC(332) User=0.00s Sys=0.00s Real=0.00s
[966.985s][info ][safepoint    ] Leaving safepoint region
[966.985s][info ][safepoint    ] Total time for which application threads were stopped: 0.0018688 seconds, Stopping threads took: 0.0000331 seconds
[970.431s][info ][safepoint    ] Application time: 3.4466633 seconds
[970.431s][info ][safepoint    ] Entering safepoint region: GenCollectForAllocation
[970.432s][info ][gc,start     ] GC(333) Pause Young (Allocation Failure)
[970.432s][info ][gc,task      ] GC(333) Using 4 workers of 4 for evacuation
[970.433s][debug][gc,ref       ] GC(333) Skipped phase1 of Reference Processing due to unavailable references
[970.433s][debug][gc,ref       ] GC(333) Skipped phase2 of Reference Processing due to unavailable references
[970.433s][debug][gc,ref       ] GC(333) Skipped phase3 of Reference Processing due to unavailable references
[970.433s][debug][gc,ref       ] GC(333) Skipped phase4 of Reference Processing due to unavailable references
[970.433s][debug][gc,age       ] GC(333) Desired survivor size 15400960 bytes, new threshold 6 (max threshold 6)
[970.433s][info ][gc,heap      ] GC(333) ParNew: 240924K->34K(270976K)
[970.433s][info ][gc,heap      ] GC(333) CMS: 260979K->260979K(602112K)
[970.433s][info ][gc,metaspace ] GC(333) Metaspace: 54178K->54178K(1097728K)
[970.433s][info ][gc           ] GC(333) Pause Young (Allocation Failure) 490M->254M(852M) 1.607ms
[970.433s][info ][gc,cpu       ] GC(333) User=0.01s Sys=0.00s Real=0.00s
[970.433s][info ][safepoint    ] Leaving safepoint region
[970.433s][info ][safepoint    ] Total time for which application threads were stopped: 0.0017476 seconds, Stopping threads took: 0.0000147 seconds
[973.834s][info ][safepoint    ] Application time: 3.4005940 seconds
[973.834s][info ][safepoint    ] Entering safepoint region: GenCollectForAllocation
[973.834s][info ][gc,start     ] GC(334) Pause Young (Allocation Failure)
[973.834s][info ][gc,task      ] GC(334) Using 4 workers of 4 for evacuation
[973.836s][debug][gc,ref       ] GC(334) Skipped phase1 of Reference Processing due to unavailable references
[973.836s][debug][gc,ref       ] GC(334) Skipped phase2 of Reference Processing due to unavailable references
[973.836s][debug][gc,ref       ] GC(334) Skipped phase3 of Reference Processing due to unavailable references
[973.836s][debug][gc,ref       ] GC(334) Skipped phase4 of Reference Processing due to unavailable references
[973.836s][debug][gc,age       ] GC(334) Desired survivor size 15400960 bytes, new threshold 6 (max threshold 6)
[973.836s][info ][gc,heap      ] GC(334) ParNew: 240930K->104K(270976K)
[973.836s][info ][gc,heap      ] GC(334) CMS: 260979K->260979K(602112K)
[973.836s][info ][gc,metaspace ] GC(334) Metaspace: 54178K->54178K(1097728K)
[973.836s][info ][gc           ] GC(334) Pause Young (Allocation Failure) 490M->254M(852M) 1.892ms
[973.836s][info ][gc,cpu       ] GC(334) User=0.00s Sys=0.00s Real=0.00s
[973.836s][info ][safepoint    ] Leaving safepoint region
[973.836s][info ][safepoint    ] Total time for which application threads were stopped: 0.0020624 seconds, Stopping threads took: 0.0000429 seconds
[977.283s][info ][safepoint    ] Application time: 3.4467363 seconds
[977.283s][info ][safepoint    ] Entering safepoint region: GenCollectForAllocation
[977.283s][info ][gc,start     ] GC(335) Pause Young (Allocation Failure)
[977.283s][info ][gc,task      ] GC(335) Using 4 workers of 4 for evacuation
[977.284s][debug][gc,ref       ] GC(335) Skipped phase1 of Reference Processing due to unavailable references
[977.284s][debug][gc,ref       ] GC(335) Skipped phase2 of Reference Processing due to unavailable references
[977.284s][debug][gc,ref       ] GC(335) Skipped phase3 of Reference Processing due to unavailable references
[977.284s][debug][gc,ref       ] GC(335) Skipped phase4 of Reference Processing due to unavailable references
[977.284s][debug][gc,age       ] GC(335) Desired survivor size 15400960 bytes, new threshold 6 (max threshold 6)
[977.284s][info ][gc,heap      ] GC(335) ParNew: 241000K->74K(270976K)
[977.284s][info ][gc,heap      ] GC(335) CMS: 260979K->260979K(602112K)
[977.284s][info ][gc,metaspace ] GC(335) Metaspace: 54178K->54178K(1097728K)
[977.284s][info ][gc           ] GC(335) Pause Young (Allocation Failure) 490M->254M(852M) 1.623ms
[977.284s][info ][gc,cpu       ] GC(335) User=0.00s Sys=0.01s Real=0.00s
[977.284s][info ][safepoint    ] Leaving safepoint region
[977.284s][info ][safepoint    ] Total time for which application threads were stopped: 0.0017765 seconds, Stopping threads took: 0.0000293 seconds
[980.731s][info ][safepoint    ] Application time: 3.4466398 seconds
[980.731s][info ][safepoint    ] Entering safepoint region: GenCollectForAllocation
[980.731s][info ][gc,start     ] GC(336) Pause Young (Allocation Failure)
[980.731s][info ][gc,task      ] GC(336) Using 4 workers of 4 for evacuation
[980.733s][debug][gc,ref       ] GC(336) Skipped phase1 of Reference Processing due to unavailable references
[980.733s][debug][gc,ref       ] GC(336) Skipped phase2 of Reference Processing due to unavailable references
[980.733s][debug][gc,ref       ] GC(336) Skipped phase3 of Reference Processing due to unavailable references
[980.733s][debug][gc,ref       ] GC(336) Skipped phase4 of Reference Processing due to unavailable references
[980.733s][debug][gc,age       ] GC(336) Desired survivor size 15400960 bytes, new threshold 6 (max threshold 6)
[980.733s][info ][gc,heap      ] GC(336) ParNew: 240970K->36K(270976K)
[980.733s][info ][gc,heap      ] GC(336) CMS: 260979K->260979K(602112K)
[980.733s][info ][gc,metaspace ] GC(336) Metaspace: 54178K->54178K(1097728K)
[980.733s][info ][gc           ] GC(336) Pause Young (Allocation Failure) 490M->254M(852M) 2.045ms
[980.733s][info ][gc,cpu       ] GC(336) User=0.00s Sys=0.00s Real=0.00s
[980.733s][info ][safepoint    ] Leaving safepoint region
[980.733s][info ][safepoint    ] Total time for which application threads were stopped: 0.0021833 seconds, Stopping threads took: 0.0000191 seconds
[981.733s][info ][safepoint    ] Application time: 1.0001174 seconds
[981.734s][info ][safepoint    ] Entering safepoint region: Cleanup
[981.734s][info ][safepoint    ] Leaving safepoint region
[981.734s][info ][safepoint    ] Total time for which application threads were stopped: 0.0001045 seconds, Stopping threads took: 0.0000392 seconds
[984.134s][info ][safepoint    ] Application time: 2.4005352 seconds
[984.134s][info ][safepoint    ] Entering safepoint region: GenCollectForAllocation
[984.134s][info ][gc,start     ] GC(337) Pause Young (Allocation Failure)
[984.134s][info ][gc,task      ] GC(337) Using 4 workers of 4 for evacuation
[984.136s][debug][gc,ref       ] GC(337) Skipped phase1 of Reference Processing due to unavailable references
[984.136s][debug][gc,ref       ] GC(337) Skipped phase2 of Reference Processing due to unavailable references
[984.136s][debug][gc,ref       ] GC(337) Skipped phase3 of Reference Processing due to unavailable references
[984.136s][debug][gc,ref       ] GC(337) Skipped phase4 of Reference Processing due to unavailable references
[984.136s][debug][gc,age       ] GC(337) Desired survivor size 15400960 bytes, new threshold 6 (max threshold 6)
[984.136s][info ][gc,heap      ] GC(337) ParNew: 240932K->72K(270976K)
[984.136s][info ][gc,heap      ] GC(337) CMS: 260979K->260979K(602112K)
[984.136s][info ][gc,metaspace ] GC(337) Metaspace: 54178K->54178K(1097728K)
[984.136s][info ][gc           ] GC(337) Pause Young (Allocation Failure) 490M->254M(852M) 1.866ms
[984.136s][info ][gc,cpu       ] GC(337) User=0.01s Sys=0.00s Real=0.00s
[984.136s][info ][safepoint    ] Leaving safepoint region
[984.136s][info ][safepoint    ] Total time for which application threads were stopped: 0.0020258 seconds, Stopping threads took: 0.0000162 seconds
[987.583s][info ][safepoint    ] Application time: 3.4468506 seconds
[987.583s][info ][safepoint    ] Entering safepoint region: GenCollectForAllocation
[987.583s][info ][gc,start     ] GC(338) Pause Young (Allocation Failure)
[987.583s][info ][gc,task      ] GC(338) Using 4 workers of 4 for evacuation
[987.585s][debug][gc,ref       ] GC(338) Skipped phase1 of Reference Processing due to unavailable references
[987.585s][debug][gc,ref       ] GC(338) Skipped phase2 of Reference Processing due to unavailable references
[987.585s][debug][gc,ref       ] GC(338) Skipped phase3 of Reference Processing due to unavailable references
[987.585s][debug][gc,ref       ] GC(338) Skipped phase4 of Reference Processing due to unavailable references
[987.585s][debug][gc,age       ] GC(338) Desired survivor size 15400960 bytes, new threshold 6 (max threshold 6)
[987.585s][info ][gc,heap      ] GC(338) ParNew: 240968K->101K(270976K)
[987.585s][info ][gc,heap      ] GC(338) CMS: 260979K->260979K(602112K)
[987.585s][info ][gc,metaspace ] GC(338) Metaspace: 54178K->54178K(1097728K)
[987.585s][info ][gc           ] GC(338) Pause Young (Allocation Failure) 490M->254M(852M) 1.568ms
[987.585s][info ][gc,cpu       ] GC(338) User=0.00s Sys=0.00s Real=0.00s
[987.585s][info ][safepoint    ] Leaving safepoint region
[987.585s][info ][safepoint    ] Total time for which application threads were stopped: 0.0017213 seconds, Stopping threads took: 0.0000177 seconds
[991.032s][info ][safepoint    ] Application time: 3.4473571 seconds
[991.032s][info ][safepoint    ] Entering safepoint region: GenCollectForAllocation
[991.032s][info ][gc,start     ] GC(339) Pause Young (Allocation Failure)
[991.032s][info ][gc,task      ] GC(339) Using 4 workers of 4 for evacuation
[991.034s][debug][gc,ref       ] GC(339) Skipped phase1 of Reference Processing due to unavailable references
[991.034s][debug][gc,ref       ] GC(339) Skipped phase2 of Reference Processing due to unavailable references
[991.034s][debug][gc,ref       ] GC(339) Skipped phase3 of Reference Processing due to unavailable references
[991.034s][debug][gc,ref       ] GC(339) Skipped phase4 of Reference Processing due to unavailable references
[991.034s][debug][gc,age       ] GC(339) Desired survivor size 15400960 bytes, new threshold 6 (max threshold 6)
[991.034s][info ][gc,heap      ] GC(339) ParNew: 240997K->125K(270976K)
[991.034s][info ][gc,heap      ] GC(339) CMS: 260979K->260979K(602112K)
[991.034s][info ][gc,metaspace ] GC(339) Metaspace: 54178K->54178K(1097728K)
[991.034s][info ][gc           ] GC(339) Pause Young (Allocation Failure) 490M->254M(852M) 1.556ms
[991.034s][info ][gc,cpu       ] GC(339) User=0.00s Sys=0.00s Real=0.00s
[991.034s][info ][safepoint    ] Leaving safepoint region
[991.034s][info ][safepoint    ] Total time for which application threads were stopped: 0.0017043 seconds, Stopping threads took: 0.0000163 seconds
[994.481s][info ][safepoint    ] Application time: 3.4472555 seconds
[994.481s][info ][safepoint    ] Entering safepoint region: GenCollectForAllocation
[994.481s][info ][gc,start     ] GC(340) Pause Young (Allocation Failure)
[994.481s][info ][gc,task      ] GC(340) Using 4 workers of 4 for evacuation
[994.483s][debug][gc,ref       ] GC(340) Skipped phase1 of Reference Processing due to unavailable references
[994.483s][debug][gc,ref       ] GC(340) Skipped phase2 of Reference Processing due to unavailable references
[994.483s][debug][gc,ref       ] GC(340) Skipped phase3 of Reference Processing due to unavailable references
[994.483s][debug][gc,ref       ] GC(340) Skipped phase4 of Reference Processing due to unavailable references
[994.483s][debug][gc,age       ] GC(340) Desired survivor size 15400960 bytes, new threshold 6 (max threshold 6)
[994.483s][info ][gc,heap      ] GC(340) ParNew: 241021K->82K(270976K)
[994.483s][info ][gc,heap      ] GC(340) CMS: 260979K->260979K(602112K)
[994.483s][info ][gc,metaspace ] GC(340) Metaspace: 54178K->54178K(1097728K)
[994.483s][info ][gc           ] GC(340) Pause Young (Allocation Failure) 490M->254M(852M) 1.719ms
[994.483s][info ][gc,cpu       ] GC(340) User=0.01s Sys=0.00s Real=0.00s
[994.483s][info ][safepoint    ] Leaving safepoint region
[994.483s][info ][safepoint    ] Total time for which application threads were stopped: 0.0018685 seconds, Stopping threads took: 0.0000167 seconds
[997.884s][info ][safepoint    ] Application time: 3.4011546 seconds
[997.884s][info ][safepoint    ] Entering safepoint region: GenCollectForAllocation
[997.884s][info ][gc,start     ] GC(341) Pause Young (Allocation Failure)
[997.884s][info ][gc,task      ] GC(341) Using 4 workers of 4 for evacuation
[997.886s][debug][gc,ref       ] GC(341) Skipped phase1 of Reference Processing due to unavailable references
[997.886s][debug][gc,ref       ] GC(341) Skipped phase2 of Reference Processing due to unavailable references
[997.886s][debug][gc,ref       ] GC(341) Skipped phase3 of Reference Processing due to unavailable references
[997.886s][debug][gc,ref       ] GC(341) Skipped phase4 of Reference Processing due to unavailable references
[997.887s][debug][gc,age       ] GC(341) Desired survivor size 15400960 bytes, new threshold 6 (max threshold 6)
[997.887s][info ][gc,heap      ] GC(341) ParNew: 240978K->131K(270976K)
[997.887s][info ][gc,heap      ] GC(341) CMS: 260979K->260979K(602112K)
[997.887s][info ][gc,metaspace ] GC(341) Metaspace: 54178K->54178K(1097728K)
[997.887s][info ][gc           ] GC(341) Pause Young (Allocation Failure) 490M->254M(852M) 2.118ms
[997.887s][info ][gc,cpu       ] GC(341) User=0.00s Sys=0.00s Real=0.00s
[997.887s][info ][safepoint    ] Leaving safepoint region
[997.887s][info ][safepoint    ] Total time for which application threads were stopped: 0.0022864 seconds, Stopping threads took: 0.0000162 seconds
[1000.887s][info ][safepoint    ] Application time: 3.0002424 seconds
[1000.887s][info ][safepoint    ] Entering safepoint region: Cleanup
[1000.887s][info ][safepoint    ] Leaving safepoint region
[1000.887s][info ][safepoint    ] Total time for which application threads were stopped: 0.0000901 seconds, Stopping threads took: 0.0000159 seconds
[1001.333s][info ][safepoint    ] Application time: 0.4461589 seconds
[1001.333s][info ][safepoint    ] Entering safepoint region: GenCollectForAllocation
[1001.333s][info ][gc,start     ] GC(342) Pause Young (Allocation Failure)
[1001.333s][info ][gc,task      ] GC(342) Using 4 workers of 4 for evacuation
[1001.335s][debug][gc,ref       ] GC(342) Skipped phase1 of Reference Processing due to unavailable references
[1001.335s][debug][gc,ref       ] GC(342) Skipped phase2 of Reference Processing due to unavailable references
[1001.335s][debug][gc,ref       ] GC(342) Skipped phase3 of Reference Processing due to unavailable references
[1001.335s][debug][gc,ref       ] GC(342) Skipped phase4 of Reference Processing due to unavailable references
[1001.335s][debug][gc,age       ] GC(342) Desired survivor size 15400960 bytes, new threshold 6 (max threshold 6)
[1001.335s][info ][gc,heap      ] GC(342) ParNew: 241027K->90K(270976K)
[1001.335s][info ][gc,heap      ] GC(342) CMS: 260979K->260979K(602112K)
[1001.335s][info ][gc,metaspace ] GC(342) Metaspace: 54178K->54178K(1097728K)
[1001.335s][info ][gc           ] GC(342) Pause Young (Allocation Failure) 490M->254M(852M) 1.576ms
[1001.335s][info ][gc,cpu       ] GC(342) User=0.00s Sys=0.00s Real=0.00s
[1001.335s][info ][safepoint    ] Leaving safepoint region
[1001.335s][info ][safepoint    ] Total time for which application threads were stopped: 0.0017336 seconds, Stopping threads took: 0.0000153 seconds
[1004.335s][info ][safepoint    ] Application time: 3.0002360 seconds
[1004.335s][info ][safepoint    ] Entering safepoint region: Cleanup
[1004.335s][info ][safepoint    ] Leaving safepoint region
[1004.335s][info ][safepoint    ] Total time for which application threads were stopped: 0.0000996 seconds, Stopping threads took: 0.0000159 seconds
[1004.783s][info ][safepoint    ] Application time: 0.4473655 seconds
[1004.783s][info ][safepoint    ] Entering safepoint region: GenCollectForAllocation
[1004.783s][info ][gc,start     ] GC(343) Pause Young (Allocation Failure)
[1004.783s][info ][gc,task      ] GC(343) Using 4 workers of 4 for evacuation
[1004.784s][debug][gc,ref       ] GC(343) Skipped phase1 of Reference Processing due to unavailable references
[1004.784s][debug][gc,ref       ] GC(343) Skipped phase2 of Reference Processing due to unavailable references
[1004.784s][debug][gc,ref       ] GC(343) Skipped phase3 of Reference Processing due to unavailable references
[1004.784s][debug][gc,ref       ] GC(343) Skipped phase4 of Reference Processing due to unavailable references
[1004.784s][debug][gc,age       ] GC(343) Desired survivor size 15400960 bytes, new threshold 6 (max threshold 6)
[1004.784s][info ][gc,heap      ] GC(343) ParNew: 240986K->90K(270976K)
[1004.784s][info ][gc,heap      ] GC(343) CMS: 260979K->260979K(602112K)
[1004.784s][info ][gc,metaspace ] GC(343) Metaspace: 54178K->54178K(1097728K)
[1004.784s][info ][gc           ] GC(343) Pause Young (Allocation Failure) 490M->254M(852M) 1.614ms
[1004.784s][info ][gc,cpu       ] GC(343) User=0.00s Sys=0.00s Real=0.00s
[1004.784s][info ][safepoint    ] Leaving safepoint region
[1004.784s][info ][safepoint    ] Total time for which application threads were stopped: 0.0017603 seconds, Stopping threads took: 0.0000163 seconds
[1005.785s][info ][safepoint    ] Application time: 1.0000611 seconds
[1005.785s][info ][safepoint    ] Entering safepoint region: Cleanup
[1005.785s][info ][safepoint    ] Leaving safepoint region
[1005.785s][info ][safepoint    ] Total time for which application threads were stopped: 0.0001326 seconds, Stopping threads took: 0.0000631 seconds
[1008.231s][info ][safepoint    ] Application time: 2.4466694 seconds
[1008.231s][info ][safepoint    ] Entering safepoint region: GenCollectForAllocation
[1008.232s][info ][gc,start     ] GC(344) Pause Young (Allocation Failure)
[1008.232s][info ][gc,task      ] GC(344) Using 4 workers of 4 for evacuation
[1008.233s][debug][gc,ref       ] GC(344) Skipped phase1 of Reference Processing due to unavailable references
[1008.233s][debug][gc,ref       ] GC(344) Skipped phase2 of Reference Processing due to unavailable references
[1008.233s][debug][gc,ref       ] GC(344) Skipped phase3 of Reference Processing due to unavailable references
[1008.233s][debug][gc,ref       ] GC(344) Skipped phase4 of Reference Processing due to unavailable references
[1008.233s][debug][gc,age       ] GC(344) Desired survivor size 15400960 bytes, new threshold 6 (max threshold 6)
[1008.233s][info ][gc,heap      ] GC(344) ParNew: 240986K->60K(270976K)
[1008.233s][info ][gc,heap      ] GC(344) CMS: 260979K->260979K(602112K)
[1008.233s][info ][gc,metaspace ] GC(344) Metaspace: 54179K->54179K(1097728K)
[1008.233s][info ][gc           ] GC(344) Pause Young (Allocation Failure) 490M->254M(852M) 1.589ms
[1008.233s][info ][gc,cpu       ] GC(344) User=0.01s Sys=0.00s Real=0.00s
[1008.233s][info ][safepoint    ] Leaving safepoint region
[1008.233s][info ][safepoint    ] Total time for which application threads were stopped: 0.0017463 seconds, Stopping threads took: 0.0000356 seconds
[1011.636s][info ][safepoint    ] Application time: 3.4026858 seconds
[1011.636s][info ][safepoint    ] Entering safepoint region: GenCollectForAllocation
[1011.636s][info ][gc,start     ] GC(345) Pause Young (Allocation Failure)
[1011.636s][info ][gc,task      ] GC(345) Using 4 workers of 4 for evacuation
[1011.638s][debug][gc,ref       ] GC(345) Skipped phase1 of Reference Processing due to unavailable references
[1011.638s][debug][gc,ref       ] GC(345) Skipped phase2 of Reference Processing due to unavailable references
[1011.638s][debug][gc,ref       ] GC(345) Skipped phase3 of Reference Processing due to unavailable references
[1011.638s][debug][gc,ref       ] GC(345) Skipped phase4 of Reference Processing due to unavailable references
[1011.638s][debug][gc,age       ] GC(345) Desired survivor size 15400960 bytes, new threshold 6 (max threshold 6)
[1011.638s][info ][gc,heap      ] GC(345) ParNew: 240956K->36K(270976K)
[1011.638s][info ][gc,heap      ] GC(345) CMS: 260979K->260980K(602112K)
[1011.638s][info ][gc,metaspace ] GC(345) Metaspace: 54179K->54179K(1097728K)
[1011.638s][info ][gc           ] GC(345) Pause Young (Allocation Failure) 490M->254M(852M) 1.794ms
[1011.638s][info ][gc,cpu       ] GC(345) User=0.01s Sys=0.00s Real=0.00s
[1011.638s][info ][safepoint    ] Leaving safepoint region
[1011.638s][info ][safepoint    ] Total time for which application threads were stopped: 0.0019331 seconds, Stopping threads took: 0.0000160 seconds
[1015.084s][info ][safepoint    ] Application time: 3.4457479 seconds
[1015.084s][info ][safepoint    ] Entering safepoint region: GenCollectForAllocation
[1015.084s][info ][gc,start     ] GC(346) Pause Young (Allocation Failure)
[1015.084s][info ][gc,task      ] GC(346) Using 4 workers of 4 for evacuation
[1015.085s][debug][gc,ref       ] GC(346) Skipped phase1 of Reference Processing due to unavailable references
[1015.085s][debug][gc,ref       ] GC(346) Skipped phase2 of Reference Processing due to unavailable references
[1015.085s][debug][gc,ref       ] GC(346) Skipped phase3 of Reference Processing due to unavailable references
[1015.085s][debug][gc,ref       ] GC(346) Skipped phase4 of Reference Processing due to unavailable references
[1015.085s][debug][gc,age       ] GC(346) Desired survivor size 15400960 bytes, new threshold 6 (max threshold 6)
[1015.085s][info ][gc,heap      ] GC(346) ParNew: 240932K->113K(270976K)
[1015.085s][info ][gc,heap      ] GC(346) CMS: 260980K->260980K(602112K)
[1015.085s][info ][gc,metaspace ] GC(346) Metaspace: 54179K->54179K(1097728K)
[1015.085s][info ][gc           ] GC(346) Pause Young (Allocation Failure) 490M->254M(852M) 1.640ms
[1015.085s][info ][gc,cpu       ] GC(346) User=0.00s Sys=0.00s Real=0.00s
[1015.085s][info ][safepoint    ] Leaving safepoint region
[1015.085s][info ][safepoint    ] Total time for which application threads were stopped: 0.0017994 seconds, Stopping threads took: 0.0000160 seconds
[1017.086s][info ][safepoint    ] Application time: 2.0002313 seconds
[1017.086s][info ][safepoint    ] Entering safepoint region: Cleanup
[1017.086s][info ][safepoint    ] Leaving safepoint region
[1017.086s][info ][safepoint    ] Total time for which application threads were stopped: 0.0000733 seconds, Stopping threads took: 0.0000172 seconds
[1018.533s][info ][safepoint    ] Application time: 1.4471395 seconds
[1018.533s][info ][safepoint    ] Entering safepoint region: GenCollectForAllocation
[1018.533s][info ][gc,start     ] GC(347) Pause Young (Allocation Failure)
[1018.533s][info ][gc,task      ] GC(347) Using 4 workers of 4 for evacuation
[1018.535s][debug][gc,ref       ] GC(347) Skipped phase1 of Reference Processing due to unavailable references
[1018.535s][debug][gc,ref       ] GC(347) Skipped phase2 of Reference Processing due to unavailable references
[1018.535s][debug][gc,ref       ] GC(347) Skipped phase3 of Reference Processing due to unavailable references
[1018.535s][debug][gc,ref       ] GC(347) Skipped phase4 of Reference Processing due to unavailable references
[1018.535s][debug][gc,age       ] GC(347) Desired survivor size 15400960 bytes, new threshold 6 (max threshold 6)
[1018.535s][info ][gc,heap      ] GC(347) ParNew: 241009K->179K(270976K)
[1018.535s][info ][gc,heap      ] GC(347) CMS: 260980K->260980K(602112K)
[1018.535s][info ][gc,metaspace ] GC(347) Metaspace: 54179K->54179K(1097728K)
[1018.535s][info ][gc           ] GC(347) Pause Young (Allocation Failure) 490M->255M(852M) 2.065ms
[1018.535s][info ][gc,cpu       ] GC(347) User=0.01s Sys=0.00s Real=0.00s
[1018.535s][info ][safepoint    ] Leaving safepoint region
[1018.535s][info ][safepoint    ] Total time for which application threads were stopped: 0.0022166 seconds, Stopping threads took: 0.0000181 seconds
[1021.982s][info ][safepoint    ] Application time: 3.4469566 seconds
[1021.982s][info ][safepoint    ] Entering safepoint region: GenCollectForAllocation
[1021.982s][info ][gc,start     ] GC(348) Pause Young (Allocation Failure)
[1021.982s][info ][gc,task      ] GC(348) Using 4 workers of 4 for evacuation
[1021.984s][debug][gc,ref       ] GC(348) Skipped phase1 of Reference Processing due to unavailable references
[1021.984s][debug][gc,ref       ] GC(348) Skipped phase2 of Reference Processing due to unavailable references
[1021.984s][debug][gc,ref       ] GC(348) Skipped phase3 of Reference Processing due to unavailable references
[1021.984s][debug][gc,ref       ] GC(348) Skipped phase4 of Reference Processing due to unavailable references
[1021.984s][debug][gc,age       ] GC(348) Desired survivor size 15400960 bytes, new threshold 6 (max threshold 6)
[1021.984s][info ][gc,heap      ] GC(348) ParNew: 241075K->119K(270976K)
[1021.984s][info ][gc,heap      ] GC(348) CMS: 260980K->260980K(602112K)
[1021.984s][info ][gc,metaspace ] GC(348) Metaspace: 54179K->54179K(1097728K)
[1021.984s][info ][gc           ] GC(348) Pause Young (Allocation Failure) 490M->254M(852M) 1.565ms
[1021.984s][info ][gc,cpu       ] GC(348) User=0.00s Sys=0.00s Real=0.00s
[1021.984s][info ][safepoint    ] Leaving safepoint region
[1021.984s][info ][safepoint    ] Total time for which application threads were stopped: 0.0017058 seconds, Stopping threads took: 0.0000164 seconds
[1025.431s][info ][safepoint    ] Application time: 3.4472691 seconds
[1025.431s][info ][safepoint    ] Entering safepoint region: GenCollectForAllocation
[1025.431s][info ][gc,start     ] GC(349) Pause Young (Allocation Failure)
[1025.431s][info ][gc,task      ] GC(349) Using 4 workers of 4 for evacuation
[1025.433s][debug][gc,ref       ] GC(349) Skipped phase1 of Reference Processing due to unavailable references
[1025.433s][debug][gc,ref       ] GC(349) Skipped phase2 of Reference Processing due to unavailable references
[1025.433s][debug][gc,ref       ] GC(349) Skipped phase3 of Reference Processing due to unavailable references
[1025.433s][debug][gc,ref       ] GC(349) Skipped phase4 of Reference Processing due to unavailable references
[1025.433s][debug][gc,age       ] GC(349) Desired survivor size 15400960 bytes, new threshold 6 (max threshold 6)
[1025.433s][info ][gc,heap      ] GC(349) ParNew: 241015K->37K(270976K)
[1025.433s][info ][gc,heap      ] GC(349) CMS: 260980K->260980K(602112K)
[1025.433s][info ][gc,metaspace ] GC(349) Metaspace: 54179K->54179K(1097728K)
[1025.434s][info ][gc           ] GC(349) Pause Young (Allocation Failure) 490M->254M(852M) 2.160ms
[1025.434s][info ][gc,cpu       ] GC(349) User=0.01s Sys=0.00s Real=0.00s
[1025.434s][info ][safepoint    ] Leaving safepoint region
[1025.434s][info ][safepoint    ] Total time for which application threads were stopped: 0.0023358 seconds, Stopping threads took: 0.0000233 seconds
[1027.434s][info ][safepoint    ] Application time: 2.0001918 seconds
[1027.434s][info ][safepoint    ] Entering safepoint region: Cleanup
[1027.434s][info ][safepoint    ] Leaving safepoint region
[1027.434s][info ][safepoint    ] Total time for which application threads were stopped: 0.0001129 seconds, Stopping threads took: 0.0000397 seconds
[1028.834s][info ][safepoint    ] Application time: 1.4002648 seconds
[1028.834s][info ][safepoint    ] Entering safepoint region: GenCollectForAllocation
[1028.834s][info ][safepoint    ] Leaving safepoint region
[1028.834s][info ][safepoint    ] Total time for which application threads were stopped: 0.0000902 seconds, Stopping threads took: 0.0000165 seconds
[1028.834s][info ][safepoint    ] Application time: 0.0000752 seconds
[1028.834s][info ][safepoint    ] Entering safepoint region: GenCollectForAllocation
[1028.834s][info ][gc,start     ] GC(350) Pause Young (Allocation Failure)
[1028.835s][info ][gc,task      ] GC(350) Using 4 workers of 4 for evacuation
[1028.836s][debug][gc,ref       ] GC(350) Skipped phase1 of Reference Processing due to unavailable references
[1028.836s][debug][gc,ref       ] GC(350) Skipped phase2 of Reference Processing due to unavailable references
[1028.836s][debug][gc,ref       ] GC(350) Skipped phase3 of Reference Processing due to unavailable references
[1028.836s][debug][gc,ref       ] GC(350) Skipped phase4 of Reference Processing due to unavailable references
[1028.836s][debug][gc,age       ] GC(350) Desired survivor size 15400960 bytes, new threshold 6 (max threshold 6)
[1028.836s][info ][gc,heap      ] GC(350) ParNew: 240933K->28K(270976K)
[1028.836s][info ][gc,heap      ] GC(350) CMS: 260980K->260980K(602112K)
[1028.836s][info ][gc,metaspace ] GC(350) Metaspace: 54179K->54179K(1097728K)
[1028.836s][info ][gc           ] GC(350) Pause Young (Allocation Failure) 490M->254M(852M) 1.835ms
[1028.836s][info ][gc,cpu       ] GC(350) User=0.01s Sys=0.00s Real=0.00s
[1028.836s][info ][safepoint    ] Leaving safepoint region
[1028.836s][info ][safepoint    ] Total time for which application threads were stopped: 0.0019493 seconds, Stopping threads took: 0.0000085 seconds
[1032.283s][info ][safepoint    ] Application time: 3.4470636 seconds
[1032.283s][info ][safepoint    ] Entering safepoint region: GenCollectForAllocation
[1032.284s][info ][gc,start     ] GC(351) Pause Young (Allocation Failure)
[1032.284s][info ][gc,task      ] GC(351) Using 4 workers of 4 for evacuation
[1032.285s][debug][gc,ref       ] GC(351) Skipped phase1 of Reference Processing due to unavailable references
[1032.285s][debug][gc,ref       ] GC(351) Skipped phase2 of Reference Processing due to unavailable references
[1032.285s][debug][gc,ref       ] GC(351) Skipped phase3 of Reference Processing due to unavailable references
[1032.285s][debug][gc,ref       ] GC(351) Skipped phase4 of Reference Processing due to unavailable references
[1032.285s][debug][gc,age       ] GC(351) Desired survivor size 15400960 bytes, new threshold 6 (max threshold 6)
[1032.285s][info ][gc,heap      ] GC(351) ParNew: 240924K->34K(270976K)
[1032.285s][info ][gc,heap      ] GC(351) CMS: 260980K->260980K(602112K)
[1032.285s][info ][gc,metaspace ] GC(351) Metaspace: 54179K->54179K(1097728K)
[1032.285s][info ][gc           ] GC(351) Pause Young (Allocation Failure) 490M->254M(852M) 1.745ms
[1032.285s][info ][gc,cpu       ] GC(351) User=0.00s Sys=0.00s Real=0.00s
[1032.285s][info ][safepoint    ] Leaving safepoint region
[1032.285s][info ][safepoint    ] Total time for which application threads were stopped: 0.0018866 seconds, Stopping threads took: 0.0000168 seconds
[1035.733s][info ][safepoint    ] Application time: 3.4472870 seconds
[1035.733s][info ][safepoint    ] Entering safepoint region: GenCollectForAllocation
[1035.733s][info ][gc,start     ] GC(352) Pause Young (Allocation Failure)
[1035.733s][info ][gc,task      ] GC(352) Using 4 workers of 4 for evacuation
[1035.735s][debug][gc,ref       ] GC(352) Skipped phase1 of Reference Processing due to unavailable references
[1035.735s][debug][gc,ref       ] GC(352) Skipped phase2 of Reference Processing due to unavailable references
[1035.735s][debug][gc,ref       ] GC(352) Skipped phase3 of Reference Processing due to unavailable references
[1035.735s][debug][gc,ref       ] GC(352) Skipped phase4 of Reference Processing due to unavailable references
[1035.735s][debug][gc,age       ] GC(352) Desired survivor size 15400960 bytes, new threshold 6 (max threshold 6)
[1035.735s][info ][gc,heap      ] GC(352) ParNew: 240930K->45K(270976K)
[1035.735s][info ][gc,heap      ] GC(352) CMS: 260980K->260980K(602112K)
[1035.735s][info ][gc,metaspace ] GC(352) Metaspace: 54179K->54179K(1097728K)
[1035.735s][info ][gc           ] GC(352) Pause Young (Allocation Failure) 490M->254M(852M) 2.039ms
[1035.735s][info ][gc,cpu       ] GC(352) User=0.01s Sys=0.00s Real=0.00s
[1035.735s][info ][safepoint    ] Leaving safepoint region
[1035.735s][info ][safepoint    ] Total time for which application threads were stopped: 0.0021998 seconds, Stopping threads took: 0.0000159 seconds
[1039.182s][info ][safepoint    ] Application time: 3.4466361 seconds
[1039.182s][info ][safepoint    ] Entering safepoint region: GenCollectForAllocation
[1039.182s][info ][gc,start     ] GC(353) Pause Young (Allocation Failure)
[1039.182s][info ][gc,task      ] GC(353) Using 4 workers of 4 for evacuation
[1039.183s][debug][gc,ref       ] GC(353) Skipped phase1 of Reference Processing due to unavailable references
[1039.183s][debug][gc,ref       ] GC(353) Skipped phase2 of Reference Processing due to unavailable references
[1039.183s][debug][gc,ref       ] GC(353) Skipped phase3 of Reference Processing due to unavailable references
[1039.183s][debug][gc,ref       ] GC(353) Skipped phase4 of Reference Processing due to unavailable references
[1039.183s][debug][gc,age       ] GC(353) Desired survivor size 15400960 bytes, new threshold 6 (max threshold 6)
[1039.183s][info ][gc,heap      ] GC(353) ParNew: 240941K->43K(270976K)
[1039.183s][info ][gc,heap      ] GC(353) CMS: 260980K->260980K(602112K)
[1039.183s][info ][gc,metaspace ] GC(353) Metaspace: 54179K->54179K(1097728K)
[1039.183s][info ][gc           ] GC(353) Pause Young (Allocation Failure) 490M->254M(852M) 1.754ms
[1039.183s][info ][gc,cpu       ] GC(353) User=0.01s Sys=0.00s Real=0.00s
[1039.184s][info ][safepoint    ] Leaving safepoint region
[1039.184s][info ][safepoint    ] Total time for which application threads were stopped: 0.0019105 seconds, Stopping threads took: 0.0000311 seconds
[1042.585s][info ][safepoint    ] Application time: 3.4014673 seconds
[1042.585s][info ][safepoint    ] Entering safepoint region: GenCollectForAllocation
[1042.585s][info ][gc,start     ] GC(354) Pause Young (Allocation Failure)
[1042.585s][info ][gc,task      ] GC(354) Using 4 workers of 4 for evacuation
[1042.587s][debug][gc,ref       ] GC(354) Skipped phase1 of Reference Processing due to unavailable references
[1042.587s][debug][gc,ref       ] GC(354) Skipped phase2 of Reference Processing due to unavailable references
[1042.587s][debug][gc,ref       ] GC(354) Skipped phase3 of Reference Processing due to unavailable references
[1042.587s][debug][gc,ref       ] GC(354) Skipped phase4 of Reference Processing due to unavailable references
[1042.587s][debug][gc,age       ] GC(354) Desired survivor size 15400960 bytes, new threshold 6 (max threshold 6)
[1042.587s][info ][gc,heap      ] GC(354) ParNew: 240939K->25K(270976K)
[1042.587s][info ][gc,heap      ] GC(354) CMS: 260980K->260980K(602112K)
[1042.587s][info ][gc,metaspace ] GC(354) Metaspace: 54179K->54179K(1097728K)
[1042.587s][info ][gc           ] GC(354) Pause Young (Allocation Failure) 490M->254M(852M) 1.952ms
[1042.587s][info ][gc,cpu       ] GC(354) User=0.01s Sys=0.00s Real=0.00s
[1042.587s][info ][safepoint    ] Leaving safepoint region
[1042.587s][info ][safepoint    ] Total time for which application threads were stopped: 0.0020880 seconds, Stopping threads took: 0.0000156 seconds
[1046.034s][info ][safepoint    ] Application time: 3.4464539 seconds
[1046.034s][info ][safepoint    ] Entering safepoint region: GenCollectForAllocation
[1046.034s][info ][gc,start     ] GC(355) Pause Young (Allocation Failure)
[1046.034s][info ][gc,task      ] GC(355) Using 4 workers of 4 for evacuation
[1046.035s][debug][gc,ref       ] GC(355) Skipped phase1 of Reference Processing due to unavailable references
[1046.035s][debug][gc,ref       ] GC(355) Skipped phase2 of Reference Processing due to unavailable references
[1046.035s][debug][gc,ref       ] GC(355) Skipped phase3 of Reference Processing due to unavailable references
[1046.035s][debug][gc,ref       ] GC(355) Skipped phase4 of Reference Processing due to unavailable references
[1046.035s][debug][gc,age       ] GC(355) Desired survivor size 15400960 bytes, new threshold 6 (max threshold 6)
[1046.035s][info ][gc,heap      ] GC(355) ParNew: 240921K->94K(270976K)
[1046.035s][info ][gc,heap      ] GC(355) CMS: 260980K->260980K(602112K)
[1046.035s][info ][gc,metaspace ] GC(355) Metaspace: 54179K->54179K(1097728K)
[1046.035s][info ][gc           ] GC(355) Pause Young (Allocation Failure) 490M->254M(852M) 1.741ms
[1046.035s][info ][gc,cpu       ] GC(355) User=0.01s Sys=0.00s Real=0.00s
[1046.036s][info ][safepoint    ] Leaving safepoint region
[1046.036s][info ][safepoint    ] Total time for which application threads were stopped: 0.0019137 seconds, Stopping threads took: 0.0000170 seconds
[1049.483s][info ][safepoint    ] Application time: 3.4473588 seconds
[1049.483s][info ][safepoint    ] Entering safepoint region: GenCollectForAllocation
[1049.483s][info ][gc,start     ] GC(356) Pause Young (Allocation Failure)
[1049.483s][info ][gc,task      ] GC(356) Using 4 workers of 4 for evacuation
[1049.485s][debug][gc,ref       ] GC(356) Skipped phase1 of Reference Processing due to unavailable references
[1049.485s][debug][gc,ref       ] GC(356) Skipped phase2 of Reference Processing due to unavailable references
[1049.485s][debug][gc,ref       ] GC(356) Skipped phase3 of Reference Processing due to unavailable references
[1049.485s][debug][gc,ref       ] GC(356) Skipped phase4 of Reference Processing due to unavailable references
[1049.485s][debug][gc,age       ] GC(356) Desired survivor size 15400960 bytes, new threshold 6 (max threshold 6)
[1049.485s][info ][gc,heap      ] GC(356) ParNew: 240990K->165K(270976K)
[1049.485s][info ][gc,heap      ] GC(356) CMS: 260980K->260980K(602112K)
[1049.485s][info ][gc,metaspace ] GC(356) Metaspace: 54179K->54179K(1097728K)
[1049.485s][info ][gc           ] GC(356) Pause Young (Allocation Failure) 490M->255M(852M) 1.825ms
[1049.485s][info ][gc,cpu       ] GC(356) User=0.00s Sys=0.00s Real=0.00s
[1049.485s][info ][safepoint    ] Leaving safepoint region
[1049.485s][info ][safepoint    ] Total time for which application threads were stopped: 0.0019929 seconds, Stopping threads took: 0.0000155 seconds
[1052.934s][info ][safepoint    ] Application time: 3.4488628 seconds
[1052.934s][info ][safepoint    ] Entering safepoint region: GenCollectForAllocation
[1052.934s][info ][gc,start     ] GC(357) Pause Young (Allocation Failure)
[1052.934s][info ][gc,task      ] GC(357) Using 4 workers of 4 for evacuation
[1052.936s][debug][gc,ref       ] GC(357) Skipped phase1 of Reference Processing due to unavailable references
[1052.936s][debug][gc,ref       ] GC(357) Skipped phase2 of Reference Processing due to unavailable references
[1052.936s][debug][gc,ref       ] GC(357) Skipped phase3 of Reference Processing due to unavailable references
[1052.936s][debug][gc,ref       ] GC(357) Skipped phase4 of Reference Processing due to unavailable references
[1052.936s][debug][gc,age       ] GC(357) Desired survivor size 15400960 bytes, new threshold 6 (max threshold 6)
[1052.937s][info ][gc,heap      ] GC(357) ParNew: 241061K->106K(270976K)
[1052.937s][info ][gc,heap      ] GC(357) CMS: 260980K->260980K(602112K)
[1052.937s][info ][gc,metaspace ] GC(357) Metaspace: 54179K->54179K(1097728K)
[1052.937s][info ][gc           ] GC(357) Pause Young (Allocation Failure) 490M->254M(852M) 2.624ms
[1052.937s][info ][gc,cpu       ] GC(357) User=0.00s Sys=0.01s Real=0.00s
[1052.937s][info ][safepoint    ] Leaving safepoint region
[1052.937s][info ][safepoint    ] Total time for which application threads were stopped: 0.0027765 seconds, Stopping threads took: 0.0000180 seconds
[1056.380s][info ][safepoint    ] Application time: 3.4429584 seconds
[1056.380s][info ][safepoint    ] Entering safepoint region: GenCollectForAllocation
[1056.380s][info ][gc,start     ] GC(358) Pause Young (Allocation Failure)
[1056.380s][info ][gc,task      ] GC(358) Using 4 workers of 4 for evacuation
[1056.381s][debug][gc,ref       ] GC(358) Skipped phase1 of Reference Processing due to unavailable references
[1056.381s][debug][gc,ref       ] GC(358) Skipped phase2 of Reference Processing due to unavailable references
[1056.381s][debug][gc,ref       ] GC(358) Skipped phase3 of Reference Processing due to unavailable references
[1056.381s][debug][gc,ref       ] GC(358) Skipped phase4 of Reference Processing due to unavailable references
[1056.381s][debug][gc,age       ] GC(358) Desired survivor size 15400960 bytes, new threshold 6 (max threshold 6)
[1056.381s][info ][gc,heap      ] GC(358) ParNew: 241002K->30K(270976K)
[1056.381s][info ][gc,heap      ] GC(358) CMS: 260980K->260980K(602112K)
[1056.381s][info ][gc,metaspace ] GC(358) Metaspace: 54179K->54179K(1097728K)
[1056.381s][info ][gc           ] GC(358) Pause Young (Allocation Failure) 490M->254M(852M) 1.592ms
[1056.381s][info ][gc,cpu       ] GC(358) User=0.01s Sys=0.00s Real=0.00s
[1056.381s][info ][safepoint    ] Leaving safepoint region
[1056.381s][info ][safepoint    ] Total time for which application threads were stopped: 0.0017291 seconds, Stopping threads took: 0.0000198 seconds
[1059.784s][info ][safepoint    ] Application time: 3.4023012 seconds
[1059.784s][info ][safepoint    ] Entering safepoint region: GenCollectForAllocation
[1059.784s][info ][gc,start     ] GC(359) Pause Young (Allocation Failure)
[1059.784s][info ][gc,task      ] GC(359) Using 4 workers of 4 for evacuation
[1059.785s][debug][gc,ref       ] GC(359) Skipped phase1 of Reference Processing due to unavailable references
[1059.785s][debug][gc,ref       ] GC(359) Skipped phase2 of Reference Processing due to unavailable references
[1059.785s][debug][gc,ref       ] GC(359) Skipped phase3 of Reference Processing due to unavailable references
[1059.785s][debug][gc,ref       ] GC(359) Skipped phase4 of Reference Processing due to unavailable references
[1059.785s][debug][gc,age       ] GC(359) Desired survivor size 15400960 bytes, new threshold 6 (max threshold 6)
[1059.785s][info ][gc,heap      ] GC(359) ParNew: 240926K->31K(270976K)
[1059.785s][info ][gc,heap      ] GC(359) CMS: 260980K->260980K(602112K)
[1059.785s][info ][gc,metaspace ] GC(359) Metaspace: 54179K->54179K(1097728K)
[1059.785s][info ][gc           ] GC(359) Pause Young (Allocation Failure) 490M->254M(852M) 1.519ms
[1059.785s][info ][gc,cpu       ] GC(359) User=0.01s Sys=0.00s Real=0.00s
[1059.785s][info ][safepoint    ] Leaving safepoint region
[1059.785s][info ][safepoint    ] Total time for which application threads were stopped: 0.0016694 seconds, Stopping threads took: 0.0000162 seconds
[1063.233s][info ][safepoint    ] Application time: 3.4479558 seconds
[1063.233s][info ][safepoint    ] Entering safepoint region: GenCollectForAllocation
[1063.234s][info ][gc,start     ] GC(360) Pause Young (Allocation Failure)
[1063.234s][info ][gc,task      ] GC(360) Using 4 workers of 4 for evacuation
[1063.235s][debug][gc,ref       ] GC(360) Skipped phase1 of Reference Processing due to unavailable references
[1063.235s][debug][gc,ref       ] GC(360) Skipped phase2 of Reference Processing due to unavailable references
[1063.235s][debug][gc,ref       ] GC(360) Skipped phase3 of Reference Processing due to unavailable references
[1063.235s][debug][gc,ref       ] GC(360) Skipped phase4 of Reference Processing due to unavailable references
[1063.235s][debug][gc,age       ] GC(360) Desired survivor size 15400960 bytes, new threshold 6 (max threshold 6)
[1063.235s][info ][gc,heap      ] GC(360) ParNew: 240927K->77K(270976K)
[1063.235s][info ][gc,heap      ] GC(360) CMS: 260980K->260980K(602112K)
[1063.235s][info ][gc,metaspace ] GC(360) Metaspace: 54179K->54179K(1097728K)
[1063.235s][info ][gc           ] GC(360) Pause Young (Allocation Failure) 490M->254M(852M) 1.604ms
[1063.235s][info ][gc,cpu       ] GC(360) User=0.00s Sys=0.00s Real=0.00s
[1063.235s][info ][safepoint    ] Leaving safepoint region
[1063.235s][info ][safepoint    ] Total time for which application threads were stopped: 0.0017499 seconds, Stopping threads took: 0.0000153 seconds
[1066.682s][info ][safepoint    ] Application time: 3.4469971 seconds
[1066.682s][info ][safepoint    ] Entering safepoint region: GenCollectForAllocation
[1066.682s][info ][gc,start     ] GC(361) Pause Young (Allocation Failure)
[1066.682s][info ][gc,task      ] GC(361) Using 4 workers of 4 for evacuation
[1066.684s][debug][gc,ref       ] GC(361) Skipped phase1 of Reference Processing due to unavailable references
[1066.684s][debug][gc,ref       ] GC(361) Skipped phase2 of Reference Processing due to unavailable references
[1066.684s][debug][gc,ref       ] GC(361) Skipped phase3 of Reference Processing due to unavailable references
[1066.684s][debug][gc,ref       ] GC(361) Skipped phase4 of Reference Processing due to unavailable references
[1066.684s][debug][gc,age       ] GC(361) Desired survivor size 15400960 bytes, new threshold 6 (max threshold 6)
[1066.684s][info ][gc,heap      ] GC(361) ParNew: 240973K->140K(270976K)
[1066.684s][info ][gc,heap      ] GC(361) CMS: 260980K->260980K(602112K)
[1066.684s][info ][gc,metaspace ] GC(361) Metaspace: 54179K->54179K(1097728K)
[1066.684s][info ][gc           ] GC(361) Pause Young (Allocation Failure) 490M->255M(852M) 2.134ms
[1066.684s][info ][gc,cpu       ] GC(361) User=0.01s Sys=0.00s Real=0.00s
[1066.684s][info ][safepoint    ] Leaving safepoint region
[1066.685s][info ][safepoint    ] Total time for which application threads were stopped: 0.0023047 seconds, Stopping threads took: 0.0000295 seconds
[1070.131s][info ][safepoint    ] Application time: 3.4462825 seconds
[1070.131s][info ][safepoint    ] Entering safepoint region: GenCollectForAllocation
[1070.131s][info ][gc,start     ] GC(362) Pause Young (Allocation Failure)
[1070.131s][info ][gc,task      ] GC(362) Using 4 workers of 4 for evacuation
[1070.132s][debug][gc,ref       ] GC(362) Skipped phase1 of Reference Processing due to unavailable references
[1070.132s][debug][gc,ref       ] GC(362) Skipped phase2 of Reference Processing due to unavailable references
[1070.132s][debug][gc,ref       ] GC(362) Skipped phase3 of Reference Processing due to unavailable references
[1070.132s][debug][gc,ref       ] GC(362) Skipped phase4 of Reference Processing due to unavailable references
[1070.132s][debug][gc,age       ] GC(362) Desired survivor size 15400960 bytes, new threshold 6 (max threshold 6)
[1070.132s][info ][gc,heap      ] GC(362) ParNew: 241036K->91K(270976K)
[1070.132s][info ][gc,heap      ] GC(362) CMS: 260980K->260980K(602112K)
[1070.132s][info ][gc,metaspace ] GC(362) Metaspace: 54179K->54179K(1097728K)
[1070.133s][info ][gc           ] GC(362) Pause Young (Allocation Failure) 490M->254M(852M) 1.553ms
[1070.133s][info ][gc,cpu       ] GC(362) User=0.01s Sys=0.00s Real=0.01s
[1070.133s][info ][safepoint    ] Leaving safepoint region
[1070.133s][info ][safepoint    ] Total time for which application threads were stopped: 0.0017103 seconds, Stopping threads took: 0.0000314 seconds
[1073.534s][info ][safepoint    ] Application time: 3.4013704 seconds
[1073.534s][info ][safepoint    ] Entering safepoint region: GenCollectForAllocation
[1073.534s][info ][gc,start     ] GC(363) Pause Young (Allocation Failure)
[1073.534s][info ][gc,task      ] GC(363) Using 4 workers of 4 for evacuation
[1073.536s][debug][gc,ref       ] GC(363) Skipped phase1 of Reference Processing due to unavailable references
[1073.536s][debug][gc,ref       ] GC(363) Skipped phase2 of Reference Processing due to unavailable references
[1073.536s][debug][gc,ref       ] GC(363) Skipped phase3 of Reference Processing due to unavailable references
[1073.536s][debug][gc,ref       ] GC(363) Skipped phase4 of Reference Processing due to unavailable references
[1073.536s][debug][gc,age       ] GC(363) Desired survivor size 15400960 bytes, new threshold 6 (max threshold 6)
[1073.536s][info ][gc,heap      ] GC(363) ParNew: 240987K->83K(270976K)
[1073.536s][info ][gc,heap      ] GC(363) CMS: 260980K->260980K(602112K)
[1073.536s][info ][gc,metaspace ] GC(363) Metaspace: 54179K->54179K(1097728K)
[1073.536s][info ][gc           ] GC(363) Pause Young (Allocation Failure) 490M->254M(852M) 1.623ms
[1073.536s][info ][gc,cpu       ] GC(363) User=0.00s Sys=0.00s Real=0.00s
[1073.536s][info ][safepoint    ] Leaving safepoint region
[1073.536s][info ][safepoint    ] Total time for which application threads were stopped: 0.0017691 seconds, Stopping threads took: 0.0000163 seconds
[1076.985s][info ][safepoint    ] Application time: 3.4495412 seconds
[1076.985s][info ][safepoint    ] Entering safepoint region: GenCollectForAllocation
[1076.985s][info ][gc,start     ] GC(364) Pause Young (Allocation Failure)
[1076.985s][info ][gc,task      ] GC(364) Using 4 workers of 4 for evacuation
[1076.988s][debug][gc,ref       ] GC(364) Skipped phase1 of Reference Processing due to unavailable references
[1076.988s][debug][gc,ref       ] GC(364) Skipped phase2 of Reference Processing due to unavailable references
[1076.988s][debug][gc,ref       ] GC(364) Skipped phase3 of Reference Processing due to unavailable references
[1076.988s][debug][gc,ref       ] GC(364) Skipped phase4 of Reference Processing due to unavailable references
[1076.988s][debug][gc,age       ] GC(364) Desired survivor size 15400960 bytes, new threshold 6 (max threshold 6)
[1076.988s][info ][gc,heap      ] GC(364) ParNew: 240979K->134K(270976K)
[1076.988s][info ][gc,heap      ] GC(364) CMS: 260980K->260980K(602112K)
[1076.988s][info ][gc,metaspace ] GC(364) Metaspace: 54179K->54179K(1097728K)
[1076.988s][info ][gc           ] GC(364) Pause Young (Allocation Failure) 490M->254M(852M) 2.378ms
[1076.988s][info ][gc,cpu       ] GC(364) User=0.00s Sys=0.00s Real=0.00s
[1076.988s][info ][safepoint    ] Leaving safepoint region
[1076.988s][info ][safepoint    ] Total time for which application threads were stopped: 0.0025218 seconds, Stopping threads took: 0.0000164 seconds
[1080.432s][info ][safepoint    ] Application time: 3.4445448 seconds
[1080.432s][info ][safepoint    ] Entering safepoint region: GenCollectForAllocation
[1080.433s][info ][gc,start     ] GC(365) Pause Young (Allocation Failure)
[1080.433s][info ][gc,task      ] GC(365) Using 4 workers of 4 for evacuation
[1080.434s][debug][gc,ref       ] GC(365) Skipped phase1 of Reference Processing due to unavailable references
[1080.434s][debug][gc,ref       ] GC(365) Skipped phase2 of Reference Processing due to unavailable references
[1080.434s][debug][gc,ref       ] GC(365) Skipped phase3 of Reference Processing due to unavailable references
[1080.434s][debug][gc,ref       ] GC(365) Skipped phase4 of Reference Processing due to unavailable references
[1080.434s][debug][gc,age       ] GC(365) Desired survivor size 15400960 bytes, new threshold 6 (max threshold 6)
[1080.434s][info ][gc,heap      ] GC(365) ParNew: 241030K->88K(270976K)
[1080.434s][info ][gc,heap      ] GC(365) CMS: 260980K->260980K(602112K)
[1080.434s][info ][gc,metaspace ] GC(365) Metaspace: 54179K->54179K(1097728K)
[1080.434s][info ][gc           ] GC(365) Pause Young (Allocation Failure) 490M->254M(852M) 1.618ms
[1080.434s][info ][gc,cpu       ] GC(365) User=0.00s Sys=0.00s Real=0.00s
[1080.434s][info ][safepoint    ] Leaving safepoint region
[1080.434s][info ][safepoint    ] Total time for which application threads were stopped: 0.0017620 seconds, Stopping threads took: 0.0000154 seconds
[1083.881s][info ][safepoint    ] Application time: 3.4470514 seconds
[1083.881s][info ][safepoint    ] Entering safepoint region: GenCollectForAllocation
[1083.881s][info ][gc,start     ] GC(366) Pause Young (Allocation Failure)
[1083.881s][info ][gc,task      ] GC(366) Using 4 workers of 4 for evacuation
[1083.883s][debug][gc,ref       ] GC(366) Skipped phase1 of Reference Processing due to unavailable references
[1083.883s][debug][gc,ref       ] GC(366) Skipped phase2 of Reference Processing due to unavailable references
[1083.883s][debug][gc,ref       ] GC(366) Skipped phase3 of Reference Processing due to unavailable references
[1083.883s][debug][gc,ref       ] GC(366) Skipped phase4 of Reference Processing due to unavailable references
[1083.883s][debug][gc,age       ] GC(366) Desired survivor size 15400960 bytes, new threshold 6 (max threshold 6)
[1083.883s][info ][gc,heap      ] GC(366) ParNew: 240984K->40K(270976K)
[1083.883s][info ][gc,heap      ] GC(366) CMS: 260980K->260980K(602112K)
[1083.883s][info ][gc,metaspace ] GC(366) Metaspace: 54179K->54179K(1097728K)
[1083.883s][info ][gc           ] GC(366) Pause Young (Allocation Failure) 490M->254M(852M) 1.576ms
[1083.883s][info ][gc,cpu       ] GC(366) User=0.01s Sys=0.00s Real=0.00s
[1083.883s][info ][safepoint    ] Leaving safepoint region
[1083.883s][info ][safepoint    ] Total time for which application threads were stopped: 0.0017452 seconds, Stopping threads took: 0.0000305 seconds
[1087.284s][info ][safepoint    ] Application time: 3.4010948 seconds
[1087.284s][info ][safepoint    ] Entering safepoint region: GenCollectForAllocation
[1087.284s][info ][gc,start     ] GC(367) Pause Young (Allocation Failure)
[1087.284s][info ][gc,task      ] GC(367) Using 4 workers of 4 for evacuation
[1087.286s][debug][gc,ref       ] GC(367) Skipped phase1 of Reference Processing due to unavailable references
[1087.286s][debug][gc,ref       ] GC(367) Skipped phase2 of Reference Processing due to unavailable references
[1087.286s][debug][gc,ref       ] GC(367) Skipped phase3 of Reference Processing due to unavailable references
[1087.286s][debug][gc,ref       ] GC(367) Skipped phase4 of Reference Processing due to unavailable references
[1087.286s][debug][gc,age       ] GC(367) Desired survivor size 15400960 bytes, new threshold 6 (max threshold 6)
[1087.286s][info ][gc,heap      ] GC(367) ParNew: 240936K->26K(270976K)
[1087.286s][info ][gc,heap      ] GC(367) CMS: 260980K->260981K(602112K)
[1087.286s][info ][gc,metaspace ] GC(367) Metaspace: 54179K->54179K(1097728K)
[1087.286s][info ][gc           ] GC(367) Pause Young (Allocation Failure) 490M->254M(852M) 1.523ms
[1087.286s][info ][gc,cpu       ] GC(367) User=0.00s Sys=0.00s Real=0.00s
[1087.286s][info ][safepoint    ] Leaving safepoint region
[1087.286s][info ][safepoint    ] Total time for which application threads were stopped: 0.0016846 seconds, Stopping threads took: 0.0000154 seconds
[1090.733s][info ][safepoint    ] Application time: 3.4475185 seconds
[1090.733s][info ][safepoint    ] Entering safepoint region: GenCollectForAllocation
[1090.734s][info ][gc,start     ] GC(368) Pause Young (Allocation Failure)
[1090.734s][info ][gc,task      ] GC(368) Using 4 workers of 4 for evacuation
[1090.735s][debug][gc,ref       ] GC(368) Skipped phase1 of Reference Processing due to unavailable references
[1090.735s][debug][gc,ref       ] GC(368) Skipped phase2 of Reference Processing due to unavailable references
[1090.735s][debug][gc,ref       ] GC(368) Skipped phase3 of Reference Processing due to unavailable references
[1090.735s][debug][gc,ref       ] GC(368) Skipped phase4 of Reference Processing due to unavailable references
[1090.735s][debug][gc,age       ] GC(368) Desired survivor size 15400960 bytes, new threshold 6 (max threshold 6)
[1090.735s][info ][gc,heap      ] GC(368) ParNew: 240922K->43K(270976K)
[1090.735s][info ][gc,heap      ] GC(368) CMS: 260981K->260981K(602112K)
[1090.735s][info ][gc,metaspace ] GC(368) Metaspace: 54179K->54179K(1097728K)
[1090.735s][info ][gc           ] GC(368) Pause Young (Allocation Failure) 490M->254M(852M) 1.545ms
[1090.735s][info ][gc,cpu       ] GC(368) User=0.00s Sys=0.00s Real=0.00s
[1090.735s][info ][safepoint    ] Leaving safepoint region
[1090.735s][info ][safepoint    ] Total time for which application threads were stopped: 0.0016848 seconds, Stopping threads took: 0.0000157 seconds
[1094.183s][info ][safepoint    ] Application time: 3.4474919 seconds
[1094.183s][info ][safepoint    ] Entering safepoint region: GenCollectForAllocation
[1094.183s][info ][gc,start     ] GC(369) Pause Young (Allocation Failure)
[1094.183s][info ][gc,task      ] GC(369) Using 4 workers of 4 for evacuation
[1094.184s][debug][gc,ref       ] GC(369) Skipped phase1 of Reference Processing due to unavailable references
[1094.184s][debug][gc,ref       ] GC(369) Skipped phase2 of Reference Processing due to unavailable references
[1094.184s][debug][gc,ref       ] GC(369) Skipped phase3 of Reference Processing due to unavailable references
[1094.184s][debug][gc,ref       ] GC(369) Skipped phase4 of Reference Processing due to unavailable references
[1094.184s][debug][gc,age       ] GC(369) Desired survivor size 15400960 bytes, new threshold 6 (max threshold 6)
[1094.184s][info ][gc,heap      ] GC(369) ParNew: 240939K->52K(270976K)
[1094.184s][info ][gc,heap      ] GC(369) CMS: 260981K->260981K(602112K)
[1094.184s][info ][gc,metaspace ] GC(369) Metaspace: 54179K->54179K(1097728K)
[1094.184s][info ][gc           ] GC(369) Pause Young (Allocation Failure) 490M->254M(852M) 1.555ms
[1094.184s][info ][gc,cpu       ] GC(369) User=0.01s Sys=0.00s Real=0.00s
[1094.184s][info ][safepoint    ] Leaving safepoint region
[1094.184s][info ][safepoint    ] Total time for which application threads were stopped: 0.0017167 seconds, Stopping threads took: 0.0000171 seconds
[1097.631s][info ][safepoint    ] Application time: 3.4471073 seconds
[1097.632s][info ][safepoint    ] Entering safepoint region: GenCollectForAllocation
[1097.632s][info ][gc,start     ] GC(370) Pause Young (Allocation Failure)
[1097.632s][info ][gc,task      ] GC(370) Using 4 workers of 4 for evacuation
[1097.633s][debug][gc,ref       ] GC(370) Skipped phase1 of Reference Processing due to unavailable references
[1097.633s][debug][gc,ref       ] GC(370) Skipped phase2 of Reference Processing due to unavailable references
[1097.633s][debug][gc,ref       ] GC(370) Skipped phase3 of Reference Processing due to unavailable references
[1097.633s][debug][gc,ref       ] GC(370) Skipped phase4 of Reference Processing due to unavailable references
[1097.633s][debug][gc,age       ] GC(370) Desired survivor size 15400960 bytes, new threshold 6 (max threshold 6)
[1097.634s][info ][gc,heap      ] GC(370) ParNew: 240948K->42K(270976K)
[1097.634s][info ][gc,heap      ] GC(370) CMS: 260981K->260981K(602112K)
[1097.634s][info ][gc,metaspace ] GC(370) Metaspace: 54179K->54179K(1097728K)
[1097.634s][info ][gc           ] GC(370) Pause Young (Allocation Failure) 490M->254M(852M) 1.904ms
[1097.634s][info ][gc,cpu       ] GC(370) User=0.00s Sys=0.00s Real=0.00s
[1097.634s][info ][safepoint    ] Leaving safepoint region
[1097.634s][info ][safepoint    ] Total time for which application threads were stopped: 0.0020739 seconds, Stopping threads took: 0.0000305 seconds
[1101.035s][info ][safepoint    ] Application time: 3.4010663 seconds
[1101.035s][info ][safepoint    ] Entering safepoint region: GenCollectForAllocation
[1101.035s][info ][gc,start     ] GC(371) Pause Young (Allocation Failure)
[1101.035s][info ][gc,task      ] GC(371) Using 4 workers of 4 for evacuation
[1101.036s][debug][gc,ref       ] GC(371) Skipped phase1 of Reference Processing due to unavailable references
[1101.036s][debug][gc,ref       ] GC(371) Skipped phase2 of Reference Processing due to unavailable references
[1101.036s][debug][gc,ref       ] GC(371) Skipped phase3 of Reference Processing due to unavailable references
[1101.036s][debug][gc,ref       ] GC(371) Skipped phase4 of Reference Processing due to unavailable references
[1101.037s][debug][gc,age       ] GC(371) Desired survivor size 15400960 bytes, new threshold 6 (max threshold 6)
[1101.037s][info ][gc,heap      ] GC(371) ParNew: 240938K->27K(270976K)
[1101.037s][info ][gc,heap      ] GC(371) CMS: 260981K->260981K(602112K)
[1101.037s][info ][gc,metaspace ] GC(371) Metaspace: 54179K->54179K(1097728K)
[1101.037s][info ][gc           ] GC(371) Pause Young (Allocation Failure) 490M->254M(852M) 1.781ms
[1101.037s][info ][gc,cpu       ] GC(371) User=0.00s Sys=0.00s Real=0.00s
[1101.037s][info ][safepoint    ] Leaving safepoint region
[1101.037s][info ][safepoint    ] Total time for which application threads were stopped: 0.0019361 seconds, Stopping threads took: 0.0000309 seconds
[1104.484s][info ][safepoint    ] Application time: 3.4473217 seconds
[1104.484s][info ][safepoint    ] Entering safepoint region: GenCollectForAllocation
[1104.484s][info ][gc,start     ] GC(372) Pause Young (Allocation Failure)
[1104.484s][info ][gc,task      ] GC(372) Using 4 workers of 4 for evacuation
[1104.486s][debug][gc,ref       ] GC(372) Skipped phase1 of Reference Processing due to unavailable references
[1104.486s][debug][gc,ref       ] GC(372) Skipped phase2 of Reference Processing due to unavailable references
[1104.486s][debug][gc,ref       ] GC(372) Skipped phase3 of Reference Processing due to unavailable references
[1104.486s][debug][gc,ref       ] GC(372) Skipped phase4 of Reference Processing due to unavailable references
[1104.486s][debug][gc,age       ] GC(372) Desired survivor size 15400960 bytes, new threshold 6 (max threshold 6)
[1104.486s][info ][gc,heap      ] GC(372) ParNew: 240923K->114K(270976K)
[1104.486s][info ][gc,heap      ] GC(372) CMS: 260981K->260981K(602112K)
[1104.486s][info ][gc,metaspace ] GC(372) Metaspace: 54179K->54179K(1097728K)
[1104.486s][info ][gc           ] GC(372) Pause Young (Allocation Failure) 490M->254M(852M) 1.576ms
[1104.486s][info ][gc,cpu       ] GC(372) User=0.00s Sys=0.00s Real=0.00s
[1104.486s][info ][safepoint    ] Leaving safepoint region
[1104.486s][info ][safepoint    ] Total time for which application threads were stopped: 0.0017294 seconds, Stopping threads took: 0.0000190 seconds
[1107.933s][info ][safepoint    ] Application time: 3.4469377 seconds
[1107.933s][info ][safepoint    ] Entering safepoint region: GenCollectForAllocation
[1107.933s][info ][gc,start     ] GC(373) Pause Young (Allocation Failure)
[1107.933s][info ][gc,task      ] GC(373) Using 4 workers of 4 for evacuation
[1107.934s][debug][gc,ref       ] GC(373) Skipped phase1 of Reference Processing due to unavailable references
[1107.934s][debug][gc,ref       ] GC(373) Skipped phase2 of Reference Processing due to unavailable references
[1107.934s][debug][gc,ref       ] GC(373) Skipped phase3 of Reference Processing due to unavailable references
[1107.934s][debug][gc,ref       ] GC(373) Skipped phase4 of Reference Processing due to unavailable references
[1107.934s][debug][gc,age       ] GC(373) Desired survivor size 15400960 bytes, new threshold 6 (max threshold 6)
[1107.934s][info ][gc,heap      ] GC(373) ParNew: 241010K->134K(270976K)
[1107.934s][info ][gc,heap      ] GC(373) CMS: 260981K->260981K(602112K)
[1107.934s][info ][gc,metaspace ] GC(373) Metaspace: 54179K->54179K(1097728K)
[1107.934s][info ][gc           ] GC(373) Pause Young (Allocation Failure) 490M->254M(852M) 1.513ms
[1107.934s][info ][gc,cpu       ] GC(373) User=0.00s Sys=0.00s Real=0.00s
[1107.934s][info ][safepoint    ] Leaving safepoint region
[1107.934s][info ][safepoint    ] Total time for which application threads were stopped: 0.0016696 seconds, Stopping threads took: 0.0000162 seconds
[1111.382s][info ][safepoint    ] Application time: 3.4474022 seconds
[1111.382s][info ][safepoint    ] Entering safepoint region: GenCollectForAllocation
[1111.382s][info ][gc,start     ] GC(374) Pause Young (Allocation Failure)
[1111.382s][info ][gc,task      ] GC(374) Using 4 workers of 4 for evacuation
[1111.383s][debug][gc,ref       ] GC(374) Skipped phase1 of Reference Processing due to unavailable references
[1111.383s][debug][gc,ref       ] GC(374) Skipped phase2 of Reference Processing due to unavailable references
[1111.383s][debug][gc,ref       ] GC(374) Skipped phase3 of Reference Processing due to unavailable references
[1111.383s][debug][gc,ref       ] GC(374) Skipped phase4 of Reference Processing due to unavailable references
[1111.383s][debug][gc,age       ] GC(374) Desired survivor size 15400960 bytes, new threshold 6 (max threshold 6)
[1111.383s][info ][gc,heap      ] GC(374) ParNew: 241030K->44K(270976K)
[1111.383s][info ][gc,heap      ] GC(374) CMS: 260981K->260981K(602112K)
[1111.383s][info ][gc,metaspace ] GC(374) Metaspace: 54179K->54179K(1097728K)
[1111.384s][info ][gc           ] GC(374) Pause Young (Allocation Failure) 490M->254M(852M) 1.572ms
[1111.384s][info ][gc,cpu       ] GC(374) User=0.00s Sys=0.00s Real=0.00s
[1111.384s][info ][safepoint    ] Leaving safepoint region
[1111.384s][info ][safepoint    ] Total time for which application threads were stopped: 0.0017209 seconds, Stopping threads took: 0.0000163 seconds
[1114.785s][info ][safepoint    ] Application time: 3.4014608 seconds
[1114.785s][info ][safepoint    ] Entering safepoint region: GenCollectForAllocation
[1114.785s][info ][gc,start     ] GC(375) Pause Young (Allocation Failure)
[1114.785s][info ][gc,task      ] GC(375) Using 4 workers of 4 for evacuation
[1114.787s][debug][gc,ref       ] GC(375) Skipped phase1 of Reference Processing due to unavailable references
[1114.787s][debug][gc,ref       ] GC(375) Skipped phase2 of Reference Processing due to unavailable references
[1114.787s][debug][gc,ref       ] GC(375) Skipped phase3 of Reference Processing due to unavailable references
[1114.787s][debug][gc,ref       ] GC(375) Skipped phase4 of Reference Processing due to unavailable references
[1114.787s][debug][gc,age       ] GC(375) Desired survivor size 15400960 bytes, new threshold 6 (max threshold 6)
[1114.787s][info ][gc,heap      ] GC(375) ParNew: 240940K->27K(270976K)
[1114.787s][info ][gc,heap      ] GC(375) CMS: 260981K->260981K(602112K)
[1114.787s][info ][gc,metaspace ] GC(375) Metaspace: 54179K->54179K(1097728K)
[1114.787s][info ][gc           ] GC(375) Pause Young (Allocation Failure) 490M->254M(852M) 2.015ms
[1114.787s][info ][gc,cpu       ] GC(375) User=0.01s Sys=0.00s Real=0.00s
[1114.787s][info ][safepoint    ] Leaving safepoint region
[1114.787s][info ][safepoint    ] Total time for which application threads were stopped: 0.0021516 seconds, Stopping threads took: 0.0000156 seconds
[1118.234s][info ][safepoint    ] Application time: 3.4468698 seconds
[1118.234s][info ][safepoint    ] Entering safepoint region: GenCollectForAllocation
[1118.234s][info ][gc,start     ] GC(376) Pause Young (Allocation Failure)
[1118.234s][info ][gc,task      ] GC(376) Using 4 workers of 4 for evacuation
[1118.236s][debug][gc,ref       ] GC(376) Skipped phase1 of Reference Processing due to unavailable references
[1118.236s][debug][gc,ref       ] GC(376) Skipped phase2 of Reference Processing due to unavailable references
[1118.236s][debug][gc,ref       ] GC(376) Skipped phase3 of Reference Processing due to unavailable references
[1118.236s][debug][gc,ref       ] GC(376) Skipped phase4 of Reference Processing due to unavailable references
[1118.236s][debug][gc,age       ] GC(376) Desired survivor size 15400960 bytes, new threshold 6 (max threshold 6)
[1118.236s][info ][gc,heap      ] GC(376) ParNew: 240923K->104K(270976K)
[1118.236s][info ][gc,heap      ] GC(376) CMS: 260981K->260981K(602112K)
[1118.236s][info ][gc,metaspace ] GC(376) Metaspace: 54179K->54179K(1097728K)
[1118.236s][info ][gc           ] GC(376) Pause Young (Allocation Failure) 490M->254M(852M) 1.585ms
[1118.236s][info ][gc,cpu       ] GC(376) User=0.01s Sys=0.00s Real=0.00s
[1118.236s][info ][safepoint    ] Leaving safepoint region
[1118.236s][info ][safepoint    ] Total time for which application threads were stopped: 0.0017436 seconds, Stopping threads took: 0.0000160 seconds
[1121.683s][info ][safepoint    ] Application time: 3.4472800 seconds
[1121.683s][info ][safepoint    ] Entering safepoint region: GenCollectForAllocation
[1121.683s][info ][gc,start     ] GC(377) Pause Young (Allocation Failure)
[1121.683s][info ][gc,task      ] GC(377) Using 4 workers of 4 for evacuation
[1121.685s][debug][gc,ref       ] GC(377) Skipped phase1 of Reference Processing due to unavailable references
[1121.685s][debug][gc,ref       ] GC(377) Skipped phase2 of Reference Processing due to unavailable references
[1121.685s][debug][gc,ref       ] GC(377) Skipped phase3 of Reference Processing due to unavailable references
[1121.685s][debug][gc,ref       ] GC(377) Skipped phase4 of Reference Processing due to unavailable references
[1121.685s][debug][gc,age       ] GC(377) Desired survivor size 15400960 bytes, new threshold 6 (max threshold 6)
[1121.685s][info ][gc,heap      ] GC(377) ParNew: 241000K->169K(270976K)
[1121.685s][info ][gc,heap      ] GC(377) CMS: 260981K->260981K(602112K)
[1121.685s][info ][gc,metaspace ] GC(377) Metaspace: 54179K->54179K(1097728K)
[1121.685s][info ][gc           ] GC(377) Pause Young (Allocation Failure) 490M->255M(852M) 1.602ms
[1121.685s][info ][gc,cpu       ] GC(377) User=0.00s Sys=0.00s Real=0.00s
[1121.685s][info ][safepoint    ] Leaving safepoint region
[1121.685s][info ][safepoint    ] Total time for which application threads were stopped: 0.0017463 seconds, Stopping threads took: 0.0000159 seconds
[1125.132s][info ][safepoint    ] Application time: 3.4472610 seconds
[1125.132s][info ][safepoint    ] Entering safepoint region: GenCollectForAllocation
[1125.132s][info ][gc,start     ] GC(378) Pause Young (Allocation Failure)
[1125.132s][info ][gc,task      ] GC(378) Using 4 workers of 4 for evacuation
[1125.134s][debug][gc,ref       ] GC(378) Skipped phase1 of Reference Processing due to unavailable references
[1125.134s][debug][gc,ref       ] GC(378) Skipped phase2 of Reference Processing due to unavailable references
[1125.134s][debug][gc,ref       ] GC(378) Skipped phase3 of Reference Processing due to unavailable references
[1125.134s][debug][gc,ref       ] GC(378) Skipped phase4 of Reference Processing due to unavailable references
[1125.134s][debug][gc,age       ] GC(378) Desired survivor size 15400960 bytes, new threshold 6 (max threshold 6)
[1125.134s][info ][gc,heap      ] GC(378) ParNew: 241065K->114K(270976K)
[1125.134s][info ][gc,heap      ] GC(378) CMS: 260981K->260981K(602112K)
[1125.134s][info ][gc,metaspace ] GC(378) Metaspace: 54179K->54179K(1097728K)
[1125.134s][info ][gc           ] GC(378) Pause Young (Allocation Failure) 490M->254M(852M) 1.546ms
[1125.134s][info ][gc,cpu       ] GC(378) User=0.01s Sys=0.00s Real=0.00s
[1125.134s][info ][safepoint    ] Leaving safepoint region
[1125.134s][info ][safepoint    ] Total time for which application threads were stopped: 0.0017052 seconds, Stopping threads took: 0.0000312 seconds
[1128.581s][info ][safepoint    ] Application time: 3.4467120 seconds
[1128.581s][info ][safepoint    ] Entering safepoint region: GenCollectForAllocation
[1128.581s][info ][gc,start     ] GC(379) Pause Young (Allocation Failure)
[1128.581s][info ][gc,task      ] GC(379) Using 4 workers of 4 for evacuation
[1128.582s][debug][gc,ref       ] GC(379) Skipped phase1 of Reference Processing due to unavailable references
[1128.582s][debug][gc,ref       ] GC(379) Skipped phase2 of Reference Processing due to unavailable references
[1128.582s][debug][gc,ref       ] GC(379) Skipped phase3 of Reference Processing due to unavailable references
[1128.582s][debug][gc,ref       ] GC(379) Skipped phase4 of Reference Processing due to unavailable references
[1128.583s][debug][gc,age       ] GC(379) Desired survivor size 15400960 bytes, new threshold 6 (max threshold 6)
[1128.583s][info ][gc,heap      ] GC(379) ParNew: 241010K->32K(270976K)
[1128.583s][info ][gc,heap      ] GC(379) CMS: 260981K->260981K(602112K)
[1128.583s][info ][gc,metaspace ] GC(379) Metaspace: 54179K->54179K(1097728K)
[1128.583s][info ][gc           ] GC(379) Pause Young (Allocation Failure) 490M->254M(852M) 1.773ms
[1128.583s][info ][gc,cpu       ] GC(379) User=0.00s Sys=0.00s Real=0.00s
[1128.583s][info ][safepoint    ] Leaving safepoint region
[1128.583s][info ][safepoint    ] Total time for which application threads were stopped: 0.0019797 seconds, Stopping threads took: 0.0000208 seconds
[1131.985s][info ][safepoint    ] Application time: 3.4022053 seconds
[1131.985s][info ][safepoint    ] Entering safepoint region: GenCollectForAllocation
[1131.985s][info ][gc,start     ] GC(380) Pause Young (Allocation Failure)
[1131.985s][info ][gc,task      ] GC(380) Using 4 workers of 4 for evacuation
[1131.987s][debug][gc,ref       ] GC(380) Skipped phase1 of Reference Processing due to unavailable references
[1131.987s][debug][gc,ref       ] GC(380) Skipped phase2 of Reference Processing due to unavailable references
[1131.987s][debug][gc,ref       ] GC(380) Skipped phase3 of Reference Processing due to unavailable references
[1131.987s][debug][gc,ref       ] GC(380) Skipped phase4 of Reference Processing due to unavailable references
[1131.987s][debug][gc,age       ] GC(380) Desired survivor size 15400960 bytes, new threshold 6 (max threshold 6)
[1131.987s][info ][gc,heap      ] GC(380) ParNew: 240918K->26K(270976K)
[1131.987s][info ][gc,heap      ] GC(380) CMS: 260981K->260981K(602112K)
[1131.987s][info ][gc,metaspace ] GC(380) Metaspace: 54179K->54179K(1097728K)
[1131.987s][info ][gc           ] GC(380) Pause Young (Allocation Failure) 490M->254M(852M) 1.971ms
[1131.987s][info ][gc,cpu       ] GC(380) User=0.01s Sys=0.00s Real=0.00s
[1131.987s][info ][safepoint    ] Leaving safepoint region
[1131.987s][info ][safepoint    ] Total time for which application threads were stopped: 0.0021403 seconds, Stopping threads took: 0.0000311 seconds
[1135.433s][info ][safepoint    ] Application time: 3.4463298 seconds
[1135.433s][info ][safepoint    ] Entering safepoint region: GenCollectForAllocation
[1135.434s][info ][gc,start     ] GC(381) Pause Young (Allocation Failure)
[1135.434s][info ][gc,task      ] GC(381) Using 4 workers of 4 for evacuation
[1135.435s][debug][gc,ref       ] GC(381) Skipped phase1 of Reference Processing due to unavailable references
[1135.435s][debug][gc,ref       ] GC(381) Skipped phase2 of Reference Processing due to unavailable references
[1135.435s][debug][gc,ref       ] GC(381) Skipped phase3 of Reference Processing due to unavailable references
[1135.435s][debug][gc,ref       ] GC(381) Skipped phase4 of Reference Processing due to unavailable references
[1135.435s][debug][gc,age       ] GC(381) Desired survivor size 15400960 bytes, new threshold 6 (max threshold 6)
[1135.435s][info ][gc,heap      ] GC(381) ParNew: 240922K->42K(270976K)
[1135.435s][info ][gc,heap      ] GC(381) CMS: 260981K->260981K(602112K)
[1135.435s][info ][gc,metaspace ] GC(381) Metaspace: 54179K->54179K(1097728K)
[1135.435s][info ][gc           ] GC(381) Pause Young (Allocation Failure) 490M->254M(852M) 1.566ms
[1135.435s][info ][gc,cpu       ] GC(381) User=0.00s Sys=0.00s Real=0.00s
[1135.435s][info ][safepoint    ] Leaving safepoint region
[1135.435s][info ][safepoint    ] Total time for which application threads were stopped: 0.0017099 seconds, Stopping threads took: 0.0000159 seconds
[1138.882s][info ][safepoint    ] Application time: 3.4473247 seconds
[1138.883s][info ][safepoint    ] Entering safepoint region: GenCollectForAllocation
[1138.883s][info ][gc,start     ] GC(382) Pause Young (Allocation Failure)
[1138.883s][info ][gc,task      ] GC(382) Using 4 workers of 4 for evacuation
[1138.884s][debug][gc,ref       ] GC(382) Skipped phase1 of Reference Processing due to unavailable references
[1138.884s][debug][gc,ref       ] GC(382) Skipped phase2 of Reference Processing due to unavailable references
[1138.884s][debug][gc,ref       ] GC(382) Skipped phase3 of Reference Processing due to unavailable references
[1138.884s][debug][gc,ref       ] GC(382) Skipped phase4 of Reference Processing due to unavailable references
[1138.884s][debug][gc,age       ] GC(382) Desired survivor size 15400960 bytes, new threshold 6 (max threshold 6)
[1138.884s][info ][gc,heap      ] GC(382) ParNew: 240938K->46K(270976K)
[1138.884s][info ][gc,heap      ] GC(382) CMS: 260981K->260981K(602112K)
[1138.884s][info ][gc,metaspace ] GC(382) Metaspace: 54179K->54179K(1097728K)
[1138.884s][info ][gc           ] GC(382) Pause Young (Allocation Failure) 490M->254M(852M) 1.875ms
[1138.885s][info ][gc,cpu       ] GC(382) User=0.01s Sys=0.00s Real=0.00s
[1138.885s][info ][safepoint    ] Leaving safepoint region
[1138.885s][info ][safepoint    ] Total time for which application threads were stopped: 0.0020340 seconds, Stopping threads took: 0.0000158 seconds
[1142.332s][info ][safepoint    ] Application time: 3.4471927 seconds
[1142.332s][info ][safepoint    ] Entering safepoint region: GenCollectForAllocation
[1142.332s][info ][gc,start     ] GC(383) Pause Young (Allocation Failure)
[1142.332s][info ][gc,task      ] GC(383) Using 4 workers of 4 for evacuation
[1142.333s][debug][gc,ref       ] GC(383) Skipped phase1 of Reference Processing due to unavailable references
[1142.333s][debug][gc,ref       ] GC(383) Skipped phase2 of Reference Processing due to unavailable references
[1142.333s][debug][gc,ref       ] GC(383) Skipped phase3 of Reference Processing due to unavailable references
[1142.333s][debug][gc,ref       ] GC(383) Skipped phase4 of Reference Processing due to unavailable references
[1142.334s][debug][gc,age       ] GC(383) Desired survivor size 15400960 bytes, new threshold 6 (max threshold 6)
[1142.334s][info ][gc,heap      ] GC(383) ParNew: 240942K->30K(270976K)
[1142.334s][info ][gc,heap      ] GC(383) CMS: 260981K->260981K(602112K)
[1142.334s][info ][gc,metaspace ] GC(383) Metaspace: 54179K->54179K(1097728K)
[1142.334s][info ][gc           ] GC(383) Pause Young (Allocation Failure) 490M->254M(852M) 1.619ms
[1142.334s][info ][gc,cpu       ] GC(383) User=0.00s Sys=0.00s Real=0.00s
[1142.334s][info ][safepoint    ] Leaving safepoint region
[1142.334s][info ][safepoint    ] Total time for which application threads were stopped: 0.0018927 seconds, Stopping threads took: 0.0000157 seconds
[1145.735s][info ][safepoint    ] Application time: 3.4015013 seconds
[1145.735s][info ][safepoint    ] Entering safepoint region: GenCollectForAllocation
[1145.735s][info ][gc,start     ] GC(384) Pause Young (Allocation Failure)
[1145.735s][info ][gc,task      ] GC(384) Using 4 workers of 4 for evacuation
[1145.737s][debug][gc,ref       ] GC(384) Skipped phase1 of Reference Processing due to unavailable references
[1145.737s][debug][gc,ref       ] GC(384) Skipped phase2 of Reference Processing due to unavailable references
[1145.737s][debug][gc,ref       ] GC(384) Skipped phase3 of Reference Processing due to unavailable references
[1145.737s][debug][gc,ref       ] GC(384) Skipped phase4 of Reference Processing due to unavailable references
[1145.737s][debug][gc,age       ] GC(384) Desired survivor size 15400960 bytes, new threshold 6 (max threshold 6)
[1145.737s][info ][gc,heap      ] GC(384) ParNew: 240926K->40K(270976K)
[1145.737s][info ][gc,heap      ] GC(384) CMS: 260981K->260981K(602112K)
[1145.737s][info ][gc,metaspace ] GC(384) Metaspace: 54179K->54179K(1097728K)
[1145.737s][info ][gc           ] GC(384) Pause Young (Allocation Failure) 490M->254M(852M) 1.678ms
[1145.737s][info ][gc,cpu       ] GC(384) User=0.00s Sys=0.00s Real=0.00s
[1145.737s][info ][safepoint    ] Leaving safepoint region
[1145.737s][info ][safepoint    ] Total time for which application threads were stopped: 0.0018135 seconds, Stopping threads took: 0.0000155 seconds
[1146.737s][info ][safepoint    ] Application time: 1.0000867 seconds
[1146.737s][info ][safepoint    ] Entering safepoint region: Cleanup
[1146.737s][info ][safepoint    ] Leaving safepoint region
[1146.737s][info ][safepoint    ] Total time for which application threads were stopped: 0.0000845 seconds, Stopping threads took: 0.0000167 seconds
[1149.184s][info ][safepoint    ] Application time: 2.4467307 seconds
[1149.184s][info ][safepoint    ] Entering safepoint region: GenCollectForAllocation
[1149.184s][info ][gc,start     ] GC(385) Pause Young (Allocation Failure)
[1149.184s][info ][gc,task      ] GC(385) Using 4 workers of 4 for evacuation
[1149.186s][debug][gc,ref       ] GC(385) Skipped phase1 of Reference Processing due to unavailable references
[1149.186s][debug][gc,ref       ] GC(385) Skipped phase2 of Reference Processing due to unavailable references
[1149.186s][debug][gc,ref       ] GC(385) Skipped phase3 of Reference Processing due to unavailable references
[1149.186s][debug][gc,ref       ] GC(385) Skipped phase4 of Reference Processing due to unavailable references
[1149.186s][debug][gc,age       ] GC(385) Desired survivor size 15400960 bytes, new threshold 6 (max threshold 6)
[1149.186s][info ][gc,heap      ] GC(385) ParNew: 240936K->36K(270976K)
[1149.186s][info ][gc,heap      ] GC(385) CMS: 260981K->260981K(602112K)
[1149.186s][info ][gc,metaspace ] GC(385) Metaspace: 54179K->54179K(1097728K)
[1149.186s][info ][gc           ] GC(385) Pause Young (Allocation Failure) 490M->254M(852M) 1.578ms
[1149.186s][info ][gc,cpu       ] GC(385) User=0.01s Sys=0.00s Real=0.00s
[1149.186s][info ][safepoint    ] Leaving safepoint region
[1149.186s][info ][safepoint    ] Total time for which application threads were stopped: 0.0017249 seconds, Stopping threads took: 0.0000163 seconds
[1152.633s][info ][safepoint    ] Application time: 3.4472601 seconds
[1152.633s][info ][safepoint    ] Entering safepoint region: GenCollectForAllocation
[1152.633s][info ][gc,start     ] GC(386) Pause Young (Allocation Failure)
[1152.633s][info ][gc,task      ] GC(386) Using 4 workers of 4 for evacuation
[1152.635s][debug][gc,ref       ] GC(386) Skipped phase1 of Reference Processing due to unavailable references
[1152.635s][debug][gc,ref       ] GC(386) Skipped phase2 of Reference Processing due to unavailable references
[1152.635s][debug][gc,ref       ] GC(386) Skipped phase3 of Reference Processing due to unavailable references
[1152.635s][debug][gc,ref       ] GC(386) Skipped phase4 of Reference Processing due to unavailable references
[1152.635s][debug][gc,age       ] GC(386) Desired survivor size 15400960 bytes, new threshold 6 (max threshold 6)
[1152.635s][info ][gc,heap      ] GC(386) ParNew: 240932K->121K(270976K)
[1152.635s][info ][gc,heap      ] GC(386) CMS: 260981K->260981K(602112K)
[1152.635s][info ][gc,metaspace ] GC(386) Metaspace: 54179K->54179K(1097728K)
[1152.635s][info ][gc           ] GC(386) Pause Young (Allocation Failure) 490M->254M(852M) 1.743ms
[1152.635s][info ][gc,cpu       ] GC(386) User=0.00s Sys=0.00s Real=0.00s
[1152.635s][info ][safepoint    ] Leaving safepoint region
[1152.635s][info ][safepoint    ] Total time for which application threads were stopped: 0.0018848 seconds, Stopping threads took: 0.0000165 seconds
[1156.082s][info ][safepoint    ] Application time: 3.4473535 seconds
[1156.082s][info ][safepoint    ] Entering safepoint region: GenCollectForAllocation
[1156.082s][info ][gc,start     ] GC(387) Pause Young (Allocation Failure)
[1156.082s][info ][gc,task      ] GC(387) Using 4 workers of 4 for evacuation
[1156.084s][debug][gc,ref       ] GC(387) Skipped phase1 of Reference Processing due to unavailable references
[1156.084s][debug][gc,ref       ] GC(387) Skipped phase2 of Reference Processing due to unavailable references
[1156.084s][debug][gc,ref       ] GC(387) Skipped phase3 of Reference Processing due to unavailable references
[1156.084s][debug][gc,ref       ] GC(387) Skipped phase4 of Reference Processing due to unavailable references
[1156.084s][debug][gc,age       ] GC(387) Desired survivor size 15400960 bytes, new threshold 6 (max threshold 6)
[1156.084s][info ][gc,heap      ] GC(387) ParNew: 241017K->85K(270976K)
[1156.084s][info ][gc,heap      ] GC(387) CMS: 260981K->260981K(602112K)
[1156.084s][info ][gc,metaspace ] GC(387) Metaspace: 54179K->54179K(1097728K)
[1156.084s][info ][gc           ] GC(387) Pause Young (Allocation Failure) 490M->254M(852M) 1.613ms
[1156.084s][info ][gc,cpu       ] GC(387) User=0.01s Sys=0.00s Real=0.00s
[1156.084s][info ][safepoint    ] Leaving safepoint region
[1156.084s][info ][safepoint    ] Total time for which application threads were stopped: 0.0017805 seconds, Stopping threads took: 0.0000313 seconds
[1159.532s][info ][safepoint    ] Application time: 3.4479957 seconds
[1159.532s][info ][safepoint    ] Entering safepoint region: GenCollectForAllocation
[1159.532s][info ][gc,start     ] GC(388) Pause Young (Allocation Failure)
[1159.532s][info ][gc,task      ] GC(388) Using 4 workers of 4 for evacuation
[1159.534s][debug][gc,ref       ] GC(388) Skipped phase1 of Reference Processing due to unavailable references
[1159.534s][debug][gc,ref       ] GC(388) Skipped phase2 of Reference Processing due to unavailable references
[1159.534s][debug][gc,ref       ] GC(388) Skipped phase3 of Reference Processing due to unavailable references
[1159.534s][debug][gc,ref       ] GC(388) Skipped phase4 of Reference Processing due to unavailable references
[1159.534s][debug][gc,age       ] GC(388) Desired survivor size 15400960 bytes, new threshold 6 (max threshold 6)
[1159.534s][info ][gc,heap      ] GC(388) ParNew: 240981K->35K(270976K)
[1159.534s][info ][gc,heap      ] GC(388) CMS: 260981K->260981K(602112K)
[1159.534s][info ][gc,metaspace ] GC(388) Metaspace: 54179K->54179K(1097728K)
[1159.534s][info ][gc           ] GC(388) Pause Young (Allocation Failure) 490M->254M(852M) 1.638ms
[1159.534s][info ][gc,cpu       ] GC(388) User=0.01s Sys=0.00s Real=0.00s
[1159.534s][info ][safepoint    ] Leaving safepoint region
[1159.534s][info ][safepoint    ] Total time for which application threads were stopped: 0.0017935 seconds, Stopping threads took: 0.0000292 seconds
[1162.934s][info ][safepoint    ] Application time: 3.4001120 seconds
[1162.934s][info ][safepoint    ] Entering safepoint region: GenCollectForAllocation
[1162.934s][info ][gc,start     ] GC(389) Pause Young (Allocation Failure)
[1162.934s][info ][gc,task      ] GC(389) Using 4 workers of 4 for evacuation
[1162.936s][debug][gc,ref       ] GC(389) Skipped phase1 of Reference Processing due to unavailable references
[1162.936s][debug][gc,ref       ] GC(389) Skipped phase2 of Reference Processing due to unavailable references
[1162.936s][debug][gc,ref       ] GC(389) Skipped phase3 of Reference Processing due to unavailable references
[1162.936s][debug][gc,ref       ] GC(389) Skipped phase4 of Reference Processing due to unavailable references
[1162.936s][debug][gc,age       ] GC(389) Desired survivor size 15400960 bytes, new threshold 6 (max threshold 6)
[1162.936s][info ][gc,heap      ] GC(389) ParNew: 240931K->32K(270976K)
[1162.936s][info ][gc,heap      ] GC(389) CMS: 260981K->260981K(602112K)
[1162.936s][info ][gc,metaspace ] GC(389) Metaspace: 54179K->54179K(1097728K)
[1162.936s][info ][gc           ] GC(389) Pause Young (Allocation Failure) 490M->254M(852M) 1.745ms
[1162.936s][info ][gc,cpu       ] GC(389) User=0.01s Sys=0.00s Real=0.00s
[1162.936s][info ][safepoint    ] Leaving safepoint region
[1162.936s][info ][safepoint    ] Total time for which application threads were stopped: 0.0018886 seconds, Stopping threads took: 0.0000164 seconds
[1166.383s][info ][safepoint    ] Application time: 3.4471638 seconds
[1166.383s][info ][safepoint    ] Entering safepoint region: GenCollectForAllocation
[1166.383s][info ][gc,start     ] GC(390) Pause Young (Allocation Failure)
[1166.383s][info ][gc,task      ] GC(390) Using 4 workers of 4 for evacuation
[1166.385s][debug][gc,ref       ] GC(390) Skipped phase1 of Reference Processing due to unavailable references
[1166.385s][debug][gc,ref       ] GC(390) Skipped phase2 of Reference Processing due to unavailable references
[1166.385s][debug][gc,ref       ] GC(390) Skipped phase3 of Reference Processing due to unavailable references
[1166.385s][debug][gc,ref       ] GC(390) Skipped phase4 of Reference Processing due to unavailable references
[1166.385s][debug][gc,age       ] GC(390) Desired survivor size 15400960 bytes, new threshold 6 (max threshold 6)
[1166.385s][info ][gc,heap      ] GC(390) ParNew: 240928K->80K(270976K)
[1166.385s][info ][gc,heap      ] GC(390) CMS: 260981K->260981K(602112K)
[1166.385s][info ][gc,metaspace ] GC(390) Metaspace: 54179K->54179K(1097728K)
[1166.385s][info ][gc           ] GC(390) Pause Young (Allocation Failure) 490M->254M(852M) 1.579ms
[1166.385s][info ][gc,cpu       ] GC(390) User=0.00s Sys=0.00s Real=0.00s
[1166.385s][info ][safepoint    ] Leaving safepoint region
[1166.385s][info ][safepoint    ] Total time for which application threads were stopped: 0.0017352 seconds, Stopping threads took: 0.0000151 seconds
[1169.833s][info ][safepoint    ] Application time: 3.4480093 seconds
[1169.833s][info ][safepoint    ] Entering safepoint region: GenCollectForAllocation
[1169.833s][info ][gc,start     ] GC(391) Pause Young (Allocation Failure)
[1169.833s][info ][gc,task      ] GC(391) Using 4 workers of 4 for evacuation
[1169.835s][debug][gc,ref       ] GC(391) Skipped phase1 of Reference Processing due to unavailable references
[1169.835s][debug][gc,ref       ] GC(391) Skipped phase2 of Reference Processing due to unavailable references
[1169.835s][debug][gc,ref       ] GC(391) Skipped phase3 of Reference Processing due to unavailable references
[1169.835s][debug][gc,ref       ] GC(391) Skipped phase4 of Reference Processing due to unavailable references
[1169.835s][debug][gc,age       ] GC(391) Desired survivor size 15400960 bytes, new threshold 6 (max threshold 6)
[1169.835s][info ][gc,heap      ] GC(391) ParNew: 240976K->89K(270976K)
[1169.835s][info ][gc,heap      ] GC(391) CMS: 260981K->260982K(602112K)
[1169.835s][info ][gc,metaspace ] GC(391) Metaspace: 54179K->54179K(1097728K)
[1169.835s][info ][gc           ] GC(391) Pause Young (Allocation Failure) 490M->254M(852M) 2.045ms
[1169.835s][info ][gc,cpu       ] GC(391) User=0.01s Sys=0.00s Real=0.00s
[1169.835s][info ][safepoint    ] Leaving safepoint region
[1169.835s][info ][safepoint    ] Total time for which application threads were stopped: 0.0022079 seconds, Stopping threads took: 0.0000167 seconds
[1173.282s][info ][safepoint    ] Application time: 3.4470520 seconds
[1173.282s][info ][safepoint    ] Entering safepoint region: GenCollectForAllocation
[1173.282s][info ][gc,start     ] GC(392) Pause Young (Allocation Failure)
[1173.282s][info ][gc,task      ] GC(392) Using 4 workers of 4 for evacuation
[1173.284s][debug][gc,ref       ] GC(392) Skipped phase1 of Reference Processing due to unavailable references
[1173.284s][debug][gc,ref       ] GC(392) Skipped phase2 of Reference Processing due to unavailable references
[1173.284s][debug][gc,ref       ] GC(392) Skipped phase3 of Reference Processing due to unavailable references
[1173.284s][debug][gc,ref       ] GC(392) Skipped phase4 of Reference Processing due to unavailable references
[1173.284s][debug][gc,age       ] GC(392) Desired survivor size 15400960 bytes, new threshold 6 (max threshold 6)
[1173.284s][info ][gc,heap      ] GC(392) ParNew: 240985K->50K(270976K)
[1173.284s][info ][gc,heap      ] GC(392) CMS: 260982K->260982K(602112K)
[1173.284s][info ][gc,metaspace ] GC(392) Metaspace: 54179K->54179K(1097728K)
[1173.284s][info ][gc           ] GC(392) Pause Young (Allocation Failure) 490M->254M(852M) 1.725ms
[1173.284s][info ][gc,cpu       ] GC(392) User=0.00s Sys=0.00s Real=0.00s
[1173.284s][info ][safepoint    ] Leaving safepoint region
[1173.284s][info ][safepoint    ] Total time for which application threads were stopped: 0.0018945 seconds, Stopping threads took: 0.0000169 seconds
[1176.684s][info ][safepoint    ] Application time: 3.4002805 seconds
[1176.685s][info ][safepoint    ] Entering safepoint region: GenCollectForAllocation
[1176.685s][info ][gc,start     ] GC(393) Pause Young (Allocation Failure)
[1176.685s][info ][gc,task      ] GC(393) Using 4 workers of 4 for evacuation
[1176.686s][debug][gc,ref       ] GC(393) Skipped phase1 of Reference Processing due to unavailable references
[1176.686s][debug][gc,ref       ] GC(393) Skipped phase2 of Reference Processing due to unavailable references
[1176.686s][debug][gc,ref       ] GC(393) Skipped phase3 of Reference Processing due to unavailable references
[1176.686s][debug][gc,ref       ] GC(393) Skipped phase4 of Reference Processing due to unavailable references
[1176.686s][debug][gc,age       ] GC(393) Desired survivor size 15400960 bytes, new threshold 6 (max threshold 6)
[1176.686s][info ][gc,heap      ] GC(393) ParNew: 240946K->115K(270976K)
[1176.686s][info ][gc,heap      ] GC(393) CMS: 260982K->260982K(602112K)
[1176.686s][info ][gc,metaspace ] GC(393) Metaspace: 54179K->54179K(1097728K)
[1176.686s][info ][gc           ] GC(393) Pause Young (Allocation Failure) 490M->254M(852M) 1.654ms
[1176.686s][info ][gc,cpu       ] GC(393) User=0.01s Sys=0.00s Real=0.00s
[1176.686s][info ][safepoint    ] Leaving safepoint region
[1176.686s][info ][safepoint    ] Total time for which application threads were stopped: 0.0017992 seconds, Stopping threads took: 0.0000173 seconds
[1180.136s][info ][safepoint    ] Application time: 3.4498623 seconds
[1180.136s][info ][safepoint    ] Entering safepoint region: GenCollectForAllocation
[1180.136s][info ][gc,start     ] GC(394) Pause Young (Allocation Failure)
[1180.136s][info ][gc,task      ] GC(394) Using 4 workers of 4 for evacuation
[1180.138s][debug][gc,ref       ] GC(394) Skipped phase1 of Reference Processing due to unavailable references
[1180.138s][debug][gc,ref       ] GC(394) Skipped phase2 of Reference Processing due to unavailable references
[1180.138s][debug][gc,ref       ] GC(394) Skipped phase3 of Reference Processing due to unavailable references
[1180.138s][debug][gc,ref       ] GC(394) Skipped phase4 of Reference Processing due to unavailable references
[1180.138s][debug][gc,age       ] GC(394) Desired survivor size 15400960 bytes, new threshold 6 (max threshold 6)
[1180.138s][info ][gc,heap      ] GC(394) ParNew: 241011K->136K(270976K)
[1180.138s][info ][gc,heap      ] GC(394) CMS: 260982K->260982K(602112K)
[1180.138s][info ][gc,metaspace ] GC(394) Metaspace: 54179K->54179K(1097728K)
[1180.138s][info ][gc           ] GC(394) Pause Young (Allocation Failure) 490M->254M(852M) 1.661ms
[1180.138s][info ][gc,cpu       ] GC(394) User=0.01s Sys=0.00s Real=0.00s
[1180.138s][info ][safepoint    ] Leaving safepoint region
[1180.138s][info ][safepoint    ] Total time for which application threads were stopped: 0.0018094 seconds, Stopping threads took: 0.0000173 seconds
[1183.583s][info ][safepoint    ] Application time: 3.4446876 seconds
[1183.583s][info ][safepoint    ] Entering safepoint region: GenCollectForAllocation
[1183.583s][info ][gc,start     ] GC(395) Pause Young (Allocation Failure)
[1183.583s][info ][gc,task      ] GC(395) Using 4 workers of 4 for evacuation
[1183.585s][debug][gc,ref       ] GC(395) Skipped phase1 of Reference Processing due to unavailable references
[1183.585s][debug][gc,ref       ] GC(395) Skipped phase2 of Reference Processing due to unavailable references
[1183.585s][debug][gc,ref       ] GC(395) Skipped phase3 of Reference Processing due to unavailable references
[1183.585s][debug][gc,ref       ] GC(395) Skipped phase4 of Reference Processing due to unavailable references
[1183.585s][debug][gc,age       ] GC(395) Desired survivor size 15400960 bytes, new threshold 6 (max threshold 6)
[1183.585s][info ][gc,heap      ] GC(395) ParNew: 241032K->201K(270976K)
[1183.585s][info ][gc,heap      ] GC(395) CMS: 260982K->260982K(602112K)
[1183.585s][info ][gc,metaspace ] GC(395) Metaspace: 54179K->54179K(1097728K)
[1183.585s][info ][gc           ] GC(395) Pause Young (Allocation Failure) 490M->255M(852M) 1.813ms
[1183.585s][info ][gc,cpu       ] GC(395) User=0.00s Sys=0.00s Real=0.00s
[1183.585s][info ][safepoint    ] Leaving safepoint region
[1183.585s][info ][safepoint    ] Total time for which application threads were stopped: 0.0021150 seconds, Stopping threads took: 0.0000772 seconds
[1187.032s][info ][safepoint    ] Application time: 3.4467347 seconds
[1187.032s][info ][safepoint    ] Entering safepoint region: GenCollectForAllocation
[1187.032s][info ][gc,start     ] GC(396) Pause Young (Allocation Failure)
[1187.032s][info ][gc,task      ] GC(396) Using 4 workers of 4 for evacuation
[1187.034s][debug][gc,ref       ] GC(396) Skipped phase1 of Reference Processing due to unavailable references
[1187.034s][debug][gc,ref       ] GC(396) Skipped phase2 of Reference Processing due to unavailable references
[1187.034s][debug][gc,ref       ] GC(396) Skipped phase3 of Reference Processing due to unavailable references
[1187.034s][debug][gc,ref       ] GC(396) Skipped phase4 of Reference Processing due to unavailable references
[1187.034s][debug][gc,age       ] GC(396) Desired survivor size 15400960 bytes, new threshold 6 (max threshold 6)
[1187.034s][info ][gc,heap      ] GC(396) ParNew: 241097K->117K(270976K)
[1187.034s][info ][gc,heap      ] GC(396) CMS: 260982K->260982K(602112K)
[1187.034s][info ][gc,metaspace ] GC(396) Metaspace: 54179K->54179K(1097728K)
[1187.034s][info ][gc           ] GC(396) Pause Young (Allocation Failure) 490M->254M(852M) 2.126ms
[1187.034s][info ][gc,cpu       ] GC(396) User=0.01s Sys=0.00s Real=0.00s
[1187.034s][info ][safepoint    ] Leaving safepoint region
[1187.034s][info ][safepoint    ] Total time for which application threads were stopped: 0.0022631 seconds, Stopping threads took: 0.0000163 seconds
[1190.435s][info ][safepoint    ] Application time: 3.4014590 seconds
[1190.435s][info ][safepoint    ] Entering safepoint region: GenCollectForAllocation
[1190.436s][info ][gc,start     ] GC(397) Pause Young (Allocation Failure)
[1190.436s][info ][gc,task      ] GC(397) Using 4 workers of 4 for evacuation
[1190.437s][debug][gc,ref       ] GC(397) Skipped phase1 of Reference Processing due to unavailable references
[1190.437s][debug][gc,ref       ] GC(397) Skipped phase2 of Reference Processing due to unavailable references
[1190.437s][debug][gc,ref       ] GC(397) Skipped phase3 of Reference Processing due to unavailable references
[1190.437s][debug][gc,ref       ] GC(397) Skipped phase4 of Reference Processing due to unavailable references
[1190.437s][debug][gc,age       ] GC(397) Desired survivor size 15400960 bytes, new threshold 6 (max threshold 6)
[1190.437s][info ][gc,heap      ] GC(397) ParNew: 241013K->44K(270976K)
[1190.437s][info ][gc,heap      ] GC(397) CMS: 260982K->260982K(602112K)
[1190.437s][info ][gc,metaspace ] GC(397) Metaspace: 54179K->54179K(1097728K)
[1190.437s][info ][gc           ] GC(397) Pause Young (Allocation Failure) 490M->254M(852M) 1.619ms
[1190.437s][info ][gc,cpu       ] GC(397) User=0.01s Sys=0.00s Real=0.00s
[1190.437s][info ][safepoint    ] Leaving safepoint region
[1190.437s][info ][safepoint    ] Total time for which application threads were stopped: 0.0017963 seconds, Stopping threads took: 0.0000422 seconds
[1193.884s][info ][safepoint    ] Application time: 3.4463104 seconds
[1193.884s][info ][safepoint    ] Entering safepoint region: GenCollectForAllocation
[1193.884s][info ][gc,start     ] GC(398) Pause Young (Allocation Failure)
[1193.884s][info ][gc,task      ] GC(398) Using 4 workers of 4 for evacuation
[1193.885s][debug][gc,ref       ] GC(398) Skipped phase1 of Reference Processing due to unavailable references
[1193.885s][debug][gc,ref       ] GC(398) Skipped phase2 of Reference Processing due to unavailable references
[1193.885s][debug][gc,ref       ] GC(398) Skipped phase3 of Reference Processing due to unavailable references
[1193.885s][debug][gc,ref       ] GC(398) Skipped phase4 of Reference Processing due to unavailable references
[1193.885s][debug][gc,age       ] GC(398) Desired survivor size 15400960 bytes, new threshold 6 (max threshold 6)
[1193.885s][info ][gc,heap      ] GC(398) ParNew: 240940K->45K(270976K)
[1193.885s][info ][gc,heap      ] GC(398) CMS: 260982K->260982K(602112K)
[1193.885s][info ][gc,metaspace ] GC(398) Metaspace: 54179K->54179K(1097728K)
[1193.885s][info ][gc           ] GC(398) Pause Young (Allocation Failure) 490M->254M(852M) 1.616ms
[1193.885s][info ][gc,cpu       ] GC(398) User=0.00s Sys=0.00s Real=0.00s
[1193.885s][info ][safepoint    ] Leaving safepoint region
[1193.885s][info ][safepoint    ] Total time for which application threads were stopped: 0.0017610 seconds, Stopping threads took: 0.0000155 seconds
[1197.333s][info ][safepoint    ] Application time: 3.4478367 seconds
[1197.333s][info ][safepoint    ] Entering safepoint region: GenCollectForAllocation
[1197.333s][info ][gc,start     ] GC(399) Pause Young (Allocation Failure)
[1197.333s][info ][gc,task      ] GC(399) Using 4 workers of 4 for evacuation
[1197.335s][debug][gc,ref       ] GC(399) Skipped phase1 of Reference Processing due to unavailable references
[1197.335s][debug][gc,ref       ] GC(399) Skipped phase2 of Reference Processing due to unavailable references
[1197.335s][debug][gc,ref       ] GC(399) Skipped phase3 of Reference Processing due to unavailable references
[1197.335s][debug][gc,ref       ] GC(399) Skipped phase4 of Reference Processing due to unavailable references
[1197.335s][debug][gc,age       ] GC(399) Desired survivor size 15400960 bytes, new threshold 6 (max threshold 6)
[1197.335s][info ][gc,heap      ] GC(399) ParNew: 240941K->75K(270976K)
[1197.335s][info ][gc,heap      ] GC(399) CMS: 260982K->260982K(602112K)
[1197.335s][info ][gc,metaspace ] GC(399) Metaspace: 54179K->54179K(1097728K)
[1197.335s][info ][gc           ] GC(399) Pause Young (Allocation Failure) 490M->254M(852M) 1.604ms
[1197.335s][info ][gc,cpu       ] GC(399) User=0.01s Sys=0.00s Real=0.00s
[1197.335s][info ][safepoint    ] Leaving safepoint region
[1197.335s][info ][safepoint    ] Total time for which application threads were stopped: 0.0017574 seconds, Stopping threads took: 0.0000162 seconds
[1200.782s][info ][safepoint    ] Application time: 3.4473879 seconds
[1200.782s][info ][safepoint    ] Entering safepoint region: GenCollectForAllocation
[1200.783s][info ][gc,start     ] GC(400) Pause Young (Allocation Failure)
[1200.783s][info ][gc,task      ] GC(400) Using 4 workers of 4 for evacuation
[1200.785s][debug][gc,ref       ] GC(400) Skipped phase1 of Reference Processing due to unavailable references
[1200.785s][debug][gc,ref       ] GC(400) Skipped phase2 of Reference Processing due to unavailable references
[1200.785s][debug][gc,ref       ] GC(400) Skipped phase3 of Reference Processing due to unavailable references
[1200.785s][debug][gc,ref       ] GC(400) Skipped phase4 of Reference Processing due to unavailable references
[1200.785s][debug][gc,age       ] GC(400) Desired survivor size 15400960 bytes, new threshold 6 (max threshold 6)
[1200.785s][info ][gc,heap      ] GC(400) ParNew: 240971K->159K(270976K)
[1200.785s][info ][gc,heap      ] GC(400) CMS: 260982K->260982K(602112K)
[1200.785s][info ][gc,metaspace ] GC(400) Metaspace: 54179K->54179K(1097728K)
[1200.785s][info ][gc           ] GC(400) Pause Young (Allocation Failure) 490M->255M(852M) 2.160ms
[1200.785s][info ][gc,cpu       ] GC(400) User=0.01s Sys=0.00s Real=0.00s
[1200.785s][info ][safepoint    ] Leaving safepoint region
[1200.785s][info ][safepoint    ] Total time for which application threads were stopped: 0.0027534 seconds, Stopping threads took: 0.0000215 seconds
[1204.230s][info ][safepoint    ] Application time: 3.4452544 seconds
[1204.230s][info ][safepoint    ] Entering safepoint region: GenCollectForAllocation
[1204.231s][info ][gc,start     ] GC(401) Pause Young (Allocation Failure)
[1204.231s][info ][gc,task      ] GC(401) Using 4 workers of 4 for evacuation
[1204.232s][debug][gc,ref       ] GC(401) Skipped phase1 of Reference Processing due to unavailable references
[1204.232s][debug][gc,ref       ] GC(401) Skipped phase2 of Reference Processing due to unavailable references
[1204.232s][debug][gc,ref       ] GC(401) Skipped phase3 of Reference Processing due to unavailable references
[1204.232s][debug][gc,ref       ] GC(401) Skipped phase4 of Reference Processing due to unavailable references
[1204.233s][debug][gc,age       ] GC(401) Desired survivor size 15400960 bytes, new threshold 6 (max threshold 6)
[1204.233s][info ][gc,heap      ] GC(401) ParNew: 241055K->106K(270976K)
[1204.233s][info ][gc,heap      ] GC(401) CMS: 260982K->260982K(602112K)
[1204.233s][info ][gc,metaspace ] GC(401) Metaspace: 54179K->54179K(1097728K)
[1204.233s][info ][gc           ] GC(401) Pause Young (Allocation Failure) 490M->254M(852M) 2.101ms
[1204.233s][info ][gc,cpu       ] GC(401) User=0.01s Sys=0.00s Real=0.01s
[1204.233s][info ][safepoint    ] Leaving safepoint region
[1204.233s][info ][safepoint    ] Total time for which application threads were stopped: 0.0022948 seconds, Stopping threads took: 0.0000183 seconds
[1207.634s][info ][safepoint    ] Application time: 3.4011088 seconds
[1207.634s][info ][safepoint    ] Entering safepoint region: GenCollectForAllocation
[1207.634s][info ][gc,start     ] GC(402) Pause Young (Allocation Failure)
[1207.634s][info ][gc,task      ] GC(402) Using 4 workers of 4 for evacuation
[1207.636s][debug][gc,ref       ] GC(402) Skipped phase1 of Reference Processing due to unavailable references
[1207.636s][debug][gc,ref       ] GC(402) Skipped phase2 of Reference Processing due to unavailable references
[1207.636s][debug][gc,ref       ] GC(402) Skipped phase3 of Reference Processing due to unavailable references
[1207.636s][debug][gc,ref       ] GC(402) Skipped phase4 of Reference Processing due to unavailable references
[1207.636s][debug][gc,age       ] GC(402) Desired survivor size 15400960 bytes, new threshold 6 (max threshold 6)
[1207.636s][info ][gc,heap      ] GC(402) ParNew: 241002K->99K(270976K)
[1207.636s][info ][gc,heap      ] GC(402) CMS: 260982K->260982K(602112K)
[1207.636s][info ][gc,metaspace ] GC(402) Metaspace: 54179K->54179K(1097728K)
[1207.636s][info ][gc           ] GC(402) Pause Young (Allocation Failure) 490M->254M(852M) 1.975ms
[1207.636s][info ][gc,cpu       ] GC(402) User=0.00s Sys=0.00s Real=0.00s
[1207.636s][info ][safepoint    ] Leaving safepoint region
[1207.636s][info ][safepoint    ] Total time for which application threads were stopped: 0.0021262 seconds, Stopping threads took: 0.0000154 seconds
[1211.083s][info ][safepoint    ] Application time: 3.4471876 seconds
[1211.083s][info ][safepoint    ] Entering safepoint region: GenCollectForAllocation
[1211.083s][info ][gc,start     ] GC(403) Pause Young (Allocation Failure)
[1211.083s][info ][gc,task      ] GC(403) Using 4 workers of 4 for evacuation
[1211.085s][debug][gc,ref       ] GC(403) Skipped phase1 of Reference Processing due to unavailable references
[1211.085s][debug][gc,ref       ] GC(403) Skipped phase2 of Reference Processing due to unavailable references
[1211.085s][debug][gc,ref       ] GC(403) Skipped phase3 of Reference Processing due to unavailable references
[1211.085s][debug][gc,ref       ] GC(403) Skipped phase4 of Reference Processing due to unavailable references
[1211.085s][debug][gc,age       ] GC(403) Desired survivor size 15400960 bytes, new threshold 6 (max threshold 6)
[1211.085s][info ][gc,heap      ] GC(403) ParNew: 240995K->153K(270976K)
[1211.085s][info ][gc,heap      ] GC(403) CMS: 260982K->260982K(602112K)
[1211.085s][info ][gc,metaspace ] GC(403) Metaspace: 54179K->54179K(1097728K)
[1211.085s][info ][gc           ] GC(403) Pause Young (Allocation Failure) 490M->255M(852M) 1.625ms
[1211.085s][info ][gc,cpu       ] GC(403) User=0.00s Sys=0.00s Real=0.00s
[1211.085s][info ][safepoint    ] Leaving safepoint region
[1211.085s][info ][safepoint    ] Total time for which application threads were stopped: 0.0017642 seconds, Stopping threads took: 0.0000158 seconds
[1213.085s][info ][safepoint    ] Application time: 2.0001870 seconds
[1213.085s][info ][safepoint    ] Entering safepoint region: Cleanup
[1213.085s][info ][safepoint    ] Leaving safepoint region
[1213.085s][info ][safepoint    ] Total time for which application threads were stopped: 0.0001308 seconds, Stopping threads took: 0.0000512 seconds
[1214.384s][info ][safepoint    ] Application time: 1.2987972 seconds
[1214.384s][info ][safepoint    ] Entering safepoint region: GenCollectForAllocation
[1214.384s][info ][gc,start     ] GC(404) Pause Young (Allocation Failure)
[1214.384s][info ][gc,task      ] GC(404) Using 4 workers of 4 for evacuation
[1214.386s][debug][gc,ref       ] GC(404) Skipped phase1 of Reference Processing due to unavailable references
[1214.386s][debug][gc,ref       ] GC(404) Skipped phase2 of Reference Processing due to unavailable references
[1214.386s][debug][gc,ref       ] GC(404) Skipped phase3 of Reference Processing due to unavailable references
[1214.386s][debug][gc,ref       ] GC(404) Skipped phase4 of Reference Processing due to unavailable references
[1214.386s][debug][gc,age       ] GC(404) Desired survivor size 15400960 bytes, new threshold 6 (max threshold 6)
[1214.386s][info ][gc,heap      ] GC(404) ParNew: 241049K->115K(270976K)
[1214.386s][info ][gc,heap      ] GC(404) CMS: 260982K->260982K(602112K)
[1214.386s][info ][gc,metaspace ] GC(404) Metaspace: 54183K->54183K(1097728K)
[1214.386s][info ][gc           ] GC(404) Pause Young (Allocation Failure) 490M->254M(852M) 1.616ms
[1214.386s][info ][gc,cpu       ] GC(404) User=0.01s Sys=0.00s Real=0.00s
[1214.386s][info ][safepoint    ] Leaving safepoint region
[1214.386s][info ][safepoint    ] Total time for which application threads were stopped: 0.0017806 seconds, Stopping threads took: 0.0000337 seconds
[1217.834s][info ][safepoint    ] Application time: 3.4478664 seconds
[1217.834s][info ][safepoint    ] Entering safepoint region: GenCollectForAllocation
[1217.834s][info ][gc,start     ] GC(405) Pause Young (Allocation Failure)
[1217.834s][info ][gc,task      ] GC(405) Using 4 workers of 4 for evacuation
[1217.836s][debug][gc,ref       ] GC(405) Skipped phase1 of Reference Processing due to unavailable references
[1217.836s][debug][gc,ref       ] GC(405) Skipped phase2 of Reference Processing due to unavailable references
[1217.836s][debug][gc,ref       ] GC(405) Skipped phase3 of Reference Processing due to unavailable references
[1217.836s][debug][gc,ref       ] GC(405) Skipped phase4 of Reference Processing due to unavailable references
[1217.836s][debug][gc,age       ] GC(405) Desired survivor size 15400960 bytes, new threshold 6 (max threshold 6)
[1217.836s][info ][gc,heap      ] GC(405) ParNew: 241011K->140K(270976K)
[1217.836s][info ][gc,heap      ] GC(405) CMS: 260982K->260982K(602112K)
[1217.836s][info ][gc,metaspace ] GC(405) Metaspace: 54183K->54183K(1097728K)
[1217.836s][info ][gc           ] GC(405) Pause Young (Allocation Failure) 490M->255M(852M) 1.707ms
[1217.836s][info ][gc,cpu       ] GC(405) User=0.00s Sys=0.01s Real=0.00s
[1217.836s][info ][safepoint    ] Leaving safepoint region
[1217.836s][info ][safepoint    ] Total time for which application threads were stopped: 0.0018588 seconds, Stopping threads took: 0.0000163 seconds
[1221.283s][info ][safepoint    ] Application time: 3.4469155 seconds
[1221.283s][info ][safepoint    ] Entering safepoint region: GenCollectForAllocation
[1221.283s][info ][gc,start     ] GC(406) Pause Young (Allocation Failure)
[1221.283s][info ][gc,task      ] GC(406) Using 4 workers of 4 for evacuation
[1221.285s][debug][gc,ref       ] GC(406) Skipped phase1 of Reference Processing due to unavailable references
[1221.285s][debug][gc,ref       ] GC(406) Skipped phase2 of Reference Processing due to unavailable references
[1221.285s][debug][gc,ref       ] GC(406) Skipped phase3 of Reference Processing due to unavailable references
[1221.285s][debug][gc,ref       ] GC(406) Skipped phase4 of Reference Processing due to unavailable references
[1221.285s][debug][gc,age       ] GC(406) Desired survivor size 15400960 bytes, new threshold 6 (max threshold 6)
[1221.285s][info ][gc,heap      ] GC(406) ParNew: 241036K->150K(270976K)
[1221.285s][info ][gc,heap      ] GC(406) CMS: 260982K->260982K(602112K)
[1221.285s][info ][gc,metaspace ] GC(406) Metaspace: 54183K->54183K(1097728K)
[1221.285s][info ][gc           ] GC(406) Pause Young (Allocation Failure) 490M->255M(852M) 2.136ms
[1221.285s][info ][gc,cpu       ] GC(406) User=0.00s Sys=0.00s Real=0.00s
[1221.285s][info ][safepoint    ] Leaving safepoint region
[1221.285s][info ][safepoint    ] Total time for which application threads were stopped: 0.0023206 seconds, Stopping threads took: 0.0000321 seconds
[1224.732s][info ][safepoint    ] Application time: 3.4466497 seconds
[1224.732s][info ][safepoint    ] Entering safepoint region: GenCollectForAllocation
[1224.732s][info ][gc,start     ] GC(407) Pause Young (Allocation Failure)
[1224.732s][info ][gc,task      ] GC(407) Using 4 workers of 4 for evacuation
[1224.733s][debug][gc,ref       ] GC(407) Skipped phase1 of Reference Processing due to unavailable references
[1224.733s][debug][gc,ref       ] GC(407) Skipped phase2 of Reference Processing due to unavailable references
[1224.733s][debug][gc,ref       ] GC(407) Skipped phase3 of Reference Processing due to unavailable references
[1224.733s][debug][gc,ref       ] GC(407) Skipped phase4 of Reference Processing due to unavailable references
[1224.733s][debug][gc,age       ] GC(407) Desired survivor size 15400960 bytes, new threshold 6 (max threshold 6)
[1224.733s][info ][gc,heap      ] GC(407) ParNew: 241046K->108K(270976K)
[1224.733s][info ][gc,heap      ] GC(407) CMS: 260982K->260982K(602112K)
[1224.733s][info ][gc,metaspace ] GC(407) Metaspace: 54183K->54183K(1097728K)
[1224.733s][info ][gc           ] GC(407) Pause Young (Allocation Failure) 490M->254M(852M) 1.599ms
[1224.733s][info ][gc,cpu       ] GC(407) User=0.00s Sys=0.00s Real=0.00s
[1224.733s][info ][safepoint    ] Leaving safepoint region
[1224.733s][info ][safepoint    ] Total time for which application threads were stopped: 0.0017491 seconds, Stopping threads took: 0.0000158 seconds
[1228.134s][info ][safepoint    ] Application time: 3.4008421 seconds
[1228.134s][info ][safepoint    ] Entering safepoint region: GenCollectForAllocation
[1228.134s][info ][gc,start     ] GC(408) Pause Young (Allocation Failure)
[1228.134s][info ][gc,task      ] GC(408) Using 4 workers of 4 for evacuation
[1228.136s][debug][gc,ref       ] GC(408) Skipped phase1 of Reference Processing due to unavailable references
[1228.136s][debug][gc,ref       ] GC(408) Skipped phase2 of Reference Processing due to unavailable references
[1228.136s][debug][gc,ref       ] GC(408) Skipped phase3 of Reference Processing due to unavailable references
[1228.136s][debug][gc,ref       ] GC(408) Skipped phase4 of Reference Processing due to unavailable references
[1228.136s][debug][gc,age       ] GC(408) Desired survivor size 15400960 bytes, new threshold 6 (max threshold 6)
[1228.136s][info ][gc,heap      ] GC(408) ParNew: 241004K->122K(270976K)
[1228.136s][info ][gc,heap      ] GC(408) CMS: 260982K->260982K(602112K)
[1228.136s][info ][gc,metaspace ] GC(408) Metaspace: 54184K->54184K(1097728K)
[1228.136s][info ][gc           ] GC(408) Pause Young (Allocation Failure) 490M->254M(852M) 1.683ms
[1228.136s][info ][gc,cpu       ] GC(408) User=0.01s Sys=0.00s Real=0.00s
[1228.136s][info ][safepoint    ] Leaving safepoint region
[1228.136s][info ][safepoint    ] Total time for which application threads were stopped: 0.0018219 seconds, Stopping threads took: 0.0000154 seconds
[1231.584s][info ][safepoint    ] Application time: 3.4477463 seconds
[1231.584s][info ][safepoint    ] Entering safepoint region: GenCollectForAllocation
[1231.584s][info ][gc,start     ] GC(409) Pause Young (Allocation Failure)
[1231.584s][info ][gc,task      ] GC(409) Using 4 workers of 4 for evacuation
[1231.586s][debug][gc,ref       ] GC(409) Skipped phase1 of Reference Processing due to unavailable references
[1231.586s][debug][gc,ref       ] GC(409) Skipped phase2 of Reference Processing due to unavailable references
[1231.586s][debug][gc,ref       ] GC(409) Skipped phase3 of Reference Processing due to unavailable references
[1231.586s][debug][gc,ref       ] GC(409) Skipped phase4 of Reference Processing due to unavailable references
[1231.586s][debug][gc,age       ] GC(409) Desired survivor size 15400960 bytes, new threshold 6 (max threshold 6)
[1231.586s][info ][gc,heap      ] GC(409) ParNew: 241018K->91K(270976K)
[1231.586s][info ][gc,heap      ] GC(409) CMS: 260982K->260982K(602112K)
[1231.586s][info ][gc,metaspace ] GC(409) Metaspace: 54184K->54184K(1097728K)
[1231.586s][info ][gc           ] GC(409) Pause Young (Allocation Failure) 490M->254M(852M) 1.609ms
[1231.586s][info ][gc,cpu       ] GC(409) User=0.01s Sys=0.01s Real=0.00s
[1231.586s][info ][safepoint    ] Leaving safepoint region
[1231.586s][info ][safepoint    ] Total time for which application threads were stopped: 0.0017638 seconds, Stopping threads took: 0.0000298 seconds
[1235.033s][info ][safepoint    ] Application time: 3.4471317 seconds
[1235.033s][info ][safepoint    ] Entering safepoint region: GenCollectForAllocation
[1235.033s][info ][gc,start     ] GC(410) Pause Young (Allocation Failure)
[1235.033s][info ][gc,task      ] GC(410) Using 4 workers of 4 for evacuation
[1235.036s][debug][gc,ref       ] GC(410) Skipped phase1 of Reference Processing due to unavailable references
[1235.036s][debug][gc,ref       ] GC(410) Skipped phase2 of Reference Processing due to unavailable references
[1235.036s][debug][gc,ref       ] GC(410) Skipped phase3 of Reference Processing due to unavailable references
[1235.036s][debug][gc,ref       ] GC(410) Skipped phase4 of Reference Processing due to unavailable references
[1235.036s][debug][gc,age       ] GC(410) Desired survivor size 15400960 bytes, new threshold 6 (max threshold 6)
[1235.036s][info ][gc,heap      ] GC(410) ParNew: 240987K->53K(270976K)
[1235.036s][info ][gc,heap      ] GC(410) CMS: 260982K->260984K(602112K)
[1235.036s][info ][gc,metaspace ] GC(410) Metaspace: 54184K->54184K(1097728K)
[1235.036s][info ][gc           ] GC(410) Pause Young (Allocation Failure) 490M->254M(852M) 2.786ms
[1235.036s][info ][gc,cpu       ] GC(410) User=0.01s Sys=0.00s Real=0.00s
[1235.036s][info ][safepoint    ] Leaving safepoint region
[1235.036s][info ][safepoint    ] Total time for which application threads were stopped: 0.0029333 seconds, Stopping threads took: 0.0000165 seconds
[1238.482s][info ][safepoint    ] Application time: 3.4458350 seconds
[1238.482s][info ][safepoint    ] Entering safepoint region: GenCollectForAllocation
[1238.482s][info ][gc,start     ] GC(411) Pause Young (Allocation Failure)
[1238.482s][info ][gc,task      ] GC(411) Using 4 workers of 4 for evacuation
[1238.483s][debug][gc,ref       ] GC(411) Skipped phase1 of Reference Processing due to unavailable references
[1238.483s][debug][gc,ref       ] GC(411) Skipped phase2 of Reference Processing due to unavailable references
[1238.483s][debug][gc,ref       ] GC(411) Skipped phase3 of Reference Processing due to unavailable references
[1238.483s][debug][gc,ref       ] GC(411) Skipped phase4 of Reference Processing due to unavailable references
[1238.483s][debug][gc,age       ] GC(411) Desired survivor size 15400960 bytes, new threshold 6 (max threshold 6)
[1238.483s][info ][gc,heap      ] GC(411) ParNew: 240949K->33K(270976K)
[1238.483s][info ][gc,heap      ] GC(411) CMS: 260984K->260984K(602112K)
[1238.483s][info ][gc,metaspace ] GC(411) Metaspace: 54184K->54184K(1097728K)
[1238.483s][info ][gc           ] GC(411) Pause Young (Allocation Failure) 490M->254M(852M) 1.591ms
[1238.483s][info ][gc,cpu       ] GC(411) User=0.01s Sys=0.00s Real=0.00s
[1238.483s][info ][safepoint    ] Leaving safepoint region
[1238.483s][info ][safepoint    ] Total time for which application threads were stopped: 0.0017416 seconds, Stopping threads took: 0.0000189 seconds
[1241.885s][info ][safepoint    ] Application time: 3.4012081 seconds
[1241.885s][info ][safepoint    ] Entering safepoint region: GenCollectForAllocation
[1241.885s][info ][gc,start     ] GC(412) Pause Young (Allocation Failure)
[1241.885s][info ][gc,task      ] GC(412) Using 4 workers of 4 for evacuation
[1241.886s][debug][gc,ref       ] GC(412) Skipped phase1 of Reference Processing due to unavailable references
[1241.886s][debug][gc,ref       ] GC(412) Skipped phase2 of Reference Processing due to unavailable references
[1241.886s][debug][gc,ref       ] GC(412) Skipped phase3 of Reference Processing due to unavailable references
[1241.886s][debug][gc,ref       ] GC(412) Skipped phase4 of Reference Processing due to unavailable references
[1241.886s][debug][gc,age       ] GC(412) Desired survivor size 15400960 bytes, new threshold 6 (max threshold 6)
[1241.886s][info ][gc,heap      ] GC(412) ParNew: 240929K->42K(270976K)
[1241.886s][info ][gc,heap      ] GC(412) CMS: 260984K->260984K(602112K)
[1241.886s][info ][gc,metaspace ] GC(412) Metaspace: 54184K->54184K(1097728K)
[1241.886s][info ][gc           ] GC(412) Pause Young (Allocation Failure) 490M->254M(852M) 1.620ms
[1241.886s][info ][gc,cpu       ] GC(412) User=0.01s Sys=0.00s Real=0.00s
[1241.886s][info ][safepoint    ] Leaving safepoint region
[1241.886s][info ][safepoint    ] Total time for which application threads were stopped: 0.0017647 seconds, Stopping threads took: 0.0000169 seconds
[1245.334s][info ][safepoint    ] Application time: 3.4479916 seconds
[1245.335s][info ][safepoint    ] Entering safepoint region: GenCollectForAllocation
[1245.335s][info ][gc,start     ] GC(413) Pause Young (Allocation Failure)
[1245.335s][info ][gc,task      ] GC(413) Using 4 workers of 4 for evacuation
[1245.336s][debug][gc,ref       ] GC(413) Skipped phase1 of Reference Processing due to unavailable references
[1245.336s][debug][gc,ref       ] GC(413) Skipped phase2 of Reference Processing due to unavailable references
[1245.336s][debug][gc,ref       ] GC(413) Skipped phase3 of Reference Processing due to unavailable references
[1245.336s][debug][gc,ref       ] GC(413) Skipped phase4 of Reference Processing due to unavailable references
[1245.337s][debug][gc,age       ] GC(413) Desired survivor size 15400960 bytes, new threshold 6 (max threshold 6)
[1245.337s][info ][gc,heap      ] GC(413) ParNew: 240938K->101K(270976K)
[1245.337s][info ][gc,heap      ] GC(413) CMS: 260984K->260984K(602112K)
[1245.337s][info ][gc,metaspace ] GC(413) Metaspace: 54184K->54184K(1097728K)
[1245.337s][info ][gc           ] GC(413) Pause Young (Allocation Failure) 490M->254M(852M) 1.984ms
[1245.337s][info ][gc,cpu       ] GC(413) User=0.01s Sys=0.00s Real=0.00s
[1245.337s][info ][safepoint    ] Leaving safepoint region
[1245.337s][info ][safepoint    ] Total time for which application threads were stopped: 0.0021613 seconds, Stopping threads took: 0.0000326 seconds
[1248.783s][info ][safepoint    ] Application time: 3.4462524 seconds
[1248.783s][info ][safepoint    ] Entering safepoint region: GenCollectForAllocation
[1248.783s][info ][gc,start     ] GC(414) Pause Young (Allocation Failure)
[1248.783s][info ][gc,task      ] GC(414) Using 4 workers of 4 for evacuation
[1248.785s][debug][gc,ref       ] GC(414) Skipped phase1 of Reference Processing due to unavailable references
[1248.785s][debug][gc,ref       ] GC(414) Skipped phase2 of Reference Processing due to unavailable references
[1248.785s][debug][gc,ref       ] GC(414) Skipped phase3 of Reference Processing due to unavailable references
[1248.785s][debug][gc,ref       ] GC(414) Skipped phase4 of Reference Processing due to unavailable references
[1248.785s][debug][gc,age       ] GC(414) Desired survivor size 15400960 bytes, new threshold 6 (max threshold 6)
[1248.785s][info ][gc,heap      ] GC(414) ParNew: 240997K->159K(270976K)
[1248.785s][info ][gc,heap      ] GC(414) CMS: 260984K->260984K(602112K)
[1248.785s][info ][gc,metaspace ] GC(414) Metaspace: 54184K->54184K(1097728K)
[1248.785s][info ][gc           ] GC(414) Pause Young (Allocation Failure) 490M->255M(852M) 2.245ms
[1248.785s][info ][gc,cpu       ] GC(414) User=0.01s Sys=0.00s Real=0.00s
[1248.785s][info ][safepoint    ] Leaving safepoint region
[1248.785s][info ][safepoint    ] Total time for which application threads were stopped: 0.0024089 seconds, Stopping threads took: 0.0000307 seconds
[1252.232s][info ][safepoint    ] Application time: 3.4468669 seconds
[1252.232s][info ][safepoint    ] Entering safepoint region: GenCollectForAllocation
[1252.232s][info ][gc,start     ] GC(415) Pause Young (Allocation Failure)
[1252.232s][info ][gc,task      ] GC(415) Using 4 workers of 4 for evacuation
[1252.234s][debug][gc,ref       ] GC(415) Skipped phase1 of Reference Processing due to unavailable references
[1252.234s][debug][gc,ref       ] GC(415) Skipped phase2 of Reference Processing due to unavailable references
[1252.234s][debug][gc,ref       ] GC(415) Skipped phase3 of Reference Processing due to unavailable references
[1252.234s][debug][gc,ref       ] GC(415) Skipped phase4 of Reference Processing due to unavailable references
[1252.234s][debug][gc,age       ] GC(415) Desired survivor size 15400960 bytes, new threshold 6 (max threshold 6)
[1252.234s][info ][gc,heap      ] GC(415) ParNew: 241055K->160K(270976K)
[1252.234s][info ][gc,heap      ] GC(415) CMS: 260984K->260984K(602112K)
[1252.234s][info ][gc,metaspace ] GC(415) Metaspace: 54184K->54184K(1097728K)
[1252.234s][info ][gc           ] GC(415) Pause Young (Allocation Failure) 490M->255M(852M) 1.644ms
[1252.234s][info ][gc,cpu       ] GC(415) User=0.00s Sys=0.00s Real=0.00s
[1252.234s][info ][safepoint    ] Leaving safepoint region
[1252.234s][info ][safepoint    ] Total time for which application threads were stopped: 0.0018142 seconds, Stopping threads took: 0.0000319 seconds
[1255.681s][info ][safepoint    ] Application time: 3.4471053 seconds
[1255.681s][info ][safepoint    ] Entering safepoint region: GenCollectForAllocation
[1255.681s][info ][gc,start     ] GC(416) Pause Young (Allocation Failure)
[1255.681s][info ][gc,task      ] GC(416) Using 4 workers of 4 for evacuation
[1255.683s][debug][gc,ref       ] GC(416) Skipped phase1 of Reference Processing due to unavailable references
[1255.683s][debug][gc,ref       ] GC(416) Skipped phase2 of Reference Processing due to unavailable references
[1255.683s][debug][gc,ref       ] GC(416) Skipped phase3 of Reference Processing due to unavailable references
[1255.683s][debug][gc,ref       ] GC(416) Skipped phase4 of Reference Processing due to unavailable references
[1255.683s][debug][gc,age       ] GC(416) Desired survivor size 15400960 bytes, new threshold 6 (max threshold 6)
[1255.683s][info ][gc,heap      ] GC(416) ParNew: 241056K->106K(270976K)
[1255.683s][info ][gc,heap      ] GC(416) CMS: 260984K->260984K(602112K)
[1255.683s][info ][gc,metaspace ] GC(416) Metaspace: 54184K->54184K(1097728K)
[1255.683s][info ][gc           ] GC(416) Pause Young (Allocation Failure) 490M->254M(852M) 1.610ms
[1255.683s][info ][gc,cpu       ] GC(416) User=0.00s Sys=0.00s Real=0.00s
[1255.683s][info ][safepoint    ] Leaving safepoint region
[1255.683s][info ][safepoint    ] Total time for which application threads were stopped: 0.0017504 seconds, Stopping threads took: 0.0000165 seconds
[1259.085s][info ][safepoint    ] Application time: 3.4020943 seconds
[1259.085s][info ][safepoint    ] Entering safepoint region: GenCollectForAllocation
[1259.085s][info ][gc,start     ] GC(417) Pause Young (Allocation Failure)
[1259.085s][info ][gc,task      ] GC(417) Using 4 workers of 4 for evacuation
[1259.087s][debug][gc,ref       ] GC(417) Skipped phase1 of Reference Processing due to unavailable references
[1259.087s][debug][gc,ref       ] GC(417) Skipped phase2 of Reference Processing due to unavailable references
[1259.087s][debug][gc,ref       ] GC(417) Skipped phase3 of Reference Processing due to unavailable references
[1259.087s][debug][gc,ref       ] GC(417) Skipped phase4 of Reference Processing due to unavailable references
[1259.087s][debug][gc,age       ] GC(417) Desired survivor size 15400960 bytes, new threshold 6 (max threshold 6)
[1259.087s][info ][gc,heap      ] GC(417) ParNew: 241002K->30K(270976K)
[1259.087s][info ][gc,heap      ] GC(417) CMS: 260984K->260984K(602112K)
[1259.087s][info ][gc,metaspace ] GC(417) Metaspace: 54184K->54184K(1097728K)
[1259.087s][info ][gc           ] GC(417) Pause Young (Allocation Failure) 490M->254M(852M) 1.616ms
[1259.087s][info ][gc,cpu       ] GC(417) User=0.01s Sys=0.00s Real=0.00s
[1259.087s][info ][safepoint    ] Leaving safepoint region
[1259.087s][info ][safepoint    ] Total time for which application threads were stopped: 0.0017554 seconds, Stopping threads took: 0.0000156 seconds
[1262.533s][info ][safepoint    ] Application time: 3.4462360 seconds
[1262.533s][info ][safepoint    ] Entering safepoint region: GenCollectForAllocation
[1262.533s][info ][gc,start     ] GC(418) Pause Young (Allocation Failure)
[1262.533s][info ][gc,task      ] GC(418) Using 4 workers of 4 for evacuation
[1262.535s][debug][gc,ref       ] GC(418) Skipped phase1 of Reference Processing due to unavailable references
[1262.535s][debug][gc,ref       ] GC(418) Skipped phase2 of Reference Processing due to unavailable references
[1262.535s][debug][gc,ref       ] GC(418) Skipped phase3 of Reference Processing due to unavailable references
[1262.535s][debug][gc,ref       ] GC(418) Skipped phase4 of Reference Processing due to unavailable references
[1262.535s][debug][gc,age       ] GC(418) Desired survivor size 15400960 bytes, new threshold 6 (max threshold 6)
[1262.535s][info ][gc,heap      ] GC(418) ParNew: 240926K->35K(270976K)
[1262.535s][info ][gc,heap      ] GC(418) CMS: 260984K->260984K(602112K)
[1262.535s][info ][gc,metaspace ] GC(418) Metaspace: 54184K->54184K(1097728K)
[1262.535s][info ][gc           ] GC(418) Pause Young (Allocation Failure) 490M->254M(852M) 1.554ms
[1262.535s][info ][gc,cpu       ] GC(418) User=0.00s Sys=0.01s Real=0.00s
[1262.535s][info ][safepoint    ] Leaving safepoint region
[1262.535s][info ][safepoint    ] Total time for which application threads were stopped: 0.0017026 seconds, Stopping threads took: 0.0000164 seconds
[1265.983s][info ][safepoint    ] Application time: 3.4477016 seconds
[1265.983s][info ][safepoint    ] Entering safepoint region: GenCollectForAllocation
[1265.983s][info ][gc,start     ] GC(419) Pause Young (Allocation Failure)
[1265.983s][info ][gc,task      ] GC(419) Using 4 workers of 4 for evacuation
[1265.984s][debug][gc,ref       ] GC(419) Skipped phase1 of Reference Processing due to unavailable references
[1265.984s][debug][gc,ref       ] GC(419) Skipped phase2 of Reference Processing due to unavailable references
[1265.984s][debug][gc,ref       ] GC(419) Skipped phase3 of Reference Processing due to unavailable references
[1265.984s][debug][gc,ref       ] GC(419) Skipped phase4 of Reference Processing due to unavailable references
[1265.984s][debug][gc,age       ] GC(419) Desired survivor size 15400960 bytes, new threshold 6 (max threshold 6)
[1265.984s][info ][gc,heap      ] GC(419) ParNew: 240931K->60K(270976K)
[1265.984s][info ][gc,heap      ] GC(419) CMS: 260984K->260984K(602112K)
[1265.984s][info ][gc,metaspace ] GC(419) Metaspace: 54184K->54184K(1097728K)
[1265.984s][info ][gc           ] GC(419) Pause Young (Allocation Failure) 490M->254M(852M) 1.669ms
[1265.984s][info ][gc,cpu       ] GC(419) User=0.00s Sys=0.00s Real=0.00s
[1265.984s][info ][safepoint    ] Leaving safepoint region
[1265.984s][info ][safepoint    ] Total time for which application threads were stopped: 0.0018176 seconds, Stopping threads took: 0.0000184 seconds
[1269.432s][info ][safepoint    ] Application time: 3.4474448 seconds
[1269.432s][info ][safepoint    ] Entering safepoint region: GenCollectForAllocation
[1269.432s][info ][gc,start     ] GC(420) Pause Young (Allocation Failure)
[1269.432s][info ][gc,task      ] GC(420) Using 4 workers of 4 for evacuation
[1269.433s][debug][gc,ref       ] GC(420) Skipped phase1 of Reference Processing due to unavailable references
[1269.433s][debug][gc,ref       ] GC(420) Skipped phase2 of Reference Processing due to unavailable references
[1269.433s][debug][gc,ref       ] GC(420) Skipped phase3 of Reference Processing due to unavailable references
[1269.433s][debug][gc,ref       ] GC(420) Skipped phase4 of Reference Processing due to unavailable references
[1269.434s][debug][gc,age       ] GC(420) Desired survivor size 15400960 bytes, new threshold 6 (max threshold 6)
[1269.434s][info ][gc,heap      ] GC(420) ParNew: 240956K->41K(270976K)
[1269.434s][info ][gc,heap      ] GC(420) CMS: 260984K->260984K(602112K)
[1269.434s][info ][gc,metaspace ] GC(420) Metaspace: 54184K->54184K(1097728K)
[1269.434s][info ][gc           ] GC(420) Pause Young (Allocation Failure) 490M->254M(852M) 1.593ms
[1269.434s][info ][gc,cpu       ] GC(420) User=0.00s Sys=0.00s Real=0.00s
[1269.434s][info ][safepoint    ] Leaving safepoint region
[1269.434s][info ][safepoint    ] Total time for which application threads were stopped: 0.0017451 seconds, Stopping threads took: 0.0000161 seconds
[1272.434s][info ][safepoint    ] Application time: 3.0002692 seconds
[1272.434s][info ][safepoint    ] Entering safepoint region: Cleanup
[1272.434s][info ][safepoint    ] Leaving safepoint region
[1272.434s][info ][safepoint    ] Total time for which application threads were stopped: 0.0001148 seconds, Stopping threads took: 0.0000392 seconds
[1272.836s][info ][safepoint    ] Application time: 0.4013996 seconds
[1272.836s][info ][safepoint    ] Entering safepoint region: GenCollectForAllocation
[1272.836s][info ][gc,start     ] GC(421) Pause Young (Allocation Failure)
[1272.836s][info ][gc,task      ] GC(421) Using 4 workers of 4 for evacuation
[1272.837s][debug][gc,ref       ] GC(421) Skipped phase1 of Reference Processing due to unavailable references
[1272.837s][debug][gc,ref       ] GC(421) Skipped phase2 of Reference Processing due to unavailable references
[1272.837s][debug][gc,ref       ] GC(421) Skipped phase3 of Reference Processing due to unavailable references
[1272.837s][debug][gc,ref       ] GC(421) Skipped phase4 of Reference Processing due to unavailable references
[1272.837s][debug][gc,age       ] GC(421) Desired survivor size 15400960 bytes, new threshold 6 (max threshold 6)
[1272.837s][info ][gc,heap      ] GC(421) ParNew: 240937K->30K(270976K)
[1272.837s][info ][gc,heap      ] GC(421) CMS: 260984K->260984K(602112K)
[1272.837s][info ][gc,metaspace ] GC(421) Metaspace: 54184K->54184K(1097728K)
[1272.837s][info ][gc           ] GC(421) Pause Young (Allocation Failure) 490M->254M(852M) 1.604ms
[1272.837s][info ][gc,cpu       ] GC(421) User=0.00s Sys=0.00s Real=0.00s
[1272.837s][info ][safepoint    ] Leaving safepoint region
[1272.837s][info ][safepoint    ] Total time for which application threads were stopped: 0.0017486 seconds, Stopping threads took: 0.0000167 seconds
[1276.284s][info ][safepoint    ] Application time: 3.4463156 seconds
[1276.284s][info ][safepoint    ] Entering safepoint region: GenCollectForAllocation
[1276.284s][info ][gc,start     ] GC(422) Pause Young (Allocation Failure)
[1276.284s][info ][gc,task      ] GC(422) Using 4 workers of 4 for evacuation
[1276.285s][debug][gc,ref       ] GC(422) Skipped phase1 of Reference Processing due to unavailable references
[1276.285s][debug][gc,ref       ] GC(422) Skipped phase2 of Reference Processing due to unavailable references
[1276.285s][debug][gc,ref       ] GC(422) Skipped phase3 of Reference Processing due to unavailable references
[1276.285s][debug][gc,ref       ] GC(422) Skipped phase4 of Reference Processing due to unavailable references
[1276.285s][debug][gc,age       ] GC(422) Desired survivor size 15400960 bytes, new threshold 6 (max threshold 6)
[1276.285s][info ][gc,heap      ] GC(422) ParNew: 240926K->27K(270976K)
[1276.285s][info ][gc,heap      ] GC(422) CMS: 260984K->260984K(602112K)
[1276.285s][info ][gc,metaspace ] GC(422) Metaspace: 54184K->54184K(1097728K)
[1276.285s][info ][gc           ] GC(422) Pause Young (Allocation Failure) 490M->254M(852M) 1.610ms
[1276.285s][info ][gc,cpu       ] GC(422) User=0.01s Sys=0.00s Real=0.00s
[1276.285s][info ][safepoint    ] Leaving safepoint region
[1276.285s][info ][safepoint    ] Total time for which application threads were stopped: 0.0017519 seconds, Stopping threads took: 0.0000175 seconds
[1279.733s][info ][safepoint    ] Application time: 3.4474355 seconds
[1279.733s][info ][safepoint    ] Entering safepoint region: GenCollectForAllocation
[1279.733s][info ][gc,start     ] GC(423) Pause Young (Allocation Failure)
[1279.733s][info ][gc,task      ] GC(423) Using 4 workers of 4 for evacuation
[1279.734s][debug][gc,ref       ] GC(423) Skipped phase1 of Reference Processing due to unavailable references
[1279.735s][debug][gc,ref       ] GC(423) Skipped phase2 of Reference Processing due to unavailable references
[1279.735s][debug][gc,ref       ] GC(423) Skipped phase3 of Reference Processing due to unavailable references
[1279.735s][debug][gc,ref       ] GC(423) Skipped phase4 of Reference Processing due to unavailable references
[1279.735s][debug][gc,age       ] GC(423) Desired survivor size 15400960 bytes, new threshold 6 (max threshold 6)
[1279.735s][info ][gc,heap      ] GC(423) ParNew: 240923K->100K(270976K)
[1279.735s][info ][gc,heap      ] GC(423) CMS: 260984K->260984K(602112K)
[1279.735s][info ][gc,metaspace ] GC(423) Metaspace: 54184K->54184K(1097728K)
[1279.735s][info ][gc           ] GC(423) Pause Young (Allocation Failure) 490M->254M(852M) 1.660ms
[1279.735s][info ][gc,cpu       ] GC(423) User=0.00s Sys=0.00s Real=0.00s
[1279.735s][info ][safepoint    ] Leaving safepoint region
[1279.735s][info ][safepoint    ] Total time for which application threads were stopped: 0.0018166 seconds, Stopping threads took: 0.0000275 seconds
[1282.735s][info ][safepoint    ] Application time: 3.0002075 seconds
[1282.735s][info ][safepoint    ] Entering safepoint region: Cleanup
[1282.735s][info ][safepoint    ] Leaving safepoint region
[1282.735s][info ][safepoint    ] Total time for which application threads were stopped: 0.0000902 seconds, Stopping threads took: 0.0000177 seconds
[1283.182s][info ][safepoint    ] Application time: 0.4472934 seconds
[1283.182s][info ][safepoint    ] Entering safepoint region: GenCollectForAllocation
[1283.183s][info ][gc,start     ] GC(424) Pause Young (Allocation Failure)
[1283.183s][info ][gc,task      ] GC(424) Using 4 workers of 4 for evacuation
[1283.185s][debug][gc,ref       ] GC(424) Skipped phase1 of Reference Processing due to unavailable references
[1283.185s][debug][gc,ref       ] GC(424) Skipped phase2 of Reference Processing due to unavailable references
[1283.185s][debug][gc,ref       ] GC(424) Skipped phase3 of Reference Processing due to unavailable references
[1283.185s][debug][gc,ref       ] GC(424) Skipped phase4 of Reference Processing due to unavailable references
[1283.185s][debug][gc,age       ] GC(424) Desired survivor size 15400960 bytes, new threshold 6 (max threshold 6)
[1283.185s][info ][gc,heap      ] GC(424) ParNew: 240996K->118K(270976K)
[1283.185s][info ][gc,heap      ] GC(424) CMS: 260984K->260984K(602112K)
[1283.185s][info ][gc,metaspace ] GC(424) Metaspace: 54184K->54184K(1097728K)
[1283.185s][info ][gc           ] GC(424) Pause Young (Allocation Failure) 490M->254M(852M) 2.197ms
[1283.185s][info ][gc,cpu       ] GC(424) User=0.00s Sys=0.00s Real=0.00s
[1283.185s][info ][safepoint    ] Leaving safepoint region
[1283.185s][info ][safepoint    ] Total time for which application threads were stopped: 0.0023378 seconds, Stopping threads took: 0.0000156 seconds
[1286.631s][info ][safepoint    ] Application time: 3.4464892 seconds
[1286.631s][info ][safepoint    ] Entering safepoint region: GenCollectForAllocation
[1286.631s][info ][gc,start     ] GC(425) Pause Young (Allocation Failure)
[1286.631s][info ][gc,task      ] GC(425) Using 4 workers of 4 for evacuation
[1286.633s][debug][gc,ref       ] GC(425) Skipped phase1 of Reference Processing due to unavailable references
[1286.633s][debug][gc,ref       ] GC(425) Skipped phase2 of Reference Processing due to unavailable references
[1286.633s][debug][gc,ref       ] GC(425) Skipped phase3 of Reference Processing due to unavailable references
[1286.633s][debug][gc,ref       ] GC(425) Skipped phase4 of Reference Processing due to unavailable references
[1286.633s][debug][gc,age       ] GC(425) Desired survivor size 15400960 bytes, new threshold 6 (max threshold 6)
[1286.633s][info ][gc,heap      ] GC(425) ParNew: 241014K->74K(270976K)
[1286.633s][info ][gc,heap      ] GC(425) CMS: 260984K->260984K(602112K)
[1286.633s][info ][gc,metaspace ] GC(425) Metaspace: 54184K->54184K(1097728K)
[1286.633s][info ][gc           ] GC(425) Pause Young (Allocation Failure) 490M->254M(852M) 1.584ms
[1286.633s][info ][gc,cpu       ] GC(425) User=0.00s Sys=0.01s Real=0.00s
[1286.633s][info ][safepoint    ] Leaving safepoint region
[1286.633s][info ][safepoint    ] Total time for which application threads were stopped: 0.0017419 seconds, Stopping threads took: 0.0000157 seconds
[1290.037s][info ][safepoint    ] Application time: 3.4039051 seconds
[1290.037s][info ][safepoint    ] Entering safepoint region: GenCollectForAllocation
[1290.037s][info ][gc,start     ] GC(426) Pause Young (Allocation Failure)
[1290.037s][info ][gc,task      ] GC(426) Using 4 workers of 4 for evacuation
[1290.039s][debug][gc,ref       ] GC(426) Skipped phase1 of Reference Processing due to unavailable references
[1290.039s][debug][gc,ref       ] GC(426) Skipped phase2 of Reference Processing due to unavailable references
[1290.039s][debug][gc,ref       ] GC(426) Skipped phase3 of Reference Processing due to unavailable references
[1290.039s][debug][gc,ref       ] GC(426) Skipped phase4 of Reference Processing due to unavailable references
[1290.039s][debug][gc,age       ] GC(426) Desired survivor size 15400960 bytes, new threshold 6 (max threshold 6)
[1290.039s][info ][gc,heap      ] GC(426) ParNew: 240970K->52K(270976K)
[1290.039s][info ][gc,heap      ] GC(426) CMS: 260984K->260985K(602112K)
[1290.039s][info ][gc,metaspace ] GC(426) Metaspace: 54184K->54184K(1097728K)
[1290.039s][info ][gc           ] GC(426) Pause Young (Allocation Failure) 490M->254M(852M) 1.603ms
[1290.039s][info ][gc,cpu       ] GC(426) User=0.00s Sys=0.00s Real=0.00s
[1290.039s][info ][safepoint    ] Leaving safepoint region
[1290.039s][info ][safepoint    ] Total time for which application threads were stopped: 0.0017529 seconds, Stopping threads took: 0.0000152 seconds
[1291.039s][info ][safepoint    ] Application time: 1.0000890 seconds
[1291.039s][info ][safepoint    ] Entering safepoint region: Cleanup
[1291.039s][info ][safepoint    ] Leaving safepoint region
[1291.039s][info ][safepoint    ] Total time for which application threads were stopped: 0.0000872 seconds, Stopping threads took: 0.0000156 seconds
[1293.483s][info ][safepoint    ] Application time: 2.4442136 seconds
[1293.483s][info ][safepoint    ] Entering safepoint region: GenCollectForAllocation
[1293.483s][info ][gc,start     ] GC(427) Pause Young (Allocation Failure)
[1293.483s][info ][gc,task      ] GC(427) Using 4 workers of 4 for evacuation
[1293.485s][debug][gc,ref       ] GC(427) Skipped phase1 of Reference Processing due to unavailable references
[1293.485s][debug][gc,ref       ] GC(427) Skipped phase2 of Reference Processing due to unavailable references
[1293.485s][debug][gc,ref       ] GC(427) Skipped phase3 of Reference Processing due to unavailable references
[1293.485s][debug][gc,ref       ] GC(427) Skipped phase4 of Reference Processing due to unavailable references
[1293.485s][debug][gc,age       ] GC(427) Desired survivor size 15400960 bytes, new threshold 6 (max threshold 6)
[1293.485s][info ][gc,heap      ] GC(427) ParNew: 240948K->144K(270976K)
[1293.485s][info ][gc,heap      ] GC(427) CMS: 260985K->260985K(602112K)
[1293.485s][info ][gc,metaspace ] GC(427) Metaspace: 54184K->54184K(1097728K)
[1293.485s][info ][gc           ] GC(427) Pause Young (Allocation Failure) 490M->255M(852M) 1.630ms
[1293.485s][info ][gc,cpu       ] GC(427) User=0.01s Sys=0.00s Real=0.00s
[1293.485s][info ][safepoint    ] Leaving safepoint region
[1293.485s][info ][safepoint    ] Total time for which application threads were stopped: 0.0017755 seconds, Stopping threads took: 0.0000167 seconds
[1296.935s][info ][safepoint    ] Application time: 3.4498900 seconds
[1296.935s][info ][safepoint    ] Entering safepoint region: GenCollectForAllocation
[1296.935s][info ][gc,start     ] GC(428) Pause Young (Allocation Failure)
[1296.935s][info ][gc,task      ] GC(428) Using 4 workers of 4 for evacuation
[1296.937s][debug][gc,ref       ] GC(428) Skipped phase1 of Reference Processing due to unavailable references
[1296.937s][debug][gc,ref       ] GC(428) Skipped phase2 of Reference Processing due to unavailable references
[1296.937s][debug][gc,ref       ] GC(428) Skipped phase3 of Reference Processing due to unavailable references
[1296.937s][debug][gc,ref       ] GC(428) Skipped phase4 of Reference Processing due to unavailable references
[1296.937s][debug][gc,age       ] GC(428) Desired survivor size 15400960 bytes, new threshold 6 (max threshold 6)
[1296.937s][info ][gc,heap      ] GC(428) ParNew: 241040K->201K(270976K)
[1296.937s][info ][gc,heap      ] GC(428) CMS: 260985K->260985K(602112K)
[1296.937s][info ][gc,metaspace ] GC(428) Metaspace: 54184K->54184K(1097728K)
[1296.937s][info ][gc           ] GC(428) Pause Young (Allocation Failure) 490M->255M(852M) 1.857ms
[1296.937s][info ][gc,cpu       ] GC(428) User=0.00s Sys=0.00s Real=0.00s
[1296.937s][info ][safepoint    ] Leaving safepoint region
[1296.937s][info ][safepoint    ] Total time for which application threads were stopped: 0.0020503 seconds, Stopping threads took: 0.0000170 seconds
[1300.382s][info ][safepoint    ] Application time: 3.4451737 seconds
[1300.382s][info ][safepoint    ] Entering safepoint region: GenCollectForAllocation
[1300.382s][info ][gc,start     ] GC(429) Pause Young (Allocation Failure)
[1300.382s][info ][gc,task      ] GC(429) Using 4 workers of 4 for evacuation
[1300.384s][debug][gc,ref       ] GC(429) Skipped phase1 of Reference Processing due to unavailable references
[1300.384s][debug][gc,ref       ] GC(429) Skipped phase2 of Reference Processing due to unavailable references
[1300.384s][debug][gc,ref       ] GC(429) Skipped phase3 of Reference Processing due to unavailable references
[1300.384s][debug][gc,ref       ] GC(429) Skipped phase4 of Reference Processing due to unavailable references
[1300.384s][debug][gc,age       ] GC(429) Desired survivor size 15400960 bytes, new threshold 6 (max threshold 6)
[1300.384s][info ][gc,heap      ] GC(429) ParNew: 241097K->119K(270976K)
[1300.384s][info ][gc,heap      ] GC(429) CMS: 260985K->260985K(602112K)
[1300.384s][info ][gc,metaspace ] GC(429) Metaspace: 54184K->54184K(1097728K)
[1300.384s][info ][gc           ] GC(429) Pause Young (Allocation Failure) 490M->254M(852M) 1.947ms
[1300.384s][info ][gc,cpu       ] GC(429) User=0.00s Sys=0.00s Real=0.00s
[1300.384s][info ][safepoint    ] Leaving safepoint region
[1300.384s][info ][safepoint    ] Total time for which application threads were stopped: 0.0021231 seconds, Stopping threads took: 0.0000182 seconds
[1303.785s][info ][safepoint    ] Application time: 3.4003740 seconds
[1303.785s][info ][safepoint    ] Entering safepoint region: GenCollectForAllocation
[1303.785s][info ][gc,start     ] GC(430) Pause Young (Allocation Failure)
[1303.785s][info ][gc,task      ] GC(430) Using 4 workers of 4 for evacuation
[1303.787s][debug][gc,ref       ] GC(430) Skipped phase1 of Reference Processing due to unavailable references
[1303.787s][debug][gc,ref       ] GC(430) Skipped phase2 of Reference Processing due to unavailable references
[1303.787s][debug][gc,ref       ] GC(430) Skipped phase3 of Reference Processing due to unavailable references
[1303.787s][debug][gc,ref       ] GC(430) Skipped phase4 of Reference Processing due to unavailable references
[1303.787s][debug][gc,age       ] GC(430) Desired survivor size 15400960 bytes, new threshold 6 (max threshold 6)
[1303.787s][info ][gc,heap      ] GC(430) ParNew: 241015K->59K(270976K)
[1303.787s][info ][gc,heap      ] GC(430) CMS: 260985K->260985K(602112K)
[1303.787s][info ][gc,metaspace ] GC(430) Metaspace: 54184K->54184K(1097728K)
[1303.787s][info ][gc           ] GC(430) Pause Young (Allocation Failure) 490M->254M(852M) 2.268ms
[1303.787s][info ][gc,cpu       ] GC(430) User=0.01s Sys=0.00s Real=0.00s
[1303.787s][info ][safepoint    ] Leaving safepoint region
[1303.787s][info ][safepoint    ] Total time for which application threads were stopped: 0.0024025 seconds, Stopping threads took: 0.0000150 seconds
[1307.233s][info ][safepoint    ] Application time: 3.4460939 seconds
[1307.233s][info ][safepoint    ] Entering safepoint region: GenCollectForAllocation
[1307.233s][info ][gc,start     ] GC(431) Pause Young (Allocation Failure)
[1307.233s][info ][gc,task      ] GC(431) Using 4 workers of 4 for evacuation
[1307.235s][debug][gc,ref       ] GC(431) Skipped phase1 of Reference Processing due to unavailable references
[1307.235s][debug][gc,ref       ] GC(431) Skipped phase2 of Reference Processing due to unavailable references
[1307.235s][debug][gc,ref       ] GC(431) Skipped phase3 of Reference Processing due to unavailable references
[1307.235s][debug][gc,ref       ] GC(431) Skipped phase4 of Reference Processing due to unavailable references
[1307.235s][debug][gc,age       ] GC(431) Desired survivor size 15400960 bytes, new threshold 6 (max threshold 6)
[1307.235s][info ][gc,heap      ] GC(431) ParNew: 240955K->41K(270976K)
[1307.235s][info ][gc,heap      ] GC(431) CMS: 260985K->260985K(602112K)
[1307.235s][info ][gc,metaspace ] GC(431) Metaspace: 54184K->54184K(1097728K)
[1307.235s][info ][gc           ] GC(431) Pause Young (Allocation Failure) 490M->254M(852M) 1.612ms
[1307.235s][info ][gc,cpu       ] GC(431) User=0.00s Sys=0.00s Real=0.00s
[1307.235s][info ][safepoint    ] Leaving safepoint region
[1307.235s][info ][safepoint    ] Total time for which application threads were stopped: 0.0017598 seconds, Stopping threads took: 0.0000152 seconds
[1310.683s][info ][safepoint    ] Application time: 3.4475308 seconds
[1310.683s][info ][safepoint    ] Entering safepoint region: GenCollectForAllocation
[1310.683s][info ][gc,start     ] GC(432) Pause Young (Allocation Failure)
[1310.683s][info ][gc,task      ] GC(432) Using 4 workers of 4 for evacuation
[1310.684s][debug][gc,ref       ] GC(432) Skipped phase1 of Reference Processing due to unavailable references
[1310.684s][debug][gc,ref       ] GC(432) Skipped phase2 of Reference Processing due to unavailable references
[1310.684s][debug][gc,ref       ] GC(432) Skipped phase3 of Reference Processing due to unavailable references
[1310.684s][debug][gc,ref       ] GC(432) Skipped phase4 of Reference Processing due to unavailable references
[1310.684s][debug][gc,age       ] GC(432) Desired survivor size 15400960 bytes, new threshold 6 (max threshold 6)
[1310.684s][info ][gc,heap      ] GC(432) ParNew: 240937K->46K(270976K)
[1310.684s][info ][gc,heap      ] GC(432) CMS: 260985K->260985K(602112K)
[1310.684s][info ][gc,metaspace ] GC(432) Metaspace: 54184K->54184K(1097728K)
[1310.684s][info ][gc           ] GC(432) Pause Young (Allocation Failure) 490M->254M(852M) 1.608ms
[1310.684s][info ][gc,cpu       ] GC(432) User=0.00s Sys=0.00s Real=0.00s
[1310.684s][info ][safepoint    ] Leaving safepoint region
[1310.684s][info ][safepoint    ] Total time for which application threads were stopped: 0.0017791 seconds, Stopping threads took: 0.0000453 seconds
[1314.132s][info ][safepoint    ] Application time: 3.4472977 seconds
[1314.132s][info ][safepoint    ] Entering safepoint region: GenCollectForAllocation
[1314.132s][info ][gc,start     ] GC(433) Pause Young (Allocation Failure)
[1314.132s][info ][gc,task      ] GC(433) Using 4 workers of 4 for evacuation
[1314.133s][debug][gc,ref       ] GC(433) Skipped phase1 of Reference Processing due to unavailable references
[1314.133s][debug][gc,ref       ] GC(433) Skipped phase2 of Reference Processing due to unavailable references
[1314.133s][debug][gc,ref       ] GC(433) Skipped phase3 of Reference Processing due to unavailable references
[1314.133s][debug][gc,ref       ] GC(433) Skipped phase4 of Reference Processing due to unavailable references
[1314.133s][debug][gc,age       ] GC(433) Desired survivor size 15400960 bytes, new threshold 6 (max threshold 6)
[1314.133s][info ][gc,heap      ] GC(433) ParNew: 240942K->38K(270976K)
[1314.133s][info ][gc,heap      ] GC(433) CMS: 260985K->260985K(602112K)
[1314.133s][info ][gc,metaspace ] GC(433) Metaspace: 54184K->54184K(1097728K)
[1314.133s][info ][gc           ] GC(433) Pause Young (Allocation Failure) 490M->254M(852M) 1.636ms
[1314.133s][info ][gc,cpu       ] GC(433) User=0.00s Sys=0.00s Real=0.00s
[1314.133s][info ][safepoint    ] Leaving safepoint region
[1314.133s][info ][safepoint    ] Total time for which application threads were stopped: 0.0017785 seconds, Stopping threads took: 0.0000157 seconds
[1317.535s][info ][safepoint    ] Application time: 3.4012240 seconds
[1317.535s][info ][safepoint    ] Entering safepoint region: GenCollectForAllocation
[1317.535s][info ][gc,start     ] GC(434) Pause Young (Allocation Failure)
[1317.535s][info ][gc,task      ] GC(434) Using 4 workers of 4 for evacuation
[1317.536s][debug][gc,ref       ] GC(434) Skipped phase1 of Reference Processing due to unavailable references
[1317.537s][debug][gc,ref       ] GC(434) Skipped phase2 of Reference Processing due to unavailable references
[1317.537s][debug][gc,ref       ] GC(434) Skipped phase3 of Reference Processing due to unavailable references
[1317.537s][debug][gc,ref       ] GC(434) Skipped phase4 of Reference Processing due to unavailable references
[1317.537s][debug][gc,age       ] GC(434) Desired survivor size 15400960 bytes, new threshold 6 (max threshold 6)
[1317.537s][info ][gc,heap      ] GC(434) ParNew: 240934K->26K(270976K)
[1317.537s][info ][gc,heap      ] GC(434) CMS: 260985K->260985K(602112K)
[1317.537s][info ][gc,metaspace ] GC(434) Metaspace: 54184K->54184K(1097728K)
[1317.537s][info ][gc           ] GC(434) Pause Young (Allocation Failure) 490M->254M(852M) 1.836ms
[1317.537s][info ][gc,cpu       ] GC(434) User=0.01s Sys=0.00s Real=0.00s
[1317.537s][info ][safepoint    ] Leaving safepoint region
[1317.537s][info ][safepoint    ] Total time for which application threads were stopped: 0.0019942 seconds, Stopping threads took: 0.0000195 seconds
[1320.984s][info ][safepoint    ] Application time: 3.4467478 seconds
[1320.984s][info ][safepoint    ] Entering safepoint region: GenCollectForAllocation
[1320.984s][info ][gc,start     ] GC(435) Pause Young (Allocation Failure)
[1320.984s][info ][gc,task      ] GC(435) Using 4 workers of 4 for evacuation
[1320.985s][debug][gc,ref       ] GC(435) Skipped phase1 of Reference Processing due to unavailable references
[1320.985s][debug][gc,ref       ] GC(435) Skipped phase2 of Reference Processing due to unavailable references
[1320.985s][debug][gc,ref       ] GC(435) Skipped phase3 of Reference Processing due to unavailable references
[1320.985s][debug][gc,ref       ] GC(435) Skipped phase4 of Reference Processing due to unavailable references
[1320.985s][debug][gc,age       ] GC(435) Desired survivor size 15400960 bytes, new threshold 6 (max threshold 6)
[1320.985s][info ][gc,heap      ] GC(435) ParNew: 240922K->108K(270976K)
[1320.985s][info ][gc,heap      ] GC(435) CMS: 260985K->260985K(602112K)
[1320.985s][info ][gc,metaspace ] GC(435) Metaspace: 54184K->54184K(1097728K)
[1320.985s][info ][gc           ] GC(435) Pause Young (Allocation Failure) 490M->254M(852M) 1.691ms
[1320.985s][info ][gc,cpu       ] GC(435) User=0.00s Sys=0.00s Real=0.00s
[1320.985s][info ][safepoint    ] Leaving safepoint region
[1320.985s][info ][safepoint    ] Total time for which application threads were stopped: 0.0018465 seconds, Stopping threads took: 0.0000155 seconds
[1324.433s][info ][safepoint    ] Application time: 3.4473205 seconds
[1324.433s][info ][safepoint    ] Entering safepoint region: GenCollectForAllocation
[1324.433s][info ][gc,start     ] GC(436) Pause Young (Allocation Failure)
[1324.433s][info ][gc,task      ] GC(436) Using 4 workers of 4 for evacuation
[1324.434s][debug][gc,ref       ] GC(436) Skipped phase1 of Reference Processing due to unavailable references
[1324.434s][debug][gc,ref       ] GC(436) Skipped phase2 of Reference Processing due to unavailable references
[1324.434s][debug][gc,ref       ] GC(436) Skipped phase3 of Reference Processing due to unavailable references
[1324.434s][debug][gc,ref       ] GC(436) Skipped phase4 of Reference Processing due to unavailable references
[1324.434s][debug][gc,age       ] GC(436) Desired survivor size 15400960 bytes, new threshold 6 (max threshold 6)
[1324.435s][info ][gc,heap      ] GC(436) ParNew: 241004K->150K(270976K)
[1324.435s][info ][gc,heap      ] GC(436) CMS: 260985K->260985K(602112K)
[1324.435s][info ][gc,metaspace ] GC(436) Metaspace: 54184K->54184K(1097728K)
[1324.435s][info ][gc           ] GC(436) Pause Young (Allocation Failure) 490M->255M(852M) 1.660ms
[1324.435s][info ][gc,cpu       ] GC(436) User=0.00s Sys=0.00s Real=0.00s
[1324.435s][info ][safepoint    ] Leaving safepoint region
[1324.435s][info ][safepoint    ] Total time for which application threads were stopped: 0.0018256 seconds, Stopping threads took: 0.0000169 seconds
[1327.882s][info ][safepoint    ] Application time: 3.4472954 seconds
[1327.882s][info ][safepoint    ] Entering safepoint region: GenCollectForAllocation
[1327.882s][info ][gc,start     ] GC(437) Pause Young (Allocation Failure)
[1327.882s][info ][gc,task      ] GC(437) Using 4 workers of 4 for evacuation
[1327.883s][debug][gc,ref       ] GC(437) Skipped phase1 of Reference Processing due to unavailable references
[1327.883s][debug][gc,ref       ] GC(437) Skipped phase2 of Reference Processing due to unavailable references
[1327.883s][debug][gc,ref       ] GC(437) Skipped phase3 of Reference Processing due to unavailable references
[1327.883s][debug][gc,ref       ] GC(437) Skipped phase4 of Reference Processing due to unavailable references
[1327.884s][debug][gc,age       ] GC(437) Desired survivor size 15400960 bytes, new threshold 6 (max threshold 6)
[1327.884s][info ][gc,heap      ] GC(437) ParNew: 241046K->102K(270976K)
[1327.884s][info ][gc,heap      ] GC(437) CMS: 260985K->260985K(602112K)
[1327.884s][info ][gc,metaspace ] GC(437) Metaspace: 54184K->54184K(1097728K)
[1327.884s][info ][gc           ] GC(437) Pause Young (Allocation Failure) 490M->254M(852M) 1.589ms
[1327.884s][info ][gc,cpu       ] GC(437) User=0.01s Sys=0.00s Real=0.00s
[1327.884s][info ][safepoint    ] Leaving safepoint region
[1327.884s][info ][safepoint    ] Total time for which application threads were stopped: 0.0017305 seconds, Stopping threads took: 0.0000169 seconds
[1331.285s][info ][safepoint    ] Application time: 3.4013692 seconds
[1331.285s][info ][safepoint    ] Entering safepoint region: GenCollectForAllocation
[1331.285s][info ][gc,start     ] GC(438) Pause Young (Allocation Failure)
[1331.285s][info ][gc,task      ] GC(438) Using 4 workers of 4 for evacuation
[1331.287s][debug][gc,ref       ] GC(438) Skipped phase1 of Reference Processing due to unavailable references
[1331.287s][debug][gc,ref       ] GC(438) Skipped phase2 of Reference Processing due to unavailable references
[1331.287s][debug][gc,ref       ] GC(438) Skipped phase3 of Reference Processing due to unavailable references
[1331.287s][debug][gc,ref       ] GC(438) Skipped phase4 of Reference Processing due to unavailable references
[1331.287s][debug][gc,age       ] GC(438) Desired survivor size 15400960 bytes, new threshold 6 (max threshold 6)
[1331.287s][info ][gc,heap      ] GC(438) ParNew: 240998K->29K(270976K)
[1331.287s][info ][gc,heap      ] GC(438) CMS: 260985K->260985K(602112K)
[1331.287s][info ][gc,metaspace ] GC(438) Metaspace: 54184K->54184K(1097728K)
[1331.287s][info ][gc           ] GC(438) Pause Young (Allocation Failure) 490M->254M(852M) 1.678ms
[1331.287s][info ][gc,cpu       ] GC(438) User=0.00s Sys=0.00s Real=0.00s
[1331.287s][info ][safepoint    ] Leaving safepoint region
[1331.287s][info ][safepoint    ] Total time for which application threads were stopped: 0.0018137 seconds, Stopping threads took: 0.0000168 seconds
[1334.734s][info ][safepoint    ] Application time: 3.4472373 seconds
[1334.734s][info ][safepoint    ] Entering safepoint region: GenCollectForAllocation
[1334.734s][info ][gc,start     ] GC(439) Pause Young (Allocation Failure)
[1334.734s][info ][gc,task      ] GC(439) Using 4 workers of 4 for evacuation
[1334.736s][debug][gc,ref       ] GC(439) Skipped phase1 of Reference Processing due to unavailable references
[1334.736s][debug][gc,ref       ] GC(439) Skipped phase2 of Reference Processing due to unavailable references
[1334.736s][debug][gc,ref       ] GC(439) Skipped phase3 of Reference Processing due to unavailable references
[1334.736s][debug][gc,ref       ] GC(439) Skipped phase4 of Reference Processing due to unavailable references
[1334.736s][debug][gc,age       ] GC(439) Desired survivor size 15400960 bytes, new threshold 6 (max threshold 6)
[1334.736s][info ][gc,heap      ] GC(439) ParNew: 240925K->26K(270976K)
[1334.736s][info ][gc,heap      ] GC(439) CMS: 260985K->260985K(602112K)
[1334.736s][info ][gc,metaspace ] GC(439) Metaspace: 54184K->54184K(1097728K)
[1334.736s][info ][gc           ] GC(439) Pause Young (Allocation Failure) 490M->254M(852M) 1.613ms
[1334.736s][info ][gc,cpu       ] GC(439) User=0.01s Sys=0.00s Real=0.00s
[1334.736s][info ][safepoint    ] Leaving safepoint region
[1334.736s][info ][safepoint    ] Total time for which application threads were stopped: 0.0017581 seconds, Stopping threads took: 0.0000169 seconds
[1338.183s][info ][safepoint    ] Application time: 3.4471814 seconds
[1338.183s][info ][safepoint    ] Entering safepoint region: GenCollectForAllocation
[1338.183s][info ][gc,start     ] GC(440) Pause Young (Allocation Failure)
[1338.183s][info ][gc,task      ] GC(440) Using 4 workers of 4 for evacuation
[1338.185s][debug][gc,ref       ] GC(440) Skipped phase1 of Reference Processing due to unavailable references
[1338.185s][debug][gc,ref       ] GC(440) Skipped phase2 of Reference Processing due to unavailable references
[1338.185s][debug][gc,ref       ] GC(440) Skipped phase3 of Reference Processing due to unavailable references
[1338.185s][debug][gc,ref       ] GC(440) Skipped phase4 of Reference Processing due to unavailable references
[1338.185s][debug][gc,age       ] GC(440) Desired survivor size 15400960 bytes, new threshold 6 (max threshold 6)
[1338.185s][info ][gc,heap      ] GC(440) ParNew: 240922K->83K(270976K)
[1338.185s][info ][gc,heap      ] GC(440) CMS: 260985K->260985K(602112K)
[1338.185s][info ][gc,metaspace ] GC(440) Metaspace: 54184K->54184K(1097728K)
[1338.185s][info ][gc           ] GC(440) Pause Young (Allocation Failure) 490M->254M(852M) 1.607ms
[1338.185s][info ][gc,cpu       ] GC(440) User=0.01s Sys=0.00s Real=0.00s
[1338.185s][info ][safepoint    ] Leaving safepoint region
[1338.185s][info ][safepoint    ] Total time for which application threads were stopped: 0.0017627 seconds, Stopping threads took: 0.0000160 seconds
[1341.632s][info ][safepoint    ] Application time: 3.4474368 seconds
[1341.632s][info ][safepoint    ] Entering safepoint region: GenCollectForAllocation
[1341.633s][info ][gc,start     ] GC(441) Pause Young (Allocation Failure)
[1341.633s][info ][gc,task      ] GC(441) Using 4 workers of 4 for evacuation
[1341.634s][debug][gc,ref       ] GC(441) Skipped phase1 of Reference Processing due to unavailable references
[1341.634s][debug][gc,ref       ] GC(441) Skipped phase2 of Reference Processing due to unavailable references
[1341.634s][debug][gc,ref       ] GC(441) Skipped phase3 of Reference Processing due to unavailable references
[1341.634s][debug][gc,ref       ] GC(441) Skipped phase4 of Reference Processing due to unavailable references
[1341.634s][debug][gc,age       ] GC(441) Desired survivor size 15400960 bytes, new threshold 6 (max threshold 6)
[1341.634s][info ][gc,heap      ] GC(441) ParNew: 240979K->155K(270976K)
[1341.634s][info ][gc,heap      ] GC(441) CMS: 260985K->260985K(602112K)
[1341.634s][info ][gc,metaspace ] GC(441) Metaspace: 54184K->54184K(1097728K)
[1341.634s][info ][gc           ] GC(441) Pause Young (Allocation Failure) 490M->255M(852M) 1.669ms
[1341.634s][info ][gc,cpu       ] GC(441) User=0.00s Sys=0.00s Real=0.00s
[1341.634s][info ][safepoint    ] Leaving safepoint region
[1341.634s][info ][safepoint    ] Total time for which application threads were stopped: 0.0018446 seconds, Stopping threads took: 0.0000297 seconds
[1345.081s][info ][safepoint    ] Application time: 3.4464933 seconds
[1345.081s][info ][safepoint    ] Entering safepoint region: GenCollectForAllocation
[1345.081s][info ][gc,start     ] GC(442) Pause Young (Allocation Failure)
[1345.081s][info ][gc,task      ] GC(442) Using 4 workers of 4 for evacuation
[1345.082s][debug][gc,ref       ] GC(442) Skipped phase1 of Reference Processing due to unavailable references
[1345.082s][debug][gc,ref       ] GC(442) Skipped phase2 of Reference Processing due to unavailable references
[1345.082s][debug][gc,ref       ] GC(442) Skipped phase3 of Reference Processing due to unavailable references
[1345.082s][debug][gc,ref       ] GC(442) Skipped phase4 of Reference Processing due to unavailable references
[1345.082s][debug][gc,age       ] GC(442) Desired survivor size 15400960 bytes, new threshold 6 (max threshold 6)
[1345.082s][info ][gc,heap      ] GC(442) ParNew: 241051K->97K(270976K)
[1345.082s][info ][gc,heap      ] GC(442) CMS: 260985K->260986K(602112K)
[1345.082s][info ][gc,metaspace ] GC(442) Metaspace: 54184K->54184K(1097728K)
[1345.082s][info ][gc           ] GC(442) Pause Young (Allocation Failure) 490M->254M(852M) 1.599ms
[1345.082s][info ][gc,cpu       ] GC(442) User=0.00s Sys=0.00s Real=0.00s
[1345.083s][info ][safepoint    ] Leaving safepoint region
[1345.083s][info ][safepoint    ] Total time for which application threads were stopped: 0.0017414 seconds, Stopping threads took: 0.0000184 seconds
[1348.484s][info ][safepoint    ] Application time: 3.4014418 seconds
[1348.484s][info ][safepoint    ] Entering safepoint region: GenCollectForAllocation
[1348.484s][info ][gc,start     ] GC(443) Pause Young (Allocation Failure)
[1348.484s][info ][gc,task      ] GC(443) Using 4 workers of 4 for evacuation
[1348.486s][debug][gc,ref       ] GC(443) Skipped phase1 of Reference Processing due to unavailable references
[1348.486s][debug][gc,ref       ] GC(443) Skipped phase2 of Reference Processing due to unavailable references
[1348.486s][debug][gc,ref       ] GC(443) Skipped phase3 of Reference Processing due to unavailable references
[1348.486s][debug][gc,ref       ] GC(443) Skipped phase4 of Reference Processing due to unavailable references
[1348.486s][debug][gc,age       ] GC(443) Desired survivor size 15400960 bytes, new threshold 6 (max threshold 6)
[1348.486s][info ][gc,heap      ] GC(443) ParNew: 240993K->48K(270976K)
[1348.486s][info ][gc,heap      ] GC(443) CMS: 260986K->260986K(602112K)
[1348.486s][info ][gc,metaspace ] GC(443) Metaspace: 54184K->54184K(1097728K)
[1348.486s][info ][gc           ] GC(443) Pause Young (Allocation Failure) 490M->254M(852M) 1.962ms
[1348.486s][info ][gc,cpu       ] GC(443) User=0.01s Sys=0.00s Real=0.00s
[1348.486s][info ][safepoint    ] Leaving safepoint region
[1348.486s][info ][safepoint    ] Total time for which application threads were stopped: 0.0021073 seconds, Stopping threads took: 0.0000173 seconds
[1351.933s][info ][safepoint    ] Application time: 3.4469632 seconds
[1351.933s][info ][safepoint    ] Entering safepoint region: GenCollectForAllocation
[1351.933s][info ][gc,start     ] GC(444) Pause Young (Allocation Failure)
[1351.933s][info ][gc,task      ] GC(444) Using 4 workers of 4 for evacuation
[1351.935s][debug][gc,ref       ] GC(444) Skipped phase1 of Reference Processing due to unavailable references
[1351.935s][debug][gc,ref       ] GC(444) Skipped phase2 of Reference Processing due to unavailable references
[1351.935s][debug][gc,ref       ] GC(444) Skipped phase3 of Reference Processing due to unavailable references
[1351.935s][debug][gc,ref       ] GC(444) Skipped phase4 of Reference Processing due to unavailable references
[1351.935s][debug][gc,age       ] GC(444) Desired survivor size 15400960 bytes, new threshold 6 (max threshold 6)
[1351.935s][info ][gc,heap      ] GC(444) ParNew: 240944K->78K(270976K)
[1351.935s][info ][gc,heap      ] GC(444) CMS: 260986K->260986K(602112K)
[1351.935s][info ][gc,metaspace ] GC(444) Metaspace: 54184K->54184K(1097728K)
[1351.935s][info ][gc           ] GC(444) Pause Young (Allocation Failure) 490M->254M(852M) 1.637ms
[1351.935s][info ][gc,cpu       ] GC(444) User=0.01s Sys=0.00s Real=0.00s
[1351.935s][info ][safepoint    ] Leaving safepoint region
[1351.935s][info ][safepoint    ] Total time for which application threads were stopped: 0.0017802 seconds, Stopping threads took: 0.0000169 seconds
[1355.383s][info ][safepoint    ] Application time: 3.4477848 seconds
[1355.383s][info ][safepoint    ] Entering safepoint region: GenCollectForAllocation
[1355.383s][info ][gc,start     ] GC(445) Pause Young (Allocation Failure)
[1355.383s][info ][gc,task      ] GC(445) Using 4 workers of 4 for evacuation
[1355.384s][debug][gc,ref       ] GC(445) Skipped phase1 of Reference Processing due to unavailable references
[1355.384s][debug][gc,ref       ] GC(445) Skipped phase2 of Reference Processing due to unavailable references
[1355.384s][debug][gc,ref       ] GC(445) Skipped phase3 of Reference Processing due to unavailable references
[1355.384s][debug][gc,ref       ] GC(445) Skipped phase4 of Reference Processing due to unavailable references
[1355.384s][debug][gc,age       ] GC(445) Desired survivor size 15400960 bytes, new threshold 6 (max threshold 6)
[1355.384s][info ][gc,heap      ] GC(445) ParNew: 240974K->58K(270976K)
[1355.384s][info ][gc,heap      ] GC(445) CMS: 260986K->260986K(602112K)
[1355.384s][info ][gc,metaspace ] GC(445) Metaspace: 54184K->54184K(1097728K)
[1355.384s][info ][gc           ] GC(445) Pause Young (Allocation Failure) 490M->254M(852M) 1.595ms
[1355.384s][info ][gc,cpu       ] GC(445) User=0.01s Sys=0.01s Real=0.00s
[1355.384s][info ][safepoint    ] Leaving safepoint region
[1355.384s][info ][safepoint    ] Total time for which application threads were stopped: 0.0017333 seconds, Stopping threads took: 0.0000159 seconds
[1358.831s][info ][safepoint    ] Application time: 3.4466867 seconds
[1358.831s][info ][safepoint    ] Entering safepoint region: GenCollectForAllocation
[1358.831s][info ][gc,start     ] GC(446) Pause Young (Allocation Failure)
[1358.831s][info ][gc,task      ] GC(446) Using 4 workers of 4 for evacuation
[1358.833s][debug][gc,ref       ] GC(446) Skipped phase1 of Reference Processing due to unavailable references
[1358.833s][debug][gc,ref       ] GC(446) Skipped phase2 of Reference Processing due to unavailable references
[1358.833s][debug][gc,ref       ] GC(446) Skipped phase3 of Reference Processing due to unavailable references
[1358.833s][debug][gc,ref       ] GC(446) Skipped phase4 of Reference Processing due to unavailable references
[1358.833s][debug][gc,age       ] GC(446) Desired survivor size 15400960 bytes, new threshold 6 (max threshold 6)
[1358.833s][info ][gc,heap      ] GC(446) ParNew: 240954K->33K(270976K)
[1358.833s][info ][gc,heap      ] GC(446) CMS: 260986K->260986K(602112K)
[1358.833s][info ][gc,metaspace ] GC(446) Metaspace: 54184K->54184K(1097728K)
[1358.833s][info ][gc           ] GC(446) Pause Young (Allocation Failure) 490M->254M(852M) 1.604ms
[1358.833s][info ][gc,cpu       ] GC(446) User=0.01s Sys=0.00s Real=0.00s
[1358.833s][info ][safepoint    ] Leaving safepoint region
[1358.833s][info ][safepoint    ] Total time for which application threads were stopped: 0.0017621 seconds, Stopping threads took: 0.0000157 seconds
[1362.234s][info ][safepoint    ] Application time: 3.4012868 seconds
[1362.234s][info ][safepoint    ] Entering safepoint region: GenCollectForAllocation
[1362.234s][info ][gc,start     ] GC(447) Pause Young (Allocation Failure)
[1362.234s][info ][gc,task      ] GC(447) Using 4 workers of 4 for evacuation
[1362.236s][debug][gc,ref       ] GC(447) Skipped phase1 of Reference Processing due to unavailable references
[1362.236s][debug][gc,ref       ] GC(447) Skipped phase2 of Reference Processing due to unavailable references
[1362.236s][debug][gc,ref       ] GC(447) Skipped phase3 of Reference Processing due to unavailable references
[1362.236s][debug][gc,ref       ] GC(447) Skipped phase4 of Reference Processing due to unavailable references
[1362.236s][debug][gc,age       ] GC(447) Desired survivor size 15400960 bytes, new threshold 6 (max threshold 6)
[1362.236s][info ][gc,heap      ] GC(447) ParNew: 240929K->31K(270976K)
[1362.236s][info ][gc,heap      ] GC(447) CMS: 260986K->260986K(602112K)
[1362.236s][info ][gc,metaspace ] GC(447) Metaspace: 54184K->54184K(1097728K)
[1362.236s][info ][gc           ] GC(447) Pause Young (Allocation Failure) 490M->254M(852M) 1.694ms
[1362.236s][info ][gc,cpu       ] GC(447) User=0.00s Sys=0.00s Real=0.00s
[1362.236s][info ][safepoint    ] Leaving safepoint region
[1362.236s][info ][safepoint    ] Total time for which application threads were stopped: 0.0018398 seconds, Stopping threads took: 0.0000245 seconds
[1365.684s][info ][safepoint    ] Application time: 3.4483358 seconds
[1365.685s][info ][safepoint    ] Entering safepoint region: GenCollectForAllocation
[1365.685s][info ][gc,start     ] GC(448) Pause Young (Allocation Failure)
[1365.685s][info ][gc,task      ] GC(448) Using 4 workers of 4 for evacuation
[1365.686s][debug][gc,ref       ] GC(448) Skipped phase1 of Reference Processing due to unavailable references
[1365.686s][debug][gc,ref       ] GC(448) Skipped phase2 of Reference Processing due to unavailable references
[1365.686s][debug][gc,ref       ] GC(448) Skipped phase3 of Reference Processing due to unavailable references
[1365.686s][debug][gc,ref       ] GC(448) Skipped phase4 of Reference Processing due to unavailable references
[1365.686s][debug][gc,age       ] GC(448) Desired survivor size 15400960 bytes, new threshold 6 (max threshold 6)
[1365.686s][info ][gc,heap      ] GC(448) ParNew: 240927K->34K(270976K)
[1365.686s][info ][gc,heap      ] GC(448) CMS: 260986K->260986K(602112K)
[1365.686s][info ][gc,metaspace ] GC(448) Metaspace: 54184K->54184K(1097728K)
[1365.687s][info ][gc           ] GC(448) Pause Young (Allocation Failure) 490M->254M(852M) 1.862ms
[1365.687s][info ][gc,cpu       ] GC(448) User=0.00s Sys=0.00s Real=0.00s
[1365.687s][info ][safepoint    ] Leaving safepoint region
[1365.687s][info ][safepoint    ] Total time for which application threads were stopped: 0.0020497 seconds, Stopping threads took: 0.0000203 seconds
[1369.133s][info ][safepoint    ] Application time: 3.4459888 seconds
[1369.133s][info ][safepoint    ] Entering safepoint region: GenCollectForAllocation
[1369.133s][info ][gc,start     ] GC(449) Pause Young (Allocation Failure)
[1369.133s][info ][gc,task      ] GC(449) Using 4 workers of 4 for evacuation
[1369.134s][debug][gc,ref       ] GC(449) Skipped phase1 of Reference Processing due to unavailable references
[1369.134s][debug][gc,ref       ] GC(449) Skipped phase2 of Reference Processing due to unavailable references
[1369.134s][debug][gc,ref       ] GC(449) Skipped phase3 of Reference Processing due to unavailable references
[1369.134s][debug][gc,ref       ] GC(449) Skipped phase4 of Reference Processing due to unavailable references
[1369.134s][debug][gc,age       ] GC(449) Desired survivor size 15400960 bytes, new threshold 6 (max threshold 6)
[1369.135s][info ][gc,heap      ] GC(449) ParNew: 240930K->48K(270976K)
[1369.135s][info ][gc,heap      ] GC(449) CMS: 260986K->260986K(602112K)
[1369.135s][info ][gc,metaspace ] GC(449) Metaspace: 54184K->54184K(1097728K)
[1369.135s][info ][gc           ] GC(449) Pause Young (Allocation Failure) 490M->254M(852M) 1.830ms
[1369.135s][info ][gc,cpu       ] GC(449) User=0.01s Sys=0.00s Real=0.00s
[1369.135s][info ][safepoint    ] Leaving safepoint region
[1369.135s][info ][safepoint    ] Total time for which application threads were stopped: 0.0019695 seconds, Stopping threads took: 0.0000165 seconds
[1372.582s][info ][safepoint    ] Application time: 3.4473783 seconds
[1372.582s][info ][safepoint    ] Entering safepoint region: GenCollectForAllocation
[1372.582s][info ][gc,start     ] GC(450) Pause Young (Allocation Failure)
[1372.582s][info ][gc,task      ] GC(450) Using 4 workers of 4 for evacuation
[1372.584s][debug][gc,ref       ] GC(450) Skipped phase1 of Reference Processing due to unavailable references
[1372.584s][debug][gc,ref       ] GC(450) Skipped phase2 of Reference Processing due to unavailable references
[1372.584s][debug][gc,ref       ] GC(450) Skipped phase3 of Reference Processing due to unavailable references
[1372.584s][debug][gc,ref       ] GC(450) Skipped phase4 of Reference Processing due to unavailable references
[1372.584s][debug][gc,age       ] GC(450) Desired survivor size 15400960 bytes, new threshold 6 (max threshold 6)
[1372.584s][info ][gc,heap      ] GC(450) ParNew: 240944K->53K(270976K)
[1372.584s][info ][gc,heap      ] GC(450) CMS: 260986K->260986K(602112K)
[1372.584s][info ][gc,metaspace ] GC(450) Metaspace: 54184K->54184K(1097728K)
[1372.584s][info ][gc           ] GC(450) Pause Young (Allocation Failure) 490M->254M(852M) 1.672ms
[1372.584s][info ][gc,cpu       ] GC(450) User=0.00s Sys=0.00s Real=0.00s
[1372.584s][info ][safepoint    ] Leaving safepoint region
[1372.584s][info ][safepoint    ] Total time for which application threads were stopped: 0.0018305 seconds, Stopping threads took: 0.0000333 seconds
[1376.030s][info ][safepoint    ] Application time: 3.4457991 seconds
[1376.030s][info ][safepoint    ] Entering safepoint region: GenCollectForAllocation
[1376.030s][info ][gc,start     ] GC(451) Pause Young (Allocation Failure)
[1376.030s][info ][gc,task      ] GC(451) Using 4 workers of 4 for evacuation
[1376.031s][debug][gc,ref       ] GC(451) Skipped phase1 of Reference Processing due to unavailable references
[1376.031s][debug][gc,ref       ] GC(451) Skipped phase2 of Reference Processing due to unavailable references
[1376.031s][debug][gc,ref       ] GC(451) Skipped phase3 of Reference Processing due to unavailable references
[1376.031s][debug][gc,ref       ] GC(451) Skipped phase4 of Reference Processing due to unavailable references
[1376.032s][debug][gc,age       ] GC(451) Desired survivor size 15400960 bytes, new threshold 6 (max threshold 6)
[1376.032s][info ][gc,heap      ] GC(451) ParNew: 240949K->44K(270976K)
[1376.032s][info ][gc,heap      ] GC(451) CMS: 260986K->260986K(602112K)
[1376.032s][info ][gc,metaspace ] GC(451) Metaspace: 54184K->54184K(1097728K)
[1376.032s][info ][gc           ] GC(451) Pause Young (Allocation Failure) 490M->254M(852M) 1.846ms
[1376.032s][info ][gc,cpu       ] GC(451) User=0.01s Sys=0.00s Real=0.01s
[1376.032s][info ][safepoint    ] Leaving safepoint region
[1376.032s][info ][safepoint    ] Total time for which application threads were stopped: 0.0019859 seconds, Stopping threads took: 0.0000200 seconds
[1379.435s][info ][safepoint    ] Application time: 3.4030308 seconds
[1379.435s][info ][safepoint    ] Entering safepoint region: GenCollectForAllocation
[1379.435s][info ][gc,start     ] GC(452) Pause Young (Allocation Failure)
[1379.435s][info ][gc,task      ] GC(452) Using 4 workers of 4 for evacuation
[1379.437s][debug][gc,ref       ] GC(452) Skipped phase1 of Reference Processing due to unavailable references
[1379.437s][debug][gc,ref       ] GC(452) Skipped phase2 of Reference Processing due to unavailable references
[1379.437s][debug][gc,ref       ] GC(452) Skipped phase3 of Reference Processing due to unavailable references
[1379.437s][debug][gc,ref       ] GC(452) Skipped phase4 of Reference Processing due to unavailable references
[1379.437s][debug][gc,age       ] GC(452) Desired survivor size 15400960 bytes, new threshold 6 (max threshold 6)
[1379.437s][info ][gc,heap      ] GC(452) ParNew: 240940K->32K(270976K)
[1379.437s][info ][gc,heap      ] GC(452) CMS: 260986K->260986K(602112K)
[1379.437s][info ][gc,metaspace ] GC(452) Metaspace: 54184K->54184K(1097728K)
[1379.437s][info ][gc           ] GC(452) Pause Young (Allocation Failure) 490M->254M(852M) 2.019ms
[1379.437s][info ][gc,cpu       ] GC(452) User=0.01s Sys=0.00s Real=0.00s
[1379.437s][info ][safepoint    ] Leaving safepoint region
[1379.437s][info ][safepoint    ] Total time for which application threads were stopped: 0.0021884 seconds, Stopping threads took: 0.0000317 seconds
[1382.883s][info ][safepoint    ] Application time: 3.4460042 seconds
[1382.883s][info ][safepoint    ] Entering safepoint region: GenCollectForAllocation
[1382.883s][info ][gc,start     ] GC(453) Pause Young (Allocation Failure)
[1382.883s][info ][gc,task      ] GC(453) Using 4 workers of 4 for evacuation
[1382.885s][debug][gc,ref       ] GC(453) Skipped phase1 of Reference Processing due to unavailable references
[1382.885s][debug][gc,ref       ] GC(453) Skipped phase2 of Reference Processing due to unavailable references
[1382.885s][debug][gc,ref       ] GC(453) Skipped phase3 of Reference Processing due to unavailable references
[1382.885s][debug][gc,ref       ] GC(453) Skipped phase4 of Reference Processing due to unavailable references
[1382.885s][debug][gc,age       ] GC(453) Desired survivor size 15400960 bytes, new threshold 6 (max threshold 6)
[1382.885s][info ][gc,heap      ] GC(453) ParNew: 240928K->92K(270976K)
[1382.885s][info ][gc,heap      ] GC(453) CMS: 260986K->260986K(602112K)
[1382.885s][info ][gc,metaspace ] GC(453) Metaspace: 54184K->54184K(1097728K)
[1382.885s][info ][gc           ] GC(453) Pause Young (Allocation Failure) 490M->254M(852M) 1.693ms
[1382.885s][info ][gc,cpu       ] GC(453) User=0.01s Sys=0.00s Real=0.00s
[1382.885s][info ][safepoint    ] Leaving safepoint region
[1382.885s][info ][safepoint    ] Total time for which application threads were stopped: 0.0018851 seconds, Stopping threads took: 0.0000188 seconds
[1386.333s][info ][safepoint    ] Application time: 3.4478155 seconds
[1386.333s][info ][safepoint    ] Entering safepoint region: GenCollectForAllocation
[1386.333s][info ][gc,start     ] GC(454) Pause Young (Allocation Failure)
[1386.333s][info ][gc,task      ] GC(454) Using 4 workers of 4 for evacuation
[1386.334s][debug][gc,ref       ] GC(454) Skipped phase1 of Reference Processing due to unavailable references
[1386.334s][debug][gc,ref       ] GC(454) Skipped phase2 of Reference Processing due to unavailable references
[1386.334s][debug][gc,ref       ] GC(454) Skipped phase3 of Reference Processing due to unavailable references
[1386.334s][debug][gc,ref       ] GC(454) Skipped phase4 of Reference Processing due to unavailable references
[1386.335s][debug][gc,age       ] GC(454) Desired survivor size 15400960 bytes, new threshold 6 (max threshold 6)
[1386.335s][info ][gc,heap      ] GC(454) ParNew: 240988K->108K(270976K)
[1386.335s][info ][gc,heap      ] GC(454) CMS: 260986K->260986K(602112K)
[1386.335s][info ][gc,metaspace ] GC(454) Metaspace: 54184K->54184K(1097728K)
[1386.335s][info ][gc           ] GC(454) Pause Young (Allocation Failure) 490M->254M(852M) 1.739ms
[1386.335s][info ][gc,cpu       ] GC(454) User=0.00s Sys=0.00s Real=0.00s
[1386.335s][info ][safepoint    ] Leaving safepoint region
[1386.335s][info ][safepoint    ] Total time for which application threads were stopped: 0.0019144 seconds, Stopping threads took: 0.0000158 seconds
[1389.781s][info ][safepoint    ] Application time: 3.4467610 seconds
[1389.781s][info ][safepoint    ] Entering safepoint region: GenCollectForAllocation
[1389.782s][info ][gc,start     ] GC(455) Pause Young (Allocation Failure)
[1389.782s][info ][gc,task      ] GC(455) Using 4 workers of 4 for evacuation
[1389.783s][debug][gc,ref       ] GC(455) Skipped phase1 of Reference Processing due to unavailable references
[1389.783s][debug][gc,ref       ] GC(455) Skipped phase2 of Reference Processing due to unavailable references
[1389.783s][debug][gc,ref       ] GC(455) Skipped phase3 of Reference Processing due to unavailable references
[1389.783s][debug][gc,ref       ] GC(455) Skipped phase4 of Reference Processing due to unavailable references
[1389.783s][debug][gc,age       ] GC(455) Desired survivor size 15400960 bytes, new threshold 6 (max threshold 6)
[1389.783s][info ][gc,heap      ] GC(455) ParNew: 241004K->38K(270976K)
[1389.783s][info ][gc,heap      ] GC(455) CMS: 260986K->260986K(602112K)
[1389.783s][info ][gc,metaspace ] GC(455) Metaspace: 54184K->54184K(1097728K)
[1389.783s][info ][gc           ] GC(455) Pause Young (Allocation Failure) 490M->254M(852M) 1.593ms
[1389.783s][info ][gc,cpu       ] GC(455) User=0.00s Sys=0.01s Real=0.00s
[1389.783s][info ][safepoint    ] Leaving safepoint region
[1389.783s][info ][safepoint    ] Total time for which application threads were stopped: 0.0017381 seconds, Stopping threads took: 0.0000189 seconds
[1393.184s][info ][safepoint    ] Application time: 3.4012158 seconds
[1393.184s][info ][safepoint    ] Entering safepoint region: GenCollectForAllocation
[1393.185s][info ][gc,start     ] GC(456) Pause Young (Allocation Failure)
[1393.185s][info ][gc,task      ] GC(456) Using 4 workers of 4 for evacuation
[1393.186s][debug][gc,ref       ] GC(456) Skipped phase1 of Reference Processing due to unavailable references
[1393.186s][debug][gc,ref       ] GC(456) Skipped phase2 of Reference Processing due to unavailable references
[1393.186s][debug][gc,ref       ] GC(456) Skipped phase3 of Reference Processing due to unavailable references
[1393.186s][debug][gc,ref       ] GC(456) Skipped phase4 of Reference Processing due to unavailable references
[1393.186s][debug][gc,age       ] GC(456) Desired survivor size 15400960 bytes, new threshold 6 (max threshold 6)
[1393.186s][info ][gc,heap      ] GC(456) ParNew: 240934K->126K(270976K)
[1393.186s][info ][gc,heap      ] GC(456) CMS: 260986K->260986K(602112K)
[1393.186s][info ][gc,metaspace ] GC(456) Metaspace: 54184K->54184K(1097728K)
[1393.187s][info ][gc           ] GC(456) Pause Young (Allocation Failure) 490M->254M(852M) 1.951ms
[1393.187s][info ][gc,cpu       ] GC(456) User=0.01s Sys=0.00s Real=0.00s
[1393.187s][info ][safepoint    ] Leaving safepoint region
[1393.187s][info ][safepoint    ] Total time for which application threads were stopped: 0.0021060 seconds, Stopping threads took: 0.0000291 seconds
[1396.634s][info ][safepoint    ] Application time: 3.4474608 seconds
[1396.634s][info ][safepoint    ] Entering safepoint region: GenCollectForAllocation
[1396.634s][info ][gc,start     ] GC(457) Pause Young (Allocation Failure)
[1396.634s][info ][gc,task      ] GC(457) Using 4 workers of 4 for evacuation
[1396.636s][debug][gc,ref       ] GC(457) Skipped phase1 of Reference Processing due to unavailable references
[1396.636s][debug][gc,ref       ] GC(457) Skipped phase2 of Reference Processing due to unavailable references
[1396.636s][debug][gc,ref       ] GC(457) Skipped phase3 of Reference Processing due to unavailable references
[1396.636s][debug][gc,ref       ] GC(457) Skipped phase4 of Reference Processing due to unavailable references
[1396.636s][debug][gc,age       ] GC(457) Desired survivor size 15400960 bytes, new threshold 6 (max threshold 6)
[1396.636s][info ][gc,heap      ] GC(457) ParNew: 241022K->92K(270976K)
[1396.636s][info ][gc,heap      ] GC(457) CMS: 260986K->260986K(602112K)
[1396.636s][info ][gc,metaspace ] GC(457) Metaspace: 54184K->54184K(1097728K)
[1396.636s][info ][gc           ] GC(457) Pause Young (Allocation Failure) 490M->254M(852M) 2.036ms
[1396.636s][info ][gc,cpu       ] GC(457) User=0.01s Sys=0.00s Real=0.00s
[1396.636s][info ][safepoint    ] Leaving safepoint region
[1396.636s][info ][safepoint    ] Total time for which application threads were stopped: 0.0021995 seconds, Stopping threads took: 0.0000162 seconds
[1400.083s][info ][safepoint    ] Application time: 3.4467766 seconds
[1400.083s][info ][safepoint    ] Entering safepoint region: GenCollectForAllocation
[1400.083s][info ][gc,start     ] GC(458) Pause Young (Allocation Failure)
[1400.083s][info ][gc,task      ] GC(458) Using 4 workers of 4 for evacuation
[1400.085s][debug][gc,ref       ] GC(458) Skipped phase1 of Reference Processing due to unavailable references
[1400.085s][debug][gc,ref       ] GC(458) Skipped phase2 of Reference Processing due to unavailable references
[1400.085s][debug][gc,ref       ] GC(458) Skipped phase3 of Reference Processing due to unavailable references
[1400.085s][debug][gc,ref       ] GC(458) Skipped phase4 of Reference Processing due to unavailable references
[1400.085s][debug][gc,age       ] GC(458) Desired survivor size 15400960 bytes, new threshold 6 (max threshold 6)
[1400.085s][info ][gc,heap      ] GC(458) ParNew: 240988K->53K(270976K)
[1400.085s][info ][gc,heap      ] GC(458) CMS: 260986K->260986K(602112K)
[1400.085s][info ][gc,metaspace ] GC(458) Metaspace: 54184K->54184K(1097728K)
[1400.085s][info ][gc           ] GC(458) Pause Young (Allocation Failure) 490M->254M(852M) 1.576ms
[1400.085s][info ][gc,cpu       ] GC(458) User=0.01s Sys=0.00s Real=0.00s
[1400.085s][info ][safepoint    ] Leaving safepoint region
[1400.085s][info ][safepoint    ] Total time for which application threads were stopped: 0.0017185 seconds, Stopping threads took: 0.0000162 seconds
[1403.532s][info ][safepoint    ] Application time: 3.4469990 seconds
[1403.532s][info ][safepoint    ] Entering safepoint region: GenCollectForAllocation
[1403.532s][info ][gc,start     ] GC(459) Pause Young (Allocation Failure)
[1403.532s][info ][gc,task      ] GC(459) Using 4 workers of 4 for evacuation
[1403.533s][debug][gc,ref       ] GC(459) Skipped phase1 of Reference Processing due to unavailable references
[1403.533s][debug][gc,ref       ] GC(459) Skipped phase2 of Reference Processing due to unavailable references
[1403.533s][debug][gc,ref       ] GC(459) Skipped phase3 of Reference Processing due to unavailable references
[1403.533s][debug][gc,ref       ] GC(459) Skipped phase4 of Reference Processing due to unavailable references
[1403.534s][debug][gc,age       ] GC(459) Desired survivor size 15400960 bytes, new threshold 6 (max threshold 6)
[1403.534s][info ][gc,heap      ] GC(459) ParNew: 240949K->36K(270976K)
[1403.534s][info ][gc,heap      ] GC(459) CMS: 260986K->260986K(602112K)
[1403.534s][info ][gc,metaspace ] GC(459) Metaspace: 54184K->54184K(1097728K)
[1403.534s][info ][gc           ] GC(459) Pause Young (Allocation Failure) 490M->254M(852M) 1.605ms
[1403.534s][info ][gc,cpu       ] GC(459) User=0.00s Sys=0.00s Real=0.00s
[1403.534s][info ][safepoint    ] Leaving safepoint region
[1403.534s][info ][safepoint    ] Total time for which application threads were stopped: 0.0017709 seconds, Stopping threads took: 0.0000421 seconds
[1406.534s][info ][safepoint    ] Application time: 3.0002119 seconds
[1406.534s][info ][safepoint    ] Entering safepoint region: Cleanup
[1406.534s][info ][safepoint    ] Leaving safepoint region
[1406.534s][info ][safepoint    ] Total time for which application threads were stopped: 0.0001172 seconds, Stopping threads took: 0.0000403 seconds
[1406.935s][info ][safepoint    ] Application time: 0.4010910 seconds
[1406.935s][info ][safepoint    ] Entering safepoint region: GenCollectForAllocation
[1406.935s][info ][gc,start     ] GC(460) Pause Young (Allocation Failure)
[1406.935s][info ][gc,task      ] GC(460) Using 4 workers of 4 for evacuation
[1406.937s][debug][gc,ref       ] GC(460) Skipped phase1 of Reference Processing due to unavailable references
[1406.937s][debug][gc,ref       ] GC(460) Skipped phase2 of Reference Processing due to unavailable references
[1406.937s][debug][gc,ref       ] GC(460) Skipped phase3 of Reference Processing due to unavailable references
[1406.937s][debug][gc,ref       ] GC(460) Skipped phase4 of Reference Processing due to unavailable references
[1406.937s][debug][gc,age       ] GC(460) Desired survivor size 15400960 bytes, new threshold 6 (max threshold 6)
[1406.937s][info ][gc,heap      ] GC(460) ParNew: 240932K->29K(270976K)
[1406.937s][info ][gc,heap      ] GC(460) CMS: 260986K->260986K(602112K)
[1406.937s][info ][gc,metaspace ] GC(460) Metaspace: 54185K->54185K(1097728K)
[1406.937s][info ][gc           ] GC(460) Pause Young (Allocation Failure) 490M->254M(852M) 1.620ms
[1406.937s][info ][gc,cpu       ] GC(460) User=0.01s Sys=0.00s Real=0.00s
[1406.937s][info ][safepoint    ] Leaving safepoint region
[1406.937s][info ][safepoint    ] Total time for which application threads were stopped: 0.0017638 seconds, Stopping threads took: 0.0000196 seconds
[1410.384s][info ][safepoint    ] Application time: 3.4466789 seconds
[1410.384s][info ][safepoint    ] Entering safepoint region: GenCollectForAllocation
[1410.384s][info ][gc,start     ] GC(461) Pause Young (Allocation Failure)
[1410.384s][info ][gc,task      ] GC(461) Using 4 workers of 4 for evacuation
[1410.385s][debug][gc,ref       ] GC(461) Skipped phase1 of Reference Processing due to unavailable references
[1410.385s][debug][gc,ref       ] GC(461) Skipped phase2 of Reference Processing due to unavailable references
[1410.385s][debug][gc,ref       ] GC(461) Skipped phase3 of Reference Processing due to unavailable references
[1410.385s][debug][gc,ref       ] GC(461) Skipped phase4 of Reference Processing due to unavailable references
[1410.385s][debug][gc,age       ] GC(461) Desired survivor size 15400960 bytes, new threshold 6 (max threshold 6)
[1410.385s][info ][gc,heap      ] GC(461) ParNew: 240925K->70K(270976K)
[1410.385s][info ][gc,heap      ] GC(461) CMS: 260986K->260986K(602112K)
[1410.385s][info ][gc,metaspace ] GC(461) Metaspace: 54185K->54185K(1097728K)
[1410.385s][info ][gc           ] GC(461) Pause Young (Allocation Failure) 490M->254M(852M) 1.762ms
[1410.385s][info ][gc,cpu       ] GC(461) User=0.00s Sys=0.00s Real=0.00s
[1410.386s][info ][safepoint    ] Leaving safepoint region
[1410.386s][info ][safepoint    ] Total time for which application threads were stopped: 0.0019315 seconds, Stopping threads took: 0.0000287 seconds
[1413.833s][info ][safepoint    ] Application time: 3.4473332 seconds
[1413.833s][info ][safepoint    ] Entering safepoint region: GenCollectForAllocation
[1413.833s][info ][gc,start     ] GC(462) Pause Young (Allocation Failure)
[1413.833s][info ][gc,task      ] GC(462) Using 4 workers of 4 for evacuation
[1413.834s][debug][gc,ref       ] GC(462) Skipped phase1 of Reference Processing due to unavailable references
[1413.834s][debug][gc,ref       ] GC(462) Skipped phase2 of Reference Processing due to unavailable references
[1413.834s][debug][gc,ref       ] GC(462) Skipped phase3 of Reference Processing due to unavailable references
[1413.834s][debug][gc,ref       ] GC(462) Skipped phase4 of Reference Processing due to unavailable references
[1413.835s][debug][gc,age       ] GC(462) Desired survivor size 15400960 bytes, new threshold 6 (max threshold 6)
[1413.835s][info ][gc,heap      ] GC(462) ParNew: 240966K->92K(270976K)
[1413.835s][info ][gc,heap      ] GC(462) CMS: 260986K->260986K(602112K)
[1413.835s][info ][gc,metaspace ] GC(462) Metaspace: 54185K->54185K(1097728K)
[1413.835s][info ][gc           ] GC(462) Pause Young (Allocation Failure) 490M->254M(852M) 1.623ms
[1413.835s][info ][gc,cpu       ] GC(462) User=0.01s Sys=0.01s Real=0.00s
[1413.835s][info ][safepoint    ] Leaving safepoint region
[1413.835s][info ][safepoint    ] Total time for which application threads were stopped: 0.0017677 seconds, Stopping threads took: 0.0000160 seconds
[1417.282s][info ][safepoint    ] Application time: 3.4476765 seconds
[1417.282s][info ][safepoint    ] Entering safepoint region: GenCollectForAllocation
[1417.283s][info ][gc,start     ] GC(463) Pause Young (Allocation Failure)
[1417.283s][info ][gc,task      ] GC(463) Using 4 workers of 4 for evacuation
[1417.284s][debug][gc,ref       ] GC(463) Skipped phase1 of Reference Processing due to unavailable references
[1417.284s][debug][gc,ref       ] GC(463) Skipped phase2 of Reference Processing due to unavailable references
[1417.284s][debug][gc,ref       ] GC(463) Skipped phase3 of Reference Processing due to unavailable references
[1417.284s][debug][gc,ref       ] GC(463) Skipped phase4 of Reference Processing due to unavailable references
[1417.284s][debug][gc,age       ] GC(463) Desired survivor size 15400960 bytes, new threshold 6 (max threshold 6)
[1417.284s][info ][gc,heap      ] GC(463) ParNew: 240988K->134K(270976K)
[1417.284s][info ][gc,heap      ] GC(463) CMS: 260986K->260986K(602112K)
[1417.284s][info ][gc,metaspace ] GC(463) Metaspace: 54185K->54185K(1097728K)
[1417.284s][info ][gc           ] GC(463) Pause Young (Allocation Failure) 490M->255M(852M) 1.717ms
[1417.284s][info ][gc,cpu       ] GC(463) User=0.01s Sys=0.00s Real=0.00s
[1417.284s][info ][safepoint    ] Leaving safepoint region
[1417.284s][info ][safepoint    ] Total time for which application threads were stopped: 0.0018743 seconds, Stopping threads took: 0.0000161 seconds
[1418.284s][info ][safepoint    ] Application time: 1.0000927 seconds
[1418.284s][info ][safepoint    ] Entering safepoint region: Cleanup
[1418.285s][info ][safepoint    ] Leaving safepoint region
[1418.285s][info ][safepoint    ] Total time for which application threads were stopped: 0.0001163 seconds, Stopping threads took: 0.0000441 seconds
[1420.730s][info ][safepoint    ] Application time: 2.4457431 seconds
[1420.730s][info ][safepoint    ] Entering safepoint region: GenCollectForAllocation
[1420.730s][info ][gc,start     ] GC(464) Pause Young (Allocation Failure)
[1420.730s][info ][gc,task      ] GC(464) Using 4 workers of 4 for evacuation
[1420.732s][debug][gc,ref       ] GC(464) Skipped phase1 of Reference Processing due to unavailable references
[1420.732s][debug][gc,ref       ] GC(464) Skipped phase2 of Reference Processing due to unavailable references
[1420.732s][debug][gc,ref       ] GC(464) Skipped phase3 of Reference Processing due to unavailable references
[1420.732s][debug][gc,ref       ] GC(464) Skipped phase4 of Reference Processing due to unavailable references
[1420.732s][debug][gc,age       ] GC(464) Desired survivor size 15400960 bytes, new threshold 6 (max threshold 6)
[1420.732s][info ][gc,heap      ] GC(464) ParNew: 241030K->85K(270976K)
[1420.732s][info ][gc,heap      ] GC(464) CMS: 260986K->260987K(602112K)
[1420.732s][info ][gc,metaspace ] GC(464) Metaspace: 54185K->54185K(1097728K)
[1420.732s][info ][gc           ] GC(464) Pause Young (Allocation Failure) 490M->254M(852M) 1.637ms
[1420.732s][info ][gc,cpu       ] GC(464) User=0.00s Sys=0.00s Real=0.01s
[1420.732s][info ][safepoint    ] Leaving safepoint region
[1420.732s][info ][safepoint    ] Total time for which application threads were stopped: 0.0017828 seconds, Stopping threads took: 0.0000223 seconds
[1424.134s][info ][safepoint    ] Application time: 3.4016226 seconds
[1424.134s][info ][safepoint    ] Entering safepoint region: GenCollectForAllocation
[1424.134s][info ][gc,start     ] GC(465) Pause Young (Allocation Failure)
[1424.134s][info ][gc,task      ] GC(465) Using 4 workers of 4 for evacuation
[1424.136s][debug][gc,ref       ] GC(465) Skipped phase1 of Reference Processing due to unavailable references
[1424.136s][debug][gc,ref       ] GC(465) Skipped phase2 of Reference Processing due to unavailable references
[1424.136s][debug][gc,ref       ] GC(465) Skipped phase3 of Reference Processing due to unavailable references
[1424.136s][debug][gc,ref       ] GC(465) Skipped phase4 of Reference Processing due to unavailable references
[1424.136s][debug][gc,age       ] GC(465) Desired survivor size 15400960 bytes, new threshold 6 (max threshold 6)
[1424.136s][info ][gc,heap      ] GC(465) ParNew: 240981K->45K(270976K)
[1424.136s][info ][gc,heap      ] GC(465) CMS: 260987K->260987K(602112K)
[1424.136s][info ][gc,metaspace ] GC(465) Metaspace: 54185K->54185K(1097728K)
[1424.136s][info ][gc           ] GC(465) Pause Young (Allocation Failure) 490M->254M(852M) 1.858ms
[1424.136s][info ][gc,cpu       ] GC(465) User=0.00s Sys=0.00s Real=0.00s
[1424.136s][info ][safepoint    ] Leaving safepoint region
[1424.136s][info ][safepoint    ] Total time for which application threads were stopped: 0.0020221 seconds, Stopping threads took: 0.0000161 seconds
[1427.583s][info ][safepoint    ] Application time: 3.4471769 seconds
[1427.583s][info ][safepoint    ] Entering safepoint region: GenCollectForAllocation
[1427.583s][info ][gc,start     ] GC(466) Pause Young (Allocation Failure)
[1427.583s][info ][gc,task      ] GC(466) Using 4 workers of 4 for evacuation
[1427.585s][debug][gc,ref       ] GC(466) Skipped phase1 of Reference Processing due to unavailable references
[1427.585s][debug][gc,ref       ] GC(466) Skipped phase2 of Reference Processing due to unavailable references
[1427.585s][debug][gc,ref       ] GC(466) Skipped phase3 of Reference Processing due to unavailable references
[1427.585s][debug][gc,ref       ] GC(466) Skipped phase4 of Reference Processing due to unavailable references
[1427.585s][debug][gc,age       ] GC(466) Desired survivor size 15400960 bytes, new threshold 6 (max threshold 6)
[1427.585s][info ][gc,heap      ] GC(466) ParNew: 240941K->100K(270976K)
[1427.585s][info ][gc,heap      ] GC(466) CMS: 260987K->260987K(602112K)
[1427.585s][info ][gc,metaspace ] GC(466) Metaspace: 54185K->54185K(1097728K)
[1427.585s][info ][gc           ] GC(466) Pause Young (Allocation Failure) 490M->254M(852M) 1.599ms
[1427.585s][info ][gc,cpu       ] GC(466) User=0.01s Sys=0.00s Real=0.00s
[1427.585s][info ][safepoint    ] Leaving safepoint region
[1427.585s][info ][safepoint    ] Total time for which application threads were stopped: 0.0017446 seconds, Stopping threads took: 0.0000177 seconds
[1431.032s][info ][safepoint    ] Application time: 3.4474155 seconds
[1431.032s][info ][safepoint    ] Entering safepoint region: GenCollectForAllocation
[1431.032s][info ][gc,start     ] GC(467) Pause Young (Allocation Failure)
[1431.032s][info ][gc,task      ] GC(467) Using 4 workers of 4 for evacuation
[1431.034s][debug][gc,ref       ] GC(467) Skipped phase1 of Reference Processing due to unavailable references
[1431.034s][debug][gc,ref       ] GC(467) Skipped phase2 of Reference Processing due to unavailable references
[1431.034s][debug][gc,ref       ] GC(467) Skipped phase3 of Reference Processing due to unavailable references
[1431.034s][debug][gc,ref       ] GC(467) Skipped phase4 of Reference Processing due to unavailable references
[1431.034s][debug][gc,age       ] GC(467) Desired survivor size 15400960 bytes, new threshold 6 (max threshold 6)
[1431.034s][info ][gc,heap      ] GC(467) ParNew: 240996K->147K(270976K)
[1431.034s][info ][gc,heap      ] GC(467) CMS: 260987K->260987K(602112K)
[1431.034s][info ][gc,metaspace ] GC(467) Metaspace: 54185K->54185K(1097728K)
[1431.034s][info ][gc           ] GC(467) Pause Young (Allocation Failure) 490M->255M(852M) 1.577ms
[1431.034s][info ][gc,cpu       ] GC(467) User=0.01s Sys=0.00s Real=0.00s
[1431.034s][info ][safepoint    ] Leaving safepoint region
[1431.034s][info ][safepoint    ] Total time for which application threads were stopped: 0.0017146 seconds, Stopping threads took: 0.0000156 seconds
[1434.481s][info ][safepoint    ] Application time: 3.4470529 seconds
[1434.481s][info ][safepoint    ] Entering safepoint region: GenCollectForAllocation
[1434.481s][info ][gc,start     ] GC(468) Pause Young (Allocation Failure)
[1434.481s][info ][gc,task      ] GC(468) Using 4 workers of 4 for evacuation
[1434.483s][debug][gc,ref       ] GC(468) Skipped phase1 of Reference Processing due to unavailable references
[1434.483s][debug][gc,ref       ] GC(468) Skipped phase2 of Reference Processing due to unavailable references
[1434.483s][debug][gc,ref       ] GC(468) Skipped phase3 of Reference Processing due to unavailable references
[1434.483s][debug][gc,ref       ] GC(468) Skipped phase4 of Reference Processing due to unavailable references
[1434.483s][debug][gc,age       ] GC(468) Desired survivor size 15400960 bytes, new threshold 6 (max threshold 6)
[1434.483s][info ][gc,heap      ] GC(468) ParNew: 241043K->103K(270976K)
[1434.483s][info ][gc,heap      ] GC(468) CMS: 260987K->260987K(602112K)
[1434.483s][info ][gc,metaspace ] GC(468) Metaspace: 54185K->54185K(1097728K)
[1434.483s][info ][gc           ] GC(468) Pause Young (Allocation Failure) 490M->254M(852M) 1.645ms
[1434.483s][info ][gc,cpu       ] GC(468) User=0.01s Sys=0.00s Real=0.00s
[1434.483s][info ][safepoint    ] Leaving safepoint region
[1434.483s][info ][safepoint    ] Total time for which application threads were stopped: 0.0020864 seconds, Stopping threads took: 0.0000323 seconds
[1437.884s][info ][safepoint    ] Application time: 3.4008858 seconds
[1437.884s][info ][safepoint    ] Entering safepoint region: GenCollectForAllocation
[1437.884s][info ][gc,start     ] GC(469) Pause Young (Allocation Failure)
[1437.884s][info ][gc,task      ] GC(469) Using 4 workers of 4 for evacuation
[1437.886s][debug][gc,ref       ] GC(469) Skipped phase1 of Reference Processing due to unavailable references
[1437.886s][debug][gc,ref       ] GC(469) Skipped phase2 of Reference Processing due to unavailable references
[1437.886s][debug][gc,ref       ] GC(469) Skipped phase3 of Reference Processing due to unavailable references
[1437.886s][debug][gc,ref       ] GC(469) Skipped phase4 of Reference Processing due to unavailable references
[1437.886s][debug][gc,age       ] GC(469) Desired survivor size 15400960 bytes, new threshold 6 (max threshold 6)
[1437.886s][info ][gc,heap      ] GC(469) ParNew: 240999K->81K(270976K)
[1437.886s][info ][gc,heap      ] GC(469) CMS: 260987K->260987K(602112K)
[1437.886s][info ][gc,metaspace ] GC(469) Metaspace: 54185K->54185K(1097728K)
[1437.886s][info ][gc           ] GC(469) Pause Young (Allocation Failure) 490M->254M(852M) 1.944ms
[1437.886s][info ][gc,cpu       ] GC(469) User=0.01s Sys=0.00s Real=0.00s
[1437.886s][info ][safepoint    ] Leaving safepoint region
[1437.886s][info ][safepoint    ] Total time for which application threads were stopped: 0.0020977 seconds, Stopping threads took: 0.0000167 seconds
[1441.333s][info ][safepoint    ] Application time: 3.4472024 seconds
[1441.333s][info ][safepoint    ] Entering safepoint region: GenCollectForAllocation
[1441.333s][info ][gc,start     ] GC(470) Pause Young (Allocation Failure)
[1441.333s][info ][gc,task      ] GC(470) Using 4 workers of 4 for evacuation
[1441.335s][debug][gc,ref       ] GC(470) Skipped phase1 of Reference Processing due to unavailable references
[1441.335s][debug][gc,ref       ] GC(470) Skipped phase2 of Reference Processing due to unavailable references
[1441.335s][debug][gc,ref       ] GC(470) Skipped phase3 of Reference Processing due to unavailable references
[1441.335s][debug][gc,ref       ] GC(470) Skipped phase4 of Reference Processing due to unavailable references
[1441.335s][debug][gc,age       ] GC(470) Desired survivor size 15400960 bytes, new threshold 6 (max threshold 6)
[1441.335s][info ][gc,heap      ] GC(470) ParNew: 240977K->54K(270976K)
[1441.335s][info ][gc,heap      ] GC(470) CMS: 260987K->260987K(602112K)
[1441.335s][info ][gc,metaspace ] GC(470) Metaspace: 54185K->54185K(1097728K)
[1441.335s][info ][gc           ] GC(470) Pause Young (Allocation Failure) 490M->254M(852M) 1.820ms
[1441.335s][info ][gc,cpu       ] GC(470) User=0.00s Sys=0.00s Real=0.00s
[1441.335s][info ][safepoint    ] Leaving safepoint region
[1441.335s][info ][safepoint    ] Total time for which application threads were stopped: 0.0019673 seconds, Stopping threads took: 0.0000169 seconds
[1444.782s][info ][safepoint    ] Application time: 3.4471263 seconds
[1444.782s][info ][safepoint    ] Entering safepoint region: GenCollectForAllocation
[1444.783s][info ][gc,start     ] GC(471) Pause Young (Allocation Failure)
[1444.783s][info ][gc,task      ] GC(471) Using 4 workers of 4 for evacuation
[1444.784s][debug][gc,ref       ] GC(471) Skipped phase1 of Reference Processing due to unavailable references
[1444.784s][debug][gc,ref       ] GC(471) Skipped phase2 of Reference Processing due to unavailable references
[1444.784s][debug][gc,ref       ] GC(471) Skipped phase3 of Reference Processing due to unavailable references
[1444.784s][debug][gc,ref       ] GC(471) Skipped phase4 of Reference Processing due to unavailable references
[1444.784s][debug][gc,age       ] GC(471) Desired survivor size 15400960 bytes, new threshold 6 (max threshold 6)
[1444.784s][info ][gc,heap      ] GC(471) ParNew: 240950K->40K(270976K)
[1444.784s][info ][gc,heap      ] GC(471) CMS: 260987K->260987K(602112K)
[1444.784s][info ][gc,metaspace ] GC(471) Metaspace: 54185K->54185K(1097728K)
[1444.784s][info ][gc           ] GC(471) Pause Young (Allocation Failure) 490M->254M(852M) 1.591ms
[1444.784s][info ][gc,cpu       ] GC(471) User=0.01s Sys=0.00s Real=0.00s
[1444.784s][info ][safepoint    ] Leaving safepoint region
[1444.784s][info ][safepoint    ] Total time for which application threads were stopped: 0.0017512 seconds, Stopping threads took: 0.0000322 seconds
[1448.232s][info ][safepoint    ] Application time: 3.4473713 seconds
[1448.232s][info ][safepoint    ] Entering safepoint region: GenCollectForAllocation
[1448.232s][info ][gc,start     ] GC(472) Pause Young (Allocation Failure)
[1448.232s][info ][gc,task      ] GC(472) Using 4 workers of 4 for evacuation
[1448.236s][debug][gc,ref       ] GC(472) Skipped phase1 of Reference Processing due to unavailable references
[1448.236s][debug][gc,ref       ] GC(472) Skipped phase2 of Reference Processing due to unavailable references
[1448.236s][debug][gc,ref       ] GC(472) Skipped phase3 of Reference Processing due to unavailable references
[1448.236s][debug][gc,ref       ] GC(472) Skipped phase4 of Reference Processing due to unavailable references
[1448.236s][debug][gc,age       ] GC(472) Desired survivor size 15400960 bytes, new threshold 6 (max threshold 6)
[1448.236s][info ][gc,heap      ] GC(472) ParNew: 240936K->26K(270976K)
[1448.236s][info ][gc,heap      ] GC(472) CMS: 260987K->260987K(602112K)
[1448.236s][info ][gc,metaspace ] GC(472) Metaspace: 54185K->54185K(1097728K)
[1448.236s][info ][gc           ] GC(472) Pause Young (Allocation Failure) 490M->254M(852M) 4.150ms
[1448.236s][info ][gc,cpu       ] GC(472) User=0.02s Sys=0.00s Real=0.00s
[1448.236s][info ][safepoint    ] Leaving safepoint region
[1448.236s][info ][safepoint    ] Total time for which application threads were stopped: 0.0043016 seconds, Stopping threads took: 0.0000164 seconds
[1451.634s][info ][safepoint    ] Application time: 3.3983852 seconds
[1451.634s][info ][safepoint    ] Entering safepoint region: GenCollectForAllocation
[1451.635s][info ][gc,start     ] GC(473) Pause Young (Allocation Failure)
[1451.635s][info ][gc,task      ] GC(473) Using 4 workers of 4 for evacuation
[1451.636s][debug][gc,ref       ] GC(473) Skipped phase1 of Reference Processing due to unavailable references
[1451.636s][debug][gc,ref       ] GC(473) Skipped phase2 of Reference Processing due to unavailable references
[1451.636s][debug][gc,ref       ] GC(473) Skipped phase3 of Reference Processing due to unavailable references
[1451.636s][debug][gc,ref       ] GC(473) Skipped phase4 of Reference Processing due to unavailable references
[1451.637s][debug][gc,age       ] GC(473) Desired survivor size 15400960 bytes, new threshold 6 (max threshold 6)
[1451.637s][info ][gc,heap      ] GC(473) ParNew: 240922K->67K(270976K)
[1451.637s][info ][gc,heap      ] GC(473) CMS: 260987K->260987K(602112K)
[1451.637s][info ][gc,metaspace ] GC(473) Metaspace: 54185K->54185K(1097728K)
[1451.637s][info ][gc           ] GC(473) Pause Young (Allocation Failure) 490M->254M(852M) 2.265ms
[1451.637s][info ][gc,cpu       ] GC(473) User=0.01s Sys=0.00s Real=0.00s
[1451.637s][info ][safepoint    ] Leaving safepoint region
[1451.637s][info ][safepoint    ] Total time for which application threads were stopped: 0.0024363 seconds, Stopping threads took: 0.0000167 seconds
[1455.083s][info ][safepoint    ] Application time: 3.4466084 seconds
[1455.083s][info ][safepoint    ] Entering safepoint region: GenCollectForAllocation
[1455.084s][info ][gc,start     ] GC(474) Pause Young (Allocation Failure)
[1455.084s][info ][gc,task      ] GC(474) Using 4 workers of 4 for evacuation
[1455.086s][debug][gc,ref       ] GC(474) Skipped phase1 of Reference Processing due to unavailable references
[1455.086s][debug][gc,ref       ] GC(474) Skipped phase2 of Reference Processing due to unavailable references
[1455.086s][debug][gc,ref       ] GC(474) Skipped phase3 of Reference Processing due to unavailable references
[1455.086s][debug][gc,ref       ] GC(474) Skipped phase4 of Reference Processing due to unavailable references
[1455.086s][debug][gc,age       ] GC(474) Desired survivor size 15400960 bytes, new threshold 6 (max threshold 6)
[1455.086s][info ][gc,heap      ] GC(474) ParNew: 240963K->71K(270976K)
[1455.086s][info ][gc,heap      ] GC(474) CMS: 260987K->260987K(602112K)
[1455.086s][info ][gc,metaspace ] GC(474) Metaspace: 54185K->54185K(1097728K)
[1455.086s][info ][gc           ] GC(474) Pause Young (Allocation Failure) 490M->254M(852M) 2.212ms
[1455.086s][info ][gc,cpu       ] GC(474) User=0.01s Sys=0.00s Real=0.00s
[1455.086s][info ][safepoint    ] Leaving safepoint region
[1455.086s][info ][safepoint    ] Total time for which application threads were stopped: 0.0023606 seconds, Stopping threads took: 0.0000159 seconds
[1458.533s][info ][safepoint    ] Application time: 3.4467915 seconds
[1458.533s][info ][safepoint    ] Entering safepoint region: GenCollectForAllocation
[1458.533s][info ][gc,start     ] GC(475) Pause Young (Allocation Failure)
[1458.533s][info ][gc,task      ] GC(475) Using 4 workers of 4 for evacuation
[1458.534s][debug][gc,ref       ] GC(475) Skipped phase1 of Reference Processing due to unavailable references
[1458.534s][debug][gc,ref       ] GC(475) Skipped phase2 of Reference Processing due to unavailable references
[1458.534s][debug][gc,ref       ] GC(475) Skipped phase3 of Reference Processing due to unavailable references
[1458.534s][debug][gc,ref       ] GC(475) Skipped phase4 of Reference Processing due to unavailable references
[1458.534s][debug][gc,age       ] GC(475) Desired survivor size 15400960 bytes, new threshold 6 (max threshold 6)
[1458.534s][info ][gc,heap      ] GC(475) ParNew: 240967K->80K(270976K)
[1458.534s][info ][gc,heap      ] GC(475) CMS: 260987K->260987K(602112K)
[1458.534s][info ][gc,metaspace ] GC(475) Metaspace: 54185K->54185K(1097728K)
[1458.534s][info ][gc           ] GC(475) Pause Young (Allocation Failure) 490M->254M(852M) 1.608ms
[1458.534s][info ][gc,cpu       ] GC(475) User=0.01s Sys=0.00s Real=0.00s
[1458.534s][info ][safepoint    ] Leaving safepoint region
[1458.534s][info ][safepoint    ] Total time for which application threads were stopped: 0.0017501 seconds, Stopping threads took: 0.0000163 seconds
[1461.984s][info ][safepoint    ] Application time: 3.4493777 seconds
[1461.984s][info ][safepoint    ] Entering safepoint region: GenCollectForAllocation
[1461.984s][info ][gc,start     ] GC(476) Pause Young (Allocation Failure)
[1461.984s][info ][gc,task      ] GC(476) Using 4 workers of 4 for evacuation
[1461.986s][debug][gc,ref       ] GC(476) Skipped phase1 of Reference Processing due to unavailable references
[1461.986s][debug][gc,ref       ] GC(476) Skipped phase2 of Reference Processing due to unavailable references
[1461.986s][debug][gc,ref       ] GC(476) Skipped phase3 of Reference Processing due to unavailable references
[1461.986s][debug][gc,ref       ] GC(476) Skipped phase4 of Reference Processing due to unavailable references
[1461.986s][debug][gc,age       ] GC(476) Desired survivor size 15400960 bytes, new threshold 6 (max threshold 6)
[1461.986s][info ][gc,heap      ] GC(476) ParNew: 240976K->59K(270976K)
[1461.986s][info ][gc,heap      ] GC(476) CMS: 260987K->260987K(602112K)
[1461.986s][info ][gc,metaspace ] GC(476) Metaspace: 54185K->54185K(1097728K)
[1461.986s][info ][gc           ] GC(476) Pause Young (Allocation Failure) 490M->254M(852M) 2.040ms
[1461.986s][info ][gc,cpu       ] GC(476) User=0.00s Sys=0.01s Real=0.00s
[1461.986s][info ][safepoint    ] Leaving safepoint region
[1461.986s][info ][safepoint    ] Total time for which application threads were stopped: 0.0022021 seconds, Stopping threads took: 0.0000165 seconds
[1465.385s][info ][safepoint    ] Application time: 3.3987907 seconds
[1465.385s][info ][safepoint    ] Entering safepoint region: GenCollectForAllocation
[1465.385s][info ][gc,start     ] GC(477) Pause Young (Allocation Failure)
[1465.385s][info ][gc,task      ] GC(477) Using 4 workers of 4 for evacuation
[1465.387s][debug][gc,ref       ] GC(477) Skipped phase1 of Reference Processing due to unavailable references
[1465.387s][debug][gc,ref       ] GC(477) Skipped phase2 of Reference Processing due to unavailable references
[1465.387s][debug][gc,ref       ] GC(477) Skipped phase3 of Reference Processing due to unavailable references
[1465.387s][debug][gc,ref       ] GC(477) Skipped phase4 of Reference Processing due to unavailable references
[1465.387s][debug][gc,age       ] GC(477) Desired survivor size 15400960 bytes, new threshold 6 (max threshold 6)
[1465.388s][info ][gc,heap      ] GC(477) ParNew: 240955K->34K(270976K)
[1465.388s][info ][gc,heap      ] GC(477) CMS: 260987K->260987K(602112K)
[1465.388s][info ][gc,metaspace ] GC(477) Metaspace: 54185K->54185K(1097728K)
[1465.388s][info ][gc           ] GC(477) Pause Young (Allocation Failure) 490M->254M(852M) 2.623ms
[1465.388s][info ][gc,cpu       ] GC(477) User=0.01s Sys=0.00s Real=0.00s
[1465.388s][info ][safepoint    ] Leaving safepoint region
[1465.388s][info ][safepoint    ] Total time for which application threads were stopped: 0.0028698 seconds, Stopping threads took: 0.0000281 seconds
[1468.834s][info ][safepoint    ] Application time: 3.4457774 seconds
[1468.834s][info ][safepoint    ] Entering safepoint region: GenCollectForAllocation
[1468.834s][info ][gc,start     ] GC(478) Pause Young (Allocation Failure)
[1468.834s][info ][gc,task      ] GC(478) Using 4 workers of 4 for evacuation
[1468.835s][debug][gc,ref       ] GC(478) Skipped phase1 of Reference Processing due to unavailable references
[1468.835s][debug][gc,ref       ] GC(478) Skipped phase2 of Reference Processing due to unavailable references
[1468.835s][debug][gc,ref       ] GC(478) Skipped phase3 of Reference Processing due to unavailable references
[1468.835s][debug][gc,ref       ] GC(478) Skipped phase4 of Reference Processing due to unavailable references
[1468.836s][debug][gc,age       ] GC(478) Desired survivor size 15400960 bytes, new threshold 6 (max threshold 6)
[1468.836s][info ][gc,heap      ] GC(478) ParNew: 240930K->120K(270976K)
[1468.836s][info ][gc,heap      ] GC(478) CMS: 260987K->260987K(602112K)
[1468.836s][info ][gc,metaspace ] GC(478) Metaspace: 54185K->54185K(1097728K)
[1468.836s][info ][gc           ] GC(478) Pause Young (Allocation Failure) 490M->254M(852M) 1.948ms
[1468.836s][info ][gc,cpu       ] GC(478) User=0.00s Sys=0.00s Real=0.00s
[1468.836s][info ][safepoint    ] Leaving safepoint region
[1468.836s][info ][safepoint    ] Total time for which application threads were stopped: 0.0020926 seconds, Stopping threads took: 0.0000158 seconds
[1472.283s][info ][safepoint    ] Application time: 3.4472825 seconds
[1472.283s][info ][safepoint    ] Entering safepoint region: GenCollectForAllocation
[1472.283s][info ][gc,start     ] GC(479) Pause Young (Allocation Failure)
[1472.283s][info ][gc,task      ] GC(479) Using 4 workers of 4 for evacuation
[1472.285s][debug][gc,ref       ] GC(479) Skipped phase1 of Reference Processing due to unavailable references
[1472.285s][debug][gc,ref       ] GC(479) Skipped phase2 of Reference Processing due to unavailable references
[1472.285s][debug][gc,ref       ] GC(479) Skipped phase3 of Reference Processing due to unavailable references
[1472.285s][debug][gc,ref       ] GC(479) Skipped phase4 of Reference Processing due to unavailable references
[1472.285s][debug][gc,age       ] GC(479) Desired survivor size 15400960 bytes, new threshold 6 (max threshold 6)
[1472.285s][info ][gc,heap      ] GC(479) ParNew: 241016K->86K(270976K)
[1472.285s][info ][gc,heap      ] GC(479) CMS: 260987K->260987K(602112K)
[1472.285s][info ][gc,metaspace ] GC(479) Metaspace: 54185K->54185K(1097728K)
[1472.285s][info ][gc           ] GC(479) Pause Young (Allocation Failure) 490M->254M(852M) 1.675ms
[1472.285s][info ][gc,cpu       ] GC(479) User=0.00s Sys=0.00s Real=0.00s
[1472.285s][info ][safepoint    ] Leaving safepoint region
[1472.285s][info ][safepoint    ] Total time for which application threads were stopped: 0.0018362 seconds, Stopping threads took: 0.0000178 seconds
[1475.732s][info ][safepoint    ] Application time: 3.4475421 seconds
[1475.732s][info ][safepoint    ] Entering safepoint region: GenCollectForAllocation
[1475.733s][info ][gc,start     ] GC(480) Pause Young (Allocation Failure)
[1475.733s][info ][gc,task      ] GC(480) Using 4 workers of 4 for evacuation
[1475.734s][debug][gc,ref       ] GC(480) Skipped phase1 of Reference Processing due to unavailable references
[1475.734s][debug][gc,ref       ] GC(480) Skipped phase2 of Reference Processing due to unavailable references
[1475.734s][debug][gc,ref       ] GC(480) Skipped phase3 of Reference Processing due to unavailable references
[1475.734s][debug][gc,ref       ] GC(480) Skipped phase4 of Reference Processing due to unavailable references
[1475.734s][debug][gc,age       ] GC(480) Desired survivor size 15400960 bytes, new threshold 6 (max threshold 6)
[1475.734s][info ][gc,heap      ] GC(480) ParNew: 240982K->86K(270976K)
[1475.734s][info ][gc,heap      ] GC(480) CMS: 260987K->260987K(602112K)
[1475.734s][info ][gc,metaspace ] GC(480) Metaspace: 54185K->54185K(1097728K)
[1475.734s][info ][gc           ] GC(480) Pause Young (Allocation Failure) 490M->254M(852M) 1.562ms
[1475.734s][info ][gc,cpu       ] GC(480) User=0.01s Sys=0.00s Real=0.00s
[1475.734s][info ][safepoint    ] Leaving safepoint region
[1475.734s][info ][safepoint    ] Total time for which application threads were stopped: 0.0017193 seconds, Stopping threads took: 0.0000151 seconds
[1479.180s][info ][safepoint    ] Application time: 3.4455519 seconds
[1479.180s][info ][safepoint    ] Entering safepoint region: GenCollectForAllocation
[1479.180s][info ][gc,start     ] GC(481) Pause Young (Allocation Failure)
[1479.180s][info ][gc,task      ] GC(481) Using 4 workers of 4 for evacuation
[1479.181s][debug][gc,ref       ] GC(481) Skipped phase1 of Reference Processing due to unavailable references
[1479.181s][debug][gc,ref       ] GC(481) Skipped phase2 of Reference Processing due to unavailable references
[1479.181s][debug][gc,ref       ] GC(481) Skipped phase3 of Reference Processing due to unavailable references
[1479.181s][debug][gc,ref       ] GC(481) Skipped phase4 of Reference Processing due to unavailable references
[1479.182s][debug][gc,age       ] GC(481) Desired survivor size 15400960 bytes, new threshold 6 (max threshold 6)
[1479.182s][info ][gc,heap      ] GC(481) ParNew: 240982K->57K(270976K)
[1479.182s][info ][gc,heap      ] GC(481) CMS: 260987K->260987K(602112K)
[1479.182s][info ][gc,metaspace ] GC(481) Metaspace: 54185K->54185K(1097728K)
[1479.182s][info ][gc           ] GC(481) Pause Young (Allocation Failure) 490M->254M(852M) 1.723ms
[1479.182s][info ][gc,cpu       ] GC(481) User=0.01s Sys=0.00s Real=0.00s
[1479.182s][info ][safepoint    ] Leaving safepoint region
[1479.182s][info ][safepoint    ] Total time for which application threads were stopped: 0.0018692 seconds, Stopping threads took: 0.0000181 seconds
[1482.367s][info ][safepoint    ] Application time: 3.1854902 seconds
[1482.367s][info ][safepoint    ] Entering safepoint region: GenCollectForAllocation
[1482.367s][info ][gc,start     ] GC(482) Pause Young (Allocation Failure)
[1482.367s][info ][gc,task      ] GC(482) Using 4 workers of 4 for evacuation
[1482.369s][debug][gc,ref       ] GC(482) Skipped phase1 of Reference Processing due to unavailable references
[1482.369s][debug][gc,ref       ] GC(482) Skipped phase2 of Reference Processing due to unavailable references
[1482.369s][debug][gc,ref       ] GC(482) Skipped phase3 of Reference Processing due to unavailable references
[1482.369s][debug][gc,ref       ] GC(482) Skipped phase4 of Reference Processing due to unavailable references
[1482.369s][debug][gc,age       ] GC(482) Desired survivor size 15400960 bytes, new threshold 6 (max threshold 6)
[1482.369s][info ][gc,heap      ] GC(482) ParNew: 240953K->225K(270976K)
[1482.369s][info ][gc,heap      ] GC(482) CMS: 260987K->260987K(602112K)
[1482.369s][info ][gc,metaspace ] GC(482) Metaspace: 54194K->54194K(1097728K)
[1482.369s][info ][gc           ] GC(482) Pause Young (Allocation Failure) 490M->255M(852M) 1.923ms
[1482.369s][info ][gc,cpu       ] GC(482) User=0.01s Sys=0.00s Real=0.00s
[1482.369s][info ][safepoint    ] Leaving safepoint region
[1482.369s][info ][safepoint    ] Total time for which application threads were stopped: 0.0021793 seconds, Stopping threads took: 0.0001234 seconds
[1483.369s][info ][safepoint    ] Application time: 1.0000969 seconds
[1483.369s][info ][safepoint    ] Entering safepoint region: Cleanup
[1483.370s][info ][safepoint    ] Leaving safepoint region
[1483.370s][info ][safepoint    ] Total time for which application threads were stopped: 0.0001290 seconds, Stopping threads took: 0.0000180 seconds
[1493.481s][info ][safepoint    ] Application time: 10.1110619 seconds
[1493.481s][info ][safepoint    ] Entering safepoint region: GenCollectForAllocation
[1493.481s][info ][gc,start     ] GC(483) Pause Young (Allocation Failure)
[1493.481s][info ][gc,task      ] GC(483) Using 4 workers of 4 for evacuation
[1493.484s][debug][gc,ref       ] GC(483) Skipped phase1 of Reference Processing due to unavailable references
[1493.484s][debug][gc,ref       ] GC(483) Skipped phase2 of Reference Processing due to unavailable references
[1493.484s][debug][gc,ref       ] GC(483) Skipped phase3 of Reference Processing due to unavailable references
[1493.484s][debug][gc,ref       ] GC(483) Skipped phase4 of Reference Processing due to unavailable references
[1493.484s][debug][gc,age       ] GC(483) Desired survivor size 15400960 bytes, new threshold 6 (max threshold 6)
[1493.484s][info ][gc,heap      ] GC(483) ParNew: 241121K->785K(270976K)
[1493.484s][info ][gc,heap      ] GC(483) CMS: 260987K->260987K(602112K)
[1493.484s][info ][gc,metaspace ] GC(483) Metaspace: 54199K->54199K(1097728K)
[1493.484s][info ][gc           ] GC(483) Pause Young (Allocation Failure) 490M->255M(852M) 3.424ms
[1493.484s][info ][gc,cpu       ] GC(483) User=0.01s Sys=0.00s Real=0.00s
[1493.484s][info ][safepoint    ] Leaving safepoint region
[1493.484s][info ][safepoint    ] Total time for which application threads were stopped: 0.0035987 seconds, Stopping threads took: 0.0000178 seconds
[1506.531s][info ][safepoint    ] Application time: 13.0463471 seconds
[1506.531s][info ][safepoint    ] Entering safepoint region: GenCollectForAllocation
[1506.531s][info ][gc,start     ] GC(484) Pause Young (Allocation Failure)
[1506.531s][info ][gc,task      ] GC(484) Using 4 workers of 4 for evacuation
[1506.533s][debug][gc,ref       ] GC(484) Skipped phase1 of Reference Processing due to unavailable references
[1506.533s][debug][gc,ref       ] GC(484) Skipped phase2 of Reference Processing due to unavailable references
[1506.533s][debug][gc,ref       ] GC(484) Skipped phase3 of Reference Processing due to unavailable references
[1506.533s][debug][gc,ref       ] GC(484) Skipped phase4 of Reference Processing due to unavailable references
[1506.533s][debug][gc,age       ] GC(484) Desired survivor size 15400960 bytes, new threshold 6 (max threshold 6)
[1506.533s][info ][gc,heap      ] GC(484) ParNew: 241681K->868K(270976K)
[1506.533s][info ][gc,heap      ] GC(484) CMS: 260987K->260988K(602112K)
[1506.533s][info ][gc,metaspace ] GC(484) Metaspace: 54199K->54199K(1097728K)
[1506.533s][info ][gc           ] GC(484) Pause Young (Allocation Failure) 490M->255M(852M) 2.019ms
[1506.533s][info ][gc,cpu       ] GC(484) User=0.01s Sys=0.00s Real=0.01s
[1506.533s][info ][safepoint    ] Leaving safepoint region
[1506.533s][info ][safepoint    ] Total time for which application threads were stopped: 0.0022162 seconds, Stopping threads took: 0.0000474 seconds
[1519.581s][info ][safepoint    ] Application time: 13.0483769 seconds
[1519.581s][info ][safepoint    ] Entering safepoint region: GenCollectForAllocation
[1519.581s][info ][gc,start     ] GC(485) Pause Young (Allocation Failure)
[1519.581s][info ][gc,task      ] GC(485) Using 4 workers of 4 for evacuation
[1519.584s][debug][gc,ref       ] GC(485) Skipped phase1 of Reference Processing due to unavailable references
[1519.584s][debug][gc,ref       ] GC(485) Skipped phase2 of Reference Processing due to unavailable references
[1519.584s][debug][gc,ref       ] GC(485) Skipped phase3 of Reference Processing due to unavailable references
[1519.584s][debug][gc,ref       ] GC(485) Skipped phase4 of Reference Processing due to unavailable references
[1519.584s][debug][gc,age       ] GC(485) Desired survivor size 15400960 bytes, new threshold 6 (max threshold 6)
[1519.584s][info ][gc,heap      ] GC(485) ParNew: 241764K->957K(270976K)
[1519.584s][info ][gc,heap      ] GC(485) CMS: 260988K->260988K(602112K)
[1519.584s][info ][gc,metaspace ] GC(485) Metaspace: 54200K->54200K(1097728K)
[1519.584s][info ][gc           ] GC(485) Pause Young (Allocation Failure) 490M->255M(852M) 2.694ms
[1519.584s][info ][gc,cpu       ] GC(485) User=0.00s Sys=0.00s Real=0.00s
[1519.584s][info ][safepoint    ] Leaving safepoint region
[1519.584s][info ][safepoint    ] Total time for which application threads were stopped: 0.0028634 seconds, Stopping threads took: 0.0000188 seconds
[1532.782s][info ][safepoint    ] Application time: 13.1973242 seconds
[1532.782s][info ][safepoint    ] Entering safepoint region: GenCollectForAllocation
[1532.782s][info ][gc,start     ] GC(486) Pause Young (Allocation Failure)
[1532.782s][info ][gc,task      ] GC(486) Using 4 workers of 4 for evacuation
[1532.784s][debug][gc,ref       ] GC(486) Skipped phase1 of Reference Processing due to unavailable references
[1532.784s][debug][gc,ref       ] GC(486) Skipped phase2 of Reference Processing due to unavailable references
[1532.784s][debug][gc,ref       ] GC(486) Skipped phase3 of Reference Processing due to unavailable references
[1532.784s][debug][gc,ref       ] GC(486) Skipped phase4 of Reference Processing due to unavailable references
[1532.784s][debug][gc,age       ] GC(486) Desired survivor size 15400960 bytes, new threshold 6 (max threshold 6)
[1532.784s][info ][gc,heap      ] GC(486) ParNew: 241853K->880K(270976K)
[1532.784s][info ][gc,heap      ] GC(486) CMS: 260988K->260988K(602112K)
[1532.784s][info ][gc,metaspace ] GC(486) Metaspace: 54200K->54200K(1097728K)
[1532.784s][info ][gc           ] GC(486) Pause Young (Allocation Failure) 491M->255M(852M) 1.972ms
[1532.784s][info ][gc,cpu       ] GC(486) User=0.00s Sys=0.00s Real=0.00s
[1532.784s][info ][safepoint    ] Leaving safepoint region
[1532.784s][info ][safepoint    ] Total time for which application threads were stopped: 0.0021318 seconds, Stopping threads took: 0.0000320 seconds
[1542.540s][info ][safepoint    ] Application time: 9.7560289 seconds
[1542.540s][info ][safepoint    ] Entering safepoint region: RevokeBias
[1542.540s][info ][safepoint    ] Leaving safepoint region
[1542.540s][info ][safepoint    ] Total time for which application threads were stopped: 0.0001040 seconds, Stopping threads took: 0.0000175 seconds
[1545.981s][info ][safepoint    ] Application time: 3.4415647 seconds
[1545.982s][info ][safepoint    ] Entering safepoint region: GenCollectForAllocation
[1545.982s][info ][gc,start     ] GC(487) Pause Young (Allocation Failure)
[1545.982s][info ][gc,task      ] GC(487) Using 4 workers of 4 for evacuation
[1545.983s][debug][gc,ref       ] GC(487) Skipped phase1 of Reference Processing due to unavailable references
[1545.983s][debug][gc,ref       ] GC(487) Skipped phase2 of Reference Processing due to unavailable references
[1545.983s][debug][gc,ref       ] GC(487) Skipped phase3 of Reference Processing due to unavailable references
[1545.983s][debug][gc,ref       ] GC(487) Skipped phase4 of Reference Processing due to unavailable references
[1545.984s][debug][gc,age       ] GC(487) Desired survivor size 15400960 bytes, new threshold 6 (max threshold 6)
[1545.984s][info ][gc,heap      ] GC(487) ParNew: 241776K->900K(270976K)
[1545.984s][info ][gc,heap      ] GC(487) CMS: 260988K->260988K(602112K)
[1545.984s][info ][gc,metaspace ] GC(487) Metaspace: 54200K->54200K(1097728K)
[1545.984s][info ][gc           ] GC(487) Pause Young (Allocation Failure) 490M->255M(852M) 2.048ms
[1545.984s][info ][gc,cpu       ] GC(487) User=0.00s Sys=0.00s Real=0.00s
[1545.984s][info ][safepoint    ] Leaving safepoint region
[1545.984s][info ][safepoint    ] Total time for which application threads were stopped: 0.0021983 seconds, Stopping threads took: 0.0000182 seconds
[1559.230s][info ][safepoint    ] Application time: 13.2463480 seconds
[1559.230s][info ][safepoint    ] Entering safepoint region: GenCollectForAllocation
[1559.230s][info ][gc,start     ] GC(488) Pause Young (Allocation Failure)
[1559.230s][info ][gc,task      ] GC(488) Using 4 workers of 4 for evacuation
[1559.232s][debug][gc,ref       ] GC(488) Skipped phase1 of Reference Processing due to unavailable references
[1559.232s][debug][gc,ref       ] GC(488) Skipped phase2 of Reference Processing due to unavailable references
[1559.233s][debug][gc,ref       ] GC(488) Skipped phase3 of Reference Processing due to unavailable references
[1559.233s][debug][gc,ref       ] GC(488) Skipped phase4 of Reference Processing due to unavailable references
[1559.233s][debug][gc,age       ] GC(488) Desired survivor size 15400960 bytes, new threshold 6 (max threshold 6)
[1559.233s][info ][gc,heap      ] GC(488) ParNew: 241796K->860K(270976K)
[1559.233s][info ][gc,heap      ] GC(488) CMS: 260988K->261123K(602112K)
[1559.233s][info ][gc,metaspace ] GC(488) Metaspace: 54200K->54200K(1097728K)
[1559.233s][info ][gc           ] GC(488) Pause Young (Allocation Failure) 491M->255M(852M) 2.514ms
[1559.233s][info ][gc,cpu       ] GC(488) User=0.01s Sys=0.00s Real=0.01s
[1559.233s][info ][safepoint    ] Leaving safepoint region
[1559.233s][info ][safepoint    ] Total time for which application threads were stopped: 0.0027300 seconds, Stopping threads took: 0.0000478 seconds
[1572.430s][info ][safepoint    ] Application time: 13.1974041 seconds
[1572.430s][info ][safepoint    ] Entering safepoint region: GenCollectForAllocation
[1572.430s][info ][gc,start     ] GC(489) Pause Young (Allocation Failure)
[1572.430s][info ][gc,task      ] GC(489) Using 4 workers of 4 for evacuation
[1572.436s][debug][gc,ref       ] GC(489) Skipped phase1 of Reference Processing due to unavailable references
[1572.436s][debug][gc,ref       ] GC(489) Skipped phase2 of Reference Processing due to unavailable references
[1572.436s][debug][gc,ref       ] GC(489) Skipped phase3 of Reference Processing due to unavailable references
[1572.436s][debug][gc,ref       ] GC(489) Skipped phase4 of Reference Processing due to unavailable references
[1572.436s][debug][gc,age       ] GC(489) Desired survivor size 15400960 bytes, new threshold 6 (max threshold 6)
[1572.436s][info ][gc,heap      ] GC(489) ParNew: 241756K->473K(270976K)
[1572.436s][info ][gc,heap      ] GC(489) CMS: 261123K->261752K(602112K)
[1572.436s][info ][gc,metaspace ] GC(489) Metaspace: 54200K->54200K(1097728K)
[1572.436s][info ][gc           ] GC(489) Pause Young (Allocation Failure) 491M->256M(852M) 5.495ms
[1572.436s][info ][gc,cpu       ] GC(489) User=0.02s Sys=0.00s Real=0.01s
[1572.436s][info ][safepoint    ] Leaving safepoint region
[1572.436s][info ][safepoint    ] Total time for which application threads were stopped: 0.0056643 seconds, Stopping threads took: 0.0000176 seconds
[1585.630s][info ][safepoint    ] Application time: 13.1944632 seconds
[1585.630s][info ][safepoint    ] Entering safepoint region: GenCollectForAllocation
[1585.631s][info ][gc,start     ] GC(490) Pause Young (Allocation Failure)
[1585.631s][info ][gc,task      ] GC(490) Using 4 workers of 4 for evacuation
[1585.632s][debug][gc,ref       ] GC(490) Skipped phase1 of Reference Processing due to unavailable references
[1585.632s][debug][gc,ref       ] GC(490) Skipped phase2 of Reference Processing due to unavailable references
[1585.632s][debug][gc,ref       ] GC(490) Skipped phase3 of Reference Processing due to unavailable references
[1585.632s][debug][gc,ref       ] GC(490) Skipped phase4 of Reference Processing due to unavailable references
[1585.632s][debug][gc,age       ] GC(490) Desired survivor size 15400960 bytes, new threshold 6 (max threshold 6)
[1585.632s][info ][gc,heap      ] GC(490) ParNew: 241369K->122K(270976K)
[1585.632s][info ][gc,heap      ] GC(490) CMS: 261752K->261752K(602112K)
[1585.632s][info ][gc,metaspace ] GC(490) Metaspace: 54200K->54200K(1097728K)
[1585.632s][info ][gc           ] GC(490) Pause Young (Allocation Failure) 491M->255M(852M) 1.541ms
[1585.632s][info ][gc,cpu       ] GC(490) User=0.01s Sys=0.00s Real=0.01s
[1585.632s][info ][safepoint    ] Leaving safepoint region
[1585.632s][info ][safepoint    ] Total time for which application threads were stopped: 0.0017030 seconds, Stopping threads took: 0.0000178 seconds
[1598.831s][info ][safepoint    ] Application time: 13.1984266 seconds
[1598.831s][info ][safepoint    ] Entering safepoint region: GenCollectForAllocation
[1598.831s][info ][gc,start     ] GC(491) Pause Young (Allocation Failure)
[1598.831s][info ][gc,task      ] GC(491) Using 4 workers of 4 for evacuation
[1598.833s][debug][gc,ref       ] GC(491) Skipped phase1 of Reference Processing due to unavailable references
[1598.833s][debug][gc,ref       ] GC(491) Skipped phase2 of Reference Processing due to unavailable references
[1598.833s][debug][gc,ref       ] GC(491) Skipped phase3 of Reference Processing due to unavailable references
[1598.833s][debug][gc,ref       ] GC(491) Skipped phase4 of Reference Processing due to unavailable references
[1598.833s][debug][gc,age       ] GC(491) Desired survivor size 15400960 bytes, new threshold 6 (max threshold 6)
[1598.833s][info ][gc,heap      ] GC(491) ParNew: 241018K->34K(270976K)
[1598.833s][info ][gc,heap      ] GC(491) CMS: 261752K->261754K(602112K)
[1598.833s][info ][gc,metaspace ] GC(491) Metaspace: 54200K->54200K(1097728K)
[1598.833s][info ][gc           ] GC(491) Pause Young (Allocation Failure) 490M->255M(852M) 2.113ms
[1598.833s][info ][gc,cpu       ] GC(491) User=0.00s Sys=0.00s Real=0.01s
[1598.833s][info ][safepoint    ] Leaving safepoint region
[1598.833s][info ][safepoint    ] Total time for which application threads were stopped: 0.0022839 seconds, Stopping threads took: 0.0000325 seconds
[1602.540s][info ][safepoint    ] Application time: 3.7068539 seconds
[1602.540s][info ][safepoint    ] Entering safepoint region: RevokeBias
[1602.540s][info ][safepoint    ] Leaving safepoint region
[1602.540s][info ][safepoint    ] Total time for which application threads were stopped: 0.0000974 seconds, Stopping threads took: 0.0000174 seconds
[1612.031s][info ][safepoint    ] Application time: 9.4907345 seconds
[1612.031s][info ][safepoint    ] Entering safepoint region: GenCollectForAllocation
[1612.031s][info ][gc,start     ] GC(492) Pause Young (Allocation Failure)
[1612.031s][info ][gc,task      ] GC(492) Using 4 workers of 4 for evacuation
[1612.032s][debug][gc,ref       ] GC(492) Skipped phase1 of Reference Processing due to unavailable references
[1612.032s][debug][gc,ref       ] GC(492) Skipped phase2 of Reference Processing due to unavailable references
[1612.032s][debug][gc,ref       ] GC(492) Skipped phase3 of Reference Processing due to unavailable references
[1612.032s][debug][gc,ref       ] GC(492) Skipped phase4 of Reference Processing due to unavailable references
[1612.032s][debug][gc,age       ] GC(492) Desired survivor size 15400960 bytes, new threshold 6 (max threshold 6)
[1612.032s][info ][gc,heap      ] GC(492) ParNew: 240930K->30K(270976K)
[1612.032s][info ][gc,heap      ] GC(492) CMS: 261754K->261754K(602112K)
[1612.032s][info ][gc,metaspace ] GC(492) Metaspace: 54202K->54202K(1097728K)
[1612.032s][info ][gc           ] GC(492) Pause Young (Allocation Failure) 490M->255M(852M) 1.538ms
[1612.032s][info ][gc,cpu       ] GC(492) User=0.00s Sys=0.00s Real=0.01s
[1612.032s][info ][safepoint    ] Leaving safepoint region
[1612.032s][info ][safepoint    ] Total time for which application threads were stopped: 0.0016980 seconds, Stopping threads took: 0.0000179 seconds
[1625.231s][info ][safepoint    ] Application time: 13.1984921 seconds
[1625.231s][info ][safepoint    ] Entering safepoint region: GenCollectForAllocation
[1625.231s][info ][gc,start     ] GC(493) Pause Young (Allocation Failure)
[1625.231s][info ][gc,task      ] GC(493) Using 4 workers of 4 for evacuation
[1625.232s][debug][gc,ref       ] GC(493) Skipped phase1 of Reference Processing due to unavailable references
[1625.232s][debug][gc,ref       ] GC(493) Skipped phase2 of Reference Processing due to unavailable references
[1625.232s][debug][gc,ref       ] GC(493) Skipped phase3 of Reference Processing due to unavailable references
[1625.232s][debug][gc,ref       ] GC(493) Skipped phase4 of Reference Processing due to unavailable references
[1625.233s][debug][gc,age       ] GC(493) Desired survivor size 15400960 bytes, new threshold 6 (max threshold 6)
[1625.233s][info ][gc,heap      ] GC(493) ParNew: 240926K->33K(270976K)
[1625.233s][info ][gc,heap      ] GC(493) CMS: 261754K->261754K(602112K)
[1625.233s][info ][gc,metaspace ] GC(493) Metaspace: 54202K->54202K(1097728K)
[1625.233s][info ][gc           ] GC(493) Pause Young (Allocation Failure) 490M->255M(852M) 1.556ms
[1625.233s][info ][gc,cpu       ] GC(493) User=0.01s Sys=0.00s Real=0.00s
[1625.233s][info ][safepoint    ] Leaving safepoint region
[1625.233s][info ][safepoint    ] Total time for which application threads were stopped: 0.0017522 seconds, Stopping threads took: 0.0000342 seconds
[1627.233s][info ][safepoint    ] Application time: 2.0001662 seconds
[1627.233s][info ][safepoint    ] Entering safepoint region: Cleanup
[1627.233s][info ][safepoint    ] Leaving safepoint region
[1627.233s][info ][safepoint    ] Total time for which application threads were stopped: 0.0000957 seconds, Stopping threads took: 0.0000173 seconds
[1638.431s][info ][safepoint    ] Application time: 11.1978403 seconds
[1638.431s][info ][safepoint    ] Entering safepoint region: GenCollectForAllocation
[1638.431s][info ][gc,start     ] GC(494) Pause Young (Allocation Failure)
[1638.431s][info ][gc,task      ] GC(494) Using 4 workers of 4 for evacuation
[1638.432s][debug][gc,ref       ] GC(494) Skipped phase1 of Reference Processing due to unavailable references
[1638.432s][debug][gc,ref       ] GC(494) Skipped phase2 of Reference Processing due to unavailable references
[1638.432s][debug][gc,ref       ] GC(494) Skipped phase3 of Reference Processing due to unavailable references
[1638.432s][debug][gc,ref       ] GC(494) Skipped phase4 of Reference Processing due to unavailable references
[1638.432s][debug][gc,age       ] GC(494) Desired survivor size 15400960 bytes, new threshold 6 (max threshold 6)
[1638.432s][info ][gc,heap      ] GC(494) ParNew: 240929K->20K(270976K)
[1638.432s][info ][gc,heap      ] GC(494) CMS: 261754K->261754K(602112K)
[1638.432s][info ][gc,metaspace ] GC(494) Metaspace: 54202K->54202K(1097728K)
[1638.432s][info ][gc           ] GC(494) Pause Young (Allocation Failure) 490M->255M(852M) 1.484ms
[1638.433s][info ][gc,cpu       ] GC(494) User=0.00s Sys=0.00s Real=0.00s
[1638.433s][info ][safepoint    ] Leaving safepoint region
[1638.433s][info ][safepoint    ] Total time for which application threads were stopped: 0.0016572 seconds, Stopping threads took: 0.0000244 seconds
[1651.631s][info ][safepoint    ] Application time: 13.1984715 seconds
[1651.631s][info ][safepoint    ] Entering safepoint region: GenCollectForAllocation
[1651.631s][info ][gc,start     ] GC(495) Pause Young (Allocation Failure)
[1651.631s][info ][gc,task      ] GC(495) Using 4 workers of 4 for evacuation
[1651.633s][debug][gc,ref       ] GC(495) Skipped phase1 of Reference Processing due to unavailable references
[1651.633s][debug][gc,ref       ] GC(495) Skipped phase2 of Reference Processing due to unavailable references
[1651.633s][debug][gc,ref       ] GC(495) Skipped phase3 of Reference Processing due to unavailable references
[1651.633s][debug][gc,ref       ] GC(495) Skipped phase4 of Reference Processing due to unavailable references
[1651.633s][debug][gc,age       ] GC(495) Desired survivor size 15400960 bytes, new threshold 6 (max threshold 6)
[1651.633s][info ][gc,heap      ] GC(495) ParNew: 240916K->25K(270976K)
[1651.633s][info ][gc,heap      ] GC(495) CMS: 261754K->261754K(602112K)
[1651.633s][info ][gc,metaspace ] GC(495) Metaspace: 54202K->54202K(1097728K)
[1651.633s][info ][gc           ] GC(495) Pause Young (Allocation Failure) 490M->255M(852M) 1.870ms
[1651.633s][info ][gc,cpu       ] GC(495) User=0.00s Sys=0.00s Real=0.00s
[1651.633s][info ][safepoint    ] Leaving safepoint region
[1651.633s][info ][safepoint    ] Total time for which application threads were stopped: 0.0020556 seconds, Stopping threads took: 0.0000486 seconds
[1662.540s][info ][safepoint    ] Application time: 10.9066442 seconds
[1662.540s][info ][safepoint    ] Entering safepoint region: RevokeBias
[1662.540s][info ][safepoint    ] Leaving safepoint region
[1662.540s][info ][safepoint    ] Total time for which application threads were stopped: 0.0000847 seconds, Stopping threads took: 0.0000184 seconds
[1664.831s][info ][safepoint    ] Application time: 2.2912584 seconds
[1664.831s][info ][safepoint    ] Entering safepoint region: GenCollectForAllocation
[1664.831s][info ][gc,start     ] GC(496) Pause Young (Allocation Failure)
[1664.831s][info ][gc,task      ] GC(496) Using 4 workers of 4 for evacuation
[1664.833s][debug][gc,ref       ] GC(496) Skipped phase1 of Reference Processing due to unavailable references
[1664.833s][debug][gc,ref       ] GC(496) Skipped phase2 of Reference Processing due to unavailable references
[1664.833s][debug][gc,ref       ] GC(496) Skipped phase3 of Reference Processing due to unavailable references
[1664.833s][debug][gc,ref       ] GC(496) Skipped phase4 of Reference Processing due to unavailable references
[1664.834s][debug][gc,age       ] GC(496) Desired survivor size 15400960 bytes, new threshold 6 (max threshold 6)
[1664.834s][info ][gc,heap      ] GC(496) ParNew: 240921K->23K(270976K)
[1664.834s][info ][gc,heap      ] GC(496) CMS: 261754K->261754K(602112K)
[1664.834s][info ][gc,metaspace ] GC(496) Metaspace: 54202K->54202K(1097728K)
[1664.834s][info ][gc           ] GC(496) Pause Young (Allocation Failure) 490M->255M(852M) 2.328ms
[1664.834s][info ][gc,cpu       ] GC(496) User=0.01s Sys=0.00s Real=0.00s
[1664.834s][info ][safepoint    ] Leaving safepoint region
[1664.834s][info ][safepoint    ] Total time for which application threads were stopped: 0.0024956 seconds, Stopping threads took: 0.0000171 seconds
[1678.031s][info ][safepoint    ] Application time: 13.1977946 seconds
[1678.032s][info ][safepoint    ] Entering safepoint region: GenCollectForAllocation
[1678.032s][info ][gc,start     ] GC(497) Pause Young (Allocation Failure)
[1678.032s][info ][gc,task      ] GC(497) Using 4 workers of 4 for evacuation
[1678.033s][debug][gc,ref       ] GC(497) Skipped phase1 of Reference Processing due to unavailable references
[1678.033s][debug][gc,ref       ] GC(497) Skipped phase2 of Reference Processing due to unavailable references
[1678.033s][debug][gc,ref       ] GC(497) Skipped phase3 of Reference Processing due to unavailable references
[1678.033s][debug][gc,ref       ] GC(497) Skipped phase4 of Reference Processing due to unavailable references
[1678.033s][debug][gc,age       ] GC(497) Desired survivor size 15400960 bytes, new threshold 6 (max threshold 6)
[1678.033s][info ][gc,heap      ] GC(497) ParNew: 240919K->21K(270976K)
[1678.033s][info ][gc,heap      ] GC(497) CMS: 261754K->261754K(602112K)
[1678.033s][info ][gc,metaspace ] GC(497) Metaspace: 54202K->54202K(1097728K)
[1678.033s][info ][gc           ] GC(497) Pause Young (Allocation Failure) 490M->255M(852M) 1.577ms
[1678.033s][info ][gc,cpu       ] GC(497) User=0.00s Sys=0.00s Real=0.00s
[1678.033s][info ][safepoint    ] Leaving safepoint region
[1678.033s][info ][safepoint    ] Total time for which application threads were stopped: 0.0017385 seconds, Stopping threads took: 0.0000169 seconds
[1691.231s][info ][safepoint    ] Application time: 13.1980587 seconds
[1691.231s][info ][safepoint    ] Entering safepoint region: GenCollectForAllocation
[1691.231s][info ][gc,start     ] GC(498) Pause Young (Allocation Failure)
[1691.232s][info ][gc,task      ] GC(498) Using 4 workers of 4 for evacuation
[1691.233s][debug][gc,ref       ] GC(498) Skipped phase1 of Reference Processing due to unavailable references
[1691.233s][debug][gc,ref       ] GC(498) Skipped phase2 of Reference Processing due to unavailable references
[1691.233s][debug][gc,ref       ] GC(498) Skipped phase3 of Reference Processing due to unavailable references
[1691.233s][debug][gc,ref       ] GC(498) Skipped phase4 of Reference Processing due to unavailable references
[1691.233s][debug][gc,age       ] GC(498) Desired survivor size 15400960 bytes, new threshold 6 (max threshold 6)
[1691.233s][info ][gc,heap      ] GC(498) ParNew: 240917K->24K(270976K)
[1691.233s][info ][gc,heap      ] GC(498) CMS: 261754K->261754K(602112K)
[1691.233s][info ][gc,metaspace ] GC(498) Metaspace: 54202K->54202K(1097728K)
[1691.233s][info ][gc           ] GC(498) Pause Young (Allocation Failure) 490M->255M(852M) 1.521ms
[1691.233s][info ][gc,cpu       ] GC(498) User=0.00s Sys=0.00s Real=0.00s
[1691.233s][info ][safepoint    ] Leaving safepoint region
[1691.233s][info ][safepoint    ] Total time for which application threads were stopped: 0.0016840 seconds, Stopping threads took: 0.0000372 seconds
[1704.431s][info ][safepoint    ] Application time: 13.1983964 seconds
[1704.431s][info ][safepoint    ] Entering safepoint region: GenCollectForAllocation
[1704.432s][info ][gc,start     ] GC(499) Pause Young (Allocation Failure)
[1704.432s][info ][gc,task      ] GC(499) Using 4 workers of 4 for evacuation
[1704.433s][debug][gc,ref       ] GC(499) Skipped phase1 of Reference Processing due to unavailable references
[1704.433s][debug][gc,ref       ] GC(499) Skipped phase2 of Reference Processing due to unavailable references
[1704.433s][debug][gc,ref       ] GC(499) Skipped phase3 of Reference Processing due to unavailable references
[1704.433s][debug][gc,ref       ] GC(499) Skipped phase4 of Reference Processing due to unavailable references
[1704.433s][debug][gc,age       ] GC(499) Desired survivor size 15400960 bytes, new threshold 6 (max threshold 6)
[1704.433s][info ][gc,heap      ] GC(499) ParNew: 240920K->26K(270976K)
[1704.433s][info ][gc,heap      ] GC(499) CMS: 261754K->261754K(602112K)
[1704.433s][info ][gc,metaspace ] GC(499) Metaspace: 54202K->54202K(1097728K)
[1704.433s][info ][gc           ] GC(499) Pause Young (Allocation Failure) 490M->255M(852M) 1.516ms
[1704.433s][info ][gc,cpu       ] GC(499) User=0.01s Sys=0.00s Real=0.00s
[1704.433s][info ][safepoint    ] Leaving safepoint region
[1704.433s][info ][safepoint    ] Total time for which application threads were stopped: 0.0016769 seconds, Stopping threads took: 0.0000208 seconds
[1717.680s][info ][safepoint    ] Application time: 13.2468175 seconds
[1717.680s][info ][safepoint    ] Entering safepoint region: GenCollectForAllocation
[1717.680s][info ][gc,start     ] GC(500) Pause Young (Allocation Failure)
[1717.680s][info ][gc,task      ] GC(500) Using 4 workers of 4 for evacuation
[1717.682s][debug][gc,ref       ] GC(500) Skipped phase1 of Reference Processing due to unavailable references
[1717.682s][debug][gc,ref       ] GC(500) Skipped phase2 of Reference Processing due to unavailable references
[1717.682s][debug][gc,ref       ] GC(500) Skipped phase3 of Reference Processing due to unavailable references
[1717.682s][debug][gc,ref       ] GC(500) Skipped phase4 of Reference Processing due to unavailable references
[1717.682s][debug][gc,age       ] GC(500) Desired survivor size 15400960 bytes, new threshold 6 (max threshold 6)
[1717.682s][info ][gc,heap      ] GC(500) ParNew: 240922K->26K(270976K)
[1717.682s][info ][gc,heap      ] GC(500) CMS: 261754K->261754K(602112K)
[1717.682s][info ][gc,metaspace ] GC(500) Metaspace: 54202K->54202K(1097728K)
[1717.682s][info ][gc           ] GC(500) Pause Young (Allocation Failure) 490M->255M(852M) 1.584ms
[1717.682s][info ][gc,cpu       ] GC(500) User=0.01s Sys=0.00s Real=0.00s
[1717.682s][info ][safepoint    ] Leaving safepoint region
[1717.682s][info ][safepoint    ] Total time for which application threads were stopped: 0.0017504 seconds, Stopping threads took: 0.0000388 seconds
[1722.540s][info ][safepoint    ] Application time: 4.8579633 seconds
[1722.540s][info ][safepoint    ] Entering safepoint region: RevokeBias
[1722.540s][info ][safepoint    ] Leaving safepoint region
[1722.540s][info ][safepoint    ] Total time for which application threads were stopped: 0.0000900 seconds, Stopping threads took: 0.0000174 seconds
[1730.880s][info ][safepoint    ] Application time: 8.3403660 seconds
[1730.880s][info ][safepoint    ] Entering safepoint region: GenCollectForAllocation
[1730.880s][info ][gc,start     ] GC(501) Pause Young (Allocation Failure)
[1730.880s][info ][gc,task      ] GC(501) Using 4 workers of 4 for evacuation
[1730.882s][debug][gc,ref       ] GC(501) Skipped phase1 of Reference Processing due to unavailable references
[1730.882s][debug][gc,ref       ] GC(501) Skipped phase2 of Reference Processing due to unavailable references
[1730.882s][debug][gc,ref       ] GC(501) Skipped phase3 of Reference Processing due to unavailable references
[1730.882s][debug][gc,ref       ] GC(501) Skipped phase4 of Reference Processing due to unavailable references
[1730.883s][debug][gc,age       ] GC(501) Desired survivor size 15400960 bytes, new threshold 6 (max threshold 6)
[1730.883s][info ][gc,heap      ] GC(501) ParNew: 240922K->21K(270976K)
[1730.883s][info ][gc,heap      ] GC(501) CMS: 261754K->261754K(602112K)
[1730.883s][info ][gc,metaspace ] GC(501) Metaspace: 54202K->54202K(1097728K)
[1730.883s][info ][gc           ] GC(501) Pause Young (Allocation Failure) 490M->255M(852M) 2.267ms
[1730.883s][info ][gc,cpu       ] GC(501) User=0.01s Sys=0.00s Real=0.00s
[1730.883s][info ][safepoint    ] Leaving safepoint region
[1730.883s][info ][safepoint    ] Total time for which application threads were stopped: 0.0024135 seconds, Stopping threads took: 0.0000163 seconds
[1744.080s][info ][safepoint    ] Application time: 13.1975741 seconds
[1744.080s][info ][safepoint    ] Entering safepoint region: GenCollectForAllocation
[1744.080s][info ][gc,start     ] GC(502) Pause Young (Allocation Failure)
[1744.080s][info ][gc,task      ] GC(502) Using 4 workers of 4 for evacuation
[1744.082s][debug][gc,ref       ] GC(502) Skipped phase1 of Reference Processing due to unavailable references
[1744.082s][debug][gc,ref       ] GC(502) Skipped phase2 of Reference Processing due to unavailable references
[1744.082s][debug][gc,ref       ] GC(502) Skipped phase3 of Reference Processing due to unavailable references
[1744.082s][debug][gc,ref       ] GC(502) Skipped phase4 of Reference Processing due to unavailable references
[1744.082s][debug][gc,age       ] GC(502) Desired survivor size 15400960 bytes, new threshold 6 (max threshold 6)
[1744.082s][info ][gc,heap      ] GC(502) ParNew: 240917K->31K(270976K)
[1744.082s][info ][gc,heap      ] GC(502) CMS: 261754K->261754K(602112K)
[1744.082s][info ][gc,metaspace ] GC(502) Metaspace: 54202K->54202K(1097728K)
[1744.082s][info ][gc           ] GC(502) Pause Young (Allocation Failure) 490M->255M(852M) 1.618ms
[1744.082s][info ][gc,cpu       ] GC(502) User=0.00s Sys=0.00s Real=0.00s
[1744.082s][info ][safepoint    ] Leaving safepoint region
[1744.082s][info ][safepoint    ] Total time for which application threads were stopped: 0.0017968 seconds, Stopping threads took: 0.0000346 seconds
[1757.281s][info ][safepoint    ] Application time: 13.1985240 seconds
[1757.281s][info ][safepoint    ] Entering safepoint region: GenCollectForAllocation
[1757.281s][info ][gc,start     ] GC(503) Pause Young (Allocation Failure)
[1757.281s][info ][gc,task      ] GC(503) Using 4 workers of 4 for evacuation
[1757.282s][debug][gc,ref       ] GC(503) Skipped phase1 of Reference Processing due to unavailable references
[1757.282s][debug][gc,ref       ] GC(503) Skipped phase2 of Reference Processing due to unavailable references
[1757.282s][debug][gc,ref       ] GC(503) Skipped phase3 of Reference Processing due to unavailable references
[1757.282s][debug][gc,ref       ] GC(503) Skipped phase4 of Reference Processing due to unavailable references
[1757.282s][debug][gc,age       ] GC(503) Desired survivor size 15400960 bytes, new threshold 6 (max threshold 6)
[1757.282s][info ][gc,heap      ] GC(503) ParNew: 240927K->35K(270976K)
[1757.282s][info ][gc,heap      ] GC(503) CMS: 261754K->261755K(602112K)
[1757.282s][info ][gc,metaspace ] GC(503) Metaspace: 54202K->54202K(1097728K)
[1757.282s][info ][gc           ] GC(503) Pause Young (Allocation Failure) 490M->255M(852M) 1.533ms
[1757.282s][info ][gc,cpu       ] GC(503) User=0.00s Sys=0.00s Real=0.00s
[1757.282s][info ][safepoint    ] Leaving safepoint region
[1757.282s][info ][safepoint    ] Total time for which application threads were stopped: 0.0017075 seconds, Stopping threads took: 0.0000336 seconds
[1767.283s][info ][safepoint    ] Application time: 10.0006825 seconds
[1767.283s][info ][safepoint    ] Entering safepoint region: Cleanup
[1767.283s][info ][safepoint    ] Leaving safepoint region
[1767.283s][info ][safepoint    ] Total time for which application threads were stopped: 0.0000922 seconds, Stopping threads took: 0.0000159 seconds
[1770.481s][info ][safepoint    ] Application time: 3.1973513 seconds
[1770.481s][info ][safepoint    ] Entering safepoint region: GenCollectForAllocation
[1770.481s][info ][gc,start     ] GC(504) Pause Young (Allocation Failure)
[1770.481s][info ][gc,task      ] GC(504) Using 4 workers of 4 for evacuation
[1770.482s][debug][gc,ref       ] GC(504) Skipped phase1 of Reference Processing due to unavailable references
[1770.482s][debug][gc,ref       ] GC(504) Skipped phase2 of Reference Processing due to unavailable references
[1770.482s][debug][gc,ref       ] GC(504) Skipped phase3 of Reference Processing due to unavailable references
[1770.482s][debug][gc,ref       ] GC(504) Skipped phase4 of Reference Processing due to unavailable references
[1770.482s][debug][gc,age       ] GC(504) Desired survivor size 15400960 bytes, new threshold 6 (max threshold 6)
[1770.482s][info ][gc,heap      ] GC(504) ParNew: 240931K->26K(270976K)
[1770.482s][info ][gc,heap      ] GC(504) CMS: 261755K->261755K(602112K)
[1770.482s][info ][gc,metaspace ] GC(504) Metaspace: 54203K->54203K(1097728K)
[1770.482s][info ][gc           ] GC(504) Pause Young (Allocation Failure) 490M->255M(852M) 1.463ms
[1770.482s][info ][gc,cpu       ] GC(504) User=0.01s Sys=0.00s Real=0.00s
[1770.482s][info ][safepoint    ] Leaving safepoint region
[1770.482s][info ][safepoint    ] Total time for which application threads were stopped: 0.0016005 seconds, Stopping threads took: 0.0000159 seconds
[1782.540s][info ][safepoint    ] Application time: 12.0578606 seconds
[1782.540s][info ][safepoint    ] Entering safepoint region: RevokeBias
[1782.540s][info ][safepoint    ] Leaving safepoint region
[1782.540s][info ][safepoint    ] Total time for which application threads were stopped: 0.0001327 seconds, Stopping threads took: 0.0000534 seconds
[1783.681s][info ][safepoint    ] Application time: 1.1405600 seconds
[1783.681s][info ][safepoint    ] Entering safepoint region: GenCollectForAllocation
[1783.681s][info ][gc,start     ] GC(505) Pause Young (Allocation Failure)
[1783.681s][info ][gc,task      ] GC(505) Using 4 workers of 4 for evacuation
[1783.682s][debug][gc,ref       ] GC(505) Skipped phase1 of Reference Processing due to unavailable references
[1783.682s][debug][gc,ref       ] GC(505) Skipped phase2 of Reference Processing due to unavailable references
[1783.682s][debug][gc,ref       ] GC(505) Skipped phase3 of Reference Processing due to unavailable references
[1783.683s][debug][gc,ref       ] GC(505) Skipped phase4 of Reference Processing due to unavailable references
[1783.683s][debug][gc,age       ] GC(505) Desired survivor size 15400960 bytes, new threshold 6 (max threshold 6)
[1783.683s][info ][gc,heap      ] GC(505) ParNew: 240922K->27K(270976K)
[1783.683s][info ][gc,heap      ] GC(505) CMS: 261755K->261755K(602112K)
[1783.683s][info ][gc,metaspace ] GC(505) Metaspace: 54203K->54203K(1097728K)
[1783.683s][info ][gc           ] GC(505) Pause Young (Allocation Failure) 490M->255M(852M) 1.682ms
[1783.683s][info ][gc,cpu       ] GC(505) User=0.01s Sys=0.00s Real=0.00s
[1783.683s][info ][safepoint    ] Leaving safepoint region
[1783.683s][info ][safepoint    ] Total time for which application threads were stopped: 0.0018337 seconds, Stopping threads took: 0.0000168 seconds
[1796.881s][info ][safepoint    ] Application time: 13.1980303 seconds
[1796.881s][info ][safepoint    ] Entering safepoint region: GenCollectForAllocation
[1796.881s][info ][gc,start     ] GC(506) Pause Young (Allocation Failure)
[1796.881s][info ][gc,task      ] GC(506) Using 4 workers of 4 for evacuation
[1796.882s][debug][gc,ref       ] GC(506) Skipped phase1 of Reference Processing due to unavailable references
[1796.882s][debug][gc,ref       ] GC(506) Skipped phase2 of Reference Processing due to unavailable references
[1796.882s][debug][gc,ref       ] GC(506) Skipped phase3 of Reference Processing due to unavailable references
[1796.882s][debug][gc,ref       ] GC(506) Skipped phase4 of Reference Processing due to unavailable references
[1796.882s][debug][gc,age       ] GC(506) Desired survivor size 15400960 bytes, new threshold 6 (max threshold 6)
[1796.882s][info ][gc,heap      ] GC(506) ParNew: 240923K->34K(270976K)
[1796.882s][info ][gc,heap      ] GC(506) CMS: 261755K->261755K(602112K)
[1796.882s][info ][gc,metaspace ] GC(506) Metaspace: 54203K->54203K(1097728K)
[1796.882s][info ][gc           ] GC(506) Pause Young (Allocation Failure) 490M->255M(852M) 1.517ms
[1796.882s][info ][gc,cpu       ] GC(506) User=0.00s Sys=0.00s Real=0.00s
[1796.882s][info ][safepoint    ] Leaving safepoint region
[1796.882s][info ][safepoint    ] Total time for which application threads were stopped: 0.0016633 seconds, Stopping threads took: 0.0000169 seconds
[1810.081s][info ][safepoint    ] Application time: 13.1983919 seconds
[1810.081s][info ][safepoint    ] Entering safepoint region: GenCollectForAllocation
[1810.081s][info ][gc,start     ] GC(507) Pause Young (Allocation Failure)
[1810.081s][info ][gc,task      ] GC(507) Using 4 workers of 4 for evacuation
[1810.083s][debug][gc,ref       ] GC(507) Skipped phase1 of Reference Processing due to unavailable references
[1810.083s][debug][gc,ref       ] GC(507) Skipped phase2 of Reference Processing due to unavailable references
[1810.083s][debug][gc,ref       ] GC(507) Skipped phase3 of Reference Processing due to unavailable references
[1810.083s][debug][gc,ref       ] GC(507) Skipped phase4 of Reference Processing due to unavailable references
[1810.083s][debug][gc,age       ] GC(507) Desired survivor size 15400960 bytes, new threshold 6 (max threshold 6)
[1810.083s][info ][gc,heap      ] GC(507) ParNew: 240930K->35K(270976K)
[1810.083s][info ][gc,heap      ] GC(507) CMS: 261755K->261755K(602112K)
[1810.083s][info ][gc,metaspace ] GC(507) Metaspace: 54203K->54203K(1097728K)
[1810.083s][info ][gc           ] GC(507) Pause Young (Allocation Failure) 490M->255M(852M) 1.560ms
[1810.083s][info ][gc,cpu       ] GC(507) User=0.00s Sys=0.00s Real=0.00s
[1810.083s][info ][safepoint    ] Leaving safepoint region
[1810.083s][info ][safepoint    ] Total time for which application threads were stopped: 0.0018492 seconds, Stopping threads took: 0.0001599 seconds
[1812.780s][info ][safepoint    ] Application time: 2.6975520 seconds
[1812.780s][info ][safepoint    ] Entering safepoint region: RevokeBias
[1812.780s][info ][safepoint    ] Leaving safepoint region
[1812.780s][info ][safepoint    ] Total time for which application threads were stopped: 0.0001304 seconds, Stopping threads took: 0.0000506 seconds
[1812.814s][info ][safepoint    ] Application time: 0.0331742 seconds
[1812.814s][info ][safepoint    ] Entering safepoint region: RevokeBias
[1812.814s][info ][safepoint    ] Leaving safepoint region
[1812.814s][info ][safepoint    ] Total time for which application threads were stopped: 0.0000982 seconds, Stopping threads took: 0.0000166 seconds
[1812.842s][info ][safepoint    ] Application time: 0.0277668 seconds
[1812.842s][info ][safepoint    ] Entering safepoint region: RevokeBias
[1812.842s][info ][safepoint    ] Leaving safepoint region
[1812.842s][info ][safepoint    ] Total time for which application threads were stopped: 0.0001067 seconds, Stopping threads took: 0.0000193 seconds
[1812.842s][info ][safepoint    ] Application time: 0.0004412 seconds
[1812.842s][info ][safepoint    ] Entering safepoint region: RevokeBias
[1812.842s][info ][safepoint    ] Leaving safepoint region
[1812.842s][info ][safepoint    ] Total time for which application threads were stopped: 0.0000552 seconds, Stopping threads took: 0.0000104 seconds
[1812.842s][info ][safepoint    ] Application time: 0.0000748 seconds
[1812.842s][info ][safepoint    ] Entering safepoint region: RevokeBias
[1812.842s][info ][safepoint    ] Leaving safepoint region
[1812.842s][info ][safepoint    ] Total time for which application threads were stopped: 0.0000794 seconds, Stopping threads took: 0.0000450 seconds
[1812.843s][info ][safepoint    ] Application time: 0.0002567 seconds
[1812.843s][info ][safepoint    ] Entering safepoint region: RevokeBias
[1812.843s][info ][safepoint    ] Leaving safepoint region
[1812.843s][info ][safepoint    ] Total time for which application threads were stopped: 0.0000419 seconds, Stopping threads took: 0.0000078 seconds
[1812.843s][info ][safepoint    ] Application time: 0.0000702 seconds
[1812.843s][info ][safepoint    ] Entering safepoint region: RevokeBias
[1812.843s][info ][safepoint    ] Leaving safepoint region
[1812.843s][info ][safepoint    ] Total time for which application threads were stopped: 0.0000721 seconds, Stopping threads took: 0.0000448 seconds
[1812.843s][info ][safepoint    ] Application time: 0.0002854 seconds
[1812.843s][info ][safepoint    ] Entering safepoint region: RevokeBias
[1812.843s][info ][safepoint    ] Leaving safepoint region
[1812.843s][info ][safepoint    ] Total time for which application threads were stopped: 0.0000910 seconds, Stopping threads took: 0.0000652 seconds
[1812.844s][info ][safepoint    ] Application time: 0.0002930 seconds
[1812.844s][info ][safepoint    ] Entering safepoint region: RevokeBias
[1812.844s][info ][safepoint    ] Leaving safepoint region
[1812.844s][info ][safepoint    ] Total time for which application threads were stopped: 0.0000308 seconds, Stopping threads took: 0.0000091 seconds
[1812.845s][info ][safepoint    ] Application time: 0.0012239 seconds
[1812.845s][info ][safepoint    ] Entering safepoint region: RevokeBias
[1812.845s][info ][safepoint    ] Leaving safepoint region
[1812.845s][info ][safepoint    ] Total time for which application threads were stopped: 0.0000424 seconds, Stopping threads took: 0.0000093 seconds
[1812.846s][info ][safepoint    ] Application time: 0.0011913 seconds
[1812.846s][info ][safepoint    ] Entering safepoint region: RevokeBias
[1812.846s][info ][safepoint    ] Leaving safepoint region
[1812.846s][info ][safepoint    ] Total time for which application threads were stopped: 0.0000706 seconds, Stopping threads took: 0.0000357 seconds
[1812.847s][info ][gc,heap,exit ] Heap
[1812.847s][info ][gc,heap,exit ]  par new generation   total 270976K, used 64868K [0x0000000700000000, 0x0000000712600000, 0x0000000714cc0000)
[1812.847s][info ][gc,heap,exit ]   eden space 240896K,  26% used [0x0000000700000000, 0x0000000703f504c0, 0x000000070eb40000)
[1812.847s][info ][gc,heap,exit ]   from space 30080K,   0% used [0x000000070eb40000, 0x000000070eb48d18, 0x00000007108a0000)
[1812.847s][info ][gc,heap,exit ]   to   space 30080K,   0% used [0x00000007108a0000, 0x00000007108a0000, 0x0000000712600000)
[1812.847s][info ][gc,heap,exit ]  concurrent mark-sweep generation total 602112K, used 261755K [0x0000000714cc0000, 0x00000007398c0000, 0x0000000800000000)
[1812.847s][info ][gc,heap,exit ]  Metaspace       used 54232K, capacity 57464K, committed 57484K, reserved 1097728K
[1812.847s][info ][gc,heap,exit ]   class space    used 7240K, capacity 8716K, committed 8720K, reserved 1048576K
[1812.847s][info ][safepoint    ] Application time: 0.0005022 seconds
[1812.847s][info ][safepoint    ] Entering safepoint region: Halt
