[0.004s][info][gc] Using Parallel
[0.009s][info][gc,init] Version: 16.0.2+7 (release)
[0.009s][info][gc,init] CPUs: 8 total, 8 available
[0.009s][info][gc,init] Memory: 32117M
[0.009s][info][gc,init] Large Page Support: Disabled
[0.009s][info][gc,init] NUMA Support: Disabled
[0.009s][info][gc,init] Compressed Oops: Enabled (Zero based)
[0.009s][info][gc,init] Alignments: Space 512K, Generation 512K, Heap 2M
[0.009s][info][gc,init] Heap Min Capacity: 2054M
[0.009s][info][gc,init] Heap Initial Capacity: 2054M
[0.009s][info][gc,init] Heap Max Capacity: 3G
[0.009s][info][gc,init] Pre-touch: Disabled
[0.009s][info][gc,init] Parallel Workers: 4
[0.009s][info][gc,metaspace] CDS disabled.
[0.009s][info][gc,metaspace] Compressed class space mapped at: 0x0000000800000000-0x0000000840000000, reserved size: 1073741824
[0.009s][info][gc,metaspace] Narrow klass base: 0x0000000800000000, Narrow klass shift: 0, Narrow klass range: 0x40000000
[0.624s][info][safepoint   ] Safepoint "ICBufferFull", Time since last: 593589890 ns, Reaching safepoint: 164211 ns, At safepoint: 11401 ns, Total: 175612 ns
[0.933s][info][gc,start    ] GC(0) Pause Young (Metadata GC Threshold)
[0.941s][debug][gc,phases   ] GC(0) Scavenge 6.290ms
[0.941s][debug][gc,ref      ] GC(0) Skipped phase 1 of Reference Processing: no references
[0.941s][debug][gc,ref      ] GC(0) Skipped phase 3 of Reference Processing: no references
[0.941s][debug][gc,phases   ] GC(0) Reference Processing 0.120ms
[0.941s][debug][gc,phases   ] GC(0) Weak Processing 0.272ms
[0.941s][debug][gc,age      ] GC(0) Desired survivor size 536870912 bytes, new threshold 7 (max threshold 15)
[0.941s][info ][gc,heap     ] GC(0) PSYoungGen: 157041K(1572864K)->18101K(1572864K) Eden: 157041K(1048576K)->0K(1048576K) From: 0K(524288K)->18101K(524288K)
[0.941s][info ][gc,heap     ] GC(0) ParOldGen: 0K(6144K)->88K(6144K)
[0.941s][info ][gc,metaspace] GC(0) Metaspace: 21001K(21248K)->21001K(21248K) NonClass: 18636K(18752K)->18636K(18752K) Class: 2365K(2496K)->2365K(2496K)
[0.941s][info ][gc          ] GC(0) Pause Young (Metadata GC Threshold) 153M->17M(1542M) 7.851ms
[0.941s][info ][gc,cpu      ] GC(0) User=0.03s Sys=0.00s Real=0.01s
[0.941s][debug][gc,phases   ] GC(1) Pre Compact 0.012ms
[0.941s][info ][gc,start    ] GC(1) Pause Full (Metadata GC Threshold)
[0.941s][info ][gc,phases,start] GC(1) Marking Phase
[0.945s][debug][gc,phases      ] GC(1) Par Mark 3.632ms
[0.945s][debug][gc,ref         ] GC(1) Skipped phase 1 of Reference Processing: no references
[0.945s][debug][gc,ref         ] GC(1) Skipped phase 3 of Reference Processing: no references
[0.945s][debug][gc,phases      ] GC(1) Reference Processing 0.074ms
[0.945s][debug][gc,phases      ] GC(1) Weak Processing 0.135ms
[0.945s][debug][gc,phases      ] GC(1) ClassLoaderData 0.014ms
[0.945s][debug][gc,phases      ] GC(1) Trigger cleanups 0.000ms
[0.947s][debug][gc,phases      ] GC(1) Class Unloading 2.333ms
[0.947s][info ][gc,phases      ] GC(1) Marking Phase 6.283ms
[0.947s][info ][gc,phases,start] GC(1) Summary Phase
[0.947s][info ][gc,phases      ] GC(1) Summary Phase 0.007ms
[0.947s][info ][gc,phases,start] GC(1) Adjust Roots
[0.950s][info ][gc,phases      ] GC(1) Adjust Roots 2.965ms
[0.950s][info ][gc,phases,start] GC(1) Compaction Phase
[0.957s][info ][gc,phases      ] GC(1) Compaction Phase 6.097ms
[0.957s][info ][gc,phases,start] GC(1) Post Compact
[0.957s][info ][gc,phases      ] GC(1) Post Compact 0.486ms
[0.957s][info ][gc,heap        ] GC(1) PSYoungGen: 18101K(1572864K)->12175K(1572864K) Eden: 0K(1048576K)->0K(1048576K) From: 18101K(524288K)->12175K(524288K)
[0.957s][info ][gc,heap        ] GC(1) ParOldGen: 88K(6144K)->5900K(6144K)
[0.957s][info ][gc,metaspace   ] GC(1) Metaspace: 21001K(21248K)->21001K(21248K) NonClass: 18636K(18752K)->18636K(18752K) Class: 2365K(2496K)->2365K(2496K)
[0.957s][info ][gc             ] GC(1) Pause Full (Metadata GC Threshold) 17M->17M(1542M) 15.981ms
[0.957s][info ][gc,cpu         ] GC(1) User=0.05s Sys=0.01s Real=0.01s
[0.957s][info ][safepoint      ] Safepoint "CollectForMetadataAllocation", Time since last: 309277110 ns, Reaching safepoint: 133209 ns, At safepoint: 23954565 ns, Total: 24087774 ns
[1.176s][info ][safepoint      ] Safepoint "ICBufferFull", Time since last: 218746594 ns, Reaching safepoint: 147110 ns, At safepoint: 10701 ns, Total: 157811 ns
[1.191s][info ][safepoint      ] Safepoint "ICBufferFull", Time since last: 14918074 ns, Reaching safepoint: 85906 ns, At safepoint: 3100 ns, Total: 89006 ns
[1.202s][info ][safepoint      ] Safepoint "ICBufferFull", Time since last: 10361277 ns, Reaching safepoint: 191213 ns, At safepoint: 16101 ns, Total: 207314 ns
[1.218s][info ][safepoint      ] Safepoint "ICBufferFull", Time since last: 16028447 ns, Reaching safepoint: 62204 ns, At safepoint: 6201 ns, Total: 68405 ns
[1.223s][info ][safepoint      ] Safepoint "ICBufferFull", Time since last: 4769711 ns, Reaching safepoint: 147310 ns, At safepoint: 6301 ns, Total: 153611 ns
[1.227s][info ][safepoint      ] Safepoint "ICBufferFull", Time since last: 3873553 ns, Reaching safepoint: 57603 ns, At safepoint: 2301 ns, Total: 59904 ns
[1.231s][info ][safepoint      ] Safepoint "ICBufferFull", Time since last: 4230876 ns, Reaching safepoint: 140209 ns, At safepoint: 7101 ns, Total: 147310 ns
[1.235s][info ][safepoint      ] Safepoint "ICBufferFull", Time since last: 3930857 ns, Reaching safepoint: 57003 ns, At safepoint: 5601 ns, Total: 62604 ns
[1.241s][info ][safepoint      ] Safepoint "ICBufferFull", Time since last: 6002692 ns, Reaching safepoint: 41303 ns, At safepoint: 2000 ns, Total: 43303 ns
[1.252s][info ][safepoint      ] Safepoint "ICBufferFull", Time since last: 10637095 ns, Reaching safepoint: 83205 ns, At safepoint: 6701 ns, Total: 89906 ns
[1.254s][info ][safepoint      ] Safepoint "ICBufferFull", Time since last: 2196043 ns, Reaching safepoint: 47103 ns, At safepoint: 1800 ns, Total: 48903 ns
[1.255s][info ][safepoint      ] Safepoint "ICBufferFull", Time since last: 587739 ns, Reaching safepoint: 25701 ns, At safepoint: 1101 ns, Total: 26802 ns
[1.335s][info ][safepoint      ] Safepoint "ICBufferFull", Time since last: 79964425 ns, Reaching safepoint: 105107 ns, At safepoint: 3300 ns, Total: 108407 ns
[1.336s][info ][safepoint      ] Safepoint "ICBufferFull", Time since last: 1345988 ns, Reaching safepoint: 40803 ns, At safepoint: 5400 ns, Total: 46203 ns
[1.338s][info ][safepoint      ] Safepoint "ICBufferFull", Time since last: 1640707 ns, Reaching safepoint: 21202 ns, At safepoint: 1800 ns, Total: 23002 ns
[1.339s][info ][safepoint      ] Safepoint "ICBufferFull", Time since last: 884057 ns, Reaching safepoint: 19702 ns, At safepoint: 4700 ns, Total: 24402 ns
[1.340s][info ][safepoint      ] Safepoint "ICBufferFull", Time since last: 1584904 ns, Reaching safepoint: 56403 ns, At safepoint: 7301 ns, Total: 63704 ns
[1.341s][info ][safepoint      ] Safepoint "ICBufferFull", Time since last: 1141174 ns, Reaching safepoint: 34903 ns, At safepoint: 6200 ns, Total: 41103 ns
[1.343s][info ][safepoint      ] Safepoint "ICBufferFull", Time since last: 1690010 ns, Reaching safepoint: 30602 ns, At safepoint: 1301 ns, Total: 31903 ns
[1.345s][info ][safepoint      ] Safepoint "ICBufferFull", Time since last: 1881623 ns, Reaching safepoint: 23501 ns, At safepoint: 2300 ns, Total: 25801 ns
[1.346s][info ][safepoint      ] Safepoint "ICBufferFull", Time since last: 1213079 ns, Reaching safepoint: 20802 ns, At safepoint: 3100 ns, Total: 23902 ns
[1.347s][info ][safepoint      ] Safepoint "ICBufferFull", Time since last: 926461 ns, Reaching safepoint: 32902 ns, At safepoint: 4600 ns, Total: 37502 ns
[1.348s][info ][safepoint      ] Safepoint "ICBufferFull", Time since last: 1118473 ns, Reaching safepoint: 15401 ns, At safepoint: 1500 ns, Total: 16901 ns
[1.350s][info ][safepoint      ] Safepoint "ICBufferFull", Time since last: 1219180 ns, Reaching safepoint: 19201 ns, At safepoint: 6201 ns, Total: 25402 ns
[1.350s][info ][safepoint      ] Safepoint "ICBufferFull", Time since last: 527034 ns, Reaching safepoint: 18001 ns, At safepoint: 1300 ns, Total: 19301 ns
[1.352s][info ][safepoint      ] Safepoint "ICBufferFull", Time since last: 1420693 ns, Reaching safepoint: 55304 ns, At safepoint: 1900 ns, Total: 57204 ns
[1.354s][info ][safepoint      ] Safepoint "ICBufferFull", Time since last: 1858921 ns, Reaching safepoint: 25802 ns, At safepoint: 2100 ns, Total: 27902 ns
[1.358s][info ][safepoint      ] Safepoint "ICBufferFull", Time since last: 4128570 ns, Reaching safepoint: 78505 ns, At safepoint: 2300 ns, Total: 80805 ns
[1.370s][info ][safepoint      ] Safepoint "ICBufferFull", Time since last: 12209998 ns, Reaching safepoint: 57104 ns, At safepoint: 2200 ns, Total: 59304 ns
[1.401s][info ][safepoint      ] Safepoint "ICBufferFull", Time since last: 30732408 ns, Reaching safepoint: 48503 ns, At safepoint: 1900 ns, Total: 50403 ns
[1.406s][info ][safepoint      ] Safepoint "ICBufferFull", Time since last: 4597901 ns, Reaching safepoint: 36402 ns, At safepoint: 4701 ns, Total: 41103 ns
[1.458s][info ][safepoint      ] Safepoint "ICBufferFull", Time since last: 52819651 ns, Reaching safepoint: 78405 ns, At safepoint: 1800 ns, Total: 80205 ns
[1.463s][info ][safepoint      ] Safepoint "ICBufferFull", Time since last: 4693107 ns, Reaching safepoint: 54904 ns, At safepoint: 10400 ns, Total: 65304 ns
[1.466s][info ][safepoint      ] Safepoint "ICBufferFull", Time since last: 2986595 ns, Reaching safepoint: 146910 ns, At safepoint: 10801 ns, Total: 157711 ns
[1.531s][info ][safepoint      ] Safepoint "ICBufferFull", Time since last: 64128490 ns, Reaching safepoint: 45103 ns, At safepoint: 3200 ns, Total: 48303 ns
[1.538s][info ][safepoint      ] Safepoint "ICBufferFull", Time since last: 7167869 ns, Reaching safepoint: 56903 ns, At safepoint: 3101 ns, Total: 60004 ns
[1.540s][info ][safepoint      ] Safepoint "ICBufferFull", Time since last: 2473661 ns, Reaching safepoint: 37103 ns, At safepoint: 1800 ns, Total: 38903 ns
[1.543s][info ][safepoint      ] Safepoint "ICBufferFull", Time since last: 2707577 ns, Reaching safepoint: 27402 ns, At safepoint: 1800 ns, Total: 29202 ns
[1.545s][info ][safepoint      ] Safepoint "ICBufferFull", Time since last: 2086436 ns, Reaching safepoint: 36702 ns, At safepoint: 6101 ns, Total: 42803 ns
[1.548s][info ][safepoint      ] Safepoint "ICBufferFull", Time since last: 2856286 ns, Reaching safepoint: 113308 ns, At safepoint: 7100 ns, Total: 120408 ns
[1.550s][info ][safepoint      ] Safepoint "ICBufferFull", Time since last: 2202144 ns, Reaching safepoint: 36403 ns, At safepoint: 2000 ns, Total: 38403 ns
[1.551s][info ][safepoint      ] Safepoint "ICBufferFull", Time since last: 1090271 ns, Reaching safepoint: 31602 ns, At safepoint: 1800 ns, Total: 33402 ns
[1.552s][info ][safepoint      ] Safepoint "ICBufferFull", Time since last: 746849 ns, Reaching safepoint: 26802 ns, At safepoint: 1000 ns, Total: 27802 ns
[1.553s][info ][safepoint      ] Safepoint "ICBufferFull", Time since last: 1178277 ns, Reaching safepoint: 28002 ns, At safepoint: 1000 ns, Total: 29002 ns
[1.556s][info ][safepoint      ] Safepoint "ICBufferFull", Time since last: 2982595 ns, Reaching safepoint: 33302 ns, At safepoint: 1300 ns, Total: 34602 ns
[1.557s][info ][safepoint      ] Safepoint "ICBufferFull", Time since last: 956362 ns, Reaching safepoint: 34803 ns, At safepoint: 1500 ns, Total: 36303 ns
[1.559s][info ][safepoint      ] Safepoint "ICBufferFull", Time since last: 1102172 ns, Reaching safepoint: 29902 ns, At safepoint: 1200 ns, Total: 31102 ns
[1.560s][info ][safepoint      ] Safepoint "ICBufferFull", Time since last: 1405092 ns, Reaching safepoint: 101206 ns, At safepoint: 4400 ns, Total: 105606 ns
[1.563s][info ][safepoint      ] Safepoint "ICBufferFull", Time since last: 2436960 ns, Reaching safepoint: 37202 ns, At safepoint: 1500 ns, Total: 38702 ns
[1.565s][info ][safepoint      ] Safepoint "ICBufferFull", Time since last: 2113638 ns, Reaching safepoint: 43103 ns, At safepoint: 1400 ns, Total: 44503 ns
[1.566s][info ][safepoint      ] Safepoint "ICBufferFull", Time since last: 1649608 ns, Reaching safepoint: 24902 ns, At safepoint: 1800 ns, Total: 26702 ns
[1.568s][info ][safepoint      ] Safepoint "ICBufferFull", Time since last: 1700211 ns, Reaching safepoint: 24701 ns, At safepoint: 5601 ns, Total: 30302 ns
[1.571s][info ][safepoint      ] Safepoint "ICBufferFull", Time since last: 2663874 ns, Reaching safepoint: 45203 ns, At safepoint: 2500 ns, Total: 47703 ns
[1.574s][info ][safepoint      ] Safepoint "ICBufferFull", Time since last: 3186208 ns, Reaching safepoint: 36403 ns, At safepoint: 1600 ns, Total: 38003 ns
[1.584s][info ][safepoint      ] Safepoint "ICBufferFull", Time since last: 9441817 ns, Reaching safepoint: 77105 ns, At safepoint: 2600 ns, Total: 79705 ns
[1.591s][info ][safepoint      ] Safepoint "ICBufferFull", Time since last: 7012158 ns, Reaching safepoint: 38503 ns, At safepoint: 2200 ns, Total: 40703 ns
[1.593s][info ][safepoint      ] Safepoint "ICBufferFull", Time since last: 2499063 ns, Reaching safepoint: 40303 ns, At safepoint: 1500 ns, Total: 41803 ns
[1.596s][info ][safepoint      ] Safepoint "ICBufferFull", Time since last: 3217810 ns, Reaching safepoint: 33602 ns, At safepoint: 1600 ns, Total: 35202 ns
[1.599s][info ][safepoint      ] Safepoint "ICBufferFull", Time since last: 2578269 ns, Reaching safepoint: 35902 ns, At safepoint: 1900 ns, Total: 37802 ns
[1.841s][info ][safepoint      ] Safepoint "ICBufferFull", Time since last: 241874105 ns, Reaching safepoint: 143610 ns, At safepoint: 6900 ns, Total: 150510 ns
[2.313s][info ][safepoint      ] Safepoint "ICBufferFull", Time since last: 472130151 ns, Reaching safepoint: 159311 ns, At safepoint: 5100 ns, Total: 164411 ns
[2.363s][info ][gc,start       ] GC(2) Pause Young (Metadata GC Threshold)
[2.398s][debug][gc,phases      ] GC(2) Scavenge 34.965ms
[2.398s][debug][gc,ref         ] GC(2) Skipped phase 1 of Reference Processing: no references
[2.398s][debug][gc,ref         ] GC(2) Skipped phase 3 of Reference Processing: no references
[2.398s][debug][gc,phases      ] GC(2) Reference Processing 0.329ms
[2.399s][debug][gc,phases      ] GC(2) Weak Processing 1.205ms
[2.399s][debug][gc,age         ] GC(2) Desired survivor size 536870912 bytes, new threshold 7 (max threshold 15)
[2.399s][info ][gc,heap        ] GC(2) PSYoungGen: 424619K(1572864K)->48929K(1572864K) Eden: 412444K(1048576K)->0K(1048576K) From: 12175K(524288K)->48929K(524288K)
[2.399s][info ][gc,heap        ] GC(2) ParOldGen: 5900K(6144K)->5908K(6144K)
[2.399s][info ][gc,metaspace   ] GC(2) Metaspace: 35007K(35392K)->35007K(35392K) NonClass: 30635K(30848K)->30635K(30848K) Class: 4372K(4544K)->4372K(4544K)
[2.399s][info ][gc             ] GC(2) Pause Young (Metadata GC Threshold) 420M->53M(1542M) 36.661ms
[2.399s][info ][gc,cpu         ] GC(2) User=0.14s Sys=0.04s Real=0.03s
[2.399s][debug][gc,phases      ] GC(3) Pre Compact 0.013ms
[2.399s][info ][gc,start       ] GC(3) Pause Full (Metadata GC Threshold)
[2.399s][info ][gc,phases,start] GC(3) Marking Phase
[2.419s][debug][gc,phases      ] GC(3) Par Mark 19.142ms
[2.419s][debug][gc,ref         ] GC(3) Skipped phase 1 of Reference Processing: no references
[2.419s][debug][gc,ref         ] GC(3) Skipped phase 3 of Reference Processing: no references
[2.419s][debug][gc,phases      ] GC(3) Reference Processing 0.117ms
[2.419s][debug][gc,phases      ] GC(3) Weak Processing 0.305ms
[2.419s][debug][gc,phases      ] GC(3) ClassLoaderData 0.035ms
[2.419s][debug][gc,phases      ] GC(3) Trigger cleanups 0.000ms
[2.425s][debug][gc,phases      ] GC(3) Class Unloading 5.694ms
[2.425s][info ][gc,phases      ] GC(3) Marking Phase 25.479ms
[2.425s][info ][gc,phases,start] GC(3) Summary Phase
[2.425s][info ][gc,phases      ] GC(3) Summary Phase 0.018ms
[2.425s][info ][gc,phases,start] GC(3) Adjust Roots
[2.435s][info ][gc,phases      ] GC(3) Adjust Roots 10.448ms
[2.435s][info ][gc,phases,start] GC(3) Compaction Phase
[2.693s][info ][gc,phases      ] GC(3) Compaction Phase 257.547ms
[2.693s][info ][gc,phases,start] GC(3) Post Compact
[2.694s][info ][gc,phases      ] GC(3) Post Compact 0.839ms
[2.694s][info ][gc,heap        ] GC(3) PSYoungGen: 48929K(1572864K)->48797K(1572864K) Eden: 0K(1048576K)->0K(1048576K) From: 48929K(524288K)->48797K(524288K)
[2.694s][info ][gc,heap        ] GC(3) ParOldGen: 5908K(6144K)->5801K(6144K)
[2.694s][info ][gc,metaspace   ] GC(3) Metaspace: 35007K(35392K)->35007K(35392K) NonClass: 30635K(30848K)->30635K(30848K) Class: 4372K(4544K)->4372K(4544K)
[2.694s][info ][gc             ] GC(3) Pause Full (Metadata GC Threshold) 53M->53M(1542M) 294.519ms
[2.694s][info ][gc,cpu         ] GC(3) User=0.60s Sys=0.02s Real=0.30s
[2.694s][info ][safepoint      ] Safepoint "CollectForMetadataAllocation", Time since last: 49085208 ns, Reaching safepoint: 97706 ns, At safepoint: 331391154 ns, Total: 331488860 ns
[3.035s][info ][safepoint      ] Safepoint "ICBufferFull", Time since last: 340483148 ns, Reaching safepoint: 533135 ns, At safepoint: 13301 ns, Total: 546436 ns
[3.252s][info ][safepoint      ] Safepoint "ICBufferFull", Time since last: 216802966 ns, Reaching safepoint: 184612 ns, At safepoint: 27802 ns, Total: 212414 ns
[3.252s][info ][safepoint      ] Safepoint "ICBufferFull", Time since last: 124208 ns, Reaching safepoint: 95906 ns, At safepoint: 9001 ns, Total: 104907 ns
[3.252s][info ][safepoint      ] Safepoint "ICBufferFull", Time since last: 64404 ns, Reaching safepoint: 87006 ns, At safepoint: 22701 ns, Total: 109707 ns
[3.253s][info ][safepoint      ] Safepoint "ICBufferFull", Time since last: 107507 ns, Reaching safepoint: 95507 ns, At safepoint: 21401 ns, Total: 116908 ns
[3.253s][info ][safepoint      ] Safepoint "ICBufferFull", Time since last: 51303 ns, Reaching safepoint: 95207 ns, At safepoint: 23501 ns, Total: 118708 ns
[3.256s][info ][safepoint      ] Safepoint "ICBufferFull", Time since last: 2979795 ns, Reaching safepoint: 130608 ns, At safepoint: 24902 ns, Total: 155510 ns
[3.256s][info ][safepoint      ] Safepoint "ICBufferFull", Time since last: 127208 ns, Reaching safepoint: 104407 ns, At safepoint: 22702 ns, Total: 127109 ns
[3.257s][info ][safepoint      ] Safepoint "ICBufferFull", Time since last: 863856 ns, Reaching safepoint: 119908 ns, At safepoint: 21401 ns, Total: 141309 ns
[3.491s][info ][safepoint      ] Safepoint "ICBufferFull", Time since last: 232627400 ns, Reaching safepoint: 1091872 ns, At safepoint: 21101 ns, Total: 1112973 ns
[3.876s][info ][safepoint      ] Safepoint "ICBufferFull", Time since last: 384469422 ns, Reaching safepoint: 169611 ns, At safepoint: 24801 ns, Total: 194412 ns
[3.876s][info ][safepoint      ] Safepoint "ICBufferFull", Time since last: 93006 ns, Reaching safepoint: 85306 ns, At safepoint: 7100 ns, Total: 92406 ns
[3.880s][info ][safepoint      ] Safepoint "ICBufferFull", Time since last: 4124570 ns, Reaching safepoint: 124008 ns, At safepoint: 15101 ns, Total: 139109 ns
[3.880s][info ][safepoint      ] Safepoint "ICBufferFull", Time since last: 108507 ns, Reaching safepoint: 85706 ns, At safepoint: 15201 ns, Total: 100907 ns
[3.880s][info ][safepoint      ] Safepoint "ICBufferFull", Time since last: 59004 ns, Reaching safepoint: 92706 ns, At safepoint: 18901 ns, Total: 111607 ns
[3.881s][info ][safepoint      ] Safepoint "ICBufferFull", Time since last: 46003 ns, Reaching safepoint: 91606 ns, At safepoint: 23001 ns, Total: 114607 ns
[3.889s][info ][safepoint      ] Safepoint "ICBufferFull", Time since last: 5971991 ns, Reaching safepoint: 2132339 ns, At safepoint: 31102 ns, Total: 2163441 ns
[3.889s][info ][safepoint      ] Safepoint "ICBufferFull", Time since last: 368924 ns, Reaching safepoint: 91106 ns, At safepoint: 24001 ns, Total: 115107 ns
[4.008s][info ][safepoint      ] Safepoint "ICBufferFull", Time since last: 116325901 ns, Reaching safepoint: 2267548 ns, At safepoint: 22402 ns, Total: 2289950 ns
[4.041s][info ][safepoint      ] Safepoint "ICBufferFull", Time since last: 33128965 ns, Reaching safepoint: 151309 ns, At safepoint: 23302 ns, Total: 174611 ns
[4.053s][info ][safepoint      ] Safepoint "ICBufferFull", Time since last: 12149594 ns, Reaching safepoint: 126208 ns, At safepoint: 37803 ns, Total: 164011 ns
[4.058s][info ][safepoint      ] Safepoint "ICBufferFull", Time since last: 4740109 ns, Reaching safepoint: 119708 ns, At safepoint: 20901 ns, Total: 140609 ns
[4.061s][info ][safepoint      ] Safepoint "ICBufferFull", Time since last: 2422259 ns, Reaching safepoint: 101806 ns, At safepoint: 18302 ns, Total: 120108 ns
[4.063s][info ][safepoint      ] Safepoint "ICBufferFull", Time since last: 1847220 ns, Reaching safepoint: 115908 ns, At safepoint: 21101 ns, Total: 137009 ns
[4.065s][info ][safepoint      ] Safepoint "ICBufferFull", Time since last: 1772116 ns, Reaching safepoint: 104807 ns, At safepoint: 18601 ns, Total: 123408 ns
[4.067s][info ][safepoint      ] Safepoint "ICBufferFull", Time since last: 2136540 ns, Reaching safepoint: 84005 ns, At safepoint: 27702 ns, Total: 111707 ns
[4.074s][info ][safepoint      ] Safepoint "ICBufferFull", Time since last: 7158968 ns, Reaching safepoint: 117707 ns, At safepoint: 44803 ns, Total: 162510 ns
[4.077s][info ][safepoint      ] Safepoint "ICBufferFull", Time since last: 2761681 ns, Reaching safepoint: 123508 ns, At safepoint: 23001 ns, Total: 146509 ns
[4.122s][info ][safepoint      ] Safepoint "ICBufferFull", Time since last: 44744924 ns, Reaching safepoint: 217514 ns, At safepoint: 21502 ns, Total: 239016 ns
[4.253s][info ][safepoint      ] Safepoint "ICBufferFull", Time since last: 130940455 ns, Reaching safepoint: 227015 ns, At safepoint: 17301 ns, Total: 244316 ns
[4.284s][info ][safepoint      ] Safepoint "ICBufferFull", Time since last: 30147970 ns, Reaching safepoint: 156110 ns, At safepoint: 38003 ns, Total: 194113 ns
[4.290s][info ][safepoint      ] Safepoint "ICBufferFull", Time since last: 6465522 ns, Reaching safepoint: 133209 ns, At safepoint: 15601 ns, Total: 148810 ns
[4.296s][info ][safepoint      ] Safepoint "ICBufferFull", Time since last: 5281845 ns, Reaching safepoint: 142810 ns, At safepoint: 26101 ns, Total: 168911 ns
[4.307s][info ][safepoint      ] Safepoint "ICBufferFull", Time since last: 7456087 ns, Reaching safepoint: 3243512 ns, At safepoint: 31502 ns, Total: 3275014 ns
[4.314s][info ][safepoint      ] Safepoint "ICBufferFull", Time since last: 7107965 ns, Reaching safepoint: 129708 ns, At safepoint: 22202 ns, Total: 151910 ns
[4.336s][info ][safepoint      ] Safepoint "ICBufferFull", Time since last: 21939733 ns, Reaching safepoint: 121708 ns, At safepoint: 20502 ns, Total: 142210 ns
[4.348s][info ][safepoint      ] Safepoint "ICBufferFull", Time since last: 8282341 ns, Reaching safepoint: 4297381 ns, At safepoint: 26201 ns, Total: 4323582 ns
[4.381s][info ][safepoint      ] Safepoint "ICBufferFull", Time since last: 32601230 ns, Reaching safepoint: 138109 ns, At safepoint: 28402 ns, Total: 166511 ns
[4.396s][info ][safepoint      ] Safepoint "ICBufferFull", Time since last: 13914209 ns, Reaching safepoint: 642342 ns, At safepoint: 16402 ns, Total: 658744 ns
[4.400s][info ][safepoint      ] Safepoint "ICBufferFull", Time since last: 3952158 ns, Reaching safepoint: 191712 ns, At safepoint: 19602 ns, Total: 211314 ns
[4.412s][info ][safepoint      ] Safepoint "ICBufferFull", Time since last: 11525053 ns, Reaching safepoint: 335321 ns, At safepoint: 23902 ns, Total: 359223 ns
[4.430s][info ][safepoint      ] Safepoint "ICBufferFull", Time since last: 9768138 ns, Reaching safepoint: 8100930 ns, At safepoint: 28001 ns, Total: 8128931 ns
[4.479s][info ][safepoint      ] Safepoint "ICBufferFull", Time since last: 48685881 ns, Reaching safepoint: 122508 ns, At safepoint: 21602 ns, Total: 144110 ns
[4.490s][info ][safepoint      ] Safepoint "ICBufferFull", Time since last: 11064223 ns, Reaching safepoint: 96706 ns, At safepoint: 18901 ns, Total: 115607 ns
[4.502s][info ][safepoint      ] Safepoint "ICBufferFull", Time since last: 12455914 ns, Reaching safepoint: 108907 ns, At safepoint: 12201 ns, Total: 121108 ns
[4.513s][info ][safepoint      ] Safepoint "ICBufferFull", Time since last: 10680998 ns, Reaching safepoint: 133209 ns, At safepoint: 18601 ns, Total: 151810 ns
[4.519s][info ][safepoint      ] Safepoint "ICBufferFull", Time since last: 5683071 ns, Reaching safepoint: 142009 ns, At safepoint: 20402 ns, Total: 162411 ns
[4.527s][info ][safepoint      ] Safepoint "ICBufferFull", Time since last: 7375882 ns, Reaching safepoint: 901159 ns, At safepoint: 23501 ns, Total: 924660 ns
[4.536s][info ][safepoint      ] Safepoint "ICBufferFull", Time since last: 8285342 ns, Reaching safepoint: 147009 ns, At safepoint: 15301 ns, Total: 162310 ns
[4.544s][info ][safepoint      ] Safepoint "ICBufferFull", Time since last: 8431451 ns, Reaching safepoint: 126608 ns, At safepoint: 20402 ns, Total: 147010 ns
[4.548s][info ][safepoint      ] Safepoint "ICBufferFull", Time since last: 3700141 ns, Reaching safepoint: 123408 ns, At safepoint: 21702 ns, Total: 145110 ns
[4.553s][info ][safepoint      ] Safepoint "ICBufferFull", Time since last: 4639803 ns, Reaching safepoint: 255417 ns, At safepoint: 14301 ns, Total: 269718 ns
[4.559s][info ][safepoint      ] Safepoint "ICBufferFull", Time since last: 5469957 ns, Reaching safepoint: 123108 ns, At safepoint: 19501 ns, Total: 142609 ns
[4.576s][info ][safepoint      ] Safepoint "ICBufferFull", Time since last: 14016316 ns, Reaching safepoint: 3193509 ns, At safepoint: 25601 ns, Total: 3219110 ns
[4.583s][info ][safepoint      ] Safepoint "ICBufferFull", Time since last: 6881850 ns, Reaching safepoint: 137309 ns, At safepoint: 26302 ns, Total: 163611 ns
[4.596s][info ][safepoint      ] Safepoint "ICBufferFull", Time since last: 5587665 ns, Reaching safepoint: 7458087 ns, At safepoint: 26202 ns, Total: 7484289 ns
[4.610s][info ][safepoint      ] Safepoint "ICBufferFull", Time since last: 14219029 ns, Reaching safepoint: 140109 ns, At safepoint: 26702 ns, Total: 166811 ns
[4.616s][info ][safepoint      ] Safepoint "ICBufferFull", Time since last: 3765846 ns, Reaching safepoint: 2150340 ns, At safepoint: 24002 ns, Total: 2174342 ns
[4.630s][info ][safepoint      ] Safepoint "ICBufferFull", Time since last: 7074462 ns, Reaching safepoint: 6402819 ns, At safepoint: 35902 ns, Total: 6438721 ns
[4.640s][info ][safepoint      ] Safepoint "ICBufferFull", Time since last: 10291472 ns, Reaching safepoint: 120108 ns, At safepoint: 20802 ns, Total: 140910 ns
[4.666s][info ][safepoint      ] Safepoint "ICBufferFull", Time since last: 25709179 ns, Reaching safepoint: 131409 ns, At safepoint: 20301 ns, Total: 151710 ns
[4.670s][info ][safepoint      ] Safepoint "ICBufferFull", Time since last: 3192509 ns, Reaching safepoint: 117908 ns, At safepoint: 17501 ns, Total: 135409 ns
[4.672s][info ][safepoint      ] Safepoint "ICBufferFull", Time since last: 2813084 ns, Reaching safepoint: 122508 ns, At safepoint: 19901 ns, Total: 142409 ns
[4.692s][info ][safepoint      ] Safepoint "ICBufferFull", Time since last: 18977240 ns, Reaching safepoint: 384825 ns, At safepoint: 21001 ns, Total: 405826 ns
[4.711s][info ][safepoint      ] Safepoint "ICBufferFull", Time since last: 18388602 ns, Reaching safepoint: 790651 ns, At safepoint: 17102 ns, Total: 807753 ns
[4.714s][info ][safepoint      ] Safepoint "ICBufferFull", Time since last: 2751879 ns, Reaching safepoint: 113508 ns, At safepoint: 16701 ns, Total: 130209 ns
[4.717s][info ][safepoint      ] Safepoint "ICBufferFull", Time since last: 3001296 ns, Reaching safepoint: 127408 ns, At safepoint: 15501 ns, Total: 142909 ns
[4.720s][info ][safepoint      ] Safepoint "ICBufferFull", Time since last: 3080802 ns, Reaching safepoint: 106107 ns, At safepoint: 21501 ns, Total: 127608 ns
[4.723s][info ][safepoint      ] Safepoint "ICBufferFull", Time since last: 2546466 ns, Reaching safepoint: 417428 ns, At safepoint: 23401 ns, Total: 440829 ns
[4.728s][info ][safepoint      ] Safepoint "ICBufferFull", Time since last: 4399088 ns, Reaching safepoint: 232515 ns, At safepoint: 18201 ns, Total: 250716 ns
[4.738s][info ][safepoint      ] Safepoint "ICBufferFull", Time since last: 10084559 ns, Reaching safepoint: 113407 ns, At safepoint: 20602 ns, Total: 134009 ns
[4.745s][info ][safepoint      ] Safepoint "ICBufferFull", Time since last: 6872849 ns, Reaching safepoint: 190412 ns, At safepoint: 16401 ns, Total: 206813 ns
[4.748s][info ][safepoint      ] Safepoint "ICBufferFull", Time since last: 2527865 ns, Reaching safepoint: 138809 ns, At safepoint: 21302 ns, Total: 160111 ns
[4.909s][info ][gc,start       ] GC(4) Pause Young (Allocation Failure)
[5.040s][debug][gc,phases      ] GC(4) Scavenge 131.643ms
[5.040s][debug][gc,ref         ] GC(4) Skipped phase 1 of Reference Processing: no references
[5.041s][debug][gc,ref         ] GC(4) Skipped phase 3 of Reference Processing: no references
[5.041s][debug][gc,phases      ] GC(4) Reference Processing 0.853ms
[5.044s][debug][gc,phases      ] GC(4) Weak Processing 2.376ms
[5.044s][debug][gc,age         ] GC(4) Desired survivor size 536870912 bytes, new threshold 7 (max threshold 15)
[5.044s][info ][gc,heap        ] GC(4) PSYoungGen: 1097373K(1572864K)->153728K(1572864K) Eden: 1048576K(1048576K)->0K(1048576K) From: 48797K(524288K)->153728K(524288K)
[5.044s][info ][gc,heap        ] GC(4) ParOldGen: 5801K(6144K)->5809K(6144K)
[5.044s][info ][gc,metaspace   ] GC(4) Metaspace: 50141K(50624K)->50141K(50624K) NonClass: 42910K(43200K)->42910K(43200K) Class: 7231K(7424K)->7231K(7424K)
[5.044s][info ][gc             ] GC(4) Pause Young (Allocation Failure) 1077M->155M(1542M) 135.056ms
[5.044s][info ][gc,cpu         ] GC(4) User=0.43s Sys=0.08s Real=0.14s
[5.044s][info ][safepoint      ] Safepoint "ParallelGCFailedAllocation", Time since last: 157453087 ns, Reaching safepoint: 3198509 ns, At safepoint: 135204434 ns, Total: 138402943 ns
[5.320s][info ][gc,start       ] GC(5) Pause Young (Allocation Failure)
[5.415s][debug][gc,phases      ] GC(5) Scavenge 94.918ms
[5.415s][debug][gc,ref         ] GC(5) Skipped phase 1 of Reference Processing: no references
[5.415s][debug][gc,ref         ] GC(5) Skipped phase 3 of Reference Processing: no references
[5.415s][debug][gc,phases      ] GC(5) Reference Processing 0.290ms
[5.417s][debug][gc,phases      ] GC(5) Weak Processing 1.528ms
[5.417s][debug][gc,age         ] GC(5) Desired survivor size 536870912 bytes, new threshold 7 (max threshold 15)
[5.417s][info ][gc,heap        ] GC(5) PSYoungGen: 1202304K(1572864K)->164766K(1572864K) Eden: 1048576K(1048576K)->0K(1048576K) From: 153728K(524288K)->164766K(524288K)
[5.417s][info ][gc,heap        ] GC(5) ParOldGen: 5809K(6144K)->5809K(6144K)
[5.417s][info ][gc,metaspace   ] GC(5) Metaspace: 51187K(51712K)->51187K(51712K) NonClass: 43806K(44096K)->43806K(44096K) Class: 7381K(7616K)->7381K(7616K)
[5.417s][info ][gc             ] GC(5) Pause Young (Allocation Failure) 1179M->166M(1542M) 96.875ms
[5.417s][info ][gc,cpu         ] GC(5) User=0.36s Sys=0.08s Real=0.09s
[5.417s][info ][safepoint      ] Safepoint "ParallelGCFailedAllocation", Time since last: 275007269 ns, Reaching safepoint: 1157076 ns, At safepoint: 96980936 ns, Total: 98138012 ns
[5.729s][info ][safepoint      ] Safepoint "ICBufferFull", Time since last: 271988871 ns, Reaching safepoint: 40061817 ns, At safepoint: 28002 ns, Total: 40089819 ns
[5.740s][info ][gc,start       ] GC(6) Pause Young (Allocation Failure)
[5.826s][debug][gc,phases      ] GC(6) Scavenge 85.819ms
[5.826s][debug][gc,ref         ] GC(6) Skipped phase 1 of Reference Processing: no references
[5.826s][debug][gc,ref         ] GC(6) Skipped phase 3 of Reference Processing: no references
[5.827s][debug][gc,phases      ] GC(6) Reference Processing 0.496ms
[5.829s][debug][gc,phases      ] GC(6) Weak Processing 2.102ms
[5.829s][debug][gc,age         ] GC(6) Desired survivor size 249561088 bytes, new threshold 6 (max threshold 15)
[5.829s][info ][gc,heap        ] GC(6) PSYoungGen: 1213342K(1572864K)->168338K(1572864K) Eden: 1048576K(1048576K)->0K(1048576K) From: 164766K(524288K)->168338K(524288K)
[5.829s][info ][gc,heap        ] GC(6) ParOldGen: 5809K(6144K)->5817K(6144K)
[5.829s][info ][gc,metaspace   ] GC(6) Metaspace: 53446K(53888K)->53446K(53888K) NonClass: 45608K(45824K)->45608K(45824K) Class: 7837K(8064K)->7837K(8064K)
[5.829s][info ][gc             ] GC(6) Pause Young (Allocation Failure) 1190M->170M(1542M) 88.587ms
[5.829s][info ][gc,cpu         ] GC(6) User=0.33s Sys=0.00s Real=0.08s
[5.829s][info ][safepoint      ] Safepoint "ParallelGCFailedAllocation", Time since last: 132609 ns, Reaching safepoint: 10983417 ns, At safepoint: 88697096 ns, Total: 99680513 ns
[5.848s][info ][safepoint      ] Safepoint "ICBufferFull", Time since last: 14945476 ns, Reaching safepoint: 4252478 ns, At safepoint: 35402 ns, Total: 4287880 ns
[5.872s][info ][safepoint      ] Safepoint "ICBufferFull", Time since last: 19703888 ns, Reaching safepoint: 4290180 ns, At safepoint: 47103 ns, Total: 4337283 ns
[5.876s][info ][safepoint      ] Safepoint "ICBufferFull", Time since last: 3439025 ns, Reaching safepoint: 356923 ns, At safepoint: 27202 ns, Total: 384125 ns
[5.880s][info ][safepoint      ] Safepoint "ICBufferFull", Time since last: 160110 ns, Reaching safepoint: 4221476 ns, At safepoint: 35202 ns, Total: 4256678 ns
[5.896s][info ][safepoint      ] Safepoint "ICBufferFull", Time since last: 12479116 ns, Reaching safepoint: 3244512 ns, At safepoint: 43802 ns, Total: 3288314 ns
[5.904s][info ][safepoint      ] Safepoint "ICBufferFull", Time since last: 7635399 ns, Reaching safepoint: 119808 ns, At safepoint: 32602 ns, Total: 152410 ns
[6.240s][info ][safepoint      ] Safepoint "ICBufferFull", Time since last: 333075562 ns, Reaching safepoint: 3276514 ns, At safepoint: 37103 ns, Total: 3313617 ns
[6.542s][info ][gc,start       ] GC(7) Pause Young (Allocation Failure)
[6.646s][debug][gc,phases      ] GC(7) Scavenge 103.565ms
[6.646s][debug][gc,ref         ] GC(7) Skipped phase 1 of Reference Processing: no references
[6.647s][debug][gc,ref         ] GC(7) Skipped phase 3 of Reference Processing: no references
[6.647s][debug][gc,phases      ] GC(7) Reference Processing 0.524ms
[6.649s][debug][gc,phases      ] GC(7) Weak Processing 2.171ms
[6.649s][debug][gc,age         ] GC(7) Desired survivor size 268959744 bytes, new threshold 5 (max threshold 15)
[6.649s][info ][gc,heap        ] GC(7) PSYoungGen: 1216914K(1572864K)->181442K(1815552K) Eden: 1048576K(1048576K)->0K(1571840K) From: 168338K(524288K)->181442K(243712K)
[6.649s][info ][gc,heap        ] GC(7) ParOldGen: 5817K(6144K)->5825K(6144K)
[6.649s][info ][gc,metaspace   ] GC(7) Metaspace: 54260K(54848K)->54260K(54848K) NonClass: 46338K(46656K)->46338K(46656K) Class: 7921K(8192K)->7921K(8192K)
[6.649s][info ][gc             ] GC(7) Pause Young (Allocation Failure) 1194M->182M(1779M) 106.412ms
[6.649s][info ][gc,cpu         ] GC(7) User=0.31s Sys=0.10s Real=0.10s
[6.649s][info ][safepoint      ] Safepoint "ParallelGCFailedAllocation", Time since last: 301369790 ns, Reaching safepoint: 757049 ns, At safepoint: 106529760 ns, Total: 107286809 ns
[7.334s][info ][safepoint      ] Safepoint "ICBufferFull", Time since last: 684629730 ns, Reaching safepoint: 598839 ns, At safepoint: 15801 ns, Total: 614640 ns
[7.430s][info ][gc,start       ] GC(8) Pause Young (Allocation Failure)
[7.517s][debug][gc,phases      ] GC(8) Scavenge 86.299ms
[7.517s][debug][gc,ref         ] GC(8) Skipped phase 1 of Reference Processing: no references
[7.517s][debug][gc,ref         ] GC(8) Skipped phase 3 of Reference Processing: no references
[7.517s][debug][gc,phases      ] GC(8) Reference Processing 0.236ms
[7.519s][debug][gc,phases      ] GC(8) Weak Processing 1.650ms
[7.519s][debug][gc,age         ] GC(8) Desired survivor size 254803968 bytes, new threshold 4 (max threshold 15)
[7.519s][info ][gc,heap        ] GC(8) PSYoungGen: 1753282K(1815552K)->134073K(1834496K) Eden: 1571840K(1571840K)->0K(1571840K) From: 181442K(243712K)->134073K(262656K)
[7.519s][info ][gc,heap        ] GC(8) ParOldGen: 5825K(6144K)->53937K(54272K)
[7.519s][info ][gc,metaspace   ] GC(8) Metaspace: 55909K(56384K)->55909K(56384K) NonClass: 47764K(48000K)->47764K(48000K) Class: 8144K(8384K)->8144K(8384K)
[7.519s][info ][gc             ] GC(8) Pause Young (Allocation Failure) 1717M->183M(1844M) 88.342ms
[7.519s][info ][gc,cpu         ] GC(8) User=0.32s Sys=0.03s Real=0.09s
[7.519s][debug][gc,phases      ] GC(9) Pre Compact 0.010ms
[7.519s][info ][gc,start       ] GC(9) Pause Full (Ergonomics)
[7.519s][info ][gc,phases,start] GC(9) Marking Phase
[7.597s][debug][gc,phases      ] GC(9) Par Mark 77.812ms
[7.597s][debug][gc,ref         ] GC(9) Skipped phase 1 of Reference Processing: no references
[7.597s][debug][gc,ref         ] GC(9) Skipped phase 3 of Reference Processing: no references
[7.597s][debug][gc,phases      ] GC(9) Reference Processing 0.285ms
[7.597s][debug][gc,phases      ] GC(9) Weak Processing 0.593ms
[7.598s][debug][gc,phases      ] GC(9) ClassLoaderData 0.299ms
[7.598s][debug][gc,phases      ] GC(9) Trigger cleanups 0.009ms
[7.610s][debug][gc,phases      ] GC(9) Class Unloading 12.484ms
[7.610s][info ][gc,phases      ] GC(9) Marking Phase 91.349ms
[7.610s][info ][gc,phases,start] GC(9) Summary Phase
[7.610s][info ][gc,phases      ] GC(9) Summary Phase 0.009ms
[7.610s][info ][gc,phases,start] GC(9) Adjust Roots
[7.627s][info ][gc,phases      ] GC(9) Adjust Roots 17.095ms
[7.627s][info ][gc,phases,start] GC(9) Compaction Phase
[8.396s][info ][gc,phases      ] GC(9) Compaction Phase 768.796ms
[8.396s][info ][gc,phases,start] GC(9) Post Compact
[8.397s][info ][gc,phases      ] GC(9) Post Compact 0.893ms
[8.397s][info ][gc,heap        ] GC(9) PSYoungGen: 134073K(1834496K)->133280K(1834496K) Eden: 0K(1571840K)->0K(1571840K) From: 134073K(262656K)->133280K(262656K)
[8.397s][info ][gc,heap        ] GC(9) ParOldGen: 53937K(54272K)->54212K(88576K)
[8.397s][info ][gc,metaspace   ] GC(9) Metaspace: 55909K(56384K)->55882K(56384K) NonClass: 47764K(48000K)->47745K(48000K) Class: 8144K(8384K)->8137K(8384K)
[8.397s][info ][gc             ] GC(9) Pause Full (Ergonomics) 183M->183M(1878M) 878.378ms
[8.397s][info ][gc,cpu         ] GC(9) User=2.11s Sys=0.02s Real=0.88s
[8.397s][info ][safepoint      ] Safepoint "ParallelGCFailedAllocation", Time since last: 95913266 ns, Reaching safepoint: 160311 ns, At safepoint: 966901269 ns, Total: 967061580 ns
[8.482s][info ][safepoint      ] Safepoint "ICBufferFull", Time since last: 83779374 ns, Reaching safepoint: 1122973 ns, At safepoint: 34602 ns, Total: 1157575 ns
[8.829s][info ][gc,start       ] GC(10) Pause Young (Allocation Failure)
[8.945s][debug][gc,phases      ] GC(10) Scavenge 115.387ms
[8.945s][debug][gc,ref         ] GC(10) Skipped phase 1 of Reference Processing: no references
[8.945s][debug][gc,ref         ] GC(10) Skipped phase 3 of Reference Processing: no references
[8.945s][debug][gc,phases      ] GC(10) Reference Processing 0.104ms
[8.946s][debug][gc,phases      ] GC(10) Weak Processing 1.164ms
[8.946s][debug][gc,age         ] GC(10) Desired survivor size 260571136 bytes, new threshold 5 (max threshold 15)
[8.946s][info ][gc,heap        ] GC(10) PSYoungGen: 1705120K(1834496K)->18080K(1837056K) Eden: 1571840K(1571840K)->0K(1588224K) From: 133280K(262656K)->18080K(248832K)
[8.946s][info ][gc,heap        ] GC(10) ParOldGen: 54212K(88576K)->170922K(171008K)
[8.946s][info ][gc,metaspace   ] GC(10) Metaspace: 56169K(56704K)->56169K(56704K) NonClass: 47994K(48320K)->47994K(48320K) Class: 8174K(8384K)->8174K(8384K)
[8.946s][info ][gc             ] GC(10) Pause Young (Allocation Failure) 1718M->184M(1961M) 116.815ms
[8.946s][info ][gc,cpu         ] GC(10) User=0.44s Sys=0.10s Real=0.12s
[8.946s][debug][gc,phases      ] GC(11) Pre Compact 0.016ms
[8.946s][info ][gc,start       ] GC(11) Pause Full (Ergonomics)
[8.946s][info ][gc,phases,start] GC(11) Marking Phase
[9.064s][debug][gc,phases      ] GC(11) Par Mark 117.510ms
[9.064s][debug][gc,ref         ] GC(11) Skipped phase 1 of Reference Processing: no references
[9.064s][debug][gc,ref         ] GC(11) Skipped phase 3 of Reference Processing: no references
[9.064s][debug][gc,phases      ] GC(11) Reference Processing 0.273ms
[9.065s][debug][gc,phases      ] GC(11) Weak Processing 0.581ms
[9.065s][debug][gc,phases      ] GC(11) ClassLoaderData 0.055ms
[9.065s][debug][gc,phases      ] GC(11) Trigger cleanups 0.000ms
[9.073s][debug][gc,phases      ] GC(11) Class Unloading 8.211ms
[9.073s][info ][gc,phases      ] GC(11) Marking Phase 126.735ms
[9.073s][info ][gc,phases,start] GC(11) Summary Phase
[9.073s][info ][gc,phases      ] GC(11) Summary Phase 0.009ms
[9.073s][info ][gc,phases,start] GC(11) Adjust Roots
[9.089s][info ][gc,phases      ] GC(11) Adjust Roots 16.185ms
[9.089s][info ][gc,phases,start] GC(11) Compaction Phase
[9.353s][info ][gc,phases      ] GC(11) Compaction Phase 264.011ms
[9.353s][info ][gc,phases,start] GC(11) Post Compact
[9.354s][info ][gc,phases      ] GC(11) Post Compact 0.757ms
[9.354s][info ][gc,heap        ] GC(11) PSYoungGen: 18080K(1837056K)->17996K(1837056K) Eden: 0K(1588224K)->0K(1588224K) From: 18080K(248832K)->17996K(248832K)
[9.354s][info ][gc,heap        ] GC(11) ParOldGen: 170922K(171008K)->170497K(257536K)
[9.354s][info ][gc,metaspace   ] GC(11) Metaspace: 56169K(56704K)->56169K(56704K) NonClass: 47994K(48320K)->47994K(48320K) Class: 8174K(8384K)->8174K(8384K)
[9.354s][info ][gc             ] GC(11) Pause Full (Ergonomics) 184M->184M(2045M) 408.142ms
[9.354s][info ][gc,cpu         ] GC(11) User=1.28s Sys=0.05s Real=0.41s
[9.396s][info ][safepoint      ] Safepoint "ParallelGCFailedAllocation", Time since last: 347013171 ns, Reaching safepoint: 205713 ns, At safepoint: 566457807 ns, Total: 566663520 ns
[9.904s][info ][safepoint      ] Safepoint "ICBufferFull", Time since last: 504518559 ns, Reaching safepoint: 3950558 ns, At safepoint: 39703 ns, Total: 3990261 ns
[9.915s][info ][gc,start       ] GC(12) Pause Young (Allocation Failure)
[9.946s][debug][gc,phases      ] GC(12) Scavenge 31.166ms
[9.947s][debug][gc,ref         ] GC(12) Skipped phase 1 of Reference Processing: no references
[9.947s][debug][gc,ref         ] GC(12) Skipped phase 3 of Reference Processing: no references
[9.947s][debug][gc,ref         ] GC(12) Skipped phase 4 of Reference Processing: no references
[9.947s][debug][gc,phases      ] GC(12) Reference Processing 0.121ms
[9.947s][debug][gc,phases      ] GC(12) Weak Processing 0.546ms
[9.947s][debug][gc,age         ] GC(12) Desired survivor size 261619712 bytes, new threshold 6 (max threshold 15)
[9.947s][info ][gc,heap        ] GC(12) PSYoungGen: 1606220K(1837056K)->19872K(1608192K) Eden: 1588224K(1588224K)->0K(1588224K) From: 17996K(248832K)->19872K(19968K)
[9.947s][info ][gc,heap        ] GC(12) ParOldGen: 170497K(257536K)->170505K(257536K)
[9.947s][info ][gc,metaspace   ] GC(12) Metaspace: 56226K(56768K)->56226K(56768K) NonClass: 48046K(48320K)->48046K(48320K) Class: 8179K(8448K)->8179K(8448K)
[9.947s][info ][gc             ] GC(12) Pause Young (Allocation Failure) 1735M->185M(1822M) 31.978ms
[9.947s][info ][gc,cpu         ] GC(12) User=0.11s Sys=0.01s Real=0.03s
[9.947s][info ][safepoint      ] Safepoint "ParallelGCFailedAllocation", Time since last: 7682802 ns, Reaching safepoint: 3275414 ns, At safepoint: 32090596 ns, Total: 35366010 ns
[10.409s][info ][gc,start       ] GC(13) Pause Young (Allocation Failure)
[10.423s][debug][gc,phases      ] GC(13) Scavenge 14.891ms
[10.424s][debug][gc,ref         ] GC(13) Skipped phase 1 of Reference Processing: no references
[10.424s][debug][gc,ref         ] GC(13) Skipped phase 3 of Reference Processing: no references
[10.424s][debug][gc,ref         ] GC(13) Skipped phase 4 of Reference Processing: no references
[10.424s][debug][gc,phases      ] GC(13) Reference Processing 0.102ms
[10.424s][debug][gc,phases      ] GC(13) Weak Processing 0.806ms
[10.424s][debug][gc,age         ] GC(13) Desired survivor size 259522560 bytes, new threshold 7 (max threshold 15)
[10.424s][info ][gc,heap        ] GC(13) PSYoungGen: 1608096K(1608192K)->23264K(1843712K) Eden: 1588224K(1588224K)->0K(1588224K) From: 19872K(19968K)->23264K(255488K)
[10.424s][info ][gc,heap        ] GC(13) ParOldGen: 170505K(257536K)->170513K(257536K)
[10.424s][info ][gc,metaspace   ] GC(13) Metaspace: 56239K(56768K)->56239K(56768K) NonClass: 48059K(48320K)->48059K(48320K) Class: 8179K(8448K)->8179K(8448K)
[10.424s][info ][gc             ] GC(13) Pause Young (Allocation Failure) 1736M->189M(2052M) 15.943ms
[10.424s][info ][gc,cpu         ] GC(13) User=0.06s Sys=0.00s Real=0.02s
[10.425s][info ][safepoint      ] Safepoint "ParallelGCFailedAllocation", Time since last: 457849110 ns, Reaching safepoint: 3338018 ns, At safepoint: 16052149 ns, Total: 19390167 ns
[10.824s][info ][safepoint      ] Safepoint "ICBufferFull", Time since last: 396213083 ns, Reaching safepoint: 3349319 ns, At safepoint: 31902 ns, Total: 3381221 ns
[10.956s][info ][gc,start       ] GC(14) Pause Young (Allocation Failure)
[10.970s][debug][gc,phases      ] GC(14) Scavenge 14.009ms
[10.970s][debug][gc,ref         ] GC(14) Skipped phase 1 of Reference Processing: no references
[10.970s][debug][gc,ref         ] GC(14) Skipped phase 3 of Reference Processing: no references
[10.970s][debug][gc,ref         ] GC(14) Skipped phase 4 of Reference Processing: no references
[10.970s][debug][gc,phases      ] GC(14) Reference Processing 0.076ms
[10.971s][debug][gc,phases      ] GC(14) Weak Processing 0.551ms
[10.971s][debug][gc,age         ] GC(14) Desired survivor size 254803968 bytes, new threshold 8 (max threshold 15)
[10.971s][info ][gc,heap        ] GC(14) PSYoungGen: 1611488K(1843712K)->26432K(1841664K) Eden: 1588224K(1588224K)->0K(1588224K) From: 23264K(255488K)->26432K(253440K)
[10.971s][info ][gc,heap        ] GC(14) ParOldGen: 170513K(257536K)->170521K(257536K)
[10.971s][info ][gc,metaspace   ] GC(14) Metaspace: 56268K(56832K)->56268K(56832K) NonClass: 48086K(48384K)->48086K(48384K) Class: 8181K(8448K)->8181K(8448K)
[10.971s][info ][gc             ] GC(14) Pause Young (Allocation Failure) 1740M->192M(2050M) 14.777ms
[10.971s][info ][gc,cpu         ] GC(14) User=0.06s Sys=0.00s Real=0.01s
[10.971s][info ][safepoint      ] Safepoint "ParallelGCFailedAllocation", Time since last: 131925418 ns, Reaching safepoint: 149810 ns, At safepoint: 14888572 ns, Total: 15038382 ns
[11.285s][info ][safepoint      ] Safepoint "ICBufferFull", Time since last: 307084061 ns, Reaching safepoint: 6532227 ns, At safepoint: 32102 ns, Total: 6564329 ns
[11.529s][info ][gc,start       ] GC(15) Pause Young (Allocation Failure)
[11.551s][debug][gc,phases      ] GC(15) Scavenge 21.917ms
[11.551s][debug][gc,ref         ] GC(15) Skipped phase 1 of Reference Processing: no references
[11.552s][debug][gc,ref         ] GC(15) Skipped phase 3 of Reference Processing: no references
[11.552s][debug][gc,phases      ] GC(15) Reference Processing 0.130ms
[11.553s][debug][gc,phases      ] GC(15) Weak Processing 0.988ms
[11.553s][debug][gc,age         ] GC(15) Desired survivor size 248512512 bytes, new threshold 9 (max threshold 15)
[11.553s][info ][gc,heap        ] GC(15) PSYoungGen: 1614656K(1841664K)->27808K(1854464K) Eden: 1588224K(1588224K)->0K(1605632K) From: 26432K(253440K)->27808K(248832K)
[11.553s][info ][gc,heap        ] GC(15) ParOldGen: 170521K(257536K)->170529K(257536K)
[11.553s][info ][gc,metaspace   ] GC(15) Metaspace: 57631K(58240K)->57631K(58240K) NonClass: 49238K(49536K)->49238K(49536K) Class: 8393K(8704K)->8393K(8704K)
[11.553s][info ][gc             ] GC(15) Pause Young (Allocation Failure) 1743M->193M(2062M) 23.203ms
[11.553s][info ][gc,cpu         ] GC(15) User=0.06s Sys=0.00s Real=0.03s
[11.553s][info ][safepoint      ] Safepoint "ParallelGCFailedAllocation", Time since last: 241315264 ns, Reaching safepoint: 3266713 ns, At safepoint: 23337224 ns, Total: 26603937 ns
[12.044s][info ][gc,start       ] GC(16) Pause Young (Allocation Failure)
[12.063s][debug][gc,phases      ] GC(16) Scavenge 19.072ms
[12.063s][debug][gc,ref         ] GC(16) Skipped phase 1 of Reference Processing: no references
[12.063s][debug][gc,ref         ] GC(16) Skipped phase 3 of Reference Processing: no references
[12.063s][debug][gc,phases      ] GC(16) Reference Processing 0.078ms
[12.064s][debug][gc,phases      ] GC(16) Weak Processing 0.686ms
[12.064s][debug][gc,age         ] GC(16) Desired survivor size 240648192 bytes, new threshold 10 (max threshold 15)
[12.064s][info ][gc,heap        ] GC(16) PSYoungGen: 1633440K(1854464K)->29356K(1848320K) Eden: 1605632K(1605632K)->0K(1605632K) From: 27808K(248832K)->29356K(242688K)
[12.064s][info ][gc,heap        ] GC(16) ParOldGen: 170529K(257536K)->170537K(257536K)
[12.064s][info ][gc,metaspace   ] GC(16) Metaspace: 60909K(61440K)->60909K(61440K) NonClass: 52107K(52352K)->52107K(52352K) Class: 8802K(9088K)->8802K(9088K)
[12.064s][info ][gc             ] GC(16) Pause Young (Allocation Failure) 1761M->195M(2056M) 20.000ms
[12.064s][info ][gc,cpu         ] GC(16) User=0.07s Sys=0.00s Real=0.02s
[12.064s][info ][safepoint      ] Safepoint "ParallelGCFailedAllocation", Time since last: 489059048 ns, Reaching safepoint: 2182642 ns, At safepoint: 20131815 ns, Total: 22314457 ns
[12.611s][info ][gc,start       ] GC(17) Pause Young (Allocation Failure)
[12.660s][debug][gc,phases      ] GC(17) Scavenge 48.597ms
[12.660s][debug][gc,ref         ] GC(17) Skipped phase 1 of Reference Processing: no references
[12.660s][debug][gc,ref         ] GC(17) Skipped phase 3 of Reference Processing: no references
[12.660s][debug][gc,phases      ] GC(17) Reference Processing 0.198ms
[12.661s][debug][gc,phases      ] GC(17) Weak Processing 0.866ms
[12.661s][debug][gc,age         ] GC(17) Desired survivor size 225968128 bytes, new threshold 11 (max threshold 15)
[12.661s][info ][gc,heap        ] GC(17) PSYoungGen: 1634988K(1848320K)->65712K(1876480K) Eden: 1605632K(1605632K)->0K(1641472K) From: 29356K(242688K)->65712K(235008K)
[12.661s][info ][gc,heap        ] GC(17) ParOldGen: 170537K(257536K)->170545K(257536K)
[12.661s][info ][gc,metaspace   ] GC(17) Metaspace: 62110K(62656K)->62110K(62656K) NonClass: 53157K(53440K)->53157K(53440K) Class: 8952K(9216K)->8952K(9216K)
[12.661s][info ][gc             ] GC(17) Pause Young (Allocation Failure) 1763M->230M(2084M) 49.829ms
[12.661s][info ][gc,cpu         ] GC(17) User=0.17s Sys=0.00s Real=0.06s
[12.661s][info ][safepoint      ] Safepoint "ParallelGCFailedAllocation", Time since last: 546752616 ns, Reaching safepoint: 244916 ns, At safepoint: 50009867 ns, Total: 50254783 ns
[13.184s][info ][gc,start       ] GC(18) Pause Young (Allocation Failure)
[13.244s][debug][gc,phases      ] GC(18) Scavenge 59.235ms
[13.244s][debug][gc,ref         ] GC(18) Skipped phase 1 of Reference Processing: no references
[13.244s][debug][gc,ref         ] GC(18) Skipped phase 3 of Reference Processing: no references
[13.244s][debug][gc,phases      ] GC(18) Reference Processing 0.169ms
[13.245s][debug][gc,phases      ] GC(18) Weak Processing 0.765ms
[13.245s][debug][gc,age         ] GC(18) Desired survivor size 219152384 bytes, new threshold 12 (max threshold 15)
[13.245s][info ][gc,heap        ] GC(18) PSYoungGen: 1707184K(1876480K)->95024K(1862144K) Eden: 1641472K(1641472K)->0K(1641472K) From: 65712K(235008K)->95024K(220672K)
[13.245s][info ][gc,heap        ] GC(18) ParOldGen: 170545K(257536K)->170553K(257536K)
[13.245s][info ][gc,metaspace   ] GC(18) Metaspace: 62979K(63552K)->62979K(63552K) NonClass: 53935K(54272K)->53935K(54272K) Class: 9044K(9280K)->9044K(9280K)
[13.245s][info ][gc             ] GC(18) Pause Young (Allocation Failure) 1833M->259M(2070M) 60.336ms
[13.245s][info ][gc,cpu         ] GC(18) User=0.22s Sys=0.00s Real=0.06s
[13.245s][info ][safepoint      ] Safepoint "ParallelGCFailedAllocation", Time since last: 519878459 ns, Reaching safepoint: 3299815 ns, At safepoint: 60470551 ns, Total: 63770366 ns
[13.658s][info ][safepoint      ] Safepoint "ICBufferFull", Time since last: 412933172 ns, Reaching safepoint: 281319 ns, At safepoint: 23601 ns, Total: 304920 ns
[13.660s][info ][safepoint      ] Safepoint "ICBufferFull", Time since last: 118608 ns, Reaching safepoint: 2105038 ns, At safepoint: 29202 ns, Total: 2134240 ns
[13.739s][info ][gc,start       ] GC(19) Pause Young (Allocation Failure)
[13.795s][debug][gc,phases      ] GC(19) Scavenge 56.262ms
[13.795s][debug][gc,ref         ] GC(19) Skipped phase 1 of Reference Processing: no references
[13.796s][debug][gc,ref         ] GC(19) Skipped phase 3 of Reference Processing: no references
[13.796s][debug][gc,phases      ] GC(19) Reference Processing 0.102ms
[13.796s][debug][gc,phases      ] GC(19) Weak Processing 0.719ms
[13.796s][debug][gc,age         ] GC(19) Desired survivor size 212860928 bytes, new threshold 13 (max threshold 15)
[13.796s][info ][gc,heap        ] GC(19) PSYoungGen: 1736496K(1862144K)->97904K(1889280K) Eden: 1641472K(1641472K)->0K(1675264K) From: 95024K(220672K)->97904K(214016K)
[13.796s][info ][gc,heap        ] GC(19) ParOldGen: 170553K(257536K)->170561K(257536K)
[13.796s][info ][gc,metaspace   ] GC(19) Metaspace: 63120K(63680K)->63120K(63680K) NonClass: 54075K(54400K)->54075K(54400K) Class: 9044K(9280K)->9044K(9280K)
[13.796s][info ][gc             ] GC(19) Pause Young (Allocation Failure) 1862M->262M(2096M) 57.242ms
[13.796s][info ][gc,cpu         ] GC(19) User=0.21s Sys=0.00s Real=0.06s
[13.796s][info ][safepoint      ] Safepoint "ParallelGCFailedAllocation", Time since last: 78529929 ns, Reaching safepoint: 337922 ns, At safepoint: 57361547 ns, Total: 57699469 ns
[14.436s][info ][gc,start       ] GC(20) Pause Young (Allocation Failure)
[14.506s][debug][gc,phases      ] GC(20) Scavenge 69.963ms
[14.506s][debug][gc,ref         ] GC(20) Skipped phase 1 of Reference Processing: no references
[14.506s][debug][gc,ref         ] GC(20) Skipped phase 3 of Reference Processing: no references
[14.507s][debug][gc,phases      ] GC(20) Reference Processing 0.184ms
[14.507s][debug][gc,phases      ] GC(20) Weak Processing 0.887ms
[14.507s][debug][gc,age         ] GC(20) Desired survivor size 210239488 bytes, new threshold 14 (max threshold 15)
[14.507s][info ][gc,heap        ] GC(20) PSYoungGen: 1773168K(1889280K)->106032K(1883136K) Eden: 1675264K(1675264K)->0K(1675264K) From: 97904K(214016K)->106032K(207872K)
[14.507s][info ][gc,heap        ] GC(20) ParOldGen: 170561K(257536K)->170569K(257536K)
[14.507s][info ][gc,metaspace   ] GC(20) Metaspace: 63463K(64000K)->63463K(64000K) NonClass: 54383K(54656K)->54383K(54656K) Class: 9079K(9344K)->9079K(9344K)
[14.507s][info ][gc             ] GC(20) Pause Young (Allocation Failure) 1898M->270M(2090M) 71.180ms
[14.507s][info ][gc,cpu         ] GC(20) User=0.21s Sys=0.03s Real=0.07s
[14.508s][info ][safepoint      ] Safepoint "ParallelGCFailedAllocation", Time since last: 635332600 ns, Reaching safepoint: 4476192 ns, At safepoint: 71311758 ns, Total: 75787950 ns
[14.960s][info ][gc,start       ] GC(21) Pause Young (Allocation Failure)
[15.035s][debug][gc,phases      ] GC(21) Scavenge 75.164ms
[15.035s][debug][gc,ref         ] GC(21) Skipped phase 1 of Reference Processing: no references
[15.036s][debug][gc,ref         ] GC(21) Skipped phase 3 of Reference Processing: no references
[15.036s][debug][gc,phases      ] GC(21) Reference Processing 0.144ms
[15.036s][debug][gc,phases      ] GC(21) Weak Processing 0.754ms
[15.036s][debug][gc,age         ] GC(21) Desired survivor size 209715200 bytes, new threshold 15 (max threshold 15)
[15.036s][info ][gc,heap        ] GC(21) PSYoungGen: 1781296K(1883136K)->114000K(1892352K) Eden: 1675264K(1675264K)->0K(1687040K) From: 106032K(207872K)->114000K(205312K)
[15.036s][info ][gc,heap        ] GC(21) ParOldGen: 170569K(257536K)->170577K(257536K)
[15.036s][info ][gc,metaspace   ] GC(21) Metaspace: 63474K(64000K)->63474K(64000K) NonClass: 54395K(54656K)->54395K(54656K) Class: 9079K(9344K)->9079K(9344K)
[15.036s][info ][gc             ] GC(21) Pause Young (Allocation Failure) 1906M->277M(2099M) 76.199ms
[15.036s][info ][gc,cpu         ] GC(21) User=0.23s Sys=0.00s Real=0.07s
[15.036s][info ][safepoint      ] Safepoint "ParallelGCFailedAllocation", Time since last: 449295347 ns, Reaching safepoint: 3308716 ns, At safepoint: 76328786 ns, Total: 79637502 ns
[15.534s][info ][safepoint      ] Safepoint "ICBufferFull", Time since last: 493610241 ns, Reaching safepoint: 4345384 ns, At safepoint: 39002 ns, Total: 4384386 ns
[15.667s][info ][gc,start       ] GC(22) Pause Young (Allocation Failure)
[15.724s][debug][gc,phases      ] GC(22) Scavenge 57.314ms
[15.724s][debug][gc,ref         ] GC(22) Skipped phase 1 of Reference Processing: no references
[15.724s][debug][gc,ref         ] GC(22) Skipped phase 3 of Reference Processing: no references
[15.724s][debug][gc,phases      ] GC(22) Reference Processing 0.110ms
[15.725s][debug][gc,phases      ] GC(22) Weak Processing 0.624ms
[15.725s][debug][gc,age         ] GC(22) Desired survivor size 211288064 bytes, new threshold 15 (max threshold 15)
[15.725s][info ][gc,heap        ] GC(22) PSYoungGen: 1801040K(1892352K)->120977K(1808384K) Eden: 1687040K(1687040K)->0K(1687040K) From: 114000K(205312K)->120977K(121344K)
[15.725s][info ][gc,heap        ] GC(22) ParOldGen: 170577K(257536K)->170585K(257536K)
[15.725s][info ][gc,metaspace   ] GC(22) Metaspace: 63606K(64128K)->63606K(64128K) NonClass: 54513K(54784K)->54513K(54784K) Class: 9092K(9344K)->9092K(9344K)
[15.725s][info ][gc             ] GC(22) Pause Young (Allocation Failure) 1925M->284M(2017M) 58.201ms
[15.725s][info ][gc,cpu         ] GC(22) User=0.18s Sys=0.04s Real=0.06s
[15.725s][info ][safepoint      ] Safepoint "ParallelGCFailedAllocation", Time since last: 130272309 ns, Reaching safepoint: 2176242 ns, At safepoint: 58329510 ns, Total: 60505752 ns
[16.245s][info ][gc,start       ] GC(23) Pause Young (Allocation Failure)
[16.289s][debug][gc,phases      ] GC(23) Scavenge 44.014ms
[16.289s][debug][gc,ref         ] GC(23) Skipped phase 1 of Reference Processing: no references
[16.289s][debug][gc,ref         ] GC(23) Skipped phase 3 of Reference Processing: no references
[16.289s][debug][gc,phases      ] GC(23) Reference Processing 0.127ms
[16.290s][debug][gc,phases      ] GC(23) Weak Processing 0.736ms
[16.290s][debug][gc,age         ] GC(23) Desired survivor size 203423744 bytes, new threshold 15 (max threshold 15)
[16.290s][info ][gc,heap        ] GC(23) PSYoungGen: 1808017K(1808384K)->99280K(1898496K) Eden: 1687040K(1687040K)->0K(1692160K) From: 120977K(121344K)->99280K(206336K)
[16.290s][info ][gc,heap        ] GC(23) ParOldGen: 170585K(257536K)->173729K(257536K)
[16.290s][info ][gc,metaspace   ] GC(23) Metaspace: 63645K(64256K)->63645K(64256K) NonClass: 54552K(54912K)->54552K(54912K) Class: 9092K(9344K)->9092K(9344K)
[16.290s][info ][gc             ] GC(23) Pause Young (Allocation Failure) 1932M->266M(2105M) 45.022ms
[16.290s][info ][gc,cpu         ] GC(23) User=0.16s Sys=0.00s Real=0.04s
[16.290s][info ][safepoint      ] Safepoint "ParallelGCFailedAllocation", Time since last: 519333721 ns, Reaching safepoint: 232415 ns, At safepoint: 45129447 ns, Total: 45361862 ns
[16.641s][info ][safepoint      ] Safepoint "ICBufferFull", Time since last: 351078531 ns, Reaching safepoint: 226915 ns, At safepoint: 26201 ns, Total: 253116 ns
[16.861s][info ][gc,start       ] GC(24) Pause Young (Allocation Failure)
[16.908s][debug][gc,phases      ] GC(24) Scavenge 46.690ms
[16.908s][debug][gc,ref         ] GC(24) Skipped phase 1 of Reference Processing: no references
[16.908s][debug][gc,ref         ] GC(24) Skipped phase 3 of Reference Processing: no references
[16.908s][debug][gc,phases      ] GC(24) Reference Processing 0.178ms
[16.909s][debug][gc,phases      ] GC(24) Weak Processing 0.689ms
[16.909s][debug][gc,age         ] GC(24) Desired survivor size 195559424 bytes, new threshold 15 (max threshold 15)
[16.909s][info ][gc,heap        ] GC(24) PSYoungGen: 1791440K(1898496K)->69776K(1890816K) Eden: 1692160K(1692160K)->0K(1692160K) From: 99280K(206336K)->69776K(198656K)
[16.909s][info ][gc,heap        ] GC(24) ParOldGen: 173729K(257536K)->183213K(257536K)
[16.909s][info ][gc,metaspace   ] GC(24) Metaspace: 64637K(65216K)->64637K(65216K) NonClass: 55393K(55680K)->55393K(55680K) Class: 9244K(9536K)->9244K(9536K)
[16.909s][info ][gc             ] GC(24) Pause Young (Allocation Failure) 1919M->247M(2098M) 47.743ms
[16.909s][info ][gc,cpu         ] GC(24) User=0.11s Sys=0.00s Real=0.04s
[16.909s][info ][safepoint      ] Safepoint "ParallelGCFailedAllocation", Time since last: 219408131 ns, Reaching safepoint: 207113 ns, At safepoint: 47885828 ns, Total: 48092941 ns
[16.956s][info ][safepoint      ] Safepoint "ICBufferFull", Time since last: 47259787 ns, Reaching safepoint: 136709 ns, At safepoint: 30702 ns, Total: 167411 ns
[16.981s][info ][safepoint      ] Safepoint "ICBufferFull", Time since last: 20123014 ns, Reaching safepoint: 4244977 ns, At safepoint: 31202 ns, Total: 4276179 ns
[16.982s][info ][safepoint      ] Safepoint "ICBufferFull", Time since last: 1545301 ns, Reaching safepoint: 95206 ns, At safepoint: 19402 ns, Total: 114608 ns
[17.156s][info ][safepoint      ] Safepoint "ICBufferFull", Time since last: 173841454 ns, Reaching safepoint: 197813 ns, At safepoint: 27101 ns, Total: 224914 ns
[17.165s][info ][safepoint      ] Safepoint "ICBufferFull", Time since last: 6311813 ns, Reaching safepoint: 2171242 ns, At safepoint: 30301 ns, Total: 2201543 ns
[17.178s][info ][safepoint      ] Safepoint "ICBufferFull", Time since last: 12944046 ns, Reaching safepoint: 129108 ns, At safepoint: 26002 ns, Total: 155110 ns
[17.184s][info ][safepoint      ] Safepoint "ICBufferFull", Time since last: 3681340 ns, Reaching safepoint: 2182543 ns, At safepoint: 26202 ns, Total: 2208745 ns
[17.218s][info ][safepoint      ] Safepoint "ICBufferFull", Time since last: 33813908 ns, Reaching safepoint: 699646 ns, At safepoint: 26002 ns, Total: 725648 ns
[17.220s][info ][safepoint      ] Safepoint "ICBufferFull", Time since last: 1560202 ns, Reaching safepoint: 122808 ns, At safepoint: 21701 ns, Total: 144509 ns
[17.227s][info ][safepoint      ] Safepoint "ICBufferFull", Time since last: 1483797 ns, Reaching safepoint: 5343849 ns, At safepoint: 31502 ns, Total: 5375351 ns
[17.228s][info ][safepoint      ] Safepoint "ICBufferFull", Time since last: 866757 ns, Reaching safepoint: 102706 ns, At safepoint: 22102 ns, Total: 124808 ns
[17.266s][info ][safepoint      ] Safepoint "ICBufferFull", Time since last: 37931377 ns, Reaching safepoint: 137109 ns, At safepoint: 21602 ns, Total: 158711 ns
[17.268s][info ][safepoint      ] Safepoint "ICBufferFull", Time since last: 1420492 ns, Reaching safepoint: 117508 ns, At safepoint: 18501 ns, Total: 136009 ns
[17.269s][info ][safepoint      ] Safepoint "ICBufferFull", Time since last: 1791217 ns, Reaching safepoint: 99207 ns, At safepoint: 20401 ns, Total: 119608 ns
[17.270s][info ][safepoint      ] Safepoint "ICBufferFull", Time since last: 802752 ns, Reaching safepoint: 92306 ns, At safepoint: 20602 ns, Total: 112908 ns
[17.287s][info ][safepoint      ] Safepoint "ICBufferFull", Time since last: 15519613 ns, Reaching safepoint: 619041 ns, At safepoint: 23901 ns, Total: 642942 ns
[17.309s][info ][safepoint      ] Safepoint "ICBufferFull", Time since last: 21815625 ns, Reaching safepoint: 144710 ns, At safepoint: 17501 ns, Total: 162211 ns
[17.310s][info ][safepoint      ] Safepoint "ICBufferFull", Time since last: 1652308 ns, Reaching safepoint: 94506 ns, At safepoint: 15701 ns, Total: 110207 ns
[17.311s][info ][safepoint      ] Safepoint "ICBufferFull", Time since last: 842155 ns, Reaching safepoint: 305820 ns, At safepoint: 14301 ns, Total: 320121 ns
[17.321s][info ][safepoint      ] Safepoint "ICBufferFull", Time since last: 9094594 ns, Reaching safepoint: 139409 ns, At safepoint: 21501 ns, Total: 160910 ns
[17.339s][info ][safepoint      ] Safepoint "ICBufferFull", Time since last: 18405703 ns, Reaching safepoint: 146109 ns, At safepoint: 25602 ns, Total: 171711 ns
[17.345s][info ][safepoint      ] Safepoint "ICBufferFull", Time since last: 5955889 ns, Reaching safepoint: 111807 ns, At safepoint: 20301 ns, Total: 132108 ns
[17.365s][info ][safepoint      ] Safepoint "ICBufferFull", Time since last: 12718731 ns, Reaching safepoint: 6411819 ns, At safepoint: 32502 ns, Total: 6444321 ns
[17.388s][info ][safepoint      ] Safepoint "ICBufferFull", Time since last: 11322240 ns, Reaching safepoint: 12455913 ns, At safepoint: 33502 ns, Total: 12489415 ns
[17.415s][info ][safepoint      ] Safepoint "ICBufferFull", Time since last: 24461098 ns, Reaching safepoint: 2139340 ns, At safepoint: 28401 ns, Total: 2167741 ns
[17.441s][info ][safepoint      ] Safepoint "ICBufferFull", Time since last: 22251754 ns, Reaching safepoint: 3348818 ns, At safepoint: 27402 ns, Total: 3376220 ns
[17.520s][info ][safepoint      ] Safepoint "ICBufferFull", Time since last: 72623143 ns, Reaching safepoint: 6448021 ns, At safepoint: 56204 ns, Total: 6504225 ns
[17.573s][info ][safepoint      ] Safepoint "ICBufferFull", Time since last: 53363085 ns, Reaching safepoint: 353123 ns, At safepoint: 23602 ns, Total: 376725 ns
[17.609s][info ][safepoint      ] Safepoint "ICBufferFull", Time since last: 32043693 ns, Reaching safepoint: 3195109 ns, At safepoint: 35602 ns, Total: 3230711 ns
[17.645s][info ][gc,start       ] GC(25) Pause Young (Allocation Failure)
[17.670s][debug][gc,phases      ] GC(25) Scavenge 25.262ms
[17.670s][debug][gc,ref         ] GC(25) Skipped phase 1 of Reference Processing: no references
[17.670s][debug][gc,ref         ] GC(25) Skipped phase 3 of Reference Processing: no references
[17.670s][debug][gc,phases      ] GC(25) Reference Processing 0.120ms
[17.671s][debug][gc,phases      ] GC(25) Weak Processing 0.651ms
[17.671s][debug][gc,age         ] GC(25) Desired survivor size 188743680 bytes, new threshold 15 (max threshold 15)
[17.671s][info ][gc,heap        ] GC(25) PSYoungGen: 1761936K(1890816K)->65680K(1912832K) Eden: 1692160K(1692160K)->0K(1721856K) From: 69776K(198656K)->65680K(190976K)
[17.671s][info ][gc,heap        ] GC(25) ParOldGen: 183213K(257536K)->187581K(257536K)
[17.671s][info ][gc,metaspace   ] GC(25) Metaspace: 65308K(65856K)->65308K(65856K) NonClass: 56014K(56320K)->56014K(56320K) Class: 9294K(9536K)->9294K(9536K)
[17.671s][info ][gc             ] GC(25) Pause Young (Allocation Failure) 1899M->247M(2119M) 26.212ms
[17.671s][info ][gc,cpu         ] GC(25) User=0.09s Sys=0.00s Real=0.02s
[17.671s][info ][safepoint      ] Safepoint "ParallelGCFailedAllocation", Time since last: 33722102 ns, Reaching safepoint: 2175742 ns, At safepoint: 26341621 ns, Total: 28517363 ns
[17.710s][info ][safepoint      ] Safepoint "ICBufferFull", Time since last: 38400308 ns, Reaching safepoint: 143309 ns, At safepoint: 24102 ns, Total: 167411 ns
[17.721s][info ][safepoint      ] Safepoint "ICBufferFull", Time since last: 11192731 ns, Reaching safepoint: 141809 ns, At safepoint: 21301 ns, Total: 163110 ns
[17.768s][info ][safepoint      ] Safepoint "ICBufferFull", Time since last: 36848707 ns, Reaching safepoint: 10024755 ns, At safepoint: 39702 ns, Total: 10064457 ns
[17.812s][info ][safepoint      ] Safepoint "ICBufferFull", Time since last: 43102015 ns, Reaching safepoint: 908560 ns, At safepoint: 19101 ns, Total: 927661 ns
[17.840s][info ][safepoint      ] Safepoint "ICBufferFull", Time since last: 23930963 ns, Reaching safepoint: 4312482 ns, At safepoint: 27501 ns, Total: 4339983 ns
[18.100s][info ][safepoint      ] Safepoint "ICBufferFull", Time since last: 260027483 ns, Reaching safepoint: 176212 ns, At safepoint: 23101 ns, Total: 199313 ns
[18.225s][info ][gc,start       ] GC(26) Pause Young (Allocation Failure)
[18.256s][debug][gc,phases      ] GC(26) Scavenge 31.090ms
[18.256s][debug][gc,ref         ] GC(26) Skipped phase 1 of Reference Processing: no references
[18.256s][debug][gc,ref         ] GC(26) Skipped phase 3 of Reference Processing: no references
[18.256s][debug][gc,phases      ] GC(26) Reference Processing 0.136ms
[18.257s][debug][gc,phases      ] GC(26) Weak Processing 0.772ms
[18.257s][debug][gc,age         ] GC(26) Desired survivor size 182452224 bytes, new threshold 15 (max threshold 15)
[18.257s][info ][gc,heap        ] GC(26) PSYoungGen: 1787536K(1912832K)->64864K(1906176K) Eden: 1721856K(1721856K)->0K(1721856K) From: 65680K(190976K)->64864K(184320K)
[18.257s][info ][gc,heap        ] GC(26) ParOldGen: 187581K(257536K)->188517K(257536K)
[18.257s][info ][gc,metaspace   ] GC(26) Metaspace: 65589K(66176K)->65589K(66176K) NonClass: 56295K(56640K)->56295K(56640K) Class: 9294K(9536K)->9294K(9536K)
[18.257s][info ][gc             ] GC(26) Pause Young (Allocation Failure) 1928M->247M(2113M) 32.176ms
[18.257s][info ][gc,cpu         ] GC(26) User=0.07s Sys=0.01s Real=0.03s
[18.257s][info ][safepoint      ] Safepoint "ParallelGCFailedAllocation", Time since last: 116508810 ns, Reaching safepoint: 7595496 ns, At safepoint: 32308910 ns, Total: 39904406 ns
[18.593s][info ][safepoint      ] Safepoint "ICBufferFull", Time since last: 332771533 ns, Reaching safepoint: 3267314 ns, At safepoint: 26401 ns, Total: 3293715 ns
[18.778s][info ][gc,start       ] GC(27) Pause Young (Allocation Failure)
[18.798s][debug][gc,phases      ] GC(27) Scavenge 20.486ms
[18.798s][debug][gc,ref         ] GC(27) Skipped phase 1 of Reference Processing: no references
[18.798s][debug][gc,ref         ] GC(27) Skipped phase 3 of Reference Processing: no references
[18.798s][debug][gc,phases      ] GC(27) Reference Processing 0.130ms
[18.799s][debug][gc,phases      ] GC(27) Weak Processing 0.644ms
[18.799s][debug][gc,age         ] GC(27) Desired survivor size 176160768 bytes, new threshold 15 (max threshold 15)
[18.799s][info ][gc,heap        ] GC(27) PSYoungGen: 1786720K(1906176K)->63249K(1925120K) Eden: 1721856K(1721856K)->0K(1746944K) From: 64864K(184320K)->63249K(178176K)
[18.799s][info ][gc,heap        ] GC(27) ParOldGen: 188517K(257536K)->190381K(257536K)
[18.799s][info ][gc,metaspace   ] GC(27) Metaspace: 65710K(66304K)->65710K(66304K) NonClass: 56415K(56768K)->56415K(56768K) Class: 9294K(9536K)->9294K(9536K)
[18.799s][info ][gc             ] GC(27) Pause Young (Allocation Failure) 1928M->247M(2131M) 21.403ms
[18.799s][info ][gc,cpu         ] GC(27) User=0.08s Sys=0.00s Real=0.02s
[18.799s][info ][safepoint      ] Safepoint "ParallelGCFailedAllocation", Time since last: 182430215 ns, Reaching safepoint: 2225845 ns, At safepoint: 21532806 ns, Total: 23758651 ns
[19.004s][info ][safepoint      ] Safepoint "ICBufferFull", Time since last: 204697969 ns, Reaching safepoint: 297820 ns, At safepoint: 25001 ns, Total: 322821 ns
[19.180s][info ][safepoint      ] Safepoint "ICBufferFull", Time since last: 174512298 ns, Reaching safepoint: 1126573 ns, At safepoint: 36603 ns, Total: 1163176 ns
[19.353s][info ][gc,start       ] GC(28) Pause Young (Allocation Failure)
[19.370s][debug][gc,phases      ] GC(28) Scavenge 16.802ms
[19.370s][debug][gc,ref         ] GC(28) Skipped phase 1 of Reference Processing: no references
[19.370s][debug][gc,ref         ] GC(28) Skipped phase 3 of Reference Processing: no references
[19.370s][debug][gc,phases      ] GC(28) Reference Processing 0.111ms
[19.371s][debug][gc,phases      ] GC(28) Weak Processing 0.646ms
[19.371s][debug][gc,age         ] GC(28) Desired survivor size 170393600 bytes, new threshold 15 (max threshold 15)
[19.371s][info ][gc,heap        ] GC(28) PSYoungGen: 1810193K(1925120K)->60000K(1918976K) Eden: 1746944K(1746944K)->0K(1746944K) From: 63249K(178176K)->60000K(172032K)
[19.371s][info ][gc,heap        ] GC(28) ParOldGen: 190381K(257536K)->193789K(257536K)
[19.371s][info ][gc,metaspace   ] GC(28) Metaspace: 65890K(66496K)->65890K(66496K) NonClass: 56583K(56896K)->56583K(56896K) Class: 9307K(9600K)->9307K(9600K)
[19.371s][info ][gc             ] GC(28) Pause Young (Allocation Failure) 1953M->247M(2125M) 17.694ms
[19.371s][info ][gc,cpu         ] GC(28) User=0.06s Sys=0.00s Real=0.01s
[19.371s][info ][safepoint      ] Safepoint "ParallelGCFailedAllocation", Time since last: 170169113 ns, Reaching safepoint: 3178108 ns, At safepoint: 17807363 ns, Total: 20985471 ns
[19.847s][info ][safepoint      ] Safepoint "ICBufferFull", Time since last: 472746874 ns, Reaching safepoint: 3225410 ns, At safepoint: 25502 ns, Total: 3250912 ns
[19.899s][info ][gc,start       ] GC(29) Pause Young (Allocation Failure)
[19.917s][debug][gc,phases      ] GC(29) Scavenge 17.841ms
[19.917s][debug][gc,ref         ] GC(29) Skipped phase 1 of Reference Processing: no references
[19.917s][debug][gc,ref         ] GC(29) Skipped phase 3 of Reference Processing: no references
[19.917s][debug][gc,phases      ] GC(29) Reference Processing 0.163ms
[19.918s][debug][gc,phases      ] GC(29) Weak Processing 0.844ms
[19.918s][debug][gc,age         ] GC(29) Desired survivor size 165150720 bytes, new threshold 15 (max threshold 15)
[19.918s][info ][gc,heap        ] GC(29) PSYoungGen: 1806944K(1918976K)->57664K(1935872K) Eden: 1746944K(1746944K)->0K(1769472K) From: 60000K(172032K)->57664K(166400K)
[19.918s][info ][gc,heap        ] GC(29) ParOldGen: 193789K(257536K)->196917K(257536K)
[19.918s][info ][gc,metaspace   ] GC(29) Metaspace: 67704K(68224K)->67704K(68224K) NonClass: 58084K(58368K)->58084K(58368K) Class: 9619K(9856K)->9619K(9856K)
[19.918s][info ][gc             ] GC(29) Pause Young (Allocation Failure) 1953M->248M(2142M) 18.996ms
[19.918s][info ][gc,cpu         ] GC(29) User=0.07s Sys=0.00s Real=0.02s
[19.918s][info ][safepoint      ] Safepoint "ParallelGCFailedAllocation", Time since last: 52329218 ns, Reaching safepoint: 142409 ns, At safepoint: 19109748 ns, Total: 19252157 ns
[20.277s][info ][safepoint      ] Safepoint "ICBufferFull", Time since last: 357731663 ns, Reaching safepoint: 511433 ns, At safepoint: 16701 ns, Total: 528134 ns
[20.571s][info ][gc,start       ] GC(30) Pause Young (Allocation Failure)
[20.592s][debug][gc,phases      ] GC(30) Scavenge 21.081ms
[20.592s][debug][gc,ref         ] GC(30) Skipped phase 1 of Reference Processing: no references
[20.592s][debug][gc,ref         ] GC(30) Skipped phase 3 of Reference Processing: no references
[20.592s][debug][gc,phases      ] GC(30) Reference Processing 0.183ms
[20.593s][debug][gc,phases      ] GC(30) Weak Processing 0.993ms
[20.593s][debug][gc,age         ] GC(30) Desired survivor size 159907840 bytes, new threshold 15 (max threshold 15)
[20.593s][info ][gc,heap        ] GC(30) PSYoungGen: 1827136K(1935872K)->58363K(1930752K) Eden: 1769472K(1769472K)->0K(1769472K) From: 57664K(166400K)->58363K(161280K)
[20.593s][info ][gc,heap        ] GC(30) ParOldGen: 196917K(257536K)->198369K(257536K)
[20.593s][info ][gc,metaspace   ] GC(30) Metaspace: 71686K(72320K)->71686K(72320K) NonClass: 61579K(61888K)->61579K(61888K) Class: 10106K(10432K)->10106K(10432K)
[20.593s][info ][gc             ] GC(30) Pause Young (Allocation Failure) 1976M->250M(2137M) 22.439ms
[20.593s][info ][gc,cpu         ] GC(30) User=0.07s Sys=0.00s Real=0.03s
[20.593s][info ][safepoint      ] Safepoint "ParallelGCFailedAllocation", Time since last: 293549571 ns, Reaching safepoint: 290219 ns, At safepoint: 22575274 ns, Total: 22865493 ns
[20.876s][info ][safepoint      ] Safepoint "ICBufferFull", Time since last: 282050819 ns, Reaching safepoint: 656443 ns, At safepoint: 24702 ns, Total: 681145 ns
[21.219s][info ][gc,start       ] GC(31) Pause Young (Allocation Failure)
[21.234s][debug][gc,phases      ] GC(31) Scavenge 14.576ms
[21.234s][debug][gc,ref         ] GC(31) Skipped phase 1 of Reference Processing: no references
[21.234s][debug][gc,ref         ] GC(31) Skipped phase 3 of Reference Processing: no references
[21.234s][debug][gc,phases      ] GC(31) Reference Processing 0.131ms
[21.235s][debug][gc,phases      ] GC(31) Weak Processing 0.887ms
[21.235s][debug][gc,age         ] GC(31) Desired survivor size 154664960 bytes, new threshold 15 (max threshold 15)
[21.235s][info ][gc,heap        ] GC(31) PSYoungGen: 1827835K(1930752K)->57815K(1946112K) Eden: 1769472K(1769472K)->0K(1789952K) From: 58363K(161280K)->57815K(156160K)
[21.235s][info ][gc,heap        ] GC(31) ParOldGen: 198369K(257536K)->199899K(257536K)
[21.235s][info ][gc,metaspace   ] GC(31) Metaspace: 73329K(73984K)->73329K(73984K) NonClass: 63024K(63360K)->63024K(63360K) Class: 10305K(10624K)->10305K(10624K)
[21.235s][info ][gc             ] GC(31) Pause Young (Allocation Failure) 1978M->251M(2152M) 15.759ms
[21.235s][info ][gc,cpu         ] GC(31) User=0.06s Sys=0.00s Real=0.02s
[21.235s][info ][safepoint      ] Safepoint "ParallelGCFailedAllocation", Time since last: 342986499 ns, Reaching safepoint: 260717 ns, At safepoint: 15876737 ns, Total: 16137454 ns
[21.437s][info ][safepoint      ] Safepoint "ICBufferFull", Time since last: 199926356 ns, Reaching safepoint: 2299550 ns, At safepoint: 28402 ns, Total: 2327952 ns
[21.618s][info ][safepoint      ] Safepoint "ICBufferFull", Time since last: 180408381 ns, Reaching safepoint: 332622 ns, At safepoint: 28202 ns, Total: 360824 ns
[21.749s][info ][safepoint      ] Safepoint "ICBufferFull", Time since last: 130270407 ns, Reaching safepoint: 265517 ns, At safepoint: 26602 ns, Total: 292119 ns
[21.820s][info ][gc,start       ] GC(32) Pause Young (Allocation Failure)
[21.846s][debug][gc,phases      ] GC(32) Scavenge 25.530ms
[21.846s][debug][gc,ref         ] GC(32) Skipped phase 1 of Reference Processing: no references
[21.846s][debug][gc,ref         ] GC(32) Skipped phase 3 of Reference Processing: no references
[21.846s][debug][gc,phases      ] GC(32) Reference Processing 0.202ms
[21.847s][debug][gc,phases      ] GC(32) Weak Processing 0.977ms
[21.847s][debug][gc,age         ] GC(32) Desired survivor size 147324928 bytes, new threshold 15 (max threshold 15)
[21.847s][info ][gc,heap        ] GC(32) PSYoungGen: 1847767K(1946112K)->69221K(1940992K) Eden: 1789952K(1789952K)->0K(1789952K) From: 57815K(156160K)->69221K(151040K)
[21.847s][info ][gc,heap        ] GC(32) ParOldGen: 199899K(257536K)->205110K(257536K)
[21.847s][info ][gc,metaspace   ] GC(32) Metaspace: 74236K(74880K)->74236K(74880K) NonClass: 63834K(64192K)->63834K(64192K) Class: 10401K(10688K)->10401K(10688K)
[21.847s][info ][gc             ] GC(32) Pause Young (Allocation Failure) 1999M->267M(2147M) 26.903ms
[21.847s][info ][gc,cpu         ] GC(32) User=0.05s Sys=0.02s Real=0.02s
[21.847s][info ][safepoint      ] Safepoint "ParallelGCFailedAllocation", Time since last: 60849674 ns, Reaching safepoint: 10475484 ns, At safepoint: 27050666 ns, Total: 37526150 ns
[22.241s][info ][safepoint      ] Safepoint "ICBufferFull", Time since last: 390395194 ns, Reaching safepoint: 3274914 ns, At safepoint: 40203 ns, Total: 3315117 ns
[22.428s][info ][gc,start       ] GC(33) Pause Young (Allocation Failure)
[22.447s][debug][gc,phases      ] GC(33) Scavenge 18.134ms
[22.447s][debug][gc,ref         ] GC(33) Skipped phase 1 of Reference Processing: no references
[22.447s][debug][gc,ref         ] GC(33) Skipped phase 3 of Reference Processing: no references
[22.447s][debug][gc,phases      ] GC(33) Reference Processing 0.099ms
[22.448s][debug][gc,phases      ] GC(33) Weak Processing 0.740ms
[22.448s][debug][gc,age         ] GC(33) Desired survivor size 141557760 bytes, new threshold 15 (max threshold 15)
[22.448s][info ][gc,heap        ] GC(33) PSYoungGen: 1859173K(1940992K)->65897K(1958912K) Eden: 1789952K(1789952K)->0K(1815040K) From: 69221K(151040K)->65897K(143872K)
[22.448s][info ][gc,heap        ] GC(33) ParOldGen: 205110K(257536K)->207352K(257536K)
[22.448s][info ][gc,metaspace   ] GC(33) Metaspace: 74384K(75008K)->74384K(75008K) NonClass: 63982K(64320K)->63982K(64320K) Class: 10401K(10688K)->10401K(10688K)
[22.448s][info ][gc             ] GC(33) Pause Young (Allocation Failure) 2015M->266M(2164M) 19.191ms
[22.448s][info ][gc,cpu         ] GC(33) User=0.06s Sys=0.00s Real=0.02s
[22.448s][info ][safepoint      ] Safepoint "ParallelGCFailedAllocation", Time since last: 181289239 ns, Reaching safepoint: 6427919 ns, At safepoint: 19356764 ns, Total: 25784683 ns
[22.641s][info ][safepoint      ] Safepoint "ICBufferFull", Time since last: 190646150 ns, Reaching safepoint: 2179742 ns, At safepoint: 26302 ns, Total: 2206044 ns
[22.997s][info ][safepoint      ] Safepoint "ICBufferFull", Time since last: 349093696 ns, Reaching safepoint: 7737106 ns, At safepoint: 35702 ns, Total: 7772808 ns
[23.042s][info ][gc,start       ] GC(34) Pause Young (Allocation Failure)
[23.060s][debug][gc,phases      ] GC(34) Scavenge 17.637ms
[23.060s][debug][gc,ref         ] GC(34) Skipped phase 1 of Reference Processing: no references
[23.060s][debug][gc,ref         ] GC(34) Skipped phase 3 of Reference Processing: no references
[23.060s][debug][gc,phases      ] GC(34) Reference Processing 0.131ms
[23.061s][debug][gc,phases      ] GC(34) Weak Processing 0.790ms
[23.061s][debug][gc,age         ] GC(34) Desired survivor size 136314880 bytes, new threshold 15 (max threshold 15)
[23.061s][info ][gc,heap        ] GC(34) PSYoungGen: 1880937K(1958912K)->63319K(1953280K) Eden: 1815040K(1815040K)->0K(1815040K) From: 65897K(143872K)->63319K(138240K)
[23.061s][info ][gc,heap        ] GC(34) ParOldGen: 207352K(257536K)->210089K(257536K)
[23.061s][info ][gc,metaspace   ] GC(34) Metaspace: 74520K(75136K)->74520K(75136K) NonClass: 64115K(64448K)->64115K(64448K) Class: 10404K(10688K)->10404K(10688K)
[23.061s][info ][gc             ] GC(34) Pause Young (Allocation Failure) 2039M->267M(2159M) 18.717ms
[23.061s][info ][gc,cpu         ] GC(34) User=0.07s Sys=0.00s Real=0.02s
[23.061s][info ][safepoint      ] Safepoint "ParallelGCFailedAllocation", Time since last: 44484905 ns, Reaching safepoint: 138409 ns, At safepoint: 18840030 ns, Total: 18978439 ns
[23.575s][info ][safepoint      ] Safepoint "ICBufferFull", Time since last: 514182177 ns, Reaching safepoint: 160910 ns, At safepoint: 21902 ns, Total: 182812 ns
[23.596s][info ][gc,start       ] GC(35) Pause Young (Allocation Failure)
[23.618s][debug][gc,phases      ] GC(35) Scavenge 22.000ms
[23.618s][debug][gc,ref         ] GC(35) Skipped phase 1 of Reference Processing: no references
[23.618s][debug][gc,ref         ] GC(35) Skipped phase 3 of Reference Processing: no references
[23.618s][debug][gc,phases      ] GC(35) Reference Processing 0.093ms
[23.619s][debug][gc,phases      ] GC(35) Weak Processing 0.766ms
[23.619s][debug][gc,age         ] GC(35) Desired survivor size 132644864 bytes, new threshold 15 (max threshold 15)
[23.619s][info ][gc,heap        ] GC(35) PSYoungGen: 1878359K(1953280K)->57209K(1967616K) Eden: 1815040K(1815040K)->0K(1834496K) From: 63319K(138240K)->57209K(133120K)
[23.619s][info ][gc,heap        ] GC(35) ParOldGen: 210089K(257536K)->217211K(257536K)
[23.619s][info ][gc,metaspace   ] GC(35) Metaspace: 74585K(75200K)->74585K(75200K) NonClass: 64180K(64512K)->64180K(64512K) Class: 10404K(10688K)->10404K(10688K)
[23.619s][info ][gc             ] GC(35) Pause Young (Allocation Failure) 2039M->267M(2173M) 23.018ms
[23.619s][info ][gc,cpu         ] GC(35) User=0.07s Sys=0.01s Real=0.02s
[23.619s][info ][safepoint      ] Safepoint "ParallelGCFailedAllocation", Time since last: 20433034 ns, Reaching safepoint: 117307 ns, At safepoint: 23116910 ns, Total: 23234217 ns
[23.875s][info ][safepoint      ] Safepoint "ICBufferFull", Time since last: 255593390 ns, Reaching safepoint: 275918 ns, At safepoint: 31302 ns, Total: 307220 ns
[24.178s][info ][gc,start       ] GC(36) Pause Young (Allocation Failure)
[24.193s][debug][gc,phases      ] GC(36) Scavenge 15.495ms
[24.193s][debug][gc,ref         ] GC(36) Skipped phase 1 of Reference Processing: no references
[24.193s][debug][gc,ref         ] GC(36) Skipped phase 3 of Reference Processing: no references
[24.193s][debug][gc,phases      ] GC(36) Reference Processing 0.102ms
[24.194s][debug][gc,phases      ] GC(36) Weak Processing 0.826ms
[24.194s][debug][gc,age         ] GC(36) Desired survivor size 129499136 bytes, new threshold 15 (max threshold 15)
[24.194s][info ][gc,heap        ] GC(36) PSYoungGen: 1891705K(1967616K)->50777K(1964032K) Eden: 1834496K(1834496K)->0K(1834496K) From: 57209K(133120K)->50777K(129536K)
[24.194s][info ][gc,heap        ] GC(36) ParOldGen: 217211K(257536K)->224333K(257536K)
[24.194s][info ][gc,metaspace   ] GC(36) Metaspace: 74624K(75200K)->74624K(75200K) NonClass: 64218K(64512K)->64218K(64512K) Class: 10406K(10688K)->10406K(10688K)
[24.194s][info ][gc             ] GC(36) Pause Young (Allocation Failure) 2059M->268M(2169M) 16.593ms
[24.194s][info ][gc,cpu         ] GC(36) User=0.06s Sys=0.00s Real=0.02s
[24.194s][info ][safepoint      ] Safepoint "ParallelGCFailedAllocation", Time since last: 302463951 ns, Reaching safepoint: 206913 ns, At safepoint: 16725993 ns, Total: 16932906 ns
[24.830s][info ][safepoint      ] Safepoint "ICBufferFull", Time since last: 635468195 ns, Reaching safepoint: 166510 ns, At safepoint: 28202 ns, Total: 194712 ns
[24.856s][info ][gc,start       ] GC(37) Pause Young (Allocation Failure)
[24.870s][debug][gc,phases      ] GC(37) Scavenge 14.384ms
[24.870s][debug][gc,ref         ] GC(37) Skipped phase 1 of Reference Processing: no references
[24.870s][debug][gc,ref         ] GC(37) Skipped phase 3 of Reference Processing: no references
[24.870s][debug][gc,phases      ] GC(37) Reference Processing 0.064ms
[24.871s][debug][gc,phases      ] GC(37) Weak Processing 0.629ms
[24.871s][debug][gc,age         ] GC(37) Desired survivor size 128974848 bytes, new threshold 15 (max threshold 15)
[24.871s][info ][gc,heap        ] GC(37) PSYoungGen: 1885273K(1964032K)->38890K(1971200K) Eden: 1834496K(1834496K)->0K(1844736K) From: 50777K(129536K)->38890K(126464K)
[24.871s][info ][gc,heap        ] GC(37) ParOldGen: 224333K(257536K)->237118K(257536K)
[24.871s][info ][gc,metaspace   ] GC(37) Metaspace: 74645K(75264K)->74645K(75264K) NonClass: 64238K(64576K)->64238K(64576K) Class: 10406K(10688K)->10406K(10688K)
[24.871s][info ][gc             ] GC(37) Pause Young (Allocation Failure) 2060M->269M(2176M) 15.243ms
[24.871s][info ][gc,cpu         ] GC(37) User=0.07s Sys=0.00s Real=0.01s
[24.871s][info ][safepoint      ] Safepoint "ParallelGCFailedAllocation", Time since last: 25626774 ns, Reaching safepoint: 119807 ns, At safepoint: 15387105 ns, Total: 15506912 ns
[25.369s][info ][gc,start       ] GC(38) Pause Young (Allocation Failure)
[25.391s][debug][gc,phases      ] GC(38) Scavenge 22.089ms
[25.391s][debug][gc,ref         ] GC(38) Skipped phase 1 of Reference Processing: no references
[25.391s][debug][gc,ref         ] GC(38) Skipped phase 3 of Reference Processing: no references
[25.391s][debug][gc,phases      ] GC(38) Reference Processing 0.121ms
[25.392s][debug][gc,phases      ] GC(38) Weak Processing 0.914ms
[25.392s][debug][gc,age         ] GC(38) Desired survivor size 128450560 bytes, new threshold 15 (max threshold 15)
[25.392s][info ][gc,heap        ] GC(38) PSYoungGen: 1883626K(1971200K)->30210K(1970688K) Eden: 1844736K(1844736K)->0K(1844736K) From: 38890K(126464K)->30210K(125952K)
[25.392s][info ][gc,heap        ] GC(38) ParOldGen: 237118K(257536K)->246060K(257536K)
[25.392s][info ][gc,metaspace   ] GC(38) Metaspace: 74697K(75264K)->74697K(75264K) NonClass: 64291K(64576K)->64291K(64576K) Class: 10406K(10688K)->10406K(10688K)
[25.392s][info ][gc             ] GC(38) Pause Young (Allocation Failure) 2071M->269M(2176M) 23.264ms
[25.392s][info ][gc,cpu         ] GC(38) User=0.04s Sys=0.00s Real=0.03s
[25.392s][debug][gc,phases      ] GC(39) Pre Compact 0.013ms
[25.392s][info ][gc,start       ] GC(39) Pause Full (Ergonomics)
[25.392s][info ][gc,phases,start] GC(39) Marking Phase
[25.502s][debug][gc,phases      ] GC(39) Par Mark 109.514ms
[25.502s][debug][gc,ref         ] GC(39) Skipped phase 1 of Reference Processing: no references
[25.502s][debug][gc,ref         ] GC(39) Skipped phase 3 of Reference Processing: no references
[25.502s][debug][gc,phases      ] GC(39) Reference Processing 0.087ms
[25.502s][debug][gc,phases      ] GC(39) Weak Processing 0.627ms
[25.502s][debug][gc,phases      ] GC(39) ClassLoaderData 0.068ms
[25.502s][debug][gc,phases      ] GC(39) Trigger cleanups 0.000ms
[25.516s][debug][gc,phases      ] GC(39) Class Unloading 13.635ms
[25.516s][info ][gc,phases      ] GC(39) Marking Phase 124.042ms
[25.516s][info ][gc,phases,start] GC(39) Summary Phase
[25.516s][info ][gc,phases      ] GC(39) Summary Phase 0.012ms
[25.516s][info ][gc,phases,start] GC(39) Adjust Roots
[25.537s][info ][gc,phases      ] GC(39) Adjust Roots 21.384ms
[25.537s][info ][gc,phases,start] GC(39) Compaction Phase
[25.722s][info ][gc,phases      ] GC(39) Compaction Phase 184.686ms
[25.722s][info ][gc,phases,start] GC(39) Post Compact
[25.723s][info ][gc,phases      ] GC(39) Post Compact 1.322ms
[25.724s][info ][gc,heap        ] GC(39) PSYoungGen: 30210K(1970688K)->28394K(1970688K) Eden: 0K(1844736K)->0K(1844736K) From: 30210K(125952K)->28394K(125952K)
[25.724s][info ][gc,heap        ] GC(39) ParOldGen: 246060K(257536K)->243671K(289792K)
[25.724s][info ][gc,metaspace   ] GC(39) Metaspace: 74697K(75264K)->74697K(75264K) NonClass: 64291K(64576K)->64291K(64576K) Class: 10406K(10688K)->10406K(10688K)
[25.724s][info ][gc             ] GC(39) Pause Full (Ergonomics) 269M->265M(2207M) 331.715ms
[25.724s][info ][gc,cpu         ] GC(39) User=1.14s Sys=0.01s Real=0.33s
[25.725s][info ][safepoint      ] Safepoint "ParallelGCFailedAllocation", Time since last: 496731936 ns, Reaching safepoint: 744448 ns, At safepoint: 356820299 ns, Total: 357564747 ns
[25.985s][info ][safepoint      ] Safepoint "ICBufferFull", Time since last: 259458841 ns, Reaching safepoint: 379825 ns, At safepoint: 24302 ns, Total: 404127 ns
[26.244s][info ][gc,start       ] GC(40) Pause Young (Allocation Failure)
[26.289s][debug][gc,phases      ] GC(40) Scavenge 45.076ms
[26.289s][debug][gc,ref         ] GC(40) Skipped phase 1 of Reference Processing: no references
[26.289s][debug][gc,ref         ] GC(40) Skipped phase 3 of Reference Processing: no references
[26.289s][debug][gc,phases      ] GC(40) Reference Processing 0.058ms
[26.290s][debug][gc,phases      ] GC(40) Weak Processing 0.811ms
[26.290s][debug][gc,age         ] GC(40) Desired survivor size 128974848 bytes, new threshold 15 (max threshold 15)
[26.290s][info ][gc,heap        ] GC(40) PSYoungGen: 1873130K(1970688K)->22486K(1970688K) Eden: 1844736K(1844736K)->0K(1845248K) From: 28394K(125952K)->22486K(125440K)
[26.290s][info ][gc,heap        ] GC(40) ParOldGen: 243671K(289792K)->250061K(289792K)
[26.290s][info ][gc,metaspace   ] GC(40) Metaspace: 74708K(75328K)->74708K(75328K) NonClass: 64302K(64640K)->64302K(64640K) Class: 10406K(10688K)->10406K(10688K)
[26.290s][info ][gc             ] GC(40) Pause Young (Allocation Failure) 2067M->266M(2207M) 46.106ms
[26.290s][info ][gc,cpu         ] GC(40) User=0.20s Sys=0.00s Real=0.04s
[26.290s][info ][safepoint      ] Safepoint "ParallelGCFailedAllocation", Time since last: 258739294 ns, Reaching safepoint: 127909 ns, At safepoint: 46229418 ns, Total: 46357327 ns
[26.803s][info ][gc,start       ] GC(41) Pause Young (Allocation Failure)
[26.809s][debug][gc,phases      ] GC(41) Scavenge 6.333ms
[26.809s][debug][gc,ref         ] GC(41) Skipped phase 1 of Reference Processing: no references
[26.809s][debug][gc,ref         ] GC(41) Skipped phase 3 of Reference Processing: no references
[26.809s][debug][gc,phases      ] GC(41) Reference Processing 0.032ms
[26.810s][debug][gc,phases      ] GC(41) Weak Processing 0.573ms
[26.810s][debug][gc,age         ] GC(41) Desired survivor size 127926272 bytes, new threshold 15 (max threshold 15)
[26.810s][info ][gc,heap        ] GC(41) PSYoungGen: 1867734K(1970688K)->22422K(1971200K) Eden: 1845248K(1845248K)->0K(1845248K) From: 22486K(125440K)->22422K(125952K)
[26.810s][info ][gc,heap        ] GC(41) ParOldGen: 250061K(289792K)->250333K(289792K)
[26.810s][info ][gc,metaspace   ] GC(41) Metaspace: 74717K(75328K)->74717K(75328K) NonClass: 64310K(64640K)->64310K(64640K) Class: 10406K(10688K)->10406K(10688K)
[26.810s][info ][gc             ] GC(41) Pause Young (Allocation Failure) 2068M->266M(2208M) 7.073ms
[26.810s][info ][gc,cpu         ] GC(41) User=0.03s Sys=0.00s Real=0.00s
[26.810s][info ][safepoint      ] Safepoint "ParallelGCFailedAllocation", Time since last: 508041172 ns, Reaching safepoint: 4314082 ns, At safepoint: 7201570 ns, Total: 11515652 ns
[27.318s][info ][gc,start       ] GC(42) Pause Young (Allocation Failure)
[27.324s][debug][gc,phases      ] GC(42) Scavenge 5.793ms
[27.324s][debug][gc,ref         ] GC(42) Skipped phase 1 of Reference Processing: no references
[27.324s][debug][gc,ref         ] GC(42) Skipped phase 3 of Reference Processing: no references
[27.324s][debug][gc,phases      ] GC(42) Reference Processing 0.033ms
[27.325s][debug][gc,phases      ] GC(42) Weak Processing 0.567ms
[27.325s][debug][gc,age         ] GC(42) Desired survivor size 126353408 bytes, new threshold 15 (max threshold 15)
[27.325s][info ][gc,heap        ] GC(42) PSYoungGen: 1867670K(1971200K)->22457K(1973760K) Eden: 1845248K(1845248K)->0K(1848832K) From: 22422K(125952K)->22457K(124928K)
[27.325s][info ][gc,heap        ] GC(42) ParOldGen: 250333K(289792K)->250485K(289792K)
[27.325s][info ][gc,metaspace   ] GC(42) Metaspace: 74724K(75392K)->74724K(75392K) NonClass: 64317K(64640K)->64317K(64640K) Class: 10407K(10752K)->10407K(10752K)
[27.325s][info ][gc             ] GC(42) Pause Young (Allocation Failure) 2068M->266M(2210M) 6.530ms
[27.325s][info ][gc,cpu         ] GC(42) User=0.03s Sys=0.00s Real=0.01s
[27.325s][info ][safepoint      ] Safepoint "ParallelGCFailedAllocation", Time since last: 508037772 ns, Reaching safepoint: 212314 ns, At safepoint: 6643433 ns, Total: 6855747 ns
[27.726s][info ][safepoint      ] Safepoint "ICBufferFull", Time since last: 401112690 ns, Reaching safepoint: 183512 ns, At safepoint: 21901 ns, Total: 205413 ns
[27.840s][info ][gc,start       ] GC(43) Pause Young (Allocation Failure)
[27.846s][debug][gc,phases      ] GC(43) Scavenge 5.562ms
[27.846s][debug][gc,ref         ] GC(43) Skipped phase 1 of Reference Processing: no references
[27.846s][debug][gc,ref         ] GC(43) Skipped phase 3 of Reference Processing: no references
[27.846s][debug][gc,phases      ] GC(43) Reference Processing 0.030ms
[27.846s][debug][gc,phases      ] GC(43) Weak Processing 0.571ms
[27.847s][debug][gc,age         ] GC(43) Desired survivor size 124256256 bytes, new threshold 15 (max threshold 15)
[27.847s][info ][gc,heap        ] GC(43) PSYoungGen: 1871289K(1973760K)->22495K(1972224K) Eden: 1848832K(1848832K)->0K(1848832K) From: 22457K(124928K)->22495K(123392K)
[27.847s][info ][gc,heap        ] GC(43) ParOldGen: 250485K(289792K)->250637K(289792K)
[27.847s][info ][gc,metaspace   ] GC(43) Metaspace: 74756K(75392K)->74756K(75392K) NonClass: 64349K(64640K)->64349K(64640K) Class: 10407K(10752K)->10407K(10752K)
[27.847s][info ][gc             ] GC(43) Pause Young (Allocation Failure) 2072M->266M(2209M) 6.323ms
[27.847s][info ][gc,cpu         ] GC(43) User=0.02s Sys=0.00s Real=0.00s
[27.847s][info ][safepoint      ] Safepoint "ParallelGCFailedAllocation", Time since last: 110870439 ns, Reaching safepoint: 3222811 ns, At safepoint: 6454321 ns, Total: 9677132 ns
[28.229s][info ][safepoint      ] Safepoint "ICBufferFull", Time since last: 382273759 ns, Reaching safepoint: 193013 ns, At safepoint: 27702 ns, Total: 220715 ns
[28.273s][info ][gc,start       ] GC(44) Pause Young (Allocation Failure)
[28.278s][debug][gc,phases      ] GC(44) Scavenge 4.996ms
[28.279s][debug][gc,ref         ] GC(44) Skipped phase 1 of Reference Processing: no references
[28.279s][debug][gc,ref         ] GC(44) Skipped phase 3 of Reference Processing: no references
[28.279s][debug][gc,phases      ] GC(44) Reference Processing 0.026ms
[28.279s][debug][gc,phases      ] GC(44) Weak Processing 0.573ms
[28.279s][debug][gc,age         ] GC(44) Desired survivor size 121110528 bytes, new threshold 15 (max threshold 15)
[28.279s][info ][gc,heap        ] GC(44) PSYoungGen: 1871327K(1972224K)->22630K(1978880K) Eden: 1848832K(1848832K)->0K(1857536K) From: 22495K(123392K)->22630K(121344K)
[28.279s][info ][gc,heap        ] GC(44) ParOldGen: 250637K(289792K)->250797K(289792K)
[28.279s][info ][gc,metaspace   ] GC(44) Metaspace: 74758K(75392K)->74758K(75392K) NonClass: 64351K(64640K)->64351K(64640K) Class: 10407K(10752K)->10407K(10752K)
[28.279s][info ][gc             ] GC(44) Pause Young (Allocation Failure) 2072M->267M(2215M) 5.723ms
[28.279s][info ][gc,cpu         ] GC(44) User=0.02s Sys=0.00s Real=0.00s
[28.279s][info ][safepoint      ] Safepoint "ParallelGCFailedAllocation", Time since last: 44135681 ns, Reaching safepoint: 146210 ns, At safepoint: 5830080 ns, Total: 5976290 ns
[28.628s][info ][safepoint      ] Safepoint "ICBufferFull", Time since last: 348456751 ns, Reaching safepoint: 176512 ns, At safepoint: 27502 ns, Total: 204014 ns
[28.758s][info ][gc,start       ] GC(45) Pause Young (Allocation Failure)
[28.765s][debug][gc,phases      ] GC(45) Scavenge 6.597ms
[28.765s][debug][gc,ref         ] GC(45) Skipped phase 1 of Reference Processing: no references
[28.765s][debug][gc,ref         ] GC(45) Skipped phase 3 of Reference Processing: no references
[28.765s][debug][gc,phases      ] GC(45) Reference Processing 0.029ms
[28.766s][debug][gc,phases      ] GC(45) Weak Processing 0.633ms
[28.766s][debug][gc,age         ] GC(45) Desired survivor size 117440512 bytes, new threshold 15 (max threshold 15)
[28.766s][info ][gc,heap        ] GC(45) PSYoungGen: 1880166K(1978880K)->22687K(1975808K) Eden: 1857536K(1857536K)->0K(1857536K) From: 22630K(121344K)->22687K(118272K)
[28.766s][info ][gc,heap        ] GC(45) ParOldGen: 250797K(289792K)->251329K(289792K)
[28.766s][info ][gc,metaspace   ] GC(45) Metaspace: 74769K(75392K)->74769K(75392K) NonClass: 64357K(64640K)->64357K(64640K) Class: 10411K(10752K)->10411K(10752K)
[28.766s][info ][gc             ] GC(45) Pause Young (Allocation Failure) 2081M->267M(2212M) 7.409ms
[28.766s][info ][gc,cpu         ] GC(45) User=0.03s Sys=0.00s Real=0.01s
[28.766s][info ][safepoint      ] Safepoint "ParallelGCFailedAllocation", Time since last: 130262804 ns, Reaching safepoint: 189113 ns, At safepoint: 7525491 ns, Total: 7714604 ns
[29.125s][info ][safepoint      ] Safepoint "ICBufferFull", Time since last: 359140448 ns, Reaching safepoint: 201213 ns, At safepoint: 31202 ns, Total: 232415 ns
[29.244s][info ][gc,start       ] GC(46) Pause Young (Allocation Failure)
[29.254s][debug][gc,phases      ] GC(46) Scavenge 9.301ms
[29.254s][debug][gc,ref         ] GC(46) Skipped phase 1 of Reference Processing: no references
[29.254s][debug][gc,ref         ] GC(46) Skipped phase 3 of Reference Processing: no references
[29.254s][debug][gc,phases      ] GC(46) Reference Processing 0.025ms
[29.254s][debug][gc,phases      ] GC(46) Weak Processing 0.658ms
[29.254s][debug][gc,age         ] GC(46) Desired survivor size 113770496 bytes, new threshold 15 (max threshold 15)
[29.255s][info ][gc,heap        ] GC(46) PSYoungGen: 1880223K(1975808K)->22465K(1986048K) Eden: 1857536K(1857536K)->0K(1871360K) From: 22687K(118272K)->22465K(114688K)
[29.255s][info ][gc,heap        ] GC(46) ParOldGen: 251329K(289792K)->253115K(289792K)
[29.255s][info ][gc,metaspace   ] GC(46) Metaspace: 74788K(75456K)->74788K(75456K) NonClass: 64375K(64704K)->64375K(64704K) Class: 10412K(10752K)->10412K(10752K)
[29.255s][info ][gc             ] GC(46) Pause Young (Allocation Failure) 2081M->269M(2222M) 10.120ms
[29.255s][info ][gc,cpu         ] GC(46) User=0.04s Sys=0.00s Real=0.01s
[29.255s][info ][safepoint      ] Safepoint "ParallelGCFailedAllocation", Time since last: 118967768 ns, Reaching safepoint: 167611 ns, At safepoint: 10236068 ns, Total: 10403679 ns
[29.679s][info ][safepoint      ] Safepoint "ICBufferFull", Time since last: 424474313 ns, Reaching safepoint: 175912 ns, At safepoint: 28501 ns, Total: 204413 ns
[29.749s][info ][gc,start       ] GC(47) Pause Young (Allocation Failure)
[29.756s][debug][gc,phases      ] GC(47) Scavenge 6.773ms
[29.756s][debug][gc,ref         ] GC(47) Skipped phase 1 of Reference Processing: no references
[29.756s][debug][gc,ref         ] GC(47) Skipped phase 3 of Reference Processing: no references
[29.756s][debug][gc,ref         ] GC(47) Skipped phase 4 of Reference Processing: no references
[29.756s][debug][gc,phases      ] GC(47) Reference Processing 0.025ms
[29.757s][debug][gc,phases      ] GC(47) Weak Processing 0.546ms
[29.757s][debug][gc,age         ] GC(47) Desired survivor size 110100480 bytes, new threshold 15 (max threshold 15)
[29.757s][info ][gc,heap        ] GC(47) PSYoungGen: 1893825K(1986048K)->21968K(1982464K) Eden: 1871360K(1871360K)->0K(1871360K) From: 22465K(114688K)->21968K(111104K)
[29.757s][info ][gc,heap        ] GC(47) ParOldGen: 253115K(289792K)->253857K(289792K)
[29.757s][info ][gc,metaspace   ] GC(47) Metaspace: 74815K(75520K)->74815K(75520K) NonClass: 64402K(64768K)->64402K(64768K) Class: 10412K(10752K)->10412K(10752K)
[29.757s][info ][gc             ] GC(47) Pause Young (Allocation Failure) 2096M->269M(2219M) 7.478ms
[29.757s][info ][gc,cpu         ] GC(47) User=0.03s Sys=0.00s Real=0.01s
[29.757s][info ][safepoint      ] Safepoint "ParallelGCFailedAllocation", Time since last: 70032973 ns, Reaching safepoint: 134609 ns, At safepoint: 7599396 ns, Total: 7734005 ns
[30.256s][info ][gc,start       ] GC(48) Pause Young (Allocation Failure)
[30.262s][debug][gc,phases      ] GC(48) Scavenge 6.583ms
[30.262s][debug][gc,ref         ] GC(48) Skipped phase 1 of Reference Processing: no references
[30.262s][debug][gc,ref         ] GC(48) Skipped phase 3 of Reference Processing: no references
[30.262s][debug][gc,ref         ] GC(48) Skipped phase 4 of Reference Processing: no references
[30.262s][debug][gc,phases      ] GC(48) Reference Processing 0.024ms
[30.263s][debug][gc,phases      ] GC(48) Weak Processing 0.534ms
[30.263s][debug][gc,age         ] GC(48) Desired survivor size 109051904 bytes, new threshold 15 (max threshold 15)
[30.263s][info ][gc,heap        ] GC(48) PSYoungGen: 1893328K(1982464K)->5008K(1990656K) Eden: 1871360K(1871360K)->0K(1883136K) From: 21968K(111104K)->5008K(107520K)
[30.263s][info ][gc,heap        ] GC(48) ParOldGen: 253857K(289792K)->271109K(289792K)
[30.263s][info ][gc,metaspace   ] GC(48) Metaspace: 74826K(75520K)->74826K(75520K) NonClass: 64413K(64768K)->64413K(64768K) Class: 10412K(10752K)->10412K(10752K)
[30.263s][info ][gc             ] GC(48) Pause Young (Allocation Failure) 2096M->269M(2227M) 7.295ms
[30.263s][info ][gc,cpu         ] GC(48) User=0.02s Sys=0.00s Real=0.01s
[30.263s][info ][safepoint      ] Safepoint "ParallelGCFailedAllocation", Time since last: 495190229 ns, Reaching safepoint: 3260213 ns, At safepoint: 7410184 ns, Total: 10670397 ns
[30.718s][info ][gc,start       ] GC(49) Pause Young (Allocation Failure)
[30.723s][debug][gc,phases      ] GC(49) Scavenge 5.176ms
[30.723s][debug][gc,ref         ] GC(49) Skipped phase 1 of Reference Processing: no references
[30.723s][debug][gc,ref         ] GC(49) Skipped phase 2 of Reference Processing: no references
[30.723s][debug][gc,ref         ] GC(49) Skipped phase 3 of Reference Processing: no references
[30.723s][debug][gc,ref         ] GC(49) Skipped phase 4 of Reference Processing: no references
[30.723s][debug][gc,phases      ] GC(49) Reference Processing 0.023ms
[30.724s][debug][gc,phases      ] GC(49) Weak Processing 0.557ms
[30.724s][debug][gc,age         ] GC(49) Desired survivor size 107479040 bytes, new threshold 15 (max threshold 15)
[30.724s][info ][gc,heap        ] GC(49) PSYoungGen: 1888144K(1990656K)->4672K(1989632K) Eden: 1883136K(1883136K)->0K(1883136K) From: 5008K(107520K)->4672K(106496K)
[30.724s][info ][gc,heap        ] GC(49) ParOldGen: 271109K(289792K)->271713K(289792K)
[30.724s][info ][gc,metaspace   ] GC(49) Metaspace: 74837K(75520K)->74837K(75520K) NonClass: 64425K(64768K)->64425K(64768K) Class: 10412K(10752K)->10412K(10752K)
[30.724s][info ][gc             ] GC(49) Pause Young (Allocation Failure) 2108M->269M(2226M) 5.893ms
[30.724s][info ][gc,cpu         ] GC(49) User=0.02s Sys=0.00s Real=0.01s
[30.724s][info ][safepoint      ] Safepoint "ParallelGCFailedAllocation", Time since last: 454667584 ns, Reaching safepoint: 158010 ns, At safepoint: 6021793 ns, Total: 6179803 ns
[31.155s][info ][gc,start       ] GC(50) Pause Young (Allocation Failure)
[31.160s][debug][gc,phases      ] GC(50) Scavenge 4.913ms
[31.160s][debug][gc,ref         ] GC(50) Skipped phase 1 of Reference Processing: no references
[31.160s][debug][gc,ref         ] GC(50) Skipped phase 2 of Reference Processing: no references
[31.160s][debug][gc,ref         ] GC(50) Skipped phase 3 of Reference Processing: no references
[31.160s][debug][gc,ref         ] GC(50) Skipped phase 4 of Reference Processing: no references
[31.160s][debug][gc,phases      ] GC(50) Reference Processing 0.024ms
[31.161s][debug][gc,phases      ] GC(50) Weak Processing 0.594ms
[31.161s][debug][gc,age         ] GC(50) Desired survivor size 104857600 bytes, new threshold 15 (max threshold 15)
[31.161s][info ][gc,heap        ] GC(50) PSYoungGen: 1887808K(1989632K)->4768K(1994752K) Eden: 1883136K(1883136K)->0K(1889792K) From: 4672K(106496K)->4768K(104960K)
[31.161s][info ][gc,heap        ] GC(50) ParOldGen: 271713K(289792K)->271849K(289792K)
[31.161s][info ][gc,metaspace   ] GC(50) Metaspace: 74855K(75520K)->74855K(75520K) NonClass: 64441K(64768K)->64441K(64768K) Class: 10413K(10752K)->10413K(10752K)
[31.161s][info ][gc             ] GC(50) Pause Young (Allocation Failure) 2108M->270M(2231M) 5.668ms
[31.161s][info ][gc,cpu         ] GC(50) User=0.02s Sys=0.00s Real=0.01s
[31.161s][info ][safepoint      ] Safepoint "ParallelGCFailedAllocation", Time since last: 431121746 ns, Reaching safepoint: 159110 ns, At safepoint: 5768477 ns, Total: 5927587 ns
[31.577s][info ][safepoint      ] Safepoint "ICBufferFull", Time since last: 414272446 ns, Reaching safepoint: 2190543 ns, At safepoint: 33302 ns, Total: 2223845 ns
[31.703s][info ][gc,start       ] GC(51) Pause Young (Allocation Failure)
[31.709s][debug][gc,phases      ] GC(51) Scavenge 5.330ms
[31.709s][debug][gc,ref         ] GC(51) Skipped phase 1 of Reference Processing: no references
[31.709s][debug][gc,ref         ] GC(51) Skipped phase 2 of Reference Processing: no references
[31.709s][debug][gc,ref         ] GC(51) Skipped phase 3 of Reference Processing: no references
[31.709s][debug][gc,ref         ] GC(51) Skipped phase 4 of Reference Processing: no references
[31.709s][debug][gc,phases      ] GC(51) Reference Processing 0.042ms
[31.709s][debug][gc,phases      ] GC(51) Weak Processing 0.584ms
[31.709s][debug][gc,age         ] GC(51) Desired survivor size 101711872 bytes, new threshold 15 (max threshold 15)
[31.709s][info ][gc,heap        ] GC(51) PSYoungGen: 1894560K(1994752K)->5216K(1992192K) Eden: 1889792K(1889792K)->0K(1889792K) From: 4768K(104960K)->5216K(102400K)
[31.709s][info ][gc,heap        ] GC(51) ParOldGen: 271849K(289792K)->272009K(289792K)
[31.709s][info ][gc,metaspace   ] GC(51) Metaspace: 74859K(75520K)->74859K(75520K) NonClass: 64445K(64768K)->64445K(64768K) Class: 10413K(10752K)->10413K(10752K)
[31.709s][info ][gc             ] GC(51) Pause Young (Allocation Failure) 2115M->270M(2228M) 6.093ms
[31.709s][info ][gc,cpu         ] GC(51) User=0.02s Sys=0.00s Real=0.00s
[31.709s][info ][safepoint      ] Safepoint "ParallelGCFailedAllocation", Time since last: 125682305 ns, Reaching safepoint: 146709 ns, At safepoint: 6206906 ns, Total: 6353615 ns
[32.162s][info ][gc,start       ] GC(52) Pause Young (Allocation Failure)
[32.168s][debug][gc,phases      ] GC(52) Scavenge 6.290ms
[32.168s][debug][gc,ref         ] GC(52) Skipped phase 1 of Reference Processing: no references
[32.168s][debug][gc,ref         ] GC(52) Skipped phase 3 of Reference Processing: no references
[32.168s][debug][gc,ref         ] GC(52) Skipped phase 4 of Reference Processing: no references
[32.168s][debug][gc,phases      ] GC(52) Reference Processing 0.022ms
[32.169s][debug][gc,phases      ] GC(52) Weak Processing 0.563ms
[32.169s][debug][gc,age         ] GC(52) Desired survivor size 98041856 bytes, new threshold 15 (max threshold 15)
[32.169s][info ][gc,heap        ] GC(52) PSYoungGen: 1895008K(1992192K)->5760K(2001408K) Eden: 1889792K(1889792K)->0K(1902080K) From: 5216K(102400K)->5760K(99328K)
[32.169s][info ][gc,heap        ] GC(52) ParOldGen: 272009K(289792K)->272161K(289792K)
[32.169s][info ][gc,metaspace   ] GC(52) Metaspace: 74886K(75520K)->74886K(75520K) NonClass: 64472K(64768K)->64472K(64768K) Class: 10413K(10752K)->10413K(10752K)
[32.169s][info ][gc             ] GC(52) Pause Young (Allocation Failure) 2116M->271M(2237M) 7.008ms
[32.169s][info ][gc,cpu         ] GC(52) User=0.02s Sys=0.00s Real=0.00s
[32.169s][info ][safepoint      ] Safepoint "ParallelGCFailedAllocation", Time since last: 452547644 ns, Reaching safepoint: 110807 ns, At safepoint: 7123865 ns, Total: 7234672 ns
[32.591s][info ][gc,start       ] GC(53) Pause Young (Allocation Failure)
[32.599s][debug][gc,phases      ] GC(53) Scavenge 7.453ms
[32.599s][debug][gc,ref         ] GC(53) Skipped phase 1 of Reference Processing: no references
[32.599s][debug][gc,ref         ] GC(53) Skipped phase 3 of Reference Processing: no references
[32.599s][debug][gc,ref         ] GC(53) Skipped phase 4 of Reference Processing: no references
[32.599s][debug][gc,phases      ] GC(53) Reference Processing 0.023ms
[32.600s][debug][gc,phases      ] GC(53) Weak Processing 0.576ms
[32.600s][debug][gc,age         ] GC(53) Desired survivor size 94371840 bytes, new threshold 15 (max threshold 15)
[32.600s][info ][gc,heap        ] GC(53) PSYoungGen: 1907840K(2001408K)->6816K(1997824K) Eden: 1902080K(1902080K)->0K(1902080K) From: 5760K(99328K)->6816K(95744K)
[32.600s][info ][gc,heap        ] GC(53) ParOldGen: 272161K(289792K)->272297K(289792K)
[32.600s][info ][gc,metaspace   ] GC(53) Metaspace: 74898K(75520K)->74898K(75520K) NonClass: 64484K(64768K)->64484K(64768K) Class: 10413K(10752K)->10413K(10752K)
[32.600s][info ][gc             ] GC(53) Pause Young (Allocation Failure) 2128M->272M(2234M) 8.185ms
[32.600s][info ][gc,cpu         ] GC(53) User=0.03s Sys=0.00s Real=0.01s
[32.600s][info ][safepoint      ] Safepoint "ParallelGCFailedAllocation", Time since last: 422097056 ns, Reaching safepoint: 177311 ns, At safepoint: 8316043 ns, Total: 8493354 ns
[32.840s][info ][safepoint      ] Safepoint "ICBufferFull", Time since last: 240408094 ns, Reaching safepoint: 138709 ns, At safepoint: 21002 ns, Total: 159711 ns
[33.133s][info ][gc,start       ] GC(54) Pause Young (Allocation Failure)
[33.145s][debug][gc,phases      ] GC(54) Scavenge 12.050ms
[33.145s][debug][gc,ref         ] GC(54) Skipped phase 1 of Reference Processing: no references
[33.145s][debug][gc,ref         ] GC(54) Skipped phase 2 of Reference Processing: no references
[33.145s][debug][gc,ref         ] GC(54) Skipped phase 3 of Reference Processing: no references
[33.145s][debug][gc,ref         ] GC(54) Skipped phase 4 of Reference Processing: no references
[33.145s][debug][gc,phases      ] GC(54) Reference Processing 0.027ms
[33.146s][debug][gc,phases      ] GC(54) Weak Processing 0.726ms
[33.146s][debug][gc,age         ] GC(54) Desired survivor size 90177536 bytes, new threshold 15 (max threshold 15)
[33.146s][info ][gc,heap        ] GC(54) PSYoungGen: 1908896K(1997824K)->8000K(2009088K) Eden: 1902080K(1902080K)->0K(1916928K) From: 6816K(95744K)->8000K(92160K)
[33.146s][info ][gc,heap        ] GC(54) ParOldGen: 272297K(289792K)->272449K(289792K)
[33.146s][info ][gc,metaspace   ] GC(54) Metaspace: 74908K(75584K)->74908K(75584K) NonClass: 64494K(64832K)->64494K(64832K) Class: 10413K(10752K)->10413K(10752K)
[33.146s][info ][gc             ] GC(54) Pause Young (Allocation Failure) 2130M->273M(2245M) 12.945ms
[33.146s][info ][gc,cpu         ] GC(54) User=0.04s Sys=0.00s Real=0.01s
[33.146s][info ][safepoint      ] Safepoint "ParallelGCFailedAllocation", Time since last: 288019402 ns, Reaching safepoint: 4273779 ns, At safepoint: 13083154 ns, Total: 17356933 ns
[33.684s][info ][safepoint      ] Safepoint "ICBufferFull", Time since last: 536205204 ns, Reaching safepoint: 2234046 ns, At safepoint: 26802 ns, Total: 2260848 ns
[33.769s][info ][gc,start       ] GC(55) Pause Young (Allocation Failure)
[33.777s][debug][gc,phases      ] GC(55) Scavenge 7.926ms
[33.777s][debug][gc,ref         ] GC(55) Skipped phase 1 of Reference Processing: no references
[33.777s][debug][gc,ref         ] GC(55) Skipped phase 3 of Reference Processing: no references
[33.777s][debug][gc,phases      ] GC(55) Reference Processing 0.021ms
[33.777s][debug][gc,phases      ] GC(55) Weak Processing 0.569ms
[33.777s][debug][gc,age         ] GC(55) Desired survivor size 85458944 bytes, new threshold 15 (max threshold 15)
[33.777s][info ][gc,heap        ] GC(55) PSYoungGen: 1924928K(2009088K)->8160K(2004992K) Eden: 1916928K(1916928K)->0K(1916928K) From: 8000K(92160K)->8160K(88064K)
[33.777s][info ][gc,heap        ] GC(55) ParOldGen: 272449K(289792K)->272649K(289792K)
[33.777s][info ][gc,metaspace   ] GC(55) Metaspace: 74935K(75584K)->74935K(75584K) NonClass: 64520K(64832K)->64520K(64832K) Class: 10415K(10752K)->10415K(10752K)
[33.777s][info ][gc             ] GC(55) Pause Young (Allocation Failure) 2145M->274M(2241M) 8.657ms
[33.777s][info ][gc,cpu         ] GC(55) User=0.03s Sys=0.00s Real=0.01s
[33.777s][info ][safepoint      ] Safepoint "ParallelGCFailedAllocation", Time since last: 80161532 ns, Reaching safepoint: 4297981 ns, At safepoint: 8796474 ns, Total: 13094455 ns
[34.235s][info ][safepoint      ] Safepoint "ICBufferFull", Time since last: 457288452 ns, Reaching safepoint: 724647 ns, At safepoint: 22802 ns, Total: 747449 ns
[34.381s][info ][gc,start       ] GC(56) Pause Young (Allocation Failure)
[34.399s][debug][gc,phases      ] GC(56) Scavenge 17.851ms
[34.399s][debug][gc,ref         ] GC(56) Skipped phase 1 of Reference Processing: no references
[34.399s][debug][gc,ref         ] GC(56) Skipped phase 3 of Reference Processing: no references
[34.399s][debug][gc,phases      ] GC(56) Reference Processing 0.023ms
[34.399s][debug][gc,phases      ] GC(56) Weak Processing 0.579ms
[34.399s][debug][gc,age         ] GC(56) Desired survivor size 79691776 bytes, new threshold 15 (max threshold 15)
[34.400s][info ][gc,heap        ] GC(56) PSYoungGen: 1925088K(2004992K)->17504K(2019328K) Eden: 1916928K(1916928K)->0K(1935872K) From: 8160K(88064K)->17504K(83456K)
[34.400s][info ][gc,heap        ] GC(56) ParOldGen: 272649K(289792K)->272865K(289792K)
[34.400s][info ][gc,metaspace   ] GC(56) Metaspace: 74965K(75584K)->74965K(75584K) NonClass: 64549K(64832K)->64549K(64832K) Class: 10416K(10752K)->10416K(10752K)
[34.400s][info ][gc             ] GC(56) Pause Young (Allocation Failure) 2146M->283M(2255M) 18.642ms
[34.400s][info ][gc,cpu         ] GC(56) User=0.06s Sys=0.00s Real=0.01s
[34.400s][info ][safepoint      ] Safepoint "ParallelGCFailedAllocation", Time since last: 145266283 ns, Reaching safepoint: 189612 ns, At safepoint: 18756324 ns, Total: 18945936 ns
[34.888s][info ][gc,start       ] GC(57) Pause Young (Allocation Failure)
[34.902s][debug][gc,phases      ] GC(57) Scavenge 13.868ms
[34.902s][debug][gc,ref         ] GC(57) Skipped phase 1 of Reference Processing: no references
[34.902s][debug][gc,ref         ] GC(57) Skipped phase 3 of Reference Processing: no references
[34.902s][debug][gc,ref         ] GC(57) Skipped phase 4 of Reference Processing: no references
[34.902s][debug][gc,phases      ] GC(57) Reference Processing 0.023ms
[34.902s][debug][gc,phases      ] GC(57) Weak Processing 0.581ms
[34.902s][debug][gc,age         ] GC(57) Desired survivor size 74448896 bytes, new threshold 15 (max threshold 15)
[34.902s][info ][gc,heap        ] GC(57) PSYoungGen: 1953376K(2019328K)->18144K(2013696K) Eden: 1935872K(1935872K)->0K(1935872K) From: 17504K(83456K)->18144K(77824K)
[34.902s][info ][gc,heap        ] GC(57) ParOldGen: 272865K(289792K)->273073K(289792K)
[34.902s][info ][gc,metaspace   ] GC(57) Metaspace: 74965K(75584K)->74965K(75584K) NonClass: 64549K(64832K)->64549K(64832K) Class: 10416K(10752K)->10416K(10752K)
[34.902s][info ][gc             ] GC(57) Pause Young (Allocation Failure) 2174M->284M(2249M) 14.623ms
[34.902s][info ][gc,cpu         ] GC(57) User=0.05s Sys=0.00s Real=0.02s
[34.902s][info ][safepoint      ] Safepoint "ParallelGCFailedAllocation", Time since last: 486912585 ns, Reaching safepoint: 1002965 ns, At safepoint: 14746963 ns, Total: 15749928 ns
[35.409s][info ][gc,start       ] GC(58) Pause Young (Allocation Failure)
[35.424s][debug][gc,phases      ] GC(58) Scavenge 15.471ms
[35.424s][debug][gc,ref         ] GC(58) Skipped phase 1 of Reference Processing: no references
[35.424s][debug][gc,ref         ] GC(58) Skipped phase 3 of Reference Processing: no references
[35.424s][debug][gc,ref         ] GC(58) Skipped phase 4 of Reference Processing: no references
[35.424s][debug][gc,phases      ] GC(58) Reference Processing 0.023ms
[35.425s][debug][gc,phases      ] GC(58) Weak Processing 0.557ms
[35.425s][debug][gc,age         ] GC(58) Desired survivor size 69206016 bytes, new threshold 15 (max threshold 15)
[35.425s][info ][gc,heap        ] GC(58) PSYoungGen: 1954016K(2013696K)->18240K(2029568K) Eden: 1935872K(1935872K)->0K(1956864K) From: 18144K(77824K)->18240K(72704K)
[35.425s][info ][gc,heap        ] GC(58) ParOldGen: 273073K(289792K)->273297K(289792K)
[35.425s][info ][gc,metaspace   ] GC(58) Metaspace: 74977K(75648K)->74977K(75648K) NonClass: 64560K(64896K)->64560K(64896K) Class: 10416K(10752K)->10416K(10752K)
[35.425s][info ][gc             ] GC(58) Pause Young (Allocation Failure) 2174M->284M(2265M) 16.220ms
[35.425s][info ][gc,cpu         ] GC(58) User=0.05s Sys=0.00s Real=0.02s
[35.425s][info ][safepoint      ] Safepoint "ParallelGCFailedAllocation", Time since last: 505316086 ns, Reaching safepoint: 1153875 ns, At safepoint: 16336567 ns, Total: 17490442 ns
[35.975s][info ][safepoint      ] Safepoint "ICBufferFull", Time since last: 549917496 ns, Reaching safepoint: 105907 ns, At safepoint: 21001 ns, Total: 126908 ns
[36.021s][info ][gc,start       ] GC(59) Pause Young (Allocation Failure)
[36.035s][debug][gc,phases      ] GC(59) Scavenge 14.670ms
[36.036s][debug][gc,ref         ] GC(59) Skipped phase 1 of Reference Processing: no references
[36.036s][debug][gc,ref         ] GC(59) Skipped phase 3 of Reference Processing: no references
[36.036s][debug][gc,ref         ] GC(59) Skipped phase 4 of Reference Processing: no references
[36.036s][debug][gc,phases      ] GC(59) Reference Processing 0.060ms
[36.036s][debug][gc,phases      ] GC(59) Weak Processing 0.630ms
[36.036s][debug][gc,age         ] GC(59) Desired survivor size 64487424 bytes, new threshold 15 (max threshold 15)
[36.036s][info ][gc,heap        ] GC(59) PSYoungGen: 1975104K(2029568K)->18304K(2024448K) Eden: 1956864K(1956864K)->0K(1956864K) From: 18240K(72704K)->18304K(67584K)
[36.036s][info ][gc,heap        ] GC(59) ParOldGen: 273297K(289792K)->273505K(289792K)
[36.036s][info ][gc,metaspace   ] GC(59) Metaspace: 74994K(75648K)->74994K(75648K) NonClass: 64578K(64896K)->64578K(64896K) Class: 10416K(10752K)->10416K(10752K)
[36.036s][info ][gc             ] GC(59) Pause Young (Allocation Failure) 2195M->284M(2260M) 15.516ms
[36.036s][info ][gc,cpu         ] GC(59) User=0.06s Sys=0.00s Real=0.01s
[36.036s][info ][safepoint      ] Safepoint "ParallelGCFailedAllocation", Time since last: 43404033 ns, Reaching safepoint: 2159341 ns, At safepoint: 15637721 ns, Total: 17797062 ns
[36.536s][info ][safepoint      ] Safepoint "ICBufferFull", Time since last: 499378897 ns, Reaching safepoint: 501433 ns, At safepoint: 25202 ns, Total: 526635 ns
[36.607s][info ][gc,start       ] GC(60) Pause Young (Allocation Failure)
[36.624s][debug][gc,phases      ] GC(60) Scavenge 17.602ms
[36.624s][debug][gc,ref         ] GC(60) Skipped phase 1 of Reference Processing: no references
[36.624s][debug][gc,ref         ] GC(60) Skipped phase 3 of Reference Processing: no references
[36.624s][debug][gc,ref         ] GC(60) Skipped phase 4 of Reference Processing: no references
[36.624s][debug][gc,phases      ] GC(60) Reference Processing 0.023ms
[36.625s][debug][gc,phases      ] GC(60) Weak Processing 0.553ms
[36.625s][debug][gc,age         ] GC(60) Desired survivor size 60293120 bytes, new threshold 15 (max threshold 15)
[36.625s][info ][gc,heap        ] GC(60) PSYoungGen: 1975168K(2024448K)->18112K(2038272K) Eden: 1956864K(1956864K)->0K(1975296K) From: 18304K(67584K)->18112K(62976K)
[36.625s][info ][gc,heap        ] GC(60) ParOldGen: 273505K(289792K)->274033K(289792K)
[36.625s][info ][gc,metaspace   ] GC(60) Metaspace: 74994K(75648K)->74994K(75648K) NonClass: 64578K(64896K)->64578K(64896K) Class: 10416K(10752K)->10416K(10752K)
[36.625s][info ][gc             ] GC(60) Pause Young (Allocation Failure) 2195M->285M(2273M) 18.287ms
[36.625s][info ][gc,cpu         ] GC(60) User=0.05s Sys=0.02s Real=0.02s
[36.625s][info ][safepoint      ] Safepoint "ParallelGCFailedAllocation", Time since last: 70400795 ns, Reaching safepoint: 126108 ns, At safepoint: 18392001 ns, Total: 18518109 ns
[37.129s][info ][safepoint      ] Safepoint "ICBufferFull", Time since last: 503936494 ns, Reaching safepoint: 152810 ns, At safepoint: 27001 ns, Total: 179811 ns
[37.137s][info ][gc,start       ] GC(61) Pause Young (Allocation Failure)
[37.151s][debug][gc,phases      ] GC(61) Scavenge 14.517ms
[37.151s][debug][gc,ref         ] GC(61) Skipped phase 1 of Reference Processing: no references
[37.151s][debug][gc,ref         ] GC(61) Skipped phase 3 of Reference Processing: no references
[37.151s][debug][gc,ref         ] GC(61) Skipped phase 4 of Reference Processing: no references
[37.151s][debug][gc,phases      ] GC(61) Reference Processing 0.023ms
[37.152s][debug][gc,phases      ] GC(61) Weak Processing 0.585ms
[37.152s][debug][gc,age         ] GC(61) Desired survivor size 57147392 bytes, new threshold 15 (max threshold 15)
[37.152s][info ][gc,heap        ] GC(61) PSYoungGen: 1993408K(2038272K)->16832K(2034176K) Eden: 1975296K(1975296K)->0K(1975296K) From: 18112K(62976K)->16832K(58880K)
[37.152s][info ][gc,heap        ] GC(61) ParOldGen: 274033K(289792K)->275673K(289792K)
[37.152s][info ][gc,metaspace   ] GC(61) Metaspace: 74998K(75648K)->74998K(75648K) NonClass: 64582K(64896K)->64582K(64896K) Class: 10416K(10752K)->10416K(10752K)
[37.152s][info ][gc             ] GC(61) Pause Young (Allocation Failure) 2214M->285M(2269M) 15.235ms
[37.152s][info ][gc,cpu         ] GC(61) User=0.05s Sys=0.00s Real=0.02s
[37.152s][info ][safepoint      ] Safepoint "ParallelGCFailedAllocation", Time since last: 7174269 ns, Reaching safepoint: 131208 ns, At safepoint: 15355602 ns, Total: 15486810 ns
[37.670s][info ][gc,start       ] GC(62) Pause Young (Allocation Failure)
[37.684s][debug][gc,phases      ] GC(62) Scavenge 13.236ms
[37.684s][debug][gc,ref         ] GC(62) Skipped phase 1 of Reference Processing: no references
[37.684s][debug][gc,ref         ] GC(62) Skipped phase 3 of Reference Processing: no references
[37.684s][debug][gc,ref         ] GC(62) Skipped phase 4 of Reference Processing: no references
[37.684s][debug][gc,phases      ] GC(62) Reference Processing 0.023ms
[37.684s][debug][gc,phases      ] GC(62) Weak Processing 0.596ms
[37.684s][debug][gc,age         ] GC(62) Desired survivor size 53477376 bytes, new threshold 15 (max threshold 15)
[37.684s][info ][gc,heap        ] GC(62) PSYoungGen: 1992128K(2034176K)->16992K(2044928K) Eden: 1975296K(1975296K)->0K(1989120K) From: 16832K(58880K)->16992K(55808K)
[37.684s][info ][gc,heap        ] GC(62) ParOldGen: 275673K(289792K)->275889K(289792K)
[37.684s][info ][gc,metaspace   ] GC(62) Metaspace: 74998K(75648K)->74998K(75648K) NonClass: 64582K(64896K)->64582K(64896K) Class: 10416K(10752K)->10416K(10752K)
[37.684s][info ][gc             ] GC(62) Pause Young (Allocation Failure) 2214M->286M(2280M) 13.971ms
[37.684s][info ][gc,cpu         ] GC(62) User=0.05s Sys=0.00s Real=0.02s
[37.684s][info ][safepoint      ] Safepoint "ParallelGCFailedAllocation", Time since last: 516078186 ns, Reaching safepoint: 2164442 ns, At safepoint: 14086119 ns, Total: 16250561 ns
[38.232s][info ][safepoint      ] Safepoint "ICBufferFull", Time since last: 540955209 ns, Reaching safepoint: 6733740 ns, At safepoint: 30502 ns, Total: 6764242 ns
[38.487s][info ][gc,start       ] GC(63) Pause Young (Allocation Failure)
[38.524s][debug][gc,phases      ] GC(63) Scavenge 36.218ms
[38.524s][debug][gc,ref         ] GC(63) Skipped phase 1 of Reference Processing: no references
[38.524s][debug][gc,ref         ] GC(63) Skipped phase 3 of Reference Processing: no references
[38.524s][debug][gc,ref         ] GC(63) Skipped phase 4 of Reference Processing: no references
[38.524s][debug][gc,phases      ] GC(63) Reference Processing 0.033ms
[38.524s][debug][gc,phases      ] GC(63) Weak Processing 0.634ms
[38.524s][debug][gc,age         ] GC(63) Desired survivor size 50331648 bytes, new threshold 15 (max threshold 15)
[38.524s][info ][gc,heap        ] GC(63) PSYoungGen: 2006112K(2044928K)->17120K(2041344K) Eden: 1989120K(1989120K)->0K(1989120K) From: 16992K(55808K)->17120K(52224K)
[38.524s][info ][gc,heap        ] GC(63) ParOldGen: 275889K(289792K)->276169K(289792K)
[38.525s][info ][gc,metaspace   ] GC(63) Metaspace: 75008K(75712K)->75008K(75712K) NonClass: 64591K(64960K)->64591K(64960K) Class: 10416K(10752K)->10416K(10752K)
[38.525s][info ][gc             ] GC(63) Pause Young (Allocation Failure) 2228M->286M(2276M) 37.049ms
[38.525s][info ][gc,cpu         ] GC(63) User=0.06s Sys=0.00s Real=0.04s
[38.525s][info ][safepoint      ] Safepoint "ParallelGCFailedAllocation", Time since last: 244258243 ns, Reaching safepoint: 11147127 ns, At safepoint: 37204829 ns, Total: 48351956 ns
[38.979s][info ][safepoint      ] Safepoint "ICBufferFull", Time since last: 450730619 ns, Reaching safepoint: 3818249 ns, At safepoint: 39303 ns, Total: 3857552 ns
[39.231s][info ][gc,start       ] GC(64) Pause Young (Allocation Failure)
[39.249s][debug][gc,phases      ] GC(64) Scavenge 17.778ms
[39.249s][debug][gc,ref         ] GC(64) Skipped phase 1 of Reference Processing: no references
[39.249s][debug][gc,ref         ] GC(64) Skipped phase 3 of Reference Processing: no references
[39.249s][debug][gc,ref         ] GC(64) Skipped phase 4 of Reference Processing: no references
[39.249s][debug][gc,phases      ] GC(64) Reference Processing 0.024ms
[39.249s][debug][gc,phases      ] GC(64) Weak Processing 0.711ms
[39.249s][debug][gc,age         ] GC(64) Desired survivor size 47710208 bytes, new threshold 15 (max threshold 15)
[39.249s][info ][gc,heap        ] GC(64) PSYoungGen: 2006240K(2041344K)->17280K(2050560K) Eden: 1989120K(1989120K)->0K(2001408K) From: 17120K(52224K)->17280K(49152K)
[39.249s][info ][gc,heap        ] GC(64) ParOldGen: 276169K(289792K)->276401K(289792K)
[39.249s][info ][gc,metaspace   ] GC(64) Metaspace: 75020K(75712K)->75020K(75712K) NonClass: 64603K(64960K)->64603K(64960K) Class: 10416K(10752K)->10416K(10752K)
[39.249s][info ][gc             ] GC(64) Pause Young (Allocation Failure) 2228M->286M(2285M) 18.681ms
[39.249s][info ][gc,cpu         ] GC(64) User=0.05s Sys=0.00s Real=0.02s
[39.249s][info ][safepoint      ] Safepoint "ParallelGCFailedAllocation", Time since last: 250999182 ns, Reaching safepoint: 470331 ns, At safepoint: 18794627 ns, Total: 19264958 ns
[39.802s][info ][gc,start       ] GC(65) Pause Young (Allocation Failure)
[39.814s][debug][gc,phases      ] GC(65) Scavenge 11.748ms
[39.814s][debug][gc,ref         ] GC(65) Skipped phase 1 of Reference Processing: no references
[39.814s][debug][gc,ref         ] GC(65) Skipped phase 3 of Reference Processing: no references
[39.814s][debug][gc,ref         ] GC(65) Skipped phase 4 of Reference Processing: no references
[39.814s][debug][gc,phases      ] GC(65) Reference Processing 0.024ms
[39.814s][debug][gc,phases      ] GC(65) Weak Processing 0.554ms
[39.814s][debug][gc,age         ] GC(65) Desired survivor size 45088768 bytes, new threshold 15 (max threshold 15)
[39.814s][info ][gc,heap        ] GC(65) PSYoungGen: 2018688K(2050560K)->17440K(2048000K) Eden: 2001408K(2001408K)->0K(2001408K) From: 17280K(49152K)->17440K(46592K)
[39.814s][info ][gc,heap        ] GC(65) ParOldGen: 276401K(289792K)->276641K(289792K)
[39.814s][info ][gc,metaspace   ] GC(65) Metaspace: 75027K(75712K)->75027K(75712K) NonClass: 64610K(64960K)->64610K(64960K) Class: 10416K(10752K)->10416K(10752K)
[39.815s][info ][gc             ] GC(65) Pause Young (Allocation Failure) 2241M->287M(2283M) 12.471ms
[39.815s][info ][gc,cpu         ] GC(65) User=0.05s Sys=0.00s Real=0.01s
[39.815s][info ][safepoint      ] Safepoint "ParallelGCFailedAllocation", Time since last: 551942424 ns, Reaching safepoint: 589139 ns, At safepoint: 12588421 ns, Total: 13177560 ns
[40.307s][info ][gc,start       ] GC(66) Pause Young (Allocation Failure)
[40.321s][debug][gc,phases      ] GC(66) Scavenge 13.721ms
[40.321s][debug][gc,ref         ] GC(66) Skipped phase 1 of Reference Processing: no references
[40.321s][debug][gc,ref         ] GC(66) Skipped phase 3 of Reference Processing: no references
[40.321s][debug][gc,ref         ] GC(66) Skipped phase 4 of Reference Processing: no references
[40.321s][debug][gc,phases      ] GC(66) Reference Processing 0.023ms
[40.321s][debug][gc,phases      ] GC(66) Weak Processing 0.588ms
[40.321s][debug][gc,age         ] GC(66) Desired survivor size 42991616 bytes, new threshold 15 (max threshold 15)
[40.321s][info ][gc,heap        ] GC(66) PSYoungGen: 2018848K(2048000K)->17344K(2055168K) Eden: 2001408K(2001408K)->0K(2011136K) From: 17440K(46592K)->17344K(44032K)
[40.321s][info ][gc,heap        ] GC(66) ParOldGen: 276641K(289792K)->277217K(289792K)
[40.321s][info ][gc,metaspace   ] GC(66) Metaspace: 75088K(75776K)->75088K(75776K) NonClass: 64672K(65024K)->64672K(65024K) Class: 10416K(10752K)->10416K(10752K)
[40.321s][info ][gc             ] GC(66) Pause Young (Allocation Failure) 2241M->287M(2290M) 14.480ms
[40.321s][info ][gc,cpu         ] GC(66) User=0.05s Sys=0.00s Real=0.02s
[40.321s][info ][safepoint      ] Safepoint "ParallelGCFailedAllocation", Time since last: 490123790 ns, Reaching safepoint: 2172041 ns, At safepoint: 14596253 ns, Total: 16768294 ns
[40.840s][info ][gc,start       ] GC(67) Pause Young (Allocation Failure)
[40.852s][debug][gc,phases      ] GC(67) Scavenge 12.475ms
[40.852s][debug][gc,ref         ] GC(67) Skipped phase 1 of Reference Processing: no references
[40.852s][debug][gc,ref         ] GC(67) Skipped phase 3 of Reference Processing: no references
[40.852s][debug][gc,ref         ] GC(67) Skipped phase 4 of Reference Processing: no references
[40.852s][debug][gc,phases      ] GC(67) Reference Processing 0.032ms
[40.853s][debug][gc,phases      ] GC(67) Weak Processing 0.556ms
[40.853s][debug][gc,age         ] GC(67) Desired survivor size 40370176 bytes, new threshold 15 (max threshold 15)
[40.853s][info ][gc,heap        ] GC(67) PSYoungGen: 2028480K(2055168K)->17024K(2053120K) Eden: 2011136K(2011136K)->0K(2011136K) From: 17344K(44032K)->17024K(41984K)
[40.853s][info ][gc,heap        ] GC(67) ParOldGen: 277217K(289792K)->278001K(289792K)
[40.853s][info ][gc,metaspace   ] GC(67) Metaspace: 75091K(75776K)->75091K(75776K) NonClass: 64675K(65024K)->64675K(65024K) Class: 10416K(10752K)->10416K(10752K)
[40.853s][info ][gc             ] GC(67) Pause Young (Allocation Failure) 2251M->288M(2288M) 13.225ms
[40.853s][info ][gc,cpu         ] GC(67) User=0.04s Sys=0.00s Real=0.01s
[40.853s][info ][safepoint      ] Safepoint "ParallelGCFailedAllocation", Time since last: 516041780 ns, Reaching safepoint: 2215245 ns, At safepoint: 13346971 ns, Total: 15562216 ns
[41.405s][info ][gc,start       ] GC(68) Pause Young (Allocation Failure)
[41.421s][debug][gc,phases      ] GC(68) Scavenge 15.607ms
[41.421s][debug][gc,ref         ] GC(68) Skipped phase 1 of Reference Processing: no references
[41.421s][debug][gc,ref         ] GC(68) Skipped phase 3 of Reference Processing: no references
[41.421s][debug][gc,ref         ] GC(68) Skipped phase 4 of Reference Processing: no references
[41.421s][debug][gc,phases      ] GC(68) Reference Processing 0.032ms
[41.422s][debug][gc,phases      ] GC(68) Weak Processing 0.673ms
[41.422s][debug][gc,age         ] GC(68) Desired survivor size 38797312 bytes, new threshold 15 (max threshold 15)
[41.422s][info ][gc,heap        ] GC(68) PSYoungGen: 2028160K(2053120K)->16416K(2059264K) Eden: 2011136K(2011136K)->0K(2019840K) From: 17024K(41984K)->16416K(39424K)
[41.422s][info ][gc,heap        ] GC(68) ParOldGen: 278001K(289792K)->279153K(289792K)
[41.422s][info ][gc,metaspace   ] GC(68) Metaspace: 75092K(75776K)->75092K(75776K) NonClass: 64676K(65024K)->64676K(65024K) Class: 10416K(10752K)->10416K(10752K)
[41.422s][info ][gc             ] GC(68) Pause Young (Allocation Failure) 2252M->288M(2294M) 16.478ms
[41.422s][info ][gc,cpu         ] GC(68) User=0.05s Sys=0.02s Real=0.02s
[41.422s][info ][safepoint      ] Safepoint "ParallelGCFailedAllocation", Time since last: 551990126 ns, Reaching safepoint: 144809 ns, At safepoint: 16612085 ns, Total: 16756894 ns
[41.952s][info ][gc,start       ] GC(69) Pause Young (Allocation Failure)
[41.962s][debug][gc,phases      ] GC(69) Scavenge 10.601ms
[41.962s][debug][gc,ref         ] GC(69) Skipped phase 1 of Reference Processing: no references
[41.962s][debug][gc,ref         ] GC(69) Skipped phase 3 of Reference Processing: no references
[41.962s][debug][gc,ref         ] GC(69) Skipped phase 4 of Reference Processing: no references
[41.962s][debug][gc,phases      ] GC(69) Reference Processing 0.025ms
[41.963s][debug][gc,phases      ] GC(69) Weak Processing 0.547ms
[41.963s][debug][gc,age         ] GC(69) Desired survivor size 37224448 bytes, new threshold 15 (max threshold 15)
[41.963s][info ][gc,heap        ] GC(69) PSYoungGen: 2036256K(2059264K)->15680K(2057728K) Eden: 2019840K(2019840K)->0K(2019840K) From: 16416K(39424K)->15680K(37888K)
[41.963s][info ][gc,heap        ] GC(69) ParOldGen: 279153K(289792K)->280481K(289792K)
[41.963s][info ][gc,metaspace   ] GC(69) Metaspace: 75093K(75776K)->75093K(75776K) NonClass: 64677K(65024K)->64677K(65024K) Class: 10416K(10752K)->10416K(10752K)
[41.963s][info ][gc             ] GC(69) Pause Young (Allocation Failure) 2261M->289M(2292M) 11.316ms
[41.963s][info ][gc,cpu         ] GC(69) User=0.04s Sys=0.00s Real=0.02s
[41.963s][info ][safepoint      ] Safepoint "ParallelGCFailedAllocation", Time since last: 529510358 ns, Reaching safepoint: 165210 ns, At safepoint: 11439647 ns, Total: 11604857 ns
[42.507s][info ][gc,start       ] GC(70) Pause Young (Allocation Failure)
[42.520s][debug][gc,phases      ] GC(70) Scavenge 12.553ms
[42.520s][debug][gc,ref         ] GC(70) Skipped phase 1 of Reference Processing: no references
[42.520s][debug][gc,ref         ] GC(70) Skipped phase 3 of Reference Processing: no references
[42.520s][debug][gc,ref         ] GC(70) Skipped phase 4 of Reference Processing: no references
[42.520s][debug][gc,phases      ] GC(70) Reference Processing 0.042ms
[42.520s][debug][gc,phases      ] GC(70) Weak Processing 0.598ms
[42.520s][debug][gc,age         ] GC(70) Desired survivor size 35651584 bytes, new threshold 15 (max threshold 15)
[42.520s][info ][gc,heap        ] GC(70) PSYoungGen: 2035520K(2057728K)->16000K(2062336K) Eden: 2019840K(2019840K)->0K(2025984K) From: 15680K(37888K)->16000K(36352K)
[42.520s][info ][gc,heap        ] GC(70) ParOldGen: 280481K(289792K)->280873K(289792K)
[42.520s][info ][gc,metaspace   ] GC(70) Metaspace: 75096K(75776K)->75096K(75776K) NonClass: 64679K(65024K)->64679K(65024K) Class: 10416K(10752K)->10416K(10752K)
[42.520s][info ][gc             ] GC(70) Pause Young (Allocation Failure) 2261M->289M(2297M) 13.344ms
[42.520s][info ][gc,cpu         ] GC(70) User=0.06s Sys=0.00s Real=0.02s
[42.520s][info ][safepoint      ] Safepoint "ParallelGCFailedAllocation", Time since last: 543788290 ns, Reaching safepoint: 138409 ns, At safepoint: 13464078 ns, Total: 13602487 ns
[43.114s][info ][gc,start       ] GC(71) Pause Young (Allocation Failure)
[43.129s][debug][gc,phases      ] GC(71) Scavenge 14.698ms
[43.129s][debug][gc,ref         ] GC(71) Skipped phase 1 of Reference Processing: no references
[43.129s][debug][gc,ref         ] GC(71) Skipped phase 2 of Reference Processing: no references
[43.129s][debug][gc,ref         ] GC(71) Skipped phase 3 of Reference Processing: no references
[43.129s][debug][gc,ref         ] GC(71) Skipped phase 4 of Reference Processing: no references
[43.129s][debug][gc,phases      ] GC(71) Reference Processing 0.032ms
[43.130s][debug][gc,phases      ] GC(71) Weak Processing 0.667ms
[43.130s][debug][gc,age         ] GC(71) Desired survivor size 35651584 bytes, new threshold 15 (max threshold 15)
[43.130s][info ][gc,heap        ] GC(71) PSYoungGen: 2041984K(2062336K)->7296K(2060800K) Eden: 2025984K(2025984K)->0K(2025984K) From: 16000K(36352K)->7296K(34816K)
[43.130s][info ][gc,heap        ] GC(71) ParOldGen: 280873K(289792K)->290441K(291328K)
[43.130s][info ][gc,metaspace   ] GC(71) Metaspace: 75104K(75776K)->75104K(75776K) NonClass: 64687K(65024K)->64687K(65024K) Class: 10416K(10752K)->10416K(10752K)
[43.130s][info ][gc             ] GC(71) Pause Young (Allocation Failure) 2268M->290M(2297M) 15.559ms
[43.130s][info ][gc,cpu         ] GC(71) User=0.05s Sys=0.00s Real=0.01s
[43.130s][debug][gc,phases      ] GC(72) Pre Compact 0.018ms
[43.130s][info ][gc,start       ] GC(72) Pause Full (Ergonomics)
[43.130s][info ][gc,phases,start] GC(72) Marking Phase
[43.254s][debug][gc,phases      ] GC(72) Par Mark 124.156ms
[43.254s][debug][gc,ref         ] GC(72) Skipped phase 1 of Reference Processing: no references
[43.255s][debug][gc,phases      ] GC(72) Reference Processing 0.724ms
[43.256s][debug][gc,phases      ] GC(72) Weak Processing 0.753ms
[43.256s][debug][gc,phases      ] GC(72) ClassLoaderData 0.069ms
[43.256s][debug][gc,phases      ] GC(72) Trigger cleanups 0.000ms
[43.271s][debug][gc,phases      ] GC(72) Class Unloading 15.096ms
[43.271s][info ][gc,phases      ] GC(72) Marking Phase 140.928ms
[43.271s][info ][gc,phases,start] GC(72) Summary Phase
[43.271s][info ][gc,phases      ] GC(72) Summary Phase 0.010ms
[43.271s][info ][gc,phases,start] GC(72) Adjust Roots
[43.285s][info ][gc,phases      ] GC(72) Adjust Roots 14.183ms
[43.285s][info ][gc,phases,start] GC(72) Compaction Phase
[43.422s][info ][gc,phases      ] GC(72) Compaction Phase 137.286ms
[43.422s][info ][gc,phases,start] GC(72) Post Compact
[43.423s][info ][gc,phases      ] GC(72) Post Compact 0.822ms
[43.423s][info ][gc,heap        ] GC(72) PSYoungGen: 7296K(2060800K)->5167K(2060800K) Eden: 0K(2025984K)->0K(2025984K) From: 7296K(34816K)->5167K(34816K)
[43.423s][info ][gc,heap        ] GC(72) ParOldGen: 290441K(291328K)->291324K(338944K)
[43.423s][info ][gc,metaspace   ] GC(72) Metaspace: 75104K(75776K)->75104K(75776K) NonClass: 64687K(65024K)->64687K(65024K) Class: 10416K(10752K)->10416K(10752K)
[43.424s][info ][gc             ] GC(72) Pause Full (Ergonomics) 290M->289M(2343M) 293.568ms
[43.424s][info ][gc,cpu         ] GC(72) User=1.01s Sys=0.01s Real=0.30s
[43.424s][info ][safepoint      ] Safepoint "ParallelGCFailedAllocation", Time since last: 593810754 ns, Reaching safepoint: 139809 ns, At safepoint: 309369290 ns, Total: 309509099 ns
[43.725s][info ][safepoint      ] Safepoint "ICBufferFull", Time since last: 301373968 ns, Reaching safepoint: 141109 ns, At safepoint: 22501 ns, Total: 163610 ns
[44.325s][info ][safepoint      ] Safepoint "ICBufferFull", Time since last: 599531726 ns, Reaching safepoint: 57904 ns, At safepoint: 7000 ns, Total: 64904 ns
[44.925s][info ][safepoint      ] Safepoint "ICBufferFull", Time since last: 599942652 ns, Reaching safepoint: 76205 ns, At safepoint: 7600 ns, Total: 83805 ns
[45.525s][info ][safepoint      ] Safepoint "ICBufferFull", Time since last: 599984554 ns, Reaching safepoint: 51303 ns, At safepoint: 4400 ns, Total: 55703 ns
[46.125s][info ][safepoint      ] Safepoint "ICBufferFull", Time since last: 600241270 ns, Reaching safepoint: 52203 ns, At safepoint: 5301 ns, Total: 57504 ns
[46.675s][info ][safepoint      ] Safepoint "ICBufferFull", Time since last: 549694570 ns, Reaching safepoint: 208614 ns, At safepoint: 10701 ns, Total: 219315 ns
[47.125s][info ][safepoint      ] Safepoint "ICBufferFull", Time since last: 449656642 ns, Reaching safepoint: 99906 ns, At safepoint: 2800 ns, Total: 102706 ns
[47.775s][info ][safepoint      ] Safepoint "ICBufferFull", Time since last: 649832404 ns, Reaching safepoint: 48003 ns, At safepoint: 6801 ns, Total: 54804 ns
[48.375s][info ][safepoint      ] Safepoint "ICBufferFull", Time since last: 600089157 ns, Reaching safepoint: 69005 ns, At safepoint: 8300 ns, Total: 77305 ns
[48.975s][info ][safepoint      ] Safepoint "ICBufferFull", Time since last: 599934746 ns, Reaching safepoint: 54004 ns, At safepoint: 5800 ns, Total: 59804 ns
[49.975s][info ][safepoint      ] Safepoint "Cleanup", Time since last: 1000111857 ns, Reaching safepoint: 142509 ns, At safepoint: 8901 ns, Total: 151410 ns
[50.975s][info ][safepoint      ] Safepoint "Cleanup", Time since last: 1000086653 ns, Reaching safepoint: 146110 ns, At safepoint: 8800 ns, Total: 154910 ns
[51.976s][info ][safepoint      ] Safepoint "Cleanup", Time since last: 1000121454 ns, Reaching safepoint: 49403 ns, At safepoint: 6301 ns, Total: 55704 ns
[52.976s][info ][safepoint      ] Safepoint "Cleanup", Time since last: 1000108651 ns, Reaching safepoint: 88005 ns, At safepoint: 15201 ns, Total: 103206 ns
[53.976s][info ][safepoint      ] Safepoint "Cleanup", Time since last: 1000114650 ns, Reaching safepoint: 124708 ns, At safepoint: 9801 ns, Total: 134509 ns
[54.976s][info ][safepoint      ] Safepoint "Cleanup", Time since last: 1000114647 ns, Reaching safepoint: 57404 ns, At safepoint: 10501 ns, Total: 67905 ns
[55.976s][info ][safepoint      ] Safepoint "Cleanup", Time since last: 1000104745 ns, Reaching safepoint: 128208 ns, At safepoint: 8901 ns, Total: 137109 ns
[56.977s][info ][safepoint      ] Safepoint "Cleanup", Time since last: 1000109643 ns, Reaching safepoint: 126908 ns, At safepoint: 12201 ns, Total: 139109 ns
[57.977s][info ][safepoint      ] Safepoint "Cleanup", Time since last: 1000069239 ns, Reaching safepoint: 127308 ns, At safepoint: 13301 ns, Total: 140609 ns
[58.977s][info ][safepoint      ] Safepoint "Cleanup", Time since last: 1000083338 ns, Reaching safepoint: 117308 ns, At safepoint: 9301 ns, Total: 126609 ns
[59.676s][info ][gc,start       ] GC(73) Pause Young (Allocation Failure)
[59.710s][debug][gc,phases      ] GC(73) Scavenge 33.456ms
[59.710s][debug][gc,ref         ] GC(73) Skipped phase 1 of Reference Processing: no references
[59.710s][debug][gc,ref         ] GC(73) Skipped phase 2 of Reference Processing: no references
[59.710s][debug][gc,ref         ] GC(73) Skipped phase 3 of Reference Processing: no references
[59.710s][debug][gc,ref         ] GC(73) Skipped phase 4 of Reference Processing: no references
[59.710s][debug][gc,phases      ] GC(73) Reference Processing 0.038ms
[59.710s][debug][gc,phases      ] GC(73) Weak Processing 0.513ms
[59.710s][debug][gc,age         ] GC(73) Desired survivor size 35651584 bytes, new threshold 15 (max threshold 15)
[59.710s][info ][gc,heap        ] GC(73) PSYoungGen: 2031151K(2060800K)->6496K(2062336K) Eden: 2025984K(2025984K)->0K(2027520K) From: 5167K(34816K)->6496K(34816K)
[59.710s][info ][gc,heap        ] GC(73) ParOldGen: 291324K(338944K)->291780K(338944K)
[59.710s][info ][gc,metaspace   ] GC(73) Metaspace: 75225K(75904K)->75225K(75904K) NonClass: 64807K(65152K)->64807K(65152K) Class: 10417K(10752K)->10417K(10752K)
[59.710s][info ][gc             ] GC(73) Pause Young (Allocation Failure) 2268M->291M(2345M) 34.144ms
[59.710s][info ][gc,cpu         ] GC(73) User=0.13s Sys=0.00s Real=0.03s
[59.710s][info ][safepoint      ] Safepoint "ParallelGCFailedAllocation", Time since last: 699040499 ns, Reaching safepoint: 46303 ns, At safepoint: 34228532 ns, Total: 34274835 ns
[60.711s][info ][safepoint      ] Safepoint "Cleanup", Time since last: 1000077535 ns, Reaching safepoint: 74405 ns, At safepoint: 8100 ns, Total: 82505 ns
[61.711s][info ][safepoint      ] Safepoint "Cleanup", Time since last: 1000110535 ns, Reaching safepoint: 71705 ns, At safepoint: 9000 ns, Total: 80705 ns
[62.711s][info ][safepoint      ] Safepoint "Cleanup", Time since last: 1000115533 ns, Reaching safepoint: 66305 ns, At safepoint: 9400 ns, Total: 75705 ns
[63.711s][info ][safepoint      ] Safepoint "Cleanup", Time since last: 1000111831 ns, Reaching safepoint: 61004 ns, At safepoint: 7501 ns, Total: 68505 ns
[64.711s][info ][safepoint      ] Safepoint "Cleanup", Time since last: 1000106729 ns, Reaching safepoint: 63304 ns, At safepoint: 9000 ns, Total: 72304 ns
[65.712s][info ][safepoint      ] Safepoint "Cleanup", Time since last: 1000114328 ns, Reaching safepoint: 63204 ns, At safepoint: 12201 ns, Total: 75405 ns
[66.712s][info ][safepoint      ] Safepoint "Cleanup", Time since last: 1000081223 ns, Reaching safepoint: 53004 ns, At safepoint: 2900 ns, Total: 55904 ns
[67.712s][info ][safepoint      ] Safepoint "Cleanup", Time since last: 1000106823 ns, Reaching safepoint: 57004 ns, At safepoint: 10901 ns, Total: 67905 ns
[68.712s][info ][safepoint      ] Safepoint "Cleanup", Time since last: 1000122822 ns, Reaching safepoint: 51404 ns, At safepoint: 3600 ns, Total: 55004 ns
[69.712s][info ][safepoint      ] Safepoint "Cleanup", Time since last: 1000110120 ns, Reaching safepoint: 56803 ns, At safepoint: 6301 ns, Total: 63104 ns
[70.712s][info ][safepoint      ] Safepoint "Cleanup", Time since last: 1000109518 ns, Reaching safepoint: 54203 ns, At safepoint: 16601 ns, Total: 70804 ns
[71.713s][info ][safepoint      ] Safepoint "Cleanup", Time since last: 1000091815 ns, Reaching safepoint: 68205 ns, At safepoint: 6400 ns, Total: 74605 ns
[72.713s][info ][safepoint      ] Safepoint "Cleanup", Time since last: 1000117415 ns, Reaching safepoint: 68405 ns, At safepoint: 5700 ns, Total: 74105 ns
[73.713s][info ][safepoint      ] Safepoint "Cleanup", Time since last: 1000101612 ns, Reaching safepoint: 55104 ns, At safepoint: 18201 ns, Total: 73305 ns
[74.713s][info ][safepoint      ] Safepoint "Cleanup", Time since last: 1000107210 ns, Reaching safepoint: 39503 ns, At safepoint: 2800 ns, Total: 42303 ns
[75.713s][info ][safepoint      ] Safepoint "Cleanup", Time since last: 1000108809 ns, Reaching safepoint: 51603 ns, At safepoint: 8601 ns, Total: 60204 ns
[76.922s][info ][safepoint      ] Safepoint "ICBufferFull", Time since last: 1208812414 ns, Reaching safepoint: 221015 ns, At safepoint: 9900 ns, Total: 230915 ns
[78.411s][info ][safepoint      ] Safepoint "Cleanup", Time since last: 1488678758 ns, Reaching safepoint: 179012 ns, At safepoint: 9501 ns, Total: 188513 ns
[79.411s][info ][safepoint      ] Safepoint "Cleanup", Time since last: 1000115202 ns, Reaching safepoint: 51704 ns, At safepoint: 5800 ns, Total: 57504 ns
[82.412s][info ][safepoint      ] Safepoint "Cleanup", Time since last: 3000239590 ns, Reaching safepoint: 53904 ns, At safepoint: 8100 ns, Total: 62004 ns
[84.412s][info ][safepoint      ] Safepoint "Cleanup", Time since last: 2000191787 ns, Reaching safepoint: 49303 ns, At safepoint: 3500 ns, Total: 52803 ns
[85.412s][info ][safepoint      ] Safepoint "Cleanup", Time since last: 1000115092 ns, Reaching safepoint: 71705 ns, At safepoint: 7000 ns, Total: 78705 ns
[87.412s][info ][safepoint      ] Safepoint "Cleanup", Time since last: 2000185976 ns, Reaching safepoint: 52603 ns, At safepoint: 3200 ns, Total: 55803 ns
[91.413s][info ][safepoint      ] Safepoint "Cleanup", Time since last: 4000305626 ns, Reaching safepoint: 71204 ns, At safepoint: 6701 ns, Total: 77905 ns
[92.413s][info ][safepoint      ] Safepoint "Cleanup", Time since last: 1000098578 ns, Reaching safepoint: 55504 ns, At safepoint: 2900 ns, Total: 58404 ns
[96.413s][info ][safepoint      ] Safepoint "Cleanup", Time since last: 4000286889 ns, Reaching safepoint: 51304 ns, At safepoint: 3100 ns, Total: 54404 ns
[98.413s][info ][safepoint      ] Safepoint "Cleanup", Time since last: 2000194537 ns, Reaching safepoint: 48504 ns, At safepoint: 2600 ns, Total: 51104 ns
[104.414s][info ][safepoint      ] Safepoint "Cleanup", Time since last: 6000347856 ns, Reaching safepoint: 50203 ns, At safepoint: 5800 ns, Total: 56003 ns
[105.414s][info ][safepoint      ] Safepoint "Cleanup", Time since last: 1000103456 ns, Reaching safepoint: 49304 ns, At safepoint: 2900 ns, Total: 52204 ns
[106.414s][info ][safepoint      ] Safepoint "Cleanup", Time since last: 1000115355 ns, Reaching safepoint: 58604 ns, At safepoint: 6400 ns, Total: 65004 ns
[111.415s][info ][safepoint      ] Safepoint "Cleanup", Time since last: 5000386739 ns, Reaching safepoint: 54004 ns, At safepoint: 3300 ns, Total: 57304 ns
[117.415s][info ][safepoint      ] Safepoint "Cleanup", Time since last: 6000412927 ns, Reaching safepoint: 50304 ns, At safepoint: 3100 ns, Total: 53404 ns
[122.415s][info ][safepoint      ] Safepoint "Cleanup", Time since last: 5000361045 ns, Reaching safepoint: 59704 ns, At safepoint: 10600 ns, Total: 70304 ns
[123.416s][info ][safepoint      ] Safepoint "Cleanup", Time since last: 1000110927 ns, Reaching safepoint: 55403 ns, At safepoint: 8001 ns, Total: 63404 ns
[126.416s][info ][safepoint      ] Safepoint "Cleanup", Time since last: 3000247464 ns, Reaching safepoint: 46703 ns, At safepoint: 5801 ns, Total: 52504 ns
[135.417s][info ][safepoint      ] Safepoint "Cleanup", Time since last: 9000589594 ns, Reaching safepoint: 56704 ns, At safepoint: 8300 ns, Total: 65004 ns
[138.417s][info ][safepoint      ] Safepoint "Cleanup", Time since last: 3000240905 ns, Reaching safepoint: 49804 ns, At safepoint: 5400 ns, Total: 55204 ns
[139.417s][info ][safepoint      ] Safepoint "Cleanup", Time since last: 1000231608 ns, Reaching safepoint: 58204 ns, At safepoint: 10201 ns, Total: 68405 ns
[150.418s][info ][safepoint      ] Safepoint "Cleanup", Time since last: 11000798873 ns, Reaching safepoint: 63304 ns, At safepoint: 8101 ns, Total: 71405 ns
[152.418s][info ][safepoint      ] Safepoint "Cleanup", Time since last: 2000196560 ns, Reaching safepoint: 52903 ns, At safepoint: 6901 ns, Total: 59804 ns
[153.419s][info ][safepoint      ] Safepoint "Cleanup", Time since last: 1000110778 ns, Reaching safepoint: 97607 ns, At safepoint: 12400 ns, Total: 110007 ns
[164.419s][info ][safepoint      ] Safepoint "Cleanup", Time since last: 11000702028 ns, Reaching safepoint: 57103 ns, At safepoint: 6501 ns, Total: 63604 ns
[171.420s][info ][safepoint      ] Safepoint "Cleanup", Time since last: 7000459167 ns, Reaching safepoint: 52404 ns, At safepoint: 5100 ns, Total: 57504 ns
[181.421s][info ][safepoint      ] Safepoint "Cleanup", Time since last: 10000642197 ns, Reaching safepoint: 56904 ns, At safepoint: 3300 ns, Total: 60204 ns
[186.924s][info ][gc,start       ] GC(74) Pause Young (Allocation Failure)
[186.929s][debug][gc,phases      ] GC(74) Scavenge 5.017ms
[186.929s][debug][gc,ref         ] GC(74) Skipped phase 1 of Reference Processing: no references
[186.929s][debug][gc,ref         ] GC(74) Skipped phase 3 of Reference Processing: no references
[186.929s][debug][gc,phases      ] GC(74) Reference Processing 0.052ms
[186.930s][debug][gc,phases      ] GC(74) Weak Processing 0.503ms
[186.930s][debug][gc,age         ] GC(74) Desired survivor size 35127296 bytes, new threshold 15 (max threshold 15)
[186.930s][info ][gc,heap        ] GC(74) PSYoungGen: 2034016K(2062336K)->6720K(2062336K) Eden: 2027520K(2027520K)->0K(2027520K) From: 6496K(34816K)->6720K(34816K)
[186.930s][info ][gc,heap        ] GC(74) ParOldGen: 291780K(338944K)->292012K(338944K)
[186.930s][info ][gc,metaspace   ] GC(74) Metaspace: 75766K(76352K)->75766K(76352K) NonClass: 65303K(65600K)->65303K(65600K) Class: 10463K(10752K)->10463K(10752K)
[186.930s][info ][gc             ] GC(74) Pause Young (Allocation Failure) 2271M->291M(2345M) 5.703ms
[186.930s][info ][gc,cpu         ] GC(74) User=0.02s Sys=0.00s Real=0.00s
[186.930s][info ][safepoint      ] Safepoint "ParallelGCFailedAllocation", Time since last: 5503561564 ns, Reaching safepoint: 32002 ns, At safepoint: 5784376 ns, Total: 5816378 ns
[191.930s][info ][safepoint      ] Safepoint "Cleanup", Time since last: 5000318703 ns, Reaching safepoint: 52003 ns, At safepoint: 5401 ns, Total: 57404 ns
[194.931s][info ][safepoint      ] Safepoint "Cleanup", Time since last: 3000236347 ns, Reaching safepoint: 60804 ns, At safepoint: 10700 ns, Total: 71504 ns
[195.931s][info ][safepoint      ] Safepoint "Cleanup", Time since last: 1000103515 ns, Reaching safepoint: 56504 ns, At safepoint: 4900 ns, Total: 61404 ns
[196.931s][info ][safepoint      ] Safepoint "Cleanup", Time since last: 1000113614 ns, Reaching safepoint: 40702 ns, At safepoint: 2901 ns, Total: 43603 ns
[241.934s][info ][safepoint      ] Safepoint "Cleanup", Time since last: 45002888137 ns, Reaching safepoint: 70705 ns, At safepoint: 5200 ns, Total: 75905 ns
[284.938s][info ][safepoint      ] Safepoint "Cleanup", Time since last: 43004165193 ns, Reaching safepoint: 52804 ns, At safepoint: 3600 ns, Total: 56404 ns
[292.990s][info ][safepoint      ] Safepoint "Cleanup", Time since last: 8051608432 ns, Reaching safepoint: 102007 ns, At safepoint: 10300 ns, Total: 112307 ns
[301.991s][info ][safepoint      ] Safepoint "Cleanup", Time since last: 9000665822 ns, Reaching safepoint: 65104 ns, At safepoint: 8900 ns, Total: 74004 ns
[316.992s][info ][safepoint      ] Safepoint "Cleanup", Time since last: 15001060891 ns, Reaching safepoint: 114207 ns, At safepoint: 7401 ns, Total: 121608 ns
[324.875s][info ][gc,start       ] GC(75) Pause Young (Allocation Failure)
[324.879s][debug][gc,phases      ] GC(75) Scavenge 4.854ms
[324.880s][debug][gc,ref         ] GC(75) Skipped phase 1 of Reference Processing: no references
[324.880s][debug][gc,ref         ] GC(75) Skipped phase 3 of Reference Processing: no references
[324.880s][debug][gc,phases      ] GC(75) Reference Processing 0.028ms
[324.880s][debug][gc,phases      ] GC(75) Weak Processing 0.551ms
[324.880s][debug][gc,age         ] GC(75) Desired survivor size 34603008 bytes, new threshold 15 (max threshold 15)
[324.880s][info ][gc,heap        ] GC(75) PSYoungGen: 2034240K(2062336K)->6544K(2063360K) Eden: 2027520K(2027520K)->0K(2029056K) From: 6720K(34816K)->6544K(34304K)
[324.880s][info ][gc,heap        ] GC(75) ParOldGen: 292012K(338944K)->292228K(338944K)
[324.880s][info ][gc,metaspace   ] GC(75) Metaspace: 75832K(76416K)->75832K(76416K) NonClass: 65364K(65664K)->65364K(65664K) Class: 10467K(10752K)->10467K(10752K)
[324.880s][info ][gc             ] GC(75) Pause Young (Allocation Failure) 2271M->291M(2346M) 5.573ms
[324.880s][info ][gc,cpu         ] GC(75) User=0.02s Sys=0.00s Real=0.01s
[324.880s][info ][safepoint      ] Safepoint "ParallelGCFailedAllocation", Time since last: 7882752684 ns, Reaching safepoint: 33202 ns, At safepoint: 5695070 ns, Total: 5728272 ns
[394.885s][info ][safepoint      ] Safepoint "Cleanup", Time since last: 70004840495 ns, Reaching safepoint: 48703 ns, At safepoint: 2801 ns, Total: 51504 ns
[436.888s][info ][safepoint      ] Safepoint "Cleanup", Time since last: 42003011660 ns, Reaching safepoint: 50803 ns, At safepoint: 3700 ns, Total: 54503 ns
[437.020s][info ][gc,heap,exit   ] Heap
[437.020s][info ][gc,heap,exit   ]  PSYoungGen      total 2063360K, used 1679330K [0x0000000780000000, 0x0000000800000000, 0x0000000800000000)
[437.020s][info ][gc,heap,exit   ]   eden space 2029056K, 82% used [0x0000000780000000,0x00000007e61948f8,0x00000007fbd80000)
[437.020s][info ][gc,heap,exit   ]   from space 34304K, 19% used [0x00000007fde80000,0x00000007fe4e4048,0x0000000800000000)
[437.020s][info ][gc,heap,exit   ]   to   space 33792K, 0% used [0x00000007fbd80000,0x00000007fbd80000,0x00000007fde80000)
[437.020s][info ][gc,heap,exit   ]  ParOldGen       total 338944K, used 292228K [0x0000000740000000, 0x0000000754b00000, 0x0000000780000000)
[437.020s][info ][gc,heap,exit   ]   object space 338944K, 86% used [0x0000000740000000,0x0000000751d61298,0x0000000754b00000)
[437.020s][info ][gc,heap,exit   ]  Metaspace       used 75871K, committed 76544K, reserved 1122304K
[437.020s][info ][gc,heap,exit   ]   class space    used 10471K, committed 10816K, reserved 1048576K
