[0.014s][info][gc] Using Concurrent Mark Sweep
[0.014s][info][gc,heap,coops] Heap address: 0x0000000700000000, size: 4096 MB, Compressed Oops mode: Zero based, Oop shift amount: 3
[0.064s][info][safepoint    ] Entering safepoint region: EnableBiasedLocking
[0.064s][info][safepoint    ] Leaving safepoint region
[0.064s][info][safepoint    ] Total time for which application threads were stopped: 0.0001009 seconds, Stopping threads took: 0.0000380 seconds
[0.067s][info][safepoint    ] Application time: 0.0028743 seconds
[0.067s][info][safepoint    ] Entering safepoint region: RevokeBias
[0.067s][info][safepoint    ] Leaving safepoint region
[0.067s][info][safepoint    ] Total time for which application threads were stopped: 0.0000948 seconds, Stopping threads took: 0.0000466 seconds
[0.151s][info][safepoint    ] Application time: 0.0835347 seconds
[0.151s][info][safepoint    ] Entering safepoint region: Deoptimize
[0.151s][info][safepoint    ] Leaving safepoint region
[0.151s][info][safepoint    ] Total time for which application threads were stopped: 0.0000663 seconds, Stopping threads took: 0.0000072 seconds
[1.151s][info][safepoint    ] Application time: 1.0000913 seconds
[1.151s][info][safepoint    ] Entering safepoint region: Cleanup
[1.151s][info][safepoint    ] Leaving safepoint region
[1.151s][info][safepoint    ] Total time for which application threads were stopped: 0.0001371 seconds, Stopping threads took: 0.0000111 seconds
[1.356s][info][safepoint    ] Application time: 0.2048322 seconds
[1.356s][info][safepoint    ] Entering safepoint region: Deoptimize
[1.356s][info][safepoint    ] Leaving safepoint region
[1.356s][info][safepoint    ] Total time for which application threads were stopped: 0.0001603 seconds, Stopping threads took: 0.0000072 seconds
[1.395s][info][safepoint    ] Application time: 0.0384079 seconds
[1.395s][info][safepoint    ] Entering safepoint region: Deoptimize
[1.395s][info][safepoint    ] Leaving safepoint region
[1.395s][info][safepoint    ] Total time for which application threads were stopped: 0.0001555 seconds, Stopping threads took: 0.0000073 seconds
[1.441s][info][safepoint    ] Application time: 0.0462859 seconds
[1.441s][info][safepoint    ] Entering safepoint region: Deoptimize
[1.441s][info][safepoint    ] Leaving safepoint region
[1.441s][info][safepoint    ] Total time for which application threads were stopped: 0.0001650 seconds, Stopping threads took: 0.0000074 seconds
[2.330s][info][safepoint    ] Application time: 0.8888497 seconds
[2.330s][info][safepoint    ] Entering safepoint region: Deoptimize
[2.330s][info][safepoint    ] Leaving safepoint region
[2.330s][info][safepoint    ] Total time for which application threads were stopped: 0.0001875 seconds, Stopping threads took: 0.0000072 seconds
[2.480s][info][safepoint    ] Application time: 0.1493025 seconds
[2.480s][info][safepoint    ] Entering safepoint region: Deoptimize
[2.480s][info][safepoint    ] Leaving safepoint region
[2.480s][info][safepoint    ] Total time for which application threads were stopped: 0.0002976 seconds, Stopping threads took: 0.0000439 seconds
[2.743s][info][safepoint    ] Application time: 0.2624559 seconds
[2.743s][info][safepoint    ] Entering safepoint region: ICBufferFull
[2.743s][info][safepoint    ] Leaving safepoint region
[2.743s][info][safepoint    ] Total time for which application threads were stopped: 0.0001309 seconds, Stopping threads took: 0.0000112 seconds
[2.866s][info][safepoint    ] Application time: 0.1228617 seconds
[2.866s][info][safepoint    ] Entering safepoint region: ICBufferFull
[2.866s][info][safepoint    ] Leaving safepoint region
[2.866s][info][safepoint    ] Total time for which application threads were stopped: 0.0001488 seconds, Stopping threads took: 0.0000081 seconds
[2.867s][info][safepoint    ] Application time: 0.0017061 seconds
[2.867s][info][safepoint    ] Entering safepoint region: Deoptimize
[2.868s][info][safepoint    ] Leaving safepoint region
[2.868s][info][safepoint    ] Total time for which application threads were stopped: 0.0002595 seconds, Stopping threads took: 0.0000059 seconds
[2.880s][info][safepoint    ] Application time: 0.0118633 seconds
[2.880s][info][safepoint    ] Entering safepoint region: Deoptimize
[2.880s][info][safepoint    ] Leaving safepoint region
[2.880s][info][safepoint    ] Total time for which application threads were stopped: 0.0003410 seconds, Stopping threads took: 0.0000076 seconds
[3.005s][info][safepoint    ] Application time: 0.1247351 seconds
[3.005s][info][safepoint    ] Entering safepoint region: Deoptimize
[3.005s][info][safepoint    ] Leaving safepoint region
[3.005s][info][safepoint    ] Total time for which application threads were stopped: 0.0006628 seconds, Stopping threads took: 0.0000069 seconds
[3.293s][info][safepoint    ] Application time: 0.2871513 seconds
[3.293s][info][safepoint    ] Entering safepoint region: ICBufferFull
[3.293s][info][safepoint    ] Leaving safepoint region
[3.293s][info][safepoint    ] Total time for which application threads were stopped: 0.0001525 seconds, Stopping threads took: 0.0000105 seconds
[3.343s][info][safepoint    ] Application time: 0.0500357 seconds
[3.343s][info][safepoint    ] Entering safepoint region: Deoptimize
[3.343s][info][safepoint    ] Leaving safepoint region
[3.343s][info][safepoint    ] Total time for which application threads were stopped: 0.0003256 seconds, Stopping threads took: 0.0000073 seconds
[3.436s][info][safepoint    ] Application time: 0.0928303 seconds
[3.436s][info][safepoint    ] Entering safepoint region: CollectForMetadataAllocation
[3.436s][info][safepoint    ] Leaving safepoint region
[3.436s][info][safepoint    ] Total time for which application threads were stopped: 0.0002193 seconds, Stopping threads took: 0.0000509 seconds
[3.526s][info][safepoint    ] Application time: 0.0894711 seconds
[3.526s][info][safepoint    ] Entering safepoint region: GenCollectForAllocation
[3.526s][info][gc,start     ] GC(0) Pause Young (Allocation Failure)
[3.527s][info][gc,task      ] GC(0) Using 4 workers of 4 for evacuation
[3.579s][debug][gc,ref       ] GC(0) Skipped phase1 of Reference Processing due to unavailable references
[3.579s][debug][gc,ref       ] GC(0) Skipped phase3 of Reference Processing due to unavailable references
[3.579s][debug][gc,age       ] GC(0) Desired survivor size 15400960 bytes, new threshold 1 (max threshold 6)
[3.579s][info ][gc,heap      ] GC(0) ParNew: 240896K->30079K(270976K)
[3.579s][info ][gc,heap      ] GC(0) CMS: 0K->2838K(602112K)
[3.579s][info ][gc,metaspace ] GC(0) Metaspace: 20590K->20590K(1069056K)
[3.579s][info ][gc           ] GC(0) Pause Young (Allocation Failure) 235M->32M(852M) 52.840ms
[3.579s][info ][gc,cpu       ] GC(0) User=0.16s Sys=0.00s Real=0.05s
[3.579s][info ][safepoint    ] Leaving safepoint region
[3.579s][info ][safepoint    ] Total time for which application threads were stopped: 0.0532371 seconds, Stopping threads took: 0.0000071 seconds
[3.579s][info ][safepoint    ] Application time: 0.0001163 seconds
[3.579s][info ][safepoint    ] Entering safepoint region: CMS_Initial_Mark
[3.579s][info ][gc,start     ] GC(1) Pause Initial Mark
[3.586s][info ][gc           ] GC(1) Pause Initial Mark 36M->36M(852M) 7.240ms
[3.586s][info ][gc,cpu       ] GC(1) User=0.03s Sys=0.00s Real=0.01s
[3.586s][info ][safepoint    ] Leaving safepoint region
[3.586s][info ][safepoint    ] Total time for which application threads were stopped: 0.0073673 seconds, Stopping threads took: 0.0000314 seconds
[3.587s][info ][gc           ] GC(1) Concurrent Mark
[3.588s][info ][safepoint    ] Application time: 0.0011725 seconds
[3.588s][info ][safepoint    ] Entering safepoint region: RevokeBias
[3.588s][info ][safepoint    ] Leaving safepoint region
[3.588s][info ][safepoint    ] Total time for which application threads were stopped: 0.0001438 seconds, Stopping threads took: 0.0000546 seconds
[3.588s][info ][safepoint    ] Application time: 0.0000595 seconds
[3.588s][info ][safepoint    ] Entering safepoint region: RevokeBias
[3.588s][info ][safepoint    ] Leaving safepoint region
[3.588s][info ][safepoint    ] Total time for which application threads were stopped: 0.0001019 seconds, Stopping threads took: 0.0000688 seconds
[3.588s][info ][safepoint    ] Application time: 0.0000750 seconds
[3.588s][info ][safepoint    ] Entering safepoint region: RevokeBias
[3.588s][info ][safepoint    ] Leaving safepoint region
[3.588s][info ][safepoint    ] Total time for which application threads were stopped: 0.0000602 seconds, Stopping threads took: 0.0000239 seconds
[3.612s][info ][gc           ] GC(1) Concurrent Mark 25.129ms
[3.612s][info ][gc,cpu       ] GC(1) User=0.08s Sys=0.01s Real=0.03s
[3.612s][info ][gc           ] GC(1) Concurrent Preclean
[3.612s][debug][gc,ref       ] GC(1) Preclean SoftReferences 0.001ms
[3.612s][debug][gc,ref       ] GC(1) Preclean WeakReferences 0.000ms
[3.612s][debug][gc,ref       ] GC(1) Preclean FinalReferences 0.000ms
[3.612s][debug][gc,ref       ] GC(1) Preclean PhantomReferences 0.000ms
[3.613s][info ][gc           ] GC(1) Concurrent Preclean 1.042ms
[3.613s][info ][gc,cpu       ] GC(1) User=0.00s Sys=0.00s Real=0.00s
[3.613s][info ][gc           ] GC(1) Concurrent Abortable Preclean
[3.630s][info ][safepoint    ] Application time: 0.0414507 seconds
[3.630s][info ][safepoint    ] Entering safepoint region: CollectForMetadataAllocation
[3.630s][info ][safepoint    ] Leaving safepoint region
[3.630s][info ][safepoint    ] Total time for which application threads were stopped: 0.0001018 seconds, Stopping threads took: 0.0000077 seconds
[3.648s][info ][safepoint    ] Application time: 0.0183467 seconds
[3.648s][info ][safepoint    ] Entering safepoint region: CollectForMetadataAllocation
[3.648s][info ][safepoint    ] Leaving safepoint region
[3.648s][info ][safepoint    ] Total time for which application threads were stopped: 0.0000683 seconds, Stopping threads took: 0.0000072 seconds
[3.675s][info ][safepoint    ] Application time: 0.0264799 seconds
[3.675s][info ][safepoint    ] Entering safepoint region: CollectForMetadataAllocation
[3.675s][info ][safepoint    ] Leaving safepoint region
[3.675s][info ][safepoint    ] Total time for which application threads were stopped: 0.0001362 seconds, Stopping threads took: 0.0000497 seconds
[3.698s][info ][safepoint    ] Application time: 0.0229224 seconds
[3.698s][info ][safepoint    ] Entering safepoint region: CollectForMetadataAllocation
[3.698s][info ][safepoint    ] Leaving safepoint region
[3.698s][info ][safepoint    ] Total time for which application threads were stopped: 0.0001106 seconds, Stopping threads took: 0.0000083 seconds
[3.720s][info ][safepoint    ] Application time: 0.0219213 seconds
[3.720s][info ][safepoint    ] Entering safepoint region: RevokeBias
[3.720s][info ][safepoint    ] Leaving safepoint region
[3.720s][info ][safepoint    ] Total time for which application threads were stopped: 0.0001606 seconds, Stopping threads took: 0.0000816 seconds
[3.721s][info ][safepoint    ] Application time: 0.0006930 seconds
[3.721s][info ][safepoint    ] Entering safepoint region: RevokeBias
[3.721s][info ][safepoint    ] Leaving safepoint region
[3.721s][info ][safepoint    ] Total time for which application threads were stopped: 0.0000731 seconds, Stopping threads took: 0.0000055 seconds
[3.721s][info ][safepoint    ] Application time: 0.0000723 seconds
[3.721s][info ][safepoint    ] Entering safepoint region: RevokeBias
[3.721s][info ][safepoint    ] Leaving safepoint region
[3.721s][info ][safepoint    ] Total time for which application threads were stopped: 0.0001969 seconds, Stopping threads took: 0.0001551 seconds
[3.721s][info ][safepoint    ] Application time: 0.0001392 seconds
[3.721s][info ][safepoint    ] Entering safepoint region: RevokeBias
[3.721s][info ][safepoint    ] Leaving safepoint region
[3.721s][info ][safepoint    ] Total time for which application threads were stopped: 0.0001098 seconds, Stopping threads took: 0.0000134 seconds
[3.722s][info ][safepoint    ] Application time: 0.0001739 seconds
[3.722s][info ][safepoint    ] Entering safepoint region: RevokeBias
[3.722s][info ][safepoint    ] Leaving safepoint region
[3.722s][info ][safepoint    ] Total time for which application threads were stopped: 0.0001712 seconds, Stopping threads took: 0.0000828 seconds
[3.722s][info ][safepoint    ] Application time: 0.0000922 seconds
[3.722s][info ][safepoint    ] Entering safepoint region: RevokeBias
[3.722s][info ][safepoint    ] Leaving safepoint region
[3.722s][info ][safepoint    ] Total time for which application threads were stopped: 0.0000699 seconds, Stopping threads took: 0.0000278 seconds
[3.723s][info ][safepoint    ] Application time: 0.0007359 seconds
[3.723s][info ][safepoint    ] Entering safepoint region: RevokeBias
[3.723s][info ][safepoint    ] Leaving safepoint region
[3.723s][info ][safepoint    ] Total time for which application threads were stopped: 0.0001844 seconds, Stopping threads took: 0.0001165 seconds
[3.724s][info ][safepoint    ] Application time: 0.0008277 seconds
[3.724s][info ][safepoint    ] Entering safepoint region: RevokeBias
[3.724s][info ][safepoint    ] Leaving safepoint region
[3.724s][info ][safepoint    ] Total time for which application threads were stopped: 0.0003519 seconds, Stopping threads took: 0.0002137 seconds
[3.724s][info ][safepoint    ] Application time: 0.0002941 seconds
[3.727s][info ][safepoint    ] Entering safepoint region: RevokeBias
[3.728s][info ][safepoint    ] Leaving safepoint region
[3.728s][info ][safepoint    ] Total time for which application threads were stopped: 0.0031243 seconds, Stopping threads took: 0.0030374 seconds
[3.729s][info ][safepoint    ] Application time: 0.0013574 seconds
[3.729s][info ][safepoint    ] Entering safepoint region: RevokeBias
[3.729s][info ][safepoint    ] Leaving safepoint region
[3.729s][info ][safepoint    ] Total time for which application threads were stopped: 0.0001939 seconds, Stopping threads took: 0.0001291 seconds
[3.730s][info ][safepoint    ] Application time: 0.0012784 seconds
[3.731s][info ][safepoint    ] Entering safepoint region: RevokeBias
[3.731s][info ][safepoint    ] Leaving safepoint region
[3.731s][info ][safepoint    ] Total time for which application threads were stopped: 0.0002765 seconds, Stopping threads took: 0.0001168 seconds
[3.731s][info ][safepoint    ] Application time: 0.0003898 seconds
[3.731s][info ][safepoint    ] Entering safepoint region: RevokeBias
[3.731s][info ][safepoint    ] Leaving safepoint region
[3.731s][info ][safepoint    ] Total time for which application threads were stopped: 0.0001917 seconds, Stopping threads took: 0.0001100 seconds
[3.739s][info ][safepoint    ] Application time: 0.0077891 seconds
[3.739s][info ][safepoint    ] Entering safepoint region: RevokeBias
[3.739s][info ][safepoint    ] Leaving safepoint region
[3.739s][info ][safepoint    ] Total time for which application threads were stopped: 0.0002450 seconds, Stopping threads took: 0.0001152 seconds
[3.740s][info ][safepoint    ] Application time: 0.0004775 seconds
[3.740s][info ][safepoint    ] Entering safepoint region: RevokeBias
[3.740s][info ][safepoint    ] Leaving safepoint region
[3.740s][info ][safepoint    ] Total time for which application threads were stopped: 0.0002579 seconds, Stopping threads took: 0.0001608 seconds
[3.740s][info ][safepoint    ] Application time: 0.0002109 seconds
[3.740s][info ][safepoint    ] Entering safepoint region: RevokeBias
[3.740s][info ][safepoint    ] Leaving safepoint region
[3.740s][info ][safepoint    ] Total time for which application threads were stopped: 0.0001164 seconds, Stopping threads took: 0.0000635 seconds
[3.741s][info ][safepoint    ] Application time: 0.0002289 seconds
[3.741s][info ][safepoint    ] Entering safepoint region: RevokeBias
[3.741s][info ][safepoint    ] Leaving safepoint region
[3.741s][info ][safepoint    ] Total time for which application threads were stopped: 0.0000854 seconds, Stopping threads took: 0.0000234 seconds
[3.741s][info ][safepoint    ] Application time: 0.0003508 seconds
[3.741s][info ][safepoint    ] Entering safepoint region: RevokeBias
[3.741s][info ][safepoint    ] Leaving safepoint region
[3.741s][info ][safepoint    ] Total time for which application threads were stopped: 0.0000999 seconds, Stopping threads took: 0.0000531 seconds
[3.741s][info ][safepoint    ] Application time: 0.0000642 seconds
[3.741s][info ][safepoint    ] Entering safepoint region: RevokeBias
[3.741s][info ][safepoint    ] Leaving safepoint region
[3.741s][info ][safepoint    ] Total time for which application threads were stopped: 0.0001103 seconds, Stopping threads took: 0.0000587 seconds
[3.742s][info ][safepoint    ] Application time: 0.0001128 seconds
[3.742s][info ][safepoint    ] Entering safepoint region: RevokeBias
[3.742s][info ][safepoint    ] Leaving safepoint region
[3.742s][info ][safepoint    ] Total time for which application threads were stopped: 0.0001432 seconds, Stopping threads took: 0.0000698 seconds
[3.742s][info ][safepoint    ] Application time: 0.0002281 seconds
[3.742s][info ][safepoint    ] Entering safepoint region: RevokeBias
[3.742s][info ][safepoint    ] Leaving safepoint region
[3.742s][info ][safepoint    ] Total time for which application threads were stopped: 0.0004578 seconds, Stopping threads took: 0.0003926 seconds
[3.743s][info ][safepoint    ] Application time: 0.0000935 seconds
[3.743s][info ][safepoint    ] Entering safepoint region: RevokeBias
[3.743s][info ][safepoint    ] Leaving safepoint region
[3.743s][info ][safepoint    ] Total time for which application threads were stopped: 0.0002515 seconds, Stopping threads took: 0.0001958 seconds
[3.748s][info ][safepoint    ] Application time: 0.0052137 seconds
[3.748s][info ][safepoint    ] Entering safepoint region: BulkRevokeBias
[3.748s][info ][safepoint    ] Leaving safepoint region
[3.748s][info ][safepoint    ] Total time for which application threads were stopped: 0.0002777 seconds, Stopping threads took: 0.0000686 seconds
[3.750s][info ][safepoint    ] Application time: 0.0021413 seconds
[3.751s][info ][safepoint    ] Entering safepoint region: CollectForMetadataAllocation
[3.751s][info ][safepoint    ] Leaving safepoint region
[3.751s][info ][safepoint    ] Total time for which application threads were stopped: 0.0002652 seconds, Stopping threads took: 0.0002049 seconds
[3.752s][info ][safepoint    ] Application time: 0.0012801 seconds
[3.752s][info ][safepoint    ] Entering safepoint region: RevokeBias
[3.752s][info ][safepoint    ] Leaving safepoint region
[3.752s][info ][safepoint    ] Total time for which application threads were stopped: 0.0001405 seconds, Stopping threads took: 0.0000481 seconds
[3.757s][info ][safepoint    ] Application time: 0.0044573 seconds
[3.757s][info ][safepoint    ] Entering safepoint region: RevokeBias
[3.757s][info ][safepoint    ] Leaving safepoint region
[3.757s][info ][safepoint    ] Total time for which application threads were stopped: 0.0001926 seconds, Stopping threads took: 0.0001094 seconds
[3.760s][info ][safepoint    ] Application time: 0.0029581 seconds
[3.760s][info ][safepoint    ] Entering safepoint region: RevokeBias
[3.760s][info ][safepoint    ] Leaving safepoint region
[3.760s][info ][safepoint    ] Total time for which application threads were stopped: 0.0001532 seconds, Stopping threads took: 0.0000842 seconds
[3.760s][info ][safepoint    ] Application time: 0.0003887 seconds
[3.760s][info ][safepoint    ] Entering safepoint region: RevokeBias
[3.761s][info ][safepoint    ] Leaving safepoint region
[3.761s][info ][safepoint    ] Total time for which application threads were stopped: 0.0001620 seconds, Stopping threads took: 0.0000391 seconds
[3.761s][info ][safepoint    ] Application time: 0.0005405 seconds
[3.761s][info ][safepoint    ] Entering safepoint region: RevokeBias
[3.761s][info ][safepoint    ] Leaving safepoint region
[3.761s][info ][safepoint    ] Total time for which application threads were stopped: 0.0002120 seconds, Stopping threads took: 0.0001149 seconds
[3.764s][info ][safepoint    ] Application time: 0.0031208 seconds
[3.765s][info ][safepoint    ] Entering safepoint region: RevokeBias
[3.765s][info ][safepoint    ] Leaving safepoint region
[3.765s][info ][safepoint    ] Total time for which application threads were stopped: 0.0002483 seconds, Stopping threads took: 0.0001638 seconds
[3.765s][info ][safepoint    ] Application time: 0.0007186 seconds
[3.766s][info ][safepoint    ] Entering safepoint region: RevokeBias
[3.766s][info ][safepoint    ] Leaving safepoint region
[3.766s][info ][safepoint    ] Total time for which application threads were stopped: 0.0001462 seconds, Stopping threads took: 0.0000972 seconds
[3.768s][info ][safepoint    ] Application time: 0.0021547 seconds
[3.768s][info ][safepoint    ] Entering safepoint region: RevokeBias
[3.768s][info ][safepoint    ] Leaving safepoint region
[3.768s][info ][safepoint    ] Total time for which application threads were stopped: 0.0001610 seconds, Stopping threads took: 0.0000713 seconds
[3.769s][info ][safepoint    ] Application time: 0.0014954 seconds
[3.770s][info ][safepoint    ] Entering safepoint region: RevokeBias
[3.770s][info ][safepoint    ] Leaving safepoint region
[3.770s][info ][safepoint    ] Total time for which application threads were stopped: 0.0000915 seconds, Stopping threads took: 0.0000148 seconds
[3.771s][info ][safepoint    ] Application time: 0.0013063 seconds
[3.771s][info ][safepoint    ] Entering safepoint region: CollectForMetadataAllocation
[3.771s][info ][safepoint    ] Leaving safepoint region
[3.771s][info ][safepoint    ] Total time for which application threads were stopped: 0.0001253 seconds, Stopping threads took: 0.0000388 seconds
[3.772s][info ][safepoint    ] Application time: 0.0009234 seconds
[3.772s][info ][safepoint    ] Entering safepoint region: RevokeBias
[3.772s][info ][safepoint    ] Leaving safepoint region
[3.772s][info ][safepoint    ] Total time for which application threads were stopped: 0.0001267 seconds, Stopping threads took: 0.0000735 seconds
[3.774s][info ][safepoint    ] Application time: 0.0014002 seconds
[3.774s][info ][safepoint    ] Entering safepoint region: RevokeBias
[3.774s][info ][safepoint    ] Leaving safepoint region
[3.774s][info ][safepoint    ] Total time for which application threads were stopped: 0.0002871 seconds, Stopping threads took: 0.0002129 seconds
[3.778s][info ][safepoint    ] Application time: 0.0041409 seconds
[3.778s][info ][safepoint    ] Entering safepoint region: RevokeBias
[3.778s][info ][safepoint    ] Leaving safepoint region
[3.778s][info ][safepoint    ] Total time for which application threads were stopped: 0.0001283 seconds, Stopping threads took: 0.0000642 seconds
[3.779s][info ][safepoint    ] Application time: 0.0010057 seconds
[3.779s][info ][safepoint    ] Entering safepoint region: RevokeBias
[3.779s][info ][safepoint    ] Leaving safepoint region
[3.779s][info ][safepoint    ] Total time for which application threads were stopped: 0.0000774 seconds, Stopping threads took: 0.0000085 seconds
[3.780s][info ][safepoint    ] Application time: 0.0008035 seconds
[3.780s][info ][safepoint    ] Entering safepoint region: RevokeBias
[3.780s][info ][safepoint    ] Leaving safepoint region
[3.780s][info ][safepoint    ] Total time for which application threads were stopped: 0.0000702 seconds, Stopping threads took: 0.0000073 seconds
[3.783s][info ][safepoint    ] Application time: 0.0031977 seconds
[3.783s][info ][safepoint    ] Entering safepoint region: RevokeBias
[3.784s][info ][safepoint    ] Leaving safepoint region
[3.784s][info ][safepoint    ] Total time for which application threads were stopped: 0.0001760 seconds, Stopping threads took: 0.0000914 seconds
[3.785s][info ][safepoint    ] Application time: 0.0010971 seconds
[3.785s][info ][safepoint    ] Entering safepoint region: RevokeBias
[3.785s][info ][safepoint    ] Leaving safepoint region
[3.785s][info ][safepoint    ] Total time for which application threads were stopped: 0.0000828 seconds, Stopping threads took: 0.0000335 seconds
[3.789s][info ][safepoint    ] Application time: 0.0041262 seconds
[3.789s][info ][safepoint    ] Entering safepoint region: RevokeBias
[3.789s][info ][safepoint    ] Leaving safepoint region
[3.789s][info ][safepoint    ] Total time for which application threads were stopped: 0.0001044 seconds, Stopping threads took: 0.0000077 seconds
[3.794s][info ][safepoint    ] Application time: 0.0052870 seconds
[3.794s][info ][safepoint    ] Entering safepoint region: RevokeBias
[3.794s][info ][safepoint    ] Leaving safepoint region
[3.794s][info ][safepoint    ] Total time for which application threads were stopped: 0.0001372 seconds, Stopping threads took: 0.0000645 seconds
[3.796s][info ][safepoint    ] Application time: 0.0014774 seconds
[3.796s][info ][safepoint    ] Entering safepoint region: RevokeBias
[3.796s][info ][safepoint    ] Leaving safepoint region
[3.796s][info ][safepoint    ] Total time for which application threads were stopped: 0.0001188 seconds, Stopping threads took: 0.0000499 seconds
[3.797s][info ][safepoint    ] Application time: 0.0009948 seconds
[3.797s][info ][safepoint    ] Entering safepoint region: RevokeBias
[3.797s][info ][safepoint    ] Leaving safepoint region
[3.797s][info ][safepoint    ] Total time for which application threads were stopped: 0.0001029 seconds, Stopping threads took: 0.0000355 seconds
[3.798s][info ][safepoint    ] Application time: 0.0004940 seconds
[3.798s][info ][safepoint    ] Entering safepoint region: BulkRevokeBias
[3.798s][info ][safepoint    ] Leaving safepoint region
[3.798s][info ][safepoint    ] Total time for which application threads were stopped: 0.0002457 seconds, Stopping threads took: 0.0000438 seconds
[3.803s][info ][safepoint    ] Application time: 0.0053665 seconds
[3.803s][info ][safepoint    ] Entering safepoint region: CollectForMetadataAllocation
[3.803s][info ][safepoint    ] Leaving safepoint region
[3.803s][info ][safepoint    ] Total time for which application threads were stopped: 0.0001449 seconds, Stopping threads took: 0.0000343 seconds
[3.813s][info ][safepoint    ] Application time: 0.0091074 seconds
[3.813s][info ][safepoint    ] Entering safepoint region: CollectForMetadataAllocation
[3.813s][info ][safepoint    ] Leaving safepoint region
[3.813s][info ][safepoint    ] Total time for which application threads were stopped: 0.0001123 seconds, Stopping threads took: 0.0000321 seconds
[3.820s][info ][safepoint    ] Application time: 0.0076333 seconds
[3.820s][info ][safepoint    ] Entering safepoint region: CollectForMetadataAllocation
[3.821s][info ][safepoint    ] Leaving safepoint region
[3.821s][info ][safepoint    ] Total time for which application threads were stopped: 0.0002408 seconds, Stopping threads took: 0.0000687 seconds
[3.830s][info ][safepoint    ] Application time: 0.0096973 seconds
[3.830s][info ][safepoint    ] Entering safepoint region: RevokeBias
[3.831s][info ][safepoint    ] Leaving safepoint region
[3.831s][info ][safepoint    ] Total time for which application threads were stopped: 0.0004522 seconds, Stopping threads took: 0.0000926 seconds
[3.833s][info ][safepoint    ] Application time: 0.0021981 seconds
[3.833s][info ][safepoint    ] Entering safepoint region: CollectForMetadataAllocation
[3.833s][info ][safepoint    ] Leaving safepoint region
[3.833s][info ][safepoint    ] Total time for which application threads were stopped: 0.0004073 seconds, Stopping threads took: 0.0000647 seconds
[3.848s][info ][safepoint    ] Application time: 0.0144248 seconds
[3.848s][info ][safepoint    ] Entering safepoint region: CollectForMetadataAllocation
[3.848s][info ][safepoint    ] Leaving safepoint region
[3.848s][info ][safepoint    ] Total time for which application threads were stopped: 0.0001492 seconds, Stopping threads took: 0.0000743 seconds
[3.855s][info ][safepoint    ] Application time: 0.0071283 seconds
[3.855s][info ][safepoint    ] Entering safepoint region: RevokeBias
[3.855s][info ][safepoint    ] Leaving safepoint region
[3.855s][info ][safepoint    ] Total time for which application threads were stopped: 0.0001745 seconds, Stopping threads took: 0.0000358 seconds
[3.862s][info ][safepoint    ] Application time: 0.0064080 seconds
[3.862s][info ][safepoint    ] Entering safepoint region: RevokeBias
[3.862s][info ][safepoint    ] Leaving safepoint region
[3.862s][info ][safepoint    ] Total time for which application threads were stopped: 0.0001720 seconds, Stopping threads took: 0.0000485 seconds
[3.865s][info ][safepoint    ] Application time: 0.0032835 seconds
[3.865s][info ][safepoint    ] Entering safepoint region: Deoptimize
[3.866s][info ][safepoint    ] Leaving safepoint region
[3.866s][info ][safepoint    ] Total time for which application threads were stopped: 0.0004401 seconds, Stopping threads took: 0.0000503 seconds
[3.868s][info ][safepoint    ] Application time: 0.0019282 seconds
[3.868s][info ][safepoint    ] Entering safepoint region: CollectForMetadataAllocation
[3.868s][info ][safepoint    ] Leaving safepoint region
[3.868s][info ][safepoint    ] Total time for which application threads were stopped: 0.0001272 seconds, Stopping threads took: 0.0000458 seconds
[3.893s][info ][safepoint    ] Application time: 0.0246647 seconds
[3.893s][info ][safepoint    ] Entering safepoint region: RevokeBias
[3.893s][info ][safepoint    ] Leaving safepoint region
[3.893s][info ][safepoint    ] Total time for which application threads were stopped: 0.0002074 seconds, Stopping threads took: 0.0000979 seconds
[3.893s][info ][safepoint    ] Application time: 0.0001808 seconds
[3.893s][info ][safepoint    ] Entering safepoint region: RevokeBias
[3.893s][info ][safepoint    ] Leaving safepoint region
[3.893s][info ][safepoint    ] Total time for which application threads were stopped: 0.0000953 seconds, Stopping threads took: 0.0000341 seconds
[3.894s][info ][safepoint    ] Application time: 0.0007611 seconds
[3.894s][info ][safepoint    ] Entering safepoint region: RevokeBias
[3.894s][info ][safepoint    ] Leaving safepoint region
[3.894s][info ][safepoint    ] Total time for which application threads were stopped: 0.0001515 seconds, Stopping threads took: 0.0000877 seconds
[3.895s][info ][safepoint    ] Application time: 0.0005598 seconds
[3.895s][info ][safepoint    ] Entering safepoint region: RevokeBias
[3.895s][info ][safepoint    ] Leaving safepoint region
[3.895s][info ][safepoint    ] Total time for which application threads were stopped: 0.0001135 seconds, Stopping threads took: 0.0000517 seconds
[3.895s][info ][safepoint    ] Application time: 0.0004459 seconds
[3.895s][info ][safepoint    ] Entering safepoint region: RevokeBias
[3.896s][info ][safepoint    ] Leaving safepoint region
[3.896s][info ][safepoint    ] Total time for which application threads were stopped: 0.0003359 seconds, Stopping threads took: 0.0002735 seconds
[3.896s][info ][safepoint    ] Application time: 0.0002812 seconds
[3.896s][info ][safepoint    ] Entering safepoint region: RevokeBias
[3.896s][info ][safepoint    ] Leaving safepoint region
[3.896s][info ][safepoint    ] Total time for which application threads were stopped: 0.0004150 seconds, Stopping threads took: 0.0002593 seconds
[3.897s][info ][safepoint    ] Application time: 0.0004156 seconds
[3.897s][info ][safepoint    ] Entering safepoint region: RevokeBias
[3.897s][info ][safepoint    ] Leaving safepoint region
[3.897s][info ][safepoint    ] Total time for which application threads were stopped: 0.0002919 seconds, Stopping threads took: 0.0001280 seconds
[3.897s][info ][safepoint    ] Application time: 0.0002375 seconds
[3.897s][info ][safepoint    ] Entering safepoint region: RevokeBias
[3.897s][info ][safepoint    ] Leaving safepoint region
[3.897s][info ][safepoint    ] Total time for which application threads were stopped: 0.0002319 seconds, Stopping threads took: 0.0001311 seconds
[3.898s][info ][safepoint    ] Application time: 0.0003907 seconds
[3.898s][info ][safepoint    ] Entering safepoint region: RevokeBias
[3.898s][info ][safepoint    ] Leaving safepoint region
[3.898s][info ][safepoint    ] Total time for which application threads were stopped: 0.0002817 seconds, Stopping threads took: 0.0001766 seconds
[3.898s][info ][safepoint    ] Application time: 0.0001834 seconds
[3.898s][info ][safepoint    ] Entering safepoint region: RevokeBias
[3.898s][info ][safepoint    ] Leaving safepoint region
[3.898s][info ][safepoint    ] Total time for which application threads were stopped: 0.0001049 seconds, Stopping threads took: 0.0000547 seconds
[3.899s][info ][safepoint    ] Application time: 0.0002372 seconds
[3.899s][info ][safepoint    ] Entering safepoint region: RevokeBias
[3.899s][info ][safepoint    ] Leaving safepoint region
[3.899s][info ][safepoint    ] Total time for which application threads were stopped: 0.0002304 seconds, Stopping threads took: 0.0001584 seconds
[3.899s][info ][safepoint    ] Application time: 0.0000563 seconds
[3.899s][info ][safepoint    ] Entering safepoint region: RevokeBias
[3.899s][info ][safepoint    ] Leaving safepoint region
[3.899s][info ][safepoint    ] Total time for which application threads were stopped: 0.0001157 seconds, Stopping threads took: 0.0000574 seconds
[3.899s][info ][safepoint    ] Application time: 0.0001664 seconds
[3.899s][info ][safepoint    ] Entering safepoint region: RevokeBias
[3.899s][info ][safepoint    ] Leaving safepoint region
[3.899s][info ][safepoint    ] Total time for which application threads were stopped: 0.0001228 seconds, Stopping threads took: 0.0000638 seconds
[3.900s][info ][safepoint    ] Application time: 0.0003292 seconds
[3.900s][info ][safepoint    ] Entering safepoint region: BulkRevokeBias
[3.900s][info ][safepoint    ] Leaving safepoint region
[3.900s][info ][safepoint    ] Total time for which application threads were stopped: 0.0006484 seconds, Stopping threads took: 0.0001242 seconds
[3.901s][info ][safepoint    ] Application time: 0.0001447 seconds
[3.901s][info ][safepoint    ] Entering safepoint region: RevokeBias
[3.901s][info ][safepoint    ] Leaving safepoint region
[3.901s][info ][safepoint    ] Total time for which application threads were stopped: 0.0001885 seconds, Stopping threads took: 0.0001061 seconds
[3.901s][info ][safepoint    ] Application time: 0.0001052 seconds
[3.901s][info ][safepoint    ] Entering safepoint region: RevokeBias
[3.901s][info ][safepoint    ] Leaving safepoint region
[3.901s][info ][safepoint    ] Total time for which application threads were stopped: 0.0000985 seconds, Stopping threads took: 0.0000221 seconds
[3.904s][info ][safepoint    ] Application time: 0.0025069 seconds
[3.905s][info ][safepoint    ] Entering safepoint region: CollectForMetadataAllocation
[3.905s][info ][safepoint    ] Leaving safepoint region
[3.905s][info ][safepoint    ] Total time for which application threads were stopped: 0.0012656 seconds, Stopping threads took: 0.0011507 seconds
[3.919s][info ][safepoint    ] Application time: 0.0143447 seconds
[3.920s][info ][safepoint    ] Entering safepoint region: RevokeBias
[3.920s][info ][safepoint    ] Leaving safepoint region
[3.920s][info ][safepoint    ] Total time for which application threads were stopped: 0.0011429 seconds, Stopping threads took: 0.0010299 seconds
[3.928s][info ][safepoint    ] Application time: 0.0076139 seconds
[3.928s][info ][safepoint    ] Entering safepoint region: RevokeBias
[3.928s][info ][safepoint    ] Leaving safepoint region
[3.928s][info ][safepoint    ] Total time for which application threads were stopped: 0.0003062 seconds, Stopping threads took: 0.0001982 seconds
[3.929s][info ][safepoint    ] Application time: 0.0005960 seconds
[3.929s][info ][safepoint    ] Entering safepoint region: RevokeBias
[3.929s][info ][safepoint    ] Leaving safepoint region
[3.929s][info ][safepoint    ] Total time for which application threads were stopped: 0.0001974 seconds, Stopping threads took: 0.0001034 seconds
[3.933s][info ][safepoint    ] Application time: 0.0035425 seconds
[3.933s][info ][safepoint    ] Entering safepoint region: BulkRevokeBias
[3.933s][info ][safepoint    ] Leaving safepoint region
[3.933s][info ][safepoint    ] Total time for which application threads were stopped: 0.0006863 seconds, Stopping threads took: 0.0002552 seconds
[3.933s][info ][safepoint    ] Application time: 0.0000864 seconds
[3.934s][info ][safepoint    ] Entering safepoint region: RevokeBias
[3.934s][info ][safepoint    ] Leaving safepoint region
[3.934s][info ][safepoint    ] Total time for which application threads were stopped: 0.0002070 seconds, Stopping threads took: 0.0001154 seconds
[3.936s][info ][safepoint    ] Application time: 0.0027340 seconds
[3.937s][info ][safepoint    ] Entering safepoint region: RevokeBias
[3.937s][info ][safepoint    ] Leaving safepoint region
[3.937s][info ][safepoint    ] Total time for which application threads were stopped: 0.0003210 seconds, Stopping threads took: 0.0002061 seconds
[3.937s][info ][safepoint    ] Application time: 0.0002029 seconds
[3.937s][info ][safepoint    ] Entering safepoint region: RevokeBias
[3.937s][info ][safepoint    ] Leaving safepoint region
[3.937s][info ][safepoint    ] Total time for which application threads were stopped: 0.0001538 seconds, Stopping threads took: 0.0000377 seconds
[3.937s][info ][safepoint    ] Application time: 0.0000998 seconds
[3.937s][info ][safepoint    ] Entering safepoint region: RevokeBias
[3.938s][info ][safepoint    ] Leaving safepoint region
[3.938s][info ][safepoint    ] Total time for which application threads were stopped: 0.0003697 seconds, Stopping threads took: 0.0001660 seconds
[3.939s][info ][safepoint    ] Application time: 0.0017722 seconds
[3.941s][info ][safepoint    ] Entering safepoint region: RevokeBias
[3.941s][info ][safepoint    ] Leaving safepoint region
[3.941s][info ][safepoint    ] Total time for which application threads were stopped: 0.0013251 seconds, Stopping threads took: 0.0012062 seconds
[3.943s][info ][safepoint    ] Application time: 0.0025595 seconds
[3.943s][info ][safepoint    ] Entering safepoint region: Deoptimize
[3.944s][info ][safepoint    ] Leaving safepoint region
[3.944s][info ][safepoint    ] Total time for which application threads were stopped: 0.0005171 seconds, Stopping threads took: 0.0001047 seconds
[3.945s][info ][safepoint    ] Application time: 0.0009820 seconds
[3.945s][info ][safepoint    ] Entering safepoint region: CollectForMetadataAllocation
[3.945s][info ][safepoint    ] Leaving safepoint region
[3.945s][info ][safepoint    ] Total time for which application threads were stopped: 0.0004325 seconds, Stopping threads took: 0.0003399 seconds
[3.946s][info ][safepoint    ] Application time: 0.0005822 seconds
[3.946s][info ][safepoint    ] Entering safepoint region: RevokeBias
[3.946s][info ][safepoint    ] Leaving safepoint region
[3.946s][info ][safepoint    ] Total time for which application threads were stopped: 0.0004114 seconds, Stopping threads took: 0.0002592 seconds
[3.960s][info ][safepoint    ] Application time: 0.0134036 seconds
[3.970s][info ][safepoint    ] Entering safepoint region: RevokeBias
[3.970s][info ][safepoint    ] Leaving safepoint region
[3.970s][info ][safepoint    ] Total time for which application threads were stopped: 0.0101651 seconds, Stopping threads took: 0.0099380 seconds
[3.970s][info ][safepoint    ] Application time: 0.0002771 seconds
[3.970s][info ][safepoint    ] Entering safepoint region: RevokeBias
[3.970s][info ][safepoint    ] Leaving safepoint region
[3.970s][info ][safepoint    ] Total time for which application threads were stopped: 0.0001855 seconds, Stopping threads took: 0.0000748 seconds
[3.988s][info ][safepoint    ] Application time: 0.0173773 seconds
[3.989s][info ][safepoint    ] Entering safepoint region: RevokeBias
[3.989s][info ][safepoint    ] Leaving safepoint region
[3.989s][info ][safepoint    ] Total time for which application threads were stopped: 0.0013487 seconds, Stopping threads took: 0.0011231 seconds
[4.011s][info ][safepoint    ] Application time: 0.0214102 seconds
[4.011s][info ][safepoint    ] Entering safepoint region: RevokeBias
[4.011s][info ][safepoint    ] Leaving safepoint region
[4.011s][info ][safepoint    ] Total time for which application threads were stopped: 0.0004023 seconds, Stopping threads took: 0.0002047 seconds
[4.022s][info ][safepoint    ] Application time: 0.0114714 seconds
[4.023s][info ][safepoint    ] Entering safepoint region: RevokeBias
[4.024s][info ][safepoint    ] Leaving safepoint region
[4.024s][info ][safepoint    ] Total time for which application threads were stopped: 0.0012805 seconds, Stopping threads took: 0.0008359 seconds
[4.029s][info ][safepoint    ] Application time: 0.0048401 seconds
[4.032s][info ][safepoint    ] Entering safepoint region: RevokeBias
[4.032s][info ][safepoint    ] Leaving safepoint region
[4.032s][info ][safepoint    ] Total time for which application threads were stopped: 0.0032398 seconds, Stopping threads took: 0.0029807 seconds
[4.033s][info ][safepoint    ] Application time: 0.0009412 seconds
[4.036s][info ][safepoint    ] Entering safepoint region: RevokeBias
[4.036s][info ][safepoint    ] Leaving safepoint region
[4.036s][info ][safepoint    ] Total time for which application threads were stopped: 0.0033653 seconds, Stopping threads took: 0.0030733 seconds
[4.044s][info ][safepoint    ] Application time: 0.0079907 seconds
[4.045s][info ][safepoint    ] Entering safepoint region: RevokeBias
[4.045s][info ][safepoint    ] Leaving safepoint region
[4.045s][info ][safepoint    ] Total time for which application threads were stopped: 0.0005476 seconds, Stopping threads took: 0.0002728 seconds
[4.048s][info ][safepoint    ] Application time: 0.0030748 seconds
[4.048s][info ][safepoint    ] Entering safepoint region: RevokeBias
[4.048s][info ][safepoint    ] Leaving safepoint region
[4.048s][info ][safepoint    ] Total time for which application threads were stopped: 0.0004640 seconds, Stopping threads took: 0.0002471 seconds
[4.057s][info ][safepoint    ] Application time: 0.0084617 seconds
[4.057s][info ][safepoint    ] Entering safepoint region: RevokeBias
[4.057s][info ][safepoint    ] Leaving safepoint region
[4.057s][info ][safepoint    ] Total time for which application threads were stopped: 0.0003935 seconds, Stopping threads took: 0.0001248 seconds
[4.059s][info ][safepoint    ] Application time: 0.0014212 seconds
[4.059s][info ][safepoint    ] Entering safepoint region: RevokeBias
[4.060s][info ][safepoint    ] Leaving safepoint region
[4.060s][info ][safepoint    ] Total time for which application threads were stopped: 0.0010428 seconds, Stopping threads took: 0.0001288 seconds
[4.063s][info ][safepoint    ] Application time: 0.0034243 seconds
[4.063s][info ][safepoint    ] Entering safepoint region: RevokeBias
[4.063s][info ][safepoint    ] Leaving safepoint region
[4.063s][info ][safepoint    ] Total time for which application threads were stopped: 0.0002886 seconds, Stopping threads took: 0.0001330 seconds
[4.105s][info ][safepoint    ] Application time: 0.0415369 seconds
[4.106s][info ][safepoint    ] Entering safepoint region: RevokeBias
[4.106s][info ][safepoint    ] Leaving safepoint region
[4.106s][info ][safepoint    ] Total time for which application threads were stopped: 0.0012289 seconds, Stopping threads took: 0.0009593 seconds
[4.109s][info ][safepoint    ] Application time: 0.0024733 seconds
[4.109s][info ][safepoint    ] Entering safepoint region: RevokeBias
[4.109s][info ][safepoint    ] Leaving safepoint region
[4.109s][info ][safepoint    ] Total time for which application threads were stopped: 0.0005121 seconds, Stopping threads took: 0.0003157 seconds
[4.119s][info ][safepoint    ] Application time: 0.0092448 seconds
[4.119s][info ][safepoint    ] Entering safepoint region: RevokeBias
[4.119s][info ][safepoint    ] Leaving safepoint region
[4.119s][info ][safepoint    ] Total time for which application threads were stopped: 0.0003754 seconds, Stopping threads took: 0.0001303 seconds
[4.119s][info ][safepoint    ] Application time: 0.0002379 seconds
[4.119s][info ][safepoint    ] Entering safepoint region: RevokeBias
[4.119s][info ][safepoint    ] Leaving safepoint region
[4.119s][info ][safepoint    ] Total time for which application threads were stopped: 0.0002423 seconds, Stopping threads took: 0.0000736 seconds
[4.121s][info ][safepoint    ] Application time: 0.0012581 seconds
[4.122s][info ][safepoint    ] Entering safepoint region: RevokeBias
[4.122s][info ][safepoint    ] Leaving safepoint region
[4.122s][info ][safepoint    ] Total time for which application threads were stopped: 0.0010868 seconds, Stopping threads took: 0.0009085 seconds
[4.124s][info ][safepoint    ] Application time: 0.0016762 seconds
[4.129s][info ][safepoint    ] Entering safepoint region: RevokeBias
[4.129s][info ][safepoint    ] Leaving safepoint region
[4.129s][info ][safepoint    ] Total time for which application threads were stopped: 0.0052973 seconds, Stopping threads took: 0.0050339 seconds
[4.134s][info ][safepoint    ] Application time: 0.0049175 seconds
[4.134s][info ][safepoint    ] Entering safepoint region: RevokeBias
[4.134s][info ][safepoint    ] Leaving safepoint region
[4.134s][info ][safepoint    ] Total time for which application threads were stopped: 0.0002908 seconds, Stopping threads took: 0.0001198 seconds
[4.140s][info ][safepoint    ] Application time: 0.0054471 seconds
[4.140s][info ][safepoint    ] Entering safepoint region: RevokeBias
[4.140s][info ][safepoint    ] Leaving safepoint region
[4.140s][info ][safepoint    ] Total time for which application threads were stopped: 0.0004255 seconds, Stopping threads took: 0.0001750 seconds
[4.149s][info ][safepoint    ] Application time: 0.0094504 seconds
[4.150s][info ][safepoint    ] Entering safepoint region: RevokeBias
[4.150s][info ][safepoint    ] Leaving safepoint region
[4.150s][info ][safepoint    ] Total time for which application threads were stopped: 0.0003532 seconds, Stopping threads took: 0.0001252 seconds
[4.150s][info ][safepoint    ] Application time: 0.0004934 seconds
[4.151s][info ][safepoint    ] Entering safepoint region: RevokeBias
[4.151s][info ][safepoint    ] Leaving safepoint region
[4.151s][info ][safepoint    ] Total time for which application threads were stopped: 0.0009698 seconds, Stopping threads took: 0.0002243 seconds
[4.172s][info ][safepoint    ] Application time: 0.0209937 seconds
[4.178s][info ][safepoint    ] Entering safepoint region: RevokeBias
[4.178s][info ][safepoint    ] Leaving safepoint region
[4.178s][info ][safepoint    ] Total time for which application threads were stopped: 0.0054059 seconds, Stopping threads took: 0.0051970 seconds
[4.210s][info ][safepoint    ] Application time: 0.0319219 seconds
[4.210s][info ][safepoint    ] Entering safepoint region: RevokeBias
[4.210s][info ][safepoint    ] Leaving safepoint region
[4.210s][info ][safepoint    ] Total time for which application threads were stopped: 0.0004367 seconds, Stopping threads took: 0.0002376 seconds
[4.210s][info ][gc           ] GC(1) Concurrent Abortable Preclean 597.554ms
[4.210s][info ][gc,cpu       ] GC(1) User=2.64s Sys=0.24s Real=0.60s
[4.210s][info ][safepoint    ] Application time: 0.0001231 seconds
[4.211s][info ][safepoint    ] Entering safepoint region: CMS_Final_Remark
[4.211s][info ][gc,start     ] GC(1) Pause Remark
[4.246s][debug][gc,phases    ] GC(1) Rescan (parallel) 35.315ms
[4.246s][debug][gc,ref       ] GC(1) Skipped phase1 of Reference Processing due to unavailable references
[4.246s][debug][gc,ref       ] GC(1) Skipped phase2 of Reference Processing due to unavailable references
[4.246s][debug][gc,ref       ] GC(1) Skipped phase3 of Reference Processing due to unavailable references
[4.246s][debug][gc,ref       ] GC(1) Skipped phase4 of Reference Processing due to unavailable references
[4.246s][debug][gc,phases    ] GC(1) Reference Processing 0.030ms
[4.246s][debug][gc,phases    ] GC(1) Weak Processing 0.027ms
[4.246s][debug][gc,phases    ] GC(1) ClassLoaderData 0.300ms
[4.246s][debug][gc,phases    ] GC(1) ProtectionDomainCacheTable 0.004ms
[4.246s][debug][gc,phases    ] GC(1) ResolvedMethodTable 0.053ms
[4.248s][debug][gc,phases    ] GC(1) Class Unloading 1.769ms
[4.250s][debug][gc,phases    ] GC(1) Scrub Symbol Table 1.938ms
[4.250s][debug][gc,phases    ] GC(1) Scrub String Table 0.199ms
[4.251s][info ][gc           ] GC(1) Pause Remark 160M->160M(852M) 40.266ms
[4.251s][info ][gc,cpu       ] GC(1) User=0.17s Sys=0.00s Real=0.04s
[4.251s][info ][safepoint    ] Leaving safepoint region
[4.251s][info ][safepoint    ] Total time for which application threads were stopped: 0.0404976 seconds, Stopping threads took: 0.0001198 seconds
[4.251s][info ][gc           ] GC(1) Concurrent Sweep
[4.252s][info ][gc           ] GC(1) Concurrent Sweep 1.454ms
[4.252s][info ][gc,cpu       ] GC(1) User=0.00s Sys=0.00s Real=0.00s
[4.252s][info ][gc           ] GC(1) Concurrent Reset
[4.268s][info ][gc           ] GC(1) Concurrent Reset 15.831ms
[4.268s][info ][gc,cpu       ] GC(1) User=0.07s Sys=0.02s Real=0.01s
[4.268s][info ][gc,heap      ] GC(1) Old: 2838K->2838K(602112K)
[4.273s][info ][safepoint    ] Application time: 0.0220304 seconds
[4.273s][info ][safepoint    ] Entering safepoint region: RevokeBias
[4.273s][info ][safepoint    ] Leaving safepoint region
[4.273s][info ][safepoint    ] Total time for which application threads were stopped: 0.0004940 seconds, Stopping threads took: 0.0003105 seconds
[4.295s][info ][safepoint    ] Application time: 0.0212315 seconds
[4.298s][info ][safepoint    ] Entering safepoint region: RevokeBias
[4.298s][info ][safepoint    ] Leaving safepoint region
[4.298s][info ][safepoint    ] Total time for which application threads were stopped: 0.0032195 seconds, Stopping threads took: 0.0029986 seconds
[4.302s][info ][safepoint    ] Application time: 0.0038910 seconds
[4.303s][info ][safepoint    ] Entering safepoint region: RevokeBias
[4.303s][info ][safepoint    ] Leaving safepoint region
[4.303s][info ][safepoint    ] Total time for which application threads were stopped: 0.0011888 seconds, Stopping threads took: 0.0010010 seconds
[4.341s][info ][safepoint    ] Application time: 0.0375641 seconds
[4.344s][info ][safepoint    ] Entering safepoint region: RevokeBias
[4.344s][info ][safepoint    ] Leaving safepoint region
[4.344s][info ][safepoint    ] Total time for which application threads were stopped: 0.0035226 seconds, Stopping threads took: 0.0033356 seconds
[4.376s][info ][safepoint    ] Application time: 0.0322224 seconds
[4.379s][info ][safepoint    ] Entering safepoint region: RevokeBias
[4.380s][info ][safepoint    ] Leaving safepoint region
[4.380s][info ][safepoint    ] Total time for which application threads were stopped: 0.0032329 seconds, Stopping threads took: 0.0030111 seconds
[4.382s][info ][safepoint    ] Application time: 0.0023811 seconds
[4.382s][info ][safepoint    ] Entering safepoint region: RevokeBias
[4.382s][info ][safepoint    ] Leaving safepoint region
[4.382s][info ][safepoint    ] Total time for which application threads were stopped: 0.0003515 seconds, Stopping threads took: 0.0001862 seconds
[4.400s][info ][safepoint    ] Application time: 0.0176519 seconds
[4.400s][info ][safepoint    ] Entering safepoint region: RevokeBias
[4.400s][info ][safepoint    ] Leaving safepoint region
[4.400s][info ][safepoint    ] Total time for which application threads were stopped: 0.0003182 seconds, Stopping threads took: 0.0001347 seconds
[4.409s][info ][safepoint    ] Application time: 0.0087754 seconds
[4.409s][info ][safepoint    ] Entering safepoint region: RevokeBias
[4.410s][info ][safepoint    ] Leaving safepoint region
[4.410s][info ][safepoint    ] Total time for which application threads were stopped: 0.0003137 seconds, Stopping threads took: 0.0001076 seconds
[4.417s][info ][safepoint    ] Application time: 0.0076380 seconds
[4.417s][info ][safepoint    ] Entering safepoint region: Deoptimize
[4.418s][info ][safepoint    ] Leaving safepoint region
[4.418s][info ][safepoint    ] Total time for which application threads were stopped: 0.0009658 seconds, Stopping threads took: 0.0001382 seconds
[4.425s][info ][safepoint    ] Application time: 0.0071124 seconds
[4.426s][info ][safepoint    ] Entering safepoint region: RevokeBias
[4.426s][info ][safepoint    ] Leaving safepoint region
[4.426s][info ][safepoint    ] Total time for which application threads were stopped: 0.0004415 seconds, Stopping threads took: 0.0002076 seconds
[4.443s][info ][safepoint    ] Application time: 0.0172881 seconds
[4.446s][info ][safepoint    ] Entering safepoint region: RevokeBias
[4.446s][info ][safepoint    ] Leaving safepoint region
[4.446s][info ][safepoint    ] Total time for which application threads were stopped: 0.0033991 seconds, Stopping threads took: 0.0031950 seconds
[4.450s][info ][safepoint    ] Application time: 0.0036545 seconds
[4.450s][info ][safepoint    ] Entering safepoint region: RevokeBias
[4.451s][info ][safepoint    ] Leaving safepoint region
[4.451s][info ][safepoint    ] Total time for which application threads were stopped: 0.0003858 seconds, Stopping threads took: 0.0001946 seconds
[4.464s][info ][safepoint    ] Application time: 0.0132481 seconds
[4.464s][info ][safepoint    ] Entering safepoint region: RevokeBias
[4.464s][info ][safepoint    ] Leaving safepoint region
[4.464s][info ][safepoint    ] Total time for which application threads were stopped: 0.0004902 seconds, Stopping threads took: 0.0002128 seconds
[4.471s][info ][safepoint    ] Application time: 0.0062093 seconds
[4.471s][info ][safepoint    ] Entering safepoint region: RevokeBias
[4.471s][info ][safepoint    ] Leaving safepoint region
[4.471s][info ][safepoint    ] Total time for which application threads were stopped: 0.0003697 seconds, Stopping threads took: 0.0001632 seconds
[4.479s][info ][safepoint    ] Application time: 0.0084316 seconds
[4.480s][info ][safepoint    ] Entering safepoint region: RevokeBias
[4.480s][info ][safepoint    ] Leaving safepoint region
[4.480s][info ][safepoint    ] Total time for which application threads were stopped: 0.0003396 seconds, Stopping threads took: 0.0001608 seconds
[4.502s][info ][safepoint    ] Application time: 0.0225159 seconds
[4.502s][info ][safepoint    ] Entering safepoint region: RevokeBias
[4.503s][info ][safepoint    ] Leaving safepoint region
[4.503s][info ][safepoint    ] Total time for which application threads were stopped: 0.0003247 seconds, Stopping threads took: 0.0001520 seconds
[4.538s][info ][safepoint    ] Application time: 0.0355628 seconds
[4.542s][info ][safepoint    ] Entering safepoint region: RevokeBias
[4.542s][info ][safepoint    ] Leaving safepoint region
[4.542s][info ][safepoint    ] Total time for which application threads were stopped: 0.0035526 seconds, Stopping threads took: 0.0033433 seconds
[4.579s][info ][safepoint    ] Application time: 0.0370390 seconds
[4.581s][info ][safepoint    ] Entering safepoint region: BulkRevokeBias
[4.582s][info ][safepoint    ] Leaving safepoint region
[4.582s][info ][safepoint    ] Total time for which application threads were stopped: 0.0028166 seconds, Stopping threads took: 0.0017297 seconds
[4.708s][info ][safepoint    ] Application time: 0.1261751 seconds
[4.709s][info ][safepoint    ] Entering safepoint region: GenCollectForAllocation
[4.709s][info ][gc,start     ] GC(2) Pause Young (Allocation Failure)
[4.709s][info ][gc,task      ] GC(2) Using 4 workers of 4 for evacuation
[4.830s][debug][gc,ref       ] GC(2) Skipped phase1 of Reference Processing due to unavailable references
[4.830s][debug][gc,ref       ] GC(2) Skipped phase3 of Reference Processing due to unavailable references
[4.830s][debug][gc,age       ] GC(2) Desired survivor size 15400960 bytes, new threshold 1 (max threshold 6)
[4.830s][info ][gc,heap      ] GC(2) ParNew: 270975K->30080K(270976K)
[4.830s][info ][gc,heap      ] GC(2) CMS: 2838K->40930K(602112K)
[4.830s][info ][gc,metaspace ] GC(2) Metaspace: 30202K->30202K(1077248K)
[4.830s][info ][gc           ] GC(2) Pause Young (Allocation Failure) 267M->69M(852M) 121.257ms
[4.830s][info ][gc,cpu       ] GC(2) User=0.28s Sys=0.02s Real=0.13s
[4.830s][info ][safepoint    ] Leaving safepoint region
[4.830s][info ][safepoint    ] Total time for which application threads were stopped: 0.1226283 seconds, Stopping threads took: 0.0007887 seconds
[4.850s][info ][safepoint    ] Application time: 0.0192782 seconds
[4.850s][info ][safepoint    ] Entering safepoint region: Deoptimize
[4.851s][info ][safepoint    ] Leaving safepoint region
[4.851s][info ][safepoint    ] Total time for which application threads were stopped: 0.0008423 seconds, Stopping threads took: 0.0002041 seconds
[4.876s][info ][safepoint    ] Application time: 0.0250491 seconds
[4.879s][info ][safepoint    ] Entering safepoint region: Deoptimize
[4.880s][info ][safepoint    ] Leaving safepoint region
[4.880s][info ][safepoint    ] Total time for which application threads were stopped: 0.0039611 seconds, Stopping threads took: 0.0030520 seconds
[5.058s][info ][safepoint    ] Application time: 0.1778971 seconds
[5.062s][info ][safepoint    ] Entering safepoint region: ICBufferFull
[5.062s][info ][safepoint    ] Leaving safepoint region
[5.062s][info ][safepoint    ] Total time for which application threads were stopped: 0.0044379 seconds, Stopping threads took: 0.0041828 seconds
[5.163s][info ][safepoint    ] Application time: 0.1012143 seconds
[5.170s][info ][safepoint    ] Entering safepoint region: Deoptimize
[5.171s][info ][safepoint    ] Leaving safepoint region
[5.171s][info ][safepoint    ] Total time for which application threads were stopped: 0.0073294 seconds, Stopping threads took: 0.0064296 seconds
[5.207s][info ][safepoint    ] Application time: 0.0358255 seconds
[5.207s][info ][safepoint    ] Entering safepoint region: RevokeBias
[5.207s][info ][safepoint    ] Leaving safepoint region
[5.207s][info ][safepoint    ] Total time for which application threads were stopped: 0.0003313 seconds, Stopping threads took: 0.0002007 seconds
[5.207s][info ][safepoint    ] Application time: 0.0001739 seconds
[5.211s][info ][safepoint    ] Entering safepoint region: RevokeBias
[5.211s][info ][safepoint    ] Leaving safepoint region
[5.211s][info ][safepoint    ] Total time for which application threads were stopped: 0.0037277 seconds, Stopping threads took: 0.0036247 seconds
[5.213s][info ][safepoint    ] Application time: 0.0022927 seconds
[5.213s][info ][safepoint    ] Entering safepoint region: RevokeBias
[5.213s][info ][safepoint    ] Leaving safepoint region
[5.213s][info ][safepoint    ] Total time for which application threads were stopped: 0.0001912 seconds, Stopping threads took: 0.0001041 seconds
[5.213s][info ][safepoint    ] Application time: 0.0000649 seconds
[5.213s][info ][safepoint    ] Entering safepoint region: RevokeBias
[5.214s][info ][safepoint    ] Leaving safepoint region
[5.214s][info ][safepoint    ] Total time for which application threads were stopped: 0.0001336 seconds, Stopping threads took: 0.0000521 seconds
[5.214s][info ][safepoint    ] Application time: 0.0001320 seconds
[5.214s][info ][safepoint    ] Entering safepoint region: RevokeBias
[5.214s][info ][safepoint    ] Leaving safepoint region
[5.214s][info ][safepoint    ] Total time for which application threads were stopped: 0.0002176 seconds, Stopping threads took: 0.0001381 seconds
[5.214s][info ][safepoint    ] Application time: 0.0000593 seconds
[5.214s][info ][safepoint    ] Entering safepoint region: RevokeBias
[5.214s][info ][safepoint    ] Leaving safepoint region
[5.214s][info ][safepoint    ] Total time for which application threads were stopped: 0.0001429 seconds, Stopping threads took: 0.0000665 seconds
[5.215s][info ][safepoint    ] Application time: 0.0009535 seconds
[5.215s][info ][safepoint    ] Entering safepoint region: RevokeBias
[5.215s][info ][safepoint    ] Leaving safepoint region
[5.215s][info ][safepoint    ] Total time for which application threads were stopped: 0.0003257 seconds, Stopping threads took: 0.0002395 seconds
[5.216s][info ][safepoint    ] Application time: 0.0001706 seconds
[5.216s][info ][safepoint    ] Entering safepoint region: RevokeBias
[5.216s][info ][safepoint    ] Leaving safepoint region
[5.216s][info ][safepoint    ] Total time for which application threads were stopped: 0.0003093 seconds, Stopping threads took: 0.0002210 seconds
[5.299s][info ][safepoint    ] Application time: 0.0827887 seconds
[5.299s][info ][safepoint    ] Entering safepoint region: GenCollectForAllocation
[5.299s][info ][gc,start     ] GC(3) Pause Young (Allocation Failure)
[5.299s][info ][gc,task      ] GC(3) Using 4 workers of 4 for evacuation
[5.402s][debug][gc,ref       ] GC(3) Skipped phase1 of Reference Processing due to unavailable references
[5.402s][debug][gc,ref       ] GC(3) Skipped phase3 of Reference Processing due to unavailable references
[5.402s][debug][gc,age       ] GC(3) Desired survivor size 15400960 bytes, new threshold 1 (max threshold 6)
[5.402s][info ][gc,heap      ] GC(3) ParNew: 270976K->30080K(270976K)
[5.402s][info ][gc,heap      ] GC(3) CMS: 40930K->73060K(602112K)
[5.402s][info ][gc,metaspace ] GC(3) Metaspace: 33594K->33594K(1079296K)
[5.402s][info ][gc           ] GC(3) Pause Young (Allocation Failure) 304M->100M(852M) 102.815ms
[5.402s][info ][gc,cpu       ] GC(3) User=0.28s Sys=0.02s Real=0.11s
[5.402s][info ][safepoint    ] Leaving safepoint region
[5.402s][info ][safepoint    ] Total time for which application threads were stopped: 0.1033807 seconds, Stopping threads took: 0.0002606 seconds
[5.410s][info ][safepoint    ] Application time: 0.0073983 seconds
[5.410s][info ][safepoint    ] Entering safepoint region: RevokeBias
[5.410s][info ][safepoint    ] Leaving safepoint region
[5.410s][info ][safepoint    ] Total time for which application threads were stopped: 0.0004081 seconds, Stopping threads took: 0.0002236 seconds
[5.410s][info ][safepoint    ] Application time: 0.0000431 seconds
[5.410s][info ][safepoint    ] Entering safepoint region: RevokeBias
[5.410s][info ][safepoint    ] Leaving safepoint region
[5.410s][info ][safepoint    ] Total time for which application threads were stopped: 0.0001484 seconds, Stopping threads took: 0.0000556 seconds
[5.544s][info ][safepoint    ] Application time: 0.1341242 seconds
[5.546s][info ][safepoint    ] Entering safepoint region: Deoptimize
[5.547s][info ][safepoint    ] Leaving safepoint region
[5.547s][info ][safepoint    ] Total time for which application threads were stopped: 0.0022462 seconds, Stopping threads took: 0.0014232 seconds
[5.550s][info ][safepoint    ] Application time: 0.0035153 seconds
[5.550s][info ][safepoint    ] Entering safepoint region: Deoptimize
[5.551s][info ][safepoint    ] Leaving safepoint region
[5.551s][info ][safepoint    ] Total time for which application threads were stopped: 0.0009656 seconds, Stopping threads took: 0.0002431 seconds
[5.560s][info ][safepoint    ] Application time: 0.0085691 seconds
[5.560s][info ][safepoint    ] Entering safepoint region: RevokeBias
[5.560s][info ][safepoint    ] Leaving safepoint region
[5.560s][info ][safepoint    ] Total time for which application threads were stopped: 0.0005525 seconds, Stopping threads took: 0.0004312 seconds
[5.582s][info ][safepoint    ] Application time: 0.0220242 seconds
[5.582s][info ][safepoint    ] Entering safepoint region: GenCollectForAllocation
[5.583s][info ][gc,start     ] GC(4) Pause Young (Allocation Failure)
[5.583s][info ][gc,task      ] GC(4) Using 4 workers of 4 for evacuation
[5.649s][debug][gc,ref       ] GC(4) Skipped phase1 of Reference Processing due to unavailable references
[5.649s][debug][gc,ref       ] GC(4) Skipped phase3 of Reference Processing due to unavailable references
[5.650s][debug][gc,age       ] GC(4) Desired survivor size 15400960 bytes, new threshold 6 (max threshold 6)
[5.650s][info ][gc,heap      ] GC(4) ParNew: 270976K->26684K(270976K)
[5.650s][info ][gc,heap      ] GC(4) CMS: 73060K->100602K(602112K)
[5.650s][info ][gc,metaspace ] GC(4) Metaspace: 33767K->33767K(1079296K)
[5.650s][info ][gc           ] GC(4) Pause Young (Allocation Failure) 335M->124M(852M) 67.123ms
[5.650s][info ][gc,cpu       ] GC(4) User=0.16s Sys=0.03s Real=0.07s
[5.650s][info ][safepoint    ] Leaving safepoint region
[5.650s][info ][safepoint    ] Total time for which application threads were stopped: 0.0674067 seconds, Stopping threads took: 0.0000123 seconds
[5.675s][info ][safepoint    ] Application time: 0.0252484 seconds
[5.679s][info ][safepoint    ] Entering safepoint region: RevokeBias
[5.680s][info ][safepoint    ] Leaving safepoint region
[5.680s][info ][safepoint    ] Total time for which application threads were stopped: 0.0033773 seconds, Stopping threads took: 0.0032219 seconds
[5.705s][info ][safepoint    ] Application time: 0.0255674 seconds
[5.706s][info ][safepoint    ] Entering safepoint region: RevokeBias
[5.706s][info ][safepoint    ] Leaving safepoint region
[5.706s][info ][safepoint    ] Total time for which application threads were stopped: 0.0012550 seconds, Stopping threads took: 0.0010717 seconds
[5.707s][info ][safepoint    ] Application time: 0.0000672 seconds
[5.707s][info ][safepoint    ] Entering safepoint region: RevokeBias
[5.707s][info ][safepoint    ] Leaving safepoint region
[5.707s][info ][safepoint    ] Total time for which application threads were stopped: 0.0001262 seconds, Stopping threads took: 0.0000328 seconds
[5.707s][info ][safepoint    ] Application time: 0.0001100 seconds
[5.707s][info ][safepoint    ] Entering safepoint region: RevokeBias
[5.707s][info ][safepoint    ] Leaving safepoint region
[5.707s][info ][safepoint    ] Total time for which application threads were stopped: 0.0002235 seconds, Stopping threads took: 0.0001082 seconds
[5.715s][info ][safepoint    ] Application time: 0.0075706 seconds
[5.718s][info ][safepoint    ] Entering safepoint region: RevokeBias
[5.718s][info ][safepoint    ] Leaving safepoint region
[5.718s][info ][safepoint    ] Total time for which application threads were stopped: 0.0035432 seconds, Stopping threads took: 0.0033532 seconds
[5.728s][info ][safepoint    ] Application time: 0.0095819 seconds
[5.733s][info ][safepoint    ] Entering safepoint region: RevokeBias
[5.733s][info ][safepoint    ] Leaving safepoint region
[5.733s][info ][safepoint    ] Total time for which application threads were stopped: 0.0051053 seconds, Stopping threads took: 0.0049306 seconds
[5.784s][info ][safepoint    ] Application time: 0.0512889 seconds
[5.788s][info ][safepoint    ] Entering safepoint region: GenCollectForAllocation
[5.788s][info ][safepoint    ] Leaving safepoint region
[5.788s][info ][safepoint    ] Total time for which application threads were stopped: 0.0034811 seconds, Stopping threads took: 0.0032968 seconds
[5.789s][info ][safepoint    ] Application time: 0.0016427 seconds
[5.790s][info ][safepoint    ] Entering safepoint region: GenCollectForAllocation
[5.790s][info ][gc,start     ] GC(5) Pause Young (Allocation Failure)
[5.790s][info ][gc,task      ] GC(5) Using 4 workers of 4 for evacuation
[5.810s][debug][gc,ref       ] GC(5) Skipped phase1 of Reference Processing due to unavailable references
[5.810s][debug][gc,ref       ] GC(5) Skipped phase3 of Reference Processing due to unavailable references
[5.811s][debug][gc,age       ] GC(5) Desired survivor size 15400960 bytes, new threshold 6 (max threshold 6)
[5.811s][info ][gc,heap      ] GC(5) ParNew: 267580K->9577K(270976K)
[5.811s][info ][gc,heap      ] GC(5) CMS: 100602K->100602K(602112K)
[5.811s][info ][gc,metaspace ] GC(5) Metaspace: 34430K->34430K(1081344K)
[5.811s][info ][gc           ] GC(5) Pause Young (Allocation Failure) 359M->107M(852M) 20.897ms
[5.811s][info ][gc,cpu       ] GC(5) User=0.05s Sys=0.00s Real=0.02s
[5.811s][info ][safepoint    ] Leaving safepoint region
[5.811s][info ][safepoint    ] Total time for which application threads were stopped: 0.0214575 seconds, Stopping threads took: 0.0001627 seconds
[5.832s][info ][safepoint    ] Application time: 0.0209182 seconds
[5.833s][info ][safepoint    ] Entering safepoint region: RevokeBias
[5.833s][info ][safepoint    ] Leaving safepoint region
[5.833s][info ][safepoint    ] Total time for which application threads were stopped: 0.0013185 seconds, Stopping threads took: 0.0011757 seconds
[5.902s][info ][safepoint    ] Application time: 0.0688984 seconds
[5.910s][info ][safepoint    ] Entering safepoint region: RevokeBias
[5.910s][info ][safepoint    ] Leaving safepoint region
[5.910s][info ][safepoint    ] Total time for which application threads were stopped: 0.0077572 seconds, Stopping threads took: 0.0075318 seconds
[5.911s][info ][safepoint    ] Application time: 0.0007633 seconds
[5.911s][info ][safepoint    ] Entering safepoint region: RevokeBias
[5.911s][info ][safepoint    ] Leaving safepoint region
[5.911s][info ][safepoint    ] Total time for which application threads were stopped: 0.0002097 seconds, Stopping threads took: 0.0000763 seconds
[5.921s][info ][safepoint    ] Application time: 0.0097004 seconds
[5.922s][info ][safepoint    ] Entering safepoint region: RevokeBias
[5.922s][info ][safepoint    ] Leaving safepoint region
[5.922s][info ][safepoint    ] Total time for which application threads were stopped: 0.0017148 seconds, Stopping threads took: 0.0015730 seconds
[5.972s][info ][safepoint    ] Application time: 0.0497560 seconds
[5.972s][info ][safepoint    ] Entering safepoint region: GenCollectForAllocation
[5.972s][info ][gc,start     ] GC(6) Pause Young (Allocation Failure)
[5.972s][info ][gc,task      ] GC(6) Using 4 workers of 4 for evacuation
[5.982s][debug][gc,ref       ] GC(6) Skipped phase1 of Reference Processing due to unavailable references
[5.982s][debug][gc,ref       ] GC(6) Skipped phase3 of Reference Processing due to unavailable references
[5.983s][debug][gc,age       ] GC(6) Desired survivor size 15400960 bytes, new threshold 6 (max threshold 6)
[5.983s][info ][gc,heap      ] GC(6) ParNew: 250473K->14106K(270976K)
[5.983s][info ][gc,heap      ] GC(6) CMS: 100602K->100602K(602112K)
[5.983s][info ][gc,metaspace ] GC(6) Metaspace: 35699K->35699K(1081344K)
[5.983s][info ][gc           ] GC(6) Pause Young (Allocation Failure) 342M->112M(852M) 10.190ms
[5.983s][info ][gc,cpu       ] GC(6) User=0.04s Sys=0.00s Real=0.01s
[5.983s][info ][safepoint    ] Leaving safepoint region
[5.983s][info ][safepoint    ] Total time for which application threads were stopped: 0.0105480 seconds, Stopping threads took: 0.0001773 seconds
[6.024s][info ][safepoint    ] Application time: 0.0414873 seconds
[6.024s][info ][safepoint    ] Entering safepoint region: RevokeBias
[6.024s][info ][safepoint    ] Leaving safepoint region
[6.025s][info ][safepoint    ] Total time for which application threads were stopped: 0.0003298 seconds, Stopping threads took: 0.0001783 seconds
[6.047s][info ][safepoint    ] Application time: 0.0221918 seconds
[6.052s][info ][safepoint    ] Entering safepoint region: RevokeBias
[6.053s][info ][safepoint    ] Leaving safepoint region
[6.053s][info ][safepoint    ] Total time for which application threads were stopped: 0.0058058 seconds, Stopping threads took: 0.0052388 seconds
[6.067s][info ][safepoint    ] Application time: 0.0146631 seconds
[6.070s][info ][safepoint    ] Entering safepoint region: RevokeBias
[6.071s][info ][safepoint    ] Leaving safepoint region
[6.071s][info ][safepoint    ] Total time for which application threads were stopped: 0.0034061 seconds, Stopping threads took: 0.0032496 seconds
[6.132s][info ][safepoint    ] Application time: 0.0609596 seconds
[6.132s][info ][safepoint    ] Entering safepoint region: Deoptimize
[6.133s][info ][safepoint    ] Leaving safepoint region
[6.133s][info ][safepoint    ] Total time for which application threads were stopped: 0.0009273 seconds, Stopping threads took: 0.0002086 seconds
[6.157s][info ][safepoint    ] Application time: 0.0241355 seconds
[6.157s][info ][safepoint    ] Entering safepoint region: RevokeBias
[6.157s][info ][safepoint    ] Leaving safepoint region
[6.157s][info ][safepoint    ] Total time for which application threads were stopped: 0.0004005 seconds, Stopping threads took: 0.0002626 seconds
[6.159s][info ][safepoint    ] Application time: 0.0019745 seconds
[6.159s][info ][safepoint    ] Entering safepoint region: RevokeBias
[6.159s][info ][safepoint    ] Leaving safepoint region
[6.159s][info ][safepoint    ] Total time for which application threads were stopped: 0.0002985 seconds, Stopping threads took: 0.0002043 seconds
[6.163s][info ][safepoint    ] Application time: 0.0034195 seconds
[6.163s][info ][safepoint    ] Entering safepoint region: Deoptimize
[6.164s][info ][safepoint    ] Leaving safepoint region
[6.164s][info ][safepoint    ] Total time for which application threads were stopped: 0.0009319 seconds, Stopping threads took: 0.0001894 seconds
[6.168s][info ][safepoint    ] Application time: 0.0044542 seconds
[6.168s][info ][safepoint    ] Entering safepoint region: RevokeBias
[6.169s][info ][safepoint    ] Leaving safepoint region
[6.169s][info ][safepoint    ] Total time for which application threads were stopped: 0.0003096 seconds, Stopping threads took: 0.0001773 seconds
[6.174s][info ][safepoint    ] Application time: 0.0055683 seconds
[6.182s][info ][safepoint    ] Entering safepoint region: RevokeBias
[6.182s][info ][safepoint    ] Leaving safepoint region
[6.183s][info ][safepoint    ] Total time for which application threads were stopped: 0.0082765 seconds, Stopping threads took: 0.0081380 seconds
[6.186s][info ][safepoint    ] Application time: 0.0032111 seconds
[6.193s][info ][safepoint    ] Entering safepoint region: RevokeBias
[6.193s][info ][safepoint    ] Leaving safepoint region
[6.193s][info ][safepoint    ] Total time for which application threads were stopped: 0.0071422 seconds, Stopping threads took: 0.0069623 seconds
[6.301s][info ][safepoint    ] Application time: 0.1081577 seconds
[6.301s][info ][safepoint    ] Entering safepoint region: GenCollectForAllocation
[6.301s][info ][gc,start     ] GC(7) Pause Young (Allocation Failure)
[6.301s][info ][gc,task      ] GC(7) Using 4 workers of 4 for evacuation
[6.324s][debug][gc,ref       ] GC(7) Skipped phase1 of Reference Processing due to unavailable references
[6.324s][debug][gc,ref       ] GC(7) Skipped phase3 of Reference Processing due to unavailable references
[6.324s][debug][gc,age       ] GC(7) Desired survivor size 15400960 bytes, new threshold 4 (max threshold 6)
[6.324s][info ][gc,heap      ] GC(7) ParNew: 255002K->21625K(270976K)
[6.324s][info ][gc,heap      ] GC(7) CMS: 100602K->100602K(602112K)
[6.324s][info ][gc,metaspace ] GC(7) Metaspace: 36610K->36610K(1083392K)
[6.324s][info ][gc           ] GC(7) Pause Young (Allocation Failure) 347M->119M(852M) 22.465ms
[6.324s][info ][gc,cpu       ] GC(7) User=0.07s Sys=0.00s Real=0.03s
[6.324s][info ][safepoint    ] Leaving safepoint region
[6.324s][info ][safepoint    ] Total time for which application threads were stopped: 0.0228445 seconds, Stopping threads took: 0.0001875 seconds
[6.503s][info ][safepoint    ] Application time: 0.1789850 seconds
[6.515s][info ][safepoint    ] Entering safepoint region: GenCollectForAllocation
[6.516s][info ][gc,start     ] GC(8) Pause Young (Allocation Failure)
[6.516s][info ][gc,task      ] GC(8) Using 4 workers of 4 for evacuation
[6.554s][debug][gc,ref       ] GC(8) Skipped phase1 of Reference Processing due to unavailable references
[6.554s][debug][gc,ref       ] GC(8) Skipped phase3 of Reference Processing due to unavailable references
[6.555s][debug][gc,age       ] GC(8) Desired survivor size 15400960 bytes, new threshold 6 (max threshold 6)
[6.555s][info ][gc,heap      ] GC(8) ParNew: 262521K->20697K(270976K)
[6.555s][info ][gc,heap      ] GC(8) CMS: 100602K->106004K(602112K)
[6.555s][info ][gc,metaspace ] GC(8) Metaspace: 36616K->36616K(1083392K)
[6.555s][info ][gc           ] GC(8) Pause Young (Allocation Failure) 354M->123M(852M) 39.014ms
[6.555s][info ][gc,cpu       ] GC(8) User=0.06s Sys=0.01s Real=0.04s
[6.555s][info ][safepoint    ] Leaving safepoint region
[6.555s][info ][safepoint    ] Total time for which application threads were stopped: 0.0517445 seconds, Stopping threads took: 0.0124357 seconds
[6.737s][info ][safepoint    ] Application time: 0.1824436 seconds
[6.737s][info ][safepoint    ] Entering safepoint region: GenCollectForAllocation
[6.737s][info ][gc,start     ] GC(9) Pause Young (Allocation Failure)
[6.738s][info ][gc,task      ] GC(9) Using 4 workers of 4 for evacuation
[6.749s][debug][gc,ref       ] GC(9) Skipped phase1 of Reference Processing due to unavailable references
[6.749s][debug][gc,ref       ] GC(9) Skipped phase3 of Reference Processing due to unavailable references
[6.750s][debug][gc,age       ] GC(9) Desired survivor size 15400960 bytes, new threshold 6 (max threshold 6)
[6.750s][info ][gc,heap      ] GC(9) ParNew: 261593K->23505K(270976K)
[6.750s][info ][gc,heap      ] GC(9) CMS: 106004K->106004K(602112K)
[6.750s][info ][gc,metaspace ] GC(9) Metaspace: 36617K->36617K(1083392K)
[6.750s][info ][gc           ] GC(9) Pause Young (Allocation Failure) 358M->126M(852M) 12.129ms
[6.750s][info ][gc,cpu       ] GC(9) User=0.03s Sys=0.01s Real=0.02s
[6.750s][info ][safepoint    ] Leaving safepoint region
[6.750s][info ][safepoint    ] Total time for which application threads were stopped: 0.0125102 seconds, Stopping threads took: 0.0001516 seconds
[6.823s][info ][safepoint    ] Application time: 0.0737394 seconds
[6.827s][info ][safepoint    ] Entering safepoint region: GenCollectForAllocation
[6.827s][info ][gc,start     ] GC(10) Pause Young (Allocation Failure)
[6.827s][info ][gc,task      ] GC(10) Using 4 workers of 4 for evacuation
[6.836s][debug][gc,ref       ] GC(10) Skipped phase1 of Reference Processing due to unavailable references
[6.836s][debug][gc,ref       ] GC(10) Skipped phase3 of Reference Processing due to unavailable references
[6.836s][debug][gc,age       ] GC(10) Desired survivor size 15400960 bytes, new threshold 6 (max threshold 6)
[6.836s][info ][gc,heap      ] GC(10) ParNew: 264401K->17048K(270976K)
[6.836s][info ][gc,heap      ] GC(10) CMS: 106004K->106004K(602112K)
[6.836s][info ][gc,metaspace ] GC(10) Metaspace: 36617K->36617K(1083392K)
[6.836s][info ][gc           ] GC(10) Pause Young (Allocation Failure) 361M->120M(852M) 9.403ms
[6.836s][info ][gc,cpu       ] GC(10) User=0.04s Sys=0.00s Real=0.01s
[6.836s][info ][safepoint    ] Leaving safepoint region
[6.836s][info ][safepoint    ] Total time for which application threads were stopped: 0.0128541 seconds, Stopping threads took: 0.0032206 seconds
[6.939s][info ][safepoint    ] Application time: 0.1024685 seconds
[6.951s][info ][safepoint    ] Entering safepoint region: GenCollectForAllocation
[6.951s][info ][gc,start     ] GC(11) Pause Young (Allocation Failure)
[6.951s][info ][gc,task      ] GC(11) Using 4 workers of 4 for evacuation
[6.963s][debug][gc,ref       ] GC(11) Skipped phase1 of Reference Processing due to unavailable references
[6.963s][debug][gc,ref       ] GC(11) Skipped phase3 of Reference Processing due to unavailable references
[6.964s][debug][gc,age       ] GC(11) Desired survivor size 15400960 bytes, new threshold 6 (max threshold 6)
[6.964s][info ][gc,heap      ] GC(11) ParNew: 257944K->15478K(270976K)
[6.964s][info ][gc,heap      ] GC(11) CMS: 106004K->107641K(602112K)
[6.964s][info ][gc,metaspace ] GC(11) Metaspace: 36617K->36617K(1083392K)
[6.964s][info ][gc           ] GC(11) Pause Young (Allocation Failure) 355M->120M(852M) 12.239ms
[6.964s][info ][gc,cpu       ] GC(11) User=0.04s Sys=0.00s Real=0.01s
[6.964s][info ][safepoint    ] Leaving safepoint region
[6.964s][info ][safepoint    ] Total time for which application threads were stopped: 0.0248756 seconds, Stopping threads took: 0.0123511 seconds
[7.043s][info ][safepoint    ] Application time: 0.0795087 seconds
[7.052s][info ][safepoint    ] Entering safepoint region: GenCollectForAllocation
[7.052s][info ][gc,start     ] GC(12) Pause Young (Allocation Failure)
[7.052s][info ][gc,task      ] GC(12) Using 4 workers of 4 for evacuation
[7.061s][debug][gc,ref       ] GC(12) Skipped phase1 of Reference Processing due to unavailable references
[7.061s][debug][gc,ref       ] GC(12) Skipped phase3 of Reference Processing due to unavailable references
[7.061s][debug][gc,age       ] GC(12) Desired survivor size 15400960 bytes, new threshold 6 (max threshold 6)
[7.061s][info ][gc,heap      ] GC(12) ParNew: 256374K->17203K(270976K)
[7.061s][info ][gc,heap      ] GC(12) CMS: 107641K->109903K(602112K)
[7.061s][info ][gc,metaspace ] GC(12) Metaspace: 36617K->36617K(1083392K)
[7.061s][info ][gc           ] GC(12) Pause Young (Allocation Failure) 355M->124M(852M) 9.667ms
[7.061s][info ][gc,cpu       ] GC(12) User=0.04s Sys=0.00s Real=0.00s
[7.061s][info ][safepoint    ] Leaving safepoint region
[7.061s][info ][safepoint    ] Total time for which application threads were stopped: 0.0182248 seconds, Stopping threads took: 0.0083445 seconds
[7.113s][info ][safepoint    ] Application time: 0.0519799 seconds
[7.114s][info ][safepoint    ] Entering safepoint region: GenCollectForAllocation
[7.114s][info ][gc,start     ] GC(13) Pause Young (Allocation Failure)
[7.114s][info ][gc,task      ] GC(13) Using 4 workers of 4 for evacuation
[7.132s][debug][gc,ref       ] GC(13) Skipped phase1 of Reference Processing due to unavailable references
[7.132s][debug][gc,ref       ] GC(13) Skipped phase2 of Reference Processing due to unavailable references
[7.132s][debug][gc,ref       ] GC(13) Skipped phase3 of Reference Processing due to unavailable references
[7.132s][debug][gc,ref       ] GC(13) Skipped phase4 of Reference Processing due to unavailable references
[7.132s][debug][gc,age       ] GC(13) Desired survivor size 15400960 bytes, new threshold 6 (max threshold 6)
[7.132s][info ][gc,heap      ] GC(13) ParNew: 258099K->4869K(270976K)
[7.132s][info ][gc,heap      ] GC(13) CMS: 109903K->118903K(602112K)
[7.132s][info ][gc,metaspace ] GC(13) Metaspace: 36617K->36617K(1083392K)
[7.132s][info ][gc           ] GC(13) Pause Young (Allocation Failure) 359M->120M(852M) 18.291ms
[7.132s][info ][gc,cpu       ] GC(13) User=0.05s Sys=0.00s Real=0.02s
[7.132s][info ][safepoint    ] Leaving safepoint region
[7.132s][info ][safepoint    ] Total time for which application threads were stopped: 0.0189012 seconds, Stopping threads took: 0.0004217 seconds
[7.181s][info ][safepoint    ] Application time: 0.0487776 seconds
[7.187s][info ][safepoint    ] Entering safepoint region: GenCollectForAllocation
[7.188s][info ][gc,start     ] GC(14) Pause Young (Allocation Failure)
[7.188s][info ][gc,task      ] GC(14) Using 4 workers of 4 for evacuation
[7.199s][debug][gc,ref       ] GC(14) Skipped phase1 of Reference Processing due to unavailable references
[7.199s][debug][gc,ref       ] GC(14) Skipped phase2 of Reference Processing due to unavailable references
[7.199s][debug][gc,ref       ] GC(14) Skipped phase3 of Reference Processing due to unavailable references
[7.199s][debug][gc,ref       ] GC(14) Skipped phase4 of Reference Processing due to unavailable references
[7.200s][debug][gc,age       ] GC(14) Desired survivor size 15400960 bytes, new threshold 6 (max threshold 6)
[7.200s][info ][gc,heap      ] GC(14) ParNew: 245765K->1775K(270976K)
[7.200s][info ][gc,heap      ] GC(14) CMS: 118903K->119468K(602112K)
[7.200s][info ][gc,metaspace ] GC(14) Metaspace: 36617K->36617K(1083392K)
[7.200s][info ][gc           ] GC(14) Pause Young (Allocation Failure) 356M->118M(852M) 12.047ms
[7.200s][info ][gc,cpu       ] GC(14) User=0.03s Sys=0.00s Real=0.01s
[7.200s][info ][safepoint    ] Leaving safepoint region
[7.200s][info ][safepoint    ] Total time for which application threads were stopped: 0.0185653 seconds, Stopping threads took: 0.0061986 seconds
[7.299s][info ][safepoint    ] Application time: 0.0994848 seconds
[7.314s][info ][safepoint    ] Entering safepoint region: GenCollectForAllocation
[7.314s][info ][gc,start     ] GC(15) Pause Young (Allocation Failure)
[7.314s][info ][gc,task      ] GC(15) Using 4 workers of 4 for evacuation
[7.317s][debug][gc,ref       ] GC(15) Skipped phase1 of Reference Processing due to unavailable references
[7.317s][debug][gc,ref       ] GC(15) Skipped phase2 of Reference Processing due to unavailable references
[7.317s][debug][gc,ref       ] GC(15) Skipped phase3 of Reference Processing due to unavailable references
[7.317s][debug][gc,ref       ] GC(15) Skipped phase4 of Reference Processing due to unavailable references
[7.317s][debug][gc,age       ] GC(15) Desired survivor size 15400960 bytes, new threshold 6 (max threshold 6)
[7.317s][info ][gc,heap      ] GC(15) ParNew: 242671K->502K(270976K)
[7.317s][info ][gc,heap      ] GC(15) CMS: 119468K->119506K(602112K)
[7.317s][info ][gc,metaspace ] GC(15) Metaspace: 36617K->36617K(1083392K)
[7.317s][info ][gc           ] GC(15) Pause Young (Allocation Failure) 353M->117M(852M) 3.060ms
[7.317s][info ][gc,cpu       ] GC(15) User=0.01s Sys=0.01s Real=0.00s
[7.317s][info ][safepoint    ] Leaving safepoint region
[7.317s][info ][safepoint    ] Total time for which application threads were stopped: 0.0177295 seconds, Stopping threads took: 0.0143829 seconds
[7.386s][info ][safepoint    ] Application time: 0.0690867 seconds
[7.390s][info ][safepoint    ] Entering safepoint region: GenCollectForAllocation
[7.391s][info ][gc,start     ] GC(16) Pause Young (Allocation Failure)
[7.391s][info ][gc,task      ] GC(16) Using 4 workers of 4 for evacuation
[7.396s][debug][gc,ref       ] GC(16) Skipped phase1 of Reference Processing due to unavailable references
[7.396s][debug][gc,ref       ] GC(16) Skipped phase2 of Reference Processing due to unavailable references
[7.396s][debug][gc,ref       ] GC(16) Skipped phase3 of Reference Processing due to unavailable references
[7.396s][debug][gc,ref       ] GC(16) Skipped phase4 of Reference Processing due to unavailable references
[7.396s][debug][gc,age       ] GC(16) Desired survivor size 15400960 bytes, new threshold 6 (max threshold 6)
[7.396s][info ][gc,heap      ] GC(16) ParNew: 241398K->529K(270976K)
[7.396s][info ][gc,heap      ] GC(16) CMS: 119506K->119535K(602112K)
[7.396s][info ][gc,metaspace ] GC(16) Metaspace: 36617K->36617K(1083392K)
[7.396s][info ][gc           ] GC(16) Pause Young (Allocation Failure) 352M->117M(852M) 5.645ms
[7.396s][info ][gc,cpu       ] GC(16) User=0.01s Sys=0.00s Real=0.00s
[7.396s][info ][safepoint    ] Leaving safepoint region
[7.396s][info ][safepoint    ] Total time for which application threads were stopped: 0.0102811 seconds, Stopping threads took: 0.0043646 seconds
[7.483s][info ][safepoint    ] Application time: 0.0865107 seconds
[7.486s][info ][safepoint    ] Entering safepoint region: GenCollectForAllocation
[7.486s][info ][gc,start     ] GC(17) Pause Young (Allocation Failure)
[7.486s][info ][gc,task      ] GC(17) Using 4 workers of 4 for evacuation
[7.491s][debug][gc,ref       ] GC(17) Skipped phase1 of Reference Processing due to unavailable references
[7.491s][debug][gc,ref       ] GC(17) Skipped phase2 of Reference Processing due to unavailable references
[7.491s][debug][gc,ref       ] GC(17) Skipped phase3 of Reference Processing due to unavailable references
[7.491s][debug][gc,ref       ] GC(17) Skipped phase4 of Reference Processing due to unavailable references
[7.491s][debug][gc,age       ] GC(17) Desired survivor size 15400960 bytes, new threshold 6 (max threshold 6)
[7.491s][info ][gc,heap      ] GC(17) ParNew: 241425K->409K(270976K)
[7.491s][info ][gc,heap      ] GC(17) CMS: 119535K->119580K(602112K)
[7.491s][info ][gc,metaspace ] GC(17) Metaspace: 36617K->36617K(1083392K)
[7.491s][info ][gc           ] GC(17) Pause Young (Allocation Failure) 352M->117M(852M) 5.102ms
[7.491s][info ][gc,cpu       ] GC(17) User=0.01s Sys=0.00s Real=0.01s
[7.492s][info ][safepoint    ] Leaving safepoint region
[7.492s][info ][safepoint    ] Total time for which application threads were stopped: 0.0085435 seconds, Stopping threads took: 0.0032396 seconds
[7.558s][info ][safepoint    ] Application time: 0.0664169 seconds
[7.559s][info ][safepoint    ] Entering safepoint region: GenCollectForAllocation
[7.559s][info ][gc,start     ] GC(18) Pause Young (Allocation Failure)
[7.559s][info ][gc,task      ] GC(18) Using 4 workers of 4 for evacuation
[7.562s][debug][gc,ref       ] GC(18) Skipped phase1 of Reference Processing due to unavailable references
[7.563s][debug][gc,ref       ] GC(18) Skipped phase2 of Reference Processing due to unavailable references
[7.563s][debug][gc,ref       ] GC(18) Skipped phase3 of Reference Processing due to unavailable references
[7.563s][debug][gc,ref       ] GC(18) Skipped phase4 of Reference Processing due to unavailable references
[7.563s][debug][gc,age       ] GC(18) Desired survivor size 15400960 bytes, new threshold 6 (max threshold 6)
[7.563s][info ][gc,heap      ] GC(18) ParNew: 241305K->522K(270976K)
[7.563s][info ][gc,heap      ] GC(18) CMS: 119580K->119637K(602112K)
[7.563s][info ][gc,metaspace ] GC(18) Metaspace: 36617K->36617K(1083392K)
[7.563s][info ][gc           ] GC(18) Pause Young (Allocation Failure) 352M->117M(852M) 3.507ms
[7.563s][info ][gc,cpu       ] GC(18) User=0.01s Sys=0.00s Real=0.01s
[7.563s][info ][safepoint    ] Leaving safepoint region
[7.563s][info ][safepoint    ] Total time for which application threads were stopped: 0.0047334 seconds, Stopping threads took: 0.0010532 seconds
[7.647s][info ][safepoint    ] Application time: 0.0840735 seconds
[7.647s][info ][safepoint    ] Entering safepoint region: GenCollectForAllocation
[7.647s][info ][gc,start     ] GC(19) Pause Young (Allocation Failure)
[7.647s][info ][gc,task      ] GC(19) Using 4 workers of 4 for evacuation
[7.650s][debug][gc,ref       ] GC(19) Skipped phase1 of Reference Processing due to unavailable references
[7.650s][debug][gc,ref       ] GC(19) Skipped phase2 of Reference Processing due to unavailable references
[7.650s][debug][gc,ref       ] GC(19) Skipped phase3 of Reference Processing due to unavailable references
[7.650s][debug][gc,ref       ] GC(19) Skipped phase4 of Reference Processing due to unavailable references
[7.650s][debug][gc,age       ] GC(19) Desired survivor size 15400960 bytes, new threshold 6 (max threshold 6)
[7.650s][info ][gc,heap      ] GC(19) ParNew: 241418K->371K(270976K)
[7.650s][info ][gc,heap      ] GC(19) CMS: 119637K->119662K(602112K)
[7.650s][info ][gc,metaspace ] GC(19) Metaspace: 36617K->36617K(1083392K)
[7.650s][info ][gc           ] GC(19) Pause Young (Allocation Failure) 352M->117M(852M) 2.988ms
[7.650s][info ][gc,cpu       ] GC(19) User=0.01s Sys=0.00s Real=0.01s
[7.650s][info ][safepoint    ] Leaving safepoint region
[7.650s][info ][safepoint    ] Total time for which application threads were stopped: 0.0034541 seconds, Stopping threads took: 0.0002238 seconds
[7.723s][info ][safepoint    ] Application time: 0.0723518 seconds
[7.726s][info ][safepoint    ] Entering safepoint region: GenCollectForAllocation
[7.726s][info ][gc,start     ] GC(20) Pause Young (Allocation Failure)
[7.726s][info ][gc,task      ] GC(20) Using 4 workers of 4 for evacuation
[7.730s][debug][gc,ref       ] GC(20) Skipped phase1 of Reference Processing due to unavailable references
[7.730s][debug][gc,ref       ] GC(20) Skipped phase2 of Reference Processing due to unavailable references
[7.730s][debug][gc,ref       ] GC(20) Skipped phase3 of Reference Processing due to unavailable references
[7.730s][debug][gc,ref       ] GC(20) Skipped phase4 of Reference Processing due to unavailable references
[7.730s][debug][gc,age       ] GC(20) Desired survivor size 15400960 bytes, new threshold 6 (max threshold 6)
[7.730s][info ][gc,heap      ] GC(20) ParNew: 241267K->414K(270976K)
[7.730s][info ][gc,heap      ] GC(20) CMS: 119662K->119692K(602112K)
[7.730s][info ][gc,metaspace ] GC(20) Metaspace: 36617K->36617K(1083392K)
[7.730s][info ][gc           ] GC(20) Pause Young (Allocation Failure) 352M->117M(852M) 4.086ms
[7.730s][info ][gc,cpu       ] GC(20) User=0.01s Sys=0.00s Real=0.01s
[7.730s][info ][safepoint    ] Leaving safepoint region
[7.730s][info ][safepoint    ] Total time for which application threads were stopped: 0.0077294 seconds, Stopping threads took: 0.0034347 seconds
[7.836s][info ][safepoint    ] Application time: 0.1051662 seconds
[7.836s][info ][safepoint    ] Entering safepoint region: GenCollectForAllocation
[7.836s][info ][gc,start     ] GC(21) Pause Young (Allocation Failure)
[7.836s][info ][gc,task      ] GC(21) Using 4 workers of 4 for evacuation
[7.842s][debug][gc,ref       ] GC(21) Skipped phase1 of Reference Processing due to unavailable references
[7.842s][debug][gc,ref       ] GC(21) Skipped phase2 of Reference Processing due to unavailable references
[7.842s][debug][gc,ref       ] GC(21) Skipped phase3 of Reference Processing due to unavailable references
[7.842s][debug][gc,ref       ] GC(21) Skipped phase4 of Reference Processing due to unavailable references
[7.842s][debug][gc,age       ] GC(21) Desired survivor size 15400960 bytes, new threshold 6 (max threshold 6)
[7.842s][info ][gc,heap      ] GC(21) ParNew: 241310K->477K(270976K)
[7.842s][info ][gc,heap      ] GC(21) CMS: 119692K->119750K(602112K)
[7.842s][info ][gc,metaspace ] GC(21) Metaspace: 36617K->36617K(1083392K)
[7.842s][info ][gc           ] GC(21) Pause Young (Allocation Failure) 352M->117M(852M) 6.503ms
[7.842s][info ][gc,cpu       ] GC(21) User=0.01s Sys=0.00s Real=0.01s
[7.842s][info ][safepoint    ] Leaving safepoint region
[7.842s][info ][safepoint    ] Total time for which application threads were stopped: 0.0067260 seconds, Stopping threads took: 0.0000444 seconds
[7.899s][info ][safepoint    ] Application time: 0.0565895 seconds
[7.906s][info ][safepoint    ] Entering safepoint region: GenCollectForAllocation
[7.906s][info ][gc,start     ] GC(22) Pause Young (Allocation Failure)
[7.906s][info ][gc,task      ] GC(22) Using 4 workers of 4 for evacuation
[7.910s][debug][gc,ref       ] GC(22) Skipped phase1 of Reference Processing due to unavailable references
[7.910s][debug][gc,ref       ] GC(22) Skipped phase2 of Reference Processing due to unavailable references
[7.910s][debug][gc,ref       ] GC(22) Skipped phase3 of Reference Processing due to unavailable references
[7.910s][debug][gc,ref       ] GC(22) Skipped phase4 of Reference Processing due to unavailable references
[7.910s][debug][gc,age       ] GC(22) Desired survivor size 15400960 bytes, new threshold 6 (max threshold 6)
[7.910s][info ][gc,heap      ] GC(22) ParNew: 241373K->480K(270976K)
[7.910s][info ][gc,heap      ] GC(22) CMS: 119750K->119777K(602112K)
[7.910s][info ][gc,metaspace ] GC(22) Metaspace: 36617K->36617K(1083392K)
[7.910s][info ][gc           ] GC(22) Pause Young (Allocation Failure) 352M->117M(852M) 3.990ms
[7.910s][info ][gc,cpu       ] GC(22) User=0.01s Sys=0.00s Real=0.01s
[7.910s][info ][safepoint    ] Leaving safepoint region
[7.910s][info ][safepoint    ] Total time for which application threads were stopped: 0.0108860 seconds, Stopping threads took: 0.0066990 seconds
[7.965s][info ][safepoint    ] Application time: 0.0550010 seconds
[7.965s][info ][safepoint    ] Entering safepoint region: GenCollectForAllocation
[7.965s][info ][gc,start     ] GC(23) Pause Young (Allocation Failure)
[7.966s][info ][gc,task      ] GC(23) Using 4 workers of 4 for evacuation
[7.968s][debug][gc,ref       ] GC(23) Skipped phase1 of Reference Processing due to unavailable references
[7.968s][debug][gc,ref       ] GC(23) Skipped phase2 of Reference Processing due to unavailable references
[7.968s][debug][gc,ref       ] GC(23) Skipped phase3 of Reference Processing due to unavailable references
[7.968s][debug][gc,ref       ] GC(23) Skipped phase4 of Reference Processing due to unavailable references
[7.969s][debug][gc,age       ] GC(23) Desired survivor size 15400960 bytes, new threshold 6 (max threshold 6)
[7.969s][info ][gc,heap      ] GC(23) ParNew: 241376K->493K(270976K)
[7.969s][info ][gc,heap      ] GC(23) CMS: 119777K->119813K(602112K)
[7.969s][info ][gc,metaspace ] GC(23) Metaspace: 36617K->36617K(1083392K)
[7.969s][info ][gc           ] GC(23) Pause Young (Allocation Failure) 352M->117M(852M) 3.172ms
[7.969s][info ][gc,cpu       ] GC(23) User=0.00s Sys=0.00s Real=0.00s
[7.969s][info ][safepoint    ] Leaving safepoint region
[7.969s][info ][safepoint    ] Total time for which application threads were stopped: 0.0036579 seconds, Stopping threads took: 0.0002885 seconds
[8.050s][info ][safepoint    ] Application time: 0.0808367 seconds
[8.050s][info ][safepoint    ] Entering safepoint region: GenCollectForAllocation
[8.050s][info ][gc,start     ] GC(24) Pause Young (Allocation Failure)
[8.050s][info ][gc,task      ] GC(24) Using 4 workers of 4 for evacuation
[8.053s][debug][gc,ref       ] GC(24) Skipped phase1 of Reference Processing due to unavailable references
[8.053s][debug][gc,ref       ] GC(24) Skipped phase2 of Reference Processing due to unavailable references
[8.053s][debug][gc,ref       ] GC(24) Skipped phase3 of Reference Processing due to unavailable references
[8.053s][debug][gc,ref       ] GC(24) Skipped phase4 of Reference Processing due to unavailable references
[8.053s][debug][gc,age       ] GC(24) Desired survivor size 15400960 bytes, new threshold 6 (max threshold 6)
[8.053s][info ][gc,heap      ] GC(24) ParNew: 241389K->579K(270976K)
[8.053s][info ][gc,heap      ] GC(24) CMS: 119813K->119835K(602112K)
[8.053s][info ][gc,metaspace ] GC(24) Metaspace: 36618K->36618K(1083392K)
[8.053s][info ][gc           ] GC(24) Pause Young (Allocation Failure) 352M->117M(852M) 2.648ms
[8.053s][info ][gc,cpu       ] GC(24) User=0.01s Sys=0.00s Real=0.00s
[8.053s][info ][safepoint    ] Leaving safepoint region
[8.053s][info ][safepoint    ] Total time for which application threads were stopped: 0.0034448 seconds, Stopping threads took: 0.0005941 seconds
[8.111s][info ][safepoint    ] Application time: 0.0578841 seconds
[8.112s][info ][safepoint    ] Entering safepoint region: GenCollectForAllocation
[8.112s][info ][gc,start     ] GC(25) Pause Young (Allocation Failure)
[8.112s][info ][gc,task      ] GC(25) Using 4 workers of 4 for evacuation
[8.116s][debug][gc,ref       ] GC(25) Skipped phase1 of Reference Processing due to unavailable references
[8.116s][debug][gc,ref       ] GC(25) Skipped phase2 of Reference Processing due to unavailable references
[8.116s][debug][gc,ref       ] GC(25) Skipped phase3 of Reference Processing due to unavailable references
[8.116s][debug][gc,ref       ] GC(25) Skipped phase4 of Reference Processing due to unavailable references
[8.116s][debug][gc,age       ] GC(25) Desired survivor size 15400960 bytes, new threshold 6 (max threshold 6)
[8.117s][info ][gc,heap      ] GC(25) ParNew: 241475K->437K(270976K)
[8.117s][info ][gc,heap      ] GC(25) CMS: 119835K->119888K(602112K)
[8.117s][info ][gc,metaspace ] GC(25) Metaspace: 36618K->36618K(1083392K)
[8.117s][info ][gc           ] GC(25) Pause Young (Allocation Failure) 352M->117M(852M) 4.716ms
[8.117s][info ][gc,cpu       ] GC(25) User=0.01s Sys=0.00s Real=0.00s
[8.117s][info ][safepoint    ] Leaving safepoint region
[8.117s][info ][safepoint    ] Total time for which application threads were stopped: 0.0056235 seconds, Stopping threads took: 0.0006745 seconds
[8.200s][info ][safepoint    ] Application time: 0.0834859 seconds
[8.200s][info ][safepoint    ] Entering safepoint region: GenCollectForAllocation
[8.201s][info ][gc,start     ] GC(26) Pause Young (Allocation Failure)
[8.201s][info ][gc,task      ] GC(26) Using 4 workers of 4 for evacuation
[8.203s][debug][gc,ref       ] GC(26) Skipped phase1 of Reference Processing due to unavailable references
[8.203s][debug][gc,ref       ] GC(26) Skipped phase2 of Reference Processing due to unavailable references
[8.203s][debug][gc,ref       ] GC(26) Skipped phase3 of Reference Processing due to unavailable references
[8.203s][debug][gc,ref       ] GC(26) Skipped phase4 of Reference Processing due to unavailable references
[8.203s][debug][gc,age       ] GC(26) Desired survivor size 15400960 bytes, new threshold 6 (max threshold 6)
[8.203s][info ][gc,heap      ] GC(26) ParNew: 241333K->514K(270976K)
[8.203s][info ][gc,heap      ] GC(26) CMS: 119888K->119926K(602112K)
[8.203s][info ][gc,metaspace ] GC(26) Metaspace: 36618K->36618K(1083392K)
[8.203s][info ][gc           ] GC(26) Pause Young (Allocation Failure) 352M->117M(852M) 2.314ms
[8.203s][info ][gc,cpu       ] GC(26) User=0.01s Sys=0.00s Real=0.01s
[8.203s][info ][safepoint    ] Leaving safepoint region
[8.203s][info ][safepoint    ] Total time for which application threads were stopped: 0.0027280 seconds, Stopping threads took: 0.0002155 seconds
[8.259s][info ][safepoint    ] Application time: 0.0563181 seconds
[8.260s][info ][safepoint    ] Entering safepoint region: GenCollectForAllocation
[8.260s][info ][gc,start     ] GC(27) Pause Young (Allocation Failure)
[8.260s][info ][gc,task      ] GC(27) Using 4 workers of 4 for evacuation
[8.264s][debug][gc,ref       ] GC(27) Skipped phase1 of Reference Processing due to unavailable references
[8.264s][debug][gc,ref       ] GC(27) Skipped phase2 of Reference Processing due to unavailable references
[8.264s][debug][gc,ref       ] GC(27) Skipped phase3 of Reference Processing due to unavailable references
[8.264s][debug][gc,ref       ] GC(27) Skipped phase4 of Reference Processing due to unavailable references
[8.264s][debug][gc,age       ] GC(27) Desired survivor size 15400960 bytes, new threshold 6 (max threshold 6)
[8.264s][info ][gc,heap      ] GC(27) ParNew: 241410K->362K(270976K)
[8.264s][info ][gc,heap      ] GC(27) CMS: 119926K->119986K(602112K)
[8.264s][info ][gc,metaspace ] GC(27) Metaspace: 36618K->36618K(1083392K)
[8.264s][info ][gc           ] GC(27) Pause Young (Allocation Failure) 352M->117M(852M) 4.246ms
[8.264s][info ][gc,cpu       ] GC(27) User=0.00s Sys=0.00s Real=0.01s
[8.264s][info ][safepoint    ] Leaving safepoint region
[8.264s][info ][safepoint    ] Total time for which application threads were stopped: 0.0047473 seconds, Stopping threads took: 0.0003421 seconds
[8.323s][info ][safepoint    ] Application time: 0.0588254 seconds
[8.323s][info ][safepoint    ] Entering safepoint region: GenCollectForAllocation
[8.323s][info ][gc,start     ] GC(28) Pause Young (Allocation Failure)
[8.323s][info ][gc,task      ] GC(28) Using 4 workers of 4 for evacuation
[8.334s][debug][gc,ref       ] GC(28) Skipped phase1 of Reference Processing due to unavailable references
[8.334s][debug][gc,ref       ] GC(28) Skipped phase2 of Reference Processing due to unavailable references
[8.334s][debug][gc,ref       ] GC(28) Skipped phase3 of Reference Processing due to unavailable references
[8.334s][debug][gc,ref       ] GC(28) Skipped phase4 of Reference Processing due to unavailable references
[8.334s][debug][gc,age       ] GC(28) Desired survivor size 15400960 bytes, new threshold 6 (max threshold 6)
[8.334s][info ][gc,heap      ] GC(28) ParNew: 241258K->498K(270976K)
[8.334s][info ][gc,heap      ] GC(28) CMS: 119986K->120011K(602112K)
[8.334s][info ][gc,metaspace ] GC(28) Metaspace: 36618K->36618K(1083392K)
[8.334s][info ][gc           ] GC(28) Pause Young (Allocation Failure) 352M->117M(852M) 10.942ms
[8.334s][info ][gc,cpu       ] GC(28) User=0.01s Sys=0.01s Real=0.01s
[8.334s][info ][safepoint    ] Leaving safepoint region
[8.334s][info ][safepoint    ] Total time for which application threads were stopped: 0.0113787 seconds, Stopping threads took: 0.0001850 seconds
[8.414s][info ][safepoint    ] Application time: 0.0795139 seconds
[8.418s][info ][safepoint    ] Entering safepoint region: GenCollectForAllocation
[8.418s][info ][gc,start     ] GC(29) Pause Young (Allocation Failure)
[8.418s][info ][gc,task      ] GC(29) Using 4 workers of 4 for evacuation
[8.421s][debug][gc,ref       ] GC(29) Skipped phase1 of Reference Processing due to unavailable references
[8.421s][debug][gc,ref       ] GC(29) Skipped phase2 of Reference Processing due to unavailable references
[8.421s][debug][gc,ref       ] GC(29) Skipped phase3 of Reference Processing due to unavailable references
[8.421s][debug][gc,ref       ] GC(29) Skipped phase4 of Reference Processing due to unavailable references
[8.421s][debug][gc,age       ] GC(29) Desired survivor size 15400960 bytes, new threshold 6 (max threshold 6)
[8.421s][info ][gc,heap      ] GC(29) ParNew: 241394K->519K(270976K)
[8.421s][info ][gc,heap      ] GC(29) CMS: 120011K->120044K(602112K)
[8.421s][info ][gc,metaspace ] GC(29) Metaspace: 36618K->36618K(1083392K)
[8.421s][info ][gc           ] GC(29) Pause Young (Allocation Failure) 352M->117M(852M) 3.305ms
[8.421s][info ][gc,cpu       ] GC(29) User=0.00s Sys=0.00s Real=0.00s
[8.421s][info ][safepoint    ] Leaving safepoint region
[8.421s][info ][safepoint    ] Total time for which application threads were stopped: 0.0074090 seconds, Stopping threads took: 0.0038845 seconds
[8.476s][info ][safepoint    ] Application time: 0.0550045 seconds
[8.481s][info ][safepoint    ] Entering safepoint region: GenCollectForAllocation
[8.481s][info ][gc,start     ] GC(30) Pause Young (Allocation Failure)
[8.481s][info ][gc,task      ] GC(30) Using 4 workers of 4 for evacuation
[8.487s][debug][gc,ref       ] GC(30) Skipped phase1 of Reference Processing due to unavailable references
[8.487s][debug][gc,ref       ] GC(30) Skipped phase2 of Reference Processing due to unavailable references
[8.487s][debug][gc,ref       ] GC(30) Skipped phase3 of Reference Processing due to unavailable references
[8.487s][debug][gc,ref       ] GC(30) Skipped phase4 of Reference Processing due to unavailable references
[8.487s][debug][gc,age       ] GC(30) Desired survivor size 15400960 bytes, new threshold 6 (max threshold 6)
[8.487s][info ][gc,heap      ] GC(30) ParNew: 241415K->453K(270976K)
[8.487s][info ][gc,heap      ] GC(30) CMS: 120044K->120112K(602112K)
[8.487s][info ][gc,metaspace ] GC(30) Metaspace: 36618K->36618K(1083392K)
[8.487s][info ][gc           ] GC(30) Pause Young (Allocation Failure) 352M->117M(852M) 5.712ms
[8.487s][info ][gc,cpu       ] GC(30) User=0.01s Sys=0.01s Real=0.01s
[8.487s][info ][safepoint    ] Leaving safepoint region
[8.487s][info ][safepoint    ] Total time for which application threads were stopped: 0.0107544 seconds, Stopping threads took: 0.0048193 seconds
[8.558s][info ][safepoint    ] Application time: 0.0712591 seconds
[8.565s][info ][safepoint    ] Entering safepoint region: GenCollectForAllocation
[8.565s][info ][gc,start     ] GC(31) Pause Young (Allocation Failure)
[8.565s][info ][gc,task      ] GC(31) Using 4 workers of 4 for evacuation
[8.567s][debug][gc,ref       ] GC(31) Skipped phase1 of Reference Processing due to unavailable references
[8.567s][debug][gc,ref       ] GC(31) Skipped phase2 of Reference Processing due to unavailable references
[8.567s][debug][gc,ref       ] GC(31) Skipped phase3 of Reference Processing due to unavailable references
[8.567s][debug][gc,ref       ] GC(31) Skipped phase4 of Reference Processing due to unavailable references
[8.567s][debug][gc,age       ] GC(31) Desired survivor size 15400960 bytes, new threshold 6 (max threshold 6)
[8.567s][info ][gc,heap      ] GC(31) ParNew: 241349K->489K(270976K)
[8.567s][info ][gc,heap      ] GC(31) CMS: 120112K->120140K(602112K)
[8.567s][info ][gc,metaspace ] GC(31) Metaspace: 36618K->36618K(1083392K)
[8.567s][info ][gc           ] GC(31) Pause Young (Allocation Failure) 352M->117M(852M) 2.417ms
[8.567s][info ][gc,cpu       ] GC(31) User=0.01s Sys=0.00s Real=0.00s
[8.567s][info ][safepoint    ] Leaving safepoint region
[8.567s][info ][safepoint    ] Total time for which application threads were stopped: 0.0089564 seconds, Stopping threads took: 0.0063171 seconds
[8.639s][info ][safepoint    ] Application time: 0.0713324 seconds
[8.646s][info ][safepoint    ] Entering safepoint region: GenCollectForAllocation
[8.646s][info ][gc,start     ] GC(32) Pause Young (Allocation Failure)
[8.646s][info ][gc,task      ] GC(32) Using 4 workers of 4 for evacuation
[8.650s][debug][gc,ref       ] GC(32) Skipped phase1 of Reference Processing due to unavailable references
[8.650s][debug][gc,ref       ] GC(32) Skipped phase2 of Reference Processing due to unavailable references
[8.650s][debug][gc,ref       ] GC(32) Skipped phase3 of Reference Processing due to unavailable references
[8.650s][debug][gc,ref       ] GC(32) Skipped phase4 of Reference Processing due to unavailable references
[8.650s][debug][gc,age       ] GC(32) Desired survivor size 15400960 bytes, new threshold 6 (max threshold 6)
[8.650s][info ][gc,heap      ] GC(32) ParNew: 241385K->516K(270976K)
[8.650s][info ][gc,heap      ] GC(32) CMS: 120140K->120211K(602112K)
[8.650s][info ][gc,metaspace ] GC(32) Metaspace: 36618K->36618K(1083392K)
[8.650s][info ][gc           ] GC(32) Pause Young (Allocation Failure) 353M->117M(852M) 3.951ms
[8.650s][info ][gc,cpu       ] GC(32) User=0.01s Sys=0.00s Real=0.01s
[8.650s][info ][safepoint    ] Leaving safepoint region
[8.650s][info ][safepoint    ] Total time for which application threads were stopped: 0.0111815 seconds, Stopping threads took: 0.0070249 seconds
[8.733s][info ][safepoint    ] Application time: 0.0836054 seconds
[8.737s][info ][safepoint    ] Entering safepoint region: GenCollectForAllocation
[8.737s][info ][gc,start     ] GC(33) Pause Young (Allocation Failure)
[8.737s][info ][gc,task      ] GC(33) Using 4 workers of 4 for evacuation
[8.739s][debug][gc,ref       ] GC(33) Skipped phase1 of Reference Processing due to unavailable references
[8.739s][debug][gc,ref       ] GC(33) Skipped phase2 of Reference Processing due to unavailable references
[8.739s][debug][gc,ref       ] GC(33) Skipped phase3 of Reference Processing due to unavailable references
[8.739s][debug][gc,ref       ] GC(33) Skipped phase4 of Reference Processing due to unavailable references
[8.739s][debug][gc,age       ] GC(33) Desired survivor size 15400960 bytes, new threshold 6 (max threshold 6)
[8.739s][info ][gc,heap      ] GC(33) ParNew: 241412K->572K(270976K)
[8.739s][info ][gc,heap      ] GC(33) CMS: 120211K->120229K(602112K)
[8.739s][info ][gc,metaspace ] GC(33) Metaspace: 36619K->36619K(1083392K)
[8.739s][info ][gc           ] GC(33) Pause Young (Allocation Failure) 353M->117M(852M) 2.545ms
[8.739s][info ][gc,cpu       ] GC(33) User=0.01s Sys=0.00s Real=0.00s
[8.740s][info ][safepoint    ] Leaving safepoint region
[8.740s][info ][safepoint    ] Total time for which application threads were stopped: 0.0060253 seconds, Stopping threads took: 0.0032829 seconds
[8.798s][info ][safepoint    ] Application time: 0.0582957 seconds
[8.801s][info ][safepoint    ] Entering safepoint region: GenCollectForAllocation
[8.801s][info ][gc,start     ] GC(34) Pause Young (Allocation Failure)
[8.801s][info ][gc,task      ] GC(34) Using 4 workers of 4 for evacuation
[8.805s][debug][gc,ref       ] GC(34) Skipped phase1 of Reference Processing due to unavailable references
[8.805s][debug][gc,ref       ] GC(34) Skipped phase2 of Reference Processing due to unavailable references
[8.805s][debug][gc,ref       ] GC(34) Skipped phase3 of Reference Processing due to unavailable references
[8.805s][debug][gc,ref       ] GC(34) Skipped phase4 of Reference Processing due to unavailable references
[8.805s][debug][gc,age       ] GC(34) Desired survivor size 15400960 bytes, new threshold 6 (max threshold 6)
[8.805s][info ][gc,heap      ] GC(34) ParNew: 241468K->515K(270976K)
[8.805s][info ][gc,heap      ] GC(34) CMS: 120229K->120274K(602112K)
[8.805s][info ][gc,metaspace ] GC(34) Metaspace: 36619K->36619K(1083392K)
[8.805s][info ][gc           ] GC(34) Pause Young (Allocation Failure) 353M->117M(852M) 4.018ms
[8.805s][info ][gc,cpu       ] GC(34) User=0.02s Sys=0.00s Real=0.01s
[8.805s][info ][safepoint    ] Leaving safepoint region
[8.805s][info ][safepoint    ] Total time for which application threads were stopped: 0.0073365 seconds, Stopping threads took: 0.0031347 seconds
[8.874s][info ][safepoint    ] Application time: 0.0692577 seconds
[8.878s][info ][safepoint    ] Entering safepoint region: GenCollectForAllocation
[8.878s][info ][gc,start     ] GC(35) Pause Young (Allocation Failure)
[8.878s][info ][gc,task      ] GC(35) Using 4 workers of 4 for evacuation
[8.883s][debug][gc,ref       ] GC(35) Skipped phase1 of Reference Processing due to unavailable references
[8.883s][debug][gc,ref       ] GC(35) Skipped phase2 of Reference Processing due to unavailable references
[8.883s][debug][gc,ref       ] GC(35) Skipped phase3 of Reference Processing due to unavailable references
[8.883s][debug][gc,ref       ] GC(35) Skipped phase4 of Reference Processing due to unavailable references
[8.883s][debug][gc,age       ] GC(35) Desired survivor size 15400960 bytes, new threshold 6 (max threshold 6)
[8.883s][info ][gc,heap      ] GC(35) ParNew: 241411K->425K(270976K)
[8.883s][info ][gc,heap      ] GC(35) CMS: 120274K->120329K(602112K)
[8.883s][info ][gc,metaspace ] GC(35) Metaspace: 36619K->36619K(1083392K)
[8.883s][info ][gc           ] GC(35) Pause Young (Allocation Failure) 353M->117M(852M) 5.529ms
[8.883s][info ][gc,cpu       ] GC(35) User=0.01s Sys=0.00s Real=0.01s
[8.884s][info ][safepoint    ] Leaving safepoint region
[8.884s][info ][safepoint    ] Total time for which application threads were stopped: 0.0090182 seconds, Stopping threads took: 0.0032921 seconds
[8.939s][info ][safepoint    ] Application time: 0.0553847 seconds
[8.946s][info ][safepoint    ] Entering safepoint region: GenCollectForAllocation
[8.946s][info ][gc,start     ] GC(36) Pause Young (Allocation Failure)
[8.946s][info ][gc,task      ] GC(36) Using 4 workers of 4 for evacuation
[8.973s][debug][gc,ref       ] GC(36) Skipped phase1 of Reference Processing due to unavailable references
[8.973s][debug][gc,ref       ] GC(36) Skipped phase2 of Reference Processing due to unavailable references
[8.973s][debug][gc,ref       ] GC(36) Skipped phase3 of Reference Processing due to unavailable references
[8.973s][debug][gc,ref       ] GC(36) Skipped phase4 of Reference Processing due to unavailable references
[8.973s][debug][gc,age       ] GC(36) Desired survivor size 15400960 bytes, new threshold 6 (max threshold 6)
[8.973s][info ][gc,heap      ] GC(36) ParNew: 241321K->527K(270976K)
[8.973s][info ][gc,heap      ] GC(36) CMS: 120329K->120354K(602112K)
[8.973s][info ][gc,metaspace ] GC(36) Metaspace: 36619K->36619K(1083392K)
[8.973s][info ][gc           ] GC(36) Pause Young (Allocation Failure) 353M->118M(852M) 26.781ms
[8.973s][info ][gc,cpu       ] GC(36) User=0.03s Sys=0.00s Real=0.03s
[8.973s][info ][safepoint    ] Leaving safepoint region
[8.973s][info ][safepoint    ] Total time for which application threads were stopped: 0.0341501 seconds, Stopping threads took: 0.0067162 seconds
[9.048s][info ][safepoint    ] Application time: 0.0753710 seconds
[9.049s][info ][safepoint    ] Entering safepoint region: GenCollectForAllocation
[9.049s][info ][gc,start     ] GC(37) Pause Young (Allocation Failure)
[9.049s][info ][gc,task      ] GC(37) Using 4 workers of 4 for evacuation
[9.052s][debug][gc,ref       ] GC(37) Skipped phase1 of Reference Processing due to unavailable references
[9.052s][debug][gc,ref       ] GC(37) Skipped phase2 of Reference Processing due to unavailable references
[9.052s][debug][gc,ref       ] GC(37) Skipped phase3 of Reference Processing due to unavailable references
[9.052s][debug][gc,ref       ] GC(37) Skipped phase4 of Reference Processing due to unavailable references
[9.052s][debug][gc,age       ] GC(37) Desired survivor size 15400960 bytes, new threshold 6 (max threshold 6)
[9.052s][info ][gc,heap      ] GC(37) ParNew: 241423K->521K(270976K)
[9.052s][info ][gc,heap      ] GC(37) CMS: 120354K->120406K(602112K)
[9.052s][info ][gc,metaspace ] GC(37) Metaspace: 36619K->36619K(1083392K)
[9.052s][info ][gc           ] GC(37) Pause Young (Allocation Failure) 353M->118M(852M) 2.977ms
[9.052s][info ][gc,cpu       ] GC(37) User=0.00s Sys=0.00s Real=0.01s
[9.052s][info ][safepoint    ] Leaving safepoint region
[9.052s][info ][safepoint    ] Total time for which application threads were stopped: 0.0033050 seconds, Stopping threads took: 0.0001623 seconds
[9.113s][info ][safepoint    ] Application time: 0.0609539 seconds
[9.113s][info ][safepoint    ] Entering safepoint region: GenCollectForAllocation
[9.113s][info ][gc,start     ] GC(38) Pause Young (Allocation Failure)
[9.113s][info ][gc,task      ] GC(38) Using 4 workers of 4 for evacuation
[9.115s][debug][gc,ref       ] GC(38) Skipped phase1 of Reference Processing due to unavailable references
[9.115s][debug][gc,ref       ] GC(38) Skipped phase2 of Reference Processing due to unavailable references
[9.115s][debug][gc,ref       ] GC(38) Skipped phase3 of Reference Processing due to unavailable references
[9.115s][debug][gc,ref       ] GC(38) Skipped phase4 of Reference Processing due to unavailable references
[9.115s][debug][gc,age       ] GC(38) Desired survivor size 15400960 bytes, new threshold 6 (max threshold 6)
[9.115s][info ][gc,heap      ] GC(38) ParNew: 241417K->612K(270976K)
[9.116s][info ][gc,heap      ] GC(38) CMS: 120406K->120453K(602112K)
[9.116s][info ][gc,metaspace ] GC(38) Metaspace: 36619K->36619K(1083392K)
[9.116s][info ][gc           ] GC(38) Pause Young (Allocation Failure) 353M->118M(852M) 2.225ms
[9.116s][info ][gc,cpu       ] GC(38) User=0.01s Sys=0.00s Real=0.00s
[9.116s][info ][safepoint    ] Leaving safepoint region
[9.116s][info ][safepoint    ] Total time for which application threads were stopped: 0.0027009 seconds, Stopping threads took: 0.0002484 seconds
[9.182s][info ][safepoint    ] Application time: 0.0660400 seconds
[9.185s][info ][safepoint    ] Entering safepoint region: GenCollectForAllocation
[9.185s][info ][gc,start     ] GC(39) Pause Young (Allocation Failure)
[9.185s][info ][gc,task      ] GC(39) Using 4 workers of 4 for evacuation
[9.194s][debug][gc,ref       ] GC(39) Skipped phase1 of Reference Processing due to unavailable references
[9.194s][debug][gc,ref       ] GC(39) Skipped phase2 of Reference Processing due to unavailable references
[9.194s][debug][gc,ref       ] GC(39) Skipped phase3 of Reference Processing due to unavailable references
[9.194s][debug][gc,ref       ] GC(39) Skipped phase4 of Reference Processing due to unavailable references
[9.194s][debug][gc,age       ] GC(39) Desired survivor size 15400960 bytes, new threshold 6 (max threshold 6)
[9.194s][info ][gc,heap      ] GC(39) ParNew: 241508K->478K(270976K)
[9.194s][info ][gc,heap      ] GC(39) CMS: 120453K->120496K(602112K)
[9.194s][info ][gc,metaspace ] GC(39) Metaspace: 36625K->36625K(1083392K)
[9.194s][info ][gc           ] GC(39) Pause Young (Allocation Failure) 353M->118M(852M) 8.919ms
[9.194s][info ][gc,cpu       ] GC(39) User=0.01s Sys=0.00s Real=0.01s
[9.194s][info ][safepoint    ] Leaving safepoint region
[9.194s][info ][safepoint    ] Total time for which application threads were stopped: 0.0122613 seconds, Stopping threads took: 0.0031569 seconds
[9.240s][info ][safepoint    ] Application time: 0.0455922 seconds
[9.243s][info ][safepoint    ] Entering safepoint region: GenCollectForAllocation
[9.243s][info ][gc,start     ] GC(40) Pause Young (Allocation Failure)
[9.243s][info ][gc,task      ] GC(40) Using 4 workers of 4 for evacuation
[9.245s][debug][gc,ref       ] GC(40) Skipped phase1 of Reference Processing due to unavailable references
[9.245s][debug][gc,ref       ] GC(40) Skipped phase2 of Reference Processing due to unavailable references
[9.245s][debug][gc,ref       ] GC(40) Skipped phase3 of Reference Processing due to unavailable references
[9.245s][debug][gc,ref       ] GC(40) Skipped phase4 of Reference Processing due to unavailable references
[9.245s][debug][gc,age       ] GC(40) Desired survivor size 15400960 bytes, new threshold 6 (max threshold 6)
[9.245s][info ][gc,heap      ] GC(40) ParNew: 241374K->480K(270976K)
[9.245s][info ][gc,heap      ] GC(40) CMS: 120496K->120548K(602112K)
[9.245s][info ][gc,metaspace ] GC(40) Metaspace: 36625K->36625K(1083392K)
[9.245s][info ][gc           ] GC(40) Pause Young (Allocation Failure) 353M->118M(852M) 2.218ms
[9.245s][info ][gc,cpu       ] GC(40) User=0.01s Sys=0.00s Real=0.00s
[9.245s][info ][safepoint    ] Leaving safepoint region
[9.245s][info ][safepoint    ] Total time for which application threads were stopped: 0.0056980 seconds, Stopping threads took: 0.0032909 seconds
[9.311s][info ][safepoint    ] Application time: 0.0658488 seconds
[9.311s][info ][safepoint    ] Entering safepoint region: GenCollectForAllocation
[9.312s][info ][gc,start     ] GC(41) Pause Young (Allocation Failure)
[9.312s][info ][gc,task      ] GC(41) Using 4 workers of 4 for evacuation
[9.316s][debug][gc,ref       ] GC(41) Skipped phase1 of Reference Processing due to unavailable references
[9.316s][debug][gc,ref       ] GC(41) Skipped phase2 of Reference Processing due to unavailable references
[9.316s][debug][gc,ref       ] GC(41) Skipped phase3 of Reference Processing due to unavailable references
[9.316s][debug][gc,ref       ] GC(41) Skipped phase4 of Reference Processing due to unavailable references
[9.316s][debug][gc,age       ] GC(41) Desired survivor size 15400960 bytes, new threshold 6 (max threshold 6)
[9.316s][info ][gc,heap      ] GC(41) ParNew: 241376K->482K(270976K)
[9.316s][info ][gc,heap      ] GC(41) CMS: 120548K->120588K(602112K)
[9.316s][info ][gc,metaspace ] GC(41) Metaspace: 36628K->36628K(1083392K)
[9.316s][info ][gc           ] GC(41) Pause Young (Allocation Failure) 353M->118M(852M) 4.297ms
[9.316s][info ][gc,cpu       ] GC(41) User=0.01s Sys=0.00s Real=0.00s
[9.316s][info ][safepoint    ] Leaving safepoint region
[9.316s][info ][safepoint    ] Total time for which application threads were stopped: 0.0047389 seconds, Stopping threads took: 0.0002385 seconds
[9.374s][info ][safepoint    ] Application time: 0.0580923 seconds
[9.374s][info ][safepoint    ] Entering safepoint region: GenCollectForAllocation
[9.374s][info ][gc,start     ] GC(42) Pause Young (Allocation Failure)
[9.374s][info ][gc,task      ] GC(42) Using 4 workers of 4 for evacuation
[9.377s][debug][gc,ref       ] GC(42) Skipped phase1 of Reference Processing due to unavailable references
[9.377s][debug][gc,ref       ] GC(42) Skipped phase2 of Reference Processing due to unavailable references
[9.377s][debug][gc,ref       ] GC(42) Skipped phase3 of Reference Processing due to unavailable references
[9.377s][debug][gc,ref       ] GC(42) Skipped phase4 of Reference Processing due to unavailable references
[9.377s][debug][gc,age       ] GC(42) Desired survivor size 15400960 bytes, new threshold 6 (max threshold 6)
[9.377s][info ][gc,heap      ] GC(42) ParNew: 241378K->573K(270976K)
[9.377s][info ][gc,heap      ] GC(42) CMS: 120588K->120615K(602112K)
[9.377s][info ][gc,metaspace ] GC(42) Metaspace: 36628K->36628K(1083392K)
[9.377s][info ][gc           ] GC(42) Pause Young (Allocation Failure) 353M->118M(852M) 2.369ms
[9.377s][info ][gc,cpu       ] GC(42) User=0.00s Sys=0.00s Real=0.00s
[9.377s][info ][safepoint    ] Leaving safepoint region
[9.377s][info ][safepoint    ] Total time for which application threads were stopped: 0.0027593 seconds, Stopping threads took: 0.0002014 seconds
[9.440s][info ][safepoint    ] Application time: 0.0630970 seconds
[9.440s][info ][safepoint    ] Entering safepoint region: GenCollectForAllocation
[9.440s][info ][gc,start     ] GC(43) Pause Young (Allocation Failure)
[9.440s][info ][gc,task      ] GC(43) Using 4 workers of 4 for evacuation
[9.443s][debug][gc,ref       ] GC(43) Skipped phase1 of Reference Processing due to unavailable references
[9.443s][debug][gc,ref       ] GC(43) Skipped phase2 of Reference Processing due to unavailable references
[9.443s][debug][gc,ref       ] GC(43) Skipped phase3 of Reference Processing due to unavailable references
[9.443s][debug][gc,ref       ] GC(43) Skipped phase4 of Reference Processing due to unavailable references
[9.443s][debug][gc,age       ] GC(43) Desired survivor size 15400960 bytes, new threshold 6 (max threshold 6)
[9.443s][info ][gc,heap      ] GC(43) ParNew: 241469K->610K(270976K)
[9.443s][info ][gc,heap      ] GC(43) CMS: 120615K->120678K(602112K)
[9.443s][info ][gc,metaspace ] GC(43) Metaspace: 36628K->36628K(1083392K)
[9.443s][info ][gc           ] GC(43) Pause Young (Allocation Failure) 353M->118M(852M) 2.922ms
[9.443s][info ][gc,cpu       ] GC(43) User=0.01s Sys=0.00s Real=0.01s
[9.443s][info ][safepoint    ] Leaving safepoint region
[9.443s][info ][safepoint    ] Total time for which application threads were stopped: 0.0033364 seconds, Stopping threads took: 0.0002387 seconds
[9.511s][info ][safepoint    ] Application time: 0.0679997 seconds
[9.512s][info ][safepoint    ] Entering safepoint region: GenCollectForAllocation
[9.512s][info ][gc,start     ] GC(44) Pause Young (Allocation Failure)
[9.512s][info ][gc,task      ] GC(44) Using 4 workers of 4 for evacuation
[9.514s][debug][gc,ref       ] GC(44) Skipped phase1 of Reference Processing due to unavailable references
[9.514s][debug][gc,ref       ] GC(44) Skipped phase2 of Reference Processing due to unavailable references
[9.514s][debug][gc,ref       ] GC(44) Skipped phase3 of Reference Processing due to unavailable references
[9.514s][debug][gc,ref       ] GC(44) Skipped phase4 of Reference Processing due to unavailable references
[9.514s][debug][gc,age       ] GC(44) Desired survivor size 15400960 bytes, new threshold 6 (max threshold 6)
[9.514s][info ][gc,heap      ] GC(44) ParNew: 241506K->427K(270976K)
[9.514s][info ][gc,heap      ] GC(44) CMS: 120678K->120710K(602112K)
[9.514s][info ][gc,metaspace ] GC(44) Metaspace: 36629K->36629K(1083392K)
[9.514s][info ][gc           ] GC(44) Pause Young (Allocation Failure) 353M->118M(852M) 2.555ms
[9.514s][info ][gc,cpu       ] GC(44) User=0.01s Sys=0.00s Real=0.00s
[9.514s][info ][safepoint    ] Leaving safepoint region
[9.514s][info ][safepoint    ] Total time for which application threads were stopped: 0.0030807 seconds, Stopping threads took: 0.0002836 seconds
[9.596s][info ][safepoint    ] Application time: 0.0815526 seconds
[9.596s][info ][safepoint    ] Entering safepoint region: GenCollectForAllocation
[9.596s][info ][gc,start     ] GC(45) Pause Young (Allocation Failure)
[9.596s][info ][gc,task      ] GC(45) Using 4 workers of 4 for evacuation
[9.599s][debug][gc,ref       ] GC(45) Skipped phase1 of Reference Processing due to unavailable references
[9.599s][debug][gc,ref       ] GC(45) Skipped phase2 of Reference Processing due to unavailable references
[9.599s][debug][gc,ref       ] GC(45) Skipped phase3 of Reference Processing due to unavailable references
[9.599s][debug][gc,ref       ] GC(45) Skipped phase4 of Reference Processing due to unavailable references
[9.599s][debug][gc,age       ] GC(45) Desired survivor size 15400960 bytes, new threshold 6 (max threshold 6)
[9.599s][info ][gc,heap      ] GC(45) ParNew: 241323K->397K(270976K)
[9.599s][info ][gc,heap      ] GC(45) CMS: 120710K->120769K(602112K)
[9.599s][info ][gc,metaspace ] GC(45) Metaspace: 36629K->36629K(1083392K)
[9.599s][info ][gc           ] GC(45) Pause Young (Allocation Failure) 353M->118M(852M) 2.377ms
[9.599s][info ][gc,cpu       ] GC(45) User=0.01s Sys=0.00s Real=0.00s
[9.599s][info ][safepoint    ] Leaving safepoint region
[9.599s][info ][safepoint    ] Total time for which application threads were stopped: 0.0027606 seconds, Stopping threads took: 0.0002112 seconds
[9.647s][info ][safepoint    ] Application time: 0.0478912 seconds
[9.647s][info ][safepoint    ] Entering safepoint region: GenCollectForAllocation
[9.647s][info ][gc,start     ] GC(46) Pause Young (Allocation Failure)
[9.647s][info ][gc,task      ] GC(46) Using 4 workers of 4 for evacuation
[9.650s][debug][gc,ref       ] GC(46) Skipped phase1 of Reference Processing due to unavailable references
[9.650s][debug][gc,ref       ] GC(46) Skipped phase2 of Reference Processing due to unavailable references
[9.650s][debug][gc,ref       ] GC(46) Skipped phase3 of Reference Processing due to unavailable references
[9.650s][debug][gc,ref       ] GC(46) Skipped phase4 of Reference Processing due to unavailable references
[9.650s][debug][gc,age       ] GC(46) Desired survivor size 15400960 bytes, new threshold 6 (max threshold 6)
[9.650s][info ][gc,heap      ] GC(46) ParNew: 241293K->502K(270976K)
[9.650s][info ][gc,heap      ] GC(46) CMS: 120769K->120804K(602112K)
[9.650s][info ][gc,metaspace ] GC(46) Metaspace: 36629K->36629K(1083392K)
[9.650s][info ][gc           ] GC(46) Pause Young (Allocation Failure) 353M->118M(852M) 2.971ms
[9.650s][info ][gc,cpu       ] GC(46) User=0.01s Sys=0.00s Real=0.01s
[9.650s][info ][safepoint    ] Leaving safepoint region
[9.650s][info ][safepoint    ] Total time for which application threads were stopped: 0.0033441 seconds, Stopping threads took: 0.0001786 seconds
[9.748s][info ][safepoint    ] Application time: 0.0983435 seconds
[9.749s][info ][safepoint    ] Entering safepoint region: GenCollectForAllocation
[9.749s][info ][gc,start     ] GC(47) Pause Young (Allocation Failure)
[9.749s][info ][gc,task      ] GC(47) Using 4 workers of 4 for evacuation
[9.751s][debug][gc,ref       ] GC(47) Skipped phase1 of Reference Processing due to unavailable references
[9.751s][debug][gc,ref       ] GC(47) Skipped phase2 of Reference Processing due to unavailable references
[9.751s][debug][gc,ref       ] GC(47) Skipped phase3 of Reference Processing due to unavailable references
[9.751s][debug][gc,ref       ] GC(47) Skipped phase4 of Reference Processing due to unavailable references
[9.751s][debug][gc,age       ] GC(47) Desired survivor size 15400960 bytes, new threshold 6 (max threshold 6)
[9.751s][info ][gc,heap      ] GC(47) ParNew: 241398K->630K(270976K)
[9.751s][info ][gc,heap      ] GC(47) CMS: 120804K->120851K(602112K)
[9.751s][info ][gc,metaspace ] GC(47) Metaspace: 36629K->36629K(1083392K)
[9.751s][info ][gc           ] GC(47) Pause Young (Allocation Failure) 353M->118M(852M) 2.209ms
[9.751s][info ][gc,cpu       ] GC(47) User=0.01s Sys=0.00s Real=0.01s
[9.751s][info ][safepoint    ] Leaving safepoint region
[9.751s][info ][safepoint    ] Total time for which application threads were stopped: 0.0026496 seconds, Stopping threads took: 0.0002544 seconds
[9.810s][info ][safepoint    ] Application time: 0.0592875 seconds
[9.814s][info ][safepoint    ] Entering safepoint region: GenCollectForAllocation
[9.814s][info ][gc,start     ] GC(48) Pause Young (Allocation Failure)
[9.814s][info ][gc,task      ] GC(48) Using 4 workers of 4 for evacuation
[9.818s][debug][gc,ref       ] GC(48) Skipped phase1 of Reference Processing due to unavailable references
[9.818s][debug][gc,ref       ] GC(48) Skipped phase2 of Reference Processing due to unavailable references
[9.818s][debug][gc,ref       ] GC(48) Skipped phase3 of Reference Processing due to unavailable references
[9.818s][debug][gc,ref       ] GC(48) Skipped phase4 of Reference Processing due to unavailable references
[9.818s][debug][gc,age       ] GC(48) Desired survivor size 15400960 bytes, new threshold 6 (max threshold 6)
[9.818s][info ][gc,heap      ] GC(48) ParNew: 241526K->449K(270976K)
[9.818s][info ][gc,heap      ] GC(48) CMS: 120851K->120891K(602112K)
[9.818s][info ][gc,metaspace ] GC(48) Metaspace: 36629K->36629K(1083392K)
[9.818s][info ][gc           ] GC(48) Pause Young (Allocation Failure) 353M->118M(852M) 4.276ms
[9.818s][info ][gc,cpu       ] GC(48) User=0.01s Sys=0.00s Real=0.00s
[9.818s][info ][safepoint    ] Leaving safepoint region
[9.818s][info ][safepoint    ] Total time for which application threads were stopped: 0.0076896 seconds, Stopping threads took: 0.0031587 seconds
[9.899s][info ][safepoint    ] Application time: 0.0810084 seconds
[9.906s][info ][safepoint    ] Entering safepoint region: GenCollectForAllocation
[9.906s][info ][gc,start     ] GC(49) Pause Young (Allocation Failure)
[9.906s][info ][gc,task      ] GC(49) Using 4 workers of 4 for evacuation
[9.911s][debug][gc,ref       ] GC(49) Skipped phase1 of Reference Processing due to unavailable references
[9.911s][debug][gc,ref       ] GC(49) Skipped phase2 of Reference Processing due to unavailable references
[9.911s][debug][gc,ref       ] GC(49) Skipped phase3 of Reference Processing due to unavailable references
[9.911s][debug][gc,ref       ] GC(49) Skipped phase4 of Reference Processing due to unavailable references
[9.912s][debug][gc,age       ] GC(49) Desired survivor size 15400960 bytes, new threshold 6 (max threshold 6)
[9.912s][info ][gc,heap      ] GC(49) ParNew: 241345K->478K(270976K)
[9.912s][info ][gc,heap      ] GC(49) CMS: 120891K->120934K(602112K)
[9.912s][info ][gc,metaspace ] GC(49) Metaspace: 36629K->36629K(1083392K)
[9.912s][info ][gc           ] GC(49) Pause Young (Allocation Failure) 353M->118M(852M) 6.616ms
[9.912s][info ][gc,cpu       ] GC(49) User=0.01s Sys=0.00s Real=0.01s
[9.912s][info ][safepoint    ] Leaving safepoint region
[9.912s][info ][safepoint    ] Total time for which application threads were stopped: 0.0130800 seconds, Stopping threads took: 0.0062499 seconds
[9.965s][info ][safepoint    ] Application time: 0.0529876 seconds
[9.966s][info ][safepoint    ] Entering safepoint region: GenCollectForAllocation
[9.966s][info ][gc,start     ] GC(50) Pause Young (Allocation Failure)
[9.966s][info ][gc,task      ] GC(50) Using 4 workers of 4 for evacuation
[9.969s][debug][gc,ref       ] GC(50) Skipped phase1 of Reference Processing due to unavailable references
[9.969s][debug][gc,ref       ] GC(50) Skipped phase2 of Reference Processing due to unavailable references
[9.969s][debug][gc,ref       ] GC(50) Skipped phase3 of Reference Processing due to unavailable references
[9.969s][debug][gc,ref       ] GC(50) Skipped phase4 of Reference Processing due to unavailable references
[9.969s][debug][gc,age       ] GC(50) Desired survivor size 15400960 bytes, new threshold 6 (max threshold 6)
[9.969s][info ][gc,heap      ] GC(50) ParNew: 241374K->609K(270976K)
[9.969s][info ][gc,heap      ] GC(50) CMS: 120934K->120982K(602112K)
[9.969s][info ][gc,metaspace ] GC(50) Metaspace: 36629K->36629K(1083392K)
[9.969s][info ][gc           ] GC(50) Pause Young (Allocation Failure) 353M->118M(852M) 3.619ms
[9.969s][info ][gc,cpu       ] GC(50) User=0.01s Sys=0.00s Real=0.00s
[9.969s][info ][safepoint    ] Leaving safepoint region
[9.969s][info ][safepoint    ] Total time for which application threads were stopped: 0.0039693 seconds, Stopping threads took: 0.0001530 seconds
[10.071s][info ][safepoint    ] Application time: 0.1011877 seconds
[10.082s][info ][safepoint    ] Entering safepoint region: GenCollectForAllocation
[10.082s][info ][gc,start     ] GC(51) Pause Young (Allocation Failure)
[10.082s][info ][gc,task      ] GC(51) Using 4 workers of 4 for evacuation
[10.084s][debug][gc,ref       ] GC(51) Skipped phase1 of Reference Processing due to unavailable references
[10.084s][debug][gc,ref       ] GC(51) Skipped phase2 of Reference Processing due to unavailable references
[10.084s][debug][gc,ref       ] GC(51) Skipped phase3 of Reference Processing due to unavailable references
[10.084s][debug][gc,ref       ] GC(51) Skipped phase4 of Reference Processing due to unavailable references
[10.084s][debug][gc,age       ] GC(51) Desired survivor size 15400960 bytes, new threshold 6 (max threshold 6)
[10.084s][info ][gc,heap      ] GC(51) ParNew: 241505K->570K(270976K)
[10.084s][info ][gc,heap      ] GC(51) CMS: 120982K->121045K(602112K)
[10.084s][info ][gc,metaspace ] GC(51) Metaspace: 36629K->36629K(1083392K)
[10.084s][info ][gc           ] GC(51) Pause Young (Allocation Failure) 353M->118M(852M) 2.763ms
[10.085s][info ][gc,cpu       ] GC(51) User=0.01s Sys=0.00s Real=0.00s
[10.085s][info ][safepoint    ] Leaving safepoint region
[10.085s][info ][safepoint    ] Total time for which application threads were stopped: 0.0138977 seconds, Stopping threads took: 0.0109328 seconds
[10.137s][info ][safepoint    ] Application time: 0.0528862 seconds
[10.141s][info ][safepoint    ] Entering safepoint region: GenCollectForAllocation
[10.141s][info ][gc,start     ] GC(52) Pause Young (Allocation Failure)
[10.141s][info ][gc,task      ] GC(52) Using 4 workers of 4 for evacuation
[10.146s][debug][gc,ref       ] GC(52) Skipped phase1 of Reference Processing due to unavailable references
[10.146s][debug][gc,ref       ] GC(52) Skipped phase2 of Reference Processing due to unavailable references
[10.146s][debug][gc,ref       ] GC(52) Skipped phase3 of Reference Processing due to unavailable references
[10.146s][debug][gc,ref       ] GC(52) Skipped phase4 of Reference Processing due to unavailable references
[10.146s][debug][gc,age       ] GC(52) Desired survivor size 15400960 bytes, new threshold 6 (max threshold 6)
[10.146s][info ][gc,heap      ] GC(52) ParNew: 241466K->557K(270976K)
[10.146s][info ][gc,heap      ] GC(52) CMS: 121045K->121071K(602112K)
[10.146s][info ][gc,metaspace ] GC(52) Metaspace: 36629K->36629K(1083392K)
[10.146s][info ][gc           ] GC(52) Pause Young (Allocation Failure) 354M->118M(852M) 5.372ms
[10.146s][info ][gc,cpu       ] GC(52) User=0.01s Sys=0.00s Real=0.01s
[10.146s][info ][safepoint    ] Leaving safepoint region
[10.146s][info ][safepoint    ] Total time for which application threads were stopped: 0.0086636 seconds, Stopping threads took: 0.0030645 seconds
[10.209s][info ][safepoint    ] Application time: 0.0631776 seconds
[10.214s][info ][safepoint    ] Entering safepoint region: GenCollectForAllocation
[10.214s][info ][gc,start     ] GC(53) Pause Young (Allocation Failure)
[10.214s][info ][gc,task      ] GC(53) Using 4 workers of 4 for evacuation
[10.216s][debug][gc,ref       ] GC(53) Skipped phase1 of Reference Processing due to unavailable references
[10.216s][debug][gc,ref       ] GC(53) Skipped phase2 of Reference Processing due to unavailable references
[10.216s][debug][gc,ref       ] GC(53) Skipped phase3 of Reference Processing due to unavailable references
[10.216s][debug][gc,ref       ] GC(53) Skipped phase4 of Reference Processing due to unavailable references
[10.216s][debug][gc,age       ] GC(53) Desired survivor size 15400960 bytes, new threshold 6 (max threshold 6)
[10.216s][info ][gc,heap      ] GC(53) ParNew: 241453K->655K(270976K)
[10.216s][info ][gc,heap      ] GC(53) CMS: 121071K->121125K(602112K)
[10.216s][info ][gc,metaspace ] GC(53) Metaspace: 36629K->36629K(1083392K)
[10.216s][info ][gc           ] GC(53) Pause Young (Allocation Failure) 354M->118M(852M) 2.380ms
[10.216s][info ][gc,cpu       ] GC(53) User=0.00s Sys=0.00s Real=0.00s
[10.216s][info ][safepoint    ] Leaving safepoint region
[10.216s][info ][safepoint    ] Total time for which application threads were stopped: 0.0067756 seconds, Stopping threads took: 0.0041632 seconds
[10.307s][info ][safepoint    ] Application time: 0.0906437 seconds
[10.314s][info ][safepoint    ] Entering safepoint region: GenCollectForAllocation
[10.314s][info ][gc,start     ] GC(54) Pause Young (Allocation Failure)
[10.314s][info ][gc,task      ] GC(54) Using 4 workers of 4 for evacuation
[10.324s][debug][gc,ref       ] GC(54) Skipped phase1 of Reference Processing due to unavailable references
[10.324s][debug][gc,ref       ] GC(54) Skipped phase2 of Reference Processing due to unavailable references
[10.324s][debug][gc,ref       ] GC(54) Skipped phase3 of Reference Processing due to unavailable references
[10.324s][debug][gc,ref       ] GC(54) Skipped phase4 of Reference Processing due to unavailable references
[10.324s][debug][gc,age       ] GC(54) Desired survivor size 15400960 bytes, new threshold 6 (max threshold 6)
[10.324s][info ][gc,heap      ] GC(54) ParNew: 241551K->469K(270976K)
[10.324s][info ][gc,heap      ] GC(54) CMS: 121125K->121159K(602112K)
[10.324s][info ][gc,metaspace ] GC(54) Metaspace: 36643K->36643K(1083392K)
[10.324s][info ][gc           ] GC(54) Pause Young (Allocation Failure) 354M->118M(852M) 9.827ms
[10.324s][info ][gc,cpu       ] GC(54) User=0.01s Sys=0.00s Real=0.01s
[10.324s][info ][safepoint    ] Leaving safepoint region
[10.324s][info ][safepoint    ] Total time for which application threads were stopped: 0.0168603 seconds, Stopping threads took: 0.0068337 seconds
[10.394s][info ][safepoint    ] Application time: 0.0705686 seconds
[10.399s][info ][safepoint    ] Entering safepoint region: GenCollectForAllocation
[10.399s][info ][gc,start     ] GC(55) Pause Young (Allocation Failure)
[10.399s][info ][gc,task      ] GC(55) Using 4 workers of 4 for evacuation
[10.402s][debug][gc,ref       ] GC(55) Skipped phase1 of Reference Processing due to unavailable references
[10.402s][debug][gc,ref       ] GC(55) Skipped phase2 of Reference Processing due to unavailable references
[10.402s][debug][gc,ref       ] GC(55) Skipped phase3 of Reference Processing due to unavailable references
[10.402s][debug][gc,ref       ] GC(55) Skipped phase4 of Reference Processing due to unavailable references
[10.402s][debug][gc,age       ] GC(55) Desired survivor size 15400960 bytes, new threshold 6 (max threshold 6)
[10.402s][info ][gc,heap      ] GC(55) ParNew: 241365K->641K(270976K)
[10.402s][info ][gc,heap      ] GC(55) CMS: 121159K->121235K(602112K)
[10.402s][info ][gc,metaspace ] GC(55) Metaspace: 36643K->36643K(1083392K)
[10.402s][info ][gc           ] GC(55) Pause Young (Allocation Failure) 354M->119M(852M) 3.192ms
[10.402s][info ][gc,cpu       ] GC(55) User=0.01s Sys=0.00s Real=0.01s
[10.402s][info ][safepoint    ] Leaving safepoint region
[10.402s][info ][safepoint    ] Total time for which application threads were stopped: 0.0079035 seconds, Stopping threads took: 0.0044933 seconds
[10.476s][info ][safepoint    ] Application time: 0.0735574 seconds
[10.482s][info ][safepoint    ] Entering safepoint region: GenCollectForAllocation
[10.483s][info ][gc,start     ] GC(56) Pause Young (Allocation Failure)
[10.483s][info ][gc,task      ] GC(56) Using 4 workers of 4 for evacuation
[10.486s][debug][gc,ref       ] GC(56) Skipped phase1 of Reference Processing due to unavailable references
[10.486s][debug][gc,ref       ] GC(56) Skipped phase2 of Reference Processing due to unavailable references
[10.486s][debug][gc,ref       ] GC(56) Skipped phase3 of Reference Processing due to unavailable references
[10.486s][debug][gc,ref       ] GC(56) Skipped phase4 of Reference Processing due to unavailable references
[10.486s][debug][gc,age       ] GC(56) Desired survivor size 15400960 bytes, new threshold 6 (max threshold 6)
[10.486s][info ][gc,heap      ] GC(56) ParNew: 241537K->464K(270976K)
[10.486s][info ][gc,heap      ] GC(56) CMS: 121235K->121274K(602112K)
[10.486s][info ][gc,metaspace ] GC(56) Metaspace: 36643K->36643K(1083392K)
[10.486s][info ][gc           ] GC(56) Pause Young (Allocation Failure) 354M->118M(852M) 3.664ms
[10.486s][info ][gc,cpu       ] GC(56) User=0.01s Sys=0.00s Real=0.00s
[10.486s][info ][safepoint    ] Leaving safepoint region
[10.486s][info ][safepoint    ] Total time for which application threads were stopped: 0.0101784 seconds, Stopping threads took: 0.0061668 seconds
[10.547s][info ][safepoint    ] Application time: 0.0611503 seconds
[10.550s][info ][safepoint    ] Entering safepoint region: GenCollectForAllocation
[10.550s][info ][gc,start     ] GC(57) Pause Young (Allocation Failure)
[10.550s][info ][gc,task      ] GC(57) Using 4 workers of 4 for evacuation
[10.557s][debug][gc,ref       ] GC(57) Skipped phase1 of Reference Processing due to unavailable references
[10.557s][debug][gc,ref       ] GC(57) Skipped phase2 of Reference Processing due to unavailable references
[10.557s][debug][gc,ref       ] GC(57) Skipped phase3 of Reference Processing due to unavailable references
[10.557s][debug][gc,ref       ] GC(57) Skipped phase4 of Reference Processing due to unavailable references
[10.557s][debug][gc,age       ] GC(57) Desired survivor size 15400960 bytes, new threshold 6 (max threshold 6)
[10.557s][info ][gc,heap      ] GC(57) ParNew: 241360K->517K(270976K)
[10.557s][info ][gc,heap      ] GC(57) CMS: 121274K->121339K(602112K)
[10.557s][info ][gc,metaspace ] GC(57) Metaspace: 36643K->36643K(1083392K)
[10.557s][info ][gc           ] GC(57) Pause Young (Allocation Failure) 354M->119M(852M) 7.340ms
[10.557s][info ][gc,cpu       ] GC(57) User=0.02s Sys=0.00s Real=0.00s
[10.557s][info ][safepoint    ] Leaving safepoint region
[10.557s][info ][safepoint    ] Total time for which application threads were stopped: 0.0097910 seconds, Stopping threads took: 0.0022337 seconds
[10.632s][info ][safepoint    ] Application time: 0.0746931 seconds
[10.632s][info ][safepoint    ] Entering safepoint region: GenCollectForAllocation
[10.632s][info ][gc,start     ] GC(58) Pause Young (Allocation Failure)
[10.632s][info ][gc,task      ] GC(58) Using 4 workers of 4 for evacuation
[10.642s][debug][gc,ref       ] GC(58) Skipped phase1 of Reference Processing due to unavailable references
[10.642s][debug][gc,ref       ] GC(58) Skipped phase2 of Reference Processing due to unavailable references
[10.642s][debug][gc,ref       ] GC(58) Skipped phase3 of Reference Processing due to unavailable references
[10.642s][debug][gc,ref       ] GC(58) Skipped phase4 of Reference Processing due to unavailable references
[10.642s][debug][gc,age       ] GC(58) Desired survivor size 15400960 bytes, new threshold 6 (max threshold 6)
[10.642s][info ][gc,heap      ] GC(58) ParNew: 241413K->531K(270976K)
[10.642s][info ][gc,heap      ] GC(58) CMS: 121339K->121368K(602112K)
[10.642s][info ][gc,metaspace ] GC(58) Metaspace: 36643K->36643K(1083392K)
[10.642s][info ][gc           ] GC(58) Pause Young (Allocation Failure) 354M->119M(852M) 9.595ms
[10.642s][info ][gc,cpu       ] GC(58) User=0.02s Sys=0.00s Real=0.01s
[10.642s][info ][safepoint    ] Leaving safepoint region
[10.642s][info ][safepoint    ] Total time for which application threads were stopped: 0.0100817 seconds, Stopping threads took: 0.0002317 seconds
[10.701s][info ][safepoint    ] Application time: 0.0589774 seconds
[10.714s][info ][safepoint    ] Entering safepoint region: GenCollectForAllocation
[10.714s][info ][gc,start     ] GC(59) Pause Young (Allocation Failure)
[10.714s][info ][gc,task      ] GC(59) Using 4 workers of 4 for evacuation
[10.716s][debug][gc,ref       ] GC(59) Skipped phase1 of Reference Processing due to unavailable references
[10.716s][debug][gc,ref       ] GC(59) Skipped phase2 of Reference Processing due to unavailable references
[10.716s][debug][gc,ref       ] GC(59) Skipped phase3 of Reference Processing due to unavailable references
[10.716s][debug][gc,ref       ] GC(59) Skipped phase4 of Reference Processing due to unavailable references
[10.716s][debug][gc,age       ] GC(59) Desired survivor size 15400960 bytes, new threshold 6 (max threshold 6)
[10.716s][info ][gc,heap      ] GC(59) ParNew: 241427K->658K(270976K)
[10.716s][info ][gc,heap      ] GC(59) CMS: 121368K->121424K(602112K)
[10.716s][info ][gc,metaspace ] GC(59) Metaspace: 36643K->36643K(1083392K)
[10.716s][info ][gc           ] GC(59) Pause Young (Allocation Failure) 354M->119M(852M) 2.407ms
[10.716s][info ][gc,cpu       ] GC(59) User=0.01s Sys=0.00s Real=0.00s
[10.716s][info ][safepoint    ] Leaving safepoint region
[10.716s][info ][safepoint    ] Total time for which application threads were stopped: 0.0151206 seconds, Stopping threads took: 0.0125185 seconds
[10.796s][info ][safepoint    ] Application time: 0.0802389 seconds
[10.797s][info ][safepoint    ] Entering safepoint region: GenCollectForAllocation
[10.797s][info ][gc,start     ] GC(60) Pause Young (Allocation Failure)
[10.797s][info ][gc,task      ] GC(60) Using 4 workers of 4 for evacuation
[10.800s][debug][gc,ref       ] GC(60) Skipped phase1 of Reference Processing due to unavailable references
[10.800s][debug][gc,ref       ] GC(60) Skipped phase2 of Reference Processing due to unavailable references
[10.800s][debug][gc,ref       ] GC(60) Skipped phase3 of Reference Processing due to unavailable references
[10.800s][debug][gc,ref       ] GC(60) Skipped phase4 of Reference Processing due to unavailable references
[10.800s][debug][gc,age       ] GC(60) Desired survivor size 15400960 bytes, new threshold 6 (max threshold 6)
[10.800s][info ][gc,heap      ] GC(60) ParNew: 241554K->465K(270976K)
[10.800s][info ][gc,heap      ] GC(60) CMS: 121424K->121491K(602112K)
[10.800s][info ][gc,metaspace ] GC(60) Metaspace: 36643K->36643K(1083392K)
[10.800s][info ][gc           ] GC(60) Pause Young (Allocation Failure) 354M->119M(852M) 2.729ms
[10.800s][info ][gc,cpu       ] GC(60) User=0.00s Sys=0.00s Real=0.00s
[10.800s][info ][safepoint    ] Leaving safepoint region
[10.800s][info ][safepoint    ] Total time for which application threads were stopped: 0.0032308 seconds, Stopping threads took: 0.0003355 seconds
[10.884s][info ][safepoint    ] Application time: 0.0839637 seconds
[10.884s][info ][safepoint    ] Entering safepoint region: GenCollectForAllocation
[10.884s][info ][gc,start     ] GC(61) Pause Young (Allocation Failure)
[10.884s][info ][gc,task      ] GC(61) Using 4 workers of 4 for evacuation
[10.890s][debug][gc,ref       ] GC(61) Skipped phase1 of Reference Processing due to unavailable references
[10.890s][debug][gc,ref       ] GC(61) Skipped phase2 of Reference Processing due to unavailable references
[10.890s][debug][gc,ref       ] GC(61) Skipped phase3 of Reference Processing due to unavailable references
[10.890s][debug][gc,ref       ] GC(61) Skipped phase4 of Reference Processing due to unavailable references
[10.890s][debug][gc,age       ] GC(61) Desired survivor size 15400960 bytes, new threshold 6 (max threshold 6)
[10.890s][info ][gc,heap      ] GC(61) ParNew: 241361K->499K(270976K)
[10.890s][info ][gc,heap      ] GC(61) CMS: 121491K->121532K(602112K)
[10.890s][info ][gc,metaspace ] GC(61) Metaspace: 36643K->36643K(1083392K)
[10.890s][info ][gc           ] GC(61) Pause Young (Allocation Failure) 354M->119M(852M) 5.705ms
[10.890s][info ][gc,cpu       ] GC(61) User=0.01s Sys=0.00s Real=0.01s
[10.890s][info ][safepoint    ] Leaving safepoint region
[10.890s][info ][safepoint    ] Total time for which application threads were stopped: 0.0061109 seconds, Stopping threads took: 0.0002296 seconds
[10.943s][info ][safepoint    ] Application time: 0.0533138 seconds
[10.951s][info ][safepoint    ] Entering safepoint region: GenCollectForAllocation
[10.951s][info ][gc,start     ] GC(62) Pause Young (Allocation Failure)
[10.951s][info ][gc,task      ] GC(62) Using 4 workers of 4 for evacuation
[10.966s][debug][gc,ref       ] GC(62) Skipped phase1 of Reference Processing due to unavailable references
[10.966s][debug][gc,ref       ] GC(62) Skipped phase2 of Reference Processing due to unavailable references
[10.966s][debug][gc,ref       ] GC(62) Skipped phase3 of Reference Processing due to unavailable references
[10.966s][debug][gc,ref       ] GC(62) Skipped phase4 of Reference Processing due to unavailable references
[10.966s][debug][gc,age       ] GC(62) Desired survivor size 15400960 bytes, new threshold 6 (max threshold 6)
[10.966s][info ][gc,heap      ] GC(62) ParNew: 241395K->537K(270976K)
[10.966s][info ][gc,heap      ] GC(62) CMS: 121532K->121573K(602112K)
[10.967s][info ][gc,metaspace ] GC(62) Metaspace: 36643K->36643K(1083392K)
[10.967s][info ][gc           ] GC(62) Pause Young (Allocation Failure) 354M->119M(852M) 15.091ms
[10.967s][info ][gc,cpu       ] GC(62) User=0.04s Sys=0.01s Real=0.01s
[10.967s][info ][safepoint    ] Leaving safepoint region
[10.967s][info ][safepoint    ] Total time for which application threads were stopped: 0.0233104 seconds, Stopping threads took: 0.0079959 seconds
[11.039s][info ][safepoint    ] Application time: 0.0722404 seconds
[11.046s][info ][safepoint    ] Entering safepoint region: GenCollectForAllocation
[11.046s][info ][gc,start     ] GC(63) Pause Young (Allocation Failure)
[11.046s][info ][gc,task      ] GC(63) Using 4 workers of 4 for evacuation
[11.049s][debug][gc,ref       ] GC(63) Skipped phase1 of Reference Processing due to unavailable references
[11.049s][debug][gc,ref       ] GC(63) Skipped phase2 of Reference Processing due to unavailable references
[11.049s][debug][gc,ref       ] GC(63) Skipped phase3 of Reference Processing due to unavailable references
[11.049s][debug][gc,ref       ] GC(63) Skipped phase4 of Reference Processing due to unavailable references
[11.050s][debug][gc,age       ] GC(63) Desired survivor size 15400960 bytes, new threshold 6 (max threshold 6)
[11.050s][info ][gc,heap      ] GC(63) ParNew: 241433K->574K(270976K)
[11.050s][info ][gc,heap      ] GC(63) CMS: 121573K->121626K(602112K)
[11.050s][info ][gc,metaspace ] GC(63) Metaspace: 36643K->36643K(1083392K)
[11.050s][info ][gc           ] GC(63) Pause Young (Allocation Failure) 354M->119M(852M) 3.569ms
[11.050s][info ][gc,cpu       ] GC(63) User=0.01s Sys=0.00s Real=0.01s
[11.050s][info ][safepoint    ] Leaving safepoint region
[11.050s][info ][safepoint    ] Total time for which application threads were stopped: 0.0108006 seconds, Stopping threads took: 0.0070217 seconds
[11.111s][info ][safepoint    ] Application time: 0.0613593 seconds
[11.112s][info ][safepoint    ] Entering safepoint region: GenCollectForAllocation
[11.112s][info ][gc,start     ] GC(64) Pause Young (Allocation Failure)
[11.112s][info ][gc,task      ] GC(64) Using 4 workers of 4 for evacuation
[11.118s][debug][gc,ref       ] GC(64) Skipped phase1 of Reference Processing due to unavailable references
[11.118s][debug][gc,ref       ] GC(64) Skipped phase2 of Reference Processing due to unavailable references
[11.118s][debug][gc,ref       ] GC(64) Skipped phase3 of Reference Processing due to unavailable references
[11.118s][debug][gc,ref       ] GC(64) Skipped phase4 of Reference Processing due to unavailable references
[11.118s][debug][gc,age       ] GC(64) Desired survivor size 15400960 bytes, new threshold 6 (max threshold 6)
[11.118s][info ][gc,heap      ] GC(64) ParNew: 241470K->587K(270976K)
[11.118s][info ][gc,heap      ] GC(64) CMS: 121626K->121679K(602112K)
[11.118s][info ][gc,metaspace ] GC(64) Metaspace: 36643K->36643K(1083392K)
[11.118s][info ][gc           ] GC(64) Pause Young (Allocation Failure) 354M->119M(852M) 6.207ms
[11.118s][info ][gc,cpu       ] GC(64) User=0.01s Sys=0.00s Real=0.00s
[11.118s][info ][safepoint    ] Leaving safepoint region
[11.118s][info ][safepoint    ] Total time for which application threads were stopped: 0.0069313 seconds, Stopping threads took: 0.0005215 seconds
[11.195s][info ][safepoint    ] Application time: 0.0769623 seconds
[11.195s][info ][safepoint    ] Entering safepoint region: GenCollectForAllocation
[11.195s][info ][gc,start     ] GC(65) Pause Young (Allocation Failure)
[11.195s][info ][gc,task      ] GC(65) Using 4 workers of 4 for evacuation
[11.198s][debug][gc,ref       ] GC(65) Skipped phase1 of Reference Processing due to unavailable references
[11.198s][debug][gc,ref       ] GC(65) Skipped phase2 of Reference Processing due to unavailable references
[11.198s][debug][gc,ref       ] GC(65) Skipped phase3 of Reference Processing due to unavailable references
[11.198s][debug][gc,ref       ] GC(65) Skipped phase4 of Reference Processing due to unavailable references
[11.198s][debug][gc,age       ] GC(65) Desired survivor size 15400960 bytes, new threshold 6 (max threshold 6)
[11.198s][info ][gc,heap      ] GC(65) ParNew: 241483K->676K(270976K)
[11.198s][info ][gc,heap      ] GC(65) CMS: 121679K->121736K(602112K)
[11.198s][info ][gc,metaspace ] GC(65) Metaspace: 36643K->36643K(1083392K)
[11.198s][info ][gc           ] GC(65) Pause Young (Allocation Failure) 354M->119M(852M) 2.414ms
[11.198s][info ][gc,cpu       ] GC(65) User=0.01s Sys=0.00s Real=0.00s
[11.198s][info ][safepoint    ] Leaving safepoint region
[11.198s][info ][safepoint    ] Total time for which application threads were stopped: 0.0028990 seconds, Stopping threads took: 0.0003009 seconds
[11.250s][info ][safepoint    ] Application time: 0.0518638 seconds
[11.251s][info ][safepoint    ] Entering safepoint region: GenCollectForAllocation
[11.252s][info ][gc,start     ] GC(66) Pause Young (Allocation Failure)
[11.252s][info ][gc,task      ] GC(66) Using 4 workers of 4 for evacuation
[11.254s][debug][gc,ref       ] GC(66) Skipped phase1 of Reference Processing due to unavailable references
[11.254s][debug][gc,ref       ] GC(66) Skipped phase2 of Reference Processing due to unavailable references
[11.254s][debug][gc,ref       ] GC(66) Skipped phase3 of Reference Processing due to unavailable references
[11.254s][debug][gc,ref       ] GC(66) Skipped phase4 of Reference Processing due to unavailable references
[11.255s][debug][gc,age       ] GC(66) Desired survivor size 15400960 bytes, new threshold 6 (max threshold 6)
[11.255s][info ][gc,heap      ] GC(66) ParNew: 241572K->490K(270976K)
[11.255s][info ][gc,heap      ] GC(66) CMS: 121736K->121779K(602112K)
[11.255s][info ][gc,metaspace ] GC(66) Metaspace: 36648K->36648K(1083392K)
[11.255s][info ][gc           ] GC(66) Pause Young (Allocation Failure) 354M->119M(852M) 3.028ms
[11.255s][info ][gc,cpu       ] GC(66) User=0.01s Sys=0.00s Real=0.00s
[11.255s][info ][safepoint    ] Leaving safepoint region
[11.255s][info ][safepoint    ] Total time for which application threads were stopped: 0.0048287 seconds, Stopping threads took: 0.0016209 seconds
[11.354s][info ][safepoint    ] Application time: 0.0989204 seconds
[11.354s][info ][safepoint    ] Entering safepoint region: GenCollectForAllocation
[11.354s][info ][gc,start     ] GC(67) Pause Young (Allocation Failure)
[11.354s][info ][gc,task      ] GC(67) Using 4 workers of 4 for evacuation
[11.356s][debug][gc,ref       ] GC(67) Skipped phase1 of Reference Processing due to unavailable references
[11.356s][debug][gc,ref       ] GC(67) Skipped phase2 of Reference Processing due to unavailable references
[11.356s][debug][gc,ref       ] GC(67) Skipped phase3 of Reference Processing due to unavailable references
[11.356s][debug][gc,ref       ] GC(67) Skipped phase4 of Reference Processing due to unavailable references
[11.356s][debug][gc,age       ] GC(67) Desired survivor size 15400960 bytes, new threshold 6 (max threshold 6)
[11.356s][info ][gc,heap      ] GC(67) ParNew: 241386K->634K(270976K)
[11.356s][info ][gc,heap      ] GC(67) CMS: 121779K->121837K(602112K)
[11.356s][info ][gc,metaspace ] GC(67) Metaspace: 36649K->36649K(1083392K)
[11.356s][info ][gc           ] GC(67) Pause Young (Allocation Failure) 354M->119M(852M) 2.374ms
[11.356s][info ][gc,cpu       ] GC(67) User=0.01s Sys=0.00s Real=0.00s
[11.356s][info ][safepoint    ] Leaving safepoint region
[11.356s][info ][safepoint    ] Total time for which application threads were stopped: 0.0028690 seconds, Stopping threads took: 0.0003173 seconds
[11.417s][info ][safepoint    ] Application time: 0.0600176 seconds
[11.417s][info ][safepoint    ] Entering safepoint region: GenCollectForAllocation
[11.417s][info ][gc,start     ] GC(68) Pause Young (Allocation Failure)
[11.417s][info ][gc,task      ] GC(68) Using 4 workers of 4 for evacuation
[11.419s][debug][gc,ref       ] GC(68) Skipped phase1 of Reference Processing due to unavailable references
[11.419s][debug][gc,ref       ] GC(68) Skipped phase2 of Reference Processing due to unavailable references
[11.419s][debug][gc,ref       ] GC(68) Skipped phase3 of Reference Processing due to unavailable references
[11.419s][debug][gc,ref       ] GC(68) Skipped phase4 of Reference Processing due to unavailable references
[11.420s][debug][gc,age       ] GC(68) Desired survivor size 15400960 bytes, new threshold 6 (max threshold 6)
[11.420s][info ][gc,heap      ] GC(68) ParNew: 241530K->694K(270976K)
[11.420s][info ][gc,heap      ] GC(68) CMS: 121837K->121882K(602112K)
[11.420s][info ][gc,metaspace ] GC(68) Metaspace: 36649K->36649K(1083392K)
[11.420s][info ][gc           ] GC(68) Pause Young (Allocation Failure) 354M->119M(852M) 2.589ms
[11.420s][info ][gc,cpu       ] GC(68) User=0.01s Sys=0.00s Real=0.00s
[11.420s][info ][safepoint    ] Leaving safepoint region
[11.420s][info ][safepoint    ] Total time for which application threads were stopped: 0.0030521 seconds, Stopping threads took: 0.0003013 seconds
[11.511s][info ][safepoint    ] Application time: 0.0916703 seconds
[11.515s][info ][safepoint    ] Entering safepoint region: GenCollectForAllocation
[11.515s][info ][gc,start     ] GC(69) Pause Young (Allocation Failure)
[11.515s][info ][gc,task      ] GC(69) Using 4 workers of 4 for evacuation
[11.520s][debug][gc,ref       ] GC(69) Skipped phase1 of Reference Processing due to unavailable references
[11.520s][debug][gc,ref       ] GC(69) Skipped phase2 of Reference Processing due to unavailable references
[11.520s][debug][gc,ref       ] GC(69) Skipped phase3 of Reference Processing due to unavailable references
[11.520s][debug][gc,ref       ] GC(69) Skipped phase4 of Reference Processing due to unavailable references
[11.520s][debug][gc,age       ] GC(69) Desired survivor size 15400960 bytes, new threshold 6 (max threshold 6)
[11.520s][info ][gc,heap      ] GC(69) ParNew: 241590K->522K(270976K)
[11.520s][info ][gc,heap      ] GC(69) CMS: 121882K->121954K(602112K)
[11.520s][info ][gc,metaspace ] GC(69) Metaspace: 36649K->36649K(1083392K)
[11.521s][info ][gc           ] GC(69) Pause Young (Allocation Failure) 354M->119M(852M) 5.328ms
[11.521s][info ][gc,cpu       ] GC(69) User=0.01s Sys=0.00s Real=0.00s
[11.521s][info ][safepoint    ] Leaving safepoint region
[11.521s][info ][safepoint    ] Total time for which application threads were stopped: 0.0092313 seconds, Stopping threads took: 0.0035794 seconds
[11.591s][info ][safepoint    ] Application time: 0.0707963 seconds
[11.595s][info ][safepoint    ] Entering safepoint region: GenCollectForAllocation
[11.595s][info ][gc,start     ] GC(70) Pause Young (Allocation Failure)
[11.595s][info ][gc,task      ] GC(70) Using 4 workers of 4 for evacuation
[11.598s][debug][gc,ref       ] GC(70) Skipped phase1 of Reference Processing due to unavailable references
[11.598s][debug][gc,ref       ] GC(70) Skipped phase2 of Reference Processing due to unavailable references
[11.598s][debug][gc,ref       ] GC(70) Skipped phase3 of Reference Processing due to unavailable references
[11.598s][debug][gc,ref       ] GC(70) Skipped phase4 of Reference Processing due to unavailable references
[11.598s][debug][gc,age       ] GC(70) Desired survivor size 15400960 bytes, new threshold 6 (max threshold 6)
[11.598s][info ][gc,heap      ] GC(70) ParNew: 241418K->600K(270976K)
[11.598s][info ][gc,heap      ] GC(70) CMS: 121954K->122000K(602112K)
[11.598s][info ][gc,metaspace ] GC(70) Metaspace: 36649K->36649K(1083392K)
[11.598s][info ][gc           ] GC(70) Pause Young (Allocation Failure) 354M->119M(852M) 2.533ms
[11.598s][info ][gc,cpu       ] GC(70) User=0.01s Sys=0.00s Real=0.00s
[11.598s][info ][safepoint    ] Leaving safepoint region
[11.598s][info ][safepoint    ] Total time for which application threads were stopped: 0.0063813 seconds, Stopping threads took: 0.0036484 seconds
[11.673s][info ][safepoint    ] Application time: 0.0753392 seconds
[11.676s][info ][safepoint    ] Entering safepoint region: GenCollectForAllocation
[11.677s][info ][gc,start     ] GC(71) Pause Young (Allocation Failure)
[11.677s][info ][gc,task      ] GC(71) Using 4 workers of 4 for evacuation
[11.681s][debug][gc,ref       ] GC(71) Skipped phase1 of Reference Processing due to unavailable references
[11.681s][debug][gc,ref       ] GC(71) Skipped phase2 of Reference Processing due to unavailable references
[11.681s][debug][gc,ref       ] GC(71) Skipped phase3 of Reference Processing due to unavailable references
[11.681s][debug][gc,ref       ] GC(71) Skipped phase4 of Reference Processing due to unavailable references
[11.682s][debug][gc,age       ] GC(71) Desired survivor size 15400960 bytes, new threshold 6 (max threshold 6)
[11.682s][info ][gc,heap      ] GC(71) ParNew: 241496K->517K(270976K)
[11.682s][info ][gc,heap      ] GC(71) CMS: 122000K->122071K(602112K)
[11.682s][info ][gc,metaspace ] GC(71) Metaspace: 36649K->36649K(1083392K)
[11.682s][info ][gc           ] GC(71) Pause Young (Allocation Failure) 354M->119M(852M) 4.972ms
[11.682s][info ][gc,cpu       ] GC(71) User=0.01s Sys=0.00s Real=0.01s
[11.682s][info ][safepoint    ] Leaving safepoint region
[11.682s][info ][safepoint    ] Total time for which application threads were stopped: 0.0085441 seconds, Stopping threads took: 0.0033033 seconds
[11.748s][info ][safepoint    ] Application time: 0.0665231 seconds
[11.749s][info ][safepoint    ] Entering safepoint region: GenCollectForAllocation
[11.749s][info ][gc,start     ] GC(72) Pause Young (Allocation Failure)
[11.749s][info ][gc,task      ] GC(72) Using 4 workers of 4 for evacuation
[11.751s][debug][gc,ref       ] GC(72) Skipped phase1 of Reference Processing due to unavailable references
[11.751s][debug][gc,ref       ] GC(72) Skipped phase2 of Reference Processing due to unavailable references
[11.751s][debug][gc,ref       ] GC(72) Skipped phase3 of Reference Processing due to unavailable references
[11.751s][debug][gc,ref       ] GC(72) Skipped phase4 of Reference Processing due to unavailable references
[11.751s][debug][gc,age       ] GC(72) Desired survivor size 15400960 bytes, new threshold 6 (max threshold 6)
[11.751s][info ][gc,heap      ] GC(72) ParNew: 241413K->708K(270976K)
[11.751s][info ][gc,heap      ] GC(72) CMS: 122071K->122106K(602112K)
[11.751s][info ][gc,metaspace ] GC(72) Metaspace: 36649K->36649K(1083392K)
[11.751s][info ][gc           ] GC(72) Pause Young (Allocation Failure) 354M->119M(852M) 2.623ms
[11.751s][info ][gc,cpu       ] GC(72) User=0.01s Sys=0.00s Real=0.01s
[11.751s][info ][safepoint    ] Leaving safepoint region
[11.751s][info ][safepoint    ] Total time for which application threads were stopped: 0.0030661 seconds, Stopping threads took: 0.0002412 seconds
[11.827s][info ][safepoint    ] Application time: 0.0753479 seconds
[11.827s][info ][safepoint    ] Entering safepoint region: GenCollectForAllocation
[11.827s][info ][gc,start     ] GC(73) Pause Young (Allocation Failure)
[11.827s][info ][gc,task      ] GC(73) Using 4 workers of 4 for evacuation
[11.830s][debug][gc,ref       ] GC(73) Skipped phase1 of Reference Processing due to unavailable references
[11.830s][debug][gc,ref       ] GC(73) Skipped phase2 of Reference Processing due to unavailable references
[11.830s][debug][gc,ref       ] GC(73) Skipped phase3 of Reference Processing due to unavailable references
[11.830s][debug][gc,ref       ] GC(73) Skipped phase4 of Reference Processing due to unavailable references
[11.830s][debug][gc,age       ] GC(73) Desired survivor size 15400960 bytes, new threshold 6 (max threshold 6)
[11.830s][info ][gc,heap      ] GC(73) ParNew: 241604K->778K(270976K)
[11.830s][info ][gc,heap      ] GC(73) CMS: 122106K->122174K(602112K)
[11.830s][info ][gc,metaspace ] GC(73) Metaspace: 36653K->36653K(1083392K)
[11.830s][info ][gc           ] GC(73) Pause Young (Allocation Failure) 355M->120M(852M) 3.320ms
[11.830s][info ][gc,cpu       ] GC(73) User=0.01s Sys=0.00s Real=0.01s
[11.830s][info ][safepoint    ] Leaving safepoint region
[11.830s][info ][safepoint    ] Total time for which application threads were stopped: 0.0036822 seconds, Stopping threads took: 0.0001802 seconds
[11.892s][info ][safepoint    ] Application time: 0.0615194 seconds
[11.892s][info ][safepoint    ] Entering safepoint region: GenCollectForAllocation
[11.892s][info ][gc,start     ] GC(74) Pause Young (Allocation Failure)
[11.892s][info ][gc,task      ] GC(74) Using 4 workers of 4 for evacuation
[11.896s][debug][gc,ref       ] GC(74) Skipped phase1 of Reference Processing due to unavailable references
[11.896s][debug][gc,ref       ] GC(74) Skipped phase2 of Reference Processing due to unavailable references
[11.896s][debug][gc,ref       ] GC(74) Skipped phase3 of Reference Processing due to unavailable references
[11.896s][debug][gc,ref       ] GC(74) Skipped phase4 of Reference Processing due to unavailable references
[11.896s][debug][gc,age       ] GC(74) Desired survivor size 15400960 bytes, new threshold 6 (max threshold 6)
[11.896s][info ][gc,heap      ] GC(74) ParNew: 241674K->910K(270976K)
[11.896s][info ][gc,heap      ] GC(74) CMS: 122174K->122247K(602112K)
[11.896s][info ][gc,metaspace ] GC(74) Metaspace: 36653K->36653K(1083392K)
[11.896s][info ][gc           ] GC(74) Pause Young (Allocation Failure) 355M->120M(852M) 3.330ms
[11.896s][info ][gc,cpu       ] GC(74) User=0.00s Sys=0.01s Real=0.00s
[11.896s][info ][safepoint    ] Leaving safepoint region
[11.896s][info ][safepoint    ] Total time for which application threads were stopped: 0.0037226 seconds, Stopping threads took: 0.0002241 seconds
[11.947s][info ][safepoint    ] Application time: 0.0515217 seconds
[11.950s][info ][safepoint    ] Entering safepoint region: GenCollectForAllocation
[11.950s][info ][gc,start     ] GC(75) Pause Young (Allocation Failure)
[11.950s][info ][gc,task      ] GC(75) Using 4 workers of 4 for evacuation
[11.957s][debug][gc,ref       ] GC(75) Skipped phase1 of Reference Processing due to unavailable references
[11.957s][debug][gc,ref       ] GC(75) Skipped phase2 of Reference Processing due to unavailable references
[11.957s][debug][gc,ref       ] GC(75) Skipped phase3 of Reference Processing due to unavailable references
[11.957s][debug][gc,ref       ] GC(75) Skipped phase4 of Reference Processing due to unavailable references
[11.957s][debug][gc,age       ] GC(75) Desired survivor size 15400960 bytes, new threshold 6 (max threshold 6)
[11.957s][info ][gc,heap      ] GC(75) ParNew: 241806K->1724K(270976K)
[11.957s][info ][gc,heap      ] GC(75) CMS: 122247K->122303K(602112K)
[11.957s][info ][gc,metaspace ] GC(75) Metaspace: 36653K->36653K(1083392K)
[11.957s][info ][gc           ] GC(75) Pause Young (Allocation Failure) 355M->121M(852M) 7.112ms
[11.957s][info ][gc,cpu       ] GC(75) User=0.02s Sys=0.01s Real=0.00s
[11.957s][info ][safepoint    ] Leaving safepoint region
[11.957s][info ][safepoint    ] Total time for which application threads were stopped: 0.0096321 seconds, Stopping threads took: 0.0023119 seconds
[12.030s][info ][safepoint    ] Application time: 0.0728259 seconds
[12.038s][info ][safepoint    ] Entering safepoint region: GenCollectForAllocation
[12.038s][info ][gc,start     ] GC(76) Pause Young (Allocation Failure)
[12.038s][info ][gc,task      ] GC(76) Using 4 workers of 4 for evacuation
[12.050s][debug][gc,ref       ] GC(76) Skipped phase1 of Reference Processing due to unavailable references
[12.050s][debug][gc,ref       ] GC(76) Skipped phase2 of Reference Processing due to unavailable references
[12.050s][debug][gc,ref       ] GC(76) Skipped phase3 of Reference Processing due to unavailable references
[12.050s][debug][gc,ref       ] GC(76) Skipped phase4 of Reference Processing due to unavailable references
[12.050s][debug][gc,age       ] GC(76) Desired survivor size 15400960 bytes, new threshold 6 (max threshold 6)
[12.051s][info ][gc,heap      ] GC(76) ParNew: 242620K->2213K(270976K)
[12.051s][info ][gc,heap      ] GC(76) CMS: 122303K->122358K(602112K)
[12.051s][info ][gc,metaspace ] GC(76) Metaspace: 36653K->36653K(1083392K)
[12.051s][info ][gc           ] GC(76) Pause Young (Allocation Failure) 356M->121M(852M) 12.667ms
[12.051s][info ][gc,cpu       ] GC(76) User=0.03s Sys=0.01s Real=0.02s
[12.051s][info ][safepoint    ] Leaving safepoint region
[12.051s][info ][safepoint    ] Total time for which application threads were stopped: 0.0207614 seconds, Stopping threads took: 0.0078264 seconds
[12.140s][info ][safepoint    ] Application time: 0.0889492 seconds
[12.140s][info ][safepoint    ] Entering safepoint region: GenCollectForAllocation
[12.140s][info ][gc,start     ] GC(77) Pause Young (Allocation Failure)
[12.140s][info ][gc,task      ] GC(77) Using 4 workers of 4 for evacuation
[12.144s][debug][gc,ref       ] GC(77) Skipped phase1 of Reference Processing due to unavailable references
[12.144s][debug][gc,ref       ] GC(77) Skipped phase2 of Reference Processing due to unavailable references
[12.144s][debug][gc,ref       ] GC(77) Skipped phase3 of Reference Processing due to unavailable references
[12.144s][debug][gc,ref       ] GC(77) Skipped phase4 of Reference Processing due to unavailable references
[12.144s][debug][gc,age       ] GC(77) Desired survivor size 15400960 bytes, new threshold 6 (max threshold 6)
[12.144s][info ][gc,heap      ] GC(77) ParNew: 243109K->2211K(270976K)
[12.144s][info ][gc,heap      ] GC(77) CMS: 122358K->122433K(602112K)
[12.144s][info ][gc,metaspace ] GC(77) Metaspace: 36653K->36653K(1083392K)
[12.144s][info ][gc           ] GC(77) Pause Young (Allocation Failure) 356M->121M(852M) 3.816ms
[12.144s][info ][gc,cpu       ] GC(77) User=0.01s Sys=0.00s Real=0.01s
[12.144s][info ][safepoint    ] Leaving safepoint region
[12.144s][info ][safepoint    ] Total time for which application threads were stopped: 0.0042524 seconds, Stopping threads took: 0.0002417 seconds
[12.204s][info ][safepoint    ] Application time: 0.0600096 seconds
[12.208s][info ][safepoint    ] Entering safepoint region: GenCollectForAllocation
[12.208s][info ][gc,start     ] GC(78) Pause Young (Allocation Failure)
[12.208s][info ][gc,task      ] GC(78) Using 4 workers of 4 for evacuation
[12.216s][debug][gc,ref       ] GC(78) Skipped phase1 of Reference Processing due to unavailable references
[12.216s][debug][gc,ref       ] GC(78) Skipped phase2 of Reference Processing due to unavailable references
[12.216s][debug][gc,ref       ] GC(78) Skipped phase3 of Reference Processing due to unavailable references
[12.216s][debug][gc,ref       ] GC(78) Skipped phase4 of Reference Processing due to unavailable references
[12.216s][debug][gc,age       ] GC(78) Desired survivor size 15400960 bytes, new threshold 6 (max threshold 6)
[12.216s][info ][gc,heap      ] GC(78) ParNew: 243107K->2291K(270976K)
[12.216s][info ][gc,heap      ] GC(78) CMS: 122433K->122490K(602112K)
[12.216s][info ][gc,metaspace ] GC(78) Metaspace: 36653K->36653K(1083392K)
[12.216s][info ][gc           ] GC(78) Pause Young (Allocation Failure) 356M->121M(852M) 8.411ms
[12.216s][info ][gc,cpu       ] GC(78) User=0.03s Sys=0.00s Real=0.01s
[12.216s][info ][safepoint    ] Leaving safepoint region
[12.216s][info ][safepoint    ] Total time for which application threads were stopped: 0.0124487 seconds, Stopping threads took: 0.0038039 seconds
[12.284s][info ][safepoint    ] Application time: 0.0671524 seconds
[12.289s][info ][safepoint    ] Entering safepoint region: GenCollectForAllocation
[12.289s][info ][gc,start     ] GC(79) Pause Young (Allocation Failure)
[12.289s][info ][gc,task      ] GC(79) Using 4 workers of 4 for evacuation
[12.293s][debug][gc,ref       ] GC(79) Skipped phase1 of Reference Processing due to unavailable references
[12.293s][debug][gc,ref       ] GC(79) Skipped phase2 of Reference Processing due to unavailable references
[12.293s][debug][gc,ref       ] GC(79) Skipped phase3 of Reference Processing due to unavailable references
[12.293s][debug][gc,ref       ] GC(79) Skipped phase4 of Reference Processing due to unavailable references
[12.293s][debug][gc,age       ] GC(79) Desired survivor size 15400960 bytes, new threshold 6 (max threshold 6)
[12.293s][info ][gc,heap      ] GC(79) ParNew: 243187K->1553K(270976K)
[12.294s][info ][gc,heap      ] GC(79) CMS: 122490K->122764K(602112K)
[12.294s][info ][gc,metaspace ] GC(79) Metaspace: 36653K->36653K(1083392K)
[12.294s][info ][gc           ] GC(79) Pause Young (Allocation Failure) 357M->121M(852M) 4.379ms
[12.294s][info ][gc,cpu       ] GC(79) User=0.02s Sys=0.00s Real=0.01s
[12.294s][info ][safepoint    ] Leaving safepoint region
[12.294s][info ][safepoint    ] Total time for which application threads were stopped: 0.0099493 seconds, Stopping threads took: 0.0053934 seconds
[12.375s][info ][safepoint    ] Application time: 0.0814705 seconds
[12.375s][info ][safepoint    ] Entering safepoint region: GenCollectForAllocation
[12.376s][info ][gc,start     ] GC(80) Pause Young (Allocation Failure)
[12.376s][info ][gc,task      ] GC(80) Using 4 workers of 4 for evacuation
[12.382s][debug][gc,ref       ] GC(80) Skipped phase1 of Reference Processing due to unavailable references
[12.382s][debug][gc,ref       ] GC(80) Skipped phase2 of Reference Processing due to unavailable references
[12.382s][debug][gc,ref       ] GC(80) Skipped phase3 of Reference Processing due to unavailable references
[12.382s][debug][gc,ref       ] GC(80) Skipped phase4 of Reference Processing due to unavailable references
[12.382s][debug][gc,age       ] GC(80) Desired survivor size 15400960 bytes, new threshold 6 (max threshold 6)
[12.382s][info ][gc,heap      ] GC(80) ParNew: 242449K->2069K(270976K)
[12.382s][info ][gc,heap      ] GC(80) CMS: 122764K->122830K(602112K)
[12.382s][info ][gc,metaspace ] GC(80) Metaspace: 36653K->36653K(1083392K)
[12.382s][info ][gc           ] GC(80) Pause Young (Allocation Failure) 356M->121M(852M) 6.308ms
[12.382s][info ][gc,cpu       ] GC(80) User=0.01s Sys=0.01s Real=0.01s
[12.382s][info ][safepoint    ] Leaving safepoint region
[12.382s][info ][safepoint    ] Total time for which application threads were stopped: 0.0067490 seconds, Stopping threads took: 0.0002649 seconds
[12.454s][info ][safepoint    ] Application time: 0.0721099 seconds
[12.462s][info ][safepoint    ] Entering safepoint region: GenCollectForAllocation
[12.462s][info ][gc,start     ] GC(81) Pause Young (Allocation Failure)
[12.462s][info ][gc,task      ] GC(81) Using 4 workers of 4 for evacuation
[12.468s][debug][gc,ref       ] GC(81) Skipped phase1 of Reference Processing due to unavailable references
[12.468s][debug][gc,ref       ] GC(81) Skipped phase2 of Reference Processing due to unavailable references
[12.468s][debug][gc,ref       ] GC(81) Skipped phase3 of Reference Processing due to unavailable references
[12.468s][debug][gc,ref       ] GC(81) Skipped phase4 of Reference Processing due to unavailable references
[12.468s][debug][gc,age       ] GC(81) Desired survivor size 15400960 bytes, new threshold 6 (max threshold 6)
[12.468s][info ][gc,heap      ] GC(81) ParNew: 242965K->1356K(270976K)
[12.468s][info ][gc,heap      ] GC(81) CMS: 122830K->123781K(602112K)
[12.468s][info ][gc,metaspace ] GC(81) Metaspace: 36653K->36653K(1083392K)
[12.468s][info ][gc           ] GC(81) Pause Young (Allocation Failure) 357M->122M(852M) 6.465ms
[12.468s][info ][gc,cpu       ] GC(81) User=0.02s Sys=0.00s Real=0.00s
[12.468s][info ][safepoint    ] Leaving safepoint region
[12.468s][info ][safepoint    ] Total time for which application threads were stopped: 0.0142465 seconds, Stopping threads took: 0.0075738 seconds
[12.547s][info ][safepoint    ] Application time: 0.0785628 seconds
[12.547s][info ][safepoint    ] Entering safepoint region: GenCollectForAllocation
[12.547s][info ][gc,start     ] GC(82) Pause Young (Allocation Failure)
[12.547s][info ][gc,task      ] GC(82) Using 4 workers of 4 for evacuation
[12.550s][debug][gc,ref       ] GC(82) Skipped phase1 of Reference Processing due to unavailable references
[12.550s][debug][gc,ref       ] GC(82) Skipped phase2 of Reference Processing due to unavailable references
[12.550s][debug][gc,ref       ] GC(82) Skipped phase3 of Reference Processing due to unavailable references
[12.550s][debug][gc,ref       ] GC(82) Skipped phase4 of Reference Processing due to unavailable references
[12.550s][debug][gc,age       ] GC(82) Desired survivor size 15400960 bytes, new threshold 6 (max threshold 6)
[12.550s][info ][gc,heap      ] GC(82) ParNew: 242252K->707K(270976K)
[12.550s][info ][gc,heap      ] GC(82) CMS: 123781K->123879K(602112K)
[12.550s][info ][gc,metaspace ] GC(82) Metaspace: 36653K->36653K(1083392K)
[12.550s][info ][gc           ] GC(82) Pause Young (Allocation Failure) 357M->121M(852M) 2.762ms
[12.550s][info ][gc,cpu       ] GC(82) User=0.01s Sys=0.00s Real=0.01s
[12.550s][info ][safepoint    ] Leaving safepoint region
[12.550s][info ][safepoint    ] Total time for which application threads were stopped: 0.0031671 seconds, Stopping threads took: 0.0002278 seconds
[12.654s][info ][safepoint    ] Application time: 0.1043472 seconds
[12.655s][info ][safepoint    ] Entering safepoint region: GenCollectForAllocation
[12.655s][info ][gc,start     ] GC(83) Pause Young (Allocation Failure)
[12.655s][info ][gc,task      ] GC(83) Using 4 workers of 4 for evacuation
[12.658s][debug][gc,ref       ] GC(83) Skipped phase1 of Reference Processing due to unavailable references
[12.658s][debug][gc,ref       ] GC(83) Skipped phase2 of Reference Processing due to unavailable references
[12.658s][debug][gc,ref       ] GC(83) Skipped phase3 of Reference Processing due to unavailable references
[12.658s][debug][gc,ref       ] GC(83) Skipped phase4 of Reference Processing due to unavailable references
[12.658s][debug][gc,age       ] GC(83) Desired survivor size 15400960 bytes, new threshold 6 (max threshold 6)
[12.658s][info ][gc,heap      ] GC(83) ParNew: 241603K->918K(270976K)
[12.658s][info ][gc,heap      ] GC(83) CMS: 123879K->123963K(602112K)
[12.658s][info ][gc,metaspace ] GC(83) Metaspace: 36653K->36653K(1083392K)
[12.658s][info ][gc           ] GC(83) Pause Young (Allocation Failure) 356M->121M(852M) 3.227ms
[12.658s][info ][gc,cpu       ] GC(83) User=0.01s Sys=0.01s Real=0.00s
[12.658s][info ][safepoint    ] Leaving safepoint region
[12.658s][info ][safepoint    ] Total time for which application threads were stopped: 0.0035957 seconds, Stopping threads took: 0.0002088 seconds
[12.751s][info ][safepoint    ] Application time: 0.0933278 seconds
[12.755s][info ][safepoint    ] Entering safepoint region: GenCollectForAllocation
[12.755s][info ][gc,start     ] GC(84) Pause Young (Allocation Failure)
[12.755s][info ][gc,task      ] GC(84) Using 4 workers of 4 for evacuation
[12.760s][debug][gc,ref       ] GC(84) Skipped phase1 of Reference Processing due to unavailable references
[12.760s][debug][gc,ref       ] GC(84) Skipped phase2 of Reference Processing due to unavailable references
[12.760s][debug][gc,ref       ] GC(84) Skipped phase3 of Reference Processing due to unavailable references
[12.760s][debug][gc,ref       ] GC(84) Skipped phase4 of Reference Processing due to unavailable references
[12.760s][debug][gc,age       ] GC(84) Desired survivor size 15400960 bytes, new threshold 6 (max threshold 6)
[12.760s][info ][gc,heap      ] GC(84) ParNew: 241814K->1224K(270976K)
[12.760s][info ][gc,heap      ] GC(84) CMS: 123963K->124036K(602112K)
[12.760s][info ][gc,metaspace ] GC(84) Metaspace: 36653K->36653K(1083392K)
[12.760s][info ][gc           ] GC(84) Pause Young (Allocation Failure) 357M->122M(852M) 5.187ms
[12.760s][info ][gc,cpu       ] GC(84) User=0.02s Sys=0.00s Real=0.00s
[12.760s][info ][safepoint    ] Leaving safepoint region
[12.760s][info ][safepoint    ] Total time for which application threads were stopped: 0.0086528 seconds, Stopping threads took: 0.0032543 seconds
[12.826s][info ][safepoint    ] Application time: 0.0657100 seconds
[12.826s][info ][safepoint    ] Entering safepoint region: GenCollectForAllocation
[12.826s][info ][gc,start     ] GC(85) Pause Young (Allocation Failure)
[12.826s][info ][gc,task      ] GC(85) Using 4 workers of 4 for evacuation
[12.845s][debug][gc,ref       ] GC(85) Skipped phase1 of Reference Processing due to unavailable references
[12.845s][debug][gc,ref       ] GC(85) Skipped phase2 of Reference Processing due to unavailable references
[12.845s][debug][gc,ref       ] GC(85) Skipped phase3 of Reference Processing due to unavailable references
[12.845s][debug][gc,ref       ] GC(85) Skipped phase4 of Reference Processing due to unavailable references
[12.845s][debug][gc,age       ] GC(85) Desired survivor size 15400960 bytes, new threshold 6 (max threshold 6)
[12.845s][info ][gc,heap      ] GC(85) ParNew: 242120K->1716K(270976K)
[12.845s][info ][gc,heap      ] GC(85) CMS: 124036K->124078K(602112K)
[12.845s][info ][gc,metaspace ] GC(85) Metaspace: 36653K->36653K(1083392K)
[12.845s][info ][gc           ] GC(85) Pause Young (Allocation Failure) 357M->122M(852M) 18.477ms
[12.845s][info ][gc,cpu       ] GC(85) User=0.03s Sys=0.00s Real=0.02s
[12.845s][info ][safepoint    ] Leaving safepoint region
[12.845s][info ][safepoint    ] Total time for which application threads were stopped: 0.0189632 seconds, Stopping threads took: 0.0002729 seconds
[12.918s][info ][safepoint    ] Application time: 0.0732495 seconds
[12.918s][info ][safepoint    ] Entering safepoint region: GenCollectForAllocation
[12.918s][info ][gc,start     ] GC(86) Pause Young (Allocation Failure)
[12.919s][info ][gc,task      ] GC(86) Using 4 workers of 4 for evacuation
[12.925s][debug][gc,ref       ] GC(86) Skipped phase1 of Reference Processing due to unavailable references
[12.925s][debug][gc,ref       ] GC(86) Skipped phase2 of Reference Processing due to unavailable references
[12.925s][debug][gc,ref       ] GC(86) Skipped phase3 of Reference Processing due to unavailable references
[12.925s][debug][gc,ref       ] GC(86) Skipped phase4 of Reference Processing due to unavailable references
[12.925s][debug][gc,age       ] GC(86) Desired survivor size 15400960 bytes, new threshold 6 (max threshold 6)
[12.925s][info ][gc,heap      ] GC(86) ParNew: 242612K->2861K(270976K)
[12.925s][info ][gc,heap      ] GC(86) CMS: 124078K->124163K(602112K)
[12.925s][info ][gc,metaspace ] GC(86) Metaspace: 36653K->36653K(1083392K)
[12.925s][info ][gc           ] GC(86) Pause Young (Allocation Failure) 358M->124M(852M) 6.356ms
[12.925s][info ][gc,cpu       ] GC(86) User=0.02s Sys=0.01s Real=0.01s
[12.925s][info ][safepoint    ] Leaving safepoint region
[12.925s][info ][safepoint    ] Total time for which application threads were stopped: 0.0068077 seconds, Stopping threads took: 0.0002492 seconds
[13.008s][info ][safepoint    ] Application time: 0.0831948 seconds
[13.009s][info ][safepoint    ] Entering safepoint region: GenCollectForAllocation
[13.009s][info ][gc,start     ] GC(87) Pause Young (Allocation Failure)
[13.009s][info ][gc,task      ] GC(87) Using 4 workers of 4 for evacuation
[13.018s][debug][gc,ref       ] GC(87) Skipped phase1 of Reference Processing due to unavailable references
[13.018s][debug][gc,ref       ] GC(87) Skipped phase2 of Reference Processing due to unavailable references
[13.018s][debug][gc,ref       ] GC(87) Skipped phase3 of Reference Processing due to unavailable references
[13.018s][debug][gc,ref       ] GC(87) Skipped phase4 of Reference Processing due to unavailable references
[13.018s][debug][gc,age       ] GC(87) Desired survivor size 15400960 bytes, new threshold 6 (max threshold 6)
[13.018s][info ][gc,heap      ] GC(87) ParNew: 243757K->3840K(270976K)
[13.018s][info ][gc,heap      ] GC(87) CMS: 124163K->124246K(602112K)
[13.018s][info ][gc,metaspace ] GC(87) Metaspace: 36653K->36653K(1083392K)
[13.018s][info ][gc           ] GC(87) Pause Young (Allocation Failure) 359M->125M(852M) 8.860ms
[13.018s][info ][gc,cpu       ] GC(87) User=0.02s Sys=0.00s Real=0.01s
[13.018s][info ][safepoint    ] Leaving safepoint region
[13.018s][info ][safepoint    ] Total time for which application threads were stopped: 0.0097531 seconds, Stopping threads took: 0.0006880 seconds
[13.144s][info ][safepoint    ] Application time: 0.1256721 seconds
[13.144s][info ][safepoint    ] Entering safepoint region: GenCollectForAllocation
[13.144s][info ][gc,start     ] GC(88) Pause Young (Allocation Failure)
[13.144s][info ][gc,task      ] GC(88) Using 4 workers of 4 for evacuation
[13.151s][debug][gc,ref       ] GC(88) Skipped phase1 of Reference Processing due to unavailable references
[13.151s][debug][gc,ref       ] GC(88) Skipped phase2 of Reference Processing due to unavailable references
[13.151s][debug][gc,ref       ] GC(88) Skipped phase3 of Reference Processing due to unavailable references
[13.151s][debug][gc,ref       ] GC(88) Skipped phase4 of Reference Processing due to unavailable references
[13.151s][debug][gc,age       ] GC(88) Desired survivor size 15400960 bytes, new threshold 6 (max threshold 6)
[13.151s][info ][gc,heap      ] GC(88) ParNew: 244736K->4003K(270976K)
[13.151s][info ][gc,heap      ] GC(88) CMS: 124246K->124290K(602112K)
[13.151s][info ][gc,metaspace ] GC(88) Metaspace: 36653K->36653K(1083392K)
[13.151s][info ][gc           ] GC(88) Pause Young (Allocation Failure) 360M->125M(852M) 6.741ms
[13.151s][info ][gc,cpu       ] GC(88) User=0.02s Sys=0.00s Real=0.01s
[13.151s][info ][safepoint    ] Leaving safepoint region
[13.151s][info ][safepoint    ] Total time for which application threads were stopped: 0.0072705 seconds, Stopping threads took: 0.0003494 seconds
[13.204s][info ][safepoint    ] Application time: 0.0532253 seconds
[13.204s][info ][safepoint    ] Entering safepoint region: GenCollectForAllocation
[13.205s][info ][gc,start     ] GC(89) Pause Young (Allocation Failure)
[13.205s][info ][gc,task      ] GC(89) Using 4 workers of 4 for evacuation
[13.219s][debug][gc,ref       ] GC(89) Skipped phase1 of Reference Processing due to unavailable references
[13.219s][debug][gc,ref       ] GC(89) Skipped phase2 of Reference Processing due to unavailable references
[13.219s][debug][gc,ref       ] GC(89) Skipped phase3 of Reference Processing due to unavailable references
[13.219s][debug][gc,ref       ] GC(89) Skipped phase4 of Reference Processing due to unavailable references
[13.219s][debug][gc,age       ] GC(89) Desired survivor size 15400960 bytes, new threshold 6 (max threshold 6)
[13.219s][info ][gc,heap      ] GC(89) ParNew: 244899K->4006K(270976K)
[13.219s][info ][gc,heap      ] GC(89) CMS: 124290K->124715K(602112K)
[13.219s][info ][gc,metaspace ] GC(89) Metaspace: 36653K->36653K(1083392K)
[13.219s][info ][gc           ] GC(89) Pause Young (Allocation Failure) 360M->125M(852M) 14.275ms
[13.219s][info ][gc,cpu       ] GC(89) User=0.04s Sys=0.00s Real=0.01s
[13.219s][info ][safepoint    ] Leaving safepoint region
[13.219s][info ][safepoint    ] Total time for which application threads were stopped: 0.0146722 seconds, Stopping threads took: 0.0002026 seconds
[13.316s][info ][safepoint    ] Application time: 0.0970557 seconds
[13.316s][info ][safepoint    ] Entering safepoint region: GenCollectForAllocation
[13.316s][info ][gc,start     ] GC(90) Pause Young (Allocation Failure)
[13.316s][info ][gc,task      ] GC(90) Using 4 workers of 4 for evacuation
[13.326s][debug][gc,ref       ] GC(90) Skipped phase1 of Reference Processing due to unavailable references
[13.326s][debug][gc,ref       ] GC(90) Skipped phase2 of Reference Processing due to unavailable references
[13.326s][debug][gc,ref       ] GC(90) Skipped phase3 of Reference Processing due to unavailable references
[13.326s][debug][gc,ref       ] GC(90) Skipped phase4 of Reference Processing due to unavailable references
[13.326s][debug][gc,age       ] GC(90) Desired survivor size 15400960 bytes, new threshold 6 (max threshold 6)
[13.326s][info ][gc,heap      ] GC(90) ParNew: 244902K->7053K(270976K)
[13.326s][info ][gc,heap      ] GC(90) CMS: 124715K->124901K(602112K)
[13.326s][info ][gc,metaspace ] GC(90) Metaspace: 36653K->36653K(1083392K)
[13.326s][info ][gc           ] GC(90) Pause Young (Allocation Failure) 360M->128M(852M) 9.757ms
[13.326s][info ][gc,cpu       ] GC(90) User=0.03s Sys=0.00s Real=0.01s
[13.326s][info ][safepoint    ] Leaving safepoint region
[13.326s][info ][safepoint    ] Total time for which application threads were stopped: 0.0101837 seconds, Stopping threads took: 0.0002134 seconds
[13.423s][info ][safepoint    ] Application time: 0.0964099 seconds
[13.423s][info ][safepoint    ] Entering safepoint region: GenCollectForAllocation
[13.423s][info ][gc,start     ] GC(91) Pause Young (Allocation Failure)
[13.423s][info ][gc,task      ] GC(91) Using 4 workers of 4 for evacuation
[13.435s][debug][gc,ref       ] GC(91) Skipped phase1 of Reference Processing due to unavailable references
[13.435s][debug][gc,ref       ] GC(91) Skipped phase2 of Reference Processing due to unavailable references
[13.435s][debug][gc,ref       ] GC(91) Skipped phase3 of Reference Processing due to unavailable references
[13.435s][debug][gc,ref       ] GC(91) Skipped phase4 of Reference Processing due to unavailable references
[13.435s][debug][gc,age       ] GC(91) Desired survivor size 15400960 bytes, new threshold 6 (max threshold 6)
[13.435s][info ][gc,heap      ] GC(91) ParNew: 247949K->8098K(270976K)
[13.435s][info ][gc,heap      ] GC(91) CMS: 124901K->125479K(602112K)
[13.435s][info ][gc,metaspace ] GC(91) Metaspace: 36653K->36653K(1083392K)
[13.435s][info ][gc           ] GC(91) Pause Young (Allocation Failure) 364M->130M(852M) 12.431ms
[13.435s][info ][gc,cpu       ] GC(91) User=0.04s Sys=0.00s Real=0.01s
[13.435s][info ][safepoint    ] Leaving safepoint region
[13.435s][info ][safepoint    ] Total time for which application threads were stopped: 0.0128564 seconds, Stopping threads took: 0.0002396 seconds
[13.503s][info ][safepoint    ] Application time: 0.0672519 seconds
[13.514s][info ][safepoint    ] Entering safepoint region: GenCollectForAllocation
[13.514s][info ][gc,start     ] GC(92) Pause Young (Allocation Failure)
[13.514s][info ][gc,task      ] GC(92) Using 4 workers of 4 for evacuation
[13.530s][debug][gc,ref       ] GC(92) Skipped phase1 of Reference Processing due to unavailable references
[13.530s][debug][gc,ref       ] GC(92) Skipped phase2 of Reference Processing due to unavailable references
[13.530s][debug][gc,ref       ] GC(92) Skipped phase3 of Reference Processing due to unavailable references
[13.530s][debug][gc,ref       ] GC(92) Skipped phase4 of Reference Processing due to unavailable references
[13.530s][debug][gc,age       ] GC(92) Desired survivor size 15400960 bytes, new threshold 6 (max threshold 6)
[13.530s][info ][gc,heap      ] GC(92) ParNew: 248994K->7872K(270976K)
[13.530s][info ][gc,heap      ] GC(92) CMS: 125479K->126313K(602112K)
[13.530s][info ][gc,metaspace ] GC(92) Metaspace: 36653K->36653K(1083392K)
[13.530s][info ][gc           ] GC(92) Pause Young (Allocation Failure) 365M->131M(852M) 15.901ms
[13.530s][info ][gc,cpu       ] GC(92) User=0.04s Sys=0.00s Real=0.02s
[13.530s][info ][safepoint    ] Leaving safepoint region
[13.530s][info ][safepoint    ] Total time for which application threads were stopped: 0.0274025 seconds, Stopping threads took: 0.0112840 seconds
[13.601s][info ][safepoint    ] Application time: 0.0705749 seconds
[13.601s][info ][safepoint    ] Entering safepoint region: GenCollectForAllocation
[13.601s][info ][gc,start     ] GC(93) Pause Young (Allocation Failure)
[13.601s][info ][gc,task      ] GC(93) Using 4 workers of 4 for evacuation
[13.614s][debug][gc,ref       ] GC(93) Skipped phase1 of Reference Processing due to unavailable references
[13.614s][debug][gc,ref       ] GC(93) Skipped phase2 of Reference Processing due to unavailable references
[13.614s][debug][gc,ref       ] GC(93) Skipped phase3 of Reference Processing due to unavailable references
[13.614s][debug][gc,ref       ] GC(93) Skipped phase4 of Reference Processing due to unavailable references
[13.614s][debug][gc,age       ] GC(93) Desired survivor size 15400960 bytes, new threshold 6 (max threshold 6)
[13.614s][info ][gc,heap      ] GC(93) ParNew: 248768K->9286K(270976K)
[13.614s][info ][gc,heap      ] GC(93) CMS: 126313K->126730K(602112K)
[13.614s][info ][gc,metaspace ] GC(93) Metaspace: 36653K->36653K(1083392K)
[13.614s][info ][gc           ] GC(93) Pause Young (Allocation Failure) 366M->132M(852M) 12.743ms
[13.614s][info ][gc,cpu       ] GC(93) User=0.04s Sys=0.00s Real=0.02s
[13.614s][info ][safepoint    ] Leaving safepoint region
[13.614s][info ][safepoint    ] Total time for which application threads were stopped: 0.0132098 seconds, Stopping threads took: 0.0002953 seconds
[13.696s][info ][safepoint    ] Application time: 0.0819077 seconds
[13.702s][info ][safepoint    ] Entering safepoint region: GenCollectForAllocation
[13.702s][info ][gc,start     ] GC(94) Pause Young (Allocation Failure)
[13.702s][info ][gc,task      ] GC(94) Using 4 workers of 4 for evacuation
[13.710s][debug][gc,ref       ] GC(94) Skipped phase1 of Reference Processing due to unavailable references
[13.710s][debug][gc,ref       ] GC(94) Skipped phase2 of Reference Processing due to unavailable references
[13.710s][debug][gc,ref       ] GC(94) Skipped phase3 of Reference Processing due to unavailable references
[13.710s][debug][gc,ref       ] GC(94) Skipped phase4 of Reference Processing due to unavailable references
[13.710s][debug][gc,age       ] GC(94) Desired survivor size 15400960 bytes, new threshold 6 (max threshold 6)
[13.710s][info ][gc,heap      ] GC(94) ParNew: 250182K->10384K(270976K)
[13.710s][info ][gc,heap      ] GC(94) CMS: 126730K->127158K(602112K)
[13.710s][info ][gc,metaspace ] GC(94) Metaspace: 36653K->36653K(1083392K)
[13.710s][info ][gc           ] GC(94) Pause Young (Allocation Failure) 368M->134M(852M) 8.556ms
[13.710s][info ][gc,cpu       ] GC(94) User=0.03s Sys=0.00s Real=0.01s
[13.710s][info ][safepoint    ] Leaving safepoint region
[13.710s][info ][safepoint    ] Total time for which application threads were stopped: 0.0144222 seconds, Stopping threads took: 0.0056462 seconds
[13.795s][info ][safepoint    ] Application time: 0.0841042 seconds
[13.798s][info ][safepoint    ] Entering safepoint region: GenCollectForAllocation
[13.798s][info ][gc,start     ] GC(95) Pause Young (Allocation Failure)
[13.798s][info ][gc,task      ] GC(95) Using 4 workers of 4 for evacuation
[13.806s][debug][gc,ref       ] GC(95) Skipped phase1 of Reference Processing due to unavailable references
[13.806s][debug][gc,ref       ] GC(95) Skipped phase2 of Reference Processing due to unavailable references
[13.806s][debug][gc,ref       ] GC(95) Skipped phase3 of Reference Processing due to unavailable references
[13.806s][debug][gc,ref       ] GC(95) Skipped phase4 of Reference Processing due to unavailable references
[13.806s][debug][gc,age       ] GC(95) Desired survivor size 15400960 bytes, new threshold 6 (max threshold 6)
[13.806s][info ][gc,heap      ] GC(95) ParNew: 251280K->7128K(270976K)
[13.806s][info ][gc,heap      ] GC(95) CMS: 127158K->127283K(602112K)
[13.806s][info ][gc,metaspace ] GC(95) Metaspace: 36653K->36653K(1083392K)
[13.806s][info ][gc           ] GC(95) Pause Young (Allocation Failure) 369M->131M(852M) 7.964ms
[13.806s][info ][gc,cpu       ] GC(95) User=0.03s Sys=0.00s Real=0.01s
[13.806s][info ][safepoint    ] Leaving safepoint region
[13.806s][info ][safepoint    ] Total time for which application threads were stopped: 0.0113864 seconds, Stopping threads took: 0.0031602 seconds
[13.883s][info ][safepoint    ] Application time: 0.0772719 seconds
[13.886s][info ][safepoint    ] Entering safepoint region: GenCollectForAllocation
[13.886s][info ][gc,start     ] GC(96) Pause Young (Allocation Failure)
[13.886s][info ][gc,task      ] GC(96) Using 4 workers of 4 for evacuation
[13.898s][debug][gc,ref       ] GC(96) Skipped phase1 of Reference Processing due to unavailable references
[13.898s][debug][gc,ref       ] GC(96) Skipped phase2 of Reference Processing due to unavailable references
[13.898s][debug][gc,ref       ] GC(96) Skipped phase3 of Reference Processing due to unavailable references
[13.898s][debug][gc,ref       ] GC(96) Skipped phase4 of Reference Processing due to unavailable references
[13.899s][debug][gc,age       ] GC(96) Desired survivor size 15400960 bytes, new threshold 6 (max threshold 6)
[13.899s][info ][gc,heap      ] GC(96) ParNew: 248024K->5076K(270976K)
[13.899s][info ][gc,heap      ] GC(96) CMS: 127283K->130385K(602112K)
[13.899s][info ][gc,metaspace ] GC(96) Metaspace: 36653K->36653K(1083392K)
[13.899s][info ][gc           ] GC(96) Pause Young (Allocation Failure) 366M->132M(852M) 12.731ms
[13.899s][info ][gc,cpu       ] GC(96) User=0.03s Sys=0.01s Real=0.01s
[13.899s][info ][safepoint    ] Leaving safepoint region
[13.899s][info ][safepoint    ] Total time for which application threads were stopped: 0.0153556 seconds, Stopping threads took: 0.0024077 seconds
[13.985s][info ][safepoint    ] Application time: 0.0865003 seconds
[13.985s][info ][safepoint    ] Entering safepoint region: GenCollectForAllocation
[13.985s][info ][gc,start     ] GC(97) Pause Young (Allocation Failure)
[13.985s][info ][gc,task      ] GC(97) Using 4 workers of 4 for evacuation
[13.994s][debug][gc,ref       ] GC(97) Skipped phase1 of Reference Processing due to unavailable references
[13.994s][debug][gc,ref       ] GC(97) Skipped phase2 of Reference Processing due to unavailable references
[13.994s][debug][gc,ref       ] GC(97) Skipped phase3 of Reference Processing due to unavailable references
[13.994s][debug][gc,ref       ] GC(97) Skipped phase4 of Reference Processing due to unavailable references
[13.994s][debug][gc,age       ] GC(97) Desired survivor size 15400960 bytes, new threshold 6 (max threshold 6)
[13.994s][info ][gc,heap      ] GC(97) ParNew: 245972K->2308K(270976K)
[13.994s][info ][gc,heap      ] GC(97) CMS: 130385K->132538K(602112K)
[13.994s][info ][gc,metaspace ] GC(97) Metaspace: 36653K->36653K(1083392K)
[13.994s][info ][gc           ] GC(97) Pause Young (Allocation Failure) 367M->131M(852M) 8.600ms
[13.994s][info ][gc,cpu       ] GC(97) User=0.03s Sys=0.00s Real=0.01s
[13.994s][info ][safepoint    ] Leaving safepoint region
[13.994s][info ][safepoint    ] Total time for which application threads were stopped: 0.0089342 seconds, Stopping threads took: 0.0001710 seconds
[14.079s][info ][safepoint    ] Application time: 0.0847622 seconds
[14.080s][info ][safepoint    ] Entering safepoint region: GenCollectForAllocation
[14.080s][info ][gc,start     ] GC(98) Pause Young (Allocation Failure)
[14.080s][info ][gc,task      ] GC(98) Using 4 workers of 4 for evacuation
[14.083s][debug][gc,ref       ] GC(98) Skipped phase1 of Reference Processing due to unavailable references
[14.083s][debug][gc,ref       ] GC(98) Skipped phase2 of Reference Processing due to unavailable references
[14.083s][debug][gc,ref       ] GC(98) Skipped phase3 of Reference Processing due to unavailable references
[14.083s][debug][gc,ref       ] GC(98) Skipped phase4 of Reference Processing due to unavailable references
[14.083s][debug][gc,age       ] GC(98) Desired survivor size 15400960 bytes, new threshold 6 (max threshold 6)
[14.083s][info ][gc,heap      ] GC(98) ParNew: 243204K->1900K(270976K)
[14.083s][info ][gc,heap      ] GC(98) CMS: 132538K->132628K(602112K)
[14.083s][info ][gc,metaspace ] GC(98) Metaspace: 36653K->36653K(1083392K)
[14.083s][info ][gc           ] GC(98) Pause Young (Allocation Failure) 366M->131M(852M) 2.981ms
[14.083s][info ][gc,cpu       ] GC(98) User=0.01s Sys=0.00s Real=0.01s
[14.083s][info ][safepoint    ] Leaving safepoint region
[14.083s][info ][safepoint    ] Total time for which application threads were stopped: 0.0041836 seconds, Stopping threads took: 0.0010621 seconds
[14.170s][info ][safepoint    ] Application time: 0.0864431 seconds
[14.170s][info ][safepoint    ] Entering safepoint region: RevokeBias
[14.171s][info ][safepoint    ] Leaving safepoint region
[14.171s][info ][safepoint    ] Total time for which application threads were stopped: 0.0009260 seconds, Stopping threads took: 0.0008023 seconds
[14.182s][info ][safepoint    ] Application time: 0.0110679 seconds
[14.182s][info ][safepoint    ] Entering safepoint region: RevokeBias
[14.182s][info ][safepoint    ] Leaving safepoint region
[14.182s][info ][safepoint    ] Total time for which application threads were stopped: 0.0002316 seconds, Stopping threads took: 0.0001171 seconds
[14.182s][info ][safepoint    ] Application time: 0.0005858 seconds
[14.183s][info ][safepoint    ] Entering safepoint region: RevokeBias
[14.183s][info ][safepoint    ] Leaving safepoint region
[14.183s][info ][safepoint    ] Total time for which application threads were stopped: 0.0001863 seconds, Stopping threads took: 0.0000875 seconds
[14.206s][info ][safepoint    ] Application time: 0.0230918 seconds
[14.206s][info ][safepoint    ] Entering safepoint region: RevokeBias
[14.206s][info ][safepoint    ] Leaving safepoint region
[14.206s][info ][safepoint    ] Total time for which application threads were stopped: 0.0002738 seconds, Stopping threads took: 0.0001624 seconds
[14.281s][info ][safepoint    ] Application time: 0.0748258 seconds
[14.281s][info ][safepoint    ] Entering safepoint region: ICBufferFull
[14.281s][info ][safepoint    ] Leaving safepoint region
[14.281s][info ][safepoint    ] Total time for which application threads were stopped: 0.0003696 seconds, Stopping threads took: 0.0001439 seconds
[14.347s][info ][safepoint    ] Application time: 0.0655781 seconds
[14.347s][info ][safepoint    ] Entering safepoint region: RevokeBias
[14.347s][info ][safepoint    ] Leaving safepoint region
[14.347s][info ][safepoint    ] Total time for which application threads were stopped: 0.0002166 seconds, Stopping threads took: 0.0001137 seconds
[14.631s][info ][safepoint    ] Application time: 0.2835688 seconds
[14.631s][info ][safepoint    ] Entering safepoint region: GenCollectForAllocation
[14.631s][info ][gc,start     ] GC(99) Pause Young (Allocation Failure)
[14.631s][info ][gc,task      ] GC(99) Using 4 workers of 4 for evacuation
[14.648s][debug][gc,ref       ] GC(99) Skipped phase1 of Reference Processing due to unavailable references
[14.649s][debug][gc,ref       ] GC(99) Skipped phase3 of Reference Processing due to unavailable references
[14.649s][debug][gc,age       ] GC(99) Desired survivor size 15400960 bytes, new threshold 6 (max threshold 6)
[14.649s][info ][gc,heap      ] GC(99) ParNew: 242796K->8201K(270976K)
[14.649s][info ][gc,heap      ] GC(99) CMS: 132628K->132738K(602112K)
[14.649s][info ][gc,metaspace ] GC(99) Metaspace: 37194K->37194K(1083392K)
[14.649s][info ][gc           ] GC(99) Pause Young (Allocation Failure) 366M->137M(852M) 17.493ms
[14.649s][info ][gc,cpu       ] GC(99) User=0.03s Sys=0.00s Real=0.01s
[14.649s][info ][safepoint    ] Leaving safepoint region
[14.649s][info ][safepoint    ] Total time for which application threads were stopped: 0.0179328 seconds, Stopping threads took: 0.0002699 seconds
[14.834s][info ][safepoint    ] Application time: 0.1855387 seconds
[14.834s][info ][safepoint    ] Entering safepoint region: RevokeBias
[14.834s][info ][safepoint    ] Leaving safepoint region
[14.834s][info ][safepoint    ] Total time for which application threads were stopped: 0.0001609 seconds, Stopping threads took: 0.0000163 seconds
[14.936s][info ][safepoint    ] Application time: 0.1012067 seconds
[14.941s][info ][safepoint    ] Entering safepoint region: RevokeBias
[14.941s][info ][safepoint    ] Leaving safepoint region
[14.941s][info ][safepoint    ] Total time for which application threads were stopped: 0.0052510 seconds, Stopping threads took: 0.0051012 seconds
[14.942s][info ][safepoint    ] Application time: 0.0007862 seconds
[14.942s][info ][safepoint    ] Entering safepoint region: RevokeBias
[14.942s][info ][safepoint    ] Leaving safepoint region
[14.942s][info ][safepoint    ] Total time for which application threads were stopped: 0.0001410 seconds, Stopping threads took: 0.0000648 seconds
[14.943s][info ][safepoint    ] Application time: 0.0008738 seconds
[14.943s][info ][safepoint    ] Entering safepoint region: BulkRevokeBias
[14.943s][info ][safepoint    ] Leaving safepoint region
[14.943s][info ][safepoint    ] Total time for which application threads were stopped: 0.0004897 seconds, Stopping threads took: 0.0000746 seconds
[14.946s][info ][safepoint    ] Application time: 0.0029706 seconds
[14.946s][info ][safepoint    ] Entering safepoint region: RevokeBias
[14.947s][info ][safepoint    ] Leaving safepoint region
[14.947s][info ][safepoint    ] Total time for which application threads were stopped: 0.0002251 seconds, Stopping threads took: 0.0001520 seconds
[14.947s][info ][safepoint    ] Application time: 0.0004542 seconds
[14.947s][info ][safepoint    ] Entering safepoint region: RevokeBias
[14.947s][info ][safepoint    ] Leaving safepoint region
[14.947s][info ][safepoint    ] Total time for which application threads were stopped: 0.0002899 seconds, Stopping threads took: 0.0002441 seconds
[14.948s][info ][safepoint    ] Application time: 0.0002116 seconds
[14.948s][info ][safepoint    ] Entering safepoint region: RevokeBias
[14.948s][info ][safepoint    ] Leaving safepoint region
[14.948s][info ][safepoint    ] Total time for which application threads were stopped: 0.0001237 seconds, Stopping threads took: 0.0000706 seconds
[14.950s][info ][safepoint    ] Application time: 0.0022783 seconds
[14.950s][info ][safepoint    ] Entering safepoint region: RevokeBias
[14.950s][info ][safepoint    ] Leaving safepoint region
[14.950s][info ][safepoint    ] Total time for which application threads were stopped: 0.0002070 seconds, Stopping threads took: 0.0001175 seconds
[14.951s][info ][safepoint    ] Application time: 0.0005833 seconds
[14.951s][info ][safepoint    ] Entering safepoint region: RevokeBias
[14.951s][info ][safepoint    ] Leaving safepoint region
[14.951s][info ][safepoint    ] Total time for which application threads were stopped: 0.0003535 seconds, Stopping threads took: 0.0002200 seconds
[14.966s][info ][safepoint    ] Application time: 0.0147088 seconds
[14.968s][info ][safepoint    ] Entering safepoint region: RevokeBias
[14.968s][info ][safepoint    ] Leaving safepoint region
[14.968s][info ][safepoint    ] Total time for which application threads were stopped: 0.0020221 seconds, Stopping threads took: 0.0019318 seconds
[14.971s][info ][safepoint    ] Application time: 0.0033305 seconds
[14.971s][info ][safepoint    ] Entering safepoint region: RevokeBias
[14.971s][info ][safepoint    ] Leaving safepoint region
[14.971s][info ][safepoint    ] Total time for which application threads were stopped: 0.0001700 seconds, Stopping threads took: 0.0000515 seconds
[14.980s][info ][safepoint    ] Application time: 0.0086488 seconds
[14.980s][info ][safepoint    ] Entering safepoint region: RevokeBias
[14.980s][info ][safepoint    ] Leaving safepoint region
[14.980s][info ][safepoint    ] Total time for which application threads were stopped: 0.0001481 seconds, Stopping threads took: 0.0000973 seconds
[14.981s][info ][safepoint    ] Application time: 0.0011295 seconds
[14.982s][info ][safepoint    ] Entering safepoint region: RevokeBias
[14.982s][info ][safepoint    ] Leaving safepoint region
[14.982s][info ][safepoint    ] Total time for which application threads were stopped: 0.0002697 seconds, Stopping threads took: 0.0001612 seconds
[14.998s][info ][safepoint    ] Application time: 0.0159693 seconds
[14.998s][info ][safepoint    ] Entering safepoint region: RevokeBias
[14.998s][info ][safepoint    ] Leaving safepoint region
[14.998s][info ][safepoint    ] Total time for which application threads were stopped: 0.0003469 seconds, Stopping threads took: 0.0002118 seconds
[15.185s][info ][safepoint    ] Application time: 0.1865565 seconds
[15.185s][info ][safepoint    ] Entering safepoint region: Deoptimize
[15.185s][info ][safepoint    ] Leaving safepoint region
[15.185s][info ][safepoint    ] Total time for which application threads were stopped: 0.0007310 seconds, Stopping threads took: 0.0000153 seconds
[15.196s][info ][safepoint    ] Application time: 0.0103064 seconds
[15.196s][info ][safepoint    ] Entering safepoint region: RevokeBias
[15.196s][info ][safepoint    ] Leaving safepoint region
[15.196s][info ][safepoint    ] Total time for which application threads were stopped: 0.0001211 seconds, Stopping threads took: 0.0000584 seconds
[15.197s][info ][safepoint    ] Application time: 0.0007183 seconds
[15.197s][info ][safepoint    ] Entering safepoint region: RevokeBias
[15.197s][info ][safepoint    ] Leaving safepoint region
[15.197s][info ][safepoint    ] Total time for which application threads were stopped: 0.0000396 seconds, Stopping threads took: 0.0000093 seconds
[15.197s][info ][safepoint    ] Application time: 0.0000772 seconds
[15.197s][info ][safepoint    ] Entering safepoint region: RevokeBias
[15.197s][info ][safepoint    ] Leaving safepoint region
[15.197s][info ][safepoint    ] Total time for which application threads were stopped: 0.0000340 seconds, Stopping threads took: 0.0000158 seconds
[15.197s][info ][safepoint    ] Application time: 0.0007031 seconds
[15.197s][info ][safepoint    ] Entering safepoint region: Deoptimize
[15.198s][info ][safepoint    ] Leaving safepoint region
[15.198s][info ][safepoint    ] Total time for which application threads were stopped: 0.0006654 seconds, Stopping threads took: 0.0000080 seconds
[15.248s][info ][safepoint    ] Application time: 0.0494119 seconds
[15.248s][info ][safepoint    ] Entering safepoint region: Deoptimize
[15.248s][info ][safepoint    ] Leaving safepoint region
[15.248s][info ][safepoint    ] Total time for which application threads were stopped: 0.0006827 seconds, Stopping threads took: 0.0000137 seconds
[15.278s][info ][safepoint    ] Application time: 0.0302762 seconds
[15.279s][info ][safepoint    ] Entering safepoint region: RevokeBias
[15.279s][info ][safepoint    ] Leaving safepoint region
[15.279s][info ][safepoint    ] Total time for which application threads were stopped: 0.0001719 seconds, Stopping threads took: 0.0000144 seconds
[15.334s][info ][safepoint    ] Application time: 0.0554463 seconds
[15.334s][info ][safepoint    ] Entering safepoint region: Deoptimize
[15.335s][info ][safepoint    ] Leaving safepoint region
[15.335s][info ][safepoint    ] Total time for which application threads were stopped: 0.0007839 seconds, Stopping threads took: 0.0000715 seconds
[15.354s][info ][safepoint    ] Application time: 0.0190671 seconds
[15.354s][info ][safepoint    ] Entering safepoint region: RevokeBias
[15.354s][info ][safepoint    ] Leaving safepoint region
[15.354s][info ][safepoint    ] Total time for which application threads were stopped: 0.0001309 seconds, Stopping threads took: 0.0000574 seconds
[15.367s][info ][safepoint    ] Application time: 0.0129084 seconds
[15.367s][info ][safepoint    ] Entering safepoint region: RevokeBias
[15.367s][info ][safepoint    ] Leaving safepoint region
[15.367s][info ][safepoint    ] Total time for which application threads were stopped: 0.0001596 seconds, Stopping threads took: 0.0000817 seconds
[15.367s][info ][safepoint    ] Application time: 0.0001284 seconds
[15.367s][info ][safepoint    ] Entering safepoint region: RevokeBias
[15.368s][info ][safepoint    ] Leaving safepoint region
[15.368s][info ][safepoint    ] Total time for which application threads were stopped: 0.0000897 seconds, Stopping threads took: 0.0000563 seconds
[15.613s][info ][safepoint    ] Application time: 0.2456288 seconds
[15.613s][info ][safepoint    ] Entering safepoint region: ICBufferFull
[15.613s][info ][safepoint    ] Leaving safepoint region
[15.613s][info ][safepoint    ] Total time for which application threads were stopped: 0.0002093 seconds, Stopping threads took: 0.0000528 seconds
[15.818s][info ][safepoint    ] Application time: 0.2045641 seconds
[15.818s][info ][safepoint    ] Entering safepoint region: ICBufferFull
[15.818s][info ][safepoint    ] Leaving safepoint region
[15.818s][info ][safepoint    ] Total time for which application threads were stopped: 0.0002451 seconds, Stopping threads took: 0.0000231 seconds
[15.888s][info ][safepoint    ] Application time: 0.0693699 seconds
[15.888s][info ][safepoint    ] Entering safepoint region: RevokeBias
[15.888s][info ][safepoint    ] Leaving safepoint region
[15.888s][info ][safepoint    ] Total time for which application threads were stopped: 0.0002108 seconds, Stopping threads took: 0.0000608 seconds
[15.920s][info ][safepoint    ] Application time: 0.0323558 seconds
[15.920s][info ][safepoint    ] Entering safepoint region: RevokeBias
[15.920s][info ][safepoint    ] Leaving safepoint region
[15.920s][info ][safepoint    ] Total time for which application threads were stopped: 0.0002114 seconds, Stopping threads took: 0.0000875 seconds
[15.922s][info ][safepoint    ] Application time: 0.0015783 seconds
[15.925s][info ][safepoint    ] Entering safepoint region: CollectForMetadataAllocation
[15.925s][info ][safepoint    ] Leaving safepoint region
[15.925s][info ][safepoint    ] Total time for which application threads were stopped: 0.0031345 seconds, Stopping threads took: 0.0030217 seconds
[15.928s][info ][safepoint    ] Application time: 0.0029272 seconds
[15.928s][info ][safepoint    ] Entering safepoint region: BulkRevokeBias
[15.929s][info ][safepoint    ] Leaving safepoint region
[15.929s][info ][safepoint    ] Total time for which application threads were stopped: 0.0004622 seconds, Stopping threads took: 0.0001615 seconds
[16.046s][info ][safepoint    ] Application time: 0.1172955 seconds
[16.046s][info ][safepoint    ] Entering safepoint region: GenCollectForAllocation
[16.046s][info ][gc,start     ] GC(100) Pause Young (Allocation Failure)
[16.046s][info ][gc,task      ] GC(100) Using 4 workers of 4 for evacuation
[16.142s][debug][gc,ref       ] GC(100) Skipped phase1 of Reference Processing due to unavailable references
[16.142s][debug][gc,ref       ] GC(100) Skipped phase3 of Reference Processing due to unavailable references
[16.142s][debug][gc,age       ] GC(100) Desired survivor size 15400960 bytes, new threshold 1 (max threshold 6)
[16.142s][info ][gc,heap      ] GC(100) ParNew: 249097K->30080K(270976K)
[16.142s][info ][gc,heap      ] GC(100) CMS: 132738K->156885K(602112K)
[16.142s][info ][gc,metaspace ] GC(100) Metaspace: 42719K->42719K(1087488K)
[16.142s][info ][gc           ] GC(100) Pause Young (Allocation Failure) 372M->182M(852M) 95.832ms
[16.142s][info ][gc,cpu       ] GC(100) User=0.30s Sys=0.02s Real=0.10s
[16.142s][info ][safepoint    ] Leaving safepoint region
[16.142s][info ][safepoint    ] Total time for which application threads were stopped: 0.0963656 seconds, Stopping threads took: 0.0002646 seconds
[16.143s][info ][safepoint    ] Application time: 0.0002883 seconds
[16.143s][info ][safepoint    ] Entering safepoint region: CMS_Initial_Mark
[16.143s][info ][gc,start     ] GC(101) Pause Initial Mark
[16.148s][info ][gc           ] GC(101) Pause Initial Mark 184M->184M(852M) 5.559ms
[16.148s][info ][gc,cpu       ] GC(101) User=0.02s Sys=0.00s Real=0.00s
[16.148s][info ][safepoint    ] Leaving safepoint region
[16.148s][info ][safepoint    ] Total time for which application threads were stopped: 0.0058346 seconds, Stopping threads took: 0.0001064 seconds
[16.149s][info ][gc           ] GC(101) Concurrent Mark
[16.163s][info ][safepoint    ] Application time: 0.0147144 seconds
[16.163s][info ][safepoint    ] Entering safepoint region: CollectForMetadataAllocation
[16.163s][info ][safepoint    ] Leaving safepoint region
[16.163s][info ][safepoint    ] Total time for which application threads were stopped: 0.0001845 seconds, Stopping threads took: 0.0000390 seconds
[16.380s][info ][gc           ] GC(101) Concurrent Mark 231.708ms
[16.380s][info ][gc,cpu       ] GC(101) User=0.74s Sys=0.08s Real=0.23s
[16.380s][info ][safepoint    ] Application time: 0.2168854 seconds
[16.380s][info ][safepoint    ] Entering safepoint region: CollectForMetadataAllocation
[16.381s][info ][safepoint    ] Leaving safepoint region
[16.381s][info ][safepoint    ] Total time for which application threads were stopped: 0.0002125 seconds, Stopping threads took: 0.0000188 seconds
[16.381s][info ][gc           ] GC(101) Concurrent Preclean
[16.381s][debug][gc,ref       ] GC(101) Preclean SoftReferences 0.001ms
[16.381s][debug][gc,ref       ] GC(101) Preclean WeakReferences 0.013ms
[16.381s][debug][gc,ref       ] GC(101) Preclean FinalReferences 0.000ms
[16.381s][debug][gc,ref       ] GC(101) Preclean PhantomReferences 0.002ms
[16.384s][info ][gc           ] GC(101) Concurrent Preclean 3.131ms
[16.384s][info ][gc,cpu       ] GC(101) User=0.01s Sys=0.00s Real=0.01s
[16.384s][info ][gc           ] GC(101) Concurrent Abortable Preclean
[16.394s][info ][safepoint    ] Application time: 0.0138231 seconds
[16.394s][info ][safepoint    ] Entering safepoint region: Deoptimize
[16.395s][info ][safepoint    ] Leaving safepoint region
[16.395s][info ][safepoint    ] Total time for which application threads were stopped: 0.0009497 seconds, Stopping threads took: 0.0000162 seconds
[16.404s][info ][safepoint    ] Application time: 0.0084827 seconds
[16.404s][info ][safepoint    ] Entering safepoint region: Deoptimize
[16.405s][info ][safepoint    ] Leaving safepoint region
[16.405s][info ][safepoint    ] Total time for which application threads were stopped: 0.0009061 seconds, Stopping threads took: 0.0000149 seconds
[16.405s][info ][safepoint    ] Application time: 0.0005455 seconds
[16.405s][info ][safepoint    ] Entering safepoint region: CollectForMetadataAllocation
[16.405s][info ][safepoint    ] Leaving safepoint region
[16.405s][info ][safepoint    ] Total time for which application threads were stopped: 0.0000703 seconds, Stopping threads took: 0.0000101 seconds
[16.434s][info ][safepoint    ] Application time: 0.0288779 seconds
[16.434s][info ][safepoint    ] Entering safepoint region: Deoptimize
[16.435s][info ][safepoint    ] Leaving safepoint region
[16.435s][info ][safepoint    ] Total time for which application threads were stopped: 0.0009786 seconds, Stopping threads took: 0.0000153 seconds
[16.578s][info ][safepoint    ] Application time: 0.1428980 seconds
[16.578s][info ][safepoint    ] Entering safepoint region: CollectForMetadataAllocation
[16.578s][info ][safepoint    ] Leaving safepoint region
[16.579s][info ][safepoint    ] Total time for which application threads were stopped: 0.0002458 seconds, Stopping threads took: 0.0000925 seconds
[16.980s][info ][safepoint    ] Application time: 0.4010599 seconds
[16.980s][info ][safepoint    ] Entering safepoint region: ICBufferFull
[16.980s][info ][safepoint    ] Leaving safepoint region
[16.980s][info ][safepoint    ] Total time for which application threads were stopped: 0.0003308 seconds, Stopping threads took: 0.0000732 seconds
[17.423s][info ][safepoint    ] Application time: 0.4426047 seconds
[17.423s][info ][safepoint    ] Entering safepoint region: ICBufferFull
[17.423s][info ][safepoint    ] Leaving safepoint region
[17.423s][info ][safepoint    ] Total time for which application threads were stopped: 0.0002887 seconds, Stopping threads took: 0.0000951 seconds
[18.027s][info ][safepoint    ] Application time: 0.6040474 seconds
[18.027s][info ][safepoint    ] Entering safepoint region: CollectForMetadataAllocation
[18.027s][info ][safepoint    ] Leaving safepoint region
[18.027s][info ][safepoint    ] Total time for which application threads were stopped: 0.0002086 seconds, Stopping threads took: 0.0000151 seconds
[19.027s][info ][safepoint    ] Application time: 1.0001216 seconds
[19.027s][info ][safepoint    ] Entering safepoint region: Cleanup
[19.027s][info ][safepoint    ] Leaving safepoint region
[19.027s][info ][safepoint    ] Total time for which application threads were stopped: 0.0001325 seconds, Stopping threads took: 0.0000165 seconds
[20.028s][info ][safepoint    ] Application time: 1.0001359 seconds
[20.028s][info ][safepoint    ] Entering safepoint region: Cleanup
[20.028s][info ][safepoint    ] Leaving safepoint region
[20.028s][info ][safepoint    ] Total time for which application threads were stopped: 0.0001234 seconds, Stopping threads took: 0.0000207 seconds
[20.632s][info ][safepoint    ] Application time: 0.6045219 seconds
[20.632s][info ][safepoint    ] Entering safepoint region: CollectForMetadataAllocation
[20.632s][info ][safepoint    ] Leaving safepoint region
[20.632s][info ][safepoint    ] Total time for which application threads were stopped: 0.0001756 seconds, Stopping threads took: 0.0000148 seconds
[21.434s][info ][gc           ] GC(101) Concurrent Abortable Preclean 5050.656ms
[21.434s][info ][gc,cpu       ] GC(101) User=10.34s Sys=0.45s Real=5.05s
[21.434s][info ][safepoint    ] Application time: 0.8019637 seconds
[21.435s][info ][safepoint    ] Entering safepoint region: CMS_Final_Remark
[21.435s][info ][gc,start     ] GC(101) Pause Remark
[21.467s][debug][gc,phases    ] GC(101) Rescan (parallel) 32.723ms
[21.467s][debug][gc,ref       ] GC(101) Skipped phase1 of Reference Processing due to unavailable references
[21.467s][debug][gc,ref       ] GC(101) Skipped phase3 of Reference Processing due to unavailable references
[21.467s][debug][gc,phases    ] GC(101) Reference Processing 0.044ms
[21.468s][debug][gc,phases    ] GC(101) Weak Processing 0.106ms
[21.469s][debug][gc,phases    ] GC(101) ClassLoaderData 0.935ms
[21.469s][debug][gc,phases    ] GC(101) Dictionary 0.019ms
[21.469s][debug][gc,phases    ] GC(101) ProtectionDomainCacheTable 0.003ms
[21.469s][debug][gc,phases    ] GC(101) ResolvedMethodTable 0.130ms
[21.491s][debug][gc,phases    ] GC(101) Class Unloading 22.949ms
[21.495s][debug][gc,phases    ] GC(101) Scrub Symbol Table 4.173ms
[21.495s][debug][gc,phases    ] GC(101) Scrub String Table 0.333ms
[21.496s][info ][gc           ] GC(101) Pause Remark 297M->297M(852M) 61.210ms
[21.496s][info ][gc,cpu       ] GC(101) User=0.21s Sys=0.01s Real=0.06s
[21.496s][info ][safepoint    ] Leaving safepoint region
[21.496s][info ][safepoint    ] Total time for which application threads were stopped: 0.0614548 seconds, Stopping threads took: 0.0000656 seconds
[21.496s][info ][gc           ] GC(101) Concurrent Sweep
[21.577s][info ][gc           ] GC(101) Concurrent Sweep 80.973ms
[21.577s][info ][gc,cpu       ] GC(101) User=0.15s Sys=0.00s Real=0.08s
[21.577s][info ][gc           ] GC(101) Concurrent Reset
[21.588s][info ][gc           ] GC(101) Concurrent Reset 11.075ms
[21.588s][info ][gc,cpu       ] GC(101) User=0.01s Sys=0.01s Real=0.01s
[21.588s][info ][gc,heap      ] GC(101) Old: 156885K->141573K(602112K)
[22.132s][info ][safepoint    ] Application time: 0.6357150 seconds
[22.132s][info ][safepoint    ] Entering safepoint region: RevokeBias
[22.132s][info ][safepoint    ] Leaving safepoint region
[22.132s][info ][safepoint    ] Total time for which application threads were stopped: 0.0003357 seconds, Stopping threads took: 0.0000135 seconds
[22.139s][info ][safepoint    ] Application time: 0.0066947 seconds
[22.139s][info ][safepoint    ] Entering safepoint region: RevokeBias
[22.139s][info ][safepoint    ] Leaving safepoint region
[22.139s][info ][safepoint    ] Total time for which application threads were stopped: 0.0000786 seconds, Stopping threads took: 0.0000126 seconds
[22.139s][info ][safepoint    ] Application time: 0.0004028 seconds
[22.139s][info ][safepoint    ] Entering safepoint region: RevokeBias
[22.139s][info ][safepoint    ] Leaving safepoint region
[22.139s][info ][safepoint    ] Total time for which application threads were stopped: 0.0000386 seconds, Stopping threads took: 0.0000082 seconds
[22.180s][info ][safepoint    ] Application time: 0.0408216 seconds
[22.180s][info ][safepoint    ] Entering safepoint region: Deoptimize
[22.181s][info ][safepoint    ] Leaving safepoint region
[22.181s][info ][safepoint    ] Total time for which application threads were stopped: 0.0010442 seconds, Stopping threads took: 0.0000143 seconds
[22.184s][info ][safepoint    ] Application time: 0.0024060 seconds
[22.184s][info ][safepoint    ] Entering safepoint region: RevokeBias
[22.184s][info ][safepoint    ] Leaving safepoint region
[22.184s][info ][safepoint    ] Total time for which application threads were stopped: 0.0000585 seconds, Stopping threads took: 0.0000104 seconds
[22.202s][info ][safepoint    ] Application time: 0.0184833 seconds
[22.202s][info ][safepoint    ] Entering safepoint region: RevokeBias
[22.203s][info ][safepoint    ] Leaving safepoint region
[22.203s][info ][safepoint    ] Total time for which application threads were stopped: 0.0001307 seconds, Stopping threads took: 0.0000343 seconds
[22.487s][info ][safepoint    ] Application time: 0.2849020 seconds
[22.487s][info ][safepoint    ] Entering safepoint region: RevokeBias
[22.488s][info ][safepoint    ] Leaving safepoint region
[22.488s][info ][safepoint    ] Total time for which application threads were stopped: 0.0001586 seconds, Stopping threads took: 0.0000134 seconds
[22.489s][info ][safepoint    ] Application time: 0.0014998 seconds
[22.489s][info ][safepoint    ] Entering safepoint region: RevokeBias
[22.489s][info ][safepoint    ] Leaving safepoint region
[22.489s][info ][safepoint    ] Total time for which application threads were stopped: 0.0001474 seconds, Stopping threads took: 0.0000687 seconds
[22.502s][info ][safepoint    ] Application time: 0.0128713 seconds
[22.502s][info ][safepoint    ] Entering safepoint region: RevokeBias
[22.502s][info ][safepoint    ] Leaving safepoint region
[22.502s][info ][safepoint    ] Total time for which application threads were stopped: 0.0001496 seconds, Stopping threads took: 0.0000671 seconds
[22.503s][info ][safepoint    ] Application time: 0.0003598 seconds
[22.503s][info ][safepoint    ] Entering safepoint region: RevokeBias
[22.503s][info ][safepoint    ] Leaving safepoint region
[22.503s][info ][safepoint    ] Total time for which application threads were stopped: 0.0000796 seconds, Stopping threads took: 0.0000378 seconds
[22.512s][info ][safepoint    ] Application time: 0.0088873 seconds
[22.512s][info ][safepoint    ] Entering safepoint region: Deoptimize
[22.513s][info ][safepoint    ] Leaving safepoint region
[22.513s][info ][safepoint    ] Total time for which application threads were stopped: 0.0010539 seconds, Stopping threads took: 0.0000178 seconds
[22.514s][info ][safepoint    ] Application time: 0.0008370 seconds
[22.514s][info ][safepoint    ] Entering safepoint region: RevokeBias
[22.514s][info ][safepoint    ] Leaving safepoint region
[22.514s][info ][safepoint    ] Total time for which application threads were stopped: 0.0000730 seconds, Stopping threads took: 0.0000157 seconds
[22.514s][info ][safepoint    ] Application time: 0.0000479 seconds
[22.514s][info ][safepoint    ] Entering safepoint region: RevokeBias
[22.514s][info ][safepoint    ] Leaving safepoint region
[22.514s][info ][safepoint    ] Total time for which application threads were stopped: 0.0000318 seconds, Stopping threads took: 0.0000066 seconds
[22.514s][info ][safepoint    ] Application time: 0.0000648 seconds
[22.514s][info ][safepoint    ] Entering safepoint region: RevokeBias
[22.514s][info ][safepoint    ] Leaving safepoint region
[22.514s][info ][safepoint    ] Total time for which application threads were stopped: 0.0000510 seconds, Stopping threads took: 0.0000137 seconds
[22.514s][info ][safepoint    ] Application time: 0.0000465 seconds
[22.514s][info ][safepoint    ] Entering safepoint region: RevokeBias
[22.514s][info ][safepoint    ] Leaving safepoint region
[22.514s][info ][safepoint    ] Total time for which application threads were stopped: 0.0000311 seconds, Stopping threads took: 0.0000070 seconds
[22.520s][info ][safepoint    ] Application time: 0.0054842 seconds
[22.520s][info ][safepoint    ] Entering safepoint region: RevokeBias
[22.520s][info ][safepoint    ] Leaving safepoint region
[22.520s][info ][safepoint    ] Total time for which application threads were stopped: 0.0000952 seconds, Stopping threads took: 0.0000485 seconds
[22.524s][info ][safepoint    ] Application time: 0.0041621 seconds
[22.524s][info ][safepoint    ] Entering safepoint region: RevokeBias
[22.524s][info ][safepoint    ] Leaving safepoint region
[22.524s][info ][safepoint    ] Total time for which application threads were stopped: 0.0003969 seconds, Stopping threads took: 0.0003326 seconds
[22.526s][info ][safepoint    ] Application time: 0.0013802 seconds
[22.526s][info ][safepoint    ] Entering safepoint region: RevokeBias
[22.526s][info ][safepoint    ] Leaving safepoint region
[22.526s][info ][safepoint    ] Total time for which application threads were stopped: 0.0001440 seconds, Stopping threads took: 0.0000615 seconds
[22.546s][info ][safepoint    ] Application time: 0.0206563 seconds
[22.546s][info ][safepoint    ] Entering safepoint region: RevokeBias
[22.547s][info ][safepoint    ] Leaving safepoint region
[22.547s][info ][safepoint    ] Total time for which application threads were stopped: 0.0000955 seconds, Stopping threads took: 0.0000140 seconds
[22.547s][info ][safepoint    ] Application time: 0.0000773 seconds
[22.547s][info ][safepoint    ] Entering safepoint region: RevokeBias
[22.547s][info ][safepoint    ] Leaving safepoint region
[22.547s][info ][safepoint    ] Total time for which application threads were stopped: 0.0000440 seconds, Stopping threads took: 0.0000191 seconds
[22.591s][info ][safepoint    ] Application time: 0.0445384 seconds
[22.591s][info ][safepoint    ] Entering safepoint region: Deoptimize
[22.592s][info ][safepoint    ] Leaving safepoint region
[22.592s][info ][safepoint    ] Total time for which application threads were stopped: 0.0011604 seconds, Stopping threads took: 0.0000161 seconds
[22.629s][info ][safepoint    ] Application time: 0.0365446 seconds
[22.629s][info ][safepoint    ] Entering safepoint region: Deoptimize
[22.630s][info ][safepoint    ] Leaving safepoint region
[22.630s][info ][safepoint    ] Total time for which application threads were stopped: 0.0011416 seconds, Stopping threads took: 0.0000313 seconds
[22.738s][info ][safepoint    ] Application time: 0.1078655 seconds
[22.738s][info ][safepoint    ] Entering safepoint region: RevokeBias
[22.738s][info ][safepoint    ] Leaving safepoint region
[22.738s][info ][safepoint    ] Total time for which application threads were stopped: 0.0001843 seconds, Stopping threads took: 0.0000541 seconds
[22.762s][info ][safepoint    ] Application time: 0.0233611 seconds
[22.762s][info ][safepoint    ] Entering safepoint region: Deoptimize
[22.763s][info ][safepoint    ] Leaving safepoint region
[22.763s][info ][safepoint    ] Total time for which application threads were stopped: 0.0011571 seconds, Stopping threads took: 0.0000174 seconds
[22.763s][info ][safepoint    ] Application time: 0.0004897 seconds
[22.763s][info ][safepoint    ] Entering safepoint region: Deoptimize
[22.764s][info ][safepoint    ] Leaving safepoint region
[22.764s][info ][safepoint    ] Total time for which application threads were stopped: 0.0007134 seconds, Stopping threads took: 0.0000190 seconds
[22.766s][info ][safepoint    ] Application time: 0.0023068 seconds
[22.766s][info ][safepoint    ] Entering safepoint region: RevokeBias
[22.766s][info ][safepoint    ] Leaving safepoint region
[22.766s][info ][safepoint    ] Total time for which application threads were stopped: 0.0000796 seconds, Stopping threads took: 0.0000174 seconds
[22.767s][info ][safepoint    ] Application time: 0.0003903 seconds
[22.767s][info ][safepoint    ] Entering safepoint region: Deoptimize
[22.767s][info ][safepoint    ] Leaving safepoint region
[22.768s][info ][safepoint    ] Total time for which application threads were stopped: 0.0007132 seconds, Stopping threads took: 0.0000106 seconds
[22.772s][info ][safepoint    ] Application time: 0.0044548 seconds
[22.772s][info ][safepoint    ] Entering safepoint region: RevokeBias
[22.772s][info ][safepoint    ] Leaving safepoint region
[22.772s][info ][safepoint    ] Total time for which application threads were stopped: 0.0001301 seconds, Stopping threads took: 0.0000473 seconds
[22.776s][info ][safepoint    ] Application time: 0.0039532 seconds
[22.776s][info ][safepoint    ] Entering safepoint region: RevokeBias
[22.776s][info ][safepoint    ] Leaving safepoint region
[22.776s][info ][safepoint    ] Total time for which application threads were stopped: 0.0001547 seconds, Stopping threads took: 0.0000897 seconds
[22.784s][info ][safepoint    ] Application time: 0.0080926 seconds
[22.784s][info ][safepoint    ] Entering safepoint region: Deoptimize
[22.786s][info ][safepoint    ] Leaving safepoint region
[22.786s][info ][safepoint    ] Total time for which application threads were stopped: 0.0012476 seconds, Stopping threads took: 0.0000899 seconds
[22.835s][info ][safepoint    ] Application time: 0.0496332 seconds
[22.835s][info ][safepoint    ] Entering safepoint region: RevokeBias
[22.836s][info ][safepoint    ] Leaving safepoint region
[22.836s][info ][safepoint    ] Total time for which application threads were stopped: 0.0002280 seconds, Stopping threads took: 0.0000878 seconds
[22.836s][info ][safepoint    ] Application time: 0.0001493 seconds
[22.836s][info ][safepoint    ] Entering safepoint region: RevokeBias
[22.836s][info ][safepoint    ] Leaving safepoint region
[22.836s][info ][safepoint    ] Total time for which application threads were stopped: 0.0001412 seconds, Stopping threads took: 0.0001019 seconds
[22.842s][info ][safepoint    ] Application time: 0.0062373 seconds
[22.842s][info ][safepoint    ] Entering safepoint region: RevokeBias
[22.843s][info ][safepoint    ] Leaving safepoint region
[22.843s][info ][safepoint    ] Total time for which application threads were stopped: 0.0004834 seconds, Stopping threads took: 0.0003290 seconds
[22.843s][info ][safepoint    ] Application time: 0.0001245 seconds
[22.843s][info ][safepoint    ] Entering safepoint region: RevokeBias
[22.843s][info ][safepoint    ] Leaving safepoint region
[22.843s][info ][safepoint    ] Total time for which application threads were stopped: 0.0000983 seconds, Stopping threads took: 0.0000361 seconds
[22.843s][info ][safepoint    ] Application time: 0.0001232 seconds
[22.843s][info ][safepoint    ] Entering safepoint region: RevokeBias
[22.843s][info ][safepoint    ] Leaving safepoint region
[22.843s][info ][safepoint    ] Total time for which application threads were stopped: 0.0000512 seconds, Stopping threads took: 0.0000139 seconds
[22.843s][info ][safepoint    ] Application time: 0.0001143 seconds
[22.843s][info ][safepoint    ] Entering safepoint region: RevokeBias
[22.843s][info ][safepoint    ] Leaving safepoint region
[22.843s][info ][safepoint    ] Total time for which application threads were stopped: 0.0000865 seconds, Stopping threads took: 0.0000456 seconds
[22.843s][info ][safepoint    ] Application time: 0.0001563 seconds
[22.843s][info ][safepoint    ] Entering safepoint region: RevokeBias
[22.844s][info ][safepoint    ] Leaving safepoint region
[22.844s][info ][safepoint    ] Total time for which application threads were stopped: 0.0000727 seconds, Stopping threads took: 0.0000328 seconds
[22.844s][info ][safepoint    ] Application time: 0.0000453 seconds
[22.844s][info ][safepoint    ] Entering safepoint region: RevokeBias
[22.844s][info ][safepoint    ] Leaving safepoint region
[22.844s][info ][safepoint    ] Total time for which application threads were stopped: 0.0000579 seconds, Stopping threads took: 0.0000332 seconds
[22.844s][info ][safepoint    ] Application time: 0.0000793 seconds
[22.844s][info ][safepoint    ] Entering safepoint region: RevokeBias
[22.844s][info ][safepoint    ] Leaving safepoint region
[22.844s][info ][safepoint    ] Total time for which application threads were stopped: 0.0000527 seconds, Stopping threads took: 0.0000210 seconds
[22.844s][info ][safepoint    ] Application time: 0.0001490 seconds
[22.844s][info ][safepoint    ] Entering safepoint region: RevokeBias
[22.844s][info ][safepoint    ] Leaving safepoint region
[22.844s][info ][safepoint    ] Total time for which application threads were stopped: 0.0001274 seconds, Stopping threads took: 0.0000917 seconds
[22.844s][info ][safepoint    ] Application time: 0.0003601 seconds
[22.845s][info ][safepoint    ] Entering safepoint region: RevokeBias
[22.845s][info ][safepoint    ] Leaving safepoint region
[22.845s][info ][safepoint    ] Total time for which application threads were stopped: 0.0000930 seconds, Stopping threads took: 0.0000597 seconds
[22.845s][info ][safepoint    ] Application time: 0.0001120 seconds
[22.845s][info ][safepoint    ] Entering safepoint region: RevokeBias
[22.845s][info ][safepoint    ] Leaving safepoint region
[22.845s][info ][safepoint    ] Total time for which application threads were stopped: 0.0000508 seconds, Stopping threads took: 0.0000190 seconds
[22.871s][info ][safepoint    ] Application time: 0.0262171 seconds
[22.871s][info ][safepoint    ] Entering safepoint region: RevokeBias
[22.871s][info ][safepoint    ] Leaving safepoint region
[22.871s][info ][safepoint    ] Total time for which application threads were stopped: 0.0002067 seconds, Stopping threads took: 0.0000660 seconds
[23.044s][info ][safepoint    ] Application time: 0.1732468 seconds
[23.045s][info ][safepoint    ] Entering safepoint region: Deoptimize
[23.046s][info ][safepoint    ] Leaving safepoint region
[23.046s][info ][safepoint    ] Total time for which application threads were stopped: 0.0013046 seconds, Stopping threads took: 0.0000681 seconds
[23.048s][info ][safepoint    ] Application time: 0.0018267 seconds
[23.048s][info ][safepoint    ] Entering safepoint region: RevokeBias
[23.048s][info ][safepoint    ] Leaving safepoint region
[23.048s][info ][safepoint    ] Total time for which application threads were stopped: 0.0001471 seconds, Stopping threads took: 0.0000718 seconds
[23.050s][info ][safepoint    ] Application time: 0.0021122 seconds
[23.050s][info ][safepoint    ] Entering safepoint region: RevokeBias
[23.050s][info ][safepoint    ] Leaving safepoint region
[23.050s][info ][safepoint    ] Total time for which application threads were stopped: 0.0001544 seconds, Stopping threads took: 0.0000930 seconds
[23.118s][info ][safepoint    ] Application time: 0.0675738 seconds
[23.118s][info ][safepoint    ] Entering safepoint region: RevokeBias
[23.118s][info ][safepoint    ] Leaving safepoint region
[23.118s][info ][safepoint    ] Total time for which application threads were stopped: 0.0003649 seconds, Stopping threads took: 0.0001524 seconds
[23.139s][info ][safepoint    ] Application time: 0.0210523 seconds
[23.143s][info ][safepoint    ] Entering safepoint region: RevokeBias
[23.144s][info ][safepoint    ] Leaving safepoint region
[23.144s][info ][safepoint    ] Total time for which application threads were stopped: 0.0045254 seconds, Stopping threads took: 0.0042955 seconds
[23.206s][info ][safepoint    ] Application time: 0.0623231 seconds
[23.206s][info ][safepoint    ] Entering safepoint region: ICBufferFull
[23.206s][info ][safepoint    ] Leaving safepoint region
[23.206s][info ][safepoint    ] Total time for which application threads were stopped: 0.0002660 seconds, Stopping threads took: 0.0000710 seconds
[23.223s][info ][safepoint    ] Application time: 0.0169427 seconds
[23.223s][info ][safepoint    ] Entering safepoint region: Deoptimize
[23.225s][info ][safepoint    ] Leaving safepoint region
[23.225s][info ][safepoint    ] Total time for which application threads were stopped: 0.0013362 seconds, Stopping threads took: 0.0000412 seconds
[23.254s][info ][safepoint    ] Application time: 0.0293625 seconds
[23.254s][info ][safepoint    ] Entering safepoint region: GenCollectForAllocation
[23.255s][info ][safepoint    ] Leaving safepoint region
[23.255s][info ][safepoint    ] Total time for which application threads were stopped: 0.0007022 seconds, Stopping threads took: 0.0000518 seconds
[23.255s][info ][safepoint    ] Application time: 0.0001087 seconds
[23.260s][info ][safepoint    ] Entering safepoint region: GenCollectFull
[23.260s][info ][gc,start     ] GC(102) Pause Young (GCLocker Initiated GC)
[23.260s][info ][gc,task      ] GC(102) Using 4 workers of 4 for evacuation
[23.289s][debug][gc,ref       ] GC(102) Skipped phase1 of Reference Processing due to unavailable references
[23.289s][debug][gc,age       ] GC(102) Desired survivor size 15400960 bytes, new threshold 6 (max threshold 6)
[23.289s][info ][gc,heap      ] GC(102) ParNew: 258867K->30018K(270976K)
[23.289s][info ][gc,heap      ] GC(102) CMS: 157957K->180617K(602112K)
[23.289s][info ][gc,metaspace ] GC(102) Metaspace: 52136K->52136K(1097728K)
[23.289s][info ][gc           ] GC(102) Pause Young (GCLocker Initiated GC) 407M->205M(852M) 28.984ms
[23.289s][info ][gc,cpu       ] GC(102) User=0.12s Sys=0.00s Real=0.03s
[23.289s][info ][safepoint    ] Leaving safepoint region
[23.289s][info ][safepoint    ] Total time for which application threads were stopped: 0.0343779 seconds, Stopping threads took: 0.0052524 seconds
[23.392s][info ][safepoint    ] Application time: 0.1022965 seconds
[23.392s][info ][safepoint    ] Entering safepoint region: Deoptimize
[23.393s][info ][safepoint    ] Leaving safepoint region
[23.393s][info ][safepoint    ] Total time for which application threads were stopped: 0.0014002 seconds, Stopping threads took: 0.0000641 seconds
[23.656s][info ][safepoint    ] Application time: 0.2628107 seconds
[23.656s][info ][safepoint    ] Entering safepoint region: ICBufferFull
[23.656s][info ][safepoint    ] Leaving safepoint region
[23.656s][info ][safepoint    ] Total time for which application threads were stopped: 0.0002668 seconds, Stopping threads took: 0.0000667 seconds
[24.029s][info ][safepoint    ] Application time: 0.3726147 seconds
[24.029s][info ][safepoint    ] Entering safepoint region: GenCollectForAllocation
[24.029s][info ][gc,start     ] GC(103) Pause Young (Allocation Failure)
[24.029s][info ][gc,task      ] GC(103) Using 4 workers of 4 for evacuation
[24.039s][debug][gc,ref       ] GC(103) Skipped phase1 of Reference Processing due to unavailable references
[24.039s][debug][gc,ref       ] GC(103) Skipped phase3 of Reference Processing due to unavailable references
[24.039s][debug][gc,age       ] GC(103) Desired survivor size 15400960 bytes, new threshold 1 (max threshold 6)
[24.040s][info ][gc,heap      ] GC(103) ParNew: 270914K->30080K(270976K)
[24.040s][info ][gc,heap      ] GC(103) CMS: 180617K->181042K(602112K)
[24.040s][info ][gc,metaspace ] GC(103) Metaspace: 52736K->52736K(1097728K)
[24.040s][info ][gc           ] GC(103) Pause Young (Allocation Failure) 440M->206M(852M) 10.613ms
[24.040s][info ][gc,cpu       ] GC(103) User=0.04s Sys=0.00s Real=0.01s
[24.040s][info ][safepoint    ] Leaving safepoint region
[24.040s][info ][safepoint    ] Total time for which application threads were stopped: 0.0108435 seconds, Stopping threads took: 0.0000157 seconds
[25.040s][info ][safepoint    ] Application time: 1.0004164 seconds
[25.040s][info ][safepoint    ] Entering safepoint region: Cleanup
[25.040s][info ][safepoint    ] Leaving safepoint region
[25.040s][info ][safepoint    ] Total time for which application threads were stopped: 0.0002127 seconds, Stopping threads took: 0.0000712 seconds
[25.680s][info ][safepoint    ] Application time: 0.6398842 seconds
[25.680s][info ][safepoint    ] Entering safepoint region: GenCollectForAllocation
[25.680s][info ][gc,start     ] GC(104) Pause Young (Allocation Failure)
[25.680s][info ][gc,task      ] GC(104) Using 4 workers of 4 for evacuation
[25.698s][debug][gc,ref       ] GC(104) Skipped phase1 of Reference Processing due to unavailable references
[25.698s][debug][gc,ref       ] GC(104) Skipped phase2 of Reference Processing due to unavailable references
[25.698s][debug][gc,ref       ] GC(104) Skipped phase3 of Reference Processing due to unavailable references
[25.698s][debug][gc,age       ] GC(104) Desired survivor size 15400960 bytes, new threshold 6 (max threshold 6)
[25.698s][info ][gc,heap      ] GC(104) ParNew: 270976K->10668K(270976K)
[25.698s][info ][gc,heap      ] GC(104) CMS: 181042K->208034K(602112K)
[25.698s][info ][gc,metaspace ] GC(104) Metaspace: 52979K->52979K(1097728K)
[25.698s][info ][gc           ] GC(104) Pause Young (Allocation Failure) 441M->213M(852M) 17.796ms
[25.698s][info ][gc,cpu       ] GC(104) User=0.07s Sys=0.00s Real=0.02s
[25.698s][info ][safepoint    ] Leaving safepoint region
[25.698s][info ][safepoint    ] Total time for which application threads were stopped: 0.0180188 seconds, Stopping threads took: 0.0000168 seconds
[26.389s][info ][safepoint    ] Application time: 0.6903820 seconds
[26.389s][info ][safepoint    ] Entering safepoint region: RevokeBias
[26.389s][info ][safepoint    ] Leaving safepoint region
[26.389s][info ][safepoint    ] Total time for which application threads were stopped: 0.0001066 seconds, Stopping threads took: 0.0000183 seconds
[27.389s][info ][safepoint    ] Application time: 1.0000551 seconds
[27.389s][info ][safepoint    ] Entering safepoint region: Cleanup
[27.389s][info ][safepoint    ] Leaving safepoint region
[27.389s][info ][safepoint    ] Total time for which application threads were stopped: 0.0001284 seconds, Stopping threads took: 0.0000175 seconds
[27.570s][info ][safepoint    ] Application time: 0.1805800 seconds
[27.570s][info ][safepoint    ] Entering safepoint region: GenCollectForAllocation
[27.570s][info ][gc,start     ] GC(105) Pause Young (Allocation Failure)
[27.570s][info ][gc,task      ] GC(105) Using 4 workers of 4 for evacuation
[27.574s][debug][gc,ref       ] GC(105) Skipped phase1 of Reference Processing due to unavailable references
[27.574s][debug][gc,ref       ] GC(105) Skipped phase3 of Reference Processing due to unavailable references
[27.575s][debug][gc,age       ] GC(105) Desired survivor size 15400960 bytes, new threshold 6 (max threshold 6)
[27.575s][info ][gc,heap      ] GC(105) ParNew: 251564K->7268K(270976K)
[27.575s][info ][gc,heap      ] GC(105) CMS: 208034K->208034K(602112K)
[27.575s][info ][gc,metaspace ] GC(105) Metaspace: 53132K->53132K(1097728K)
[27.575s][info ][gc           ] GC(105) Pause Young (Allocation Failure) 448M->210M(852M) 4.790ms
[27.575s][info ][gc,cpu       ] GC(105) User=0.02s Sys=0.00s Real=0.00s
[27.575s][info ][safepoint    ] Leaving safepoint region
[27.575s][info ][safepoint    ] Total time for which application threads were stopped: 0.0051084 seconds, Stopping threads took: 0.0001075 seconds
[27.969s][info ][safepoint    ] Application time: 0.3947969 seconds
[27.970s][info ][safepoint    ] Entering safepoint region: ICBufferFull
[27.970s][info ][safepoint    ] Leaving safepoint region
[27.970s][info ][safepoint    ] Total time for which application threads were stopped: 0.0002101 seconds, Stopping threads took: 0.0000270 seconds
[28.430s][info ][safepoint    ] Application time: 0.4600073 seconds
[28.430s][info ][safepoint    ] Entering safepoint region: ICBufferFull
[28.430s][info ][safepoint    ] Leaving safepoint region
[28.430s][info ][safepoint    ] Total time for which application threads were stopped: 0.0001756 seconds, Stopping threads took: 0.0000164 seconds
[29.430s][info ][safepoint    ] Application time: 1.0001254 seconds
[29.430s][info ][safepoint    ] Entering safepoint region: Cleanup
[29.430s][info ][safepoint    ] Leaving safepoint region
[29.430s][info ][safepoint    ] Total time for which application threads were stopped: 0.0001523 seconds, Stopping threads took: 0.0000157 seconds
[29.922s][info ][safepoint    ] Application time: 0.4912910 seconds
[29.922s][info ][safepoint    ] Entering safepoint region: ICBufferFull
[29.922s][info ][safepoint    ] Leaving safepoint region
[29.922s][info ][safepoint    ] Total time for which application threads were stopped: 0.0001656 seconds, Stopping threads took: 0.0000187 seconds
[30.575s][info ][safepoint    ] Application time: 0.6532268 seconds
[30.575s][info ][safepoint    ] Entering safepoint region: ICBufferFull
[30.575s][info ][safepoint    ] Leaving safepoint region
[30.575s][info ][safepoint    ] Total time for which application threads were stopped: 0.0002891 seconds, Stopping threads took: 0.0000954 seconds
[31.570s][info ][safepoint    ] Application time: 0.9949803 seconds
[31.570s][info ][safepoint    ] Entering safepoint region: ICBufferFull
[31.571s][info ][safepoint    ] Leaving safepoint region
[31.571s][info ][safepoint    ] Total time for which application threads were stopped: 0.0002907 seconds, Stopping threads took: 0.0000402 seconds
[32.571s][info ][safepoint    ] Application time: 1.0000996 seconds
[32.571s][info ][safepoint    ] Entering safepoint region: Cleanup
[32.571s][info ][safepoint    ] Leaving safepoint region
[32.571s][info ][safepoint    ] Total time for which application threads were stopped: 0.0001941 seconds, Stopping threads took: 0.0000411 seconds
[32.630s][info ][safepoint    ] Application time: 0.0590472 seconds
[32.630s][info ][safepoint    ] Entering safepoint region: ICBufferFull
[32.630s][info ][safepoint    ] Leaving safepoint region
[32.630s][info ][safepoint    ] Total time for which application threads were stopped: 0.0002260 seconds, Stopping threads took: 0.0000156 seconds
[32.768s][info ][safepoint    ] Application time: 0.1377377 seconds
[32.768s][info ][safepoint    ] Entering safepoint region: RevokeBias
[32.768s][info ][safepoint    ] Leaving safepoint region
[32.768s][info ][safepoint    ] Total time for which application threads were stopped: 0.0003350 seconds, Stopping threads took: 0.0000888 seconds
[32.769s][info ][safepoint    ] Application time: 0.0002384 seconds
[32.769s][info ][safepoint    ] Entering safepoint region: RevokeBias
[32.769s][info ][safepoint    ] Leaving safepoint region
[32.769s][info ][safepoint    ] Total time for which application threads were stopped: 0.0000489 seconds, Stopping threads took: 0.0000083 seconds
[33.524s][info ][safepoint    ] Application time: 0.7548165 seconds
[33.524s][info ][safepoint    ] Entering safepoint region: GenCollectForAllocation
[33.524s][info ][gc,start     ] GC(106) Pause Young (Allocation Failure)
[33.524s][info ][gc,task      ] GC(106) Using 4 workers of 4 for evacuation
[33.527s][debug][gc,ref       ] GC(106) Skipped phase1 of Reference Processing due to unavailable references
[33.527s][debug][gc,ref       ] GC(106) Skipped phase3 of Reference Processing due to unavailable references
[33.528s][debug][gc,age       ] GC(106) Desired survivor size 15400960 bytes, new threshold 6 (max threshold 6)
[33.528s][info ][gc,heap      ] GC(106) ParNew: 248164K->6880K(270976K)
[33.528s][info ][gc,heap      ] GC(106) CMS: 208034K->208034K(602112K)
[33.528s][info ][gc,metaspace ] GC(106) Metaspace: 53568K->53568K(1097728K)
[33.528s][info ][gc           ] GC(106) Pause Young (Allocation Failure) 445M->209M(852M) 3.858ms
[33.528s][info ][gc,cpu       ] GC(106) User=0.01s Sys=0.00s Real=0.00s
[33.528s][info ][safepoint    ] Leaving safepoint region
[33.528s][info ][safepoint    ] Total time for which application threads were stopped: 0.0040592 seconds, Stopping threads took: 0.0000154 seconds
[34.528s][info ][safepoint    ] Application time: 1.0000988 seconds
[34.528s][info ][safepoint    ] Entering safepoint region: Cleanup
[34.528s][info ][safepoint    ] Leaving safepoint region
[34.528s][info ][safepoint    ] Total time for which application threads were stopped: 0.0001547 seconds, Stopping threads took: 0.0000336 seconds
[35.528s][info ][safepoint    ] Application time: 1.0000967 seconds
[35.528s][info ][safepoint    ] Entering safepoint region: Cleanup
[35.528s][info ][safepoint    ] Leaving safepoint region
[35.528s][info ][safepoint    ] Total time for which application threads were stopped: 0.0001372 seconds, Stopping threads took: 0.0000315 seconds
[36.528s][info ][safepoint    ] Application time: 1.0000484 seconds
[36.528s][info ][safepoint    ] Entering safepoint region: Cleanup
[36.528s][info ][safepoint    ] Leaving safepoint region
[36.528s][info ][safepoint    ] Total time for which application threads were stopped: 0.0001169 seconds, Stopping threads took: 0.0000153 seconds
[37.529s][info ][safepoint    ] Application time: 1.0001223 seconds
[37.529s][info ][safepoint    ] Entering safepoint region: Cleanup
[37.529s][info ][safepoint    ] Leaving safepoint region
[37.529s][info ][safepoint    ] Total time for which application threads were stopped: 0.0001122 seconds, Stopping threads took: 0.0000166 seconds
[38.529s][info ][safepoint    ] Application time: 1.0000931 seconds
[38.529s][info ][safepoint    ] Entering safepoint region: Cleanup
[38.529s][info ][safepoint    ] Leaving safepoint region
[38.529s][info ][safepoint    ] Total time for which application threads were stopped: 0.0000951 seconds, Stopping threads took: 0.0000162 seconds
[39.529s][info ][safepoint    ] Application time: 1.0000947 seconds
[39.529s][info ][safepoint    ] Entering safepoint region: Cleanup
[39.529s][info ][safepoint    ] Leaving safepoint region
[39.529s][info ][safepoint    ] Total time for which application threads were stopped: 0.0001360 seconds, Stopping threads took: 0.0000146 seconds
[40.374s][info ][safepoint    ] Application time: 0.8445416 seconds
[40.374s][info ][safepoint    ] Entering safepoint region: GenCollectForAllocation
[40.374s][info ][gc,start     ] GC(107) Pause Young (Allocation Failure)
[40.374s][info ][gc,task      ] GC(107) Using 4 workers of 4 for evacuation
[40.377s][debug][gc,ref       ] GC(107) Skipped phase1 of Reference Processing due to unavailable references
[40.377s][debug][gc,ref       ] GC(107) Skipped phase3 of Reference Processing due to unavailable references
[40.377s][debug][gc,ref       ] GC(107) Skipped phase4 of Reference Processing due to unavailable references
[40.377s][debug][gc,age       ] GC(107) Desired survivor size 15400960 bytes, new threshold 6 (max threshold 6)
[40.377s][info ][gc,heap      ] GC(107) ParNew: 247776K->6404K(270976K)
[40.377s][info ][gc,heap      ] GC(107) CMS: 208034K->208034K(602112K)
[40.377s][info ][gc,metaspace ] GC(107) Metaspace: 53652K->53652K(1097728K)
[40.377s][info ][gc           ] GC(107) Pause Young (Allocation Failure) 445M->209M(852M) 3.580ms
[40.377s][info ][gc,cpu       ] GC(107) User=0.01s Sys=0.00s Real=0.00s
[40.377s][info ][safepoint    ] Leaving safepoint region
[40.378s][info ][safepoint    ] Total time for which application threads were stopped: 0.0037713 seconds, Stopping threads took: 0.0000161 seconds
[41.378s][info ][safepoint    ] Application time: 1.0001239 seconds
[41.378s][info ][safepoint    ] Entering safepoint region: Cleanup
[41.378s][info ][safepoint    ] Leaving safepoint region
[41.378s][info ][safepoint    ] Total time for which application threads were stopped: 0.0001173 seconds, Stopping threads took: 0.0000157 seconds
[42.378s][info ][safepoint    ] Application time: 1.0000931 seconds
[42.378s][info ][safepoint    ] Entering safepoint region: Cleanup
[42.378s][info ][safepoint    ] Leaving safepoint region
[42.378s][info ][safepoint    ] Total time for which application threads were stopped: 0.0001377 seconds, Stopping threads took: 0.0000155 seconds
[43.378s][info ][safepoint    ] Application time: 1.0001147 seconds
[43.378s][info ][safepoint    ] Entering safepoint region: Cleanup
[43.378s][info ][safepoint    ] Leaving safepoint region
[43.378s][info ][safepoint    ] Total time for which application threads were stopped: 0.0001132 seconds, Stopping threads took: 0.0000154 seconds
[44.378s][info ][safepoint    ] Application time: 1.0000912 seconds
[44.378s][info ][safepoint    ] Entering safepoint region: Cleanup
[44.379s][info ][safepoint    ] Leaving safepoint region
[44.379s][info ][safepoint    ] Total time for which application threads were stopped: 0.0000747 seconds, Stopping threads took: 0.0000161 seconds
[45.379s][info ][safepoint    ] Application time: 1.0000450 seconds
[45.379s][info ][safepoint    ] Entering safepoint region: Cleanup
[45.379s][info ][safepoint    ] Leaving safepoint region
[45.379s][info ][safepoint    ] Total time for which application threads were stopped: 0.0001018 seconds, Stopping threads took: 0.0000162 seconds
[46.379s][info ][safepoint    ] Application time: 1.0000969 seconds
[46.379s][info ][safepoint    ] Entering safepoint region: Cleanup
[46.379s][info ][safepoint    ] Leaving safepoint region
[46.379s][info ][safepoint    ] Total time for which application threads were stopped: 0.0000872 seconds, Stopping threads took: 0.0000150 seconds
[47.222s][info ][safepoint    ] Application time: 0.8428215 seconds
[47.222s][info ][safepoint    ] Entering safepoint region: GenCollectForAllocation
[47.222s][info ][gc,start     ] GC(108) Pause Young (Allocation Failure)
[47.222s][info ][gc,task      ] GC(108) Using 4 workers of 4 for evacuation
[47.225s][debug][gc,ref       ] GC(108) Skipped phase1 of Reference Processing due to unavailable references
[47.225s][debug][gc,ref       ] GC(108) Skipped phase3 of Reference Processing due to unavailable references
[47.225s][debug][gc,ref       ] GC(108) Skipped phase4 of Reference Processing due to unavailable references
[47.225s][debug][gc,age       ] GC(108) Desired survivor size 15400960 bytes, new threshold 6 (max threshold 6)
[47.225s][info ][gc,heap      ] GC(108) ParNew: 247300K->6198K(270976K)
[47.225s][info ][gc,heap      ] GC(108) CMS: 208034K->208034K(602112K)
[47.225s][info ][gc,metaspace ] GC(108) Metaspace: 53735K->53735K(1097728K)
[47.225s][info ][gc           ] GC(108) Pause Young (Allocation Failure) 444M->209M(852M) 3.521ms
[47.225s][info ][gc,cpu       ] GC(108) User=0.02s Sys=0.00s Real=0.00s
[47.226s][info ][safepoint    ] Leaving safepoint region
[47.226s][info ][safepoint    ] Total time for which application threads were stopped: 0.0037195 seconds, Stopping threads took: 0.0000159 seconds
[48.226s][info ][safepoint    ] Application time: 1.0000865 seconds
[48.226s][info ][safepoint    ] Entering safepoint region: Cleanup
[48.226s][info ][safepoint    ] Leaving safepoint region
[48.226s][info ][safepoint    ] Total time for which application threads were stopped: 0.0002038 seconds, Stopping threads took: 0.0000408 seconds
[49.226s][info ][safepoint    ] Application time: 1.0000993 seconds
[49.226s][info ][safepoint    ] Entering safepoint region: Cleanup
[49.226s][info ][safepoint    ] Leaving safepoint region
[49.226s][info ][safepoint    ] Total time for which application threads were stopped: 0.0000978 seconds, Stopping threads took: 0.0000164 seconds
[50.226s][info ][safepoint    ] Application time: 1.0000992 seconds
[50.226s][info ][safepoint    ] Entering safepoint region: Cleanup
[50.226s][info ][safepoint    ] Leaving safepoint region
[50.226s][info ][safepoint    ] Total time for which application threads were stopped: 0.0000984 seconds, Stopping threads took: 0.0000161 seconds
[51.226s][info ][safepoint    ] Application time: 1.0001224 seconds
[51.227s][info ][safepoint    ] Entering safepoint region: Cleanup
[51.227s][info ][safepoint    ] Leaving safepoint region
[51.227s][info ][safepoint    ] Total time for which application threads were stopped: 0.0001297 seconds, Stopping threads took: 0.0000158 seconds
[52.227s][info ][safepoint    ] Application time: 1.0000738 seconds
[52.227s][info ][safepoint    ] Entering safepoint region: Cleanup
[52.227s][info ][safepoint    ] Leaving safepoint region
[52.227s][info ][safepoint    ] Total time for which application threads were stopped: 0.0000895 seconds, Stopping threads took: 0.0000160 seconds
[53.227s][info ][safepoint    ] Application time: 1.0000963 seconds
[53.227s][info ][safepoint    ] Entering safepoint region: Cleanup
[53.227s][info ][safepoint    ] Leaving safepoint region
[53.227s][info ][safepoint    ] Total time for which application threads were stopped: 0.0000836 seconds, Stopping threads took: 0.0000210 seconds
[54.073s][info ][safepoint    ] Application time: 0.8460251 seconds
[54.073s][info ][safepoint    ] Entering safepoint region: GenCollectForAllocation
[54.073s][info ][gc,start     ] GC(109) Pause Young (Allocation Failure)
[54.073s][info ][gc,task      ] GC(109) Using 4 workers of 4 for evacuation
[54.077s][debug][gc,ref       ] GC(109) Skipped phase1 of Reference Processing due to unavailable references
[54.077s][debug][gc,ref       ] GC(109) Skipped phase3 of Reference Processing due to unavailable references
[54.077s][debug][gc,ref       ] GC(109) Skipped phase4 of Reference Processing due to unavailable references
[54.077s][debug][gc,age       ] GC(109) Desired survivor size 15400960 bytes, new threshold 6 (max threshold 6)
[54.077s][info ][gc,heap      ] GC(109) ParNew: 247094K->7178K(270976K)
[54.077s][info ][gc,heap      ] GC(109) CMS: 208034K->208034K(602112K)
[54.077s][info ][gc,metaspace ] GC(109) Metaspace: 53766K->53766K(1097728K)
[54.077s][info ][gc           ] GC(109) Pause Young (Allocation Failure) 444M->210M(852M) 3.727ms
[54.077s][info ][gc,cpu       ] GC(109) User=0.02s Sys=0.00s Real=0.00s
[54.077s][info ][safepoint    ] Leaving safepoint region
[54.077s][info ][safepoint    ] Total time for which application threads were stopped: 0.0038834 seconds, Stopping threads took: 0.0000156 seconds
[55.077s][info ][safepoint    ] Application time: 1.0000861 seconds
[55.077s][info ][safepoint    ] Entering safepoint region: Cleanup
[55.077s][info ][safepoint    ] Leaving safepoint region
[55.077s][info ][safepoint    ] Total time for which application threads were stopped: 0.0000832 seconds, Stopping threads took: 0.0000153 seconds
[56.077s][info ][safepoint    ] Application time: 1.0000866 seconds
[56.078s][info ][safepoint    ] Entering safepoint region: Cleanup
[56.078s][info ][safepoint    ] Leaving safepoint region
[56.078s][info ][safepoint    ] Total time for which application threads were stopped: 0.0001282 seconds, Stopping threads took: 0.0000671 seconds
[57.078s][info ][safepoint    ] Application time: 1.0000924 seconds
[57.078s][info ][safepoint    ] Entering safepoint region: Cleanup
[57.078s][info ][safepoint    ] Leaving safepoint region
[57.078s][info ][safepoint    ] Total time for which application threads were stopped: 0.0000837 seconds, Stopping threads took: 0.0000207 seconds
[58.078s][info ][safepoint    ] Application time: 1.0000849 seconds
[58.078s][info ][safepoint    ] Entering safepoint region: Cleanup
[58.078s][info ][safepoint    ] Leaving safepoint region
[58.078s][info ][safepoint    ] Total time for which application threads were stopped: 0.0000860 seconds, Stopping threads took: 0.0000165 seconds
[59.078s][info ][safepoint    ] Application time: 1.0000977 seconds
[59.078s][info ][safepoint    ] Entering safepoint region: Cleanup
[59.078s][info ][safepoint    ] Leaving safepoint region
[59.078s][info ][safepoint    ] Total time for which application threads were stopped: 0.0000687 seconds, Stopping threads took: 0.0000164 seconds
[60.078s][info ][safepoint    ] Application time: 1.0000941 seconds
[60.078s][info ][safepoint    ] Entering safepoint region: Cleanup
[60.078s][info ][safepoint    ] Leaving safepoint region
[60.078s][info ][safepoint    ] Total time for which application threads were stopped: 0.0000934 seconds, Stopping threads took: 0.0000158 seconds
[61.022s][info ][safepoint    ] Application time: 0.9437431 seconds
[61.022s][info ][safepoint    ] Entering safepoint region: GenCollectForAllocation
[61.022s][info ][gc,start     ] GC(110) Pause Young (Allocation Failure)
[61.022s][info ][gc,task      ] GC(110) Using 4 workers of 4 for evacuation
[61.028s][debug][gc,ref       ] GC(110) Skipped phase1 of Reference Processing due to unavailable references
[61.028s][debug][gc,ref       ] GC(110) Skipped phase3 of Reference Processing due to unavailable references
[61.028s][debug][gc,ref       ] GC(110) Skipped phase4 of Reference Processing due to unavailable references
[61.028s][debug][gc,age       ] GC(110) Desired survivor size 15400960 bytes, new threshold 6 (max threshold 6)
[61.028s][info ][gc,heap      ] GC(110) ParNew: 248074K->2571K(270976K)
[61.028s][info ][gc,heap      ] GC(110) CMS: 208034K->211515K(602112K)
[61.028s][info ][gc,metaspace ] GC(110) Metaspace: 53768K->53768K(1097728K)
[61.028s][info ][gc           ] GC(110) Pause Young (Allocation Failure) 445M->209M(852M) 5.398ms
[61.028s][info ][gc,cpu       ] GC(110) User=0.02s Sys=0.00s Real=0.00s
[61.028s][info ][safepoint    ] Leaving safepoint region
[61.028s][info ][safepoint    ] Total time for which application threads were stopped: 0.0055533 seconds, Stopping threads took: 0.0000177 seconds
[62.028s][info ][safepoint    ] Application time: 1.0000874 seconds
[62.028s][info ][safepoint    ] Entering safepoint region: Cleanup
[62.028s][info ][safepoint    ] Leaving safepoint region
[62.028s][info ][safepoint    ] Total time for which application threads were stopped: 0.0000835 seconds, Stopping threads took: 0.0000217 seconds
[63.029s][info ][safepoint    ] Application time: 1.0003911 seconds
[63.029s][info ][safepoint    ] Entering safepoint region: Cleanup
[63.029s][info ][safepoint    ] Leaving safepoint region
[63.029s][info ][safepoint    ] Total time for which application threads were stopped: 0.0000785 seconds, Stopping threads took: 0.0000160 seconds
[63.271s][info ][safepoint    ] Application time: 0.2421576 seconds
[63.271s][info ][safepoint    ] Entering safepoint region: ICBufferFull
[63.271s][info ][safepoint    ] Leaving safepoint region
[63.271s][info ][safepoint    ] Total time for which application threads were stopped: 0.0002806 seconds, Stopping threads took: 0.0000550 seconds
[64.271s][info ][safepoint    ] Application time: 1.0002117 seconds
[64.272s][info ][safepoint    ] Entering safepoint region: Cleanup
[64.272s][info ][safepoint    ] Leaving safepoint region
[64.272s][info ][safepoint    ] Total time for which application threads were stopped: 0.0001954 seconds, Stopping threads took: 0.0000507 seconds
[65.272s][info ][safepoint    ] Application time: 1.0000922 seconds
[65.272s][info ][safepoint    ] Entering safepoint region: Cleanup
[65.272s][info ][safepoint    ] Leaving safepoint region
[65.272s][info ][safepoint    ] Total time for which application threads were stopped: 0.0001290 seconds, Stopping threads took: 0.0000533 seconds
[66.272s][info ][safepoint    ] Application time: 1.0000986 seconds
[66.272s][info ][safepoint    ] Entering safepoint region: Cleanup
[66.272s][info ][safepoint    ] Leaving safepoint region
[66.272s][info ][safepoint    ] Total time for which application threads were stopped: 0.0001348 seconds, Stopping threads took: 0.0000601 seconds
[67.272s][info ][safepoint    ] Application time: 1.0000952 seconds
[67.272s][info ][safepoint    ] Entering safepoint region: Cleanup
[67.273s][info ][safepoint    ] Leaving safepoint region
[67.273s][info ][safepoint    ] Total time for which application threads were stopped: 0.0001308 seconds, Stopping threads took: 0.0000524 seconds
[68.021s][info ][safepoint    ] Application time: 0.7481309 seconds
[68.021s][info ][safepoint    ] Entering safepoint region: GenCollectForAllocation
[68.021s][info ][gc,start     ] GC(111) Pause Young (Allocation Failure)
[68.021s][info ][gc,task      ] GC(111) Using 4 workers of 4 for evacuation
[68.023s][debug][gc,ref       ] GC(111) Skipped phase1 of Reference Processing due to unavailable references
[68.023s][debug][gc,ref       ] GC(111) Skipped phase3 of Reference Processing due to unavailable references
[68.023s][debug][gc,ref       ] GC(111) Skipped phase4 of Reference Processing due to unavailable references
[68.023s][debug][gc,age       ] GC(111) Desired survivor size 15400960 bytes, new threshold 6 (max threshold 6)
[68.023s][info ][gc,heap      ] GC(111) ParNew: 243467K->1073K(270976K)
[68.023s][info ][gc,heap      ] GC(111) CMS: 211515K->211605K(602112K)
[68.023s][info ][gc,metaspace ] GC(111) Metaspace: 53770K->53770K(1097728K)
[68.023s][info ][gc           ] GC(111) Pause Young (Allocation Failure) 444M->207M(852M) 2.642ms
[68.023s][info ][gc,cpu       ] GC(111) User=0.01s Sys=0.00s Real=0.01s
[68.024s][info ][safepoint    ] Leaving safepoint region
[68.024s][info ][safepoint    ] Total time for which application threads were stopped: 0.0028024 seconds, Stopping threads took: 0.0000164 seconds
[69.024s][info ][safepoint    ] Application time: 1.0005858 seconds
[69.024s][info ][safepoint    ] Entering safepoint region: Cleanup
[69.024s][info ][safepoint    ] Leaving safepoint region
[69.024s][info ][safepoint    ] Total time for which application threads were stopped: 0.0001417 seconds, Stopping threads took: 0.0000420 seconds
[70.024s][info ][safepoint    ] Application time: 1.0001229 seconds
[70.025s][info ][safepoint    ] Entering safepoint region: Cleanup
[70.025s][info ][safepoint    ] Leaving safepoint region
[70.025s][info ][safepoint    ] Total time for which application threads were stopped: 0.0001378 seconds, Stopping threads took: 0.0000519 seconds
[71.025s][info ][safepoint    ] Application time: 1.0000960 seconds
[71.025s][info ][safepoint    ] Entering safepoint region: Cleanup
[71.025s][info ][safepoint    ] Leaving safepoint region
[71.025s][info ][safepoint    ] Total time for which application threads were stopped: 0.0002128 seconds, Stopping threads took: 0.0001075 seconds
[72.025s][info ][safepoint    ] Application time: 1.0001076 seconds
[72.025s][info ][safepoint    ] Entering safepoint region: Cleanup
[72.025s][info ][safepoint    ] Leaving safepoint region
[72.025s][info ][safepoint    ] Total time for which application threads were stopped: 0.0000785 seconds, Stopping threads took: 0.0000166 seconds
[73.025s][info ][safepoint    ] Application time: 1.0000896 seconds
[73.025s][info ][safepoint    ] Entering safepoint region: Cleanup
[73.025s][info ][safepoint    ] Leaving safepoint region
[73.025s][info ][safepoint    ] Total time for which application threads were stopped: 0.0001007 seconds, Stopping threads took: 0.0000157 seconds
[74.026s][info ][safepoint    ] Application time: 1.0001582 seconds
[74.026s][info ][safepoint    ] Entering safepoint region: Cleanup
[74.026s][info ][safepoint    ] Leaving safepoint region
[74.026s][info ][safepoint    ] Total time for which application threads were stopped: 0.0002122 seconds, Stopping threads took: 0.0000218 seconds
[74.971s][info ][safepoint    ] Application time: 0.9454263 seconds
[74.971s][info ][safepoint    ] Entering safepoint region: GenCollectForAllocation
[74.971s][info ][gc,start     ] GC(112) Pause Young (Allocation Failure)
[74.971s][info ][gc,task      ] GC(112) Using 4 workers of 4 for evacuation
[74.974s][debug][gc,ref       ] GC(112) Skipped phase1 of Reference Processing due to unavailable references
[74.974s][debug][gc,ref       ] GC(112) Skipped phase2 of Reference Processing due to unavailable references
[74.974s][debug][gc,ref       ] GC(112) Skipped phase3 of Reference Processing due to unavailable references
[74.974s][debug][gc,ref       ] GC(112) Skipped phase4 of Reference Processing due to unavailable references
[74.974s][debug][gc,age       ] GC(112) Desired survivor size 15400960 bytes, new threshold 6 (max threshold 6)
[74.974s][info ][gc,heap      ] GC(112) ParNew: 241969K->394K(270976K)
[74.974s][info ][gc,heap      ] GC(112) CMS: 211605K->212166K(602112K)
[74.974s][info ][gc,metaspace ] GC(112) Metaspace: 53779K->53779K(1097728K)
[74.974s][info ][gc           ] GC(112) Pause Young (Allocation Failure) 442M->207M(852M) 2.386ms
[74.974s][info ][gc,cpu       ] GC(112) User=0.01s Sys=0.00s Real=0.00s
[74.974s][info ][safepoint    ] Leaving safepoint region
[74.974s][info ][safepoint    ] Total time for which application threads were stopped: 0.0025403 seconds, Stopping threads took: 0.0000164 seconds
[75.974s][info ][safepoint    ] Application time: 1.0000997 seconds
[75.974s][info ][safepoint    ] Entering safepoint region: Cleanup
[75.974s][info ][safepoint    ] Leaving safepoint region
[75.974s][info ][safepoint    ] Total time for which application threads were stopped: 0.0001401 seconds, Stopping threads took: 0.0000624 seconds
[76.974s][info ][safepoint    ] Application time: 1.0001357 seconds
[76.974s][info ][safepoint    ] Entering safepoint region: Cleanup
[76.975s][info ][safepoint    ] Leaving safepoint region
[76.975s][info ][safepoint    ] Total time for which application threads were stopped: 0.0005695 seconds, Stopping threads took: 0.0001187 seconds
[77.975s][info ][safepoint    ] Application time: 1.0001265 seconds
[77.975s][info ][safepoint    ] Entering safepoint region: Cleanup
[77.975s][info ][safepoint    ] Leaving safepoint region
[77.975s][info ][safepoint    ] Total time for which application threads were stopped: 0.0000832 seconds, Stopping threads took: 0.0000161 seconds
[78.975s][info ][safepoint    ] Application time: 1.0000862 seconds
[78.975s][info ][safepoint    ] Entering safepoint region: Cleanup
[78.975s][info ][safepoint    ] Leaving safepoint region
[78.975s][info ][safepoint    ] Total time for which application threads were stopped: 0.0000751 seconds, Stopping threads took: 0.0000155 seconds
[79.976s][info ][safepoint    ] Application time: 1.0001522 seconds
[79.976s][info ][safepoint    ] Entering safepoint region: Cleanup
[79.976s][info ][safepoint    ] Leaving safepoint region
[79.976s][info ][safepoint    ] Total time for which application threads were stopped: 0.0001858 seconds, Stopping threads took: 0.0000305 seconds
[80.689s][info ][safepoint    ] Application time: 0.7131102 seconds
[80.689s][info ][safepoint    ] Entering safepoint region: GenCollectForAllocation
[80.689s][info ][gc,start     ] GC(113) Pause Young (Allocation Failure)
[80.689s][info ][gc,task      ] GC(113) Using 4 workers of 4 for evacuation
[80.691s][debug][gc,ref       ] GC(113) Skipped phase1 of Reference Processing due to unavailable references
[80.691s][debug][gc,ref       ] GC(113) Skipped phase3 of Reference Processing due to unavailable references
[80.691s][debug][gc,age       ] GC(113) Desired survivor size 15400960 bytes, new threshold 6 (max threshold 6)
[80.691s][info ][gc,heap      ] GC(113) ParNew: 241290K->164K(270976K)
[80.691s][info ][gc,heap      ] GC(113) CMS: 212166K->212179K(602112K)
[80.691s][info ][gc,metaspace ] GC(113) Metaspace: 53990K->53990K(1097728K)
[80.691s][info ][gc           ] GC(113) Pause Young (Allocation Failure) 442M->207M(852M) 2.344ms
[80.691s][info ][gc,cpu       ] GC(113) User=0.02s Sys=0.00s Real=0.01s
[80.691s][info ][safepoint    ] Leaving safepoint region
[80.691s][info ][safepoint    ] Total time for which application threads were stopped: 0.0025295 seconds, Stopping threads took: 0.0000155 seconds
[81.692s][info ][safepoint    ] Application time: 1.0000990 seconds
[81.692s][info ][safepoint    ] Entering safepoint region: Cleanup
[81.692s][info ][safepoint    ] Leaving safepoint region
[81.692s][info ][safepoint    ] Total time for which application threads were stopped: 0.0001557 seconds, Stopping threads took: 0.0000171 seconds
[82.692s][info ][safepoint    ] Application time: 1.0000794 seconds
[82.692s][info ][safepoint    ] Entering safepoint region: Cleanup
[82.692s][info ][safepoint    ] Leaving safepoint region
[82.692s][info ][safepoint    ] Total time for which application threads were stopped: 0.0000988 seconds, Stopping threads took: 0.0000186 seconds
[83.692s][info ][safepoint    ] Application time: 1.0000967 seconds
[83.692s][info ][safepoint    ] Entering safepoint region: Cleanup
[83.692s][info ][safepoint    ] Leaving safepoint region
[83.692s][info ][safepoint    ] Total time for which application threads were stopped: 0.0000989 seconds, Stopping threads took: 0.0000187 seconds
[84.692s][info ][safepoint    ] Application time: 1.0001209 seconds
[84.692s][info ][safepoint    ] Entering safepoint region: Cleanup
[84.692s][info ][safepoint    ] Leaving safepoint region
[84.692s][info ][safepoint    ] Total time for which application threads were stopped: 0.0000737 seconds, Stopping threads took: 0.0000180 seconds
[85.693s][info ][safepoint    ] Application time: 1.0000807 seconds
[85.693s][info ][safepoint    ] Entering safepoint region: Cleanup
[85.693s][info ][safepoint    ] Leaving safepoint region
[85.693s][info ][safepoint    ] Total time for which application threads were stopped: 0.0000968 seconds, Stopping threads took: 0.0000302 seconds
[86.693s][info ][safepoint    ] Application time: 1.0000973 seconds
[86.693s][info ][safepoint    ] Entering safepoint region: Cleanup
[86.693s][info ][safepoint    ] Leaving safepoint region
[86.693s][info ][safepoint    ] Total time for which application threads were stopped: 0.0000956 seconds, Stopping threads took: 0.0000170 seconds
[87.520s][info ][safepoint    ] Application time: 0.8274994 seconds
[87.520s][info ][safepoint    ] Entering safepoint region: GenCollectForAllocation
[87.521s][info ][gc,start     ] GC(114) Pause Young (Allocation Failure)
[87.521s][info ][gc,task      ] GC(114) Using 4 workers of 4 for evacuation
[87.522s][debug][gc,ref       ] GC(114) Skipped phase1 of Reference Processing due to unavailable references
[87.522s][debug][gc,ref       ] GC(114) Skipped phase3 of Reference Processing due to unavailable references
[87.522s][debug][gc,ref       ] GC(114) Skipped phase4 of Reference Processing due to unavailable references
[87.523s][debug][gc,age       ] GC(114) Desired survivor size 15400960 bytes, new threshold 6 (max threshold 6)
[87.523s][info ][gc,heap      ] GC(114) ParNew: 241060K->176K(270976K)
[87.523s][info ][gc,heap      ] GC(114) CMS: 212179K->212185K(602112K)
[87.523s][info ][gc,metaspace ] GC(114) Metaspace: 53995K->53995K(1097728K)
[87.523s][info ][gc           ] GC(114) Pause Young (Allocation Failure) 442M->207M(852M) 2.060ms
[87.523s][info ][gc,cpu       ] GC(114) User=0.01s Sys=0.00s Real=0.01s
[87.523s][info ][safepoint    ] Leaving safepoint region
[87.523s][info ][safepoint    ] Total time for which application threads were stopped: 0.0022399 seconds, Stopping threads took: 0.0000438 seconds
[88.523s][info ][safepoint    ] Application time: 1.0000967 seconds
[88.523s][info ][safepoint    ] Entering safepoint region: Cleanup
[88.523s][info ][safepoint    ] Leaving safepoint region
[88.523s][info ][safepoint    ] Total time for which application threads were stopped: 0.0001270 seconds, Stopping threads took: 0.0000515 seconds
[89.523s][info ][safepoint    ] Application time: 1.0001243 seconds
[89.523s][info ][safepoint    ] Entering safepoint region: Cleanup
[89.523s][info ][safepoint    ] Leaving safepoint region
[89.523s][info ][safepoint    ] Total time for which application threads were stopped: 0.0001156 seconds, Stopping threads took: 0.0000380 seconds
[90.523s][info ][safepoint    ] Application time: 1.0001004 seconds
[90.523s][info ][safepoint    ] Entering safepoint region: Cleanup
[90.524s][info ][safepoint    ] Leaving safepoint region
[90.524s][info ][safepoint    ] Total time for which application threads were stopped: 0.0002202 seconds, Stopping threads took: 0.0000473 seconds
[91.524s][info ][safepoint    ] Application time: 1.0001175 seconds
[91.524s][info ][safepoint    ] Entering safepoint region: Cleanup
[91.524s][info ][safepoint    ] Leaving safepoint region
[91.524s][info ][safepoint    ] Total time for which application threads were stopped: 0.0001236 seconds, Stopping threads took: 0.0000377 seconds
[92.524s][info ][safepoint    ] Application time: 1.0001015 seconds
[92.524s][info ][safepoint    ] Entering safepoint region: Cleanup
[92.524s][info ][safepoint    ] Leaving safepoint region
[92.524s][info ][safepoint    ] Total time for which application threads were stopped: 0.0001059 seconds, Stopping threads took: 0.0000192 seconds
[93.524s][info ][safepoint    ] Application time: 1.0000988 seconds
[93.527s][info ][safepoint    ] Entering safepoint region: Cleanup
[93.527s][info ][safepoint    ] Leaving safepoint region
[93.527s][info ][safepoint    ] Total time for which application threads were stopped: 0.0026254 seconds, Stopping threads took: 0.0024440 seconds
[93.554s][info ][safepoint    ] Application time: 0.0274257 seconds
[93.554s][info ][safepoint    ] Entering safepoint region: GenCollectForAllocation
[93.555s][info ][gc,start     ] GC(115) Pause Young (Allocation Failure)
[93.555s][info ][gc,task      ] GC(115) Using 4 workers of 4 for evacuation
[93.559s][debug][gc,ref       ] GC(115) Skipped phase1 of Reference Processing due to unavailable references
[93.559s][debug][gc,ref       ] GC(115) Skipped phase3 of Reference Processing due to unavailable references
[93.559s][debug][gc,age       ] GC(115) Desired survivor size 15400960 bytes, new threshold 6 (max threshold 6)
[93.559s][info ][gc,heap      ] GC(115) ParNew: 241072K->1868K(270976K)
[93.559s][info ][gc,heap      ] GC(115) CMS: 212185K->212188K(602112K)
[93.559s][info ][gc,metaspace ] GC(115) Metaspace: 54016K->54016K(1097728K)
[93.559s][info ][gc           ] GC(115) Pause Young (Allocation Failure) 442M->209M(852M) 4.809ms
[93.559s][info ][gc,cpu       ] GC(115) User=0.01s Sys=0.00s Real=0.00s
[93.559s][info ][safepoint    ] Leaving safepoint region
[93.559s][info ][safepoint    ] Total time for which application threads were stopped: 0.0051583 seconds, Stopping threads took: 0.0000756 seconds
[93.897s][info ][safepoint    ] Application time: 0.3376722 seconds
[93.897s][info ][safepoint    ] Entering safepoint region: ICBufferFull
[93.897s][info ][safepoint    ] Leaving safepoint region
[93.897s][info ][safepoint    ] Total time for which application threads were stopped: 0.0002652 seconds, Stopping threads took: 0.0000135 seconds
[94.726s][info ][safepoint    ] Application time: 0.8288002 seconds
[94.726s][info ][safepoint    ] Entering safepoint region: GenCollectForAllocation
[94.727s][info ][gc,start     ] GC(116) Pause Young (Allocation Failure)
[94.727s][info ][gc,task      ] GC(116) Using 4 workers of 4 for evacuation
[94.733s][debug][gc,ref       ] GC(116) Skipped phase1 of Reference Processing due to unavailable references
[94.733s][debug][gc,ref       ] GC(116) Skipped phase3 of Reference Processing due to unavailable references
[94.733s][debug][gc,age       ] GC(116) Desired survivor size 15400960 bytes, new threshold 6 (max threshold 6)
[94.733s][info ][gc,heap      ] GC(116) ParNew: 242764K->7733K(270976K)
[94.733s][info ][gc,heap      ] GC(116) CMS: 212188K->212189K(602112K)
[94.733s][info ][gc,metaspace ] GC(116) Metaspace: 54088K->54088K(1097728K)
[94.733s][info ][gc           ] GC(116) Pause Young (Allocation Failure) 444M->214M(852M) 6.342ms
[94.733s][info ][gc,cpu       ] GC(116) User=0.03s Sys=0.00s Real=0.01s
[94.733s][info ][safepoint    ] Leaving safepoint region
[94.733s][info ][safepoint    ] Total time for which application threads were stopped: 0.0066467 seconds, Stopping threads took: 0.0000683 seconds
[95.733s][info ][safepoint    ] Application time: 1.0000856 seconds
[95.733s][info ][safepoint    ] Entering safepoint region: Cleanup
[95.733s][info ][safepoint    ] Leaving safepoint region
[95.733s][info ][safepoint    ] Total time for which application threads were stopped: 0.0001593 seconds, Stopping threads took: 0.0000155 seconds
[96.624s][info ][safepoint    ] Application time: 0.8908003 seconds
[96.624s][info ][safepoint    ] Entering safepoint region: GenCollectForAllocation
[96.624s][info ][gc,start     ] GC(117) Pause Young (Allocation Failure)
[96.624s][info ][gc,task      ] GC(117) Using 4 workers of 4 for evacuation
[96.629s][debug][gc,ref       ] GC(117) Skipped phase1 of Reference Processing due to unavailable references
[96.629s][debug][gc,ref       ] GC(117) Skipped phase3 of Reference Processing due to unavailable references
[96.629s][debug][gc,age       ] GC(117) Desired survivor size 15400960 bytes, new threshold 6 (max threshold 6)
[96.629s][info ][gc,heap      ] GC(117) ParNew: 248629K->11189K(270976K)
[96.629s][info ][gc,heap      ] GC(117) CMS: 212189K->212191K(602112K)
[96.629s][info ][gc,metaspace ] GC(117) Metaspace: 54131K->54131K(1097728K)
[96.629s][info ][gc           ] GC(117) Pause Young (Allocation Failure) 450M->218M(852M) 4.725ms
[96.629s][info ][gc,cpu       ] GC(117) User=0.01s Sys=0.01s Real=0.00s
[96.629s][info ][safepoint    ] Leaving safepoint region
[96.629s][info ][safepoint    ] Total time for which application threads were stopped: 0.0049161 seconds, Stopping threads took: 0.0000149 seconds
[97.629s][info ][safepoint    ] Application time: 1.0001322 seconds
[97.629s][info ][safepoint    ] Entering safepoint region: Cleanup
[97.629s][info ][safepoint    ] Leaving safepoint region
[97.629s][info ][safepoint    ] Total time for which application threads were stopped: 0.0002052 seconds, Stopping threads took: 0.0000161 seconds
[98.532s][info ][safepoint    ] Application time: 0.9028501 seconds
[98.532s][info ][safepoint    ] Entering safepoint region: GenCollectForAllocation
[98.532s][info ][gc,start     ] GC(118) Pause Young (Allocation Failure)
[98.532s][info ][gc,task      ] GC(118) Using 4 workers of 4 for evacuation
[98.537s][debug][gc,ref       ] GC(118) Skipped phase1 of Reference Processing due to unavailable references
[98.537s][debug][gc,ref       ] GC(118) Skipped phase3 of Reference Processing due to unavailable references
[98.537s][debug][gc,ref       ] GC(118) Skipped phase4 of Reference Processing due to unavailable references
[98.537s][debug][gc,age       ] GC(118) Desired survivor size 15400960 bytes, new threshold 6 (max threshold 6)
[98.537s][info ][gc,heap      ] GC(118) ParNew: 252085K->10431K(270976K)
[98.537s][info ][gc,heap      ] GC(118) CMS: 212191K->212192K(602112K)
[98.537s][info ][gc,metaspace ] GC(118) Metaspace: 54143K->54143K(1097728K)
[98.537s][info ][gc           ] GC(118) Pause Young (Allocation Failure) 453M->217M(852M) 4.682ms
[98.537s][info ][gc,cpu       ] GC(118) User=0.03s Sys=0.00s Real=0.00s
[98.537s][info ][safepoint    ] Leaving safepoint region
[98.537s][info ][safepoint    ] Total time for which application threads were stopped: 0.0048429 seconds, Stopping threads took: 0.0000152 seconds
[99.537s][info ][safepoint    ] Application time: 1.0000916 seconds
[99.537s][info ][safepoint    ] Entering safepoint region: Cleanup
[99.537s][info ][safepoint    ] Leaving safepoint region
[99.537s][info ][safepoint    ] Total time for which application threads were stopped: 0.0001756 seconds, Stopping threads took: 0.0000462 seconds
[100.477s][info ][safepoint    ] Application time: 0.9393681 seconds
[100.477s][info ][safepoint    ] Entering safepoint region: GenCollectForAllocation
[100.477s][info ][gc,start     ] GC(119) Pause Young (Allocation Failure)
[100.477s][info ][gc,task      ] GC(119) Using 4 workers of 4 for evacuation
[100.483s][debug][gc,ref       ] GC(119) Skipped phase1 of Reference Processing due to unavailable references
[100.483s][debug][gc,ref       ] GC(119) Skipped phase3 of Reference Processing due to unavailable references
[100.483s][debug][gc,age       ] GC(119) Desired survivor size 15400960 bytes, new threshold 6 (max threshold 6)
[100.483s][info ][gc,heap      ] GC(119) ParNew: 251327K->10922K(270976K)
[100.483s][info ][gc,heap      ] GC(119) CMS: 212192K->212285K(602112K)
[100.483s][info ][gc,metaspace ] GC(119) Metaspace: 54431K->54431K(1099776K)
[100.483s][info ][gc           ] GC(119) Pause Young (Allocation Failure) 452M->217M(852M) 5.667ms
[100.483s][info ][gc,cpu       ] GC(119) User=0.03s Sys=0.00s Real=0.01s
[100.483s][info ][safepoint    ] Leaving safepoint region
[100.483s][info ][safepoint    ] Total time for which application threads were stopped: 0.0059312 seconds, Stopping threads took: 0.0000167 seconds
[101.483s][info ][safepoint    ] Application time: 1.0000988 seconds
[101.483s][info ][safepoint    ] Entering safepoint region: Cleanup
[101.483s][info ][safepoint    ] Leaving safepoint region
[101.483s][info ][safepoint    ] Total time for which application threads were stopped: 0.0001047 seconds, Stopping threads took: 0.0000154 seconds
[102.427s][info ][safepoint    ] Application time: 0.9438232 seconds
[102.427s][info ][safepoint    ] Entering safepoint region: GenCollectForAllocation
[102.427s][info ][gc,start     ] GC(120) Pause Young (Allocation Failure)
[102.427s][info ][gc,task      ] GC(120) Using 4 workers of 4 for evacuation
[102.431s][debug][gc,ref       ] GC(120) Skipped phase1 of Reference Processing due to unavailable references
[102.431s][debug][gc,ref       ] GC(120) Skipped phase3 of Reference Processing due to unavailable references
[102.432s][debug][gc,age       ] GC(120) Desired survivor size 15400960 bytes, new threshold 6 (max threshold 6)
[102.432s][info ][gc,heap      ] GC(120) ParNew: 251818K->11045K(270976K)
[102.432s][info ][gc,heap      ] GC(120) CMS: 212285K->212287K(602112K)
[102.432s][info ][gc,metaspace ] GC(120) Metaspace: 54452K->54452K(1099776K)
[102.432s][info ][gc           ] GC(120) Pause Young (Allocation Failure) 453M->218M(852M) 5.138ms
[102.432s][info ][gc,cpu       ] GC(120) User=0.02s Sys=0.00s Real=0.01s
[102.432s][info ][safepoint    ] Leaving safepoint region
[102.432s][info ][safepoint    ] Total time for which application threads were stopped: 0.0053796 seconds, Stopping threads took: 0.0000819 seconds
[103.432s][info ][safepoint    ] Application time: 1.0001194 seconds
[103.432s][info ][safepoint    ] Entering safepoint region: Cleanup
[103.433s][info ][safepoint    ] Leaving safepoint region
[103.433s][info ][safepoint    ] Total time for which application threads were stopped: 0.0001017 seconds, Stopping threads took: 0.0000151 seconds
[104.376s][info ][safepoint    ] Application time: 0.9433144 seconds
[104.376s][info ][safepoint    ] Entering safepoint region: GenCollectForAllocation
[104.376s][info ][gc,start     ] GC(121) Pause Young (Allocation Failure)
[104.376s][info ][gc,task      ] GC(121) Using 4 workers of 4 for evacuation
[104.381s][debug][gc,ref       ] GC(121) Skipped phase1 of Reference Processing due to unavailable references
[104.381s][debug][gc,ref       ] GC(121) Skipped phase3 of Reference Processing due to unavailable references
[104.381s][debug][gc,ref       ] GC(121) Skipped phase4 of Reference Processing due to unavailable references
[104.381s][debug][gc,age       ] GC(121) Desired survivor size 15400960 bytes, new threshold 6 (max threshold 6)
[104.381s][info ][gc,heap      ] GC(121) ParNew: 251941K->9220K(270976K)
[104.381s][info ][gc,heap      ] GC(121) CMS: 212287K->213283K(602112K)
[104.381s][info ][gc,metaspace ] GC(121) Metaspace: 54457K->54457K(1099776K)
[104.381s][info ][gc           ] GC(121) Pause Young (Allocation Failure) 453M->217M(852M) 5.267ms
[104.381s][info ][gc,cpu       ] GC(121) User=0.02s Sys=0.01s Real=0.00s
[104.381s][info ][safepoint    ] Leaving safepoint region
[104.381s][info ][safepoint    ] Total time for which application threads were stopped: 0.0055160 seconds, Stopping threads took: 0.0000376 seconds
[105.382s][info ][safepoint    ] Application time: 1.0000918 seconds
[105.382s][info ][safepoint    ] Entering safepoint region: Cleanup
[105.382s][info ][safepoint    ] Leaving safepoint region
[105.382s][info ][safepoint    ] Total time for which application threads were stopped: 0.0000893 seconds, Stopping threads took: 0.0000161 seconds
[106.160s][info ][safepoint    ] Application time: 0.7781012 seconds
[106.160s][info ][safepoint    ] Entering safepoint region: GenCollectForAllocation
[106.160s][info ][gc,start     ] GC(122) Pause Young (Allocation Failure)
[106.160s][info ][gc,task      ] GC(122) Using 4 workers of 4 for evacuation
[106.170s][debug][gc,ref       ] GC(122) Skipped phase1 of Reference Processing due to unavailable references
[106.170s][debug][gc,ref       ] GC(122) Skipped phase3 of Reference Processing due to unavailable references
[106.170s][debug][gc,ref       ] GC(122) Skipped phase4 of Reference Processing due to unavailable references
[106.170s][debug][gc,age       ] GC(122) Desired survivor size 15400960 bytes, new threshold 6 (max threshold 6)
[106.170s][info ][gc,heap      ] GC(122) ParNew: 250116K->6652K(270976K)
[106.170s][info ][gc,heap      ] GC(122) CMS: 213283K->219130K(602112K)
[106.170s][info ][gc,metaspace ] GC(122) Metaspace: 54467K->54467K(1099776K)
[106.170s][info ][gc           ] GC(122) Pause Young (Allocation Failure) 452M->220M(852M) 9.974ms
[106.170s][info ][gc,cpu       ] GC(122) User=0.04s Sys=0.00s Real=0.02s
[106.170s][info ][safepoint    ] Leaving safepoint region
[106.170s][info ][safepoint    ] Total time for which application threads were stopped: 0.0101899 seconds, Stopping threads took: 0.0000159 seconds
[107.170s][info ][safepoint    ] Application time: 1.0001010 seconds
[107.170s][info ][safepoint    ] Entering safepoint region: Cleanup
[107.170s][info ][safepoint    ] Leaving safepoint region
[107.170s][info ][safepoint    ] Total time for which application threads were stopped: 0.0001272 seconds, Stopping threads took: 0.0000432 seconds
[108.126s][info ][safepoint    ] Application time: 0.9553802 seconds
[108.126s][info ][safepoint    ] Entering safepoint region: GenCollectForAllocation
[108.126s][info ][gc,start     ] GC(123) Pause Young (Allocation Failure)
[108.126s][info ][gc,task      ] GC(123) Using 4 workers of 4 for evacuation
[108.128s][debug][gc,ref       ] GC(123) Skipped phase1 of Reference Processing due to unavailable references
[108.128s][debug][gc,ref       ] GC(123) Skipped phase3 of Reference Processing due to unavailable references
[108.128s][debug][gc,ref       ] GC(123) Skipped phase4 of Reference Processing due to unavailable references
[108.128s][debug][gc,age       ] GC(123) Desired survivor size 15400960 bytes, new threshold 6 (max threshold 6)
[108.128s][info ][gc,heap      ] GC(123) ParNew: 247548K->1781K(270976K)
[108.128s][info ][gc,heap      ] GC(123) CMS: 219130K->219446K(602112K)
[108.128s][info ][gc,metaspace ] GC(123) Metaspace: 54477K->54477K(1099776K)
[108.128s][info ][gc           ] GC(123) Pause Young (Allocation Failure) 455M->216M(852M) 2.645ms
[108.129s][info ][gc,cpu       ] GC(123) User=0.01s Sys=0.00s Real=0.00s
[108.129s][info ][safepoint    ] Leaving safepoint region
[108.129s][info ][safepoint    ] Total time for which application threads were stopped: 0.0028972 seconds, Stopping threads took: 0.0000675 seconds
[109.129s][info ][safepoint    ] Application time: 1.0001137 seconds
[109.129s][info ][safepoint    ] Entering safepoint region: Cleanup
[109.129s][info ][safepoint    ] Leaving safepoint region
[109.129s][info ][safepoint    ] Total time for which application threads were stopped: 0.0001160 seconds, Stopping threads took: 0.0000434 seconds
[110.129s][info ][safepoint    ] Application time: 1.0000881 seconds
[110.129s][info ][safepoint    ] Entering safepoint region: Cleanup
[110.129s][info ][safepoint    ] Leaving safepoint region
[110.129s][info ][safepoint    ] Total time for which application threads were stopped: 0.0000923 seconds, Stopping threads took: 0.0000148 seconds
[110.179s][info ][safepoint    ] Application time: 0.0494865 seconds
[110.179s][info ][safepoint    ] Entering safepoint region: GenCollectForAllocation
[110.179s][info ][gc,start     ] GC(124) Pause Young (Allocation Failure)
[110.179s][info ][gc,task      ] GC(124) Using 4 workers of 4 for evacuation
[110.180s][debug][gc,ref       ] GC(124) Skipped phase1 of Reference Processing due to unavailable references
[110.180s][debug][gc,ref       ] GC(124) Skipped phase3 of Reference Processing due to unavailable references
[110.180s][debug][gc,ref       ] GC(124) Skipped phase4 of Reference Processing due to unavailable references
[110.181s][debug][gc,age       ] GC(124) Desired survivor size 15400960 bytes, new threshold 6 (max threshold 6)
[110.181s][info ][gc,heap      ] GC(124) ParNew: 242677K->569K(270976K)
[110.181s][info ][gc,heap      ] GC(124) CMS: 219446K->219460K(602112K)
[110.181s][info ][gc,metaspace ] GC(124) Metaspace: 54480K->54480K(1099776K)
[110.181s][info ][gc           ] GC(124) Pause Young (Allocation Failure) 451M->214M(852M) 1.995ms
[110.181s][info ][gc,cpu       ] GC(124) User=0.01s Sys=0.00s Real=0.00s
[110.181s][info ][safepoint    ] Leaving safepoint region
[110.181s][info ][safepoint    ] Total time for which application threads were stopped: 0.0021513 seconds, Stopping threads took: 0.0000174 seconds
[110.599s][info ][safepoint    ] Application time: 0.4180847 seconds
[110.599s][info ][safepoint    ] Entering safepoint region: GenCollectForAllocation
[110.599s][info ][gc,start     ] GC(125) Pause Young (Allocation Failure)
[110.599s][info ][gc,task      ] GC(125) Using 4 workers of 4 for evacuation
[110.601s][debug][gc,ref       ] GC(125) Skipped phase1 of Reference Processing due to unavailable references
[110.601s][debug][gc,ref       ] GC(125) Skipped phase3 of Reference Processing due to unavailable references
[110.601s][debug][gc,ref       ] GC(125) Skipped phase4 of Reference Processing due to unavailable references
[110.601s][debug][gc,age       ] GC(125) Desired survivor size 15400960 bytes, new threshold 6 (max threshold 6)
[110.601s][info ][gc,heap      ] GC(125) ParNew: 241465K->409K(270976K)
[110.601s][info ][gc,heap      ] GC(125) CMS: 219460K->219506K(602112K)
[110.601s][info ][gc,metaspace ] GC(125) Metaspace: 54489K->54489K(1099776K)
[110.601s][info ][gc           ] GC(125) Pause Young (Allocation Failure) 450M->214M(852M) 2.034ms
[110.601s][info ][gc,cpu       ] GC(125) User=0.01s Sys=0.00s Real=0.00s
[110.601s][info ][safepoint    ] Leaving safepoint region
[110.601s][info ][safepoint    ] Total time for which application threads were stopped: 0.0022280 seconds, Stopping threads took: 0.0000184 seconds
[111.046s][info ][safepoint    ] Application time: 0.4446004 seconds
[111.046s][info ][safepoint    ] Entering safepoint region: GenCollectForAllocation
[111.046s][info ][gc,start     ] GC(126) Pause Young (Allocation Failure)
[111.046s][info ][gc,task      ] GC(126) Using 4 workers of 4 for evacuation
[111.048s][debug][gc,ref       ] GC(126) Skipped phase1 of Reference Processing due to unavailable references
[111.048s][debug][gc,ref       ] GC(126) Skipped phase2 of Reference Processing due to unavailable references
[111.048s][debug][gc,ref       ] GC(126) Skipped phase3 of Reference Processing due to unavailable references
[111.048s][debug][gc,ref       ] GC(126) Skipped phase4 of Reference Processing due to unavailable references
[111.048s][debug][gc,age       ] GC(126) Desired survivor size 15400960 bytes, new threshold 6 (max threshold 6)
[111.048s][info ][gc,heap      ] GC(126) ParNew: 241305K->359K(270976K)
[111.048s][info ][gc,heap      ] GC(126) CMS: 219506K->219524K(602112K)
[111.048s][info ][gc,metaspace ] GC(126) Metaspace: 54490K->54490K(1099776K)
[111.048s][info ][gc           ] GC(126) Pause Young (Allocation Failure) 450M->214M(852M) 2.130ms
[111.048s][info ][gc,cpu       ] GC(126) User=0.01s Sys=0.00s Real=0.00s
[111.048s][info ][safepoint    ] Leaving safepoint region
[111.048s][info ][safepoint    ] Total time for which application threads were stopped: 0.0022924 seconds, Stopping threads took: 0.0000169 seconds
[111.524s][info ][safepoint    ] Application time: 0.4759582 seconds
[111.524s][info ][safepoint    ] Entering safepoint region: GenCollectForAllocation
[111.524s][info ][gc,start     ] GC(127) Pause Young (Allocation Failure)
[111.524s][info ][gc,task      ] GC(127) Using 4 workers of 4 for evacuation
[111.526s][debug][gc,ref       ] GC(127) Skipped phase1 of Reference Processing due to unavailable references
[111.526s][debug][gc,ref       ] GC(127) Skipped phase3 of Reference Processing due to unavailable references
[111.526s][debug][gc,age       ] GC(127) Desired survivor size 15400960 bytes, new threshold 6 (max threshold 6)
[111.526s][info ][gc,heap      ] GC(127) ParNew: 241255K->314K(270976K)
[111.526s][info ][gc,heap      ] GC(127) CMS: 219524K->219525K(602112K)
[111.526s][info ][gc,metaspace ] GC(127) Metaspace: 54495K->54495K(1099776K)
[111.526s][info ][gc           ] GC(127) Pause Young (Allocation Failure) 449M->214M(852M) 2.209ms
[111.526s][info ][gc,cpu       ] GC(127) User=0.00s Sys=0.00s Real=0.00s
[111.526s][info ][safepoint    ] Leaving safepoint region
[111.526s][info ][safepoint    ] Total time for which application threads were stopped: 0.0023798 seconds, Stopping threads took: 0.0000183 seconds
[111.971s][info ][safepoint    ] Application time: 0.4447376 seconds
[111.971s][info ][safepoint    ] Entering safepoint region: GenCollectForAllocation
[111.971s][info ][gc,start     ] GC(128) Pause Young (Allocation Failure)
[111.971s][info ][gc,task      ] GC(128) Using 4 workers of 4 for evacuation
[111.973s][debug][gc,ref       ] GC(128) Skipped phase1 of Reference Processing due to unavailable references
[111.973s][debug][gc,ref       ] GC(128) Skipped phase3 of Reference Processing due to unavailable references
[111.973s][debug][gc,ref       ] GC(128) Skipped phase4 of Reference Processing due to unavailable references
[111.973s][debug][gc,age       ] GC(128) Desired survivor size 15400960 bytes, new threshold 6 (max threshold 6)
[111.973s][info ][gc,heap      ] GC(128) ParNew: 241210K->311K(270976K)
[111.973s][info ][gc,heap      ] GC(128) CMS: 219525K->219537K(602112K)
[111.973s][info ][gc,metaspace ] GC(128) Metaspace: 54506K->54506K(1099776K)
[111.973s][info ][gc           ] GC(128) Pause Young (Allocation Failure) 449M->214M(852M) 1.791ms
[111.973s][info ][gc,cpu       ] GC(128) User=0.01s Sys=0.00s Real=0.00s
[111.973s][info ][safepoint    ] Leaving safepoint region
[111.973s][info ][safepoint    ] Total time for which application threads were stopped: 0.0019619 seconds, Stopping threads took: 0.0000158 seconds
[112.391s][info ][safepoint    ] Application time: 0.4176626 seconds
[112.391s][info ][safepoint    ] Entering safepoint region: GenCollectForAllocation
[112.391s][info ][gc,start     ] GC(129) Pause Young (Allocation Failure)
[112.391s][info ][gc,task      ] GC(129) Using 4 workers of 4 for evacuation
[112.393s][debug][gc,ref       ] GC(129) Skipped phase1 of Reference Processing due to unavailable references
[112.393s][debug][gc,ref       ] GC(129) Skipped phase3 of Reference Processing due to unavailable references
[112.393s][debug][gc,ref       ] GC(129) Skipped phase4 of Reference Processing due to unavailable references
[112.393s][debug][gc,age       ] GC(129) Desired survivor size 15400960 bytes, new threshold 6 (max threshold 6)
[112.393s][info ][gc,heap      ] GC(129) ParNew: 241207K->157K(270976K)
[112.393s][info ][gc,heap      ] GC(129) CMS: 219537K->219730K(602112K)
[112.393s][info ][gc,metaspace ] GC(129) Metaspace: 54510K->54510K(1099776K)
[112.393s][info ][gc           ] GC(129) Pause Young (Allocation Failure) 449M->214M(852M) 1.865ms
[112.393s][info ][gc,cpu       ] GC(129) User=0.01s Sys=0.00s Real=0.00s
[112.393s][info ][safepoint    ] Leaving safepoint region
[112.393s][info ][safepoint    ] Total time for which application threads were stopped: 0.0020476 seconds, Stopping threads took: 0.0000270 seconds
[112.841s][info ][safepoint    ] Application time: 0.4482582 seconds
[112.841s][info ][safepoint    ] Entering safepoint region: GenCollectForAllocation
[112.841s][info ][gc,start     ] GC(130) Pause Young (Allocation Failure)
[112.841s][info ][gc,task      ] GC(130) Using 4 workers of 4 for evacuation
[112.843s][debug][gc,ref       ] GC(130) Skipped phase1 of Reference Processing due to unavailable references
[112.843s][debug][gc,ref       ] GC(130) Skipped phase3 of Reference Processing due to unavailable references
[112.843s][debug][gc,ref       ] GC(130) Skipped phase4 of Reference Processing due to unavailable references
[112.843s][debug][gc,age       ] GC(130) Desired survivor size 15400960 bytes, new threshold 6 (max threshold 6)
[112.843s][info ][gc,heap      ] GC(130) ParNew: 241053K->200K(270976K)
[112.843s][info ][gc,heap      ] GC(130) CMS: 219730K->219734K(602112K)
[112.843s][info ][gc,metaspace ] GC(130) Metaspace: 54511K->54511K(1099776K)
[112.843s][info ][gc           ] GC(130) Pause Young (Allocation Failure) 449M->214M(852M) 1.760ms
[112.843s][info ][gc,cpu       ] GC(130) User=0.01s Sys=0.00s Real=0.01s
[112.843s][info ][safepoint    ] Leaving safepoint region
[112.843s][info ][safepoint    ] Total time for which application threads were stopped: 0.0019065 seconds, Stopping threads took: 0.0000151 seconds
[113.332s][info ][safepoint    ] Application time: 0.4888282 seconds
[113.332s][info ][safepoint    ] Entering safepoint region: GenCollectForAllocation
[113.332s][info ][gc,start     ] GC(131) Pause Young (Allocation Failure)
[113.332s][info ][gc,task      ] GC(131) Using 4 workers of 4 for evacuation
[113.334s][debug][gc,ref       ] GC(131) Skipped phase1 of Reference Processing due to unavailable references
[113.334s][debug][gc,ref       ] GC(131) Skipped phase2 of Reference Processing due to unavailable references
[113.334s][debug][gc,ref       ] GC(131) Skipped phase3 of Reference Processing due to unavailable references
[113.334s][debug][gc,ref       ] GC(131) Skipped phase4 of Reference Processing due to unavailable references
[113.334s][debug][gc,age       ] GC(131) Desired survivor size 15400960 bytes, new threshold 6 (max threshold 6)
[113.334s][info ][gc,heap      ] GC(131) ParNew: 241096K->109K(270976K)
[113.334s][info ][gc,heap      ] GC(131) CMS: 219734K->219735K(602112K)
[113.334s][info ][gc,metaspace ] GC(131) Metaspace: 54513K->54513K(1099776K)
[113.334s][info ][gc           ] GC(131) Pause Young (Allocation Failure) 450M->214M(852M) 1.767ms
[113.334s][info ][gc,cpu       ] GC(131) User=0.01s Sys=0.00s Real=0.00s
[113.334s][info ][safepoint    ] Leaving safepoint region
[113.334s][info ][safepoint    ] Total time for which application threads were stopped: 0.0019324 seconds, Stopping threads took: 0.0000209 seconds
[114.334s][info ][safepoint    ] Application time: 1.0000959 seconds
[114.334s][info ][safepoint    ] Entering safepoint region: Cleanup
[114.334s][info ][safepoint    ] Leaving safepoint region
[114.334s][info ][safepoint    ] Total time for which application threads were stopped: 0.0002355 seconds, Stopping threads took: 0.0000184 seconds
[115.123s][info ][safepoint    ] Application time: 0.7885565 seconds
[115.123s][info ][safepoint    ] Entering safepoint region: GenCollectForAllocation
[115.123s][info ][gc,start     ] GC(132) Pause Young (Allocation Failure)
[115.123s][info ][gc,task      ] GC(132) Using 4 workers of 4 for evacuation
[115.125s][debug][gc,ref       ] GC(132) Skipped phase1 of Reference Processing due to unavailable references
[115.125s][debug][gc,ref       ] GC(132) Skipped phase3 of Reference Processing due to unavailable references
[115.125s][debug][gc,age       ] GC(132) Desired survivor size 15400960 bytes, new threshold 6 (max threshold 6)
[115.125s][info ][gc,heap      ] GC(132) ParNew: 241005K->126K(270976K)
[115.125s][info ][gc,heap      ] GC(132) CMS: 219735K->219735K(602112K)
[115.125s][info ][gc,metaspace ] GC(132) Metaspace: 54615K->54615K(1099776K)
[115.125s][info ][gc           ] GC(132) Pause Young (Allocation Failure) 449M->214M(852M) 2.145ms
[115.125s][info ][gc,cpu       ] GC(132) User=0.01s Sys=0.00s Real=0.00s
[115.125s][info ][safepoint    ] Leaving safepoint region
[115.125s][info ][safepoint    ] Total time for which application threads were stopped: 0.0023410 seconds, Stopping threads took: 0.0000378 seconds
[116.125s][info ][safepoint    ] Application time: 1.0001548 seconds
[116.125s][info ][safepoint    ] Entering safepoint region: Cleanup
[116.126s][info ][safepoint    ] Leaving safepoint region
[116.126s][info ][safepoint    ] Total time for which application threads were stopped: 0.0002378 seconds, Stopping threads took: 0.0001216 seconds
[117.126s][info ][safepoint    ] Application time: 1.0000945 seconds
[117.126s][info ][safepoint    ] Entering safepoint region: Cleanup
[117.126s][info ][safepoint    ] Leaving safepoint region
[117.126s][info ][safepoint    ] Total time for which application threads were stopped: 0.0001641 seconds, Stopping threads took: 0.0000506 seconds
[117.176s][info ][safepoint    ] Application time: 0.0499924 seconds
[117.176s][info ][safepoint    ] Entering safepoint region: GenCollectForAllocation
[117.176s][info ][gc,start     ] GC(133) Pause Young (Allocation Failure)
[117.176s][info ][gc,task      ] GC(133) Using 4 workers of 4 for evacuation
[117.178s][debug][gc,ref       ] GC(133) Skipped phase1 of Reference Processing due to unavailable references
[117.178s][debug][gc,ref       ] GC(133) Skipped phase3 of Reference Processing due to unavailable references
[117.178s][debug][gc,age       ] GC(133) Desired survivor size 15400960 bytes, new threshold 6 (max threshold 6)
[117.178s][info ][gc,heap      ] GC(133) ParNew: 241022K->584K(270976K)
[117.178s][info ][gc,heap      ] GC(133) CMS: 219735K->219737K(602112K)
[117.178s][info ][gc,metaspace ] GC(133) Metaspace: 54672K->54672K(1099776K)
[117.178s][info ][gc           ] GC(133) Pause Young (Allocation Failure) 449M->215M(852M) 2.130ms
[117.178s][info ][gc,cpu       ] GC(133) User=0.01s Sys=0.00s Real=0.00s
[117.178s][info ][safepoint    ] Leaving safepoint region
[117.178s][info ][safepoint    ] Total time for which application threads were stopped: 0.0023320 seconds, Stopping threads took: 0.0000425 seconds
[118.178s][info ][safepoint    ] Application time: 1.0000983 seconds
[118.178s][info ][safepoint    ] Entering safepoint region: Cleanup
[118.179s][info ][safepoint    ] Leaving safepoint region
[118.179s][info ][safepoint    ] Total time for which application threads were stopped: 0.0001319 seconds, Stopping threads took: 0.0000362 seconds
[119.126s][info ][safepoint    ] Application time: 0.9471278 seconds
[119.126s][info ][safepoint    ] Entering safepoint region: GenCollectForAllocation
[119.126s][info ][gc,start     ] GC(134) Pause Young (Allocation Failure)
[119.126s][info ][gc,task      ] GC(134) Using 4 workers of 4 for evacuation
[119.128s][debug][gc,ref       ] GC(134) Skipped phase1 of Reference Processing due to unavailable references
[119.128s][debug][gc,ref       ] GC(134) Skipped phase3 of Reference Processing due to unavailable references
[119.128s][debug][gc,age       ] GC(134) Desired survivor size 15400960 bytes, new threshold 6 (max threshold 6)
[119.128s][info ][gc,heap      ] GC(134) ParNew: 241480K->724K(270976K)
[119.128s][info ][gc,heap      ] GC(134) CMS: 219737K->219737K(602112K)
[119.128s][info ][gc,metaspace ] GC(134) Metaspace: 54779K->54779K(1099776K)
[119.128s][info ][gc           ] GC(134) Pause Young (Allocation Failure) 450M->215M(852M) 2.401ms
[119.128s][info ][gc,cpu       ] GC(134) User=0.00s Sys=0.00s Real=0.00s
[119.128s][info ][safepoint    ] Leaving safepoint region
[119.128s][info ][safepoint    ] Total time for which application threads were stopped: 0.0026064 seconds, Stopping threads took: 0.0000159 seconds
[120.128s][info ][safepoint    ] Application time: 1.0001017 seconds
[120.128s][info ][safepoint    ] Entering safepoint region: Cleanup
[120.129s][info ][safepoint    ] Leaving safepoint region
[120.129s][info ][safepoint    ] Total time for which application threads were stopped: 0.0001797 seconds, Stopping threads took: 0.0000461 seconds
[121.129s][info ][safepoint    ] Application time: 1.0000972 seconds
[121.129s][info ][safepoint    ] Entering safepoint region: Cleanup
[121.129s][info ][safepoint    ] Leaving safepoint region
[121.129s][info ][safepoint    ] Total time for which application threads were stopped: 0.0001287 seconds, Stopping threads took: 0.0000160 seconds
[121.476s][info ][safepoint    ] Application time: 0.3470092 seconds
[121.476s][info ][safepoint    ] Entering safepoint region: GenCollectForAllocation
[121.476s][info ][gc,start     ] GC(135) Pause Young (Allocation Failure)
[121.476s][info ][gc,task      ] GC(135) Using 4 workers of 4 for evacuation
[121.478s][debug][gc,ref       ] GC(135) Skipped phase1 of Reference Processing due to unavailable references
[121.478s][debug][gc,ref       ] GC(135) Skipped phase3 of Reference Processing due to unavailable references
[121.478s][debug][gc,age       ] GC(135) Desired survivor size 15400960 bytes, new threshold 6 (max threshold 6)
[121.478s][info ][gc,heap      ] GC(135) ParNew: 241620K->828K(270976K)
[121.478s][info ][gc,heap      ] GC(135) CMS: 219737K->219742K(602112K)
[121.478s][info ][gc,metaspace ] GC(135) Metaspace: 54820K->54820K(1099776K)
[121.478s][info ][gc           ] GC(135) Pause Young (Allocation Failure) 450M->215M(852M) 2.228ms
[121.478s][info ][gc,cpu       ] GC(135) User=0.00s Sys=0.00s Real=0.00s
[121.478s][info ][safepoint    ] Leaving safepoint region
[121.478s][info ][safepoint    ] Total time for which application threads were stopped: 0.0024220 seconds, Stopping threads took: 0.0000412 seconds
[122.478s][info ][safepoint    ] Application time: 1.0000778 seconds
[122.479s][info ][safepoint    ] Entering safepoint region: Cleanup
[122.479s][info ][safepoint    ] Leaving safepoint region
[122.479s][info ][safepoint    ] Total time for which application threads were stopped: 0.0000810 seconds, Stopping threads took: 0.0000165 seconds
[123.223s][info ][safepoint    ] Application time: 0.7447713 seconds
[123.223s][info ][safepoint    ] Entering safepoint region: GenCollectForAllocation
[123.224s][info ][gc,start     ] GC(136) Pause Young (Allocation Failure)
[123.224s][info ][gc,task      ] GC(136) Using 4 workers of 4 for evacuation
[123.228s][debug][gc,ref       ] GC(136) Skipped phase1 of Reference Processing due to unavailable references
[123.228s][debug][gc,ref       ] GC(136) Skipped phase3 of Reference Processing due to unavailable references
[123.228s][debug][gc,ref       ] GC(136) Skipped phase4 of Reference Processing due to unavailable references
[123.228s][debug][gc,age       ] GC(136) Desired survivor size 15400960 bytes, new threshold 6 (max threshold 6)
[123.228s][info ][gc,heap      ] GC(136) ParNew: 241724K->6116K(270976K)
[123.228s][info ][gc,heap      ] GC(136) CMS: 219742K->219742K(602112K)
[123.228s][info ][gc,metaspace ] GC(136) Metaspace: 54846K->54846K(1099776K)
[123.228s][info ][gc           ] GC(136) Pause Young (Allocation Failure) 450M->220M(852M) 4.463ms
[123.228s][info ][gc,cpu       ] GC(136) User=0.02s Sys=0.00s Real=0.00s
[123.228s][info ][safepoint    ] Leaving safepoint region
[123.228s][info ][safepoint    ] Total time for which application threads were stopped: 0.0047028 seconds, Stopping threads took: 0.0000361 seconds
[124.228s][info ][safepoint    ] Application time: 1.0001230 seconds
[124.228s][info ][safepoint    ] Entering safepoint region: Cleanup
[124.228s][info ][safepoint    ] Leaving safepoint region
[124.228s][info ][safepoint    ] Total time for which application threads were stopped: 0.0001441 seconds, Stopping threads took: 0.0000380 seconds
[125.076s][info ][safepoint    ] Application time: 0.8479172 seconds
[125.076s][info ][safepoint    ] Entering safepoint region: GenCollectForAllocation
[125.076s][info ][gc,start     ] GC(137) Pause Young (Allocation Failure)
[125.077s][info ][gc,task      ] GC(137) Using 4 workers of 4 for evacuation
[125.080s][debug][gc,ref       ] GC(137) Skipped phase1 of Reference Processing due to unavailable references
[125.080s][debug][gc,ref       ] GC(137) Skipped phase3 of Reference Processing due to unavailable references
[125.080s][debug][gc,age       ] GC(137) Desired survivor size 15400960 bytes, new threshold 6 (max threshold 6)
[125.080s][info ][gc,heap      ] GC(137) ParNew: 247012K->8173K(270976K)
[125.080s][info ][gc,heap      ] GC(137) CMS: 219742K->219742K(602112K)
[125.080s][info ][gc,metaspace ] GC(137) Metaspace: 54866K->54866K(1099776K)
[125.080s][info ][gc           ] GC(137) Pause Young (Allocation Failure) 455M->222M(852M) 3.720ms
[125.080s][info ][gc,cpu       ] GC(137) User=0.02s Sys=0.00s Real=0.00s
[125.080s][info ][safepoint    ] Leaving safepoint region
[125.080s][info ][safepoint    ] Total time for which application threads were stopped: 0.0039156 seconds, Stopping threads took: 0.0000346 seconds
[126.080s][info ][safepoint    ] Application time: 1.0000842 seconds
[126.080s][info ][safepoint    ] Entering safepoint region: Cleanup
[126.080s][info ][safepoint    ] Leaving safepoint region
[126.080s][info ][safepoint    ] Total time for which application threads were stopped: 0.0001092 seconds, Stopping threads took: 0.0000153 seconds
[126.775s][info ][safepoint    ] Application time: 0.6944363 seconds
[126.775s][info ][safepoint    ] Entering safepoint region: GenCollectForAllocation
[126.775s][info ][gc,start     ] GC(138) Pause Young (Allocation Failure)
[126.775s][info ][gc,task      ] GC(138) Using 4 workers of 4 for evacuation
[126.779s][debug][gc,ref       ] GC(138) Skipped phase1 of Reference Processing due to unavailable references
[126.779s][debug][gc,ref       ] GC(138) Skipped phase3 of Reference Processing due to unavailable references
[126.779s][debug][gc,ref       ] GC(138) Skipped phase4 of Reference Processing due to unavailable references
[126.779s][debug][gc,age       ] GC(138) Desired survivor size 15400960 bytes, new threshold 6 (max threshold 6)
[126.779s][info ][gc,heap      ] GC(138) ParNew: 249069K->8168K(270976K)
[126.779s][info ][gc,heap      ] GC(138) CMS: 219742K->219777K(602112K)
[126.779s][info ][gc,metaspace ] GC(138) Metaspace: 54873K->54873K(1099776K)
[126.779s][info ][gc           ] GC(138) Pause Young (Allocation Failure) 457M->222M(852M) 4.310ms
[126.779s][info ][gc,cpu       ] GC(138) User=0.01s Sys=0.00s Real=0.00s
[126.779s][info ][safepoint    ] Leaving safepoint region
[126.779s][info ][safepoint    ] Total time for which application threads were stopped: 0.0045078 seconds, Stopping threads took: 0.0000174 seconds
[127.780s][info ][safepoint    ] Application time: 1.0000990 seconds
[127.780s][info ][safepoint    ] Entering safepoint region: Cleanup
[127.780s][info ][safepoint    ] Leaving safepoint region
[127.780s][info ][safepoint    ] Total time for which application threads were stopped: 0.0001658 seconds, Stopping threads took: 0.0000733 seconds
[128.576s][info ][safepoint    ] Application time: 0.7961190 seconds
[128.576s][info ][safepoint    ] Entering safepoint region: GenCollectForAllocation
[128.576s][info ][gc,start     ] GC(139) Pause Young (Allocation Failure)
[128.576s][info ][gc,task      ] GC(139) Using 4 workers of 4 for evacuation
[128.582s][debug][gc,ref       ] GC(139) Skipped phase1 of Reference Processing due to unavailable references
[128.582s][debug][gc,ref       ] GC(139) Skipped phase3 of Reference Processing due to unavailable references
[128.582s][debug][gc,ref       ] GC(139) Skipped phase4 of Reference Processing due to unavailable references
[128.582s][debug][gc,age       ] GC(139) Desired survivor size 15400960 bytes, new threshold 6 (max threshold 6)
[128.582s][info ][gc,heap      ] GC(139) ParNew: 249064K->8626K(270976K)
[128.582s][info ][gc,heap      ] GC(139) CMS: 219777K->220067K(602112K)
[128.582s][info ][gc,metaspace ] GC(139) Metaspace: 54885K->54885K(1099776K)
[128.582s][info ][gc           ] GC(139) Pause Young (Allocation Failure) 457M->223M(852M) 5.680ms
[128.582s][info ][gc,cpu       ] GC(139) User=0.02s Sys=0.00s Real=0.01s
[128.582s][info ][safepoint    ] Leaving safepoint region
[128.582s][info ][safepoint    ] Total time for which application threads were stopped: 0.0059231 seconds, Stopping threads took: 0.0000409 seconds
[129.582s][info ][safepoint    ] Application time: 1.0001096 seconds
[129.582s][info ][safepoint    ] Entering safepoint region: Cleanup
[129.582s][info ][safepoint    ] Leaving safepoint region
[129.582s][info ][safepoint    ] Total time for which application threads were stopped: 0.0001549 seconds, Stopping threads took: 0.0000557 seconds
[130.076s][info ][safepoint    ] Application time: 0.4933684 seconds
[130.076s][info ][safepoint    ] Entering safepoint region: GenCollectForAllocation
[130.076s][info ][gc,start     ] GC(140) Pause Young (Allocation Failure)
[130.076s][info ][gc,task      ] GC(140) Using 4 workers of 4 for evacuation
[130.079s][debug][gc,ref       ] GC(140) Skipped phase1 of Reference Processing due to unavailable references
[130.079s][debug][gc,ref       ] GC(140) Skipped phase3 of Reference Processing due to unavailable references
[130.079s][debug][gc,age       ] GC(140) Desired survivor size 15400960 bytes, new threshold 6 (max threshold 6)
[130.079s][info ][gc,heap      ] GC(140) ParNew: 249522K->6954K(270976K)
[130.079s][info ][gc,heap      ] GC(140) CMS: 220067K->220105K(602112K)
[130.079s][info ][gc,metaspace ] GC(140) Metaspace: 54890K->54890K(1099776K)
[130.080s][info ][gc           ] GC(140) Pause Young (Allocation Failure) 458M->221M(852M) 3.786ms
[130.080s][info ][gc,cpu       ] GC(140) User=0.01s Sys=0.00s Real=0.00s
[130.080s][info ][safepoint    ] Leaving safepoint region
[130.080s][info ][safepoint    ] Total time for which application threads were stopped: 0.0039683 seconds, Stopping threads took: 0.0000400 seconds
[131.080s][info ][safepoint    ] Application time: 1.0001208 seconds
[131.080s][info ][safepoint    ] Entering safepoint region: Cleanup
[131.080s][info ][safepoint    ] Leaving safepoint region
[131.080s][info ][safepoint    ] Total time for which application threads were stopped: 0.0001430 seconds, Stopping threads took: 0.0000530 seconds
[131.775s][info ][safepoint    ] Application time: 0.6955961 seconds
[131.776s][info ][safepoint    ] Entering safepoint region: GenCollectForAllocation
[131.776s][info ][gc,start     ] GC(141) Pause Young (Allocation Failure)
[131.776s][info ][gc,task      ] GC(141) Using 4 workers of 4 for evacuation
[131.780s][debug][gc,ref       ] GC(141) Skipped phase1 of Reference Processing due to unavailable references
[131.780s][debug][gc,ref       ] GC(141) Skipped phase3 of Reference Processing due to unavailable references
[131.780s][debug][gc,ref       ] GC(141) Skipped phase4 of Reference Processing due to unavailable references
[131.780s][debug][gc,age       ] GC(141) Desired survivor size 15400960 bytes, new threshold 6 (max threshold 6)
[131.780s][info ][gc,heap      ] GC(141) ParNew: 247850K->8235K(270976K)
[131.780s][info ][gc,heap      ] GC(141) CMS: 220105K->220116K(602112K)
[131.780s][info ][gc,metaspace ] GC(141) Metaspace: 54898K->54898K(1099776K)
[131.780s][info ][gc           ] GC(141) Pause Young (Allocation Failure) 456M->222M(852M) 4.111ms
[131.780s][info ][gc,cpu       ] GC(141) User=0.01s Sys=0.01s Real=0.00s
[131.780s][info ][safepoint    ] Leaving safepoint region
[131.780s][info ][safepoint    ] Total time for which application threads were stopped: 0.0043212 seconds, Stopping threads took: 0.0000472 seconds
[132.780s][info ][safepoint    ] Application time: 1.0000957 seconds
[132.780s][info ][safepoint    ] Entering safepoint region: Cleanup
[132.780s][info ][safepoint    ] Leaving safepoint region
[132.780s][info ][safepoint    ] Total time for which application threads were stopped: 0.0001221 seconds, Stopping threads took: 0.0000360 seconds
[133.276s][info ][safepoint    ] Application time: 0.4955861 seconds
[133.276s][info ][safepoint    ] Entering safepoint region: GenCollectForAllocation
[133.276s][info ][gc,start     ] GC(142) Pause Young (Allocation Failure)
[133.276s][info ][gc,task      ] GC(142) Using 4 workers of 4 for evacuation
[133.299s][debug][gc,ref       ] GC(142) Skipped phase1 of Reference Processing due to unavailable references
[133.299s][debug][gc,ref       ] GC(142) Skipped phase3 of Reference Processing due to unavailable references
[133.299s][debug][gc,ref       ] GC(142) Skipped phase4 of Reference Processing due to unavailable references
[133.299s][debug][gc,age       ] GC(142) Desired survivor size 15400960 bytes, new threshold 6 (max threshold 6)
[133.299s][info ][gc,heap      ] GC(142) ParNew: 249131K->5463K(270976K)
[133.299s][info ][gc,heap      ] GC(142) CMS: 220116K->225273K(602112K)
[133.299s][info ][gc,metaspace ] GC(142) Metaspace: 54898K->54898K(1099776K)
[133.299s][info ][gc           ] GC(142) Pause Young (Allocation Failure) 458M->225M(852M) 23.222ms
[133.299s][info ][gc,cpu       ] GC(142) User=0.06s Sys=0.00s Real=0.02s
[133.299s][info ][safepoint    ] Leaving safepoint region
[133.299s][info ][safepoint    ] Total time for which application threads were stopped: 0.0234128 seconds, Stopping threads took: 0.0000387 seconds
[134.299s][info ][safepoint    ] Application time: 1.0000537 seconds
[134.299s][info ][safepoint    ] Entering safepoint region: Cleanup
[134.299s][info ][safepoint    ] Leaving safepoint region
[134.299s][info ][safepoint    ] Total time for which application threads were stopped: 0.0000862 seconds, Stopping threads took: 0.0000167 seconds
[134.976s][info ][safepoint    ] Application time: 0.6762351 seconds
[134.976s][info ][safepoint    ] Entering safepoint region: GenCollectForAllocation
[134.976s][info ][gc,start     ] GC(143) Pause Young (Allocation Failure)
[134.976s][info ][gc,task      ] GC(143) Using 4 workers of 4 for evacuation
[134.978s][debug][gc,ref       ] GC(143) Skipped phase1 of Reference Processing due to unavailable references
[134.978s][debug][gc,ref       ] GC(143) Skipped phase3 of Reference Processing due to unavailable references
[134.978s][debug][gc,ref       ] GC(143) Skipped phase4 of Reference Processing due to unavailable references
[134.978s][debug][gc,age       ] GC(143) Desired survivor size 15400960 bytes, new threshold 6 (max threshold 6)
[134.978s][info ][gc,heap      ] GC(143) ParNew: 246359K->1429K(270976K)
[134.978s][info ][gc,heap      ] GC(143) CMS: 225273K->225275K(602112K)
[134.978s][info ][gc,metaspace ] GC(143) Metaspace: 54898K->54898K(1099776K)
[134.978s][info ][gc           ] GC(143) Pause Young (Allocation Failure) 460M->221M(852M) 2.182ms
[134.978s][info ][gc,cpu       ] GC(143) User=0.01s Sys=0.00s Real=0.00s
[134.978s][info ][safepoint    ] Leaving safepoint region
[134.978s][info ][safepoint    ] Total time for which application threads were stopped: 0.0024685 seconds, Stopping threads took: 0.0000539 seconds
[135.978s][info ][safepoint    ] Application time: 1.0001047 seconds
[135.978s][info ][safepoint    ] Entering safepoint region: Cleanup
[135.978s][info ][safepoint    ] Leaving safepoint region
[135.978s][info ][safepoint    ] Total time for which application threads were stopped: 0.0001426 seconds, Stopping threads took: 0.0000726 seconds
[136.775s][info ][safepoint    ] Application time: 0.7970394 seconds
[136.775s][info ][safepoint    ] Entering safepoint region: GenCollectForAllocation
[136.776s][info ][gc,start     ] GC(144) Pause Young (Allocation Failure)
[136.776s][info ][gc,task      ] GC(144) Using 4 workers of 4 for evacuation
[136.779s][debug][gc,ref       ] GC(144) Skipped phase1 of Reference Processing due to unavailable references
[136.779s][debug][gc,ref       ] GC(144) Skipped phase3 of Reference Processing due to unavailable references
[136.779s][debug][gc,ref       ] GC(144) Skipped phase4 of Reference Processing due to unavailable references
[136.779s][debug][gc,age       ] GC(144) Desired survivor size 15400960 bytes, new threshold 6 (max threshold 6)
[136.779s][info ][gc,heap      ] GC(144) ParNew: 242325K->446K(270976K)
[136.779s][info ][gc,heap      ] GC(144) CMS: 225275K->225568K(602112K)
[136.779s][info ][gc,metaspace ] GC(144) Metaspace: 54899K->54899K(1099776K)
[136.779s][info ][gc           ] GC(144) Pause Young (Allocation Failure) 456M->220M(852M) 3.415ms
[136.779s][info ][gc,cpu       ] GC(144) User=0.02s Sys=0.01s Real=0.00s
[136.779s][info ][safepoint    ] Leaving safepoint region
[136.779s][info ][safepoint    ] Total time for which application threads were stopped: 0.0035802 seconds, Stopping threads took: 0.0000167 seconds
[137.779s][info ][safepoint    ] Application time: 1.0001046 seconds
[137.779s][info ][safepoint    ] Entering safepoint region: Cleanup
[137.779s][info ][safepoint    ] Leaving safepoint region
[137.779s][info ][safepoint    ] Total time for which application threads were stopped: 0.0001126 seconds, Stopping threads took: 0.0000408 seconds
[138.533s][info ][safepoint    ] Application time: 0.7532547 seconds
[138.533s][info ][safepoint    ] Entering safepoint region: GenCollectForAllocation
[138.533s][info ][gc,start     ] GC(145) Pause Young (Allocation Failure)
[138.533s][info ][gc,task      ] GC(145) Using 4 workers of 4 for evacuation
[138.534s][debug][gc,ref       ] GC(145) Skipped phase1 of Reference Processing due to unavailable references
[138.534s][debug][gc,ref       ] GC(145) Skipped phase3 of Reference Processing due to unavailable references
[138.534s][debug][gc,ref       ] GC(145) Skipped phase4 of Reference Processing due to unavailable references
[138.534s][debug][gc,age       ] GC(145) Desired survivor size 15400960 bytes, new threshold 6 (max threshold 6)
[138.534s][info ][gc,heap      ] GC(145) ParNew: 241342K->121K(270976K)
[138.534s][info ][gc,heap      ] GC(145) CMS: 225568K->225568K(602112K)
[138.534s][info ][gc,metaspace ] GC(145) Metaspace: 54901K->54901K(1099776K)
[138.534s][info ][gc           ] GC(145) Pause Young (Allocation Failure) 455M->220M(852M) 1.776ms
[138.535s][info ][gc,cpu       ] GC(145) User=0.00s Sys=0.00s Real=0.00s
[138.535s][info ][safepoint    ] Leaving safepoint region
[138.535s][info ][safepoint    ] Total time for which application threads were stopped: 0.0019403 seconds, Stopping threads took: 0.0000166 seconds
[139.535s][info ][safepoint    ] Application time: 1.0001027 seconds
[139.535s][info ][safepoint    ] Entering safepoint region: Cleanup
[139.535s][info ][safepoint    ] Leaving safepoint region
[139.535s][info ][safepoint    ] Total time for which application threads were stopped: 0.0001152 seconds, Stopping threads took: 0.0000395 seconds
[139.977s][info ][safepoint    ] Application time: 0.4419501 seconds
[139.977s][info ][safepoint    ] Entering safepoint region: GenCollectForAllocation
[139.977s][info ][gc,start     ] GC(146) Pause Young (Allocation Failure)
[139.977s][info ][gc,task      ] GC(146) Using 4 workers of 4 for evacuation
[139.979s][debug][gc,ref       ] GC(146) Skipped phase1 of Reference Processing due to unavailable references
[139.979s][debug][gc,ref       ] GC(146) Skipped phase2 of Reference Processing due to unavailable references
[139.979s][debug][gc,ref       ] GC(146) Skipped phase3 of Reference Processing due to unavailable references
[139.979s][debug][gc,ref       ] GC(146) Skipped phase4 of Reference Processing due to unavailable references
[139.979s][debug][gc,age       ] GC(146) Desired survivor size 15400960 bytes, new threshold 6 (max threshold 6)
[139.979s][info ][gc,heap      ] GC(146) ParNew: 241017K->90K(270976K)
[139.979s][info ][gc,heap      ] GC(146) CMS: 225568K->225570K(602112K)
[139.979s][info ][gc,metaspace ] GC(146) Metaspace: 54903K->54903K(1099776K)
[139.979s][info ][gc           ] GC(146) Pause Young (Allocation Failure) 455M->220M(852M) 2.227ms
[139.979s][info ][gc,cpu       ] GC(146) User=0.01s Sys=0.00s Real=0.00s
[139.979s][info ][safepoint    ] Leaving safepoint region
[139.979s][info ][safepoint    ] Total time for which application threads were stopped: 0.0024117 seconds, Stopping threads took: 0.0000376 seconds
[140.979s][info ][safepoint    ] Application time: 1.0000777 seconds
[140.979s][info ][safepoint    ] Entering safepoint region: Cleanup
[140.979s][info ][safepoint    ] Leaving safepoint region
[140.979s][info ][safepoint    ] Total time for which application threads were stopped: 0.0001270 seconds, Stopping threads took: 0.0000153 seconds
[141.626s][info ][safepoint    ] Application time: 0.6461023 seconds
[141.626s][info ][safepoint    ] Entering safepoint region: GenCollectForAllocation
[141.626s][info ][gc,start     ] GC(147) Pause Young (Allocation Failure)
[141.626s][info ][gc,task      ] GC(147) Using 4 workers of 4 for evacuation
[141.628s][debug][gc,ref       ] GC(147) Skipped phase1 of Reference Processing due to unavailable references
[141.628s][debug][gc,ref       ] GC(147) Skipped phase2 of Reference Processing due to unavailable references
[141.628s][debug][gc,ref       ] GC(147) Skipped phase3 of Reference Processing due to unavailable references
[141.628s][debug][gc,ref       ] GC(147) Skipped phase4 of Reference Processing due to unavailable references
[141.628s][debug][gc,age       ] GC(147) Desired survivor size 15400960 bytes, new threshold 6 (max threshold 6)
[141.628s][info ][gc,heap      ] GC(147) ParNew: 240986K->197K(270976K)
[141.628s][info ][gc,heap      ] GC(147) CMS: 225570K->225571K(602112K)
[141.628s][info ][gc,metaspace ] GC(147) Metaspace: 54907K->54907K(1099776K)
[141.628s][info ][gc           ] GC(147) Pause Young (Allocation Failure) 455M->220M(852M) 2.080ms
[141.628s][info ][gc,cpu       ] GC(147) User=0.00s Sys=0.00s Real=0.00s
[141.628s][info ][safepoint    ] Leaving safepoint region
[141.628s][info ][safepoint    ] Total time for which application threads were stopped: 0.0023120 seconds, Stopping threads took: 0.0000771 seconds
[142.628s][info ][safepoint    ] Application time: 1.0001502 seconds
[142.628s][info ][safepoint    ] Entering safepoint region: Cleanup
[142.628s][info ][safepoint    ] Leaving safepoint region
[142.628s][info ][safepoint    ] Total time for which application threads were stopped: 0.0001745 seconds, Stopping threads took: 0.0000788 seconds
[143.477s][info ][safepoint    ] Application time: 0.8484555 seconds
[143.477s][info ][safepoint    ] Entering safepoint region: GenCollectForAllocation
[143.477s][info ][gc,start     ] GC(148) Pause Young (Allocation Failure)
[143.477s][info ][gc,task      ] GC(148) Using 4 workers of 4 for evacuation
[143.481s][debug][gc,ref       ] GC(148) Skipped phase1 of Reference Processing due to unavailable references
[143.481s][debug][gc,ref       ] GC(148) Skipped phase2 of Reference Processing due to unavailable references
[143.481s][debug][gc,ref       ] GC(148) Skipped phase3 of Reference Processing due to unavailable references
[143.481s][debug][gc,ref       ] GC(148) Skipped phase4 of Reference Processing due to unavailable references
[143.482s][debug][gc,age       ] GC(148) Desired survivor size 15400960 bytes, new threshold 6 (max threshold 6)
[143.482s][info ][gc,heap      ] GC(148) ParNew: 241093K->364K(270976K)
[143.482s][info ][gc,heap      ] GC(148) CMS: 225571K->225571K(602112K)
[143.482s][info ][gc,metaspace ] GC(148) Metaspace: 54908K->54908K(1099776K)
[143.482s][info ][gc           ] GC(148) Pause Young (Allocation Failure) 455M->220M(852M) 4.873ms
[143.482s][info ][gc,cpu       ] GC(148) User=0.01s Sys=0.00s Real=0.01s
[143.482s][info ][safepoint    ] Leaving safepoint region
[143.482s][info ][safepoint    ] Total time for which application threads were stopped: 0.0050780 seconds, Stopping threads took: 0.0000371 seconds
[144.482s][info ][safepoint    ] Application time: 1.0001045 seconds
[144.482s][info ][safepoint    ] Entering safepoint region: Cleanup
[144.482s][info ][safepoint    ] Leaving safepoint region
[144.482s][info ][safepoint    ] Total time for which application threads were stopped: 0.0001577 seconds, Stopping threads took: 0.0000683 seconds
[145.228s][info ][safepoint    ] Application time: 0.7453901 seconds
[145.228s][info ][safepoint    ] Entering safepoint region: GenCollectForAllocation
[145.228s][info ][gc,start     ] GC(149) Pause Young (Allocation Failure)
[145.228s][info ][gc,task      ] GC(149) Using 4 workers of 4 for evacuation
[145.232s][debug][gc,ref       ] GC(149) Skipped phase1 of Reference Processing due to unavailable references
[145.232s][debug][gc,ref       ] GC(149) Skipped phase2 of Reference Processing due to unavailable references
[145.232s][debug][gc,ref       ] GC(149) Skipped phase3 of Reference Processing due to unavailable references
[145.232s][debug][gc,ref       ] GC(149) Skipped phase4 of Reference Processing due to unavailable references
[145.232s][debug][gc,age       ] GC(149) Desired survivor size 15400960 bytes, new threshold 6 (max threshold 6)
[145.232s][info ][gc,heap      ] GC(149) ParNew: 241260K->314K(270976K)
[145.232s][info ][gc,heap      ] GC(149) CMS: 225571K->225572K(602112K)
[145.232s][info ][gc,metaspace ] GC(149) Metaspace: 54913K->54913K(1099776K)
[145.232s][info ][gc           ] GC(149) Pause Young (Allocation Failure) 455M->220M(852M) 4.544ms
[145.232s][info ][gc,cpu       ] GC(149) User=0.01s Sys=0.00s Real=0.01s
[145.232s][info ][safepoint    ] Leaving safepoint region
[145.232s][info ][safepoint    ] Total time for which application threads were stopped: 0.0047430 seconds, Stopping threads took: 0.0000388 seconds
[146.234s][info ][safepoint    ] Application time: 1.0018671 seconds
[146.234s][info ][safepoint    ] Entering safepoint region: Cleanup
[146.234s][info ][safepoint    ] Leaving safepoint region
[146.234s][info ][safepoint    ] Total time for which application threads were stopped: 0.0001012 seconds, Stopping threads took: 0.0000153 seconds
[147.075s][info ][safepoint    ] Application time: 0.8405932 seconds
[147.075s][info ][safepoint    ] Entering safepoint region: GenCollectForAllocation
[147.075s][info ][gc,start     ] GC(150) Pause Young (Allocation Failure)
[147.075s][info ][gc,task      ] GC(150) Using 4 workers of 4 for evacuation
[147.077s][debug][gc,ref       ] GC(150) Skipped phase1 of Reference Processing due to unavailable references
[147.077s][debug][gc,ref       ] GC(150) Skipped phase2 of Reference Processing due to unavailable references
[147.077s][debug][gc,ref       ] GC(150) Skipped phase3 of Reference Processing due to unavailable references
[147.078s][debug][gc,age       ] GC(150) Desired survivor size 15400960 bytes, new threshold 6 (max threshold 6)
[147.078s][info ][gc,heap      ] GC(150) ParNew: 241210K->401K(270976K)
[147.078s][info ][gc,heap      ] GC(150) CMS: 225572K->225572K(602112K)
[147.078s][info ][gc,metaspace ] GC(150) Metaspace: 54920K->54920K(1099776K)
[147.078s][info ][gc           ] GC(150) Pause Young (Allocation Failure) 455M->220M(852M) 2.415ms
[147.078s][info ][gc,cpu       ] GC(150) User=0.00s Sys=0.00s Real=0.00s
[147.078s][info ][safepoint    ] Leaving safepoint region
[147.078s][info ][safepoint    ] Total time for which application threads were stopped: 0.0026086 seconds, Stopping threads took: 0.0000188 seconds
[148.078s][info ][safepoint    ] Application time: 1.0001020 seconds
[148.078s][info ][safepoint    ] Entering safepoint region: Cleanup
[148.078s][info ][safepoint    ] Leaving safepoint region
[148.078s][info ][safepoint    ] Total time for which application threads were stopped: 0.0001107 seconds, Stopping threads took: 0.0000406 seconds
[148.674s][info ][safepoint    ] Application time: 0.5965441 seconds
[148.675s][info ][safepoint    ] Entering safepoint region: GenCollectForAllocation
[148.675s][info ][gc,start     ] GC(151) Pause Young (Allocation Failure)
[148.675s][info ][gc,task      ] GC(151) Using 4 workers of 4 for evacuation
[148.677s][debug][gc,ref       ] GC(151) Skipped phase1 of Reference Processing due to unavailable references
[148.677s][debug][gc,ref       ] GC(151) Skipped phase2 of Reference Processing due to unavailable references
[148.677s][debug][gc,ref       ] GC(151) Skipped phase3 of Reference Processing due to unavailable references
[148.677s][debug][gc,ref       ] GC(151) Skipped phase4 of Reference Processing due to unavailable references
[148.677s][debug][gc,age       ] GC(151) Desired survivor size 15400960 bytes, new threshold 6 (max threshold 6)
[148.677s][info ][gc,heap      ] GC(151) ParNew: 241297K->496K(270976K)
[148.677s][info ][gc,heap      ] GC(151) CMS: 225572K->225572K(602112K)
[148.677s][info ][gc,metaspace ] GC(151) Metaspace: 54921K->54921K(1099776K)
[148.677s][info ][gc           ] GC(151) Pause Young (Allocation Failure) 455M->220M(852M) 2.057ms
[148.677s][info ][gc,cpu       ] GC(151) User=0.01s Sys=0.00s Real=0.00s
[148.677s][info ][safepoint    ] Leaving safepoint region
[148.677s][info ][safepoint    ] Total time for which application threads were stopped: 0.0022238 seconds, Stopping threads took: 0.0000154 seconds
[149.677s][info ][safepoint    ] Application time: 1.0001066 seconds
[149.677s][info ][safepoint    ] Entering safepoint region: Cleanup
[149.677s][info ][safepoint    ] Leaving safepoint region
[149.677s][info ][safepoint    ] Total time for which application threads were stopped: 0.0001446 seconds, Stopping threads took: 0.0000684 seconds
[150.576s][info ][safepoint    ] Application time: 0.8984662 seconds
[150.576s][info ][safepoint    ] Entering safepoint region: GenCollectForAllocation
[150.576s][info ][gc,start     ] GC(152) Pause Young (Allocation Failure)
[150.576s][info ][gc,task      ] GC(152) Using 4 workers of 4 for evacuation
[150.577s][debug][gc,ref       ] GC(152) Skipped phase1 of Reference Processing due to unavailable references
[150.577s][debug][gc,ref       ] GC(152) Skipped phase3 of Reference Processing due to unavailable references
[150.577s][debug][gc,ref       ] GC(152) Skipped phase4 of Reference Processing due to unavailable references
[150.578s][debug][gc,age       ] GC(152) Desired survivor size 15400960 bytes, new threshold 6 (max threshold 6)
[150.578s][info ][gc,heap      ] GC(152) ParNew: 241392K->409K(270976K)
[150.578s][info ][gc,heap      ] GC(152) CMS: 225572K->225573K(602112K)
[150.578s][info ][gc,metaspace ] GC(152) Metaspace: 54928K->54928K(1099776K)
[150.578s][info ][gc           ] GC(152) Pause Young (Allocation Failure) 456M->220M(852M) 1.954ms
[150.578s][info ][gc,cpu       ] GC(152) User=0.00s Sys=0.00s Real=0.00s
[150.578s][info ][safepoint    ] Leaving safepoint region
[150.578s][info ][safepoint    ] Total time for which application threads were stopped: 0.0021447 seconds, Stopping threads took: 0.0000449 seconds
[151.578s][info ][safepoint    ] Application time: 1.0000918 seconds
[151.578s][info ][safepoint    ] Entering safepoint region: Cleanup
[151.578s][info ][safepoint    ] Leaving safepoint region
[151.578s][info ][safepoint    ] Total time for which application threads were stopped: 0.0001105 seconds, Stopping threads took: 0.0000407 seconds
[152.577s][info ][safepoint    ] Application time: 0.9988814 seconds
[152.577s][info ][safepoint    ] Entering safepoint region: GenCollectForAllocation
[152.577s][info ][gc,start     ] GC(153) Pause Young (Allocation Failure)
[152.577s][info ][gc,task      ] GC(153) Using 4 workers of 4 for evacuation
[152.579s][debug][gc,ref       ] GC(153) Skipped phase1 of Reference Processing due to unavailable references
[152.579s][debug][gc,ref       ] GC(153) Skipped phase3 of Reference Processing due to unavailable references
[152.579s][debug][gc,ref       ] GC(153) Skipped phase4 of Reference Processing due to unavailable references
[152.579s][debug][gc,age       ] GC(153) Desired survivor size 15400960 bytes, new threshold 6 (max threshold 6)
[152.579s][info ][gc,heap      ] GC(153) ParNew: 241305K->369K(270976K)
[152.579s][info ][gc,heap      ] GC(153) CMS: 225573K->225589K(602112K)
[152.579s][info ][gc,metaspace ] GC(153) Metaspace: 54930K->54930K(1099776K)
[152.579s][info ][gc           ] GC(153) Pause Young (Allocation Failure) 455M->220M(852M) 1.923ms
[152.579s][info ][gc,cpu       ] GC(153) User=0.01s Sys=0.00s Real=0.00s
[152.579s][info ][safepoint    ] Leaving safepoint region
[152.579s][info ][safepoint    ] Total time for which application threads were stopped: 0.0022008 seconds, Stopping threads took: 0.0000165 seconds
[153.579s][info ][safepoint    ] Application time: 1.0000971 seconds
[153.579s][info ][safepoint    ] Entering safepoint region: Cleanup
[153.579s][info ][safepoint    ] Leaving safepoint region
[153.579s][info ][safepoint    ] Total time for which application threads were stopped: 0.0001141 seconds, Stopping threads took: 0.0000550 seconds
[154.579s][info ][safepoint    ] Application time: 1.0000927 seconds
[154.579s][info ][safepoint    ] Entering safepoint region: Cleanup
[154.580s][info ][safepoint    ] Leaving safepoint region
[154.580s][info ][safepoint    ] Total time for which application threads were stopped: 0.0000715 seconds, Stopping threads took: 0.0000148 seconds
[155.026s][info ][safepoint    ] Application time: 0.4461502 seconds
[155.026s][info ][safepoint    ] Entering safepoint region: GenCollectForAllocation
[155.026s][info ][gc,start     ] GC(154) Pause Young (Allocation Failure)
[155.026s][info ][gc,task      ] GC(154) Using 4 workers of 4 for evacuation
[155.028s][debug][gc,ref       ] GC(154) Skipped phase1 of Reference Processing due to unavailable references
[155.028s][debug][gc,ref       ] GC(154) Skipped phase2 of Reference Processing due to unavailable references
[155.028s][debug][gc,ref       ] GC(154) Skipped phase3 of Reference Processing due to unavailable references
[155.028s][debug][gc,ref       ] GC(154) Skipped phase4 of Reference Processing due to unavailable references
[155.028s][debug][gc,age       ] GC(154) Desired survivor size 15400960 bytes, new threshold 6 (max threshold 6)
[155.028s][info ][gc,heap      ] GC(154) ParNew: 241265K->351K(270976K)
[155.028s][info ][gc,heap      ] GC(154) CMS: 225589K->225605K(602112K)
[155.028s][info ][gc,metaspace ] GC(154) Metaspace: 54935K->54935K(1099776K)
[155.028s][info ][gc           ] GC(154) Pause Young (Allocation Failure) 455M->220M(852M) 2.335ms
[155.028s][info ][gc,cpu       ] GC(154) User=0.01s Sys=0.00s Real=0.00s
[155.028s][info ][safepoint    ] Leaving safepoint region
[155.028s][info ][safepoint    ] Total time for which application threads were stopped: 0.0025278 seconds, Stopping threads took: 0.0000471 seconds
[156.028s][info ][safepoint    ] Application time: 1.0001123 seconds
[156.028s][info ][safepoint    ] Entering safepoint region: Cleanup
[156.029s][info ][safepoint    ] Leaving safepoint region
[156.029s][info ][safepoint    ] Total time for which application threads were stopped: 0.0001344 seconds, Stopping threads took: 0.0000507 seconds
[156.973s][info ][safepoint    ] Application time: 0.9447818 seconds
[156.973s][info ][safepoint    ] Entering safepoint region: GenCollectForAllocation
[156.974s][info ][gc,start     ] GC(155) Pause Young (Allocation Failure)
[156.974s][info ][gc,task      ] GC(155) Using 4 workers of 4 for evacuation
[156.975s][debug][gc,ref       ] GC(155) Skipped phase1 of Reference Processing due to unavailable references
[156.976s][debug][gc,ref       ] GC(155) Skipped phase2 of Reference Processing due to unavailable references
[156.976s][debug][gc,ref       ] GC(155) Skipped phase3 of Reference Processing due to unavailable references
[156.976s][debug][gc,ref       ] GC(155) Skipped phase4 of Reference Processing due to unavailable references
[156.976s][debug][gc,age       ] GC(155) Desired survivor size 15400960 bytes, new threshold 6 (max threshold 6)
[156.976s][info ][gc,heap      ] GC(155) ParNew: 241247K->507K(270976K)
[156.976s][info ][gc,heap      ] GC(155) CMS: 225605K->225605K(602112K)
[156.976s][info ][gc,metaspace ] GC(155) Metaspace: 54937K->54937K(1099776K)
[156.976s][info ][gc           ] GC(155) Pause Young (Allocation Failure) 455M->220M(852M) 2.137ms
[156.976s][info ][gc,cpu       ] GC(155) User=0.01s Sys=0.00s Real=0.00s
[156.976s][info ][safepoint    ] Leaving safepoint region
[156.976s][info ][safepoint    ] Total time for which application threads were stopped: 0.0023606 seconds, Stopping threads took: 0.0000327 seconds
[157.976s][info ][safepoint    ] Application time: 1.0000923 seconds
[157.976s][info ][safepoint    ] Entering safepoint region: Cleanup
[157.976s][info ][safepoint    ] Leaving safepoint region
[157.976s][info ][safepoint    ] Total time for which application threads were stopped: 0.0001618 seconds, Stopping threads took: 0.0000753 seconds
[158.775s][info ][safepoint    ] Application time: 0.7989252 seconds
[158.775s][info ][safepoint    ] Entering safepoint region: GenCollectForAllocation
[158.775s][info ][gc,start     ] GC(156) Pause Young (Allocation Failure)
[158.775s][info ][gc,task      ] GC(156) Using 4 workers of 4 for evacuation
[158.778s][debug][gc,ref       ] GC(156) Skipped phase1 of Reference Processing due to unavailable references
[158.778s][debug][gc,ref       ] GC(156) Skipped phase2 of Reference Processing due to unavailable references
[158.778s][debug][gc,ref       ] GC(156) Skipped phase3 of Reference Processing due to unavailable references
[158.778s][debug][gc,ref       ] GC(156) Skipped phase4 of Reference Processing due to unavailable references
[158.779s][debug][gc,age       ] GC(156) Desired survivor size 15400960 bytes, new threshold 6 (max threshold 6)
[158.779s][info ][gc,heap      ] GC(156) ParNew: 241403K->1010K(270976K)
[158.779s][info ][gc,heap      ] GC(156) CMS: 225605K->225607K(602112K)
[158.779s][info ][gc,metaspace ] GC(156) Metaspace: 54939K->54939K(1099776K)
[158.779s][info ][gc           ] GC(156) Pause Young (Allocation Failure) 456M->221M(852M) 3.271ms
[158.779s][info ][gc,cpu       ] GC(156) User=0.02s Sys=0.00s Real=0.00s
[158.779s][info ][safepoint    ] Leaving safepoint region
[158.779s][info ][safepoint    ] Total time for which application threads were stopped: 0.0036748 seconds, Stopping threads took: 0.0001902 seconds
[159.779s][info ][safepoint    ] Application time: 1.0000959 seconds
[159.779s][info ][safepoint    ] Entering safepoint region: Cleanup
[159.779s][info ][safepoint    ] Leaving safepoint region
[159.779s][info ][safepoint    ] Total time for which application threads were stopped: 0.0001204 seconds, Stopping threads took: 0.0000394 seconds
[160.603s][info ][safepoint    ] Application time: 0.8242331 seconds
[160.603s][info ][safepoint    ] Entering safepoint region: GenCollectForAllocation
[160.603s][info ][gc,start     ] GC(157) Pause Young (Allocation Failure)
[160.603s][info ][gc,task      ] GC(157) Using 4 workers of 4 for evacuation
[160.606s][debug][gc,ref       ] GC(157) Skipped phase1 of Reference Processing due to unavailable references
[160.606s][debug][gc,ref       ] GC(157) Skipped phase2 of Reference Processing due to unavailable references
[160.606s][debug][gc,ref       ] GC(157) Skipped phase3 of Reference Processing due to unavailable references
[160.606s][debug][gc,ref       ] GC(157) Skipped phase4 of Reference Processing due to unavailable references
[160.606s][debug][gc,age       ] GC(157) Desired survivor size 15400960 bytes, new threshold 6 (max threshold 6)
[160.606s][info ][gc,heap      ] GC(157) ParNew: 241906K->2114K(270976K)
[160.606s][info ][gc,heap      ] GC(157) CMS: 225607K->225608K(602112K)
[160.606s][info ][gc,metaspace ] GC(157) Metaspace: 54944K->54944K(1099776K)
[160.606s][info ][gc           ] GC(157) Pause Young (Allocation Failure) 456M->222M(852M) 2.891ms
[160.606s][info ][gc,cpu       ] GC(157) User=0.01s Sys=0.00s Real=0.00s
[160.606s][info ][safepoint    ] Leaving safepoint region
[160.606s][info ][safepoint    ] Total time for which application threads were stopped: 0.0031636 seconds, Stopping threads took: 0.0000823 seconds
[161.607s][info ][safepoint    ] Application time: 1.0001066 seconds
[161.607s][info ][safepoint    ] Entering safepoint region: Cleanup
[161.607s][info ][safepoint    ] Leaving safepoint region
[161.607s][info ][safepoint    ] Total time for which application threads were stopped: 0.0000847 seconds, Stopping threads took: 0.0000192 seconds
[162.321s][info ][safepoint    ] Application time: 0.7142708 seconds
[162.321s][info ][safepoint    ] Entering safepoint region: GenCollectForAllocation
[162.321s][info ][gc,start     ] GC(158) Pause Young (Allocation Failure)
[162.321s][info ][gc,task      ] GC(158) Using 4 workers of 4 for evacuation
[162.326s][debug][gc,ref       ] GC(158) Skipped phase1 of Reference Processing due to unavailable references
[162.326s][debug][gc,ref       ] GC(158) Skipped phase2 of Reference Processing due to unavailable references
[162.326s][debug][gc,ref       ] GC(158) Skipped phase3 of Reference Processing due to unavailable references
[162.326s][debug][gc,ref       ] GC(158) Skipped phase4 of Reference Processing due to unavailable references
[162.326s][debug][gc,age       ] GC(158) Desired survivor size 15400960 bytes, new threshold 6 (max threshold 6)
[162.326s][info ][gc,heap      ] GC(158) ParNew: 243010K->2550K(270976K)
[162.326s][info ][gc,heap      ] GC(158) CMS: 225608K->225630K(602112K)
[162.326s][info ][gc,metaspace ] GC(158) Metaspace: 54945K->54945K(1099776K)
[162.326s][info ][gc           ] GC(158) Pause Young (Allocation Failure) 457M->222M(852M) 5.083ms
[162.326s][info ][gc,cpu       ] GC(158) User=0.02s Sys=0.00s Real=0.01s
[162.326s][info ][safepoint    ] Leaving safepoint region
[162.326s][info ][safepoint    ] Total time for which application threads were stopped: 0.0052693 seconds, Stopping threads took: 0.0000386 seconds
[163.326s][info ][safepoint    ] Application time: 1.0001244 seconds
[163.326s][info ][safepoint    ] Entering safepoint region: Cleanup
[163.327s][info ][safepoint    ] Leaving safepoint region
[163.327s][info ][safepoint    ] Total time for which application threads were stopped: 0.0001708 seconds, Stopping threads took: 0.0000732 seconds
[164.323s][info ][safepoint    ] Application time: 0.9963091 seconds
[164.323s][info ][safepoint    ] Entering safepoint region: GenCollectForAllocation
[164.323s][info ][gc,start     ] GC(159) Pause Young (Allocation Failure)
[164.323s][info ][gc,task      ] GC(159) Using 4 workers of 4 for evacuation
[164.325s][debug][gc,ref       ] GC(159) Skipped phase1 of Reference Processing due to unavailable references
[164.325s][debug][gc,ref       ] GC(159) Skipped phase2 of Reference Processing due to unavailable references
[164.325s][debug][gc,ref       ] GC(159) Skipped phase3 of Reference Processing due to unavailable references
[164.325s][debug][gc,ref       ] GC(159) Skipped phase4 of Reference Processing due to unavailable references
[164.326s][debug][gc,age       ] GC(159) Desired survivor size 15400960 bytes, new threshold 6 (max threshold 6)
[164.326s][info ][gc,heap      ] GC(159) ParNew: 243446K->2369K(270976K)
[164.326s][info ][gc,heap      ] GC(159) CMS: 225630K->225659K(602112K)
[164.326s][info ][gc,metaspace ] GC(159) Metaspace: 54949K->54949K(1099776K)
[164.326s][info ][gc           ] GC(159) Pause Young (Allocation Failure) 458M->222M(852M) 2.554ms
[164.326s][info ][gc,cpu       ] GC(159) User=0.01s Sys=0.00s Real=0.00s
[164.326s][info ][safepoint    ] Leaving safepoint region
[164.326s][info ][safepoint    ] Total time for which application threads were stopped: 0.0027202 seconds, Stopping threads took: 0.0000154 seconds
[165.326s][info ][safepoint    ] Application time: 1.0000904 seconds
[165.326s][info ][safepoint    ] Entering safepoint region: Cleanup
[165.326s][info ][safepoint    ] Leaving safepoint region
[165.326s][info ][safepoint    ] Total time for which application threads were stopped: 0.0001204 seconds, Stopping threads took: 0.0000395 seconds
[166.325s][info ][safepoint    ] Application time: 0.9995517 seconds
[166.326s][info ][safepoint    ] Entering safepoint region: GenCollectForAllocation
[166.326s][info ][gc,start     ] GC(160) Pause Young (Allocation Failure)
[166.326s][info ][gc,task      ] GC(160) Using 4 workers of 4 for evacuation
[166.328s][debug][gc,ref       ] GC(160) Skipped phase1 of Reference Processing due to unavailable references
[166.328s][debug][gc,ref       ] GC(160) Skipped phase2 of Reference Processing due to unavailable references
[166.328s][debug][gc,ref       ] GC(160) Skipped phase3 of Reference Processing due to unavailable references
[166.328s][debug][gc,ref       ] GC(160) Skipped phase4 of Reference Processing due to unavailable references
[166.328s][debug][gc,age       ] GC(160) Desired survivor size 15400960 bytes, new threshold 6 (max threshold 6)
[166.328s][info ][gc,heap      ] GC(160) ParNew: 243265K->2055K(270976K)
[166.328s][info ][gc,heap      ] GC(160) CMS: 225659K->225662K(602112K)
[166.328s][info ][gc,metaspace ] GC(160) Metaspace: 54949K->54949K(1099776K)
[166.328s][info ][gc           ] GC(160) Pause Young (Allocation Failure) 457M->222M(852M) 2.492ms
[166.328s][info ][gc,cpu       ] GC(160) User=0.01s Sys=0.00s Real=0.00s
[166.328s][info ][safepoint    ] Leaving safepoint region
[166.328s][info ][safepoint    ] Total time for which application threads were stopped: 0.0027082 seconds, Stopping threads took: 0.0000724 seconds
[167.328s][info ][safepoint    ] Application time: 1.0001033 seconds
[167.328s][info ][safepoint    ] Entering safepoint region: Cleanup
[167.328s][info ][safepoint    ] Leaving safepoint region
[167.328s][info ][safepoint    ] Total time for which application threads were stopped: 0.0001063 seconds, Stopping threads took: 0.0000356 seconds
[168.329s][info ][safepoint    ] Application time: 1.0000870 seconds
[168.329s][info ][safepoint    ] Entering safepoint region: Cleanup
[168.329s][info ][safepoint    ] Leaving safepoint region
[168.329s][info ][safepoint    ] Total time for which application threads were stopped: 0.0000978 seconds, Stopping threads took: 0.0000155 seconds
[168.376s][info ][safepoint    ] Application time: 0.0476428 seconds
[168.376s][info ][safepoint    ] Entering safepoint region: GenCollectForAllocation
[168.377s][info ][gc,start     ] GC(161) Pause Young (Allocation Failure)
[168.377s][info ][gc,task      ] GC(161) Using 4 workers of 4 for evacuation
[168.379s][debug][gc,ref       ] GC(161) Skipped phase1 of Reference Processing due to unavailable references
[168.379s][debug][gc,ref       ] GC(161) Skipped phase2 of Reference Processing due to unavailable references
[168.379s][debug][gc,ref       ] GC(161) Skipped phase3 of Reference Processing due to unavailable references
[168.379s][debug][gc,ref       ] GC(161) Skipped phase4 of Reference Processing due to unavailable references
[168.379s][debug][gc,age       ] GC(161) Desired survivor size 15400960 bytes, new threshold 6 (max threshold 6)
[168.379s][info ][gc,heap      ] GC(161) ParNew: 242951K->2139K(270976K)
[168.379s][info ][gc,heap      ] GC(161) CMS: 225662K->225709K(602112K)
[168.379s][info ][gc,metaspace ] GC(161) Metaspace: 54952K->54952K(1099776K)
[168.379s][info ][gc           ] GC(161) Pause Young (Allocation Failure) 457M->222M(852M) 2.722ms
[168.379s][info ][gc,cpu       ] GC(161) User=0.01s Sys=0.01s Real=0.00s
[168.379s][info ][safepoint    ] Leaving safepoint region
[168.379s][info ][safepoint    ] Total time for which application threads were stopped: 0.0029203 seconds, Stopping threads took: 0.0000565 seconds
[169.379s][info ][safepoint    ] Application time: 1.0001145 seconds
[169.379s][info ][safepoint    ] Entering safepoint region: Cleanup
[169.380s][info ][safepoint    ] Leaving safepoint region
[169.380s][info ][safepoint    ] Total time for which application threads were stopped: 0.0001076 seconds, Stopping threads took: 0.0000406 seconds
[170.374s][info ][safepoint    ] Application time: 0.9948967 seconds
[170.374s][info ][safepoint    ] Entering safepoint region: GenCollectForAllocation
[170.375s][info ][gc,start     ] GC(162) Pause Young (Allocation Failure)
[170.375s][info ][gc,task      ] GC(162) Using 4 workers of 4 for evacuation
[170.377s][debug][gc,ref       ] GC(162) Skipped phase1 of Reference Processing due to unavailable references
[170.377s][debug][gc,ref       ] GC(162) Skipped phase2 of Reference Processing due to unavailable references
[170.377s][debug][gc,ref       ] GC(162) Skipped phase3 of Reference Processing due to unavailable references
[170.377s][debug][gc,ref       ] GC(162) Skipped phase4 of Reference Processing due to unavailable references
[170.377s][debug][gc,age       ] GC(162) Desired survivor size 15400960 bytes, new threshold 6 (max threshold 6)
[170.377s][info ][gc,heap      ] GC(162) ParNew: 243035K->2071K(270976K)
[170.377s][info ][gc,heap      ] GC(162) CMS: 225709K->226051K(602112K)
[170.377s][info ][gc,metaspace ] GC(162) Metaspace: 54954K->54954K(1099776K)
[170.377s][info ][gc           ] GC(162) Pause Young (Allocation Failure) 457M->222M(852M) 2.759ms
[170.377s][info ][gc,cpu       ] GC(162) User=0.00s Sys=0.00s Real=0.00s
[170.377s][info ][safepoint    ] Leaving safepoint region
[170.377s][info ][safepoint    ] Total time for which application threads were stopped: 0.0029265 seconds, Stopping threads took: 0.0000164 seconds
[171.378s][info ][safepoint    ] Application time: 1.0001047 seconds
[171.378s][info ][safepoint    ] Entering safepoint region: Cleanup
[171.378s][info ][safepoint    ] Leaving safepoint region
[171.378s][info ][safepoint    ] Total time for which application threads were stopped: 0.0001219 seconds, Stopping threads took: 0.0000557 seconds
[172.378s][info ][safepoint    ] Application time: 1.0000995 seconds
[172.378s][info ][safepoint    ] Entering safepoint region: Cleanup
[172.378s][info ][safepoint    ] Leaving safepoint region
[172.378s][info ][safepoint    ] Total time for which application threads were stopped: 0.0001358 seconds, Stopping threads took: 0.0000536 seconds
[172.382s][info ][safepoint    ] Application time: 0.0037869 seconds
[172.382s][info ][safepoint    ] Entering safepoint region: GenCollectForAllocation
[172.382s][info ][gc,start     ] GC(163) Pause Young (Allocation Failure)
[172.382s][info ][gc,task      ] GC(163) Using 4 workers of 4 for evacuation
[172.385s][debug][gc,ref       ] GC(163) Skipped phase1 of Reference Processing due to unavailable references
[172.385s][debug][gc,ref       ] GC(163) Skipped phase2 of Reference Processing due to unavailable references
[172.385s][debug][gc,ref       ] GC(163) Skipped phase3 of Reference Processing due to unavailable references
[172.385s][debug][gc,ref       ] GC(163) Skipped phase4 of Reference Processing due to unavailable references
[172.385s][debug][gc,age       ] GC(163) Desired survivor size 15400960 bytes, new threshold 6 (max threshold 6)
[172.385s][info ][gc,heap      ] GC(163) ParNew: 242967K->1385K(270976K)
[172.385s][info ][gc,heap      ] GC(163) CMS: 226051K->226750K(602112K)
[172.385s][info ][gc,metaspace ] GC(163) Metaspace: 54958K->54958K(1099776K)
[172.385s][info ][gc           ] GC(163) Pause Young (Allocation Failure) 458M->222M(852M) 2.860ms
[172.385s][info ][gc,cpu       ] GC(163) User=0.01s Sys=0.00s Real=0.00s
[172.385s][info ][safepoint    ] Leaving safepoint region
[172.385s][info ][safepoint    ] Total time for which application threads were stopped: 0.0029836 seconds, Stopping threads took: 0.0000114 seconds
[173.385s][info ][safepoint    ] Application time: 1.0001249 seconds
[173.385s][info ][safepoint    ] Entering safepoint region: Cleanup
[173.385s][info ][safepoint    ] Leaving safepoint region
[173.385s][info ][safepoint    ] Total time for which application threads were stopped: 0.0000735 seconds, Stopping threads took: 0.0000155 seconds
[174.320s][info ][safepoint    ] Application time: 0.9352709 seconds
[174.320s][info ][safepoint    ] Entering safepoint region: GenCollectForAllocation
[174.320s][info ][gc,start     ] GC(164) Pause Young (Allocation Failure)
[174.320s][info ][gc,task      ] GC(164) Using 4 workers of 4 for evacuation
[174.322s][debug][gc,ref       ] GC(164) Skipped phase1 of Reference Processing due to unavailable references
[174.322s][debug][gc,ref       ] GC(164) Skipped phase2 of Reference Processing due to unavailable references
[174.322s][debug][gc,ref       ] GC(164) Skipped phase3 of Reference Processing due to unavailable references
[174.322s][debug][gc,ref       ] GC(164) Skipped phase4 of Reference Processing due to unavailable references
[174.323s][debug][gc,age       ] GC(164) Desired survivor size 15400960 bytes, new threshold 6 (max threshold 6)
[174.323s][info ][gc,heap      ] GC(164) ParNew: 242281K->629K(270976K)
[174.323s][info ][gc,heap      ] GC(164) CMS: 226750K->227085K(602112K)
[174.323s][info ][gc,metaspace ] GC(164) Metaspace: 54960K->54960K(1099776K)
[174.323s][info ][gc           ] GC(164) Pause Young (Allocation Failure) 458M->222M(852M) 2.188ms
[174.323s][info ][gc,cpu       ] GC(164) User=0.01s Sys=0.00s Real=0.01s
[174.323s][info ][safepoint    ] Leaving safepoint region
[174.323s][info ][safepoint    ] Total time for which application threads were stopped: 0.0023451 seconds, Stopping threads took: 0.0000161 seconds
[175.323s][info ][safepoint    ] Application time: 1.0000992 seconds
[175.323s][info ][safepoint    ] Entering safepoint region: Cleanup
[175.323s][info ][safepoint    ] Leaving safepoint region
[175.323s][info ][safepoint    ] Total time for which application threads were stopped: 0.0001033 seconds, Stopping threads took: 0.0000388 seconds
[176.027s][info ][safepoint    ] Application time: 0.7043074 seconds
[176.027s][info ][safepoint    ] Entering safepoint region: GenCollectForAllocation
[176.027s][info ][gc,start     ] GC(165) Pause Young (Allocation Failure)
[176.027s][info ][gc,task      ] GC(165) Using 4 workers of 4 for evacuation
[176.030s][debug][gc,ref       ] GC(165) Skipped phase1 of Reference Processing due to unavailable references
[176.030s][debug][gc,ref       ] GC(165) Skipped phase2 of Reference Processing due to unavailable references
[176.030s][debug][gc,ref       ] GC(165) Skipped phase3 of Reference Processing due to unavailable references
[176.030s][debug][gc,ref       ] GC(165) Skipped phase4 of Reference Processing due to unavailable references
[176.030s][debug][gc,age       ] GC(165) Desired survivor size 15400960 bytes, new threshold 6 (max threshold 6)
[176.030s][info ][gc,heap      ] GC(165) ParNew: 241525K->594K(270976K)
[176.030s][info ][gc,heap      ] GC(165) CMS: 227085K->227086K(602112K)
[176.030s][info ][gc,metaspace ] GC(165) Metaspace: 54961K->54961K(1099776K)
[176.030s][info ][gc           ] GC(165) Pause Young (Allocation Failure) 457M->222M(852M) 2.810ms
[176.030s][info ][gc,cpu       ] GC(165) User=0.01s Sys=0.00s Real=0.01s
[176.030s][info ][safepoint    ] Leaving safepoint region
[176.030s][info ][safepoint    ] Total time for which application threads were stopped: 0.0029599 seconds, Stopping threads took: 0.0000153 seconds
[177.030s][info ][safepoint    ] Application time: 1.0001003 seconds
[177.030s][info ][safepoint    ] Entering safepoint region: Cleanup
[177.030s][info ][safepoint    ] Leaving safepoint region
[177.030s][info ][safepoint    ] Total time for which application threads were stopped: 0.0000932 seconds, Stopping threads took: 0.0000367 seconds
[177.775s][info ][safepoint    ] Application time: 0.7446124 seconds
[177.775s][info ][safepoint    ] Entering safepoint region: GenCollectForAllocation
[177.775s][info ][gc,start     ] GC(166) Pause Young (Allocation Failure)
[177.775s][info ][gc,task      ] GC(166) Using 4 workers of 4 for evacuation
[177.777s][debug][gc,ref       ] GC(166) Skipped phase1 of Reference Processing due to unavailable references
[177.778s][debug][gc,ref       ] GC(166) Skipped phase2 of Reference Processing due to unavailable references
[177.778s][debug][gc,ref       ] GC(166) Skipped phase3 of Reference Processing due to unavailable references
[177.778s][debug][gc,ref       ] GC(166) Skipped phase4 of Reference Processing due to unavailable references
[177.778s][debug][gc,age       ] GC(166) Desired survivor size 15400960 bytes, new threshold 6 (max threshold 6)
[177.778s][info ][gc,heap      ] GC(166) ParNew: 241490K->539K(270976K)
[177.778s][info ][gc,heap      ] GC(166) CMS: 227086K->227097K(602112K)
[177.778s][info ][gc,metaspace ] GC(166) Metaspace: 54961K->54961K(1099776K)
[177.778s][info ][gc           ] GC(166) Pause Young (Allocation Failure) 457M->222M(852M) 2.559ms
[177.778s][info ][gc,cpu       ] GC(166) User=0.01s Sys=0.00s Real=0.00s
[177.778s][info ][safepoint    ] Leaving safepoint region
[177.778s][info ][safepoint    ] Total time for which application threads were stopped: 0.0027385 seconds, Stopping threads took: 0.0000155 seconds
[178.778s][info ][safepoint    ] Application time: 1.0001628 seconds
[178.778s][info ][safepoint    ] Entering safepoint region: Cleanup
[178.778s][info ][safepoint    ] Leaving safepoint region
[178.778s][info ][safepoint    ] Total time for which application threads were stopped: 0.0001897 seconds, Stopping threads took: 0.0001178 seconds
[179.777s][info ][safepoint    ] Application time: 0.9983508 seconds
[179.777s][info ][safepoint    ] Entering safepoint region: GenCollectForAllocation
[179.777s][info ][gc,start     ] GC(167) Pause Young (Allocation Failure)
[179.777s][info ][gc,task      ] GC(167) Using 4 workers of 4 for evacuation
[179.780s][debug][gc,ref       ] GC(167) Skipped phase1 of Reference Processing due to unavailable references
[179.780s][debug][gc,ref       ] GC(167) Skipped phase2 of Reference Processing due to unavailable references
[179.780s][debug][gc,ref       ] GC(167) Skipped phase3 of Reference Processing due to unavailable references
[179.780s][debug][gc,ref       ] GC(167) Skipped phase4 of Reference Processing due to unavailable references
[179.780s][debug][gc,age       ] GC(167) Desired survivor size 15400960 bytes, new threshold 6 (max threshold 6)
[179.780s][info ][gc,heap      ] GC(167) ParNew: 241435K->546K(270976K)
[179.780s][info ][gc,heap      ] GC(167) CMS: 227097K->227098K(602112K)
[179.780s][info ][gc,metaspace ] GC(167) Metaspace: 54962K->54962K(1099776K)
[179.780s][info ][gc           ] GC(167) Pause Young (Allocation Failure) 457M->222M(852M) 2.958ms
[179.780s][info ][gc,cpu       ] GC(167) User=0.01s Sys=0.00s Real=0.00s
[179.780s][info ][safepoint    ] Leaving safepoint region
[179.780s][info ][safepoint    ] Total time for which application threads were stopped: 0.0032003 seconds, Stopping threads took: 0.0000825 seconds
[180.780s][info ][safepoint    ] Application time: 1.0000902 seconds
[180.780s][info ][safepoint    ] Entering safepoint region: Cleanup
[180.780s][info ][safepoint    ] Leaving safepoint region
[180.780s][info ][safepoint    ] Total time for which application threads were stopped: 0.0000729 seconds, Stopping threads took: 0.0000159 seconds
[181.776s][info ][safepoint    ] Application time: 0.9962372 seconds
[181.776s][info ][safepoint    ] Entering safepoint region: GenCollectForAllocation
[181.776s][info ][gc,start     ] GC(168) Pause Young (Allocation Failure)
[181.776s][info ][gc,task      ] GC(168) Using 4 workers of 4 for evacuation
[181.778s][debug][gc,ref       ] GC(168) Skipped phase1 of Reference Processing due to unavailable references
[181.778s][debug][gc,ref       ] GC(168) Skipped phase2 of Reference Processing due to unavailable references
[181.778s][debug][gc,ref       ] GC(168) Skipped phase3 of Reference Processing due to unavailable references
[181.778s][debug][gc,ref       ] GC(168) Skipped phase4 of Reference Processing due to unavailable references
[181.778s][debug][gc,age       ] GC(168) Desired survivor size 15400960 bytes, new threshold 6 (max threshold 6)
[181.778s][info ][gc,heap      ] GC(168) ParNew: 241442K->548K(270976K)
[181.778s][info ][gc,heap      ] GC(168) CMS: 227098K->227100K(602112K)
[181.778s][info ][gc,metaspace ] GC(168) Metaspace: 54962K->54962K(1099776K)
[181.778s][info ][gc           ] GC(168) Pause Young (Allocation Failure) 457M->222M(852M) 1.936ms
[181.778s][info ][gc,cpu       ] GC(168) User=0.01s Sys=0.00s Real=0.00s
[181.778s][info ][safepoint    ] Leaving safepoint region
[181.778s][info ][safepoint    ] Total time for which application threads were stopped: 0.0020947 seconds, Stopping threads took: 0.0000159 seconds
[182.779s][info ][safepoint    ] Application time: 1.0000667 seconds
[182.779s][info ][safepoint    ] Entering safepoint region: Cleanup
[182.779s][info ][safepoint    ] Leaving safepoint region
[182.779s][info ][safepoint    ] Total time for which application threads were stopped: 0.0000877 seconds, Stopping threads took: 0.0000279 seconds
[183.725s][info ][safepoint    ] Application time: 0.9467075 seconds
[183.725s][info ][safepoint    ] Entering safepoint region: GenCollectForAllocation
[183.725s][info ][gc,start     ] GC(169) Pause Young (Allocation Failure)
[183.726s][info ][gc,task      ] GC(169) Using 4 workers of 4 for evacuation
[183.729s][debug][gc,ref       ] GC(169) Skipped phase1 of Reference Processing due to unavailable references
[183.729s][debug][gc,ref       ] GC(169) Skipped phase2 of Reference Processing due to unavailable references
[183.729s][debug][gc,ref       ] GC(169) Skipped phase3 of Reference Processing due to unavailable references
[183.729s][debug][gc,ref       ] GC(169) Skipped phase4 of Reference Processing due to unavailable references
[183.729s][debug][gc,age       ] GC(169) Desired survivor size 15400960 bytes, new threshold 6 (max threshold 6)
[183.729s][info ][gc,heap      ] GC(169) ParNew: 241444K->585K(270976K)
[183.729s][info ][gc,heap      ] GC(169) CMS: 227100K->227109K(602112K)
[183.729s][info ][gc,metaspace ] GC(169) Metaspace: 54962K->54962K(1099776K)
[183.730s][info ][gc           ] GC(169) Pause Young (Allocation Failure) 457M->222M(852M) 4.036ms
[183.730s][info ][gc,cpu       ] GC(169) User=0.01s Sys=0.00s Real=0.01s
[183.730s][info ][safepoint    ] Leaving safepoint region
[183.730s][info ][safepoint    ] Total time for which application threads were stopped: 0.0042148 seconds, Stopping threads took: 0.0000169 seconds
[184.730s][info ][safepoint    ] Application time: 1.0001007 seconds
[184.730s][info ][safepoint    ] Entering safepoint region: Cleanup
[184.730s][info ][safepoint    ] Leaving safepoint region
[184.730s][info ][safepoint    ] Total time for which application threads were stopped: 0.0001108 seconds, Stopping threads took: 0.0000348 seconds
[185.273s][info ][safepoint    ] Application time: 0.5431193 seconds
[185.273s][info ][safepoint    ] Entering safepoint region: GenCollectForAllocation
[185.273s][info ][gc,start     ] GC(170) Pause Young (Allocation Failure)
[185.273s][info ][gc,task      ] GC(170) Using 4 workers of 4 for evacuation
[185.275s][debug][gc,ref       ] GC(170) Skipped phase1 of Reference Processing due to unavailable references
[185.275s][debug][gc,ref       ] GC(170) Skipped phase2 of Reference Processing due to unavailable references
[185.275s][debug][gc,ref       ] GC(170) Skipped phase3 of Reference Processing due to unavailable references
[185.275s][debug][gc,ref       ] GC(170) Skipped phase4 of Reference Processing due to unavailable references
[185.276s][debug][gc,age       ] GC(170) Desired survivor size 15400960 bytes, new threshold 6 (max threshold 6)
[185.276s][info ][gc,heap      ] GC(170) ParNew: 241481K->520K(270976K)
[185.276s][info ][gc,heap      ] GC(170) CMS: 227109K->227116K(602112K)
[185.276s][info ][gc,metaspace ] GC(170) Metaspace: 54966K->54966K(1099776K)
[185.276s][info ][gc           ] GC(170) Pause Young (Allocation Failure) 457M->222M(852M) 2.419ms
[185.276s][info ][gc,cpu       ] GC(170) User=0.01s Sys=0.00s Real=0.00s
[185.276s][info ][safepoint    ] Leaving safepoint region
[185.276s][info ][safepoint    ] Total time for which application threads were stopped: 0.0026090 seconds, Stopping threads took: 0.0000373 seconds
[186.276s][info ][safepoint    ] Application time: 1.0001106 seconds
[186.276s][info ][safepoint    ] Entering safepoint region: Cleanup
[186.276s][info ][safepoint    ] Leaving safepoint region
[186.276s][info ][safepoint    ] Total time for which application threads were stopped: 0.0001202 seconds, Stopping threads took: 0.0000382 seconds
[187.276s][info ][safepoint    ] Application time: 1.0000336 seconds
[187.276s][info ][safepoint    ] Entering safepoint region: GenCollectForAllocation
[187.276s][info ][gc,start     ] GC(171) Pause Young (Allocation Failure)
[187.276s][info ][gc,task      ] GC(171) Using 4 workers of 4 for evacuation
[187.278s][debug][gc,ref       ] GC(171) Skipped phase1 of Reference Processing due to unavailable references
[187.278s][debug][gc,ref       ] GC(171) Skipped phase2 of Reference Processing due to unavailable references
[187.278s][debug][gc,ref       ] GC(171) Skipped phase3 of Reference Processing due to unavailable references
[187.278s][debug][gc,ref       ] GC(171) Skipped phase4 of Reference Processing due to unavailable references
[187.278s][debug][gc,age       ] GC(171) Desired survivor size 15400960 bytes, new threshold 6 (max threshold 6)
[187.278s][info ][gc,heap      ] GC(171) ParNew: 241416K->469K(270976K)
[187.278s][info ][gc,heap      ] GC(171) CMS: 227116K->227179K(602112K)
[187.278s][info ][gc,metaspace ] GC(171) Metaspace: 54967K->54967K(1099776K)
[187.278s][info ][gc           ] GC(171) Pause Young (Allocation Failure) 457M->222M(852M) 2.062ms
[187.278s][info ][gc,cpu       ] GC(171) User=0.00s Sys=0.00s Real=0.00s
[187.278s][info ][safepoint    ] Leaving safepoint region
[187.278s][info ][safepoint    ] Total time for which application threads were stopped: 0.0022625 seconds, Stopping threads took: 0.0000642 seconds
[188.278s][info ][safepoint    ] Application time: 1.0000949 seconds
[188.278s][info ][safepoint    ] Entering safepoint region: Cleanup
[188.278s][info ][safepoint    ] Leaving safepoint region
[188.278s][info ][safepoint    ] Total time for which application threads were stopped: 0.0001520 seconds, Stopping threads took: 0.0000885 seconds
[189.034s][info ][safepoint    ] Application time: 0.7556573 seconds
[189.034s][info ][safepoint    ] Entering safepoint region: GenCollectForAllocation
[189.034s][info ][gc,start     ] GC(172) Pause Young (Allocation Failure)
[189.034s][info ][gc,task      ] GC(172) Using 4 workers of 4 for evacuation
[189.036s][debug][gc,ref       ] GC(172) Skipped phase1 of Reference Processing due to unavailable references
[189.036s][debug][gc,ref       ] GC(172) Skipped phase2 of Reference Processing due to unavailable references
[189.036s][debug][gc,ref       ] GC(172) Skipped phase3 of Reference Processing due to unavailable references
[189.036s][debug][gc,ref       ] GC(172) Skipped phase4 of Reference Processing due to unavailable references
[189.036s][debug][gc,age       ] GC(172) Desired survivor size 15400960 bytes, new threshold 6 (max threshold 6)
[189.036s][info ][gc,heap      ] GC(172) ParNew: 241365K->390K(270976K)
[189.036s][info ][gc,heap      ] GC(172) CMS: 227179K->227231K(602112K)
[189.036s][info ][gc,metaspace ] GC(172) Metaspace: 54967K->54967K(1099776K)
[189.036s][info ][gc           ] GC(172) Pause Young (Allocation Failure) 457M->222M(852M) 2.184ms
[189.037s][info ][gc,cpu       ] GC(172) User=0.01s Sys=0.00s Real=0.00s
[189.037s][info ][safepoint    ] Leaving safepoint region
[189.037s][info ][safepoint    ] Total time for which application threads were stopped: 0.0023472 seconds, Stopping threads took: 0.0000156 seconds
[190.037s][info ][safepoint    ] Application time: 1.0001038 seconds
[190.037s][info ][safepoint    ] Entering safepoint region: Cleanup
[190.037s][info ][safepoint    ] Leaving safepoint region
[190.037s][info ][safepoint    ] Total time for which application threads were stopped: 0.0001182 seconds, Stopping threads took: 0.0000426 seconds
[190.874s][info ][safepoint    ] Application time: 0.8367813 seconds
[190.874s][info ][safepoint    ] Entering safepoint region: GenCollectForAllocation
[190.874s][info ][gc,start     ] GC(173) Pause Young (Allocation Failure)
[190.874s][info ][gc,task      ] GC(173) Using 4 workers of 4 for evacuation
[190.877s][debug][gc,ref       ] GC(173) Skipped phase1 of Reference Processing due to unavailable references
[190.877s][debug][gc,ref       ] GC(173) Skipped phase2 of Reference Processing due to unavailable references
[190.877s][debug][gc,ref       ] GC(173) Skipped phase3 of Reference Processing due to unavailable references
[190.877s][debug][gc,ref       ] GC(173) Skipped phase4 of Reference Processing due to unavailable references
[190.877s][debug][gc,age       ] GC(173) Desired survivor size 15400960 bytes, new threshold 6 (max threshold 6)
[190.877s][info ][gc,heap      ] GC(173) ParNew: 241286K->476K(270976K)
[190.877s][info ][gc,heap      ] GC(173) CMS: 227231K->227248K(602112K)
[190.877s][info ][gc,metaspace ] GC(173) Metaspace: 54967K->54967K(1099776K)
[190.877s][info ][gc           ] GC(173) Pause Young (Allocation Failure) 457M->222M(852M) 3.604ms
[190.877s][info ][gc,cpu       ] GC(173) User=0.01s Sys=0.00s Real=0.00s
[190.877s][info ][safepoint    ] Leaving safepoint region
[190.877s][info ][safepoint    ] Total time for which application threads were stopped: 0.0037946 seconds, Stopping threads took: 0.0000209 seconds
[191.878s][info ][safepoint    ] Application time: 1.0001147 seconds
[191.878s][info ][safepoint    ] Entering safepoint region: Cleanup
[191.878s][info ][safepoint    ] Leaving safepoint region
[191.878s][info ][safepoint    ] Total time for which application threads were stopped: 0.0001373 seconds, Stopping threads took: 0.0000528 seconds
[192.528s][info ][safepoint    ] Application time: 0.6502862 seconds
[192.528s][info ][safepoint    ] Entering safepoint region: GenCollectForAllocation
[192.528s][info ][gc,start     ] GC(174) Pause Young (Allocation Failure)
[192.528s][info ][gc,task      ] GC(174) Using 4 workers of 4 for evacuation
[192.532s][debug][gc,ref       ] GC(174) Skipped phase1 of Reference Processing due to unavailable references
[192.532s][debug][gc,ref       ] GC(174) Skipped phase2 of Reference Processing due to unavailable references
[192.532s][debug][gc,ref       ] GC(174) Skipped phase3 of Reference Processing due to unavailable references
[192.532s][debug][gc,ref       ] GC(174) Skipped phase4 of Reference Processing due to unavailable references
[192.533s][debug][gc,age       ] GC(174) Desired survivor size 15400960 bytes, new threshold 6 (max threshold 6)
[192.533s][info ][gc,heap      ] GC(174) ParNew: 241372K->410K(270976K)
[192.533s][info ][gc,heap      ] GC(174) CMS: 227248K->227252K(602112K)
[192.533s][info ][gc,metaspace ] GC(174) Metaspace: 54967K->54967K(1099776K)
[192.533s][info ][gc           ] GC(174) Pause Young (Allocation Failure) 457M->222M(852M) 4.332ms
[192.533s][info ][gc,cpu       ] GC(174) User=0.01s Sys=0.01s Real=0.01s
[192.533s][info ][safepoint    ] Leaving safepoint region
[192.533s][info ][safepoint    ] Total time for which application threads were stopped: 0.0047117 seconds, Stopping threads took: 0.0001482 seconds
[193.533s][info ][safepoint    ] Application time: 1.0005828 seconds
[193.533s][info ][safepoint    ] Entering safepoint region: Cleanup
[193.533s][info ][safepoint    ] Leaving safepoint region
[193.533s][info ][safepoint    ] Total time for which application threads were stopped: 0.0000866 seconds, Stopping threads took: 0.0000149 seconds
[194.522s][info ][safepoint    ] Application time: 0.9882545 seconds
[194.522s][info ][safepoint    ] Entering safepoint region: GenCollectForAllocation
[194.522s][info ][gc,start     ] GC(175) Pause Young (Allocation Failure)
[194.522s][info ][gc,task      ] GC(175) Using 4 workers of 4 for evacuation
[194.524s][debug][gc,ref       ] GC(175) Skipped phase1 of Reference Processing due to unavailable references
[194.524s][debug][gc,ref       ] GC(175) Skipped phase3 of Reference Processing due to unavailable references
[194.524s][debug][gc,age       ] GC(175) Desired survivor size 15400960 bytes, new threshold 6 (max threshold 6)
[194.524s][info ][gc,heap      ] GC(175) ParNew: 241306K->381K(270976K)
[194.524s][info ][gc,heap      ] GC(175) CMS: 227252K->227260K(602112K)
[194.524s][info ][gc,metaspace ] GC(175) Metaspace: 54981K->54981K(1099776K)
[194.524s][info ][gc           ] GC(175) Pause Young (Allocation Failure) 457M->222M(852M) 1.866ms
[194.524s][info ][gc,cpu       ] GC(175) User=0.01s Sys=0.00s Real=0.00s
[194.524s][info ][safepoint    ] Leaving safepoint region
[194.524s][info ][safepoint    ] Total time for which application threads were stopped: 0.0022377 seconds, Stopping threads took: 0.0000814 seconds
[195.524s][info ][safepoint    ] Application time: 1.0000984 seconds
[195.524s][info ][safepoint    ] Entering safepoint region: Cleanup
[195.524s][info ][safepoint    ] Leaving safepoint region
[195.524s][info ][safepoint    ] Total time for which application threads were stopped: 0.0001248 seconds, Stopping threads took: 0.0000369 seconds
[196.524s][info ][safepoint    ] Application time: 1.0001264 seconds
[196.524s][info ][safepoint    ] Entering safepoint region: Cleanup
[196.525s][info ][safepoint    ] Leaving safepoint region
[196.525s][info ][safepoint    ] Total time for which application threads were stopped: 0.0001135 seconds, Stopping threads took: 0.0000382 seconds
[196.525s][info ][safepoint    ] Application time: 0.0008510 seconds
[196.525s][info ][safepoint    ] Entering safepoint region: GenCollectForAllocation
[196.526s][info ][gc,start     ] GC(176) Pause Young (Allocation Failure)
[196.526s][info ][gc,task      ] GC(176) Using 4 workers of 4 for evacuation
[196.528s][debug][gc,ref       ] GC(176) Skipped phase1 of Reference Processing due to unavailable references
[196.528s][debug][gc,ref       ] GC(176) Skipped phase3 of Reference Processing due to unavailable references
[196.528s][debug][gc,ref       ] GC(176) Skipped phase4 of Reference Processing due to unavailable references
[196.528s][debug][gc,age       ] GC(176) Desired survivor size 15400960 bytes, new threshold 6 (max threshold 6)
[196.528s][info ][gc,heap      ] GC(176) ParNew: 241277K->362K(270976K)
[196.528s][info ][gc,heap      ] GC(176) CMS: 227260K->227295K(602112K)
[196.528s][info ][gc,metaspace ] GC(176) Metaspace: 54988K->54988K(1099776K)
[196.528s][info ][gc           ] GC(176) Pause Young (Allocation Failure) 457M->222M(852M) 2.238ms
[196.528s][info ][gc,cpu       ] GC(176) User=0.01s Sys=0.00s Real=0.00s
[196.528s][info ][safepoint    ] Leaving safepoint region
[196.528s][info ][safepoint    ] Total time for which application threads were stopped: 0.0023896 seconds, Stopping threads took: 0.0000249 seconds
[197.528s][info ][safepoint    ] Application time: 1.0000991 seconds
[197.528s][info ][safepoint    ] Entering safepoint region: Cleanup
[197.528s][info ][safepoint    ] Leaving safepoint region
[197.528s][info ][safepoint    ] Total time for which application threads were stopped: 0.0001074 seconds, Stopping threads took: 0.0000324 seconds
[198.427s][info ][safepoint    ] Application time: 0.8988637 seconds
[198.427s][info ][safepoint    ] Entering safepoint region: GenCollectForAllocation
[198.427s][info ][gc,start     ] GC(177) Pause Young (Allocation Failure)
[198.427s][info ][gc,task      ] GC(177) Using 4 workers of 4 for evacuation
[198.429s][debug][gc,ref       ] GC(177) Skipped phase1 of Reference Processing due to unavailable references
[198.429s][debug][gc,ref       ] GC(177) Skipped phase3 of Reference Processing due to unavailable references
[198.429s][debug][gc,ref       ] GC(177) Skipped phase4 of Reference Processing due to unavailable references
[198.429s][debug][gc,age       ] GC(177) Desired survivor size 15400960 bytes, new threshold 6 (max threshold 6)
[198.429s][info ][gc,heap      ] GC(177) ParNew: 241258K->324K(270976K)
[198.429s][info ][gc,heap      ] GC(177) CMS: 227295K->227295K(602112K)
[198.429s][info ][gc,metaspace ] GC(177) Metaspace: 54988K->54988K(1099776K)
[198.429s][info ][gc           ] GC(177) Pause Young (Allocation Failure) 457M->222M(852M) 1.849ms
[198.429s][info ][gc,cpu       ] GC(177) User=0.01s Sys=0.00s Real=0.00s
[198.429s][info ][safepoint    ] Leaving safepoint region
[198.429s][info ][safepoint    ] Total time for which application threads were stopped: 0.0019957 seconds, Stopping threads took: 0.0000151 seconds
[199.429s][info ][safepoint    ] Application time: 1.0001159 seconds
[199.429s][info ][safepoint    ] Entering safepoint region: Cleanup
[199.429s][info ][safepoint    ] Leaving safepoint region
[199.429s][info ][safepoint    ] Total time for which application threads were stopped: 0.0001119 seconds, Stopping threads took: 0.0000582 seconds
[200.178s][info ][safepoint    ] Application time: 0.7491439 seconds
[200.178s][info ][safepoint    ] Entering safepoint region: GenCollectForAllocation
[200.179s][info ][gc,start     ] GC(178) Pause Young (Allocation Failure)
[200.179s][info ][gc,task      ] GC(178) Using 4 workers of 4 for evacuation
[200.180s][debug][gc,ref       ] GC(178) Skipped phase1 of Reference Processing due to unavailable references
[200.180s][debug][gc,ref       ] GC(178) Skipped phase3 of Reference Processing due to unavailable references
[200.180s][debug][gc,ref       ] GC(178) Skipped phase4 of Reference Processing due to unavailable references
[200.180s][debug][gc,age       ] GC(178) Desired survivor size 15400960 bytes, new threshold 6 (max threshold 6)
[200.180s][info ][gc,heap      ] GC(178) ParNew: 241220K->342K(270976K)
[200.180s][info ][gc,heap      ] GC(178) CMS: 227295K->227305K(602112K)
[200.180s][info ][gc,metaspace ] GC(178) Metaspace: 54990K->54990K(1099776K)
[200.180s][info ][gc           ] GC(178) Pause Young (Allocation Failure) 457M->222M(852M) 1.888ms
[200.180s][info ][gc,cpu       ] GC(178) User=0.01s Sys=0.00s Real=0.00s
[200.180s][info ][safepoint    ] Leaving safepoint region
[200.180s][info ][safepoint    ] Total time for which application threads were stopped: 0.0020415 seconds, Stopping threads took: 0.0000159 seconds
[201.181s][info ][safepoint    ] Application time: 1.0000865 seconds
[201.181s][info ][safepoint    ] Entering safepoint region: Cleanup
[201.181s][info ][safepoint    ] Leaving safepoint region
[201.181s][info ][safepoint    ] Total time for which application threads were stopped: 0.0000978 seconds, Stopping threads took: 0.0000152 seconds
[201.892s][info ][safepoint    ] Application time: 0.7110848 seconds
[201.892s][info ][safepoint    ] Entering safepoint region: GenCollectForAllocation
[201.892s][info ][gc,start     ] GC(179) Pause Young (Allocation Failure)
[201.892s][info ][gc,task      ] GC(179) Using 4 workers of 4 for evacuation
[201.895s][debug][gc,ref       ] GC(179) Skipped phase1 of Reference Processing due to unavailable references
[201.895s][debug][gc,ref       ] GC(179) Skipped phase3 of Reference Processing due to unavailable references
[201.895s][debug][gc,ref       ] GC(179) Skipped phase4 of Reference Processing due to unavailable references
[201.895s][debug][gc,age       ] GC(179) Desired survivor size 15400960 bytes, new threshold 6 (max threshold 6)
[201.895s][info ][gc,heap      ] GC(179) ParNew: 241238K->3781K(270976K)
[201.895s][info ][gc,heap      ] GC(179) CMS: 227305K->227305K(602112K)
[201.895s][info ][gc,metaspace ] GC(179) Metaspace: 54994K->54994K(1099776K)
[201.895s][info ][gc           ] GC(179) Pause Young (Allocation Failure) 457M->225M(852M) 3.335ms
[201.895s][info ][gc,cpu       ] GC(179) User=0.02s Sys=0.00s Real=0.00s
[201.895s][info ][safepoint    ] Leaving safepoint region
[201.895s][info ][safepoint    ] Total time for which application threads were stopped: 0.0035129 seconds, Stopping threads took: 0.0000459 seconds
[202.895s][info ][safepoint    ] Application time: 1.0000981 seconds
[202.895s][info ][safepoint    ] Entering safepoint region: Cleanup
[202.896s][info ][safepoint    ] Leaving safepoint region
[202.896s][info ][safepoint    ] Total time for which application threads were stopped: 0.0000924 seconds, Stopping threads took: 0.0000163 seconds
[203.677s][info ][safepoint    ] Application time: 0.7811871 seconds
[203.677s][info ][safepoint    ] Entering safepoint region: GenCollectForAllocation
[203.677s][info ][gc,start     ] GC(180) Pause Young (Allocation Failure)
[203.677s][info ][gc,task      ] GC(180) Using 4 workers of 4 for evacuation
[203.679s][debug][gc,ref       ] GC(180) Skipped phase1 of Reference Processing due to unavailable references
[203.679s][debug][gc,ref       ] GC(180) Skipped phase3 of Reference Processing due to unavailable references
[203.679s][debug][gc,ref       ] GC(180) Skipped phase4 of Reference Processing due to unavailable references
[203.679s][debug][gc,age       ] GC(180) Desired survivor size 15400960 bytes, new threshold 6 (max threshold 6)
[203.679s][info ][gc,heap      ] GC(180) ParNew: 244677K->2477K(270976K)
[203.679s][info ][gc,heap      ] GC(180) CMS: 227305K->227313K(602112K)
[203.679s][info ][gc,metaspace ] GC(180) Metaspace: 54995K->54995K(1099776K)
[203.679s][info ][gc           ] GC(180) Pause Young (Allocation Failure) 460M->224M(852M) 2.205ms
[203.679s][info ][gc,cpu       ] GC(180) User=0.00s Sys=0.00s Real=0.00s
[203.679s][info ][safepoint    ] Leaving safepoint region
[203.679s][info ][safepoint    ] Total time for which application threads were stopped: 0.0023953 seconds, Stopping threads took: 0.0000500 seconds
[204.679s][info ][safepoint    ] Application time: 1.0001025 seconds
[204.679s][info ][safepoint    ] Entering safepoint region: Cleanup
[204.680s][info ][safepoint    ] Leaving safepoint region
[204.680s][info ][safepoint    ] Total time for which application threads were stopped: 0.0001939 seconds, Stopping threads took: 0.0001207 seconds
[205.526s][info ][safepoint    ] Application time: 0.8459895 seconds
[205.526s][info ][safepoint    ] Entering safepoint region: GenCollectForAllocation
[205.526s][info ][gc,start     ] GC(181) Pause Young (Allocation Failure)
[205.526s][info ][gc,task      ] GC(181) Using 4 workers of 4 for evacuation
[205.528s][debug][gc,ref       ] GC(181) Skipped phase1 of Reference Processing due to unavailable references
[205.528s][debug][gc,ref       ] GC(181) Skipped phase3 of Reference Processing due to unavailable references
[205.528s][debug][gc,age       ] GC(181) Desired survivor size 15400960 bytes, new threshold 6 (max threshold 6)
[205.528s][info ][gc,heap      ] GC(181) ParNew: 243373K->770K(270976K)
[205.528s][info ][gc,heap      ] GC(181) CMS: 227313K->227317K(602112K)
[205.528s][info ][gc,metaspace ] GC(181) Metaspace: 55016K->55016K(1099776K)
[205.528s][info ][gc           ] GC(181) Pause Young (Allocation Failure) 459M->222M(852M) 2.444ms
[205.528s][info ][gc,cpu       ] GC(181) User=0.01s Sys=0.00s Real=0.00s
[205.528s][info ][safepoint    ] Leaving safepoint region
[205.528s][info ][safepoint    ] Total time for which application threads were stopped: 0.0026309 seconds, Stopping threads took: 0.0000419 seconds
[206.528s][info ][safepoint    ] Application time: 1.0001043 seconds
[206.528s][info ][safepoint    ] Entering safepoint region: Cleanup
[206.528s][info ][safepoint    ] Leaving safepoint region
[206.528s][info ][safepoint    ] Total time for which application threads were stopped: 0.0001445 seconds, Stopping threads took: 0.0000761 seconds
[207.529s][info ][safepoint    ] Application time: 1.0000919 seconds
[207.529s][info ][safepoint    ] Entering safepoint region: Cleanup
[207.529s][info ][safepoint    ] Leaving safepoint region
[207.529s][info ][safepoint    ] Total time for which application threads were stopped: 0.0000804 seconds, Stopping threads took: 0.0000160 seconds
[207.624s][info ][safepoint    ] Application time: 0.0951266 seconds
[207.624s][info ][safepoint    ] Entering safepoint region: GenCollectForAllocation
[207.624s][info ][gc,start     ] GC(182) Pause Young (Allocation Failure)
[207.624s][info ][gc,task      ] GC(182) Using 4 workers of 4 for evacuation
[207.626s][debug][gc,ref       ] GC(182) Skipped phase1 of Reference Processing due to unavailable references
[207.626s][debug][gc,ref       ] GC(182) Skipped phase3 of Reference Processing due to unavailable references
[207.626s][debug][gc,ref       ] GC(182) Skipped phase4 of Reference Processing due to unavailable references
[207.626s][debug][gc,age       ] GC(182) Desired survivor size 15400960 bytes, new threshold 6 (max threshold 6)
[207.626s][info ][gc,heap      ] GC(182) ParNew: 241666K->471K(270976K)
[207.626s][info ][gc,heap      ] GC(182) CMS: 227317K->227321K(602112K)
[207.626s][info ][gc,metaspace ] GC(182) Metaspace: 55017K->55017K(1099776K)
[207.626s][info ][gc           ] GC(182) Pause Young (Allocation Failure) 457M->222M(852M) 2.010ms
[207.626s][info ][gc,cpu       ] GC(182) User=0.01s Sys=0.00s Real=0.00s
[207.626s][info ][safepoint    ] Leaving safepoint region
[207.626s][info ][safepoint    ] Total time for which application threads were stopped: 0.0021746 seconds, Stopping threads took: 0.0000159 seconds
[208.626s][info ][safepoint    ] Application time: 1.0001317 seconds
[208.626s][info ][safepoint    ] Entering safepoint region: Cleanup
[208.626s][info ][safepoint    ] Leaving safepoint region
[208.626s][info ][safepoint    ] Total time for which application threads were stopped: 0.0001253 seconds, Stopping threads took: 0.0000547 seconds
[209.626s][info ][safepoint    ] Application time: 1.0001162 seconds
[209.627s][info ][safepoint    ] Entering safepoint region: Cleanup
[209.627s][info ][safepoint    ] Leaving safepoint region
[209.627s][info ][safepoint    ] Total time for which application threads were stopped: 0.0001948 seconds, Stopping threads took: 0.0000840 seconds
[209.725s][info ][safepoint    ] Application time: 0.0981897 seconds
[209.725s][info ][safepoint    ] Entering safepoint region: GenCollectForAllocation
[209.725s][info ][gc,start     ] GC(183) Pause Young (Allocation Failure)
[209.725s][info ][gc,task      ] GC(183) Using 4 workers of 4 for evacuation
[209.727s][debug][gc,ref       ] GC(183) Skipped phase1 of Reference Processing due to unavailable references
[209.727s][debug][gc,ref       ] GC(183) Skipped phase3 of Reference Processing due to unavailable references
[209.727s][debug][gc,ref       ] GC(183) Skipped phase4 of Reference Processing due to unavailable references
[209.728s][debug][gc,age       ] GC(183) Desired survivor size 15400960 bytes, new threshold 6 (max threshold 6)
[209.728s][info ][gc,heap      ] GC(183) ParNew: 241367K->490K(270976K)
[209.728s][info ][gc,heap      ] GC(183) CMS: 227321K->227365K(602112K)
[209.728s][info ][gc,metaspace ] GC(183) Metaspace: 55017K->55017K(1099776K)
[209.728s][info ][gc           ] GC(183) Pause Young (Allocation Failure) 457M->222M(852M) 2.527ms
[209.728s][info ][gc,cpu       ] GC(183) User=0.01s Sys=0.00s Real=0.00s
[209.728s][info ][safepoint    ] Leaving safepoint region
[209.728s][info ][safepoint    ] Total time for which application threads were stopped: 0.0026941 seconds, Stopping threads took: 0.0000154 seconds
[210.728s][info ][safepoint    ] Application time: 1.0001018 seconds
[210.728s][info ][safepoint    ] Entering safepoint region: Cleanup
[210.728s][info ][safepoint    ] Leaving safepoint region
[210.728s][info ][safepoint    ] Total time for which application threads were stopped: 0.0001002 seconds, Stopping threads took: 0.0000416 seconds
[211.728s][info ][safepoint    ] Application time: 1.0001045 seconds
[211.728s][info ][safepoint    ] Entering safepoint region: Cleanup
[211.728s][info ][safepoint    ] Leaving safepoint region
[211.728s][info ][safepoint    ] Total time for which application threads were stopped: 0.0000923 seconds, Stopping threads took: 0.0000158 seconds
[211.872s][info ][safepoint    ] Application time: 0.1438909 seconds
[211.872s][info ][safepoint    ] Entering safepoint region: GenCollectForAllocation
[211.872s][info ][gc,start     ] GC(184) Pause Young (Allocation Failure)
[211.872s][info ][gc,task      ] GC(184) Using 4 workers of 4 for evacuation
[211.874s][debug][gc,ref       ] GC(184) Skipped phase1 of Reference Processing due to unavailable references
[211.874s][debug][gc,ref       ] GC(184) Skipped phase3 of Reference Processing due to unavailable references
[211.874s][debug][gc,ref       ] GC(184) Skipped phase4 of Reference Processing due to unavailable references
[211.874s][debug][gc,age       ] GC(184) Desired survivor size 15400960 bytes, new threshold 6 (max threshold 6)
[211.874s][info ][gc,heap      ] GC(184) ParNew: 241386K->404K(270976K)
[211.874s][info ][gc,heap      ] GC(184) CMS: 227365K->227368K(602112K)
[211.874s][info ][gc,metaspace ] GC(184) Metaspace: 55017K->55017K(1099776K)
[211.874s][info ][gc           ] GC(184) Pause Young (Allocation Failure) 457M->222M(852M) 2.083ms
[211.874s][info ][gc,cpu       ] GC(184) User=0.01s Sys=0.00s Real=0.00s
[211.874s][info ][safepoint    ] Leaving safepoint region
[211.874s][info ][safepoint    ] Total time for which application threads were stopped: 0.0022870 seconds, Stopping threads took: 0.0000606 seconds
[212.874s][info ][safepoint    ] Application time: 1.0000990 seconds
[212.875s][info ][safepoint    ] Entering safepoint region: Cleanup
[212.875s][info ][safepoint    ] Leaving safepoint region
[212.875s][info ][safepoint    ] Total time for which application threads were stopped: 0.0002476 seconds, Stopping threads took: 0.0001052 seconds
[213.875s][info ][safepoint    ] Application time: 1.0000904 seconds
[213.875s][info ][safepoint    ] Entering safepoint region: Cleanup
[213.875s][info ][safepoint    ] Leaving safepoint region
[213.875s][info ][safepoint    ] Total time for which application threads were stopped: 0.0001347 seconds, Stopping threads took: 0.0000407 seconds
[214.026s][info ][safepoint    ] Application time: 0.1505424 seconds
[214.026s][info ][safepoint    ] Entering safepoint region: GenCollectForAllocation
[214.026s][info ][gc,start     ] GC(185) Pause Young (Allocation Failure)
[214.026s][info ][gc,task      ] GC(185) Using 4 workers of 4 for evacuation
[214.028s][debug][gc,ref       ] GC(185) Skipped phase1 of Reference Processing due to unavailable references
[214.028s][debug][gc,ref       ] GC(185) Skipped phase3 of Reference Processing due to unavailable references
[214.028s][debug][gc,ref       ] GC(185) Skipped phase4 of Reference Processing due to unavailable references
[214.028s][debug][gc,age       ] GC(185) Desired survivor size 15400960 bytes, new threshold 6 (max threshold 6)
[214.028s][info ][gc,heap      ] GC(185) ParNew: 241300K->413K(270976K)
[214.028s][info ][gc,heap      ] GC(185) CMS: 227368K->227389K(602112K)
[214.028s][info ][gc,metaspace ] GC(185) Metaspace: 55017K->55017K(1099776K)
[214.028s][info ][gc           ] GC(185) Pause Young (Allocation Failure) 457M->222M(852M) 2.348ms
[214.028s][info ][gc,cpu       ] GC(185) User=0.01s Sys=0.00s Real=0.00s
[214.028s][info ][safepoint    ] Leaving safepoint region
[214.028s][info ][safepoint    ] Total time for which application threads were stopped: 0.0025927 seconds, Stopping threads took: 0.0000610 seconds
[215.028s][info ][safepoint    ] Application time: 1.0000822 seconds
[215.028s][info ][safepoint    ] Entering safepoint region: Cleanup
[215.028s][info ][safepoint    ] Leaving safepoint region
[215.028s][info ][safepoint    ] Total time for which application threads were stopped: 0.0000674 seconds, Stopping threads took: 0.0000154 seconds
[216.028s][info ][safepoint    ] Application time: 1.0000982 seconds
[216.029s][info ][safepoint    ] Entering safepoint region: Cleanup
[216.029s][info ][safepoint    ] Leaving safepoint region
[216.029s][info ][safepoint    ] Total time for which application threads were stopped: 0.0001012 seconds, Stopping threads took: 0.0000384 seconds
[216.225s][info ][safepoint    ] Application time: 0.1960233 seconds
[216.225s][info ][safepoint    ] Entering safepoint region: GenCollectForAllocation
[216.225s][info ][gc,start     ] GC(186) Pause Young (Allocation Failure)
[216.225s][info ][gc,task      ] GC(186) Using 4 workers of 4 for evacuation
[216.226s][debug][gc,ref       ] GC(186) Skipped phase1 of Reference Processing due to unavailable references
[216.227s][debug][gc,ref       ] GC(186) Skipped phase3 of Reference Processing due to unavailable references
[216.227s][debug][gc,ref       ] GC(186) Skipped phase4 of Reference Processing due to unavailable references
[216.227s][debug][gc,age       ] GC(186) Desired survivor size 15400960 bytes, new threshold 6 (max threshold 6)
[216.227s][info ][gc,heap      ] GC(186) ParNew: 241309K->372K(270976K)
[216.227s][info ][gc,heap      ] GC(186) CMS: 227389K->227421K(602112K)
[216.227s][info ][gc,metaspace ] GC(186) Metaspace: 55017K->55017K(1099776K)
[216.227s][info ][gc           ] GC(186) Pause Young (Allocation Failure) 457M->222M(852M) 1.870ms
[216.227s][info ][gc,cpu       ] GC(186) User=0.00s Sys=0.00s Real=0.00s
[216.227s][info ][safepoint    ] Leaving safepoint region
[216.227s][info ][safepoint    ] Total time for which application threads were stopped: 0.0020298 seconds, Stopping threads took: 0.0000158 seconds
[217.227s][info ][safepoint    ] Application time: 1.0001178 seconds
[217.227s][info ][safepoint    ] Entering safepoint region: Cleanup
[217.227s][info ][safepoint    ] Leaving safepoint region
[217.227s][info ][safepoint    ] Total time for which application threads were stopped: 0.0001109 seconds, Stopping threads took: 0.0000427 seconds
[218.227s][info ][safepoint    ] Application time: 1.0000988 seconds
[218.227s][info ][safepoint    ] Entering safepoint region: Cleanup
[218.227s][info ][safepoint    ] Leaving safepoint region
[218.227s][info ][safepoint    ] Total time for which application threads were stopped: 0.0001233 seconds, Stopping threads took: 0.0000531 seconds
[218.424s][info ][safepoint    ] Application time: 0.1968027 seconds
[218.424s][info ][safepoint    ] Entering safepoint region: GenCollectForAllocation
[218.424s][info ][gc,start     ] GC(187) Pause Young (Allocation Failure)
[218.424s][info ][gc,task      ] GC(187) Using 4 workers of 4 for evacuation
[218.427s][debug][gc,ref       ] GC(187) Skipped phase1 of Reference Processing due to unavailable references
[218.427s][debug][gc,ref       ] GC(187) Skipped phase2 of Reference Processing due to unavailable references
[218.427s][debug][gc,ref       ] GC(187) Skipped phase3 of Reference Processing due to unavailable references
[218.427s][debug][gc,ref       ] GC(187) Skipped phase4 of Reference Processing due to unavailable references
[218.427s][debug][gc,age       ] GC(187) Desired survivor size 15400960 bytes, new threshold 6 (max threshold 6)
[218.427s][info ][gc,heap      ] GC(187) ParNew: 241268K->334K(270976K)
[218.427s][info ][gc,heap      ] GC(187) CMS: 227421K->227486K(602112K)
[218.427s][info ][gc,metaspace ] GC(187) Metaspace: 55017K->55017K(1099776K)
[218.427s][info ][gc           ] GC(187) Pause Young (Allocation Failure) 457M->222M(852M) 2.491ms
[218.427s][info ][gc,cpu       ] GC(187) User=0.01s Sys=0.00s Real=0.00s
[218.427s][info ][safepoint    ] Leaving safepoint region
[218.427s][info ][safepoint    ] Total time for which application threads were stopped: 0.0028043 seconds, Stopping threads took: 0.0000160 seconds
[219.427s][info ][safepoint    ] Application time: 1.0001025 seconds
[219.427s][info ][safepoint    ] Entering safepoint region: Cleanup
[219.427s][info ][safepoint    ] Leaving safepoint region
[219.427s][info ][safepoint    ] Total time for which application threads were stopped: 0.0001123 seconds, Stopping threads took: 0.0000396 seconds
[220.427s][info ][safepoint    ] Application time: 1.0000697 seconds
[220.427s][info ][safepoint    ] Entering safepoint region: Cleanup
[220.427s][info ][safepoint    ] Leaving safepoint region
[220.427s][info ][safepoint    ] Total time for which application threads were stopped: 0.0000825 seconds, Stopping threads took: 0.0000153 seconds
[220.572s][info ][safepoint    ] Application time: 0.1446697 seconds
[220.572s][info ][safepoint    ] Entering safepoint region: GenCollectForAllocation
[220.572s][info ][gc,start     ] GC(188) Pause Young (Allocation Failure)
[220.572s][info ][gc,task      ] GC(188) Using 4 workers of 4 for evacuation
[220.574s][debug][gc,ref       ] GC(188) Skipped phase1 of Reference Processing due to unavailable references
[220.574s][debug][gc,ref       ] GC(188) Skipped phase2 of Reference Processing due to unavailable references
[220.574s][debug][gc,ref       ] GC(188) Skipped phase3 of Reference Processing due to unavailable references
[220.574s][debug][gc,ref       ] GC(188) Skipped phase4 of Reference Processing due to unavailable references
[220.574s][debug][gc,age       ] GC(188) Desired survivor size 15400960 bytes, new threshold 6 (max threshold 6)
[220.574s][info ][gc,heap      ] GC(188) ParNew: 241230K->299K(270976K)
[220.574s][info ][gc,heap      ] GC(188) CMS: 227486K->227489K(602112K)
[220.574s][info ][gc,metaspace ] GC(188) Metaspace: 55017K->55017K(1099776K)
[220.574s][info ][gc           ] GC(188) Pause Young (Allocation Failure) 457M->222M(852M) 1.725ms
[220.574s][info ][gc,cpu       ] GC(188) User=0.01s Sys=0.00s Real=0.00s
[220.574s][info ][safepoint    ] Leaving safepoint region
[220.574s][info ][safepoint    ] Total time for which application threads were stopped: 0.0018832 seconds, Stopping threads took: 0.0000169 seconds
[221.574s][info ][safepoint    ] Application time: 1.0000745 seconds
[221.574s][info ][safepoint    ] Entering safepoint region: Cleanup
[221.574s][info ][safepoint    ] Leaving safepoint region
[221.574s][info ][safepoint    ] Total time for which application threads were stopped: 0.0001178 seconds, Stopping threads took: 0.0000405 seconds
[222.387s][info ][safepoint    ] Application time: 0.8131728 seconds
[222.387s][info ][safepoint    ] Entering safepoint region: GenCollectForAllocation
[222.388s][info ][gc,start     ] GC(189) Pause Young (Allocation Failure)
[222.388s][info ][gc,task      ] GC(189) Using 4 workers of 4 for evacuation
[222.390s][debug][gc,ref       ] GC(189) Skipped phase1 of Reference Processing due to unavailable references
[222.390s][debug][gc,ref       ] GC(189) Skipped phase2 of Reference Processing due to unavailable references
[222.390s][debug][gc,ref       ] GC(189) Skipped phase3 of Reference Processing due to unavailable references
[222.390s][debug][gc,ref       ] GC(189) Skipped phase4 of Reference Processing due to unavailable references
[222.390s][debug][gc,age       ] GC(189) Desired survivor size 15400960 bytes, new threshold 6 (max threshold 6)
[222.390s][info ][gc,heap      ] GC(189) ParNew: 241195K->150K(270976K)
[222.390s][info ][gc,heap      ] GC(189) CMS: 227489K->227677K(602112K)
[222.390s][info ][gc,metaspace ] GC(189) Metaspace: 55024K->55024K(1099776K)
[222.390s][info ][gc           ] GC(189) Pause Young (Allocation Failure) 457M->222M(852M) 2.282ms
[222.390s][info ][gc,cpu       ] GC(189) User=0.01s Sys=0.00s Real=0.01s
[222.390s][info ][safepoint    ] Leaving safepoint region
[222.390s][info ][safepoint    ] Total time for which application threads were stopped: 0.0028198 seconds, Stopping threads took: 0.0000164 seconds
[223.390s][info ][safepoint    ] Application time: 1.0001091 seconds
[223.391s][info ][safepoint    ] Entering safepoint region: Cleanup
[223.391s][info ][safepoint    ] Leaving safepoint region
[223.391s][info ][safepoint    ] Total time for which application threads were stopped: 0.0004012 seconds, Stopping threads took: 0.0003275 seconds
[224.375s][info ][safepoint    ] Application time: 0.9841970 seconds
[224.375s][info ][safepoint    ] Entering safepoint region: GenCollectForAllocation
[224.375s][info ][gc,start     ] GC(190) Pause Young (Allocation Failure)
[224.375s][info ][gc,task      ] GC(190) Using 4 workers of 4 for evacuation
[224.377s][debug][gc,ref       ] GC(190) Skipped phase1 of Reference Processing due to unavailable references
[224.377s][debug][gc,ref       ] GC(190) Skipped phase2 of Reference Processing due to unavailable references
[224.377s][debug][gc,ref       ] GC(190) Skipped phase3 of Reference Processing due to unavailable references
[224.377s][debug][gc,ref       ] GC(190) Skipped phase4 of Reference Processing due to unavailable references
[224.377s][debug][gc,age       ] GC(190) Desired survivor size 15400960 bytes, new threshold 6 (max threshold 6)
[224.377s][info ][gc,heap      ] GC(190) ParNew: 241046K->469K(270976K)
[224.377s][info ][gc,heap      ] GC(190) CMS: 227677K->227677K(602112K)
[224.377s][info ][gc,metaspace ] GC(190) Metaspace: 55025K->55025K(1099776K)
[224.377s][info ][gc           ] GC(190) Pause Young (Allocation Failure) 457M->222M(852M) 2.154ms
[224.377s][info ][gc,cpu       ] GC(190) User=0.01s Sys=0.00s Real=0.00s
[224.377s][info ][safepoint    ] Leaving safepoint region
[224.377s][info ][safepoint    ] Total time for which application threads were stopped: 0.0023219 seconds, Stopping threads took: 0.0000170 seconds
[225.377s][info ][safepoint    ] Application time: 1.0000964 seconds
[225.377s][info ][safepoint    ] Entering safepoint region: Cleanup
[225.378s][info ][safepoint    ] Leaving safepoint region
[225.378s][info ][safepoint    ] Total time for which application threads were stopped: 0.0001480 seconds, Stopping threads took: 0.0000412 seconds
[226.375s][info ][safepoint    ] Application time: 0.9969269 seconds
[226.375s][info ][safepoint    ] Entering safepoint region: GenCollectForAllocation
[226.375s][info ][gc,start     ] GC(191) Pause Young (Allocation Failure)
[226.375s][info ][gc,task      ] GC(191) Using 4 workers of 4 for evacuation
[226.376s][debug][gc,ref       ] GC(191) Skipped phase1 of Reference Processing due to unavailable references
[226.376s][debug][gc,ref       ] GC(191) Skipped phase2 of Reference Processing due to unavailable references
[226.376s][debug][gc,ref       ] GC(191) Skipped phase3 of Reference Processing due to unavailable references
[226.376s][debug][gc,ref       ] GC(191) Skipped phase4 of Reference Processing due to unavailable references
[226.377s][debug][gc,age       ] GC(191) Desired survivor size 15400960 bytes, new threshold 6 (max threshold 6)
[226.377s][info ][gc,heap      ] GC(191) ParNew: 241365K->481K(270976K)
[226.377s][info ][gc,heap      ] GC(191) CMS: 227677K->227677K(602112K)
[226.377s][info ][gc,metaspace ] GC(191) Metaspace: 55026K->55026K(1099776K)
[226.377s][info ][gc           ] GC(191) Pause Young (Allocation Failure) 458M->222M(852M) 1.948ms
[226.377s][info ][gc,cpu       ] GC(191) User=0.01s Sys=0.00s Real=0.00s
[226.377s][info ][safepoint    ] Leaving safepoint region
[226.377s][info ][safepoint    ] Total time for which application threads were stopped: 0.0021093 seconds, Stopping threads took: 0.0000156 seconds
[227.377s][info ][safepoint    ] Application time: 1.0000999 seconds
[227.377s][info ][safepoint    ] Entering safepoint region: Cleanup
[227.377s][info ][safepoint    ] Leaving safepoint region
[227.377s][info ][safepoint    ] Total time for which application threads were stopped: 0.0001158 seconds, Stopping threads took: 0.0000398 seconds
[228.377s][info ][safepoint    ] Application time: 1.0001218 seconds
[228.377s][info ][safepoint    ] Entering safepoint region: Cleanup
[228.377s][info ][safepoint    ] Leaving safepoint region
[228.377s][info ][safepoint    ] Total time for which application threads were stopped: 0.0001484 seconds, Stopping threads took: 0.0000772 seconds
[228.474s][info ][safepoint    ] Application time: 0.0964972 seconds
[228.474s][info ][safepoint    ] Entering safepoint region: GenCollectForAllocation
[228.474s][info ][gc,start     ] GC(192) Pause Young (Allocation Failure)
[228.474s][info ][gc,task      ] GC(192) Using 4 workers of 4 for evacuation
[228.476s][debug][gc,ref       ] GC(192) Skipped phase1 of Reference Processing due to unavailable references
[228.476s][debug][gc,ref       ] GC(192) Skipped phase2 of Reference Processing due to unavailable references
[228.476s][debug][gc,ref       ] GC(192) Skipped phase3 of Reference Processing due to unavailable references
[228.476s][debug][gc,ref       ] GC(192) Skipped phase4 of Reference Processing due to unavailable references
[228.476s][debug][gc,age       ] GC(192) Desired survivor size 15400960 bytes, new threshold 6 (max threshold 6)
[228.476s][info ][gc,heap      ] GC(192) ParNew: 241377K->386K(270976K)
[228.476s][info ][gc,heap      ] GC(192) CMS: 227677K->227678K(602112K)
[228.476s][info ][gc,metaspace ] GC(192) Metaspace: 55026K->55026K(1099776K)
[228.476s][info ][gc           ] GC(192) Pause Young (Allocation Failure) 458M->222M(852M) 1.856ms
[228.476s][info ][gc,cpu       ] GC(192) User=0.01s Sys=0.00s Real=0.00s
[228.476s][info ][safepoint    ] Leaving safepoint region
[228.476s][info ][safepoint    ] Total time for which application threads were stopped: 0.0020150 seconds, Stopping threads took: 0.0000174 seconds
[229.476s][info ][safepoint    ] Application time: 1.0001039 seconds
[229.476s][info ][safepoint    ] Entering safepoint region: Cleanup
[229.476s][info ][safepoint    ] Leaving safepoint region
[229.476s][info ][safepoint    ] Total time for which application threads were stopped: 0.0001707 seconds, Stopping threads took: 0.0000580 seconds
[230.376s][info ][safepoint    ] Application time: 0.8996796 seconds
[230.376s][info ][safepoint    ] Entering safepoint region: GenCollectForAllocation
[230.376s][info ][gc,start     ] GC(193) Pause Young (Allocation Failure)
[230.376s][info ][gc,task      ] GC(193) Using 4 workers of 4 for evacuation
[230.378s][debug][gc,ref       ] GC(193) Skipped phase1 of Reference Processing due to unavailable references
[230.378s][debug][gc,ref       ] GC(193) Skipped phase2 of Reference Processing due to unavailable references
[230.378s][debug][gc,ref       ] GC(193) Skipped phase3 of Reference Processing due to unavailable references
[230.378s][debug][gc,ref       ] GC(193) Skipped phase4 of Reference Processing due to unavailable references
[230.378s][debug][gc,age       ] GC(193) Desired survivor size 15400960 bytes, new threshold 6 (max threshold 6)
[230.378s][info ][gc,heap      ] GC(193) ParNew: 241282K->383K(270976K)
[230.378s][info ][gc,heap      ] GC(193) CMS: 227678K->227679K(602112K)
[230.378s][info ][gc,metaspace ] GC(193) Metaspace: 55027K->55027K(1099776K)
[230.378s][info ][gc           ] GC(193) Pause Young (Allocation Failure) 457M->222M(852M) 1.881ms
[230.378s][info ][gc,cpu       ] GC(193) User=0.01s Sys=0.00s Real=0.00s
[230.378s][info ][safepoint    ] Leaving safepoint region
[230.378s][info ][safepoint    ] Total time for which application threads were stopped: 0.0020551 seconds, Stopping threads took: 0.0000157 seconds
[231.378s][info ][safepoint    ] Application time: 1.0000977 seconds
[231.378s][info ][safepoint    ] Entering safepoint region: Cleanup
[231.378s][info ][safepoint    ] Leaving safepoint region
[231.378s][info ][safepoint    ] Total time for which application threads were stopped: 0.0001517 seconds, Stopping threads took: 0.0000794 seconds
[232.378s][info ][safepoint    ] Application time: 1.0001014 seconds
[232.378s][info ][safepoint    ] Entering safepoint region: Cleanup
[232.379s][info ][safepoint    ] Leaving safepoint region
[232.379s][info ][safepoint    ] Total time for which application threads were stopped: 0.0001411 seconds, Stopping threads took: 0.0000675 seconds
[233.175s][info ][safepoint    ] Application time: 0.7965649 seconds
[233.175s][info ][safepoint    ] Entering safepoint region: GenCollectForAllocation
[233.175s][info ][gc,start     ] GC(194) Pause Young (Allocation Failure)
[233.175s][info ][gc,task      ] GC(194) Using 4 workers of 4 for evacuation
[233.177s][debug][gc,ref       ] GC(194) Skipped phase1 of Reference Processing due to unavailable references
[233.177s][debug][gc,ref       ] GC(194) Skipped phase2 of Reference Processing due to unavailable references
[233.177s][debug][gc,ref       ] GC(194) Skipped phase3 of Reference Processing due to unavailable references
[233.177s][debug][gc,ref       ] GC(194) Skipped phase4 of Reference Processing due to unavailable references
[233.177s][debug][gc,age       ] GC(194) Desired survivor size 15400960 bytes, new threshold 6 (max threshold 6)
[233.177s][info ][gc,heap      ] GC(194) ParNew: 241279K->575K(270976K)
[233.177s][info ][gc,heap      ] GC(194) CMS: 227679K->227679K(602112K)
[233.177s][info ][gc,metaspace ] GC(194) Metaspace: 55040K->55040K(1099776K)
[233.177s][info ][gc           ] GC(194) Pause Young (Allocation Failure) 457M->222M(852M) 1.900ms
[233.177s][info ][gc,cpu       ] GC(194) User=0.00s Sys=0.00s Real=0.00s
[233.177s][info ][safepoint    ] Leaving safepoint region
[233.177s][info ][safepoint    ] Total time for which application threads were stopped: 0.0020532 seconds, Stopping threads took: 0.0000153 seconds
[234.177s][info ][safepoint    ] Application time: 1.0000511 seconds
[234.177s][info ][safepoint    ] Entering safepoint region: Cleanup
[234.177s][info ][safepoint    ] Leaving safepoint region
[234.177s][info ][safepoint    ] Total time for which application threads were stopped: 0.0000713 seconds, Stopping threads took: 0.0000171 seconds
[235.177s][info ][safepoint    ] Application time: 1.0001008 seconds
[235.177s][info ][safepoint    ] Entering safepoint region: Cleanup
[235.178s][info ][safepoint    ] Leaving safepoint region
[235.178s][info ][safepoint    ] Total time for which application threads were stopped: 0.0000921 seconds, Stopping threads took: 0.0000153 seconds
[236.178s][info ][safepoint    ] Application time: 1.0000980 seconds
[236.178s][info ][safepoint    ] Entering safepoint region: Cleanup
[236.178s][info ][safepoint    ] Leaving safepoint region
[236.178s][info ][safepoint    ] Total time for which application threads were stopped: 0.0000720 seconds, Stopping threads took: 0.0000169 seconds
[236.825s][info ][safepoint    ] Application time: 0.6468846 seconds
[236.825s][info ][safepoint    ] Entering safepoint region: GenCollectForAllocation
[236.825s][info ][gc,start     ] GC(195) Pause Young (Allocation Failure)
[236.825s][info ][gc,task      ] GC(195) Using 4 workers of 4 for evacuation
[236.828s][debug][gc,ref       ] GC(195) Skipped phase1 of Reference Processing due to unavailable references
[236.828s][debug][gc,ref       ] GC(195) Skipped phase2 of Reference Processing due to unavailable references
[236.828s][debug][gc,ref       ] GC(195) Skipped phase3 of Reference Processing due to unavailable references
[236.828s][debug][gc,ref       ] GC(195) Skipped phase4 of Reference Processing due to unavailable references
[236.828s][debug][gc,age       ] GC(195) Desired survivor size 15400960 bytes, new threshold 6 (max threshold 6)
[236.828s][info ][gc,heap      ] GC(195) ParNew: 241471K->390K(270976K)
[236.828s][info ][gc,heap      ] GC(195) CMS: 227679K->227749K(602112K)
[236.828s][info ][gc,metaspace ] GC(195) Metaspace: 55040K->55040K(1099776K)
[236.828s][info ][gc           ] GC(195) Pause Young (Allocation Failure) 458M->222M(852M) 3.209ms
[236.828s][info ][gc,cpu       ] GC(195) User=0.01s Sys=0.00s Real=0.00s
[236.828s][info ][safepoint    ] Leaving safepoint region
[236.828s][info ][safepoint    ] Total time for which application threads were stopped: 0.0034336 seconds, Stopping threads took: 0.0000741 seconds
[237.828s][info ][safepoint    ] Application time: 1.0001674 seconds
[237.828s][info ][safepoint    ] Entering safepoint region: Cleanup
[237.828s][info ][safepoint    ] Leaving safepoint region
[237.828s][info ][safepoint    ] Total time for which application threads were stopped: 0.0000770 seconds, Stopping threads took: 0.0000154 seconds
[238.829s][info ][safepoint    ] Application time: 1.0001333 seconds
[238.829s][info ][safepoint    ] Entering safepoint region: Cleanup
[238.829s][info ][safepoint    ] Leaving safepoint region
[238.829s][info ][safepoint    ] Total time for which application threads were stopped: 0.0001190 seconds, Stopping threads took: 0.0000490 seconds
[239.024s][info ][safepoint    ] Application time: 0.1952393 seconds
[239.024s][info ][safepoint    ] Entering safepoint region: GenCollectForAllocation
[239.024s][info ][gc,start     ] GC(196) Pause Young (Allocation Failure)
[239.024s][info ][gc,task      ] GC(196) Using 4 workers of 4 for evacuation
[239.026s][debug][gc,ref       ] GC(196) Skipped phase1 of Reference Processing due to unavailable references
[239.026s][debug][gc,ref       ] GC(196) Skipped phase2 of Reference Processing due to unavailable references
[239.026s][debug][gc,ref       ] GC(196) Skipped phase3 of Reference Processing due to unavailable references
[239.026s][debug][gc,ref       ] GC(196) Skipped phase4 of Reference Processing due to unavailable references
[239.026s][debug][gc,age       ] GC(196) Desired survivor size 15400960 bytes, new threshold 6 (max threshold 6)
[239.026s][info ][gc,heap      ] GC(196) ParNew: 241286K->574K(270976K)
[239.026s][info ][gc,heap      ] GC(196) CMS: 227749K->227757K(602112K)
[239.026s][info ][gc,metaspace ] GC(196) Metaspace: 55047K->55047K(1099776K)
[239.026s][info ][gc           ] GC(196) Pause Young (Allocation Failure) 458M->222M(852M) 2.229ms
[239.026s][info ][gc,cpu       ] GC(196) User=0.01s Sys=0.00s Real=0.00s
[239.026s][info ][safepoint    ] Leaving safepoint region
[239.026s][info ][safepoint    ] Total time for which application threads were stopped: 0.0024147 seconds, Stopping threads took: 0.0000409 seconds
[240.027s][info ][safepoint    ] Application time: 1.0001182 seconds
[240.027s][info ][safepoint    ] Entering safepoint region: Cleanup
[240.027s][info ][safepoint    ] Leaving safepoint region
[240.027s][info ][safepoint    ] Total time for which application threads were stopped: 0.0001338 seconds, Stopping threads took: 0.0000390 seconds
[240.825s][info ][safepoint    ] Application time: 0.7980591 seconds
[240.825s][info ][safepoint    ] Entering safepoint region: GenCollectForAllocation
[240.825s][info ][gc,start     ] GC(197) Pause Young (Allocation Failure)
[240.825s][info ][gc,task      ] GC(197) Using 4 workers of 4 for evacuation
[240.827s][debug][gc,ref       ] GC(197) Skipped phase1 of Reference Processing due to unavailable references
[240.827s][debug][gc,ref       ] GC(197) Skipped phase2 of Reference Processing due to unavailable references
[240.827s][debug][gc,ref       ] GC(197) Skipped phase3 of Reference Processing due to unavailable references
[240.827s][debug][gc,ref       ] GC(197) Skipped phase4 of Reference Processing due to unavailable references
[240.827s][debug][gc,age       ] GC(197) Desired survivor size 15400960 bytes, new threshold 6 (max threshold 6)
[240.827s][info ][gc,heap      ] GC(197) ParNew: 241470K->637K(270976K)
[240.827s][info ][gc,heap      ] GC(197) CMS: 227757K->227757K(602112K)
[240.827s][info ][gc,metaspace ] GC(197) Metaspace: 55047K->55047K(1099776K)
[240.828s][info ][gc           ] GC(197) Pause Young (Allocation Failure) 458M->223M(852M) 2.573ms
[240.828s][info ][gc,cpu       ] GC(197) User=0.01s Sys=0.00s Real=0.00s
[240.828s][info ][safepoint    ] Leaving safepoint region
[240.828s][info ][safepoint    ] Total time for which application threads were stopped: 0.0027406 seconds, Stopping threads took: 0.0000363 seconds
[241.828s][info ][safepoint    ] Application time: 1.0000863 seconds
[241.828s][info ][safepoint    ] Entering safepoint region: Cleanup
[241.828s][info ][safepoint    ] Leaving safepoint region
[241.828s][info ][safepoint    ] Total time for which application threads were stopped: 0.0001078 seconds, Stopping threads took: 0.0000413 seconds
[242.825s][info ][safepoint    ] Application time: 0.9967022 seconds
[242.825s][info ][safepoint    ] Entering safepoint region: GenCollectForAllocation
[242.825s][info ][gc,start     ] GC(198) Pause Young (Allocation Failure)
[242.825s][info ][gc,task      ] GC(198) Using 4 workers of 4 for evacuation
[242.826s][debug][gc,ref       ] GC(198) Skipped phase1 of Reference Processing due to unavailable references
[242.827s][debug][gc,ref       ] GC(198) Skipped phase2 of Reference Processing due to unavailable references
[242.827s][debug][gc,ref       ] GC(198) Skipped phase3 of Reference Processing due to unavailable references
[242.827s][debug][gc,ref       ] GC(198) Skipped phase4 of Reference Processing due to unavailable references
[242.827s][debug][gc,age       ] GC(198) Desired survivor size 15400960 bytes, new threshold 6 (max threshold 6)
[242.827s][info ][gc,heap      ] GC(198) ParNew: 241533K->512K(270976K)
[242.827s][info ][gc,heap      ] GC(198) CMS: 227757K->227757K(602112K)
[242.827s][info ][gc,metaspace ] GC(198) Metaspace: 55047K->55047K(1099776K)
[242.827s][info ][gc           ] GC(198) Pause Young (Allocation Failure) 458M->222M(852M) 2.025ms
[242.827s][info ][gc,cpu       ] GC(198) User=0.01s Sys=0.00s Real=0.00s
[242.827s][info ][safepoint    ] Leaving safepoint region
[242.827s][info ][safepoint    ] Total time for which application threads were stopped: 0.0021854 seconds, Stopping threads took: 0.0000162 seconds
[243.827s][info ][safepoint    ] Application time: 1.0000783 seconds
[243.827s][info ][safepoint    ] Entering safepoint region: Cleanup
[243.827s][info ][safepoint    ] Leaving safepoint region
[243.827s][info ][safepoint    ] Total time for which application threads were stopped: 0.0001399 seconds, Stopping threads took: 0.0000544 seconds
[244.827s][info ][safepoint    ] Application time: 1.0000855 seconds
[244.827s][info ][safepoint    ] Entering safepoint region: Cleanup
[244.827s][info ][safepoint    ] Leaving safepoint region
[244.827s][info ][safepoint    ] Total time for which application threads were stopped: 0.0001945 seconds, Stopping threads took: 0.0001230 seconds
[244.873s][info ][safepoint    ] Application time: 0.0460147 seconds
[244.873s][info ][safepoint    ] Entering safepoint region: GenCollectForAllocation
[244.874s][info ][gc,start     ] GC(199) Pause Young (Allocation Failure)
[244.874s][info ][gc,task      ] GC(199) Using 4 workers of 4 for evacuation
[244.876s][debug][gc,ref       ] GC(199) Skipped phase1 of Reference Processing due to unavailable references
[244.877s][debug][gc,ref       ] GC(199) Skipped phase2 of Reference Processing due to unavailable references
[244.877s][debug][gc,ref       ] GC(199) Skipped phase3 of Reference Processing due to unavailable references
[244.877s][debug][gc,ref       ] GC(199) Skipped phase4 of Reference Processing due to unavailable references
[244.877s][debug][gc,age       ] GC(199) Desired survivor size 15400960 bytes, new threshold 6 (max threshold 6)
[244.877s][info ][gc,heap      ] GC(199) ParNew: 241408K->638K(270976K)
[244.877s][info ][gc,heap      ] GC(199) CMS: 227757K->227766K(602112K)
[244.877s][info ][gc,metaspace ] GC(199) Metaspace: 55047K->55047K(1099776K)
[244.877s][info ][gc           ] GC(199) Pause Young (Allocation Failure) 458M->223M(852M) 3.149ms
[244.877s][info ][gc,cpu       ] GC(199) User=0.01s Sys=0.00s Real=0.00s
[244.877s][info ][safepoint    ] Leaving safepoint region
[244.877s][info ][safepoint    ] Total time for which application threads were stopped: 0.0033784 seconds, Stopping threads took: 0.0000582 seconds
[245.877s][info ][safepoint    ] Application time: 1.0001281 seconds
[245.877s][info ][safepoint    ] Entering safepoint region: Cleanup
[245.877s][info ][safepoint    ] Leaving safepoint region
[245.877s][info ][safepoint    ] Total time for which application threads were stopped: 0.0001445 seconds, Stopping threads took: 0.0000477 seconds
[246.776s][info ][safepoint    ] Application time: 0.8993401 seconds
[246.776s][info ][safepoint    ] Entering safepoint region: GenCollectForAllocation
[246.777s][info ][gc,start     ] GC(200) Pause Young (Allocation Failure)
[246.777s][info ][gc,task      ] GC(200) Using 4 workers of 4 for evacuation
[246.779s][debug][gc,ref       ] GC(200) Skipped phase1 of Reference Processing due to unavailable references
[246.779s][debug][gc,ref       ] GC(200) Skipped phase2 of Reference Processing due to unavailable references
[246.779s][debug][gc,ref       ] GC(200) Skipped phase3 of Reference Processing due to unavailable references
[246.779s][debug][gc,ref       ] GC(200) Skipped phase4 of Reference Processing due to unavailable references
[246.779s][debug][gc,age       ] GC(200) Desired survivor size 15400960 bytes, new threshold 6 (max threshold 6)
[246.779s][info ][gc,heap      ] GC(200) ParNew: 241534K->529K(270976K)
[246.779s][info ][gc,heap      ] GC(200) CMS: 227766K->227794K(602112K)
[246.779s][info ][gc,metaspace ] GC(200) Metaspace: 55047K->55047K(1099776K)
[246.779s][info ][gc           ] GC(200) Pause Young (Allocation Failure) 458M->222M(852M) 2.224ms
[246.779s][info ][gc,cpu       ] GC(200) User=0.01s Sys=0.00s Real=0.00s
[246.779s][info ][safepoint    ] Leaving safepoint region
[246.779s][info ][safepoint    ] Total time for which application threads were stopped: 0.0023901 seconds, Stopping threads took: 0.0000396 seconds
[247.779s][info ][safepoint    ] Application time: 1.0000559 seconds
[247.779s][info ][safepoint    ] Entering safepoint region: Cleanup
[247.779s][info ][safepoint    ] Leaving safepoint region
[247.779s][info ][safepoint    ] Total time for which application threads were stopped: 0.0000672 seconds, Stopping threads took: 0.0000148 seconds
[248.726s][info ][safepoint    ] Application time: 0.9467649 seconds
[248.726s][info ][safepoint    ] Entering safepoint region: GenCollectForAllocation
[248.726s][info ][gc,start     ] GC(201) Pause Young (Allocation Failure)
[248.726s][info ][gc,task      ] GC(201) Using 4 workers of 4 for evacuation
[248.728s][debug][gc,ref       ] GC(201) Skipped phase1 of Reference Processing due to unavailable references
[248.728s][debug][gc,ref       ] GC(201) Skipped phase2 of Reference Processing due to unavailable references
[248.728s][debug][gc,ref       ] GC(201) Skipped phase3 of Reference Processing due to unavailable references
[248.728s][debug][gc,ref       ] GC(201) Skipped phase4 of Reference Processing due to unavailable references
[248.728s][debug][gc,age       ] GC(201) Desired survivor size 15400960 bytes, new threshold 6 (max threshold 6)
[248.728s][info ][gc,heap      ] GC(201) ParNew: 241425K->542K(270976K)
[248.728s][info ][gc,heap      ] GC(201) CMS: 227794K->227795K(602112K)
[248.728s][info ][gc,metaspace ] GC(201) Metaspace: 55053K->55053K(1099776K)
[248.728s][info ][gc           ] GC(201) Pause Young (Allocation Failure) 458M->222M(852M) 1.892ms
[248.728s][info ][gc,cpu       ] GC(201) User=0.00s Sys=0.00s Real=0.00s
[248.728s][info ][safepoint    ] Leaving safepoint region
[248.728s][info ][safepoint    ] Total time for which application threads were stopped: 0.0020730 seconds, Stopping threads took: 0.0000324 seconds
[249.728s][info ][safepoint    ] Application time: 1.0000590 seconds
[249.728s][info ][safepoint    ] Entering safepoint region: Cleanup
[249.728s][info ][safepoint    ] Leaving safepoint region
[249.728s][info ][safepoint    ] Total time for which application threads were stopped: 0.0001453 seconds, Stopping threads took: 0.0000718 seconds
[250.724s][info ][safepoint    ] Application time: 0.9961614 seconds
[250.724s][info ][safepoint    ] Entering safepoint region: GenCollectForAllocation
[250.724s][info ][gc,start     ] GC(202) Pause Young (Allocation Failure)
[250.724s][info ][gc,task      ] GC(202) Using 4 workers of 4 for evacuation
[250.726s][debug][gc,ref       ] GC(202) Skipped phase1 of Reference Processing due to unavailable references
[250.726s][debug][gc,ref       ] GC(202) Skipped phase2 of Reference Processing due to unavailable references
[250.726s][debug][gc,ref       ] GC(202) Skipped phase3 of Reference Processing due to unavailable references
[250.726s][debug][gc,ref       ] GC(202) Skipped phase4 of Reference Processing due to unavailable references
[250.727s][debug][gc,age       ] GC(202) Desired survivor size 15400960 bytes, new threshold 6 (max threshold 6)
[250.727s][info ][gc,heap      ] GC(202) ParNew: 241438K->518K(270976K)
[250.727s][info ][gc,heap      ] GC(202) CMS: 227795K->227859K(602112K)
[250.727s][info ][gc,metaspace ] GC(202) Metaspace: 55053K->55053K(1099776K)
[250.727s][info ][gc           ] GC(202) Pause Young (Allocation Failure) 458M->223M(852M) 2.197ms
[250.727s][info ][gc,cpu       ] GC(202) User=0.00s Sys=0.00s Real=0.00s
[250.727s][info ][safepoint    ] Leaving safepoint region
[250.727s][info ][safepoint    ] Total time for which application threads were stopped: 0.0023548 seconds, Stopping threads took: 0.0000167 seconds
[251.727s][info ][safepoint    ] Application time: 1.0000975 seconds
[251.727s][info ][safepoint    ] Entering safepoint region: Cleanup
[251.727s][info ][safepoint    ] Leaving safepoint region
[251.727s][info ][safepoint    ] Total time for which application threads were stopped: 0.0001211 seconds, Stopping threads took: 0.0000404 seconds
[252.246s][info ][safepoint    ] Application time: 0.5190347 seconds
[252.246s][info ][safepoint    ] Entering safepoint region: GenCollectForAllocation
[252.246s][info ][gc,start     ] GC(203) Pause Young (Allocation Failure)
[252.246s][info ][gc,task      ] GC(203) Using 4 workers of 4 for evacuation
[252.249s][debug][gc,ref       ] GC(203) Skipped phase1 of Reference Processing due to unavailable references
[252.249s][debug][gc,ref       ] GC(203) Skipped phase2 of Reference Processing due to unavailable references
[252.249s][debug][gc,ref       ] GC(203) Skipped phase3 of Reference Processing due to unavailable references
[252.249s][debug][gc,ref       ] GC(203) Skipped phase4 of Reference Processing due to unavailable references
[252.249s][debug][gc,age       ] GC(203) Desired survivor size 15400960 bytes, new threshold 6 (max threshold 6)
[252.249s][info ][gc,heap      ] GC(203) ParNew: 241400K->1760K(270976K)
[252.249s][info ][gc,heap      ] GC(203) CMS: 227859K->227883K(602112K)
[252.249s][info ][gc,metaspace ] GC(203) Metaspace: 55055K->55055K(1099776K)
[252.249s][info ][gc           ] GC(203) Pause Young (Allocation Failure) 458M->224M(852M) 2.827ms
[252.249s][info ][gc,cpu       ] GC(203) User=0.01s Sys=0.00s Real=0.00s
[252.249s][info ][safepoint    ] Leaving safepoint region
[252.249s][info ][safepoint    ] Total time for which application threads were stopped: 0.0029924 seconds, Stopping threads took: 0.0000184 seconds
[253.249s][info ][safepoint    ] Application time: 1.0001401 seconds
[253.249s][info ][safepoint    ] Entering safepoint region: Cleanup
[253.249s][info ][safepoint    ] Leaving safepoint region
[253.249s][info ][safepoint    ] Total time for which application threads were stopped: 0.0000830 seconds, Stopping threads took: 0.0000183 seconds
[253.772s][info ][safepoint    ] Application time: 0.5228762 seconds
[253.772s][info ][safepoint    ] Entering safepoint region: RevokeBias
[253.773s][info ][safepoint    ] Leaving safepoint region
[253.773s][info ][safepoint    ] Total time for which application threads were stopped: 0.0003183 seconds, Stopping threads took: 0.0001944 seconds
[254.275s][info ][safepoint    ] Application time: 0.5026018 seconds
[254.275s][info ][safepoint    ] Entering safepoint region: GenCollectForAllocation
[254.275s][info ][gc,start     ] GC(204) Pause Young (Allocation Failure)
[254.275s][info ][gc,task      ] GC(204) Using 4 workers of 4 for evacuation
[254.278s][debug][gc,ref       ] GC(204) Skipped phase1 of Reference Processing due to unavailable references
[254.278s][debug][gc,ref       ] GC(204) Skipped phase2 of Reference Processing due to unavailable references
[254.278s][debug][gc,ref       ] GC(204) Skipped phase3 of Reference Processing due to unavailable references
[254.278s][debug][gc,ref       ] GC(204) Skipped phase4 of Reference Processing due to unavailable references
[254.278s][debug][gc,age       ] GC(204) Desired survivor size 15400960 bytes, new threshold 6 (max threshold 6)
[254.278s][info ][gc,heap      ] GC(204) ParNew: 242656K->1144K(270976K)
[254.278s][info ][gc,heap      ] GC(204) CMS: 227883K->227893K(602112K)
[254.278s][info ][gc,metaspace ] GC(204) Metaspace: 55055K->55055K(1099776K)
[254.278s][info ][gc           ] GC(204) Pause Young (Allocation Failure) 459M->223M(852M) 2.570ms
[254.278s][info ][gc,cpu       ] GC(204) User=0.01s Sys=0.00s Real=0.00s
[254.278s][info ][safepoint    ] Leaving safepoint region
[254.278s][info ][safepoint    ] Total time for which application threads were stopped: 0.0027434 seconds, Stopping threads took: 0.0000171 seconds
[255.278s][info ][safepoint    ] Application time: 1.0001304 seconds
[255.278s][info ][safepoint    ] Entering safepoint region: Cleanup
[255.278s][info ][safepoint    ] Leaving safepoint region
[255.278s][info ][safepoint    ] Total time for which application threads were stopped: 0.0001124 seconds, Stopping threads took: 0.0000366 seconds
[255.868s][info ][safepoint    ] Application time: 0.5896248 seconds
[255.868s][info ][safepoint    ] Entering safepoint region: GenCollectForAllocation
[255.868s][info ][gc,start     ] GC(205) Pause Young (Allocation Failure)
[255.868s][info ][gc,task      ] GC(205) Using 4 workers of 4 for evacuation
[255.871s][debug][gc,ref       ] GC(205) Skipped phase1 of Reference Processing due to unavailable references
[255.871s][debug][gc,ref       ] GC(205) Skipped phase2 of Reference Processing due to unavailable references
[255.871s][debug][gc,ref       ] GC(205) Skipped phase3 of Reference Processing due to unavailable references
[255.871s][debug][gc,ref       ] GC(205) Skipped phase4 of Reference Processing due to unavailable references
[255.872s][debug][gc,age       ] GC(205) Desired survivor size 15400960 bytes, new threshold 6 (max threshold 6)
[255.872s][info ][gc,heap      ] GC(205) ParNew: 242040K->4266K(270976K)
[255.872s][info ][gc,heap      ] GC(205) CMS: 227893K->227896K(602112K)
[255.872s][info ][gc,metaspace ] GC(205) Metaspace: 55059K->55059K(1099776K)
[255.872s][info ][gc           ] GC(205) Pause Young (Allocation Failure) 458M->226M(852M) 3.597ms
[255.872s][info ][gc,cpu       ] GC(205) User=0.02s Sys=0.01s Real=0.01s
[255.872s][info ][safepoint    ] Leaving safepoint region
[255.872s][info ][safepoint    ] Total time for which application threads were stopped: 0.0037594 seconds, Stopping threads took: 0.0000295 seconds
[256.872s][info ][safepoint    ] Application time: 1.0001077 seconds
[256.872s][info ][safepoint    ] Entering safepoint region: Cleanup
[256.872s][info ][safepoint    ] Leaving safepoint region
[256.872s][info ][safepoint    ] Total time for which application threads were stopped: 0.0001192 seconds, Stopping threads took: 0.0000329 seconds
[257.729s][info ][safepoint    ] Application time: 0.8576012 seconds
[257.730s][info ][safepoint    ] Entering safepoint region: GenCollectForAllocation
[257.730s][info ][gc,start     ] GC(206) Pause Young (Allocation Failure)
[257.730s][info ][gc,task      ] GC(206) Using 4 workers of 4 for evacuation
[257.732s][debug][gc,ref       ] GC(206) Skipped phase1 of Reference Processing due to unavailable references
[257.732s][debug][gc,ref       ] GC(206) Skipped phase2 of Reference Processing due to unavailable references
[257.732s][debug][gc,ref       ] GC(206) Skipped phase3 of Reference Processing due to unavailable references
[257.732s][debug][gc,ref       ] GC(206) Skipped phase4 of Reference Processing due to unavailable references
[257.732s][debug][gc,age       ] GC(206) Desired survivor size 15400960 bytes, new threshold 6 (max threshold 6)
[257.732s][info ][gc,heap      ] GC(206) ParNew: 245162K->3008K(270976K)
[257.732s][info ][gc,heap      ] GC(206) CMS: 227896K->227896K(602112K)
[257.732s][info ][gc,metaspace ] GC(206) Metaspace: 55065K->55065K(1099776K)
[257.732s][info ][gc           ] GC(206) Pause Young (Allocation Failure) 461M->225M(852M) 2.218ms
[257.732s][info ][gc,cpu       ] GC(206) User=0.01s Sys=0.00s Real=0.00s
[257.732s][info ][safepoint    ] Leaving safepoint region
[257.732s][info ][safepoint    ] Total time for which application threads were stopped: 0.0023695 seconds, Stopping threads took: 0.0000165 seconds
[258.732s][info ][safepoint    ] Application time: 1.0000969 seconds
[258.732s][info ][safepoint    ] Entering safepoint region: Cleanup
[258.732s][info ][safepoint    ] Leaving safepoint region
[258.732s][info ][safepoint    ] Total time for which application threads were stopped: 0.0000700 seconds, Stopping threads took: 0.0000182 seconds
[259.728s][info ][safepoint    ] Application time: 0.9962014 seconds
[259.728s][info ][safepoint    ] Entering safepoint region: GenCollectForAllocation
[259.728s][info ][gc,start     ] GC(207) Pause Young (Allocation Failure)
[259.728s][info ][gc,task      ] GC(207) Using 4 workers of 4 for evacuation
[259.731s][debug][gc,ref       ] GC(207) Skipped phase1 of Reference Processing due to unavailable references
[259.731s][debug][gc,ref       ] GC(207) Skipped phase2 of Reference Processing due to unavailable references
[259.731s][debug][gc,ref       ] GC(207) Skipped phase3 of Reference Processing due to unavailable references
[259.731s][debug][gc,ref       ] GC(207) Skipped phase4 of Reference Processing due to unavailable references
[259.731s][debug][gc,age       ] GC(207) Desired survivor size 15400960 bytes, new threshold 6 (max threshold 6)
[259.731s][info ][gc,heap      ] GC(207) ParNew: 243904K->1224K(270976K)
[259.731s][info ][gc,heap      ] GC(207) CMS: 227896K->227906K(602112K)
[259.731s][info ][gc,metaspace ] GC(207) Metaspace: 55066K->55066K(1099776K)
[259.731s][info ][gc           ] GC(207) Pause Young (Allocation Failure) 460M->223M(852M) 2.377ms
[259.731s][info ][gc,cpu       ] GC(207) User=0.00s Sys=0.00s Real=0.01s
[259.731s][info ][safepoint    ] Leaving safepoint region
[259.731s][info ][safepoint    ] Total time for which application threads were stopped: 0.0025267 seconds, Stopping threads took: 0.0000158 seconds
[260.731s][info ][safepoint    ] Application time: 1.0000895 seconds
[260.731s][info ][safepoint    ] Entering safepoint region: Cleanup
[260.731s][info ][safepoint    ] Leaving safepoint region
[260.731s][info ][safepoint    ] Total time for which application threads were stopped: 0.0000680 seconds, Stopping threads took: 0.0000152 seconds
[261.731s][info ][safepoint    ] Application time: 1.0000931 seconds
[261.731s][info ][safepoint    ] Entering safepoint region: Cleanup
[261.731s][info ][safepoint    ] Leaving safepoint region
[261.731s][info ][safepoint    ] Total time for which application threads were stopped: 0.0000701 seconds, Stopping threads took: 0.0000159 seconds
[261.777s][info ][safepoint    ] Application time: 0.0452227 seconds
[261.777s][info ][safepoint    ] Entering safepoint region: GenCollectForAllocation
[261.777s][info ][gc,start     ] GC(208) Pause Young (Allocation Failure)
[261.777s][info ][gc,task      ] GC(208) Using 4 workers of 4 for evacuation
[261.779s][debug][gc,ref       ] GC(208) Skipped phase1 of Reference Processing due to unavailable references
[261.779s][debug][gc,ref       ] GC(208) Skipped phase2 of Reference Processing due to unavailable references
[261.779s][debug][gc,ref       ] GC(208) Skipped phase3 of Reference Processing due to unavailable references
[261.779s][debug][gc,ref       ] GC(208) Skipped phase4 of Reference Processing due to unavailable references
[261.779s][debug][gc,age       ] GC(208) Desired survivor size 15400960 bytes, new threshold 6 (max threshold 6)
[261.779s][info ][gc,heap      ] GC(208) ParNew: 242120K->846K(270976K)
[261.779s][info ][gc,heap      ] GC(208) CMS: 227906K->227917K(602112K)
[261.779s][info ][gc,metaspace ] GC(208) Metaspace: 55066K->55066K(1099776K)
[261.779s][info ][gc           ] GC(208) Pause Young (Allocation Failure) 459M->223M(852M) 2.471ms
[261.779s][info ][gc,cpu       ] GC(208) User=0.01s Sys=0.00s Real=0.00s
[261.779s][info ][safepoint    ] Leaving safepoint region
[261.779s][info ][safepoint    ] Total time for which application threads were stopped: 0.0027102 seconds, Stopping threads took: 0.0001098 seconds
[262.779s][info ][safepoint    ] Application time: 1.0000714 seconds
[262.779s][info ][safepoint    ] Entering safepoint region: Cleanup
[262.779s][info ][safepoint    ] Leaving safepoint region
[262.779s][info ][safepoint    ] Total time for which application threads were stopped: 0.0000708 seconds, Stopping threads took: 0.0000162 seconds
[263.780s][info ][safepoint    ] Application time: 1.0000833 seconds
[263.780s][info ][safepoint    ] Entering safepoint region: Cleanup
[263.780s][info ][safepoint    ] Leaving safepoint region
[263.780s][info ][safepoint    ] Total time for which application threads were stopped: 0.0001096 seconds, Stopping threads took: 0.0000172 seconds
[263.875s][info ][safepoint    ] Application time: 0.0956299 seconds
[263.875s][info ][safepoint    ] Entering safepoint region: GenCollectForAllocation
[263.875s][info ][gc,start     ] GC(209) Pause Young (Allocation Failure)
[263.876s][info ][gc,task      ] GC(209) Using 4 workers of 4 for evacuation
[263.878s][debug][gc,ref       ] GC(209) Skipped phase1 of Reference Processing due to unavailable references
[263.878s][debug][gc,ref       ] GC(209) Skipped phase2 of Reference Processing due to unavailable references
[263.878s][debug][gc,ref       ] GC(209) Skipped phase3 of Reference Processing due to unavailable references
[263.878s][debug][gc,ref       ] GC(209) Skipped phase4 of Reference Processing due to unavailable references
[263.878s][debug][gc,age       ] GC(209) Desired survivor size 15400960 bytes, new threshold 6 (max threshold 6)
[263.878s][info ][gc,heap      ] GC(209) ParNew: 241742K->812K(270976K)
[263.878s][info ][gc,heap      ] GC(209) CMS: 227917K->228016K(602112K)
[263.878s][info ][gc,metaspace ] GC(209) Metaspace: 55066K->55066K(1099776K)
[263.878s][info ][gc           ] GC(209) Pause Young (Allocation Failure) 458M->223M(852M) 2.844ms
[263.878s][info ][gc,cpu       ] GC(209) User=0.01s Sys=0.00s Real=0.00s
[263.878s][info ][safepoint    ] Leaving safepoint region
[263.878s][info ][safepoint    ] Total time for which application threads were stopped: 0.0030500 seconds, Stopping threads took: 0.0000638 seconds
[264.878s][info ][safepoint    ] Application time: 1.0000979 seconds
[264.879s][info ][safepoint    ] Entering safepoint region: Cleanup
[264.879s][info ][safepoint    ] Leaving safepoint region
[264.879s][info ][safepoint    ] Total time for which application threads were stopped: 0.0001174 seconds, Stopping threads took: 0.0000468 seconds
[265.875s][info ][safepoint    ] Application time: 0.9960241 seconds
[265.875s][info ][safepoint    ] Entering safepoint region: GenCollectForAllocation
[265.875s][info ][gc,start     ] GC(210) Pause Young (Allocation Failure)
[265.875s][info ][gc,task      ] GC(210) Using 4 workers of 4 for evacuation
[265.877s][debug][gc,ref       ] GC(210) Skipped phase1 of Reference Processing due to unavailable references
[265.877s][debug][gc,ref       ] GC(210) Skipped phase2 of Reference Processing due to unavailable references
[265.877s][debug][gc,ref       ] GC(210) Skipped phase3 of Reference Processing due to unavailable references
[265.877s][debug][gc,ref       ] GC(210) Skipped phase4 of Reference Processing due to unavailable references
[265.877s][debug][gc,age       ] GC(210) Desired survivor size 15400960 bytes, new threshold 6 (max threshold 6)
[265.877s][info ][gc,heap      ] GC(210) ParNew: 241708K->896K(270976K)
[265.877s][info ][gc,heap      ] GC(210) CMS: 228016K->228019K(602112K)
[265.877s][info ][gc,metaspace ] GC(210) Metaspace: 55069K->55069K(1099776K)
[265.877s][info ][gc           ] GC(210) Pause Young (Allocation Failure) 458M->223M(852M) 2.364ms
[265.877s][info ][gc,cpu       ] GC(210) User=0.01s Sys=0.00s Real=0.00s
[265.877s][info ][safepoint    ] Leaving safepoint region
[265.877s][info ][safepoint    ] Total time for which application threads were stopped: 0.0025433 seconds, Stopping threads took: 0.0000332 seconds
[266.877s][info ][safepoint    ] Application time: 1.0001006 seconds
[266.877s][info ][safepoint    ] Entering safepoint region: Cleanup
[266.877s][info ][safepoint    ] Leaving safepoint region
[266.878s][info ][safepoint    ] Total time for which application threads were stopped: 0.0001062 seconds, Stopping threads took: 0.0000427 seconds
[267.878s][info ][safepoint    ] Application time: 1.0001484 seconds
[267.878s][info ][safepoint    ] Entering safepoint region: Cleanup
[267.878s][info ][safepoint    ] Leaving safepoint region
[267.878s][info ][safepoint    ] Total time for which application threads were stopped: 0.0000933 seconds, Stopping threads took: 0.0000346 seconds
[267.925s][info ][safepoint    ] Application time: 0.0474647 seconds
[267.925s][info ][safepoint    ] Entering safepoint region: GenCollectForAllocation
[267.925s][info ][gc,start     ] GC(211) Pause Young (Allocation Failure)
[267.925s][info ][gc,task      ] GC(211) Using 4 workers of 4 for evacuation
[267.930s][debug][gc,ref       ] GC(211) Skipped phase1 of Reference Processing due to unavailable references
[267.930s][debug][gc,ref       ] GC(211) Skipped phase2 of Reference Processing due to unavailable references
[267.930s][debug][gc,ref       ] GC(211) Skipped phase3 of Reference Processing due to unavailable references
[267.930s][debug][gc,ref       ] GC(211) Skipped phase4 of Reference Processing due to unavailable references
[267.931s][debug][gc,age       ] GC(211) Desired survivor size 15400960 bytes, new threshold 6 (max threshold 6)
[267.931s][info ][gc,heap      ] GC(211) ParNew: 241792K->478K(270976K)
[267.931s][info ][gc,heap      ] GC(211) CMS: 228019K->228308K(602112K)
[267.931s][info ][gc,metaspace ] GC(211) Metaspace: 55069K->55069K(1099776K)
[267.931s][info ][gc           ] GC(211) Pause Young (Allocation Failure) 458M->223M(852M) 5.146ms
[267.931s][info ][gc,cpu       ] GC(211) User=0.01s Sys=0.00s Real=0.01s
[267.931s][info ][safepoint    ] Leaving safepoint region
[267.931s][info ][safepoint    ] Total time for which application threads were stopped: 0.0053370 seconds, Stopping threads took: 0.0000364 seconds
[268.931s][info ][safepoint    ] Application time: 1.0001093 seconds
[268.931s][info ][safepoint    ] Entering safepoint region: Cleanup
[268.931s][info ][safepoint    ] Leaving safepoint region
[268.931s][info ][safepoint    ] Total time for which application threads were stopped: 0.0000769 seconds, Stopping threads took: 0.0000159 seconds
[269.931s][info ][safepoint    ] Application time: 1.0000871 seconds
[269.931s][info ][safepoint    ] Entering safepoint region: Cleanup
[269.931s][info ][safepoint    ] Leaving safepoint region
[269.931s][info ][safepoint    ] Total time for which application threads were stopped: 0.0000773 seconds, Stopping threads took: 0.0000186 seconds
[270.027s][info ][safepoint    ] Application time: 0.0962963 seconds
[270.027s][info ][safepoint    ] Entering safepoint region: GenCollectForAllocation
[270.028s][info ][gc,start     ] GC(212) Pause Young (Allocation Failure)
[270.028s][info ][gc,task      ] GC(212) Using 4 workers of 4 for evacuation
[270.029s][debug][gc,ref       ] GC(212) Skipped phase1 of Reference Processing due to unavailable references
[270.029s][debug][gc,ref       ] GC(212) Skipped phase2 of Reference Processing due to unavailable references
[270.029s][debug][gc,ref       ] GC(212) Skipped phase3 of Reference Processing due to unavailable references
[270.029s][debug][gc,ref       ] GC(212) Skipped phase4 of Reference Processing due to unavailable references
[270.030s][debug][gc,age       ] GC(212) Desired survivor size 15400960 bytes, new threshold 6 (max threshold 6)
[270.030s][info ][gc,heap      ] GC(212) ParNew: 241374K->493K(270976K)
[270.030s][info ][gc,heap      ] GC(212) CMS: 228308K->228372K(602112K)
[270.030s][info ][gc,metaspace ] GC(212) Metaspace: 55069K->55069K(1099776K)
[270.030s][info ][gc           ] GC(212) Pause Young (Allocation Failure) 458M->223M(852M) 2.035ms
[270.030s][info ][gc,cpu       ] GC(212) User=0.00s Sys=0.00s Real=0.01s
[270.030s][info ][safepoint    ] Leaving safepoint region
[270.030s][info ][safepoint    ] Total time for which application threads were stopped: 0.0022206 seconds, Stopping threads took: 0.0000553 seconds
[271.030s][info ][safepoint    ] Application time: 1.0000993 seconds
[271.030s][info ][safepoint    ] Entering safepoint region: Cleanup
[271.030s][info ][safepoint    ] Leaving safepoint region
[271.030s][info ][safepoint    ] Total time for which application threads were stopped: 0.0000670 seconds, Stopping threads took: 0.0000154 seconds
[271.975s][info ][safepoint    ] Application time: 0.9447658 seconds
[271.975s][info ][safepoint    ] Entering safepoint region: GenCollectForAllocation
[271.975s][info ][gc,start     ] GC(213) Pause Young (Allocation Failure)
[271.975s][info ][gc,task      ] GC(213) Using 4 workers of 4 for evacuation
[271.977s][debug][gc,ref       ] GC(213) Skipped phase1 of Reference Processing due to unavailable references
[271.977s][debug][gc,ref       ] GC(213) Skipped phase2 of Reference Processing due to unavailable references
[271.977s][debug][gc,ref       ] GC(213) Skipped phase3 of Reference Processing due to unavailable references
[271.977s][debug][gc,ref       ] GC(213) Skipped phase4 of Reference Processing due to unavailable references
[271.977s][debug][gc,age       ] GC(213) Desired survivor size 15400960 bytes, new threshold 6 (max threshold 6)
[271.977s][info ][gc,heap      ] GC(213) ParNew: 241389K->480K(270976K)
[271.977s][info ][gc,heap      ] GC(213) CMS: 228372K->228407K(602112K)
[271.977s][info ][gc,metaspace ] GC(213) Metaspace: 55072K->55072K(1099776K)
[271.977s][info ][gc           ] GC(213) Pause Young (Allocation Failure) 458M->223M(852M) 1.927ms
[271.977s][info ][gc,cpu       ] GC(213) User=0.01s Sys=0.00s Real=0.00s
[271.977s][info ][safepoint    ] Leaving safepoint region
[271.977s][info ][safepoint    ] Total time for which application threads were stopped: 0.0020751 seconds, Stopping threads took: 0.0000158 seconds
[272.977s][info ][safepoint    ] Application time: 1.0000991 seconds
[272.977s][info ][safepoint    ] Entering safepoint region: Cleanup
[272.977s][info ][safepoint    ] Leaving safepoint region
[272.977s][info ][safepoint    ] Total time for which application threads were stopped: 0.0001151 seconds, Stopping threads took: 0.0000369 seconds
[273.771s][info ][safepoint    ] Application time: 0.7943412 seconds
[273.771s][info ][safepoint    ] Entering safepoint region: GenCollectForAllocation
[273.771s][info ][gc,start     ] GC(214) Pause Young (Allocation Failure)
[273.771s][info ][gc,task      ] GC(214) Using 4 workers of 4 for evacuation
[273.773s][debug][gc,ref       ] GC(214) Skipped phase1 of Reference Processing due to unavailable references
[273.773s][debug][gc,ref       ] GC(214) Skipped phase2 of Reference Processing due to unavailable references
[273.773s][debug][gc,ref       ] GC(214) Skipped phase3 of Reference Processing due to unavailable references
[273.773s][debug][gc,ref       ] GC(214) Skipped phase4 of Reference Processing due to unavailable references
[273.773s][debug][gc,age       ] GC(214) Desired survivor size 15400960 bytes, new threshold 6 (max threshold 6)
[273.773s][info ][gc,heap      ] GC(214) ParNew: 241376K->327K(270976K)
[273.773s][info ][gc,heap      ] GC(214) CMS: 228407K->228410K(602112K)
[273.773s][info ][gc,metaspace ] GC(214) Metaspace: 55072K->55072K(1099776K)
[273.773s][info ][gc           ] GC(214) Pause Young (Allocation Failure) 458M->223M(852M) 1.841ms
[273.773s][info ][gc,cpu       ] GC(214) User=0.01s Sys=0.00s Real=0.00s
[273.773s][info ][safepoint    ] Leaving safepoint region
[273.773s][info ][safepoint    ] Total time for which application threads were stopped: 0.0019948 seconds, Stopping threads took: 0.0000160 seconds
[274.773s][info ][safepoint    ] Application time: 1.0000832 seconds
[274.774s][info ][safepoint    ] Entering safepoint region: Cleanup
[274.774s][info ][safepoint    ] Leaving safepoint region
[274.774s][info ][safepoint    ] Total time for which application threads were stopped: 0.0001147 seconds, Stopping threads took: 0.0000391 seconds
[275.522s][info ][safepoint    ] Application time: 0.7481364 seconds
[275.522s][info ][safepoint    ] Entering safepoint region: GenCollectForAllocation
[275.522s][info ][gc,start     ] GC(215) Pause Young (Allocation Failure)
[275.522s][info ][gc,task      ] GC(215) Using 4 workers of 4 for evacuation
[275.524s][debug][gc,ref       ] GC(215) Skipped phase1 of Reference Processing due to unavailable references
[275.524s][debug][gc,ref       ] GC(215) Skipped phase2 of Reference Processing due to unavailable references
[275.524s][debug][gc,ref       ] GC(215) Skipped phase3 of Reference Processing due to unavailable references
[275.524s][debug][gc,ref       ] GC(215) Skipped phase4 of Reference Processing due to unavailable references
[275.524s][debug][gc,age       ] GC(215) Desired survivor size 15400960 bytes, new threshold 6 (max threshold 6)
[275.524s][info ][gc,heap      ] GC(215) ParNew: 241223K->299K(270976K)
[275.524s][info ][gc,heap      ] GC(215) CMS: 228410K->228416K(602112K)
[275.524s][info ][gc,metaspace ] GC(215) Metaspace: 55074K->55074K(1099776K)
[275.524s][info ][gc           ] GC(215) Pause Young (Allocation Failure) 458M->223M(852M) 2.018ms
[275.524s][info ][gc,cpu       ] GC(215) User=0.00s Sys=0.00s Real=0.00s
[275.524s][info ][safepoint    ] Leaving safepoint region
[275.524s][info ][safepoint    ] Total time for which application threads were stopped: 0.0021585 seconds, Stopping threads took: 0.0000146 seconds
[276.524s][info ][safepoint    ] Application time: 1.0001048 seconds
[276.524s][info ][safepoint    ] Entering safepoint region: Cleanup
[276.524s][info ][safepoint    ] Leaving safepoint region
[276.524s][info ][safepoint    ] Total time for which application threads were stopped: 0.0001293 seconds, Stopping threads took: 0.0000380 seconds
[277.476s][info ][safepoint    ] Application time: 0.9517633 seconds
[277.476s][info ][safepoint    ] Entering safepoint region: GenCollectForAllocation
[277.476s][info ][gc,start     ] GC(216) Pause Young (Allocation Failure)
[277.476s][info ][gc,task      ] GC(216) Using 4 workers of 4 for evacuation
[277.478s][debug][gc,ref       ] GC(216) Skipped phase1 of Reference Processing due to unavailable references
[277.478s][debug][gc,ref       ] GC(216) Skipped phase2 of Reference Processing due to unavailable references
[277.478s][debug][gc,ref       ] GC(216) Skipped phase3 of Reference Processing due to unavailable references
[277.478s][debug][gc,ref       ] GC(216) Skipped phase4 of Reference Processing due to unavailable references
[277.478s][debug][gc,age       ] GC(216) Desired survivor size 15400960 bytes, new threshold 6 (max threshold 6)
[277.478s][info ][gc,heap      ] GC(216) ParNew: 241195K->343K(270976K)
[277.478s][info ][gc,heap      ] GC(216) CMS: 228416K->228417K(602112K)
[277.478s][info ][gc,metaspace ] GC(216) Metaspace: 55074K->55074K(1099776K)
[277.478s][info ][gc           ] GC(216) Pause Young (Allocation Failure) 458M->223M(852M) 2.183ms
[277.478s][info ][gc,cpu       ] GC(216) User=0.01s Sys=0.00s Real=0.00s
[277.478s][info ][safepoint    ] Leaving safepoint region
[277.478s][info ][safepoint    ] Total time for which application threads were stopped: 0.0023307 seconds, Stopping threads took: 0.0000164 seconds
[278.478s][info ][safepoint    ] Application time: 1.0000867 seconds
[278.478s][info ][safepoint    ] Entering safepoint region: Cleanup
[278.479s][info ][safepoint    ] Leaving safepoint region
[278.479s][info ][safepoint    ] Total time for which application threads were stopped: 0.0000902 seconds, Stopping threads took: 0.0000159 seconds
[279.477s][info ][safepoint    ] Application time: 0.9983434 seconds
[279.477s][info ][safepoint    ] Entering safepoint region: GenCollectForAllocation
[279.477s][info ][gc,start     ] GC(217) Pause Young (Allocation Failure)
[279.477s][info ][gc,task      ] GC(217) Using 4 workers of 4 for evacuation
[279.479s][debug][gc,ref       ] GC(217) Skipped phase1 of Reference Processing due to unavailable references
[279.479s][debug][gc,ref       ] GC(217) Skipped phase2 of Reference Processing due to unavailable references
[279.479s][debug][gc,ref       ] GC(217) Skipped phase3 of Reference Processing due to unavailable references
[279.479s][debug][gc,ref       ] GC(217) Skipped phase4 of Reference Processing due to unavailable references
[279.479s][debug][gc,age       ] GC(217) Desired survivor size 15400960 bytes, new threshold 6 (max threshold 6)
[279.479s][info ][gc,heap      ] GC(217) ParNew: 241239K->189K(270976K)
[279.479s][info ][gc,heap      ] GC(217) CMS: 228417K->228599K(602112K)
[279.479s][info ][gc,metaspace ] GC(217) Metaspace: 55075K->55075K(1099776K)
[279.479s][info ][gc           ] GC(217) Pause Young (Allocation Failure) 458M->223M(852M) 1.846ms
[279.479s][info ][gc,cpu       ] GC(217) User=0.00s Sys=0.00s Real=0.00s
[279.479s][info ][safepoint    ] Leaving safepoint region
[279.479s][info ][safepoint    ] Total time for which application threads were stopped: 0.0020108 seconds, Stopping threads took: 0.0000325 seconds
[280.479s][info ][safepoint    ] Application time: 1.0001150 seconds
[280.479s][info ][safepoint    ] Entering safepoint region: Cleanup
[280.479s][info ][safepoint    ] Leaving safepoint region
[280.479s][info ][safepoint    ] Total time for which application threads were stopped: 0.0000750 seconds, Stopping threads took: 0.0000156 seconds
[281.479s][info ][safepoint    ] Application time: 1.0000872 seconds
[281.479s][info ][safepoint    ] Entering safepoint region: Cleanup
[281.479s][info ][safepoint    ] Leaving safepoint region
[281.479s][info ][safepoint    ] Total time for which application threads were stopped: 0.0000909 seconds, Stopping threads took: 0.0000161 seconds
[281.525s][info ][safepoint    ] Application time: 0.0456778 seconds
[281.525s][info ][safepoint    ] Entering safepoint region: GenCollectForAllocation
[281.525s][info ][gc,start     ] GC(218) Pause Young (Allocation Failure)
[281.525s][info ][gc,task      ] GC(218) Using 4 workers of 4 for evacuation
[281.527s][debug][gc,ref       ] GC(218) Skipped phase1 of Reference Processing due to unavailable references
[281.527s][debug][gc,ref       ] GC(218) Skipped phase2 of Reference Processing due to unavailable references
[281.527s][debug][gc,ref       ] GC(218) Skipped phase3 of Reference Processing due to unavailable references
[281.527s][debug][gc,ref       ] GC(218) Skipped phase4 of Reference Processing due to unavailable references
[281.527s][debug][gc,age       ] GC(218) Desired survivor size 15400960 bytes, new threshold 6 (max threshold 6)
[281.527s][info ][gc,heap      ] GC(218) ParNew: 241085K->357K(270976K)
[281.527s][info ][gc,heap      ] GC(218) CMS: 228599K->228601K(602112K)
[281.527s][info ][gc,metaspace ] GC(218) Metaspace: 55078K->55078K(1099776K)
[281.527s][info ][gc           ] GC(218) Pause Young (Allocation Failure) 458M->223M(852M) 2.161ms
[281.527s][info ][gc,cpu       ] GC(218) User=0.00s Sys=0.01s Real=0.00s
[281.528s][info ][safepoint    ] Leaving safepoint region
[281.528s][info ][safepoint    ] Total time for which application threads were stopped: 0.0024046 seconds, Stopping threads took: 0.0000413 seconds
[282.528s][info ][safepoint    ] Application time: 1.0000954 seconds
[282.528s][info ][safepoint    ] Entering safepoint region: Cleanup
[282.528s][info ][safepoint    ] Leaving safepoint region
[282.528s][info ][safepoint    ] Total time for which application threads were stopped: 0.0001316 seconds, Stopping threads took: 0.0000386 seconds
[283.526s][info ][safepoint    ] Application time: 0.9977607 seconds
[283.526s][info ][safepoint    ] Entering safepoint region: GenCollectForAllocation
[283.526s][info ][gc,start     ] GC(219) Pause Young (Allocation Failure)
[283.526s][info ][gc,task      ] GC(219) Using 4 workers of 4 for evacuation
[283.527s][debug][gc,ref       ] GC(219) Skipped phase1 of Reference Processing due to unavailable references
[283.527s][debug][gc,ref       ] GC(219) Skipped phase2 of Reference Processing due to unavailable references
[283.527s][debug][gc,ref       ] GC(219) Skipped phase3 of Reference Processing due to unavailable references
[283.527s][debug][gc,ref       ] GC(219) Skipped phase4 of Reference Processing due to unavailable references
[283.528s][debug][gc,age       ] GC(219) Desired survivor size 15400960 bytes, new threshold 6 (max threshold 6)
[283.528s][info ][gc,heap      ] GC(219) ParNew: 241253K->325K(270976K)
[283.528s][info ][gc,heap      ] GC(219) CMS: 228601K->228601K(602112K)
[283.528s][info ][gc,metaspace ] GC(219) Metaspace: 55078K->55078K(1099776K)
[283.528s][info ][gc           ] GC(219) Pause Young (Allocation Failure) 458M->223M(852M) 1.826ms
[283.528s][info ][gc,cpu       ] GC(219) User=0.00s Sys=0.00s Real=0.00s
[283.528s][info ][safepoint    ] Leaving safepoint region
[283.528s][info ][safepoint    ] Total time for which application threads were stopped: 0.0020685 seconds, Stopping threads took: 0.0000708 seconds
[284.528s][info ][safepoint    ] Application time: 1.0001013 seconds
[284.528s][info ][safepoint    ] Entering safepoint region: Cleanup
[284.528s][info ][safepoint    ] Leaving safepoint region
[284.528s][info ][safepoint    ] Total time for which application threads were stopped: 0.0001077 seconds, Stopping threads took: 0.0000474 seconds
[285.329s][info ][safepoint    ] Application time: 0.8006977 seconds
[285.329s][info ][safepoint    ] Entering safepoint region: GenCollectForAllocation
[285.329s][info ][gc,start     ] GC(220) Pause Young (Allocation Failure)
[285.329s][info ][gc,task      ] GC(220) Using 4 workers of 4 for evacuation
[285.331s][debug][gc,ref       ] GC(220) Skipped phase1 of Reference Processing due to unavailable references
[285.331s][debug][gc,ref       ] GC(220) Skipped phase2 of Reference Processing due to unavailable references
[285.331s][debug][gc,ref       ] GC(220) Skipped phase3 of Reference Processing due to unavailable references
[285.331s][debug][gc,ref       ] GC(220) Skipped phase4 of Reference Processing due to unavailable references
[285.331s][debug][gc,age       ] GC(220) Desired survivor size 15400960 bytes, new threshold 6 (max threshold 6)
[285.331s][info ][gc,heap      ] GC(220) ParNew: 241221K->357K(270976K)
[285.331s][info ][gc,heap      ] GC(220) CMS: 228601K->228602K(602112K)
[285.331s][info ][gc,metaspace ] GC(220) Metaspace: 55078K->55078K(1099776K)
[285.331s][info ][gc           ] GC(220) Pause Young (Allocation Failure) 458M->223M(852M) 2.287ms
[285.331s][info ][gc,cpu       ] GC(220) User=0.01s Sys=0.00s Real=0.01s
[285.331s][info ][safepoint    ] Leaving safepoint region
[285.331s][info ][safepoint    ] Total time for which application threads were stopped: 0.0024676 seconds, Stopping threads took: 0.0000388 seconds
[286.331s][info ][safepoint    ] Application time: 1.0001005 seconds
[286.331s][info ][safepoint    ] Entering safepoint region: Cleanup
[286.331s][info ][safepoint    ] Leaving safepoint region
[286.331s][info ][safepoint    ] Total time for which application threads were stopped: 0.0000846 seconds, Stopping threads took: 0.0000312 seconds
[287.226s][info ][safepoint    ] Application time: 0.8945445 seconds
[287.226s][info ][safepoint    ] Entering safepoint region: GenCollectForAllocation
[287.226s][info ][gc,start     ] GC(221) Pause Young (Allocation Failure)
[287.226s][info ][gc,task      ] GC(221) Using 4 workers of 4 for evacuation
[287.228s][debug][gc,ref       ] GC(221) Skipped phase1 of Reference Processing due to unavailable references
[287.228s][debug][gc,ref       ] GC(221) Skipped phase2 of Reference Processing due to unavailable references
[287.228s][debug][gc,ref       ] GC(221) Skipped phase3 of Reference Processing due to unavailable references
[287.228s][debug][gc,ref       ] GC(221) Skipped phase4 of Reference Processing due to unavailable references
[287.228s][debug][gc,age       ] GC(221) Desired survivor size 15400960 bytes, new threshold 6 (max threshold 6)
[287.228s][info ][gc,heap      ] GC(221) ParNew: 241253K->413K(270976K)
[287.228s][info ][gc,heap      ] GC(221) CMS: 228602K->228614K(602112K)
[287.228s][info ][gc,metaspace ] GC(221) Metaspace: 55078K->55078K(1099776K)
[287.228s][info ][gc           ] GC(221) Pause Young (Allocation Failure) 458M->223M(852M) 2.211ms
[287.228s][info ][gc,cpu       ] GC(221) User=0.01s Sys=0.00s Real=0.00s
[287.228s][info ][safepoint    ] Leaving safepoint region
[287.228s][info ][safepoint    ] Total time for which application threads were stopped: 0.0024022 seconds, Stopping threads took: 0.0000575 seconds
[288.228s][info ][safepoint    ] Application time: 1.0000978 seconds
[288.228s][info ][safepoint    ] Entering safepoint region: Cleanup
[288.229s][info ][safepoint    ] Leaving safepoint region
[288.229s][info ][safepoint    ] Total time for which application threads were stopped: 0.0001237 seconds, Stopping threads took: 0.0000563 seconds
[288.719s][info ][safepoint    ] Application time: 0.4902559 seconds
[288.719s][info ][safepoint    ] Entering safepoint region: RevokeBias
[288.719s][info ][safepoint    ] Leaving safepoint region
[288.719s][info ][safepoint    ] Total time for which application threads were stopped: 0.0001520 seconds, Stopping threads took: 0.0000551 seconds
[288.719s][info ][safepoint    ] Application time: 0.0003554 seconds
[288.719s][info ][safepoint    ] Entering safepoint region: RevokeBias
[288.720s][info ][safepoint    ] Leaving safepoint region
[288.720s][info ][safepoint    ] Total time for which application threads were stopped: 0.0001321 seconds, Stopping threads took: 0.0000775 seconds
[289.177s][info ][safepoint    ] Application time: 0.4572555 seconds
[289.177s][info ][safepoint    ] Entering safepoint region: GenCollectForAllocation
[289.177s][info ][gc,start     ] GC(222) Pause Young (Allocation Failure)
[289.177s][info ][gc,task      ] GC(222) Using 4 workers of 4 for evacuation
[289.179s][debug][gc,ref       ] GC(222) Skipped phase1 of Reference Processing due to unavailable references
[289.179s][debug][gc,ref       ] GC(222) Skipped phase3 of Reference Processing due to unavailable references
[289.179s][debug][gc,ref       ] GC(222) Skipped phase4 of Reference Processing due to unavailable references
[289.179s][debug][gc,age       ] GC(222) Desired survivor size 15400960 bytes, new threshold 6 (max threshold 6)
[289.179s][info ][gc,heap      ] GC(222) ParNew: 241309K->449K(270976K)
[289.179s][info ][gc,heap      ] GC(222) CMS: 228614K->228614K(602112K)
[289.179s][info ][gc,metaspace ] GC(222) Metaspace: 55078K->55078K(1099776K)
[289.179s][info ][gc           ] GC(222) Pause Young (Allocation Failure) 458M->223M(852M) 1.886ms
[289.179s][info ][gc,cpu       ] GC(222) User=0.01s Sys=0.01s Real=0.00s
[289.179s][info ][safepoint    ] Leaving safepoint region
[289.179s][info ][safepoint    ] Total time for which application threads were stopped: 0.0020770 seconds, Stopping threads took: 0.0000529 seconds
[290.179s][info ][safepoint    ] Application time: 1.0001034 seconds
[290.179s][info ][safepoint    ] Entering safepoint region: Cleanup
[290.179s][info ][safepoint    ] Leaving safepoint region
[290.179s][info ][safepoint    ] Total time for which application threads were stopped: 0.0001662 seconds, Stopping threads took: 0.0000854 seconds
[291.127s][info ][safepoint    ] Application time: 0.9475540 seconds
[291.127s][info ][safepoint    ] Entering safepoint region: GenCollectForAllocation
[291.127s][info ][gc,start     ] GC(223) Pause Young (Allocation Failure)
[291.127s][info ][gc,task      ] GC(223) Using 4 workers of 4 for evacuation
[291.129s][debug][gc,ref       ] GC(223) Skipped phase1 of Reference Processing due to unavailable references
[291.129s][debug][gc,ref       ] GC(223) Skipped phase3 of Reference Processing due to unavailable references
[291.129s][debug][gc,ref       ] GC(223) Skipped phase4 of Reference Processing due to unavailable references
[291.129s][debug][gc,age       ] GC(223) Desired survivor size 15400960 bytes, new threshold 6 (max threshold 6)
[291.129s][info ][gc,heap      ] GC(223) ParNew: 241345K->451K(270976K)
[291.129s][info ][gc,heap      ] GC(223) CMS: 228614K->228623K(602112K)
[291.129s][info ][gc,metaspace ] GC(223) Metaspace: 55079K->55079K(1099776K)
[291.129s][info ][gc           ] GC(223) Pause Young (Allocation Failure) 458M->223M(852M) 1.920ms
[291.129s][info ][gc,cpu       ] GC(223) User=0.01s Sys=0.00s Real=0.00s
[291.129s][info ][safepoint    ] Leaving safepoint region
[291.129s][info ][safepoint    ] Total time for which application threads were stopped: 0.0021398 seconds, Stopping threads took: 0.0000743 seconds
[292.129s][info ][safepoint    ] Application time: 1.0000947 seconds
[292.129s][info ][safepoint    ] Entering safepoint region: Cleanup
[292.129s][info ][safepoint    ] Leaving safepoint region
[292.129s][info ][safepoint    ] Total time for which application threads were stopped: 0.0000746 seconds, Stopping threads took: 0.0000148 seconds
[292.874s][info ][safepoint    ] Application time: 0.7450584 seconds
[292.874s][info ][safepoint    ] Entering safepoint region: GenCollectForAllocation
[292.874s][info ][gc,start     ] GC(224) Pause Young (Allocation Failure)
[292.874s][info ][gc,task      ] GC(224) Using 4 workers of 4 for evacuation
[292.876s][debug][gc,ref       ] GC(224) Skipped phase1 of Reference Processing due to unavailable references
[292.877s][debug][gc,ref       ] GC(224) Skipped phase3 of Reference Processing due to unavailable references
[292.877s][debug][gc,ref       ] GC(224) Skipped phase4 of Reference Processing due to unavailable references
[292.877s][debug][gc,age       ] GC(224) Desired survivor size 15400960 bytes, new threshold 6 (max threshold 6)
[292.877s][info ][gc,heap      ] GC(224) ParNew: 241347K->527K(270976K)
[292.877s][info ][gc,heap      ] GC(224) CMS: 228623K->228624K(602112K)
[292.877s][info ][gc,metaspace ] GC(224) Metaspace: 55079K->55079K(1099776K)
[292.877s][info ][gc           ] GC(224) Pause Young (Allocation Failure) 458M->223M(852M) 2.268ms
[292.877s][info ][gc,cpu       ] GC(224) User=0.00s Sys=0.00s Real=0.00s
[292.877s][info ][safepoint    ] Leaving safepoint region
[292.877s][info ][safepoint    ] Total time for which application threads were stopped: 0.0024243 seconds, Stopping threads took: 0.0000163 seconds
[293.877s][info ][safepoint    ] Application time: 1.0001095 seconds
[293.877s][info ][safepoint    ] Entering safepoint region: Cleanup
[293.877s][info ][safepoint    ] Leaving safepoint region
[293.877s][info ][safepoint    ] Total time for which application threads were stopped: 0.0000833 seconds, Stopping threads took: 0.0000198 seconds
[294.775s][info ][safepoint    ] Application time: 0.8979767 seconds
[294.775s][info ][safepoint    ] Entering safepoint region: GenCollectForAllocation
[294.775s][info ][gc,start     ] GC(225) Pause Young (Allocation Failure)
[294.775s][info ][gc,task      ] GC(225) Using 4 workers of 4 for evacuation
[294.777s][debug][gc,ref       ] GC(225) Skipped phase1 of Reference Processing due to unavailable references
[294.778s][debug][gc,ref       ] GC(225) Skipped phase3 of Reference Processing due to unavailable references
[294.778s][debug][gc,age       ] GC(225) Desired survivor size 15400960 bytes, new threshold 6 (max threshold 6)
[294.778s][info ][gc,heap      ] GC(225) ParNew: 241423K->795K(270976K)
[294.778s][info ][gc,heap      ] GC(225) CMS: 228624K->228648K(602112K)
[294.778s][info ][gc,metaspace ] GC(225) Metaspace: 55082K->55082K(1099776K)
[294.778s][info ][gc           ] GC(225) Pause Young (Allocation Failure) 459M->224M(852M) 2.583ms
[294.778s][info ][gc,cpu       ] GC(225) User=0.01s Sys=0.00s Real=0.00s
[294.778s][info ][safepoint    ] Leaving safepoint region
[294.778s][info ][safepoint    ] Total time for which application threads were stopped: 0.0027584 seconds, Stopping threads took: 0.0000157 seconds
[295.778s][info ][safepoint    ] Application time: 1.0000914 seconds
[295.778s][info ][safepoint    ] Entering safepoint region: Cleanup
[295.778s][info ][safepoint    ] Leaving safepoint region
[295.778s][info ][safepoint    ] Total time for which application threads were stopped: 0.0002008 seconds, Stopping threads took: 0.0000641 seconds
[296.729s][info ][safepoint    ] Application time: 0.9506638 seconds
[296.729s][info ][safepoint    ] Entering safepoint region: GenCollectForAllocation
[296.729s][info ][gc,start     ] GC(226) Pause Young (Allocation Failure)
[296.729s][info ][gc,task      ] GC(226) Using 4 workers of 4 for evacuation
[296.731s][debug][gc,ref       ] GC(226) Skipped phase1 of Reference Processing due to unavailable references
[296.731s][debug][gc,ref       ] GC(226) Skipped phase3 of Reference Processing due to unavailable references
[296.731s][debug][gc,ref       ] GC(226) Skipped phase4 of Reference Processing due to unavailable references
[296.731s][debug][gc,age       ] GC(226) Desired survivor size 15400960 bytes, new threshold 6 (max threshold 6)
[296.731s][info ][gc,heap      ] GC(226) ParNew: 241691K->861K(270976K)
[296.731s][info ][gc,heap      ] GC(226) CMS: 228648K->228652K(602112K)
[296.731s][info ][gc,metaspace ] GC(226) Metaspace: 55087K->55087K(1099776K)
[296.731s][info ][gc           ] GC(226) Pause Young (Allocation Failure) 459M->224M(852M) 2.067ms
[296.731s][info ][gc,cpu       ] GC(226) User=0.01s Sys=0.00s Real=0.01s
[296.731s][info ][safepoint    ] Leaving safepoint region
[296.731s][info ][safepoint    ] Total time for which application threads were stopped: 0.0022657 seconds, Stopping threads took: 0.0000364 seconds
[297.731s][info ][safepoint    ] Application time: 1.0000930 seconds
[297.731s][info ][safepoint    ] Entering safepoint region: Cleanup
[297.731s][info ][safepoint    ] Leaving safepoint region
[297.731s][info ][safepoint    ] Total time for which application threads were stopped: 0.0000750 seconds, Stopping threads took: 0.0000165 seconds
[298.731s][info ][safepoint    ] Application time: 1.0000829 seconds
[298.731s][info ][safepoint    ] Entering safepoint region: Cleanup
[298.731s][info ][safepoint    ] Leaving safepoint region
[298.731s][info ][safepoint    ] Total time for which application threads were stopped: 0.0001014 seconds, Stopping threads took: 0.0000167 seconds
[298.825s][info ][safepoint    ] Application time: 0.0932300 seconds
[298.825s][info ][safepoint    ] Entering safepoint region: GenCollectForAllocation
[298.825s][info ][gc,start     ] GC(227) Pause Young (Allocation Failure)
[298.825s][info ][gc,task      ] GC(227) Using 4 workers of 4 for evacuation
[298.827s][debug][gc,ref       ] GC(227) Skipped phase1 of Reference Processing due to unavailable references
[298.827s][debug][gc,ref       ] GC(227) Skipped phase3 of Reference Processing due to unavailable references
[298.827s][debug][gc,age       ] GC(227) Desired survivor size 15400960 bytes, new threshold 6 (max threshold 6)
[298.827s][info ][gc,heap      ] GC(227) ParNew: 241757K->887K(270976K)
[298.827s][info ][gc,heap      ] GC(227) CMS: 228652K->228719K(602112K)
[298.827s][info ][gc,metaspace ] GC(227) Metaspace: 55088K->55088K(1099776K)
[298.827s][info ][gc           ] GC(227) Pause Young (Allocation Failure) 459M->224M(852M) 2.166ms
[298.827s][info ][gc,cpu       ] GC(227) User=0.00s Sys=0.00s Real=0.00s
[298.827s][info ][safepoint    ] Leaving safepoint region
[298.827s][info ][safepoint    ] Total time for which application threads were stopped: 0.0023378 seconds, Stopping threads took: 0.0000292 seconds
[299.780s][info ][safepoint    ] Application time: 0.9527183 seconds
[299.780s][info ][safepoint    ] Entering safepoint region: RevokeBias
[299.780s][info ][safepoint    ] Leaving safepoint region
[299.780s][info ][safepoint    ] Total time for which application threads were stopped: 0.0001019 seconds, Stopping threads took: 0.0000144 seconds
[299.780s][info ][safepoint    ] Application time: 0.0003543 seconds
[299.780s][info ][safepoint    ] Entering safepoint region: RevokeBias
[299.780s][info ][safepoint    ] Leaving safepoint region
[299.780s][info ][safepoint    ] Total time for which application threads were stopped: 0.0000456 seconds, Stopping threads took: 0.0000083 seconds
[300.780s][info ][safepoint    ] Application time: 1.0000949 seconds
[300.780s][info ][safepoint    ] Entering safepoint region: Cleanup
[300.781s][info ][safepoint    ] Leaving safepoint region
[300.781s][info ][safepoint    ] Total time for which application threads were stopped: 0.0000749 seconds, Stopping threads took: 0.0000155 seconds
[300.927s][info ][safepoint    ] Application time: 0.1462110 seconds
[300.927s][info ][safepoint    ] Entering safepoint region: GenCollectForAllocation
[300.927s][info ][gc,start     ] GC(228) Pause Young (Allocation Failure)
[300.927s][info ][gc,task      ] GC(228) Using 4 workers of 4 for evacuation
[300.929s][debug][gc,ref       ] GC(228) Skipped phase1 of Reference Processing due to unavailable references
[300.929s][debug][gc,ref       ] GC(228) Skipped phase3 of Reference Processing due to unavailable references
[300.929s][debug][gc,age       ] GC(228) Desired survivor size 15400960 bytes, new threshold 6 (max threshold 6)
[300.929s][info ][gc,heap      ] GC(228) ParNew: 241783K->1035K(270976K)
[300.929s][info ][gc,heap      ] GC(228) CMS: 228719K->228724K(602112K)
[300.929s][info ][gc,metaspace ] GC(228) Metaspace: 55104K->55104K(1099776K)
[300.929s][info ][gc           ] GC(228) Pause Young (Allocation Failure) 459M->224M(852M) 2.016ms
[300.929s][info ][gc,cpu       ] GC(228) User=0.00s Sys=0.01s Real=0.00s
[300.929s][info ][safepoint    ] Leaving safepoint region
[300.929s][info ][safepoint    ] Total time for which application threads were stopped: 0.0024065 seconds, Stopping threads took: 0.0001722 seconds
[301.929s][info ][safepoint    ] Application time: 1.0000750 seconds
[301.929s][info ][safepoint    ] Entering safepoint region: Cleanup
[301.929s][info ][safepoint    ] Leaving safepoint region
[301.929s][info ][safepoint    ] Total time for which application threads were stopped: 0.0001382 seconds, Stopping threads took: 0.0000479 seconds
[302.574s][info ][safepoint    ] Application time: 0.6449541 seconds
[302.574s][info ][safepoint    ] Entering safepoint region: GenCollectForAllocation
[302.575s][info ][gc,start     ] GC(229) Pause Young (Allocation Failure)
[302.575s][info ][gc,task      ] GC(229) Using 4 workers of 4 for evacuation
[302.577s][debug][gc,ref       ] GC(229) Skipped phase1 of Reference Processing due to unavailable references
[302.577s][debug][gc,ref       ] GC(229) Skipped phase3 of Reference Processing due to unavailable references
[302.577s][debug][gc,age       ] GC(229) Desired survivor size 15400960 bytes, new threshold 6 (max threshold 6)
[302.577s][info ][gc,heap      ] GC(229) ParNew: 241931K->963K(270976K)
[302.577s][info ][gc,heap      ] GC(229) CMS: 228724K->228724K(602112K)
[302.577s][info ][gc,metaspace ] GC(229) Metaspace: 55108K->55108K(1099776K)
[302.577s][info ][gc           ] GC(229) Pause Young (Allocation Failure) 459M->224M(852M) 2.119ms
[302.577s][info ][gc,cpu       ] GC(229) User=0.00s Sys=0.00s Real=0.00s
[302.577s][info ][safepoint    ] Leaving safepoint region
[302.577s][info ][safepoint    ] Total time for which application threads were stopped: 0.0022826 seconds, Stopping threads took: 0.0000164 seconds
[303.577s][info ][safepoint    ] Application time: 1.0000935 seconds
[303.577s][info ][safepoint    ] Entering safepoint region: Cleanup
[303.577s][info ][safepoint    ] Leaving safepoint region
[303.577s][info ][safepoint    ] Total time for which application threads were stopped: 0.0001181 seconds, Stopping threads took: 0.0000399 seconds
[304.525s][info ][safepoint    ] Application time: 0.9483985 seconds
[304.525s][info ][safepoint    ] Entering safepoint region: GenCollectForAllocation
[304.526s][info ][gc,start     ] GC(230) Pause Young (Allocation Failure)
[304.526s][info ][gc,task      ] GC(230) Using 4 workers of 4 for evacuation
[304.528s][debug][gc,ref       ] GC(230) Skipped phase1 of Reference Processing due to unavailable references
[304.528s][debug][gc,ref       ] GC(230) Skipped phase3 of Reference Processing due to unavailable references
[304.528s][debug][gc,age       ] GC(230) Desired survivor size 15400960 bytes, new threshold 6 (max threshold 6)
[304.528s][info ][gc,heap      ] GC(230) ParNew: 241859K->1046K(270976K)
[304.528s][info ][gc,heap      ] GC(230) CMS: 228724K->228777K(602112K)
[304.528s][info ][gc,metaspace ] GC(230) Metaspace: 55108K->55108K(1099776K)
[304.528s][info ][gc           ] GC(230) Pause Young (Allocation Failure) 459M->224M(852M) 2.345ms
[304.528s][info ][gc,cpu       ] GC(230) User=0.01s Sys=0.00s Real=0.00s
[304.528s][info ][safepoint    ] Leaving safepoint region
[304.528s][info ][safepoint    ] Total time for which application threads were stopped: 0.0025002 seconds, Stopping threads took: 0.0000179 seconds
[304.844s][info ][safepoint    ] Application time: 0.3162197 seconds
[304.844s][info ][safepoint    ] Entering safepoint region: RevokeBias
[304.844s][info ][safepoint    ] Leaving safepoint region
[304.844s][info ][safepoint    ] Total time for which application threads were stopped: 0.0000957 seconds, Stopping threads took: 0.0000162 seconds
[304.845s][info ][safepoint    ] Application time: 0.0003832 seconds
[304.845s][info ][safepoint    ] Entering safepoint region: RevokeBias
[304.845s][info ][safepoint    ] Leaving safepoint region
[304.845s][info ][safepoint    ] Total time for which application threads were stopped: 0.0000496 seconds, Stopping threads took: 0.0000102 seconds
[305.845s][info ][safepoint    ] Application time: 1.0000994 seconds
[305.845s][info ][safepoint    ] Entering safepoint region: Cleanup
[305.845s][info ][safepoint    ] Leaving safepoint region
[305.845s][info ][safepoint    ] Total time for which application threads were stopped: 0.0000830 seconds, Stopping threads took: 0.0000193 seconds
[306.526s][info ][safepoint    ] Application time: 0.6807262 seconds
[306.526s][info ][safepoint    ] Entering safepoint region: GenCollectForAllocation
[306.526s][info ][gc,start     ] GC(231) Pause Young (Allocation Failure)
[306.526s][info ][gc,task      ] GC(231) Using 4 workers of 4 for evacuation
[306.528s][debug][gc,ref       ] GC(231) Skipped phase1 of Reference Processing due to unavailable references
[306.528s][debug][gc,ref       ] GC(231) Skipped phase3 of Reference Processing due to unavailable references
[306.528s][debug][gc,age       ] GC(231) Desired survivor size 15400960 bytes, new threshold 6 (max threshold 6)
[306.528s][info ][gc,heap      ] GC(231) ParNew: 241942K->1268K(270976K)
[306.528s][info ][gc,heap      ] GC(231) CMS: 228777K->228993K(602112K)
[306.528s][info ][gc,metaspace ] GC(231) Metaspace: 55110K->55110K(1099776K)
[306.528s][info ][gc           ] GC(231) Pause Young (Allocation Failure) 459M->224M(852M) 2.193ms
[306.528s][info ][gc,cpu       ] GC(231) User=0.00s Sys=0.01s Real=0.00s
[306.528s][info ][safepoint    ] Leaving safepoint region
[306.528s][info ][safepoint    ] Total time for which application threads were stopped: 0.0023980 seconds, Stopping threads took: 0.0000463 seconds
[307.528s][info ][safepoint    ] Application time: 1.0001185 seconds
[307.528s][info ][safepoint    ] Entering safepoint region: Cleanup
[307.528s][info ][safepoint    ] Leaving safepoint region
[307.528s][info ][safepoint    ] Total time for which application threads were stopped: 0.0001731 seconds, Stopping threads took: 0.0000827 seconds
[307.692s][info ][safepoint    ] Application time: 0.1630746 seconds
[307.692s][info ][safepoint    ] Entering safepoint region: RevokeBias
[307.692s][info ][safepoint    ] Leaving safepoint region
[307.692s][info ][safepoint    ] Total time for which application threads were stopped: 0.0001172 seconds, Stopping threads took: 0.0000401 seconds
[307.692s][info ][safepoint    ] Application time: 0.0002543 seconds
[307.692s][info ][safepoint    ] Entering safepoint region: RevokeBias
[307.692s][info ][safepoint    ] Leaving safepoint region
[307.692s][info ][safepoint    ] Total time for which application threads were stopped: 0.0000486 seconds, Stopping threads took: 0.0000087 seconds
[307.850s][info ][safepoint    ] Application time: 0.1584423 seconds
[307.850s][info ][safepoint    ] Entering safepoint region: RevokeBias
[307.851s][info ][safepoint    ] Leaving safepoint region
[307.851s][info ][safepoint    ] Total time for which application threads were stopped: 0.0001853 seconds, Stopping threads took: 0.0000223 seconds
[308.475s][info ][safepoint    ] Application time: 0.6244616 seconds
[308.475s][info ][safepoint    ] Entering safepoint region: GenCollectForAllocation
[308.475s][info ][gc,start     ] GC(232) Pause Young (Allocation Failure)
[308.475s][info ][gc,task      ] GC(232) Using 4 workers of 4 for evacuation
[308.478s][debug][gc,ref       ] GC(232) Skipped phase1 of Reference Processing due to unavailable references
[308.478s][debug][gc,ref       ] GC(232) Skipped phase3 of Reference Processing due to unavailable references
[308.478s][debug][gc,age       ] GC(232) Desired survivor size 15400960 bytes, new threshold 6 (max threshold 6)
[308.478s][info ][gc,heap      ] GC(232) ParNew: 242164K->1243K(270976K)
[308.478s][info ][gc,heap      ] GC(232) CMS: 228993K->229025K(602112K)
[308.478s][info ][gc,metaspace ] GC(232) Metaspace: 55111K->55111K(1099776K)
[308.478s][info ][gc           ] GC(232) Pause Young (Allocation Failure) 460M->224M(852M) 2.669ms
[308.478s][info ][gc,cpu       ] GC(232) User=0.01s Sys=0.00s Real=0.00s
[308.478s][info ][safepoint    ] Leaving safepoint region
[308.478s][info ][safepoint    ] Total time for which application threads were stopped: 0.0028437 seconds, Stopping threads took: 0.0000228 seconds
[308.716s][info ][safepoint    ] Application time: 0.2377789 seconds
[308.716s][info ][safepoint    ] Entering safepoint region: RevokeBias
[308.716s][info ][safepoint    ] Leaving safepoint region
[308.716s][info ][safepoint    ] Total time for which application threads were stopped: 0.0000880 seconds, Stopping threads took: 0.0000164 seconds
[308.718s][info ][safepoint    ] Application time: 0.0023116 seconds
[308.718s][info ][safepoint    ] Entering safepoint region: RevokeBias
[308.718s][info ][safepoint    ] Leaving safepoint region
[308.718s][info ][safepoint    ] Total time for which application threads were stopped: 0.0001141 seconds, Stopping threads took: 0.0000618 seconds
[308.718s][info ][safepoint    ] Application time: 0.0000631 seconds
[308.718s][info ][safepoint    ] Entering safepoint region: RevokeBias
[308.718s][info ][safepoint    ] Leaving safepoint region
[308.718s][info ][safepoint    ] Total time for which application threads were stopped: 0.0000330 seconds, Stopping threads took: 0.0000078 seconds
[308.720s][info ][safepoint    ] Application time: 0.0020076 seconds
[308.721s][info ][safepoint    ] Entering safepoint region: RevokeBias
[308.721s][info ][safepoint    ] Leaving safepoint region
[308.721s][info ][safepoint    ] Total time for which application threads were stopped: 0.0001135 seconds, Stopping threads took: 0.0000679 seconds
[308.721s][info ][safepoint    ] Application time: 0.0004329 seconds
[308.721s][info ][safepoint    ] Entering safepoint region: RevokeBias
[308.721s][info ][safepoint    ] Leaving safepoint region
[308.721s][info ][safepoint    ] Total time for which application threads were stopped: 0.0001479 seconds, Stopping threads took: 0.0000544 seconds
[308.721s][info ][safepoint    ] Application time: 0.0001934 seconds
[308.722s][info ][safepoint    ] Entering safepoint region: RevokeBias
[308.722s][info ][safepoint    ] Leaving safepoint region
[308.722s][info ][safepoint    ] Total time for which application threads were stopped: 0.0001425 seconds, Stopping threads took: 0.0000869 seconds
[308.722s][info ][safepoint    ] Application time: 0.0003583 seconds
[308.722s][info ][safepoint    ] Entering safepoint region: RevokeBias
[308.722s][info ][safepoint    ] Leaving safepoint region
[308.722s][info ][safepoint    ] Total time for which application threads were stopped: 0.0001704 seconds, Stopping threads took: 0.0001150 seconds
[308.722s][info ][safepoint    ] Application time: 0.0000947 seconds
[308.722s][info ][safepoint    ] Entering safepoint region: RevokeBias
[308.722s][info ][safepoint    ] Leaving safepoint region
[308.722s][info ][safepoint    ] Total time for which application threads were stopped: 0.0000406 seconds, Stopping threads took: 0.0000074 seconds
[308.723s][info ][safepoint    ] Application time: 0.0002112 seconds
[308.723s][info ][safepoint    ] Entering safepoint region: RevokeBias
[308.723s][info ][safepoint    ] Leaving safepoint region
[308.723s][info ][safepoint    ] Total time for which application threads were stopped: 0.0000383 seconds, Stopping threads took: 0.0000069 seconds
[308.723s][info ][safepoint    ] Application time: 0.0000620 seconds
[308.723s][info ][safepoint    ] Entering safepoint region: RevokeBias
[308.723s][info ][safepoint    ] Leaving safepoint region
[308.723s][info ][safepoint    ] Total time for which application threads were stopped: 0.0000374 seconds, Stopping threads took: 0.0000069 seconds
[308.723s][info ][safepoint    ] Application time: 0.0001012 seconds
[308.723s][info ][safepoint    ] Entering safepoint region: RevokeBias
[308.723s][info ][safepoint    ] Leaving safepoint region
[308.723s][info ][safepoint    ] Total time for which application threads were stopped: 0.0000783 seconds, Stopping threads took: 0.0000357 seconds
[308.724s][info ][safepoint    ] Application time: 0.0006900 seconds
[308.724s][info ][safepoint    ] Entering safepoint region: RevokeBias
[308.724s][info ][safepoint    ] Leaving safepoint region
[308.724s][info ][safepoint    ] Total time for which application threads were stopped: 0.0000756 seconds, Stopping threads took: 0.0000373 seconds
[308.724s][info ][safepoint    ] Application time: 0.0000879 seconds
[308.724s][info ][safepoint    ] Entering safepoint region: RevokeBias
[308.724s][info ][safepoint    ] Leaving safepoint region
[308.724s][info ][safepoint    ] Total time for which application threads were stopped: 0.0001377 seconds, Stopping threads took: 0.0000817 seconds
[308.724s][info ][safepoint    ] Application time: 0.0001092 seconds
[308.724s][info ][safepoint    ] Entering safepoint region: RevokeBias
[308.724s][info ][safepoint    ] Leaving safepoint region
[308.724s][info ][safepoint    ] Total time for which application threads were stopped: 0.0000615 seconds, Stopping threads took: 0.0000290 seconds
[308.724s][info ][safepoint    ] Application time: 0.0001266 seconds
[308.724s][info ][safepoint    ] Entering safepoint region: RevokeBias
[308.724s][info ][safepoint    ] Leaving safepoint region
[308.724s][info ][safepoint    ] Total time for which application threads were stopped: 0.0000538 seconds, Stopping threads took: 0.0000217 seconds
[308.724s][info ][safepoint    ] Application time: 0.0000818 seconds
[308.724s][info ][safepoint    ] Entering safepoint region: RevokeBias
[308.724s][info ][safepoint    ] Leaving safepoint region
[308.724s][info ][safepoint    ] Total time for which application threads were stopped: 0.0000957 seconds, Stopping threads took: 0.0000558 seconds
[308.725s][info ][safepoint    ] Application time: 0.0000716 seconds
[308.725s][info ][safepoint    ] Entering safepoint region: RevokeBias
[308.725s][info ][safepoint    ] Leaving safepoint region
[308.725s][info ][safepoint    ] Total time for which application threads were stopped: 0.0000637 seconds, Stopping threads took: 0.0000254 seconds
[308.725s][info ][safepoint    ] Application time: 0.0000643 seconds
[308.725s][info ][safepoint    ] Entering safepoint region: RevokeBias
[308.725s][info ][safepoint    ] Leaving safepoint region
[308.725s][info ][safepoint    ] Total time for which application threads were stopped: 0.0000539 seconds, Stopping threads took: 0.0000247 seconds
[308.725s][info ][safepoint    ] Application time: 0.0000658 seconds
[308.725s][info ][safepoint    ] Entering safepoint region: RevokeBias
[308.725s][info ][safepoint    ] Leaving safepoint region
[308.725s][info ][safepoint    ] Total time for which application threads were stopped: 0.0000818 seconds, Stopping threads took: 0.0000516 seconds
[308.725s][info ][safepoint    ] Application time: 0.0001247 seconds
[308.725s][info ][safepoint    ] Entering safepoint region: RevokeBias
[308.725s][info ][safepoint    ] Leaving safepoint region
[308.725s][info ][safepoint    ] Total time for which application threads were stopped: 0.0001307 seconds, Stopping threads took: 0.0000365 seconds
[308.725s][info ][safepoint    ] Application time: 0.0001019 seconds
[308.725s][info ][safepoint    ] Entering safepoint region: RevokeBias
[308.725s][info ][safepoint    ] Leaving safepoint region
[308.725s][info ][safepoint    ] Total time for which application threads were stopped: 0.0000733 seconds, Stopping threads took: 0.0000216 seconds
[308.725s][info ][safepoint    ] Application time: 0.0000877 seconds
[308.726s][info ][safepoint    ] Entering safepoint region: RevokeBias
[308.726s][info ][safepoint    ] Leaving safepoint region
[308.726s][info ][safepoint    ] Total time for which application threads were stopped: 0.0000927 seconds, Stopping threads took: 0.0000576 seconds
[308.726s][info ][safepoint    ] Application time: 0.0001013 seconds
[308.726s][info ][safepoint    ] Entering safepoint region: RevokeBias
[308.726s][info ][safepoint    ] Leaving safepoint region
[308.726s][info ][safepoint    ] Total time for which application threads were stopped: 0.0000702 seconds, Stopping threads took: 0.0000389 seconds
[308.726s][info ][safepoint    ] Application time: 0.0000778 seconds
[308.726s][info ][safepoint    ] Entering safepoint region: BulkRevokeBias
[308.726s][info ][safepoint    ] Leaving safepoint region
[308.726s][info ][safepoint    ] Total time for which application threads were stopped: 0.0004425 seconds, Stopping threads took: 0.0000249 seconds
[308.731s][info ][safepoint    ] Application time: 0.0047247 seconds
[308.731s][info ][safepoint    ] Entering safepoint region: RevokeBias
[308.731s][info ][safepoint    ] Leaving safepoint region
[308.731s][info ][safepoint    ] Total time for which application threads were stopped: 0.0001610 seconds, Stopping threads took: 0.0000853 seconds
[308.732s][info ][safepoint    ] Application time: 0.0002956 seconds
[308.732s][info ][safepoint    ] Entering safepoint region: RevokeBias
[308.732s][info ][safepoint    ] Leaving safepoint region
[308.732s][info ][safepoint    ] Total time for which application threads were stopped: 0.0000965 seconds, Stopping threads took: 0.0000573 seconds
[308.750s][info ][safepoint    ] Application time: 0.0180112 seconds
[308.750s][info ][safepoint    ] Entering safepoint region: RevokeBias
[308.750s][info ][safepoint    ] Leaving safepoint region
[308.750s][info ][safepoint    ] Total time for which application threads were stopped: 0.0003097 seconds, Stopping threads took: 0.0001000 seconds
[308.777s][info ][safepoint    ] Application time: 0.0274829 seconds
[308.778s][info ][safepoint    ] Entering safepoint region: RevokeBias
[308.778s][info ][safepoint    ] Leaving safepoint region
[308.778s][info ][safepoint    ] Total time for which application threads were stopped: 0.0002195 seconds, Stopping threads took: 0.0000620 seconds
[308.778s][info ][safepoint    ] Application time: 0.0006016 seconds
[308.778s][info ][safepoint    ] Entering safepoint region: RevokeBias
[308.779s][info ][safepoint    ] Leaving safepoint region
[308.779s][info ][safepoint    ] Total time for which application threads were stopped: 0.0002203 seconds, Stopping threads took: 0.0000674 seconds
[308.779s][info ][safepoint    ] Application time: 0.0004123 seconds
[308.779s][info ][safepoint    ] Entering safepoint region: RevokeBias
[308.779s][info ][safepoint    ] Leaving safepoint region
[308.779s][info ][safepoint    ] Total time for which application threads were stopped: 0.0000783 seconds, Stopping threads took: 0.0000102 seconds
[309.779s][info ][safepoint    ] Application time: 1.0000952 seconds
[309.779s][info ][safepoint    ] Entering safepoint region: Cleanup
[309.779s][info ][safepoint    ] Leaving safepoint region
[309.779s][info ][safepoint    ] Total time for which application threads were stopped: 0.0001945 seconds, Stopping threads took: 0.0000391 seconds
[309.947s][info ][safepoint    ] Application time: 0.1671739 seconds
[309.947s][info ][safepoint    ] Entering safepoint region: RevokeBias
[309.947s][info ][safepoint    ] Leaving safepoint region
[309.947s][info ][safepoint    ] Total time for which application threads were stopped: 0.0001032 seconds, Stopping threads took: 0.0000168 seconds
[309.947s][info ][safepoint    ] Application time: 0.0002852 seconds
[309.947s][info ][safepoint    ] Entering safepoint region: RevokeBias
[309.947s][info ][safepoint    ] Leaving safepoint region
[309.947s][info ][safepoint    ] Total time for which application threads were stopped: 0.0000595 seconds, Stopping threads took: 0.0000117 seconds
[309.977s][info ][safepoint    ] Application time: 0.0294682 seconds
[309.977s][info ][safepoint    ] Entering safepoint region: GenCollectForAllocation
[309.977s][info ][gc,start     ] GC(233) Pause Young (Allocation Failure)
[309.977s][info ][gc,task      ] GC(233) Using 4 workers of 4 for evacuation
[309.983s][debug][gc,ref       ] GC(233) Skipped phase1 of Reference Processing due to unavailable references
[309.983s][debug][gc,age       ] GC(233) Desired survivor size 15400960 bytes, new threshold 1 (max threshold 6)
[309.983s][info ][gc,heap      ] GC(233) ParNew: 242139K->18674K(270976K)
[309.983s][info ][gc,heap      ] GC(233) CMS: 229025K->229026K(602112K)
[309.983s][info ][gc,metaspace ] GC(233) Metaspace: 55160K->55160K(1099776K)
[309.983s][info ][gc           ] GC(233) Pause Young (Allocation Failure) 460M->241M(852M) 6.515ms
[309.983s][info ][gc,cpu       ] GC(233) User=0.02s Sys=0.00s Real=0.01s
[309.983s][info ][safepoint    ] Leaving safepoint region
[309.983s][info ][safepoint    ] Total time for which application threads were stopped: 0.0066852 seconds, Stopping threads took: 0.0000179 seconds
[310.983s][info ][safepoint    ] Application time: 1.0000951 seconds
[310.983s][info ][safepoint    ] Entering safepoint region: Cleanup
[310.984s][info ][safepoint    ] Leaving safepoint region
[310.984s][info ][safepoint    ] Total time for which application threads were stopped: 0.0001048 seconds, Stopping threads took: 0.0000334 seconds
[311.775s][info ][safepoint    ] Application time: 0.7914626 seconds
[311.775s][info ][safepoint    ] Entering safepoint region: GenCollectForAllocation
[311.775s][info ][gc,start     ] GC(234) Pause Young (Allocation Failure)
[311.775s][info ][gc,task      ] GC(234) Using 4 workers of 4 for evacuation
[311.786s][debug][gc,ref       ] GC(234) Skipped phase1 of Reference Processing due to unavailable references
[311.786s][debug][gc,ref       ] GC(234) Skipped phase2 of Reference Processing due to unavailable references
[311.786s][debug][gc,ref       ] GC(234) Skipped phase3 of Reference Processing due to unavailable references
[311.786s][debug][gc,ref       ] GC(234) Skipped phase4 of Reference Processing due to unavailable references
[311.786s][debug][gc,age       ] GC(234) Desired survivor size 15400960 bytes, new threshold 6 (max threshold 6)
[311.786s][info ][gc,heap      ] GC(234) ParNew: 259570K->1473K(270976K)
[311.786s][info ][gc,heap      ] GC(234) CMS: 229026K->247171K(602112K)
[311.786s][info ][gc,metaspace ] GC(234) Metaspace: 55169K->55169K(1099776K)
[311.786s][info ][gc           ] GC(234) Pause Young (Allocation Failure) 477M->242M(852M) 11.231ms
[311.786s][info ][gc,cpu       ] GC(234) User=0.02s Sys=0.01s Real=0.01s
[311.786s][info ][safepoint    ] Leaving safepoint region
[311.786s][info ][safepoint    ] Total time for which application threads were stopped: 0.0114386 seconds, Stopping threads took: 0.0000345 seconds
[312.787s][info ][safepoint    ] Application time: 1.0001076 seconds
[312.787s][info ][safepoint    ] Entering safepoint region: Cleanup
[312.787s][info ][safepoint    ] Leaving safepoint region
[312.787s][info ][safepoint    ] Total time for which application threads were stopped: 0.0000944 seconds, Stopping threads took: 0.0000213 seconds
[313.329s][info ][safepoint    ] Application time: 0.5418576 seconds
[313.329s][info ][safepoint    ] Entering safepoint region: GenCollectForAllocation
[313.329s][info ][gc,start     ] GC(235) Pause Young (Allocation Failure)
[313.329s][info ][gc,task      ] GC(235) Using 4 workers of 4 for evacuation
[313.331s][debug][gc,ref       ] GC(235) Skipped phase1 of Reference Processing due to unavailable references
[313.331s][debug][gc,ref       ] GC(235) Skipped phase2 of Reference Processing due to unavailable references
[313.331s][debug][gc,ref       ] GC(235) Skipped phase3 of Reference Processing due to unavailable references
[313.331s][debug][gc,ref       ] GC(235) Skipped phase4 of Reference Processing due to unavailable references
[313.331s][debug][gc,age       ] GC(235) Desired survivor size 15400960 bytes, new threshold 6 (max threshold 6)
[313.331s][info ][gc,heap      ] GC(235) ParNew: 242369K->661K(270976K)
[313.331s][info ][gc,heap      ] GC(235) CMS: 247171K->247171K(602112K)
[313.331s][info ][gc,metaspace ] GC(235) Metaspace: 55169K->55169K(1099776K)
[313.331s][info ][gc           ] GC(235) Pause Young (Allocation Failure) 478M->242M(852M) 2.236ms
[313.331s][info ][gc,cpu       ] GC(235) User=0.01s Sys=0.00s Real=0.01s
[313.331s][info ][safepoint    ] Leaving safepoint region
[313.331s][info ][safepoint    ] Total time for which application threads were stopped: 0.0024316 seconds, Stopping threads took: 0.0000388 seconds
[313.777s][info ][safepoint    ] Application time: 0.4461170 seconds
[313.777s][info ][safepoint    ] Entering safepoint region: RevokeBias
[313.777s][info ][safepoint    ] Leaving safepoint region
[313.777s][info ][safepoint    ] Total time for which application threads were stopped: 0.0001579 seconds, Stopping threads took: 0.0000756 seconds
[314.778s][info ][safepoint    ] Application time: 1.0001963 seconds
[314.778s][info ][safepoint    ] Entering safepoint region: Cleanup
[314.778s][info ][safepoint    ] Leaving safepoint region
[314.778s][info ][safepoint    ] Total time for which application threads were stopped: 0.0001405 seconds, Stopping threads took: 0.0000633 seconds
[315.010s][info ][safepoint    ] Application time: 0.2322873 seconds
[315.010s][info ][safepoint    ] Entering safepoint region: RevokeBias
[315.010s][info ][safepoint    ] Leaving safepoint region
[315.010s][info ][safepoint    ] Total time for which application threads were stopped: 0.0001151 seconds, Stopping threads took: 0.0000176 seconds
[315.010s][info ][safepoint    ] Application time: 0.0002435 seconds
[315.010s][info ][safepoint    ] Entering safepoint region: RevokeBias
[315.010s][info ][safepoint    ] Leaving safepoint region
[315.010s][info ][safepoint    ] Total time for which application threads were stopped: 0.0000425 seconds, Stopping threads took: 0.0000077 seconds
[315.073s][info ][safepoint    ] Application time: 0.0629828 seconds
[315.074s][info ][safepoint    ] Entering safepoint region: GenCollectForAllocation
[315.074s][info ][gc,start     ] GC(236) Pause Young (Allocation Failure)
[315.074s][info ][gc,task      ] GC(236) Using 4 workers of 4 for evacuation
[315.076s][debug][gc,ref       ] GC(236) Skipped phase1 of Reference Processing due to unavailable references
[315.076s][debug][gc,ref       ] GC(236) Skipped phase3 of Reference Processing due to unavailable references
[315.076s][debug][gc,age       ] GC(236) Desired survivor size 15400960 bytes, new threshold 6 (max threshold 6)
[315.076s][info ][gc,heap      ] GC(236) ParNew: 241557K->811K(270976K)
[315.076s][info ][gc,heap      ] GC(236) CMS: 247171K->247171K(602112K)
[315.076s][info ][gc,metaspace ] GC(236) Metaspace: 55185K->55185K(1099776K)
[315.076s][info ][gc           ] GC(236) Pause Young (Allocation Failure) 477M->242M(852M) 2.522ms
[315.076s][info ][gc,cpu       ] GC(236) User=0.00s Sys=0.00s Real=0.00s
[315.076s][info ][safepoint    ] Leaving safepoint region
[315.076s][info ][safepoint    ] Total time for which application threads were stopped: 0.0027254 seconds, Stopping threads took: 0.0000429 seconds
[315.133s][info ][safepoint    ] Application time: 0.0565704 seconds
[315.133s][info ][safepoint    ] Entering safepoint region: RevokeBias
[315.133s][info ][safepoint    ] Leaving safepoint region
[315.133s][info ][safepoint    ] Total time for which application threads were stopped: 0.0001199 seconds, Stopping threads took: 0.0000167 seconds
[315.133s][info ][safepoint    ] Application time: 0.0002480 seconds
[315.133s][info ][safepoint    ] Entering safepoint region: RevokeBias
[315.133s][info ][safepoint    ] Leaving safepoint region
[315.133s][info ][safepoint    ] Total time for which application threads were stopped: 0.0000780 seconds, Stopping threads took: 0.0000117 seconds
[315.260s][info ][safepoint    ] Application time: 0.1261571 seconds
[315.260s][info ][safepoint    ] Entering safepoint region: RevokeBias
[315.260s][info ][safepoint    ] Leaving safepoint region
[315.260s][info ][safepoint    ] Total time for which application threads were stopped: 0.0001049 seconds, Stopping threads took: 0.0000203 seconds
[315.260s][info ][safepoint    ] Application time: 0.0002792 seconds
[315.260s][info ][safepoint    ] Entering safepoint region: RevokeBias
[315.260s][info ][safepoint    ] Leaving safepoint region
[315.260s][info ][safepoint    ] Total time for which application threads were stopped: 0.0000524 seconds, Stopping threads took: 0.0000099 seconds
[315.424s][info ][safepoint    ] Application time: 0.1638549 seconds
[315.424s][info ][safepoint    ] Entering safepoint region: RevokeBias
[315.424s][info ][safepoint    ] Leaving safepoint region
[315.424s][info ][safepoint    ] Total time for which application threads were stopped: 0.0001379 seconds, Stopping threads took: 0.0000342 seconds
[315.424s][info ][safepoint    ] Application time: 0.0002532 seconds
[315.424s][info ][safepoint    ] Entering safepoint region: RevokeBias
[315.424s][info ][safepoint    ] Leaving safepoint region
[315.424s][info ][safepoint    ] Total time for which application threads were stopped: 0.0001059 seconds, Stopping threads took: 0.0000450 seconds
[316.425s][info ][safepoint    ] Application time: 1.0001116 seconds
[316.425s][info ][safepoint    ] Entering safepoint region: Cleanup
[316.425s][info ][safepoint    ] Leaving safepoint region
[316.425s][info ][safepoint    ] Total time for which application threads were stopped: 0.0001998 seconds, Stopping threads took: 0.0000761 seconds
[317.176s][info ][safepoint    ] Application time: 0.7517205 seconds
[317.177s][info ][safepoint    ] Entering safepoint region: GenCollectForAllocation
[317.177s][info ][gc,start     ] GC(237) Pause Young (Allocation Failure)
[317.177s][info ][gc,task      ] GC(237) Using 4 workers of 4 for evacuation
[317.179s][debug][gc,ref       ] GC(237) Skipped phase1 of Reference Processing due to unavailable references
[317.180s][debug][gc,ref       ] GC(237) Skipped phase3 of Reference Processing due to unavailable references
[317.180s][debug][gc,age       ] GC(237) Desired survivor size 15400960 bytes, new threshold 6 (max threshold 6)
[317.180s][info ][gc,heap      ] GC(237) ParNew: 241707K->1599K(270976K)
[317.180s][info ][gc,heap      ] GC(237) CMS: 247171K->247171K(602112K)
[317.180s][info ][gc,metaspace ] GC(237) Metaspace: 55200K->55200K(1099776K)
[317.180s][info ][gc           ] GC(237) Pause Young (Allocation Failure) 477M->242M(852M) 3.012ms
[317.180s][info ][gc,cpu       ] GC(237) User=0.01s Sys=0.00s Real=0.00s
[317.180s][info ][safepoint    ] Leaving safepoint region
[317.180s][info ][safepoint    ] Total time for which application threads were stopped: 0.0033021 seconds, Stopping threads took: 0.0000205 seconds
[318.180s][info ][safepoint    ] Application time: 1.0000777 seconds
[318.180s][info ][safepoint    ] Entering safepoint region: Cleanup
[318.180s][info ][safepoint    ] Leaving safepoint region
[318.180s][info ][safepoint    ] Total time for which application threads were stopped: 0.0000984 seconds, Stopping threads took: 0.0000242 seconds
[318.778s][info ][safepoint    ] Application time: 0.5974895 seconds
[318.778s][info ][safepoint    ] Entering safepoint region: RevokeBias
[318.778s][info ][safepoint    ] Leaving safepoint region
[318.778s][info ][safepoint    ] Total time for which application threads were stopped: 0.0001848 seconds, Stopping threads took: 0.0000643 seconds
[318.778s][info ][safepoint    ] Application time: 0.0003266 seconds
[318.778s][info ][safepoint    ] Entering safepoint region: RevokeBias
[318.778s][info ][safepoint    ] Leaving safepoint region
[318.778s][info ][safepoint    ] Total time for which application threads were stopped: 0.0000941 seconds, Stopping threads took: 0.0000181 seconds
[318.778s][info ][safepoint    ] Application time: 0.0000668 seconds
[318.778s][info ][safepoint    ] Entering safepoint region: RevokeBias
[318.778s][info ][safepoint    ] Leaving safepoint region
[318.778s][info ][safepoint    ] Total time for which application threads were stopped: 0.0000530 seconds, Stopping threads took: 0.0000114 seconds
[318.779s][info ][safepoint    ] Application time: 0.0000671 seconds
[318.779s][info ][safepoint    ] Entering safepoint region: RevokeBias
[318.779s][info ][safepoint    ] Leaving safepoint region
[318.779s][info ][safepoint    ] Total time for which application threads were stopped: 0.0000364 seconds, Stopping threads took: 0.0000076 seconds
[318.779s][info ][safepoint    ] Application time: 0.0001347 seconds
[318.779s][info ][safepoint    ] Entering safepoint region: RevokeBias
[318.779s][info ][safepoint    ] Leaving safepoint region
[318.779s][info ][safepoint    ] Total time for which application threads were stopped: 0.0000359 seconds, Stopping threads took: 0.0000077 seconds
[319.779s][info ][safepoint    ] Application time: 1.0001123 seconds
[319.779s][info ][safepoint    ] Entering safepoint region: Cleanup
[319.779s][info ][safepoint    ] Leaving safepoint region
[319.779s][info ][safepoint    ] Total time for which application threads were stopped: 0.0000900 seconds, Stopping threads took: 0.0000188 seconds
[320.674s][info ][safepoint    ] Application time: 0.8951315 seconds
[320.674s][info ][safepoint    ] Entering safepoint region: GenCollectForAllocation
[320.674s][info ][gc,start     ] GC(238) Pause Young (Allocation Failure)
[320.674s][info ][gc,task      ] GC(238) Using 4 workers of 4 for evacuation
[320.677s][debug][gc,ref       ] GC(238) Skipped phase1 of Reference Processing due to unavailable references
[320.677s][debug][gc,ref       ] GC(238) Skipped phase3 of Reference Processing due to unavailable references
[320.677s][debug][gc,age       ] GC(238) Desired survivor size 15400960 bytes, new threshold 6 (max threshold 6)
[320.677s][info ][gc,heap      ] GC(238) ParNew: 242495K->1854K(270976K)
[320.677s][info ][gc,heap      ] GC(238) CMS: 247171K->247171K(602112K)
[320.677s][info ][gc,metaspace ] GC(238) Metaspace: 55200K->55200K(1099776K)
[320.677s][info ][gc           ] GC(238) Pause Young (Allocation Failure) 478M->243M(852M) 3.173ms
[320.677s][info ][gc,cpu       ] GC(238) User=0.01s Sys=0.00s Real=0.00s
[320.677s][info ][safepoint    ] Leaving safepoint region
[320.678s][info ][safepoint    ] Total time for which application threads were stopped: 0.0033437 seconds, Stopping threads took: 0.0000187 seconds
[321.678s][info ][safepoint    ] Application time: 1.0001158 seconds
[321.678s][info ][safepoint    ] Entering safepoint region: Cleanup
[321.678s][info ][safepoint    ] Leaving safepoint region
[321.678s][info ][safepoint    ] Total time for which application threads were stopped: 0.0001509 seconds, Stopping threads took: 0.0000665 seconds
[322.678s][info ][safepoint    ] Application time: 1.0000980 seconds
[322.678s][info ][safepoint    ] Entering safepoint region: Cleanup
[322.678s][info ][safepoint    ] Leaving safepoint region
[322.678s][info ][safepoint    ] Total time for which application threads were stopped: 0.0000866 seconds, Stopping threads took: 0.0000191 seconds
[323.003s][info ][safepoint    ] Application time: 0.3248532 seconds
[323.003s][info ][safepoint    ] Entering safepoint region: RevokeBias
[323.003s][info ][safepoint    ] Leaving safepoint region
[323.003s][info ][safepoint    ] Total time for which application threads were stopped: 0.0001325 seconds, Stopping threads took: 0.0000184 seconds
[323.003s][info ][safepoint    ] Application time: 0.0002649 seconds
[323.003s][info ][safepoint    ] Entering safepoint region: RevokeBias
[323.003s][info ][safepoint    ] Leaving safepoint region
[323.003s][info ][safepoint    ] Total time for which application threads were stopped: 0.0000484 seconds, Stopping threads took: 0.0000099 seconds
[323.129s][info ][safepoint    ] Application time: 0.1251711 seconds
[323.129s][info ][safepoint    ] Entering safepoint region: RevokeBias
[323.129s][info ][safepoint    ] Leaving safepoint region
[323.129s][info ][safepoint    ] Total time for which application threads were stopped: 0.0001665 seconds, Stopping threads took: 0.0000184 seconds
[323.129s][info ][safepoint    ] Application time: 0.0003643 seconds
[323.129s][info ][safepoint    ] Entering safepoint region: RevokeBias
[323.129s][info ][safepoint    ] Leaving safepoint region
[323.129s][info ][safepoint    ] Total time for which application threads were stopped: 0.0000522 seconds, Stopping threads took: 0.0000106 seconds
[323.294s][info ][safepoint    ] Application time: 0.1651667 seconds
[323.294s][info ][safepoint    ] Entering safepoint region: RevokeBias
[323.295s][info ][safepoint    ] Leaving safepoint region
[323.295s][info ][safepoint    ] Total time for which application threads were stopped: 0.0001247 seconds, Stopping threads took: 0.0000209 seconds
[323.295s][info ][safepoint    ] Application time: 0.0003668 seconds
[323.295s][info ][safepoint    ] Entering safepoint region: RevokeBias
[323.295s][info ][safepoint    ] Leaving safepoint region
[323.295s][info ][safepoint    ] Total time for which application threads were stopped: 0.0000513 seconds, Stopping threads took: 0.0000102 seconds
[323.440s][info ][safepoint    ] Application time: 0.1446042 seconds
[323.440s][info ][safepoint    ] Entering safepoint region: RevokeBias
[323.440s][info ][safepoint    ] Leaving safepoint region
[323.440s][info ][safepoint    ] Total time for which application threads were stopped: 0.0001233 seconds, Stopping threads took: 0.0000194 seconds
[323.440s][info ][safepoint    ] Application time: 0.0002708 seconds
[323.440s][info ][safepoint    ] Entering safepoint region: RevokeBias
[323.440s][info ][safepoint    ] Leaving safepoint region
[323.440s][info ][safepoint    ] Total time for which application threads were stopped: 0.0000416 seconds, Stopping threads took: 0.0000079 seconds
[323.678s][info ][safepoint    ] Application time: 0.2377631 seconds
[323.678s][info ][safepoint    ] Entering safepoint region: GenCollectForAllocation
[323.678s][info ][gc,start     ] GC(239) Pause Young (Allocation Failure)
[323.678s][info ][gc,task      ] GC(239) Using 4 workers of 4 for evacuation
[323.681s][debug][gc,ref       ] GC(239) Skipped phase1 of Reference Processing due to unavailable references
[323.681s][debug][gc,ref       ] GC(239) Skipped phase3 of Reference Processing due to unavailable references
[323.681s][debug][gc,age       ] GC(239) Desired survivor size 15400960 bytes, new threshold 6 (max threshold 6)
[323.681s][info ][gc,heap      ] GC(239) ParNew: 242750K->3137K(270976K)
[323.681s][info ][gc,heap      ] GC(239) CMS: 247171K->247171K(602112K)
[323.681s][info ][gc,metaspace ] GC(239) Metaspace: 55204K->55204K(1099776K)
[323.681s][info ][gc           ] GC(239) Pause Young (Allocation Failure) 478M->244M(852M) 2.955ms
[323.681s][info ][gc,cpu       ] GC(239) User=0.01s Sys=0.00s Real=0.00s
[323.681s][info ][safepoint    ] Leaving safepoint region
[323.681s][info ][safepoint    ] Total time for which application threads were stopped: 0.0031589 seconds, Stopping threads took: 0.0000413 seconds
[324.681s][info ][safepoint    ] Application time: 1.0001083 seconds
[324.681s][info ][safepoint    ] Entering safepoint region: Cleanup
[324.681s][info ][safepoint    ] Leaving safepoint region
[324.681s][info ][safepoint    ] Total time for which application threads were stopped: 0.0001152 seconds, Stopping threads took: 0.0000372 seconds
[325.221s][info ][safepoint    ] Application time: 0.5401586 seconds
[325.222s][info ][safepoint    ] Entering safepoint region: GenCollectForAllocation
[325.222s][info ][gc,start     ] GC(240) Pause Young (Allocation Failure)
[325.222s][info ][gc,task      ] GC(240) Using 4 workers of 4 for evacuation
[325.227s][debug][gc,ref       ] GC(240) Skipped phase1 of Reference Processing due to unavailable references
[325.227s][debug][gc,ref       ] GC(240) Skipped phase3 of Reference Processing due to unavailable references
[325.227s][debug][gc,age       ] GC(240) Desired survivor size 15400960 bytes, new threshold 6 (max threshold 6)
[325.227s][info ][gc,heap      ] GC(240) ParNew: 244033K->2976K(270976K)
[325.227s][info ][gc,heap      ] GC(240) CMS: 247171K->247179K(602112K)
[325.227s][info ][gc,metaspace ] GC(240) Metaspace: 55208K->55208K(1099776K)
[325.227s][info ][gc           ] GC(240) Pause Young (Allocation Failure) 479M->244M(852M) 5.044ms
[325.227s][info ][gc,cpu       ] GC(240) User=0.02s Sys=0.01s Real=0.00s
[325.227s][info ][safepoint    ] Leaving safepoint region
[325.227s][info ][safepoint    ] Total time for which application threads were stopped: 0.0052901 seconds, Stopping threads took: 0.0000728 seconds
[326.227s][info ][safepoint    ] Application time: 1.0001099 seconds
[326.227s][info ][safepoint    ] Entering safepoint region: Cleanup
[326.227s][info ][safepoint    ] Leaving safepoint region
[326.227s][info ][safepoint    ] Total time for which application threads were stopped: 0.0002256 seconds, Stopping threads took: 0.0000398 seconds
[327.175s][info ][safepoint    ] Application time: 0.9473871 seconds
[327.175s][info ][safepoint    ] Entering safepoint region: GenCollectForAllocation
[327.175s][info ][gc,start     ] GC(241) Pause Young (Allocation Failure)
[327.175s][info ][gc,task      ] GC(241) Using 4 workers of 4 for evacuation
[327.178s][debug][gc,ref       ] GC(241) Skipped phase1 of Reference Processing due to unavailable references
[327.178s][debug][gc,ref       ] GC(241) Skipped phase3 of Reference Processing due to unavailable references
[327.178s][debug][gc,age       ] GC(241) Desired survivor size 15400960 bytes, new threshold 6 (max threshold 6)
[327.178s][info ][gc,heap      ] GC(241) ParNew: 243872K->3304K(270976K)
[327.178s][info ][gc,heap      ] GC(241) CMS: 247179K->247227K(602112K)
[327.178s][info ][gc,metaspace ] GC(241) Metaspace: 55208K->55208K(1099776K)
[327.178s][info ][gc           ] GC(241) Pause Young (Allocation Failure) 479M->244M(852M) 3.594ms
[327.178s][info ][gc,cpu       ] GC(241) User=0.02s Sys=0.00s Real=0.00s
[327.178s][info ][safepoint    ] Leaving safepoint region
[327.178s][info ][safepoint    ] Total time for which application threads were stopped: 0.0037866 seconds, Stopping threads took: 0.0000201 seconds
[328.179s][info ][safepoint    ] Application time: 1.0001030 seconds
[328.179s][info ][safepoint    ] Entering safepoint region: Cleanup
[328.179s][info ][safepoint    ] Leaving safepoint region
[328.179s][info ][safepoint    ] Total time for which application threads were stopped: 0.0001229 seconds, Stopping threads took: 0.0000401 seconds
[328.508s][info ][safepoint    ] Application time: 0.3290670 seconds
[328.508s][info ][safepoint    ] Entering safepoint region: RevokeBias
[328.508s][info ][safepoint    ] Leaving safepoint region
[328.508s][info ][safepoint    ] Total time for which application threads were stopped: 0.0001279 seconds, Stopping threads took: 0.0000351 seconds
[328.508s][info ][safepoint    ] Application time: 0.0002827 seconds
[328.508s][info ][safepoint    ] Entering safepoint region: RevokeBias
[328.508s][info ][safepoint    ] Leaving safepoint region
[328.508s][info ][safepoint    ] Total time for which application threads were stopped: 0.0000553 seconds, Stopping threads took: 0.0000136 seconds
[329.125s][info ][safepoint    ] Application time: 0.6169330 seconds
[329.125s][info ][safepoint    ] Entering safepoint region: GenCollectForAllocation
[329.125s][info ][gc,start     ] GC(242) Pause Young (Allocation Failure)
[329.125s][info ][gc,task      ] GC(242) Using 4 workers of 4 for evacuation
[329.128s][debug][gc,ref       ] GC(242) Skipped phase1 of Reference Processing due to unavailable references
[329.128s][debug][gc,ref       ] GC(242) Skipped phase3 of Reference Processing due to unavailable references
[329.128s][debug][gc,age       ] GC(242) Desired survivor size 15400960 bytes, new threshold 6 (max threshold 6)
[329.128s][info ][gc,heap      ] GC(242) ParNew: 244200K->2803K(270976K)
[329.128s][info ][gc,heap      ] GC(242) CMS: 247227K->247459K(602112K)
[329.128s][info ][gc,metaspace ] GC(242) Metaspace: 55208K->55208K(1099776K)
[329.128s][info ][gc           ] GC(242) Pause Young (Allocation Failure) 479M->244M(852M) 3.082ms
[329.128s][info ][gc,cpu       ] GC(242) User=0.01s Sys=0.00s Real=0.00s
[329.129s][info ][safepoint    ] Leaving safepoint region
[329.129s][info ][safepoint    ] Total time for which application threads were stopped: 0.0032832 seconds, Stopping threads took: 0.0000351 seconds
[330.129s][info ][safepoint    ] Application time: 1.0001017 seconds
[330.129s][info ][safepoint    ] Entering safepoint region: Cleanup
[330.129s][info ][safepoint    ] Leaving safepoint region
[330.129s][info ][safepoint    ] Total time for which application threads were stopped: 0.0001448 seconds, Stopping threads took: 0.0000493 seconds
[331.120s][info ][safepoint    ] Application time: 0.9913205 seconds
[331.120s][info ][safepoint    ] Entering safepoint region: GenCollectForAllocation
[331.120s][info ][gc,start     ] GC(243) Pause Young (Allocation Failure)
[331.120s][info ][gc,task      ] GC(243) Using 4 workers of 4 for evacuation
[331.124s][debug][gc,ref       ] GC(243) Skipped phase1 of Reference Processing due to unavailable references
[331.124s][debug][gc,ref       ] GC(243) Skipped phase3 of Reference Processing due to unavailable references
[331.125s][debug][gc,age       ] GC(243) Desired survivor size 15400960 bytes, new threshold 6 (max threshold 6)
[331.125s][info ][gc,heap      ] GC(243) ParNew: 243699K->2805K(270976K)
[331.125s][info ][gc,heap      ] GC(243) CMS: 247459K->248221K(602112K)
[331.125s][info ][gc,metaspace ] GC(243) Metaspace: 55208K->55208K(1099776K)
[331.125s][info ][gc           ] GC(243) Pause Young (Allocation Failure) 479M->245M(852M) 4.295ms
[331.125s][info ][gc,cpu       ] GC(243) User=0.02s Sys=0.00s Real=0.01s
[331.125s][info ][safepoint    ] Leaving safepoint region
[331.125s][info ][safepoint    ] Total time for which application threads were stopped: 0.0044904 seconds, Stopping threads took: 0.0000231 seconds
[332.125s][info ][safepoint    ] Application time: 1.0001103 seconds
[332.125s][info ][safepoint    ] Entering safepoint region: Cleanup
[332.125s][info ][safepoint    ] Leaving safepoint region
[332.125s][info ][safepoint    ] Total time for which application threads were stopped: 0.0001474 seconds, Stopping threads took: 0.0000571 seconds
[333.075s][info ][safepoint    ] Application time: 0.9499035 seconds
[333.075s][info ][safepoint    ] Entering safepoint region: GenCollectForAllocation
[333.075s][info ][gc,start     ] GC(244) Pause Young (Allocation Failure)
[333.075s][info ][gc,task      ] GC(244) Using 4 workers of 4 for evacuation
[333.078s][debug][gc,ref       ] GC(244) Skipped phase1 of Reference Processing due to unavailable references
[333.078s][debug][gc,ref       ] GC(244) Skipped phase3 of Reference Processing due to unavailable references
[333.078s][debug][gc,age       ] GC(244) Desired survivor size 15400960 bytes, new threshold 6 (max threshold 6)
[333.078s][info ][gc,heap      ] GC(244) ParNew: 243701K->1675K(270976K)
[333.078s][info ][gc,heap      ] GC(244) CMS: 248221K->248221K(602112K)
[333.078s][info ][gc,metaspace ] GC(244) Metaspace: 55209K->55209K(1099776K)
[333.078s][info ][gc           ] GC(244) Pause Young (Allocation Failure) 480M->244M(852M) 2.910ms
[333.078s][info ][gc,cpu       ] GC(244) User=0.01s Sys=0.00s Real=0.00s
[333.078s][info ][safepoint    ] Leaving safepoint region
[333.078s][info ][safepoint    ] Total time for which application threads were stopped: 0.0031116 seconds, Stopping threads took: 0.0000215 seconds
[333.565s][info ][safepoint    ] Application time: 0.4867313 seconds
[333.565s][info ][safepoint    ] Entering safepoint region: RevokeBias
[333.565s][info ][safepoint    ] Leaving safepoint region
[333.565s][info ][safepoint    ] Total time for which application threads were stopped: 0.0001137 seconds, Stopping threads took: 0.0000216 seconds
[333.565s][info ][safepoint    ] Application time: 0.0002819 seconds
[333.565s][info ][safepoint    ] Entering safepoint region: RevokeBias
[333.565s][info ][safepoint    ] Leaving safepoint region
[333.565s][info ][safepoint    ] Total time for which application threads were stopped: 0.0000492 seconds, Stopping threads took: 0.0000102 seconds
[334.565s][info ][safepoint    ] Application time: 1.0000901 seconds
[334.565s][info ][safepoint    ] Entering safepoint region: Cleanup
[334.565s][info ][safepoint    ] Leaving safepoint region
[334.565s][info ][safepoint    ] Total time for which application threads were stopped: 0.0001003 seconds, Stopping threads took: 0.0000217 seconds
[335.028s][info ][safepoint    ] Application time: 0.4628678 seconds
[335.028s][info ][safepoint    ] Entering safepoint region: GenCollectForAllocation
[335.029s][info ][gc,start     ] GC(245) Pause Young (Allocation Failure)
[335.029s][info ][gc,task      ] GC(245) Using 4 workers of 4 for evacuation
[335.031s][debug][gc,ref       ] GC(245) Skipped phase1 of Reference Processing due to unavailable references
[335.031s][debug][gc,ref       ] GC(245) Skipped phase3 of Reference Processing due to unavailable references
[335.031s][debug][gc,age       ] GC(245) Desired survivor size 15400960 bytes, new threshold 6 (max threshold 6)
[335.031s][info ][gc,heap      ] GC(245) ParNew: 242571K->1310K(270976K)
[335.031s][info ][gc,heap      ] GC(245) CMS: 248221K->249130K(602112K)
[335.032s][info ][gc,metaspace ] GC(245) Metaspace: 55209K->55209K(1099776K)
[335.032s][info ][gc           ] GC(245) Pause Young (Allocation Failure) 479M->244M(852M) 3.000ms
[335.032s][info ][gc,cpu       ] GC(245) User=0.01s Sys=0.00s Real=0.01s
[335.032s][info ][safepoint    ] Leaving safepoint region
[335.032s][info ][safepoint    ] Total time for which application threads were stopped: 0.0032053 seconds, Stopping threads took: 0.0000400 seconds
[336.032s][info ][safepoint    ] Application time: 1.0001015 seconds
[336.032s][info ][safepoint    ] Entering safepoint region: Cleanup
[336.032s][info ][safepoint    ] Leaving safepoint region
[336.032s][info ][safepoint    ] Total time for which application threads were stopped: 0.0000978 seconds, Stopping threads took: 0.0000221 seconds
[336.874s][info ][safepoint    ] Application time: 0.8417938 seconds
[336.874s][info ][safepoint    ] Entering safepoint region: GenCollectForAllocation
[336.874s][info ][gc,start     ] GC(246) Pause Young (Allocation Failure)
[336.874s][info ][gc,task      ] GC(246) Using 4 workers of 4 for evacuation
[336.876s][debug][gc,ref       ] GC(246) Skipped phase1 of Reference Processing due to unavailable references
[336.876s][debug][gc,ref       ] GC(246) Skipped phase3 of Reference Processing due to unavailable references
[336.876s][debug][gc,age       ] GC(246) Desired survivor size 15400960 bytes, new threshold 6 (max threshold 6)
[336.876s][info ][gc,heap      ] GC(246) ParNew: 242206K->1009K(270976K)
[336.876s][info ][gc,heap      ] GC(246) CMS: 249130K->249183K(602112K)
[336.876s][info ][gc,metaspace ] GC(246) Metaspace: 55210K->55210K(1099776K)
[336.876s][info ][gc           ] GC(246) Pause Young (Allocation Failure) 479M->244M(852M) 2.354ms
[336.876s][info ][gc,cpu       ] GC(246) User=0.01s Sys=0.00s Real=0.00s
[336.876s][info ][safepoint    ] Leaving safepoint region
[336.876s][info ][safepoint    ] Total time for which application threads were stopped: 0.0025627 seconds, Stopping threads took: 0.0000434 seconds
[337.876s][info ][safepoint    ] Application time: 1.0001643 seconds
[337.876s][info ][safepoint    ] Entering safepoint region: Cleanup
[337.877s][info ][safepoint    ] Leaving safepoint region
[337.877s][info ][safepoint    ] Total time for which application threads were stopped: 0.0002145 seconds, Stopping threads took: 0.0001022 seconds
[338.578s][info ][safepoint    ] Application time: 0.7012272 seconds
[338.578s][info ][safepoint    ] Entering safepoint region: GenCollectForAllocation
[338.578s][info ][gc,start     ] GC(247) Pause Young (Allocation Failure)
[338.578s][info ][gc,task      ] GC(247) Using 4 workers of 4 for evacuation
[338.580s][debug][gc,ref       ] GC(247) Skipped phase1 of Reference Processing due to unavailable references
[338.580s][debug][gc,ref       ] GC(247) Skipped phase3 of Reference Processing due to unavailable references
[338.580s][debug][gc,age       ] GC(247) Desired survivor size 15400960 bytes, new threshold 6 (max threshold 6)
[338.580s][info ][gc,heap      ] GC(247) ParNew: 241905K->1023K(270976K)
[338.580s][info ][gc,heap      ] GC(247) CMS: 249183K->249183K(602112K)
[338.580s][info ][gc,metaspace ] GC(247) Metaspace: 55210K->55210K(1099776K)
[338.580s][info ][gc           ] GC(247) Pause Young (Allocation Failure) 479M->244M(852M) 2.189ms
[338.580s][info ][gc,cpu       ] GC(247) User=0.00s Sys=0.00s Real=0.00s
[338.580s][info ][safepoint    ] Leaving safepoint region
[338.580s][info ][safepoint    ] Total time for which application threads were stopped: 0.0023598 seconds, Stopping threads took: 0.0000240 seconds
[338.635s][info ][safepoint    ] Application time: 0.0545712 seconds
[338.635s][info ][safepoint    ] Entering safepoint region: RevokeBias
[338.635s][info ][safepoint    ] Leaving safepoint region
[338.635s][info ][safepoint    ] Total time for which application threads were stopped: 0.0001165 seconds, Stopping threads took: 0.0000280 seconds
[338.635s][info ][safepoint    ] Application time: 0.0002744 seconds
[338.635s][info ][safepoint    ] Entering safepoint region: RevokeBias
[338.635s][info ][safepoint    ] Leaving safepoint region
[338.635s][info ][safepoint    ] Total time for which application threads were stopped: 0.0000693 seconds, Stopping threads took: 0.0000125 seconds
[338.770s][info ][safepoint    ] Application time: 0.1344296 seconds
[338.770s][info ][safepoint    ] Entering safepoint region: BulkRevokeBias
[338.770s][info ][safepoint    ] Leaving safepoint region
[338.770s][info ][safepoint    ] Total time for which application threads were stopped: 0.0004717 seconds, Stopping threads took: 0.0000513 seconds
[338.771s][info ][safepoint    ] Application time: 0.0002591 seconds
[338.771s][info ][safepoint    ] Entering safepoint region: BulkRevokeBias
[338.771s][info ][safepoint    ] Leaving safepoint region
[338.771s][info ][safepoint    ] Total time for which application threads were stopped: 0.0001995 seconds, Stopping threads took: 0.0000234 seconds
[338.902s][info ][safepoint    ] Application time: 0.1309368 seconds
[338.902s][info ][safepoint    ] Entering safepoint region: RevokeBias
[338.902s][info ][safepoint    ] Leaving safepoint region
[338.902s][info ][safepoint    ] Total time for which application threads were stopped: 0.0001908 seconds, Stopping threads took: 0.0000358 seconds
[338.902s][info ][safepoint    ] Application time: 0.0003720 seconds
[338.902s][info ][safepoint    ] Entering safepoint region: RevokeBias
[338.903s][info ][safepoint    ] Leaving safepoint region
[338.903s][info ][safepoint    ] Total time for which application threads were stopped: 0.0001627 seconds, Stopping threads took: 0.0000210 seconds
[339.903s][info ][safepoint    ] Application time: 1.0001075 seconds
[339.903s][info ][safepoint    ] Entering safepoint region: Cleanup
[339.903s][info ][safepoint    ] Leaving safepoint region
[339.903s][info ][safepoint    ] Total time for which application threads were stopped: 0.0001219 seconds, Stopping threads took: 0.0000232 seconds
[340.423s][info ][safepoint    ] Application time: 0.5196963 seconds
[340.423s][info ][safepoint    ] Entering safepoint region: GenCollectForAllocation
[340.423s][info ][gc,start     ] GC(248) Pause Young (Allocation Failure)
[340.423s][info ][gc,task      ] GC(248) Using 4 workers of 4 for evacuation
[340.425s][debug][gc,ref       ] GC(248) Skipped phase1 of Reference Processing due to unavailable references
[340.425s][debug][gc,ref       ] GC(248) Skipped phase3 of Reference Processing due to unavailable references
[340.425s][debug][gc,age       ] GC(248) Desired survivor size 15400960 bytes, new threshold 6 (max threshold 6)
[340.425s][info ][gc,heap      ] GC(248) ParNew: 241919K->1536K(270976K)
[340.425s][info ][gc,heap      ] GC(248) CMS: 249183K->249403K(602112K)
[340.425s][info ][gc,metaspace ] GC(248) Metaspace: 55211K->55211K(1099776K)
[340.425s][info ][gc           ] GC(248) Pause Young (Allocation Failure) 479M->245M(852M) 2.272ms
[340.425s][info ][gc,cpu       ] GC(248) User=0.00s Sys=0.00s Real=0.00s
[340.425s][info ][safepoint    ] Leaving safepoint region
[340.425s][info ][safepoint    ] Total time for which application threads were stopped: 0.0024769 seconds, Stopping threads took: 0.0000380 seconds
[341.425s][info ][safepoint    ] Application time: 1.0002697 seconds
[341.425s][info ][safepoint    ] Entering safepoint region: Cleanup
[341.426s][info ][safepoint    ] Leaving safepoint region
[341.426s][info ][safepoint    ] Total time for which application threads were stopped: 0.0002713 seconds, Stopping threads took: 0.0001465 seconds
[342.232s][info ][safepoint    ] Application time: 0.8059141 seconds
[342.232s][info ][safepoint    ] Entering safepoint region: GenCollectForAllocation
[342.232s][info ][gc,start     ] GC(249) Pause Young (Allocation Failure)
[342.232s][info ][gc,task      ] GC(249) Using 4 workers of 4 for evacuation
[342.234s][debug][gc,ref       ] GC(249) Skipped phase1 of Reference Processing due to unavailable references
[342.234s][debug][gc,ref       ] GC(249) Skipped phase3 of Reference Processing due to unavailable references
[342.234s][debug][gc,age       ] GC(249) Desired survivor size 15400960 bytes, new threshold 6 (max threshold 6)
[342.234s][info ][gc,heap      ] GC(249) ParNew: 242432K->1589K(270976K)
[342.234s][info ][gc,heap      ] GC(249) CMS: 249403K->249404K(602112K)
[342.234s][info ][gc,metaspace ] GC(249) Metaspace: 55212K->55212K(1099776K)
[342.234s][info ][gc           ] GC(249) Pause Young (Allocation Failure) 480M->245M(852M) 2.740ms
[342.234s][info ][gc,cpu       ] GC(249) User=0.01s Sys=0.00s Real=0.00s
[342.234s][info ][safepoint    ] Leaving safepoint region
[342.234s][info ][safepoint    ] Total time for which application threads were stopped: 0.0029300 seconds, Stopping threads took: 0.0000386 seconds
[343.235s][info ][safepoint    ] Application time: 1.0000898 seconds
[343.235s][info ][safepoint    ] Entering safepoint region: Cleanup
[343.235s][info ][safepoint    ] Leaving safepoint region
[343.235s][info ][safepoint    ] Total time for which application threads were stopped: 0.0001541 seconds, Stopping threads took: 0.0000595 seconds
[343.960s][info ][safepoint    ] Application time: 0.7252224 seconds
[343.960s][info ][safepoint    ] Entering safepoint region: RevokeBias
[343.960s][info ][safepoint    ] Leaving safepoint region
[343.960s][info ][safepoint    ] Total time for which application threads were stopped: 0.0001381 seconds, Stopping threads took: 0.0000230 seconds
[343.960s][info ][safepoint    ] Application time: 0.0002405 seconds
[343.960s][info ][safepoint    ] Entering safepoint region: RevokeBias
[343.960s][info ][safepoint    ] Leaving safepoint region
[343.960s][info ][safepoint    ] Total time for which application threads were stopped: 0.0000542 seconds, Stopping threads took: 0.0000114 seconds
[344.087s][info ][safepoint    ] Application time: 0.1268073 seconds
[344.087s][info ][safepoint    ] Entering safepoint region: RevokeBias
[344.087s][info ][safepoint    ] Leaving safepoint region
[344.087s][info ][safepoint    ] Total time for which application threads were stopped: 0.0001274 seconds, Stopping threads took: 0.0000237 seconds
[344.088s][info ][safepoint    ] Application time: 0.0003162 seconds
[344.088s][info ][safepoint    ] Entering safepoint region: RevokeBias
[344.088s][info ][safepoint    ] Leaving safepoint region
[344.088s][info ][safepoint    ] Total time for which application threads were stopped: 0.0000741 seconds, Stopping threads took: 0.0000116 seconds
[344.127s][info ][safepoint    ] Application time: 0.0388077 seconds
[344.127s][info ][safepoint    ] Entering safepoint region: GenCollectForAllocation
[344.127s][info ][gc,start     ] GC(250) Pause Young (Allocation Failure)
[344.127s][info ][gc,task      ] GC(250) Using 4 workers of 4 for evacuation
[344.129s][debug][gc,ref       ] GC(250) Skipped phase1 of Reference Processing due to unavailable references
[344.129s][debug][gc,ref       ] GC(250) Skipped phase3 of Reference Processing due to unavailable references
[344.129s][debug][gc,age       ] GC(250) Desired survivor size 15400960 bytes, new threshold 6 (max threshold 6)
[344.129s][info ][gc,heap      ] GC(250) ParNew: 242485K->2018K(270976K)
[344.129s][info ][gc,heap      ] GC(250) CMS: 249404K->249405K(602112K)
[344.129s][info ][gc,metaspace ] GC(250) Metaspace: 55212K->55212K(1099776K)
[344.129s][info ][gc           ] GC(250) Pause Young (Allocation Failure) 480M->245M(852M) 2.270ms
[344.129s][info ][gc,cpu       ] GC(250) User=0.01s Sys=0.00s Real=0.00s
[344.129s][info ][safepoint    ] Leaving safepoint region
[344.129s][info ][safepoint    ] Total time for which application threads were stopped: 0.0024861 seconds, Stopping threads took: 0.0000450 seconds
[345.129s][info ][safepoint    ] Application time: 1.0001149 seconds
[345.129s][info ][safepoint    ] Entering safepoint region: Cleanup
[345.129s][info ][safepoint    ] Leaving safepoint region
[345.129s][info ][safepoint    ] Total time for which application threads were stopped: 0.0001127 seconds, Stopping threads took: 0.0000405 seconds
[345.925s][info ][safepoint    ] Application time: 0.7953017 seconds
[345.925s][info ][safepoint    ] Entering safepoint region: GenCollectForAllocation
[345.925s][info ][gc,start     ] GC(251) Pause Young (Allocation Failure)
[345.925s][info ][gc,task      ] GC(251) Using 4 workers of 4 for evacuation
[345.928s][debug][gc,ref       ] GC(251) Skipped phase1 of Reference Processing due to unavailable references
[345.928s][debug][gc,ref       ] GC(251) Skipped phase3 of Reference Processing due to unavailable references
[345.928s][debug][gc,age       ] GC(251) Desired survivor size 15400960 bytes, new threshold 6 (max threshold 6)
[345.928s][info ][gc,heap      ] GC(251) ParNew: 242914K->2056K(270976K)
[345.928s][info ][gc,heap      ] GC(251) CMS: 249405K->249620K(602112K)
[345.928s][info ][gc,metaspace ] GC(251) Metaspace: 55214K->55214K(1099776K)
[345.928s][info ][gc           ] GC(251) Pause Young (Allocation Failure) 480M->245M(852M) 2.745ms
[345.928s][info ][gc,cpu       ] GC(251) User=0.01s Sys=0.00s Real=0.00s
[345.928s][info ][safepoint    ] Leaving safepoint region
[345.928s][info ][safepoint    ] Total time for which application threads were stopped: 0.0029381 seconds, Stopping threads took: 0.0000258 seconds
[346.928s][info ][safepoint    ] Application time: 1.0001251 seconds
[346.928s][info ][safepoint    ] Entering safepoint region: Cleanup
[346.928s][info ][safepoint    ] Leaving safepoint region
[346.928s][info ][safepoint    ] Total time for which application threads were stopped: 0.0001341 seconds, Stopping threads took: 0.0000442 seconds
[347.676s][info ][safepoint    ] Application time: 0.7480732 seconds
[347.676s][info ][safepoint    ] Entering safepoint region: GenCollectForAllocation
[347.676s][info ][gc,start     ] GC(252) Pause Young (Allocation Failure)
[347.676s][info ][gc,task      ] GC(252) Using 4 workers of 4 for evacuation
[347.678s][debug][gc,ref       ] GC(252) Skipped phase1 of Reference Processing due to unavailable references
[347.679s][debug][gc,ref       ] GC(252) Skipped phase3 of Reference Processing due to unavailable references
[347.679s][debug][gc,age       ] GC(252) Desired survivor size 15400960 bytes, new threshold 6 (max threshold 6)
[347.679s][info ][gc,heap      ] GC(252) ParNew: 242952K->2130K(270976K)
[347.679s][info ][gc,heap      ] GC(252) CMS: 249620K->249630K(602112K)
[347.679s][info ][gc,metaspace ] GC(252) Metaspace: 55215K->55215K(1099776K)
[347.679s][info ][gc           ] GC(252) Pause Young (Allocation Failure) 481M->245M(852M) 2.347ms
[347.679s][info ][gc,cpu       ] GC(252) User=0.00s Sys=0.00s Real=0.00s
[347.679s][info ][safepoint    ] Leaving safepoint region
[347.679s][info ][safepoint    ] Total time for which application threads were stopped: 0.0025538 seconds, Stopping threads took: 0.0000235 seconds
[348.679s][info ][safepoint    ] Application time: 1.0000992 seconds
[348.679s][info ][safepoint    ] Entering safepoint region: Cleanup
[348.679s][info ][safepoint    ] Leaving safepoint region
[348.679s][info ][safepoint    ] Total time for which application threads were stopped: 0.0001216 seconds, Stopping threads took: 0.0000362 seconds
[349.152s][info ][safepoint    ] Application time: 0.4728919 seconds
[349.152s][info ][safepoint    ] Entering safepoint region: RevokeBias
[349.152s][info ][safepoint    ] Leaving safepoint region
[349.152s][info ][safepoint    ] Total time for which application threads were stopped: 0.0001138 seconds, Stopping threads took: 0.0000230 seconds
[349.152s][info ][safepoint    ] Application time: 0.0003438 seconds
[349.152s][info ][safepoint    ] Entering safepoint region: RevokeBias
[349.153s][info ][safepoint    ] Leaving safepoint region
[349.153s][info ][safepoint    ] Total time for which application threads were stopped: 0.0001132 seconds, Stopping threads took: 0.0000421 seconds
[349.285s][info ][safepoint    ] Application time: 0.1319786 seconds
[349.285s][info ][safepoint    ] Entering safepoint region: RevokeBias
[349.285s][info ][safepoint    ] Leaving safepoint region
[349.285s][info ][safepoint    ] Total time for which application threads were stopped: 0.0001196 seconds, Stopping threads took: 0.0000260 seconds
[349.285s][info ][safepoint    ] Application time: 0.0002631 seconds
[349.285s][info ][safepoint    ] Entering safepoint region: RevokeBias
[349.285s][info ][safepoint    ] Leaving safepoint region
[349.285s][info ][safepoint    ] Total time for which application threads were stopped: 0.0001103 seconds, Stopping threads took: 0.0000508 seconds
[349.373s][info ][safepoint    ] Application time: 0.0880501 seconds
[349.373s][info ][safepoint    ] Entering safepoint region: GenCollectForAllocation
[349.373s][info ][gc,start     ] GC(253) Pause Young (Allocation Failure)
[349.373s][info ][gc,task      ] GC(253) Using 4 workers of 4 for evacuation
[349.375s][debug][gc,ref       ] GC(253) Skipped phase1 of Reference Processing due to unavailable references
[349.375s][debug][gc,ref       ] GC(253) Skipped phase3 of Reference Processing due to unavailable references
[349.376s][debug][gc,age       ] GC(253) Desired survivor size 15400960 bytes, new threshold 6 (max threshold 6)
[349.376s][info ][gc,heap      ] GC(253) ParNew: 243026K->2559K(270976K)
[349.376s][info ][gc,heap      ] GC(253) CMS: 249630K->249634K(602112K)
[349.376s][info ][gc,metaspace ] GC(253) Metaspace: 55218K->55218K(1099776K)
[349.376s][info ][gc           ] GC(253) Pause Young (Allocation Failure) 481M->246M(852M) 2.385ms
[349.376s][info ][gc,cpu       ] GC(253) User=0.01s Sys=0.00s Real=0.00s
[349.376s][info ][safepoint    ] Leaving safepoint region
[349.376s][info ][safepoint    ] Total time for which application threads were stopped: 0.0025933 seconds, Stopping threads took: 0.0000379 seconds
[350.376s][info ][safepoint    ] Application time: 1.0001231 seconds
[350.376s][info ][safepoint    ] Entering safepoint region: Cleanup
[350.376s][info ][safepoint    ] Leaving safepoint region
[350.376s][info ][safepoint    ] Total time for which application threads were stopped: 0.0001323 seconds, Stopping threads took: 0.0000357 seconds
[350.876s][info ][safepoint    ] Application time: 0.5004327 seconds
[350.877s][info ][safepoint    ] Entering safepoint region: GenCollectForAllocation
[350.877s][info ][gc,start     ] GC(254) Pause Young (Allocation Failure)
[350.877s][info ][gc,task      ] GC(254) Using 4 workers of 4 for evacuation
[350.879s][debug][gc,ref       ] GC(254) Skipped phase1 of Reference Processing due to unavailable references
[350.879s][debug][gc,ref       ] GC(254) Skipped phase3 of Reference Processing due to unavailable references
[350.879s][debug][gc,age       ] GC(254) Desired survivor size 15400960 bytes, new threshold 6 (max threshold 6)
[350.879s][info ][gc,heap      ] GC(254) ParNew: 243455K->2079K(270976K)
[350.879s][info ][gc,heap      ] GC(254) CMS: 249634K->250285K(602112K)
[350.879s][info ][gc,metaspace ] GC(254) Metaspace: 55218K->55218K(1099776K)
[350.879s][info ][gc           ] GC(254) Pause Young (Allocation Failure) 481M->246M(852M) 2.759ms
[350.879s][info ][gc,cpu       ] GC(254) User=0.01s Sys=0.00s Real=0.00s
[350.879s][info ][safepoint    ] Leaving safepoint region
[350.879s][info ][safepoint    ] Total time for which application threads were stopped: 0.0029646 seconds, Stopping threads took: 0.0000400 seconds
[351.880s][info ][safepoint    ] Application time: 1.0001060 seconds
[351.880s][info ][safepoint    ] Entering safepoint region: Cleanup
[351.880s][info ][safepoint    ] Leaving safepoint region
[351.880s][info ][safepoint    ] Total time for which application threads were stopped: 0.0001071 seconds, Stopping threads took: 0.0000294 seconds
[352.235s][info ][safepoint    ] Application time: 0.3552373 seconds
[352.235s][info ][safepoint    ] Entering safepoint region: GenCollectForAllocation
[352.235s][info ][gc,start     ] GC(255) Pause Young (Allocation Failure)
[352.235s][info ][gc,task      ] GC(255) Using 4 workers of 4 for evacuation
[352.237s][debug][gc,ref       ] GC(255) Skipped phase1 of Reference Processing due to unavailable references
[352.237s][debug][gc,ref       ] GC(255) Skipped phase3 of Reference Processing due to unavailable references
[352.237s][debug][gc,age       ] GC(255) Desired survivor size 15400960 bytes, new threshold 6 (max threshold 6)
[352.237s][info ][gc,heap      ] GC(255) ParNew: 242975K->1660K(270976K)
[352.238s][info ][gc,heap      ] GC(255) CMS: 250285K->250285K(602112K)
[352.238s][info ][gc,metaspace ] GC(255) Metaspace: 55220K->55220K(1099776K)
[352.238s][info ][gc           ] GC(255) Pause Young (Allocation Failure) 481M->246M(852M) 2.336ms
[352.238s][info ][gc,cpu       ] GC(255) User=0.01s Sys=0.00s Real=0.00s
[352.238s][info ][safepoint    ] Leaving safepoint region
[352.238s][info ][safepoint    ] Total time for which application threads were stopped: 0.0025573 seconds, Stopping threads took: 0.0000457 seconds
[353.238s][info ][safepoint    ] Application time: 1.0001122 seconds
[353.238s][info ][safepoint    ] Entering safepoint region: Cleanup
[353.238s][info ][safepoint    ] Leaving safepoint region
[353.238s][info ][safepoint    ] Total time for which application threads were stopped: 0.0001150 seconds, Stopping threads took: 0.0000236 seconds
[354.000s][info ][safepoint    ] Application time: 0.7622806 seconds
[354.000s][info ][safepoint    ] Entering safepoint region: GenCollectForAllocation
[354.000s][info ][gc,start     ] GC(256) Pause Young (Allocation Failure)
[354.000s][info ][gc,task      ] GC(256) Using 4 workers of 4 for evacuation
[354.002s][debug][gc,ref       ] GC(256) Skipped phase1 of Reference Processing due to unavailable references
[354.002s][debug][gc,ref       ] GC(256) Skipped phase3 of Reference Processing due to unavailable references
[354.003s][debug][gc,age       ] GC(256) Desired survivor size 15400960 bytes, new threshold 6 (max threshold 6)
[354.003s][info ][gc,heap      ] GC(256) ParNew: 242556K->1200K(270976K)
[354.003s][info ][gc,heap      ] GC(256) CMS: 250285K->250719K(602112K)
[354.003s][info ][gc,metaspace ] GC(256) Metaspace: 55220K->55220K(1099776K)
[354.003s][info ][gc           ] GC(256) Pause Young (Allocation Failure) 481M->246M(852M) 2.326ms
[354.003s][info ][gc,cpu       ] GC(256) User=0.01s Sys=0.00s Real=0.01s
[354.003s][info ][safepoint    ] Leaving safepoint region
[354.003s][info ][safepoint    ] Total time for which application threads were stopped: 0.0025063 seconds, Stopping threads took: 0.0000264 seconds
[354.359s][info ][safepoint    ] Application time: 0.3558906 seconds
[354.359s][info ][safepoint    ] Entering safepoint region: RevokeBias
[354.359s][info ][safepoint    ] Leaving safepoint region
[354.359s][info ][safepoint    ] Total time for which application threads were stopped: 0.0001424 seconds, Stopping threads took: 0.0000251 seconds
[354.359s][info ][safepoint    ] Application time: 0.0003753 seconds
[354.359s][info ][safepoint    ] Entering safepoint region: RevokeBias
[354.359s][info ][safepoint    ] Leaving safepoint region
[354.359s][info ][safepoint    ] Total time for which application threads were stopped: 0.0000730 seconds, Stopping threads took: 0.0000145 seconds
[354.497s][info ][safepoint    ] Application time: 0.1382471 seconds
[354.498s][info ][safepoint    ] Entering safepoint region: RevokeBias
[354.498s][info ][safepoint    ] Leaving safepoint region
[354.498s][info ][safepoint    ] Total time for which application threads were stopped: 0.0001463 seconds, Stopping threads took: 0.0000364 seconds
[354.498s][info ][safepoint    ] Application time: 0.0002415 seconds
[354.498s][info ][safepoint    ] Entering safepoint region: RevokeBias
[354.498s][info ][safepoint    ] Leaving safepoint region
[354.498s][info ][safepoint    ] Total time for which application threads were stopped: 0.0000569 seconds, Stopping threads took: 0.0000117 seconds
[355.498s][info ][safepoint    ] Application time: 1.0001015 seconds
[355.498s][info ][safepoint    ] Entering safepoint region: Cleanup
[355.498s][info ][safepoint    ] Leaving safepoint region
[355.498s][info ][safepoint    ] Total time for which application threads were stopped: 0.0001028 seconds, Stopping threads took: 0.0000254 seconds
[356.498s][info ][safepoint    ] Application time: 1.0000894 seconds
[356.498s][info ][safepoint    ] Entering safepoint region: Cleanup
[356.498s][info ][safepoint    ] Leaving safepoint region
[356.499s][info ][safepoint    ] Total time for which application threads were stopped: 0.0001338 seconds, Stopping threads took: 0.0000269 seconds
[356.778s][info ][safepoint    ] Application time: 0.2791897 seconds
[356.778s][info ][safepoint    ] Entering safepoint region: GenCollectForAllocation
[356.778s][info ][gc,start     ] GC(257) Pause Young (Allocation Failure)
[356.778s][info ][gc,task      ] GC(257) Using 4 workers of 4 for evacuation
[356.780s][debug][gc,ref       ] GC(257) Skipped phase1 of Reference Processing due to unavailable references
[356.780s][debug][gc,ref       ] GC(257) Skipped phase3 of Reference Processing due to unavailable references
[356.780s][debug][gc,age       ] GC(257) Desired survivor size 15400960 bytes, new threshold 6 (max threshold 6)
[356.780s][info ][gc,heap      ] GC(257) ParNew: 242096K->1593K(270976K)
[356.780s][info ][gc,heap      ] GC(257) CMS: 250719K->250735K(602112K)
[356.780s][info ][gc,metaspace ] GC(257) Metaspace: 55232K->55232K(1099776K)
[356.780s][info ][gc           ] GC(257) Pause Young (Allocation Failure) 481M->246M(852M) 2.315ms
[356.780s][info ][gc,cpu       ] GC(257) User=0.01s Sys=0.00s Real=0.00s
[356.780s][info ][safepoint    ] Leaving safepoint region
[356.780s][info ][safepoint    ] Total time for which application threads were stopped: 0.0024856 seconds, Stopping threads took: 0.0000258 seconds
[357.780s][info ][safepoint    ] Application time: 1.0000945 seconds
[357.780s][info ][safepoint    ] Entering safepoint region: Cleanup
[357.780s][info ][safepoint    ] Leaving safepoint region
[357.780s][info ][safepoint    ] Total time for which application threads were stopped: 0.0001258 seconds, Stopping threads took: 0.0000383 seconds
[358.781s][info ][safepoint    ] Application time: 1.0000959 seconds
[358.781s][info ][safepoint    ] Entering safepoint region: Cleanup
[358.781s][info ][safepoint    ] Leaving safepoint region
[358.781s][info ][safepoint    ] Total time for which application threads were stopped: 0.0001073 seconds, Stopping threads took: 0.0000246 seconds
[359.554s][info ][safepoint    ] Application time: 0.7737413 seconds
[359.555s][info ][safepoint    ] Entering safepoint region: RevokeBias
[359.555s][info ][safepoint    ] Leaving safepoint region
[359.555s][info ][safepoint    ] Total time for which application threads were stopped: 0.0001389 seconds, Stopping threads took: 0.0000253 seconds
[359.555s][info ][safepoint    ] Application time: 0.0002704 seconds
[359.555s][info ][safepoint    ] Entering safepoint region: RevokeBias
[359.555s][info ][safepoint    ] Leaving safepoint region
[359.555s][info ][safepoint    ] Total time for which application threads were stopped: 0.0000693 seconds, Stopping threads took: 0.0000111 seconds
[359.561s][info ][safepoint    ] Application time: 0.0062074 seconds
[359.561s][info ][safepoint    ] Entering safepoint region: Deoptimize
[359.563s][info ][safepoint    ] Leaving safepoint region
[359.563s][info ][safepoint    ] Total time for which application threads were stopped: 0.0015570 seconds, Stopping threads took: 0.0000346 seconds
[359.678s][info ][safepoint    ] Application time: 0.1156432 seconds
[359.679s][info ][safepoint    ] Entering safepoint region: RevokeBias
[359.679s][info ][safepoint    ] Leaving safepoint region
[359.679s][info ][safepoint    ] Total time for which application threads were stopped: 0.0001696 seconds, Stopping threads took: 0.0000601 seconds
[359.679s][info ][safepoint    ] Application time: 0.0002373 seconds
[359.679s][info ][safepoint    ] Entering safepoint region: RevokeBias
[359.679s][info ][safepoint    ] Leaving safepoint region
[359.679s][info ][safepoint    ] Total time for which application threads were stopped: 0.0000999 seconds, Stopping threads took: 0.0000356 seconds
[359.726s][info ][safepoint    ] Application time: 0.0469577 seconds
[359.726s][info ][safepoint    ] Entering safepoint region: GenCollectForAllocation
[359.726s][info ][gc,start     ] GC(258) Pause Young (Allocation Failure)
[359.726s][info ][gc,task      ] GC(258) Using 4 workers of 4 for evacuation
[359.728s][debug][gc,ref       ] GC(258) Skipped phase1 of Reference Processing due to unavailable references
[359.728s][debug][gc,ref       ] GC(258) Skipped phase3 of Reference Processing due to unavailable references
[359.729s][debug][gc,age       ] GC(258) Desired survivor size 15400960 bytes, new threshold 6 (max threshold 6)
[359.729s][info ][gc,heap      ] GC(258) ParNew: 242489K->1925K(270976K)
[359.729s][info ][gc,heap      ] GC(258) CMS: 250735K->250735K(602112K)
[359.729s][info ][gc,metaspace ] GC(258) Metaspace: 55234K->55234K(1099776K)
[359.729s][info ][gc           ] GC(258) Pause Young (Allocation Failure) 481M->246M(852M) 2.471ms
[359.729s][info ][gc,cpu       ] GC(258) User=0.01s Sys=0.01s Real=0.00s
[359.729s][info ][safepoint    ] Leaving safepoint region
[359.729s][info ][safepoint    ] Total time for which application threads were stopped: 0.0026847 seconds, Stopping threads took: 0.0000385 seconds
[360.729s][info ][safepoint    ] Application time: 1.0001308 seconds
[360.729s][info ][safepoint    ] Entering safepoint region: Cleanup
[360.729s][info ][safepoint    ] Leaving safepoint region
[360.729s][info ][safepoint    ] Total time for which application threads were stopped: 0.0001132 seconds, Stopping threads took: 0.0000255 seconds
[361.729s][info ][safepoint    ] Application time: 1.0000862 seconds
[361.729s][info ][safepoint    ] Entering safepoint region: Cleanup
[361.729s][info ][safepoint    ] Leaving safepoint region
[361.729s][info ][safepoint    ] Total time for which application threads were stopped: 0.0001209 seconds, Stopping threads took: 0.0000388 seconds
[362.377s][info ][safepoint    ] Application time: 0.6482156 seconds
[362.378s][info ][safepoint    ] Entering safepoint region: GenCollectForAllocation
[362.378s][info ][gc,start     ] GC(259) Pause Young (Allocation Failure)
[362.378s][info ][gc,task      ] GC(259) Using 4 workers of 4 for evacuation
[362.380s][debug][gc,ref       ] GC(259) Skipped phase1 of Reference Processing due to unavailable references
[362.380s][debug][gc,ref       ] GC(259) Skipped phase3 of Reference Processing due to unavailable references
[362.380s][debug][gc,age       ] GC(259) Desired survivor size 15400960 bytes, new threshold 6 (max threshold 6)
[362.380s][info ][gc,heap      ] GC(259) ParNew: 242821K->1768K(270976K)
[362.380s][info ][gc,heap      ] GC(259) CMS: 250735K->251181K(602112K)
[362.380s][info ][gc,metaspace ] GC(259) Metaspace: 55234K->55234K(1099776K)
[362.380s][info ][gc           ] GC(259) Pause Young (Allocation Failure) 481M->247M(852M) 2.734ms
[362.380s][info ][gc,cpu       ] GC(259) User=0.00s Sys=0.00s Real=0.00s
[362.380s][info ][safepoint    ] Leaving safepoint region
[362.380s][info ][safepoint    ] Total time for which application threads were stopped: 0.0029953 seconds, Stopping threads took: 0.0000585 seconds
[363.381s][info ][safepoint    ] Application time: 1.0000992 seconds
[363.381s][info ][safepoint    ] Entering safepoint region: Cleanup
[363.381s][info ][safepoint    ] Leaving safepoint region
[363.381s][info ][safepoint    ] Total time for which application threads were stopped: 0.0001096 seconds, Stopping threads took: 0.0000265 seconds
[364.381s][info ][safepoint    ] Application time: 1.0000815 seconds
[364.381s][info ][safepoint    ] Entering safepoint region: Cleanup
[364.381s][info ][safepoint    ] Leaving safepoint region
[364.381s][info ][safepoint    ] Total time for which application threads were stopped: 0.0001323 seconds, Stopping threads took: 0.0000265 seconds
[364.736s][info ][safepoint    ] Application time: 0.3553900 seconds
[364.736s][info ][safepoint    ] Entering safepoint region: RevokeBias
[364.737s][info ][safepoint    ] Leaving safepoint region
[364.737s][info ][safepoint    ] Total time for which application threads were stopped: 0.0001396 seconds, Stopping threads took: 0.0000300 seconds
[364.737s][info ][safepoint    ] Application time: 0.0002570 seconds
[364.737s][info ][safepoint    ] Entering safepoint region: RevokeBias
[364.737s][info ][safepoint    ] Leaving safepoint region
[364.737s][info ][safepoint    ] Total time for which application threads were stopped: 0.0000733 seconds, Stopping threads took: 0.0000148 seconds
[364.769s][info ][safepoint    ] Application time: 0.0325550 seconds
[364.770s][info ][safepoint    ] Entering safepoint region: GenCollectForAllocation
[364.770s][info ][gc,start     ] GC(260) Pause Young (Allocation Failure)
[364.770s][info ][gc,task      ] GC(260) Using 4 workers of 4 for evacuation
[364.772s][debug][gc,ref       ] GC(260) Skipped phase1 of Reference Processing due to unavailable references
[364.772s][debug][gc,ref       ] GC(260) Skipped phase3 of Reference Processing due to unavailable references
[364.772s][debug][gc,age       ] GC(260) Desired survivor size 15400960 bytes, new threshold 6 (max threshold 6)
[364.773s][info ][gc,heap      ] GC(260) ParNew: 242664K->2050K(270976K)
[364.773s][info ][gc,heap      ] GC(260) CMS: 251181K->251190K(602112K)
[364.773s][info ][gc,metaspace ] GC(260) Metaspace: 55238K->55238K(1099776K)
[364.773s][info ][gc           ] GC(260) Pause Young (Allocation Failure) 482M->247M(852M) 2.870ms
[364.773s][info ][gc,cpu       ] GC(260) User=0.01s Sys=0.00s Real=0.00s
[364.773s][info ][safepoint    ] Leaving safepoint region
[364.773s][info ][safepoint    ] Total time for which application threads were stopped: 0.0030878 seconds, Stopping threads took: 0.0000478 seconds
[364.893s][info ][safepoint    ] Application time: 0.1208503 seconds
[364.893s][info ][safepoint    ] Entering safepoint region: RevokeBias
[364.894s][info ][safepoint    ] Leaving safepoint region
[364.894s][info ][safepoint    ] Total time for which application threads were stopped: 0.0001459 seconds, Stopping threads took: 0.0000255 seconds
[364.894s][info ][safepoint    ] Application time: 0.0003358 seconds
[364.894s][info ][safepoint    ] Entering safepoint region: RevokeBias
[364.894s][info ][safepoint    ] Leaving safepoint region
[364.894s][info ][safepoint    ] Total time for which application threads were stopped: 0.0000714 seconds, Stopping threads took: 0.0000131 seconds
[365.894s][info ][safepoint    ] Application time: 1.0000905 seconds
[365.894s][info ][safepoint    ] Entering safepoint region: Cleanup
[365.894s][info ][safepoint    ] Leaving safepoint region
[365.894s][info ][safepoint    ] Total time for which application threads were stopped: 0.0001076 seconds, Stopping threads took: 0.0000263 seconds
[366.894s][info ][safepoint    ] Application time: 1.0000952 seconds
[366.894s][info ][safepoint    ] Entering safepoint region: Cleanup
[366.895s][info ][safepoint    ] Leaving safepoint region
[366.895s][info ][safepoint    ] Total time for which application threads were stopped: 0.0001190 seconds, Stopping threads took: 0.0000275 seconds
[367.895s][info ][safepoint    ] Application time: 1.0000882 seconds
[367.895s][info ][safepoint    ] Entering safepoint region: Cleanup
[367.895s][info ][safepoint    ] Leaving safepoint region
[367.895s][info ][safepoint    ] Total time for which application threads were stopped: 0.0001358 seconds, Stopping threads took: 0.0000508 seconds
[368.895s][info ][safepoint    ] Application time: 1.0000871 seconds
[368.895s][info ][safepoint    ] Entering safepoint region: Cleanup
[368.895s][info ][safepoint    ] Leaving safepoint region
[368.895s][info ][safepoint    ] Total time for which application threads were stopped: 0.0001176 seconds, Stopping threads took: 0.0000274 seconds
[369.895s][info ][safepoint    ] Application time: 1.0000884 seconds
[369.895s][info ][safepoint    ] Entering safepoint region: Cleanup
[369.895s][info ][safepoint    ] Leaving safepoint region
[369.895s][info ][safepoint    ] Total time for which application threads were stopped: 0.0001227 seconds, Stopping threads took: 0.0000268 seconds
[370.873s][info ][safepoint    ] Application time: 0.9776270 seconds
[370.873s][info ][safepoint    ] Entering safepoint region: GenCollectForAllocation
[370.873s][info ][gc,start     ] GC(261) Pause Young (Allocation Failure)
[370.873s][info ][gc,task      ] GC(261) Using 4 workers of 4 for evacuation
[370.876s][debug][gc,ref       ] GC(261) Skipped phase1 of Reference Processing due to unavailable references
[370.876s][debug][gc,ref       ] GC(261) Skipped phase3 of Reference Processing due to unavailable references
[370.876s][debug][gc,age       ] GC(261) Desired survivor size 15400960 bytes, new threshold 6 (max threshold 6)
[370.876s][info ][gc,heap      ] GC(261) ParNew: 242946K->2547K(270976K)
[370.876s][info ][gc,heap      ] GC(261) CMS: 251190K->251195K(602112K)
[370.876s][info ][gc,metaspace ] GC(261) Metaspace: 55239K->55239K(1099776K)
[370.876s][info ][gc           ] GC(261) Pause Young (Allocation Failure) 482M->247M(852M) 2.738ms
[370.876s][info ][gc,cpu       ] GC(261) User=0.01s Sys=0.00s Real=0.00s
[370.876s][info ][safepoint    ] Leaving safepoint region
[370.876s][info ][safepoint    ] Total time for which application threads were stopped: 0.0029513 seconds, Stopping threads took: 0.0000270 seconds
[371.876s][info ][safepoint    ] Application time: 1.0000989 seconds
[371.876s][info ][safepoint    ] Entering safepoint region: Cleanup
[371.876s][info ][safepoint    ] Leaving safepoint region
[371.876s][info ][safepoint    ] Total time for which application threads were stopped: 0.0001578 seconds, Stopping threads took: 0.0000431 seconds
[372.876s][info ][safepoint    ] Application time: 1.0000517 seconds
[372.876s][info ][safepoint    ] Entering safepoint region: Cleanup
[372.876s][info ][safepoint    ] Leaving safepoint region
[372.876s][info ][safepoint    ] Total time for which application threads were stopped: 0.0001305 seconds, Stopping threads took: 0.0000419 seconds
[373.877s][info ][safepoint    ] Application time: 1.0000786 seconds
[373.877s][info ][safepoint    ] Entering safepoint region: Cleanup
[373.877s][info ][safepoint    ] Leaving safepoint region
[373.877s][info ][safepoint    ] Total time for which application threads were stopped: 0.0001331 seconds, Stopping threads took: 0.0000432 seconds
[374.877s][info ][safepoint    ] Application time: 1.0001176 seconds
[374.877s][info ][safepoint    ] Entering safepoint region: Cleanup
[374.877s][info ][safepoint    ] Leaving safepoint region
[374.877s][info ][safepoint    ] Total time for which application threads were stopped: 0.0001059 seconds, Stopping threads took: 0.0000267 seconds
[375.098s][info ][safepoint    ] Application time: 0.2206276 seconds
[375.098s][info ][safepoint    ] Entering safepoint region: GenCollectForAllocation
[375.098s][info ][safepoint    ] Leaving safepoint region
[375.098s][info ][safepoint    ] Total time for which application threads were stopped: 0.0003611 seconds, Stopping threads took: 0.0002099 seconds
[375.101s][info ][safepoint    ] Application time: 0.0026358 seconds
[375.101s][info ][safepoint    ] Entering safepoint region: GenCollectFull
[375.101s][info ][gc,start     ] GC(262) Pause Young (GCLocker Initiated GC)
[375.101s][info ][gc,task      ] GC(262) Using 4 workers of 4 for evacuation
[375.104s][debug][gc,ref       ] GC(262) Skipped phase1 of Reference Processing due to unavailable references
[375.104s][debug][gc,ref       ] GC(262) Skipped phase3 of Reference Processing due to unavailable references
[375.104s][debug][gc,age       ] GC(262) Desired survivor size 15400960 bytes, new threshold 6 (max threshold 6)
[375.104s][info ][gc,heap      ] GC(262) ParNew: 243614K->4185K(270976K)
[375.104s][info ][gc,heap      ] GC(262) CMS: 251195K->251207K(602112K)
[375.104s][info ][gc,metaspace ] GC(262) Metaspace: 55252K->55252K(1099776K)
[375.104s][info ][gc           ] GC(262) Pause Young (GCLocker Initiated GC) 483M->249M(852M) 3.510ms
[375.104s][info ][gc,cpu       ] GC(262) User=0.00s Sys=0.01s Real=0.01s
[375.104s][info ][safepoint    ] Leaving safepoint region
[375.104s][info ][safepoint    ] Total time for which application threads were stopped: 0.0037047 seconds, Stopping threads took: 0.0000260 seconds
[376.086s][info ][safepoint    ] Application time: 0.9813737 seconds
[376.086s][info ][safepoint    ] Entering safepoint region: RevokeBias
[376.086s][info ][safepoint    ] Leaving safepoint region
[376.086s][info ][safepoint    ] Total time for which application threads were stopped: 0.0002294 seconds, Stopping threads took: 0.0000262 seconds
[376.086s][info ][safepoint    ] Application time: 0.0002516 seconds
[376.086s][info ][safepoint    ] Entering safepoint region: RevokeBias
[376.086s][info ][safepoint    ] Leaving safepoint region
[376.086s][info ][safepoint    ] Total time for which application threads were stopped: 0.0000638 seconds, Stopping threads took: 0.0000158 seconds
[376.136s][info ][safepoint    ] Application time: 0.0496134 seconds
[376.136s][info ][safepoint    ] Entering safepoint region: RevokeBias
[376.136s][info ][safepoint    ] Leaving safepoint region
[376.136s][info ][safepoint    ] Total time for which application threads were stopped: 0.0001411 seconds, Stopping threads took: 0.0000315 seconds
[376.237s][info ][safepoint    ] Application time: 0.1004544 seconds
[376.237s][info ][safepoint    ] Entering safepoint region: RevokeBias
[376.237s][info ][safepoint    ] Leaving safepoint region
[376.237s][info ][safepoint    ] Total time for which application threads were stopped: 0.0001484 seconds, Stopping threads took: 0.0000314 seconds
[376.277s][info ][safepoint    ] Application time: 0.0400246 seconds
[376.277s][info ][safepoint    ] Entering safepoint region: GenCollectForAllocation
[376.277s][info ][gc,start     ] GC(263) Pause Young (Allocation Failure)
[376.277s][info ][gc,task      ] GC(263) Using 4 workers of 4 for evacuation
[376.281s][debug][gc,ref       ] GC(263) Skipped phase1 of Reference Processing due to unavailable references
[376.281s][debug][gc,ref       ] GC(263) Skipped phase3 of Reference Processing due to unavailable references
[376.282s][debug][gc,age       ] GC(263) Desired survivor size 15400960 bytes, new threshold 6 (max threshold 6)
[376.282s][info ][gc,heap      ] GC(263) ParNew: 245081K->6862K(270976K)
[376.282s][info ][gc,heap      ] GC(263) CMS: 251207K->251641K(602112K)
[376.282s][info ][gc,metaspace ] GC(263) Metaspace: 55295K->55295K(1099776K)
[376.282s][info ][gc           ] GC(263) Pause Young (Allocation Failure) 484M->252M(852M) 4.692ms
[376.282s][info ][gc,cpu       ] GC(263) User=0.02s Sys=0.00s Real=0.01s
[376.282s][info ][safepoint    ] Leaving safepoint region
[376.282s][info ][safepoint    ] Total time for which application threads were stopped: 0.0049105 seconds, Stopping threads took: 0.0000384 seconds
[377.282s][info ][safepoint    ] Application time: 1.0000994 seconds
[377.282s][info ][safepoint    ] Entering safepoint region: Cleanup
[377.282s][info ][safepoint    ] Leaving safepoint region
[377.282s][info ][safepoint    ] Total time for which application threads were stopped: 0.0001341 seconds, Stopping threads took: 0.0000258 seconds
[377.995s][info ][safepoint    ] Application time: 0.7129329 seconds
[377.995s][info ][safepoint    ] Entering safepoint region: GenCollectForAllocation
[377.995s][info ][gc,start     ] GC(264) Pause Young (Allocation Failure)
[377.995s][info ][gc,task      ] GC(264) Using 4 workers of 4 for evacuation
[377.999s][debug][gc,ref       ] GC(264) Skipped phase1 of Reference Processing due to unavailable references
[377.999s][debug][gc,ref       ] GC(264) Skipped phase3 of Reference Processing due to unavailable references
[377.999s][debug][gc,age       ] GC(264) Desired survivor size 15400960 bytes, new threshold 6 (max threshold 6)
[377.999s][info ][gc,heap      ] GC(264) ParNew: 247758K->7396K(270976K)
[377.999s][info ][gc,heap      ] GC(264) CMS: 251641K->252078K(602112K)
[377.999s][info ][gc,metaspace ] GC(264) Metaspace: 55295K->55295K(1099776K)
[377.999s][info ][gc           ] GC(264) Pause Young (Allocation Failure) 487M->253M(852M) 4.216ms
[377.999s][info ][gc,cpu       ] GC(264) User=0.02s Sys=0.00s Real=0.00s
[377.999s][info ][safepoint    ] Leaving safepoint region
[377.999s][info ][safepoint    ] Total time for which application threads were stopped: 0.0044405 seconds, Stopping threads took: 0.0000337 seconds
[379.000s][info ][safepoint    ] Application time: 1.0000986 seconds
[379.000s][info ][safepoint    ] Entering safepoint region: Cleanup
[379.000s][info ][safepoint    ] Leaving safepoint region
[379.000s][info ][safepoint    ] Total time for which application threads were stopped: 0.0001188 seconds, Stopping threads took: 0.0000300 seconds
[379.165s][info ][safepoint    ] Application time: 0.1650014 seconds
[379.165s][info ][safepoint    ] Entering safepoint region: RevokeBias
[379.165s][info ][safepoint    ] Leaving safepoint region
[379.165s][info ][safepoint    ] Total time for which application threads were stopped: 0.0001378 seconds, Stopping threads took: 0.0000274 seconds
[379.165s][info ][safepoint    ] Application time: 0.0002591 seconds
[379.165s][info ][safepoint    ] Entering safepoint region: RevokeBias
[379.165s][info ][safepoint    ] Leaving safepoint region
[379.165s][info ][safepoint    ] Total time for which application threads were stopped: 0.0000825 seconds, Stopping threads took: 0.0000329 seconds
[379.821s][info ][safepoint    ] Application time: 0.6559321 seconds
[379.821s][info ][safepoint    ] Entering safepoint region: GenCollectForAllocation
[379.821s][info ][gc,start     ] GC(265) Pause Young (Allocation Failure)
[379.821s][info ][gc,task      ] GC(265) Using 4 workers of 4 for evacuation
[379.825s][debug][gc,ref       ] GC(265) Skipped phase1 of Reference Processing due to unavailable references
[379.825s][debug][gc,ref       ] GC(265) Skipped phase3 of Reference Processing due to unavailable references
[379.825s][debug][gc,age       ] GC(265) Desired survivor size 15400960 bytes, new threshold 6 (max threshold 6)
[379.825s][info ][gc,heap      ] GC(265) ParNew: 248292K->7608K(270976K)
[379.825s][info ][gc,heap      ] GC(265) CMS: 252078K->252104K(602112K)
[379.825s][info ][gc,metaspace ] GC(265) Metaspace: 55296K->55296K(1099776K)
[379.825s][info ][gc           ] GC(265) Pause Young (Allocation Failure) 488M->253M(852M) 3.889ms
[379.825s][info ][gc,cpu       ] GC(265) User=0.01s Sys=0.00s Real=0.01s
[379.825s][info ][safepoint    ] Leaving safepoint region
[379.825s][info ][safepoint    ] Total time for which application threads were stopped: 0.0041411 seconds, Stopping threads took: 0.0000693 seconds
[380.826s][info ][safepoint    ] Application time: 1.0001500 seconds
[380.826s][info ][safepoint    ] Entering safepoint region: Cleanup
[380.826s][info ][safepoint    ] Leaving safepoint region
[380.826s][info ][safepoint    ] Total time for which application threads were stopped: 0.0002347 seconds, Stopping threads took: 0.0001194 seconds
[381.525s][info ][safepoint    ] Application time: 0.6996615 seconds
[381.526s][info ][safepoint    ] Entering safepoint region: GenCollectForAllocation
[381.526s][info ][gc,start     ] GC(266) Pause Young (Allocation Failure)
[381.526s][info ][gc,task      ] GC(266) Using 4 workers of 4 for evacuation
[381.530s][debug][gc,ref       ] GC(266) Skipped phase1 of Reference Processing due to unavailable references
[381.530s][debug][gc,ref       ] GC(266) Skipped phase3 of Reference Processing due to unavailable references
[381.530s][debug][gc,age       ] GC(266) Desired survivor size 15400960 bytes, new threshold 6 (max threshold 6)
[381.530s][info ][gc,heap      ] GC(266) ParNew: 248504K->7668K(270976K)
[381.530s][info ][gc,heap      ] GC(266) CMS: 252104K->252472K(602112K)
[381.530s][info ][gc,metaspace ] GC(266) Metaspace: 55296K->55296K(1099776K)
[381.531s][info ][gc           ] GC(266) Pause Young (Allocation Failure) 488M->254M(852M) 4.710ms
[381.531s][info ][gc,cpu       ] GC(266) User=0.02s Sys=0.00s Real=0.01s
[381.531s][info ][safepoint    ] Leaving safepoint region
[381.531s][info ][safepoint    ] Total time for which application threads were stopped: 0.0050149 seconds, Stopping threads took: 0.0001126 seconds
[382.531s][info ][safepoint    ] Application time: 1.0000958 seconds
[382.531s][info ][safepoint    ] Entering safepoint region: Cleanup
[382.531s][info ][safepoint    ] Leaving safepoint region
[382.531s][info ][safepoint    ] Total time for which application threads were stopped: 0.0001120 seconds, Stopping threads took: 0.0000266 seconds
[383.223s][info ][safepoint    ] Application time: 0.6926198 seconds
[383.224s][info ][safepoint    ] Entering safepoint region: GenCollectForAllocation
[383.224s][info ][gc,start     ] GC(267) Pause Young (Allocation Failure)
[383.224s][info ][gc,task      ] GC(267) Using 4 workers of 4 for evacuation
[383.228s][debug][gc,ref       ] GC(267) Skipped phase1 of Reference Processing due to unavailable references
[383.228s][debug][gc,ref       ] GC(267) Skipped phase3 of Reference Processing due to unavailable references
[383.228s][debug][gc,age       ] GC(267) Desired survivor size 15400960 bytes, new threshold 6 (max threshold 6)
[383.228s][info ][gc,heap      ] GC(267) ParNew: 248564K->7313K(270976K)
[383.228s][info ][gc,heap      ] GC(267) CMS: 252472K->252688K(602112K)
[383.228s][info ][gc,metaspace ] GC(267) Metaspace: 55296K->55296K(1099776K)
[383.228s][info ][gc           ] GC(267) Pause Young (Allocation Failure) 489M->253M(852M) 4.817ms
[383.228s][info ][gc,cpu       ] GC(267) User=0.02s Sys=0.00s Real=0.00s
[383.229s][info ][safepoint    ] Leaving safepoint region
[383.229s][info ][safepoint    ] Total time for which application threads were stopped: 0.0050554 seconds, Stopping threads took: 0.0000472 seconds
[384.229s][info ][safepoint    ] Application time: 1.0000731 seconds
[384.229s][info ][safepoint    ] Entering safepoint region: Cleanup
[384.229s][info ][safepoint    ] Leaving safepoint region
[384.229s][info ][safepoint    ] Total time for which application threads were stopped: 0.0001510 seconds, Stopping threads took: 0.0000426 seconds
[384.983s][info ][safepoint    ] Application time: 0.7538230 seconds
[384.983s][info ][safepoint    ] Entering safepoint region: GenCollectForAllocation
[384.983s][info ][gc,start     ] GC(268) Pause Young (Allocation Failure)
[384.983s][info ][gc,task      ] GC(268) Using 4 workers of 4 for evacuation
[384.987s][debug][gc,ref       ] GC(268) Skipped phase1 of Reference Processing due to unavailable references
[384.987s][debug][gc,ref       ] GC(268) Skipped phase3 of Reference Processing due to unavailable references
[384.987s][debug][gc,age       ] GC(268) Desired survivor size 15400960 bytes, new threshold 6 (max threshold 6)
[384.987s][info ][gc,heap      ] GC(268) ParNew: 248209K->6085K(270976K)
[384.987s][info ][gc,heap      ] GC(268) CMS: 252688K->253162K(602112K)
[384.987s][info ][gc,metaspace ] GC(268) Metaspace: 55296K->55296K(1099776K)
[384.987s][info ][gc           ] GC(268) Pause Young (Allocation Failure) 489M->253M(852M) 4.620ms
[384.987s][info ][gc,cpu       ] GC(268) User=0.02s Sys=0.00s Real=0.00s
[384.987s][info ][safepoint    ] Leaving safepoint region
[384.987s][info ][safepoint    ] Total time for which application threads were stopped: 0.0048298 seconds, Stopping threads took: 0.0000293 seconds
[385.988s][info ][safepoint    ] Application time: 1.0001140 seconds
[385.988s][info ][safepoint    ] Entering safepoint region: Cleanup
[385.988s][info ][safepoint    ] Leaving safepoint region
[385.988s][info ][safepoint    ] Total time for which application threads were stopped: 0.0001889 seconds, Stopping threads took: 0.0000962 seconds
[386.777s][info ][safepoint    ] Application time: 0.7891028 seconds
[386.777s][info ][safepoint    ] Entering safepoint region: GenCollectForAllocation
[386.777s][info ][gc,start     ] GC(269) Pause Young (Allocation Failure)
[386.777s][info ][gc,task      ] GC(269) Using 4 workers of 4 for evacuation
[386.784s][debug][gc,ref       ] GC(269) Skipped phase1 of Reference Processing due to unavailable references
[386.784s][debug][gc,ref       ] GC(269) Skipped phase2 of Reference Processing due to unavailable references
[386.784s][debug][gc,ref       ] GC(269) Skipped phase3 of Reference Processing due to unavailable references
[386.784s][debug][gc,ref       ] GC(269) Skipped phase4 of Reference Processing due to unavailable references
[386.784s][debug][gc,age       ] GC(269) Desired survivor size 15400960 bytes, new threshold 6 (max threshold 6)
[386.784s][info ][gc,heap      ] GC(269) ParNew: 246981K->4726K(270976K)
[386.784s][info ][gc,heap      ] GC(269) CMS: 253162K->256610K(602112K)
[386.784s][info ][gc,metaspace ] GC(269) Metaspace: 55296K->55296K(1099776K)
[386.784s][info ][gc           ] GC(269) Pause Young (Allocation Failure) 488M->255M(852M) 6.884ms
[386.784s][info ][gc,cpu       ] GC(269) User=0.03s Sys=0.00s Real=0.01s
[386.784s][info ][safepoint    ] Leaving safepoint region
[386.784s][info ][safepoint    ] Total time for which application threads were stopped: 0.0071429 seconds, Stopping threads took: 0.0000669 seconds
[387.784s][info ][safepoint    ] Application time: 1.0001122 seconds
[387.784s][info ][safepoint    ] Entering safepoint region: Cleanup
[387.784s][info ][safepoint    ] Leaving safepoint region
[387.784s][info ][safepoint    ] Total time for which application threads were stopped: 0.0001279 seconds, Stopping threads took: 0.0000268 seconds
[388.276s][info ][safepoint    ] Application time: 0.4911517 seconds
[388.276s][info ][safepoint    ] Entering safepoint region: GenCollectForAllocation
[388.276s][info ][gc,start     ] GC(270) Pause Young (Allocation Failure)
[388.276s][info ][gc,task      ] GC(270) Using 4 workers of 4 for evacuation
[388.279s][debug][gc,ref       ] GC(270) Skipped phase1 of Reference Processing due to unavailable references
[388.279s][debug][gc,ref       ] GC(270) Skipped phase2 of Reference Processing due to unavailable references
[388.279s][debug][gc,ref       ] GC(270) Skipped phase3 of Reference Processing due to unavailable references
[388.279s][debug][gc,ref       ] GC(270) Skipped phase4 of Reference Processing due to unavailable references
[388.279s][debug][gc,age       ] GC(270) Desired survivor size 15400960 bytes, new threshold 6 (max threshold 6)
[388.279s][info ][gc,heap      ] GC(270) ParNew: 245622K->1883K(270976K)
[388.279s][info ][gc,heap      ] GC(270) CMS: 256610K->256628K(602112K)
[388.279s][info ][gc,metaspace ] GC(270) Metaspace: 55316K->55316K(1099776K)
[388.279s][info ][gc           ] GC(270) Pause Young (Allocation Failure) 490M->252M(852M) 3.126ms
[388.279s][info ][gc,cpu       ] GC(270) User=0.01s Sys=0.00s Real=0.00s
[388.279s][info ][safepoint    ] Leaving safepoint region
[388.279s][info ][safepoint    ] Total time for which application threads were stopped: 0.0035341 seconds, Stopping threads took: 0.0000859 seconds
[389.279s][info ][safepoint    ] Application time: 1.0001010 seconds
[389.279s][info ][safepoint    ] Entering safepoint region: Cleanup
[389.279s][info ][safepoint    ] Leaving safepoint region
[389.279s][info ][safepoint    ] Total time for which application threads were stopped: 0.0001350 seconds, Stopping threads took: 0.0000283 seconds
[390.027s][info ][safepoint    ] Application time: 0.7470714 seconds
[390.027s][info ][safepoint    ] Entering safepoint region: GenCollectForAllocation
[390.027s][info ][gc,start     ] GC(271) Pause Young (Allocation Failure)
[390.027s][info ][gc,task      ] GC(271) Using 4 workers of 4 for evacuation
[390.029s][debug][gc,ref       ] GC(271) Skipped phase1 of Reference Processing due to unavailable references
[390.029s][debug][gc,ref       ] GC(271) Skipped phase2 of Reference Processing due to unavailable references
[390.029s][debug][gc,ref       ] GC(271) Skipped phase3 of Reference Processing due to unavailable references
[390.029s][debug][gc,ref       ] GC(271) Skipped phase4 of Reference Processing due to unavailable references
[390.029s][debug][gc,age       ] GC(271) Desired survivor size 15400960 bytes, new threshold 6 (max threshold 6)
[390.029s][info ][gc,heap      ] GC(271) ParNew: 242779K->2101K(270976K)
[390.029s][info ][gc,heap      ] GC(271) CMS: 256628K->256673K(602112K)
[390.029s][info ][gc,metaspace ] GC(271) Metaspace: 55323K->55323K(1099776K)
[390.029s][info ][gc           ] GC(271) Pause Young (Allocation Failure) 487M->252M(852M) 2.697ms
[390.029s][info ][gc,cpu       ] GC(271) User=0.01s Sys=0.00s Real=0.00s
[390.029s][info ][safepoint    ] Leaving safepoint region
[390.029s][info ][safepoint    ] Total time for which application threads were stopped: 0.0029327 seconds, Stopping threads took: 0.0000381 seconds
[391.030s][info ][safepoint    ] Application time: 1.0000628 seconds
[391.030s][info ][safepoint    ] Entering safepoint region: Cleanup
[391.030s][info ][safepoint    ] Leaving safepoint region
[391.030s][info ][safepoint    ] Total time for which application threads were stopped: 0.0001121 seconds, Stopping threads took: 0.0000259 seconds
[392.030s][info ][safepoint    ] Application time: 1.0000852 seconds
[392.030s][info ][safepoint    ] Entering safepoint region: Cleanup
[392.030s][info ][safepoint    ] Leaving safepoint region
[392.030s][info ][safepoint    ] Total time for which application threads were stopped: 0.0001457 seconds, Stopping threads took: 0.0000276 seconds
[392.076s][info ][safepoint    ] Application time: 0.0460225 seconds
[392.076s][info ][safepoint    ] Entering safepoint region: GenCollectForAllocation
[392.076s][info ][gc,start     ] GC(272) Pause Young (Allocation Failure)
[392.076s][info ][gc,task      ] GC(272) Using 4 workers of 4 for evacuation
[392.079s][debug][gc,ref       ] GC(272) Skipped phase1 of Reference Processing due to unavailable references
[392.079s][debug][gc,ref       ] GC(272) Skipped phase2 of Reference Processing due to unavailable references
[392.079s][debug][gc,ref       ] GC(272) Skipped phase3 of Reference Processing due to unavailable references
[392.079s][debug][gc,ref       ] GC(272) Skipped phase4 of Reference Processing due to unavailable references
[392.079s][debug][gc,age       ] GC(272) Desired survivor size 15400960 bytes, new threshold 6 (max threshold 6)
[392.079s][info ][gc,heap      ] GC(272) ParNew: 242997K->1952K(270976K)
[392.079s][info ][gc,heap      ] GC(272) CMS: 256673K->256675K(602112K)
[392.079s][info ][gc,metaspace ] GC(272) Metaspace: 55323K->55323K(1099776K)
[392.079s][info ][gc           ] GC(272) Pause Young (Allocation Failure) 487M->252M(852M) 2.532ms
[392.079s][info ][gc,cpu       ] GC(272) User=0.01s Sys=0.00s Real=0.00s
[392.079s][info ][safepoint    ] Leaving safepoint region
[392.079s][info ][safepoint    ] Total time for which application threads were stopped: 0.0028983 seconds, Stopping threads took: 0.0001946 seconds
[393.079s][info ][safepoint    ] Application time: 1.0000530 seconds
[393.079s][info ][safepoint    ] Entering safepoint region: Cleanup
[393.079s][info ][safepoint    ] Leaving safepoint region
[393.079s][info ][safepoint    ] Total time for which application threads were stopped: 0.0001091 seconds, Stopping threads took: 0.0000271 seconds
[394.026s][info ][safepoint    ] Application time: 0.9464187 seconds
[394.026s][info ][safepoint    ] Entering safepoint region: GenCollectForAllocation
[394.026s][info ][gc,start     ] GC(273) Pause Young (Allocation Failure)
[394.026s][info ][gc,task      ] GC(273) Using 4 workers of 4 for evacuation
[394.029s][debug][gc,ref       ] GC(273) Skipped phase1 of Reference Processing due to unavailable references
[394.029s][debug][gc,ref       ] GC(273) Skipped phase2 of Reference Processing due to unavailable references
[394.029s][debug][gc,ref       ] GC(273) Skipped phase3 of Reference Processing due to unavailable references
[394.029s][debug][gc,ref       ] GC(273) Skipped phase4 of Reference Processing due to unavailable references
[394.029s][debug][gc,age       ] GC(273) Desired survivor size 15400960 bytes, new threshold 6 (max threshold 6)
[394.029s][info ][gc,heap      ] GC(273) ParNew: 242848K->2213K(270976K)
[394.029s][info ][gc,heap      ] GC(273) CMS: 256675K->256963K(602112K)
[394.029s][info ][gc,metaspace ] GC(273) Metaspace: 55323K->55323K(1099776K)
[394.029s][info ][gc           ] GC(273) Pause Young (Allocation Failure) 487M->253M(852M) 3.530ms
[394.029s][info ][gc,cpu       ] GC(273) User=0.01s Sys=0.00s Real=0.00s
[394.029s][info ][safepoint    ] Leaving safepoint region
[394.029s][info ][safepoint    ] Total time for which application threads were stopped: 0.0037451 seconds, Stopping threads took: 0.0000290 seconds
[395.029s][info ][safepoint    ] Application time: 1.0000995 seconds
[395.029s][info ][safepoint    ] Entering safepoint region: Cleanup
[395.030s][info ][safepoint    ] Leaving safepoint region
[395.030s][info ][safepoint    ] Total time for which application threads were stopped: 0.0001668 seconds, Stopping threads took: 0.0000386 seconds
[395.776s][info ][safepoint    ] Application time: 0.7468322 seconds
[395.777s][info ][safepoint    ] Entering safepoint region: GenCollectForAllocation
[395.777s][info ][gc,start     ] GC(274) Pause Young (Allocation Failure)
[395.777s][info ][gc,task      ] GC(274) Using 4 workers of 4 for evacuation
[395.779s][debug][gc,ref       ] GC(274) Skipped phase1 of Reference Processing due to unavailable references
[395.779s][debug][gc,ref       ] GC(274) Skipped phase2 of Reference Processing due to unavailable references
[395.779s][debug][gc,ref       ] GC(274) Skipped phase3 of Reference Processing due to unavailable references
[395.779s][debug][gc,ref       ] GC(274) Skipped phase4 of Reference Processing due to unavailable references
[395.780s][debug][gc,age       ] GC(274) Desired survivor size 15400960 bytes, new threshold 6 (max threshold 6)
[395.780s][info ][gc,heap      ] GC(274) ParNew: 243109K->1343K(270976K)
[395.780s][info ][gc,heap      ] GC(274) CMS: 256963K->257444K(602112K)
[395.780s][info ][gc,metaspace ] GC(274) Metaspace: 55324K->55324K(1099776K)
[395.780s][info ][gc           ] GC(274) Pause Young (Allocation Failure) 488M->252M(852M) 2.862ms
[395.780s][info ][gc,cpu       ] GC(274) User=0.01s Sys=0.00s Real=0.00s
[395.780s][info ][safepoint    ] Leaving safepoint region
[395.780s][info ][safepoint    ] Total time for which application threads were stopped: 0.0031185 seconds, Stopping threads took: 0.0000696 seconds
[396.780s][info ][safepoint    ] Application time: 1.0000638 seconds
[396.780s][info ][safepoint    ] Entering safepoint region: Cleanup
[396.780s][info ][safepoint    ] Leaving safepoint region
[396.780s][info ][safepoint    ] Total time for which application threads were stopped: 0.0001070 seconds, Stopping threads took: 0.0000276 seconds
[397.526s][info ][safepoint    ] Application time: 0.7458712 seconds
[397.526s][info ][safepoint    ] Entering safepoint region: GenCollectForAllocation
[397.526s][info ][gc,start     ] GC(275) Pause Young (Allocation Failure)
[397.526s][info ][gc,task      ] GC(275) Using 4 workers of 4 for evacuation
[397.528s][debug][gc,ref       ] GC(275) Skipped phase1 of Reference Processing due to unavailable references
[397.528s][debug][gc,ref       ] GC(275) Skipped phase3 of Reference Processing due to unavailable references
[397.528s][debug][gc,age       ] GC(275) Desired survivor size 15400960 bytes, new threshold 6 (max threshold 6)
[397.528s][info ][gc,heap      ] GC(275) ParNew: 242239K->1473K(270976K)
[397.528s][info ][gc,heap      ] GC(275) CMS: 257444K->257467K(602112K)
[397.528s][info ][gc,metaspace ] GC(275) Metaspace: 55328K->55328K(1099776K)
[397.528s][info ][gc           ] GC(275) Pause Young (Allocation Failure) 487M->252M(852M) 2.484ms
[397.528s][info ][gc,cpu       ] GC(275) User=0.01s Sys=0.00s Real=0.00s
[397.528s][info ][safepoint    ] Leaving safepoint region
[397.528s][info ][safepoint    ] Total time for which application threads were stopped: 0.0026992 seconds, Stopping threads took: 0.0000366 seconds
[398.529s][info ][safepoint    ] Application time: 1.0000878 seconds
[398.529s][info ][safepoint    ] Entering safepoint region: Cleanup
[398.529s][info ][safepoint    ] Leaving safepoint region
[398.529s][info ][safepoint    ] Total time for which application threads were stopped: 0.0001626 seconds, Stopping threads took: 0.0000550 seconds
[399.230s][info ][safepoint    ] Application time: 0.7009561 seconds
[399.230s][info ][safepoint    ] Entering safepoint region: GenCollectForAllocation
[399.230s][info ][gc,start     ] GC(276) Pause Young (Allocation Failure)
[399.230s][info ][gc,task      ] GC(276) Using 4 workers of 4 for evacuation
[399.233s][debug][gc,ref       ] GC(276) Skipped phase1 of Reference Processing due to unavailable references
[399.233s][debug][gc,ref       ] GC(276) Skipped phase3 of Reference Processing due to unavailable references
[399.233s][debug][gc,ref       ] GC(276) Skipped phase4 of Reference Processing due to unavailable references
[399.233s][debug][gc,age       ] GC(276) Desired survivor size 15400960 bytes, new threshold 6 (max threshold 6)
[399.233s][info ][gc,heap      ] GC(276) ParNew: 242369K->1218K(270976K)
[399.233s][info ][gc,heap      ] GC(276) CMS: 257467K->257470K(602112K)
[399.233s][info ][gc,metaspace ] GC(276) Metaspace: 55328K->55328K(1099776K)
[399.233s][info ][gc           ] GC(276) Pause Young (Allocation Failure) 488M->252M(852M) 2.930ms
[399.233s][info ][gc,cpu       ] GC(276) User=0.01s Sys=0.00s Real=0.00s
[399.233s][info ][safepoint    ] Leaving safepoint region
[399.233s][info ][safepoint    ] Total time for which application threads were stopped: 0.0031881 seconds, Stopping threads took: 0.0000667 seconds
[400.233s][info ][safepoint    ] Application time: 1.0000948 seconds
[400.233s][info ][safepoint    ] Entering safepoint region: Cleanup
[400.233s][info ][safepoint    ] Leaving safepoint region
[400.233s][info ][safepoint    ] Total time for which application threads were stopped: 0.0001090 seconds, Stopping threads took: 0.0000264 seconds
[401.124s][info ][safepoint    ] Application time: 0.8907946 seconds
[401.124s][info ][safepoint    ] Entering safepoint region: GenCollectForAllocation
[401.124s][info ][gc,start     ] GC(277) Pause Young (Allocation Failure)
[401.124s][info ][gc,task      ] GC(277) Using 4 workers of 4 for evacuation
[401.126s][debug][gc,ref       ] GC(277) Skipped phase1 of Reference Processing due to unavailable references
[401.126s][debug][gc,ref       ] GC(277) Skipped phase3 of Reference Processing due to unavailable references
[401.126s][debug][gc,ref       ] GC(277) Skipped phase4 of Reference Processing due to unavailable references
[401.127s][debug][gc,age       ] GC(277) Desired survivor size 15400960 bytes, new threshold 6 (max threshold 6)
[401.127s][info ][gc,heap      ] GC(277) ParNew: 242114K->1114K(270976K)
[401.127s][info ][gc,heap      ] GC(277) CMS: 257470K->257515K(602112K)
[401.127s][info ][gc,metaspace ] GC(277) Metaspace: 55330K->55330K(1099776K)
[401.127s][info ][gc           ] GC(277) Pause Young (Allocation Failure) 487M->252M(852M) 2.479ms
[401.127s][info ][gc,cpu       ] GC(277) User=0.00s Sys=0.00s Real=0.00s
[401.127s][info ][safepoint    ] Leaving safepoint region
[401.127s][info ][safepoint    ] Total time for which application threads were stopped: 0.0026749 seconds, Stopping threads took: 0.0000280 seconds
[402.127s][info ][safepoint    ] Application time: 1.0000972 seconds
[402.127s][info ][safepoint    ] Entering safepoint region: Cleanup
[402.127s][info ][safepoint    ] Leaving safepoint region
[402.127s][info ][safepoint    ] Total time for which application threads were stopped: 0.0001293 seconds, Stopping threads took: 0.0000403 seconds
[402.925s][info ][safepoint    ] Application time: 0.7979596 seconds
[402.925s][info ][safepoint    ] Entering safepoint region: GenCollectForAllocation
[402.925s][info ][gc,start     ] GC(278) Pause Young (Allocation Failure)
[402.925s][info ][gc,task      ] GC(278) Using 4 workers of 4 for evacuation
[402.927s][debug][gc,ref       ] GC(278) Skipped phase1 of Reference Processing due to unavailable references
[402.927s][debug][gc,ref       ] GC(278) Skipped phase3 of Reference Processing due to unavailable references
[402.927s][debug][gc,ref       ] GC(278) Skipped phase4 of Reference Processing due to unavailable references
[402.927s][debug][gc,age       ] GC(278) Desired survivor size 15400960 bytes, new threshold 6 (max threshold 6)
[402.928s][info ][gc,heap      ] GC(278) ParNew: 242010K->1193K(270976K)
[402.928s][info ][gc,heap      ] GC(278) CMS: 257515K->257526K(602112K)
[402.928s][info ][gc,metaspace ] GC(278) Metaspace: 55330K->55330K(1099776K)
[402.928s][info ][gc           ] GC(278) Pause Young (Allocation Failure) 487M->252M(852M) 2.430ms
[402.928s][info ][gc,cpu       ] GC(278) User=0.01s Sys=0.00s Real=0.00s
[402.928s][info ][safepoint    ] Leaving safepoint region
[402.928s][info ][safepoint    ] Total time for which application threads were stopped: 0.0026497 seconds, Stopping threads took: 0.0000437 seconds
[403.928s][info ][safepoint    ] Application time: 1.0000996 seconds
[403.928s][info ][safepoint    ] Entering safepoint region: Cleanup
[403.928s][info ][safepoint    ] Leaving safepoint region
[403.928s][info ][safepoint    ] Total time for which application threads were stopped: 0.0001598 seconds, Stopping threads took: 0.0000529 seconds
[404.774s][info ][safepoint    ] Application time: 0.8460640 seconds
[404.774s][info ][safepoint    ] Entering safepoint region: GenCollectForAllocation
[404.774s][info ][gc,start     ] GC(279) Pause Young (Allocation Failure)
[404.774s][info ][gc,task      ] GC(279) Using 4 workers of 4 for evacuation
[404.777s][debug][gc,ref       ] GC(279) Skipped phase1 of Reference Processing due to unavailable references
[404.777s][debug][gc,ref       ] GC(279) Skipped phase3 of Reference Processing due to unavailable references
[404.777s][debug][gc,age       ] GC(279) Desired survivor size 15400960 bytes, new threshold 6 (max threshold 6)
[404.777s][info ][gc,heap      ] GC(279) ParNew: 242089K->764K(270976K)
[404.777s][info ][gc,heap      ] GC(279) CMS: 257526K->258035K(602112K)
[404.777s][info ][gc,metaspace ] GC(279) Metaspace: 55465K->55465K(1099776K)
[404.777s][info ][gc           ] GC(279) Pause Young (Allocation Failure) 487M->252M(852M) 3.210ms
[404.777s][info ][gc,cpu       ] GC(279) User=0.01s Sys=0.01s Real=0.00s
[404.777s][info ][safepoint    ] Leaving safepoint region
[404.777s][info ][safepoint    ] Total time for which application threads were stopped: 0.0034832 seconds, Stopping threads took: 0.0000274 seconds
[405.658s][info ][safepoint    ] Application time: 0.8806496 seconds
[405.658s][info ][safepoint    ] Entering safepoint region: ICBufferFull
[405.658s][info ][safepoint    ] Leaving safepoint region
[405.658s][info ][safepoint    ] Total time for which application threads were stopped: 0.0002393 seconds, Stopping threads took: 0.0000289 seconds
[406.326s][info ][safepoint    ] Application time: 0.6679952 seconds
[406.326s][info ][safepoint    ] Entering safepoint region: GenCollectForAllocation
[406.327s][info ][gc,start     ] GC(280) Pause Young (Allocation Failure)
[406.327s][info ][gc,task      ] GC(280) Using 4 workers of 4 for evacuation
[406.329s][debug][gc,ref       ] GC(280) Skipped phase1 of Reference Processing due to unavailable references
[406.329s][debug][gc,ref       ] GC(280) Skipped phase3 of Reference Processing due to unavailable references
[406.329s][debug][gc,ref       ] GC(280) Skipped phase4 of Reference Processing due to unavailable references
[406.329s][debug][gc,age       ] GC(280) Desired survivor size 15400960 bytes, new threshold 6 (max threshold 6)
[406.329s][info ][gc,heap      ] GC(280) ParNew: 241660K->646K(270976K)
[406.329s][info ][gc,heap      ] GC(280) CMS: 258035K->258037K(602112K)
[406.329s][info ][gc,metaspace ] GC(280) Metaspace: 55489K->55489K(1099776K)
[406.329s][info ][gc           ] GC(280) Pause Young (Allocation Failure) 487M->252M(852M) 2.096ms
[406.329s][info ][gc,cpu       ] GC(280) User=0.01s Sys=0.00s Real=0.00s
[406.329s][info ][safepoint    ] Leaving safepoint region
[406.329s][info ][safepoint    ] Total time for which application threads were stopped: 0.0023435 seconds, Stopping threads took: 0.0000273 seconds
[407.329s][info ][safepoint    ] Application time: 1.0000783 seconds
[407.329s][info ][safepoint    ] Entering safepoint region: Cleanup
[407.329s][info ][safepoint    ] Leaving safepoint region
[407.329s][info ][safepoint    ] Total time for which application threads were stopped: 0.0001824 seconds, Stopping threads took: 0.0000633 seconds
[408.125s][info ][safepoint    ] Application time: 0.7961758 seconds
[408.125s][info ][safepoint    ] Entering safepoint region: GenCollectForAllocation
[408.126s][info ][gc,start     ] GC(281) Pause Young (Allocation Failure)
[408.126s][info ][gc,task      ] GC(281) Using 4 workers of 4 for evacuation
[408.128s][debug][gc,ref       ] GC(281) Skipped phase1 of Reference Processing due to unavailable references
[408.128s][debug][gc,ref       ] GC(281) Skipped phase3 of Reference Processing due to unavailable references
[408.128s][debug][gc,ref       ] GC(281) Skipped phase4 of Reference Processing due to unavailable references
[408.128s][debug][gc,age       ] GC(281) Desired survivor size 15400960 bytes, new threshold 6 (max threshold 6)
[408.128s][info ][gc,heap      ] GC(281) ParNew: 241542K->571K(270976K)
[408.128s][info ][gc,heap      ] GC(281) CMS: 258037K->258054K(602112K)
[408.128s][info ][gc,metaspace ] GC(281) Metaspace: 55491K->55491K(1099776K)
[408.128s][info ][gc           ] GC(281) Pause Young (Allocation Failure) 487M->252M(852M) 2.702ms
[408.128s][info ][gc,cpu       ] GC(281) User=0.00s Sys=0.00s Real=0.00s
[408.128s][info ][safepoint    ] Leaving safepoint region
[408.128s][info ][safepoint    ] Total time for which application threads were stopped: 0.0029545 seconds, Stopping threads took: 0.0000507 seconds
[409.128s][info ][safepoint    ] Application time: 1.0001059 seconds
[409.128s][info ][safepoint    ] Entering safepoint region: Cleanup
[409.129s][info ][safepoint    ] Leaving safepoint region
[409.129s][info ][safepoint    ] Total time for which application threads were stopped: 0.0001846 seconds, Stopping threads took: 0.0000831 seconds
[409.978s][info ][safepoint    ] Application time: 0.8498504 seconds
[409.978s][info ][safepoint    ] Entering safepoint region: GenCollectForAllocation
[409.979s][info ][gc,start     ] GC(282) Pause Young (Allocation Failure)
[409.979s][info ][gc,task      ] GC(282) Using 4 workers of 4 for evacuation
[409.981s][debug][gc,ref       ] GC(282) Skipped phase1 of Reference Processing due to unavailable references
[409.981s][debug][gc,ref       ] GC(282) Skipped phase3 of Reference Processing due to unavailable references
[409.981s][debug][gc,ref       ] GC(282) Skipped phase4 of Reference Processing due to unavailable references
[409.981s][debug][gc,age       ] GC(282) Desired survivor size 15400960 bytes, new threshold 6 (max threshold 6)
[409.981s][info ][gc,heap      ] GC(282) ParNew: 241467K->609K(270976K)
[409.981s][info ][gc,heap      ] GC(282) CMS: 258054K->258069K(602112K)
[409.981s][info ][gc,metaspace ] GC(282) Metaspace: 55492K->55492K(1099776K)
[409.981s][info ][gc           ] GC(282) Pause Young (Allocation Failure) 487M->252M(852M) 2.469ms
[409.981s][info ][gc,cpu       ] GC(282) User=0.00s Sys=0.00s Real=0.00s
[409.981s][info ][safepoint    ] Leaving safepoint region
[409.981s][info ][safepoint    ] Total time for which application threads were stopped: 0.0026670 seconds, Stopping threads took: 0.0000285 seconds
[410.981s][info ][safepoint    ] Application time: 1.0001241 seconds
[410.981s][info ][safepoint    ] Entering safepoint region: Cleanup
[410.981s][info ][safepoint    ] Leaving safepoint region
[410.981s][info ][safepoint    ] Total time for which application threads were stopped: 0.0001486 seconds, Stopping threads took: 0.0000437 seconds
[411.826s][info ][safepoint    ] Application time: 0.8440420 seconds
[411.826s][info ][safepoint    ] Entering safepoint region: GenCollectForAllocation
[411.826s][info ][gc,start     ] GC(283) Pause Young (Allocation Failure)
[411.826s][info ][gc,task      ] GC(283) Using 4 workers of 4 for evacuation
[411.828s][debug][gc,ref       ] GC(283) Skipped phase1 of Reference Processing due to unavailable references
[411.828s][debug][gc,ref       ] GC(283) Skipped phase3 of Reference Processing due to unavailable references
[411.828s][debug][gc,ref       ] GC(283) Skipped phase4 of Reference Processing due to unavailable references
[411.828s][debug][gc,age       ] GC(283) Desired survivor size 15400960 bytes, new threshold 6 (max threshold 6)
[411.828s][info ][gc,heap      ] GC(283) ParNew: 241505K->552K(270976K)
[411.828s][info ][gc,heap      ] GC(283) CMS: 258069K->258075K(602112K)
[411.828s][info ][gc,metaspace ] GC(283) Metaspace: 55505K->55505K(1099776K)
[411.828s][info ][gc           ] GC(283) Pause Young (Allocation Failure) 487M->252M(852M) 2.195ms
[411.828s][info ][gc,cpu       ] GC(283) User=0.01s Sys=0.00s Real=0.00s
[411.828s][info ][safepoint    ] Leaving safepoint region
[411.828s][info ][safepoint    ] Total time for which application threads were stopped: 0.0024291 seconds, Stopping threads took: 0.0000381 seconds
[412.828s][info ][safepoint    ] Application time: 1.0001405 seconds
[412.828s][info ][safepoint    ] Entering safepoint region: Cleanup
[412.828s][info ][safepoint    ] Leaving safepoint region
[412.828s][info ][safepoint    ] Total time for which application threads were stopped: 0.0001354 seconds, Stopping threads took: 0.0000369 seconds
[413.478s][info ][safepoint    ] Application time: 0.6494622 seconds
[413.478s][info ][safepoint    ] Entering safepoint region: GenCollectForAllocation
[413.478s][info ][gc,start     ] GC(284) Pause Young (Allocation Failure)
[413.478s][info ][gc,task      ] GC(284) Using 4 workers of 4 for evacuation
[413.480s][debug][gc,ref       ] GC(284) Skipped phase1 of Reference Processing due to unavailable references
[413.480s][debug][gc,ref       ] GC(284) Skipped phase3 of Reference Processing due to unavailable references
[413.480s][debug][gc,age       ] GC(284) Desired survivor size 15400960 bytes, new threshold 6 (max threshold 6)
[413.481s][info ][gc,heap      ] GC(284) ParNew: 241448K->762K(270976K)
[413.481s][info ][gc,heap      ] GC(284) CMS: 258075K->258079K(602112K)
[413.481s][info ][gc,metaspace ] GC(284) Metaspace: 55517K->55517K(1099776K)
[413.481s][info ][gc           ] GC(284) Pause Young (Allocation Failure) 487M->252M(852M) 2.557ms
[413.481s][info ][gc,cpu       ] GC(284) User=0.01s Sys=0.00s Real=0.00s
[413.481s][info ][safepoint    ] Leaving safepoint region
[413.481s][info ][safepoint    ] Total time for which application threads were stopped: 0.0027766 seconds, Stopping threads took: 0.0000274 seconds
[414.481s][info ][safepoint    ] Application time: 1.0000947 seconds
[414.481s][info ][safepoint    ] Entering safepoint region: Cleanup
[414.481s][info ][safepoint    ] Leaving safepoint region
[414.481s][info ][safepoint    ] Total time for which application threads were stopped: 0.0001454 seconds, Stopping threads took: 0.0000501 seconds
[415.128s][info ][safepoint    ] Application time: 0.6467942 seconds
[415.128s][info ][safepoint    ] Entering safepoint region: GenCollectForAllocation
[415.128s][info ][gc,start     ] GC(285) Pause Young (Allocation Failure)
[415.128s][info ][gc,task      ] GC(285) Using 4 workers of 4 for evacuation
[415.130s][debug][gc,ref       ] GC(285) Skipped phase1 of Reference Processing due to unavailable references
[415.130s][debug][gc,ref       ] GC(285) Skipped phase3 of Reference Processing due to unavailable references
[415.130s][debug][gc,ref       ] GC(285) Skipped phase4 of Reference Processing due to unavailable references
[415.130s][debug][gc,age       ] GC(285) Desired survivor size 15400960 bytes, new threshold 6 (max threshold 6)
[415.130s][info ][gc,heap      ] GC(285) ParNew: 241658K->895K(270976K)
[415.130s][info ][gc,heap      ] GC(285) CMS: 258079K->258108K(602112K)
[415.130s][info ][gc,metaspace ] GC(285) Metaspace: 55517K->55517K(1099776K)
[415.130s][info ][gc           ] GC(285) Pause Young (Allocation Failure) 488M->252M(852M) 2.225ms
[415.130s][info ][gc,cpu       ] GC(285) User=0.01s Sys=0.00s Real=0.01s
[415.130s][info ][safepoint    ] Leaving safepoint region
[415.130s][info ][safepoint    ] Total time for which application threads were stopped: 0.0024755 seconds, Stopping threads took: 0.0000466 seconds
[416.130s][info ][safepoint    ] Application time: 1.0001029 seconds
[416.130s][info ][safepoint    ] Entering safepoint region: Cleanup
[416.131s][info ][safepoint    ] Leaving safepoint region
[416.131s][info ][safepoint    ] Total time for which application threads were stopped: 0.0001885 seconds, Stopping threads took: 0.0000654 seconds
[416.876s][info ][safepoint    ] Application time: 0.7455609 seconds
[416.876s][info ][safepoint    ] Entering safepoint region: GenCollectForAllocation
[416.876s][info ][gc,start     ] GC(286) Pause Young (Allocation Failure)
[416.876s][info ][gc,task      ] GC(286) Using 4 workers of 4 for evacuation
[416.878s][debug][gc,ref       ] GC(286) Skipped phase1 of Reference Processing due to unavailable references
[416.878s][debug][gc,ref       ] GC(286) Skipped phase3 of Reference Processing due to unavailable references
[416.878s][debug][gc,ref       ] GC(286) Skipped phase4 of Reference Processing due to unavailable references
[416.879s][debug][gc,age       ] GC(286) Desired survivor size 15400960 bytes, new threshold 6 (max threshold 6)
[416.879s][info ][gc,heap      ] GC(286) ParNew: 241791K->1003K(270976K)
[416.879s][info ][gc,heap      ] GC(286) CMS: 258108K->258131K(602112K)
[416.879s][info ][gc,metaspace ] GC(286) Metaspace: 55518K->55518K(1099776K)
[416.879s][info ][gc           ] GC(286) Pause Young (Allocation Failure) 488M->253M(852M) 2.285ms
[416.879s][info ][gc,cpu       ] GC(286) User=0.01s Sys=0.00s Real=0.00s
[416.879s][info ][safepoint    ] Leaving safepoint region
[416.879s][info ][safepoint    ] Total time for which application threads were stopped: 0.0024977 seconds, Stopping threads took: 0.0000349 seconds
[417.879s][info ][safepoint    ] Application time: 1.0001033 seconds
[417.879s][info ][safepoint    ] Entering safepoint region: Cleanup
[417.879s][info ][safepoint    ] Leaving safepoint region
[417.879s][info ][safepoint    ] Total time for which application threads were stopped: 0.0002143 seconds, Stopping threads took: 0.0000685 seconds
[418.576s][info ][safepoint    ] Application time: 0.6974020 seconds
[418.576s][info ][safepoint    ] Entering safepoint region: GenCollectForAllocation
[418.577s][info ][gc,start     ] GC(287) Pause Young (Allocation Failure)
[418.577s][info ][gc,task      ] GC(287) Using 4 workers of 4 for evacuation
[418.579s][debug][gc,ref       ] GC(287) Skipped phase1 of Reference Processing due to unavailable references
[418.579s][debug][gc,ref       ] GC(287) Skipped phase2 of Reference Processing due to unavailable references
[418.579s][debug][gc,ref       ] GC(287) Skipped phase3 of Reference Processing due to unavailable references
[418.579s][debug][gc,ref       ] GC(287) Skipped phase4 of Reference Processing due to unavailable references
[418.579s][debug][gc,age       ] GC(287) Desired survivor size 15400960 bytes, new threshold 6 (max threshold 6)
[418.579s][info ][gc,heap      ] GC(287) ParNew: 241899K->725K(270976K)
[418.579s][info ][gc,heap      ] GC(287) CMS: 258131K->258158K(602112K)
[418.579s][info ][gc,metaspace ] GC(287) Metaspace: 55518K->55518K(1099776K)
[418.579s][info ][gc           ] GC(287) Pause Young (Allocation Failure) 488M->252M(852M) 2.230ms
[418.579s][info ][gc,cpu       ] GC(287) User=0.01s Sys=0.00s Real=0.00s
[418.579s][info ][safepoint    ] Leaving safepoint region
[418.579s][info ][safepoint    ] Total time for which application threads were stopped: 0.0024434 seconds, Stopping threads took: 0.0000377 seconds
[419.579s][info ][safepoint    ] Application time: 1.0000948 seconds
[419.579s][info ][safepoint    ] Entering safepoint region: Cleanup
[419.579s][info ][safepoint    ] Leaving safepoint region
[419.579s][info ][safepoint    ] Total time for which application threads were stopped: 0.0001738 seconds, Stopping threads took: 0.0000560 seconds
[420.078s][info ][safepoint    ] Application time: 0.4990217 seconds
[420.078s][info ][safepoint    ] Entering safepoint region: GenCollectForAllocation
[420.078s][info ][gc,start     ] GC(288) Pause Young (Allocation Failure)
[420.078s][info ][gc,task      ] GC(288) Using 4 workers of 4 for evacuation
[420.080s][debug][gc,ref       ] GC(288) Skipped phase1 of Reference Processing due to unavailable references
[420.080s][debug][gc,ref       ] GC(288) Skipped phase2 of Reference Processing due to unavailable references
[420.080s][debug][gc,ref       ] GC(288) Skipped phase3 of Reference Processing due to unavailable references
[420.080s][debug][gc,ref       ] GC(288) Skipped phase4 of Reference Processing due to unavailable references
[420.081s][debug][gc,age       ] GC(288) Desired survivor size 15400960 bytes, new threshold 6 (max threshold 6)
[420.081s][info ][gc,heap      ] GC(288) ParNew: 241621K->792K(270976K)
[420.081s][info ][gc,heap      ] GC(288) CMS: 258158K->258158K(602112K)
[420.081s][info ][gc,metaspace ] GC(288) Metaspace: 55518K->55518K(1099776K)
[420.081s][info ][gc           ] GC(288) Pause Young (Allocation Failure) 488M->252M(852M) 2.157ms
[420.081s][info ][gc,cpu       ] GC(288) User=0.01s Sys=0.00s Real=0.00s
[420.081s][info ][safepoint    ] Leaving safepoint region
[420.081s][info ][safepoint    ] Total time for which application threads were stopped: 0.0023548 seconds, Stopping threads took: 0.0000264 seconds
[421.081s][info ][safepoint    ] Application time: 1.0000940 seconds
[421.081s][info ][safepoint    ] Entering safepoint region: Cleanup
[421.081s][info ][safepoint    ] Leaving safepoint region
[421.081s][info ][safepoint    ] Total time for which application threads were stopped: 0.0001181 seconds, Stopping threads took: 0.0000281 seconds
[422.081s][info ][safepoint    ] Application time: 1.0000571 seconds
[422.081s][info ][safepoint    ] Entering safepoint region: Cleanup
[422.081s][info ][safepoint    ] Leaving safepoint region
[422.081s][info ][safepoint    ] Total time for which application threads were stopped: 0.0001200 seconds, Stopping threads took: 0.0000274 seconds
[423.081s][info ][safepoint    ] Application time: 1.0001273 seconds
[423.081s][info ][safepoint    ] Entering safepoint region: Cleanup
[423.081s][info ][safepoint    ] Leaving safepoint region
[423.081s][info ][safepoint    ] Total time for which application threads were stopped: 0.0001438 seconds, Stopping threads took: 0.0000375 seconds
[423.674s][info ][safepoint    ] Application time: 0.5927883 seconds
[423.674s][info ][safepoint    ] Entering safepoint region: GenCollectForAllocation
[423.674s][info ][gc,start     ] GC(289) Pause Young (Allocation Failure)
[423.674s][info ][gc,task      ] GC(289) Using 4 workers of 4 for evacuation
[423.676s][debug][gc,ref       ] GC(289) Skipped phase1 of Reference Processing due to unavailable references
[423.676s][debug][gc,ref       ] GC(289) Skipped phase2 of Reference Processing due to unavailable references
[423.676s][debug][gc,ref       ] GC(289) Skipped phase3 of Reference Processing due to unavailable references
[423.677s][debug][gc,age       ] GC(289) Desired survivor size 15400960 bytes, new threshold 6 (max threshold 6)
[423.677s][info ][gc,heap      ] GC(289) ParNew: 241688K->815K(270976K)
[423.677s][info ][gc,heap      ] GC(289) CMS: 258158K->258185K(602112K)
[423.677s][info ][gc,metaspace ] GC(289) Metaspace: 55525K->55525K(1099776K)
[423.677s][info ][gc           ] GC(289) Pause Young (Allocation Failure) 488M->252M(852M) 2.182ms
[423.677s][info ][gc,cpu       ] GC(289) User=0.01s Sys=0.00s Real=0.00s
[423.677s][info ][safepoint    ] Leaving safepoint region
[423.677s][info ][safepoint    ] Total time for which application threads were stopped: 0.0023883 seconds, Stopping threads took: 0.0000292 seconds
[424.677s][info ][safepoint    ] Application time: 1.0001262 seconds
[424.677s][info ][safepoint    ] Entering safepoint region: Cleanup
[424.677s][info ][safepoint    ] Leaving safepoint region
[424.677s][info ][safepoint    ] Total time for which application threads were stopped: 0.0001760 seconds, Stopping threads took: 0.0000597 seconds
[425.680s][info ][safepoint    ] Application time: 1.0033208 seconds
[425.680s][info ][safepoint    ] Entering safepoint region: Cleanup
[425.680s][info ][safepoint    ] Leaving safepoint region
[425.680s][info ][safepoint    ] Total time for which application threads were stopped: 0.0001164 seconds, Stopping threads took: 0.0000273 seconds
[425.727s][info ][safepoint    ] Application time: 0.0462145 seconds
[425.727s][info ][safepoint    ] Entering safepoint region: GenCollectForAllocation
[425.727s][info ][gc,start     ] GC(290) Pause Young (Allocation Failure)
[425.727s][info ][gc,task      ] GC(290) Using 4 workers of 4 for evacuation
[425.730s][debug][gc,ref       ] GC(290) Skipped phase1 of Reference Processing due to unavailable references
[425.730s][debug][gc,ref       ] GC(290) Skipped phase2 of Reference Processing due to unavailable references
[425.730s][debug][gc,ref       ] GC(290) Skipped phase3 of Reference Processing due to unavailable references
[425.730s][debug][gc,ref       ] GC(290) Skipped phase4 of Reference Processing due to unavailable references
[425.730s][debug][gc,age       ] GC(290) Desired survivor size 15400960 bytes, new threshold 6 (max threshold 6)
[425.730s][info ][gc,heap      ] GC(290) ParNew: 241711K->853K(270976K)
[425.730s][info ][gc,heap      ] GC(290) CMS: 258185K->258256K(602112K)
[425.730s][info ][gc,metaspace ] GC(290) Metaspace: 55530K->55530K(1099776K)
[425.730s][info ][gc           ] GC(290) Pause Young (Allocation Failure) 488M->253M(852M) 3.115ms
[425.730s][info ][gc,cpu       ] GC(290) User=0.01s Sys=0.00s Real=0.01s
[425.730s][info ][safepoint    ] Leaving safepoint region
[425.730s][info ][safepoint    ] Total time for which application threads were stopped: 0.0034296 seconds, Stopping threads took: 0.0000990 seconds
[426.730s][info ][safepoint    ] Application time: 1.0001027 seconds
[426.730s][info ][safepoint    ] Entering safepoint region: Cleanup
[426.730s][info ][safepoint    ] Leaving safepoint region
[426.730s][info ][safepoint    ] Total time for which application threads were stopped: 0.0001060 seconds, Stopping threads took: 0.0000264 seconds
[427.380s][info ][safepoint    ] Application time: 0.6491676 seconds
[427.380s][info ][safepoint    ] Entering safepoint region: GenCollectForAllocation
[427.380s][info ][gc,start     ] GC(291) Pause Young (Allocation Failure)
[427.380s][info ][gc,task      ] GC(291) Using 4 workers of 4 for evacuation
[427.382s][debug][gc,ref       ] GC(291) Skipped phase1 of Reference Processing due to unavailable references
[427.382s][debug][gc,ref       ] GC(291) Skipped phase2 of Reference Processing due to unavailable references
[427.382s][debug][gc,ref       ] GC(291) Skipped phase3 of Reference Processing due to unavailable references
[427.382s][debug][gc,ref       ] GC(291) Skipped phase4 of Reference Processing due to unavailable references
[427.382s][debug][gc,age       ] GC(291) Desired survivor size 15400960 bytes, new threshold 6 (max threshold 6)
[427.382s][info ][gc,heap      ] GC(291) ParNew: 241749K->901K(270976K)
[427.382s][info ][gc,heap      ] GC(291) CMS: 258256K->258262K(602112K)
[427.382s][info ][gc,metaspace ] GC(291) Metaspace: 55530K->55530K(1099776K)
[427.382s][info ][gc           ] GC(291) Pause Young (Allocation Failure) 488M->253M(852M) 2.278ms
[427.382s][info ][gc,cpu       ] GC(291) User=0.00s Sys=0.00s Real=0.01s
[427.382s][info ][safepoint    ] Leaving safepoint region
[427.382s][info ][safepoint    ] Total time for which application threads were stopped: 0.0024724 seconds, Stopping threads took: 0.0000333 seconds
[428.382s][info ][safepoint    ] Application time: 1.0000983 seconds
[428.382s][info ][safepoint    ] Entering safepoint region: Cleanup
[428.382s][info ][safepoint    ] Leaving safepoint region
[428.382s][info ][safepoint    ] Total time for which application threads were stopped: 0.0001452 seconds, Stopping threads took: 0.0000473 seconds
[429.185s][info ][safepoint    ] Application time: 0.8022884 seconds
[429.185s][info ][safepoint    ] Entering safepoint region: GenCollectForAllocation
[429.185s][info ][gc,start     ] GC(292) Pause Young (Allocation Failure)
[429.185s][info ][gc,task      ] GC(292) Using 4 workers of 4 for evacuation
[429.198s][debug][gc,ref       ] GC(292) Skipped phase1 of Reference Processing due to unavailable references
[429.198s][debug][gc,ref       ] GC(292) Skipped phase2 of Reference Processing due to unavailable references
[429.198s][debug][gc,ref       ] GC(292) Skipped phase3 of Reference Processing due to unavailable references
[429.198s][debug][gc,ref       ] GC(292) Skipped phase4 of Reference Processing due to unavailable references
[429.198s][debug][gc,age       ] GC(292) Desired survivor size 15400960 bytes, new threshold 6 (max threshold 6)
[429.198s][info ][gc,heap      ] GC(292) ParNew: 241797K->911K(270976K)
[429.198s][info ][gc,heap      ] GC(292) CMS: 258262K->258277K(602112K)
[429.198s][info ][gc,metaspace ] GC(292) Metaspace: 55531K->55531K(1099776K)
[429.198s][info ][gc           ] GC(292) Pause Young (Allocation Failure) 488M->253M(852M) 13.091ms
[429.198s][info ][gc,cpu       ] GC(292) User=0.03s Sys=0.00s Real=0.01s
[429.198s][info ][safepoint    ] Leaving safepoint region
[429.198s][info ][safepoint    ] Total time for which application threads were stopped: 0.0133236 seconds, Stopping threads took: 0.0000444 seconds
[430.198s][info ][safepoint    ] Application time: 1.0001055 seconds
[430.198s][info ][safepoint    ] Entering safepoint region: Cleanup
[430.198s][info ][safepoint    ] Leaving safepoint region
[430.198s][info ][safepoint    ] Total time for which application threads were stopped: 0.0001313 seconds, Stopping threads took: 0.0000305 seconds
[430.923s][info ][safepoint    ] Application time: 0.7245616 seconds
[430.923s][info ][safepoint    ] Entering safepoint region: GenCollectForAllocation
[430.923s][info ][gc,start     ] GC(293) Pause Young (Allocation Failure)
[430.923s][info ][gc,task      ] GC(293) Using 4 workers of 4 for evacuation
[430.930s][debug][gc,ref       ] GC(293) Skipped phase1 of Reference Processing due to unavailable references
[430.930s][debug][gc,ref       ] GC(293) Skipped phase2 of Reference Processing due to unavailable references
[430.930s][debug][gc,ref       ] GC(293) Skipped phase3 of Reference Processing due to unavailable references
[430.930s][debug][gc,ref       ] GC(293) Skipped phase4 of Reference Processing due to unavailable references
[430.930s][debug][gc,age       ] GC(293) Desired survivor size 15400960 bytes, new threshold 6 (max threshold 6)
[430.930s][info ][gc,heap      ] GC(293) ParNew: 241807K->1185K(270976K)
[430.930s][info ][gc,heap      ] GC(293) CMS: 258277K->258285K(602112K)
[430.930s][info ][gc,metaspace ] GC(293) Metaspace: 55531K->55531K(1099776K)
[430.930s][info ][gc           ] GC(293) Pause Young (Allocation Failure) 488M->253M(852M) 6.920ms
[430.930s][info ][gc,cpu       ] GC(293) User=0.01s Sys=0.00s Real=0.01s
[430.930s][info ][safepoint    ] Leaving safepoint region
[430.930s][info ][safepoint    ] Total time for which application threads were stopped: 0.0071368 seconds, Stopping threads took: 0.0000296 seconds
[431.931s][info ][safepoint    ] Application time: 1.0006549 seconds
[431.931s][info ][safepoint    ] Entering safepoint region: Cleanup
[431.931s][info ][safepoint    ] Leaving safepoint region
[431.931s][info ][safepoint    ] Total time for which application threads were stopped: 0.0003160 seconds, Stopping threads took: 0.0001465 seconds
[432.681s][info ][safepoint    ] Application time: 0.7498084 seconds
[432.681s][info ][safepoint    ] Entering safepoint region: GenCollectForAllocation
[432.681s][info ][gc,start     ] GC(294) Pause Young (Allocation Failure)
[432.681s][info ][gc,task      ] GC(294) Using 4 workers of 4 for evacuation
[432.685s][debug][gc,ref       ] GC(294) Skipped phase1 of Reference Processing due to unavailable references
[432.685s][debug][gc,ref       ] GC(294) Skipped phase2 of Reference Processing due to unavailable references
[432.685s][debug][gc,ref       ] GC(294) Skipped phase3 of Reference Processing due to unavailable references
[432.685s][debug][gc,ref       ] GC(294) Skipped phase4 of Reference Processing due to unavailable references
[432.685s][debug][gc,age       ] GC(294) Desired survivor size 15400960 bytes, new threshold 6 (max threshold 6)
[432.685s][info ][gc,heap      ] GC(294) ParNew: 242081K->821K(270976K)
[432.685s][info ][gc,heap      ] GC(294) CMS: 258285K->258312K(602112K)
[432.685s][info ][gc,metaspace ] GC(294) Metaspace: 55531K->55531K(1099776K)
[432.685s][info ][gc           ] GC(294) Pause Young (Allocation Failure) 488M->253M(852M) 4.034ms
[432.685s][info ][gc,cpu       ] GC(294) User=0.00s Sys=0.00s Real=0.01s
[432.685s][info ][safepoint    ] Leaving safepoint region
[432.685s][info ][safepoint    ] Total time for which application threads were stopped: 0.0043516 seconds, Stopping threads took: 0.0000840 seconds
[433.685s][info ][safepoint    ] Application time: 1.0001279 seconds
[433.685s][info ][safepoint    ] Entering safepoint region: Cleanup
[433.686s][info ][safepoint    ] Leaving safepoint region
[433.686s][info ][safepoint    ] Total time for which application threads were stopped: 0.0002004 seconds, Stopping threads took: 0.0000408 seconds
[434.528s][info ][safepoint    ] Application time: 0.8427136 seconds
[434.528s][info ][safepoint    ] Entering safepoint region: GenCollectForAllocation
[434.529s][info ][gc,start     ] GC(295) Pause Young (Allocation Failure)
[434.529s][info ][gc,task      ] GC(295) Using 4 workers of 4 for evacuation
[434.538s][debug][gc,ref       ] GC(295) Skipped phase1 of Reference Processing due to unavailable references
[434.538s][debug][gc,ref       ] GC(295) Skipped phase2 of Reference Processing due to unavailable references
[434.538s][debug][gc,ref       ] GC(295) Skipped phase3 of Reference Processing due to unavailable references
[434.538s][debug][gc,ref       ] GC(295) Skipped phase4 of Reference Processing due to unavailable references
[434.538s][debug][gc,age       ] GC(295) Desired survivor size 15400960 bytes, new threshold 6 (max threshold 6)
[434.538s][info ][gc,heap      ] GC(295) ParNew: 241717K->992K(270976K)
[434.538s][info ][gc,heap      ] GC(295) CMS: 258312K->258350K(602112K)
[434.538s][info ][gc,metaspace ] GC(295) Metaspace: 55531K->55531K(1099776K)
[434.538s][info ][gc           ] GC(295) Pause Young (Allocation Failure) 488M->253M(852M) 9.355ms
[434.538s][info ][gc,cpu       ] GC(295) User=0.00s Sys=0.01s Real=0.01s
[434.538s][info ][safepoint    ] Leaving safepoint region
[434.538s][info ][safepoint    ] Total time for which application threads were stopped: 0.0096484 seconds, Stopping threads took: 0.0000433 seconds
[435.540s][info ][safepoint    ] Application time: 1.0021194 seconds
[435.540s][info ][safepoint    ] Entering safepoint region: Cleanup
[435.540s][info ][safepoint    ] Leaving safepoint region
[435.540s][info ][safepoint    ] Total time for which application threads were stopped: 0.0001340 seconds, Stopping threads took: 0.0000337 seconds
[436.248s][info ][safepoint    ] Application time: 0.7076075 seconds
[436.248s][info ][safepoint    ] Entering safepoint region: GenCollectForAllocation
[436.248s][info ][gc,start     ] GC(296) Pause Young (Allocation Failure)
[436.248s][info ][gc,task      ] GC(296) Using 4 workers of 4 for evacuation
[436.258s][debug][gc,ref       ] GC(296) Skipped phase1 of Reference Processing due to unavailable references
[436.258s][debug][gc,ref       ] GC(296) Skipped phase2 of Reference Processing due to unavailable references
[436.258s][debug][gc,ref       ] GC(296) Skipped phase3 of Reference Processing due to unavailable references
[436.258s][debug][gc,ref       ] GC(296) Skipped phase4 of Reference Processing due to unavailable references
[436.258s][debug][gc,age       ] GC(296) Desired survivor size 15400960 bytes, new threshold 6 (max threshold 6)
[436.258s][info ][gc,heap      ] GC(296) ParNew: 241888K->810K(270976K)
[436.258s][info ][gc,heap      ] GC(296) CMS: 258350K->258394K(602112K)
[436.258s][info ][gc,metaspace ] GC(296) Metaspace: 55531K->55531K(1099776K)
[436.258s][info ][gc           ] GC(296) Pause Young (Allocation Failure) 488M->253M(852M) 9.612ms
[436.258s][info ][gc,cpu       ] GC(296) User=0.01s Sys=0.00s Real=0.01s
[436.258s][info ][safepoint    ] Leaving safepoint region
[436.258s][info ][safepoint    ] Total time for which application threads were stopped: 0.0099371 seconds, Stopping threads took: 0.0001093 seconds
[437.258s][info ][safepoint    ] Application time: 1.0000930 seconds
[437.258s][info ][safepoint    ] Entering safepoint region: Cleanup
[437.258s][info ][safepoint    ] Leaving safepoint region
[437.258s][info ][safepoint    ] Total time for which application threads were stopped: 0.0001211 seconds, Stopping threads took: 0.0000297 seconds
[437.926s][info ][safepoint    ] Application time: 0.6675282 seconds
[437.926s][info ][safepoint    ] Entering safepoint region: GenCollectForAllocation
[437.926s][info ][gc,start     ] GC(297) Pause Young (Allocation Failure)
[437.926s][info ][gc,task      ] GC(297) Using 4 workers of 4 for evacuation
[437.930s][debug][gc,ref       ] GC(297) Skipped phase1 of Reference Processing due to unavailable references
[437.930s][debug][gc,ref       ] GC(297) Skipped phase2 of Reference Processing due to unavailable references
[437.930s][debug][gc,ref       ] GC(297) Skipped phase3 of Reference Processing due to unavailable references
[437.930s][debug][gc,ref       ] GC(297) Skipped phase4 of Reference Processing due to unavailable references
[437.930s][debug][gc,age       ] GC(297) Desired survivor size 15400960 bytes, new threshold 6 (max threshold 6)
[437.930s][info ][gc,heap      ] GC(297) ParNew: 241706K->865K(270976K)
[437.930s][info ][gc,heap      ] GC(297) CMS: 258394K->258452K(602112K)
[437.930s][info ][gc,metaspace ] GC(297) Metaspace: 55534K->55534K(1099776K)
[437.930s][info ][gc           ] GC(297) Pause Young (Allocation Failure) 488M->253M(852M) 4.422ms
[437.930s][info ][gc,cpu       ] GC(297) User=0.01s Sys=0.00s Real=0.01s
[437.930s][info ][safepoint    ] Leaving safepoint region
[437.930s][info ][safepoint    ] Total time for which application threads were stopped: 0.0046553 seconds, Stopping threads took: 0.0000371 seconds
[438.931s][info ][safepoint    ] Application time: 1.0001066 seconds
[438.931s][info ][safepoint    ] Entering safepoint region: Cleanup
[438.931s][info ][safepoint    ] Leaving safepoint region
[438.931s][info ][safepoint    ] Total time for which application threads were stopped: 0.0004006 seconds, Stopping threads took: 0.0000273 seconds
[439.531s][info ][safepoint    ] Application time: 0.5995833 seconds
[439.531s][info ][safepoint    ] Entering safepoint region: GenCollectForAllocation
[439.531s][info ][gc,start     ] GC(298) Pause Young (Allocation Failure)
[439.531s][info ][gc,task      ] GC(298) Using 4 workers of 4 for evacuation
[439.533s][debug][gc,ref       ] GC(298) Skipped phase1 of Reference Processing due to unavailable references
[439.533s][debug][gc,ref       ] GC(298) Skipped phase2 of Reference Processing due to unavailable references
[439.533s][debug][gc,ref       ] GC(298) Skipped phase3 of Reference Processing due to unavailable references
[439.533s][debug][gc,age       ] GC(298) Desired survivor size 15400960 bytes, new threshold 6 (max threshold 6)
[439.533s][info ][gc,heap      ] GC(298) ParNew: 241761K->750K(270976K)
[439.533s][info ][gc,heap      ] GC(298) CMS: 258452K->258459K(602112K)
[439.533s][info ][gc,metaspace ] GC(298) Metaspace: 55540K->55540K(1099776K)
[439.533s][info ][gc           ] GC(298) Pause Young (Allocation Failure) 488M->253M(852M) 2.038ms
[439.533s][info ][gc,cpu       ] GC(298) User=0.00s Sys=0.00s Real=0.00s
[439.533s][info ][safepoint    ] Leaving safepoint region
[439.533s][info ][safepoint    ] Total time for which application threads were stopped: 0.0022273 seconds, Stopping threads took: 0.0000325 seconds
[440.533s][info ][safepoint    ] Application time: 1.0000976 seconds
[440.533s][info ][safepoint    ] Entering safepoint region: Cleanup
[440.533s][info ][safepoint    ] Leaving safepoint region
[440.533s][info ][safepoint    ] Total time for which application threads were stopped: 0.0001132 seconds, Stopping threads took: 0.0000309 seconds
[441.229s][info ][safepoint    ] Application time: 0.6953096 seconds
[441.229s][info ][safepoint    ] Entering safepoint region: GenCollectForAllocation
[441.229s][info ][gc,start     ] GC(299) Pause Young (Allocation Failure)
[441.229s][info ][gc,task      ] GC(299) Using 4 workers of 4 for evacuation
[441.231s][debug][gc,ref       ] GC(299) Skipped phase1 of Reference Processing due to unavailable references
[441.231s][debug][gc,ref       ] GC(299) Skipped phase2 of Reference Processing due to unavailable references
[441.231s][debug][gc,ref       ] GC(299) Skipped phase3 of Reference Processing due to unavailable references
[441.231s][debug][gc,ref       ] GC(299) Skipped phase4 of Reference Processing due to unavailable references
[441.232s][debug][gc,age       ] GC(299) Desired survivor size 15400960 bytes, new threshold 6 (max threshold 6)
[441.232s][info ][gc,heap      ] GC(299) ParNew: 241646K->497K(270976K)
[441.232s][info ][gc,heap      ] GC(299) CMS: 258459K->258757K(602112K)
[441.232s][info ][gc,metaspace ] GC(299) Metaspace: 55548K->55548K(1099776K)
[441.232s][info ][gc           ] GC(299) Pause Young (Allocation Failure) 488M->253M(852M) 2.916ms
[441.232s][info ][gc,cpu       ] GC(299) User=0.01s Sys=0.00s Real=0.01s
[441.232s][info ][safepoint    ] Leaving safepoint region
[441.232s][info ][safepoint    ] Total time for which application threads were stopped: 0.0031064 seconds, Stopping threads took: 0.0000278 seconds
[442.232s][info ][safepoint    ] Application time: 1.0000872 seconds
[442.232s][info ][safepoint    ] Entering safepoint region: Cleanup
[442.232s][info ][safepoint    ] Leaving safepoint region
[442.232s][info ][safepoint    ] Total time for which application threads were stopped: 0.0001426 seconds, Stopping threads took: 0.0000372 seconds
[442.825s][info ][safepoint    ] Application time: 0.5935345 seconds
[442.826s][info ][safepoint    ] Entering safepoint region: GenCollectForAllocation
[442.826s][info ][gc,start     ] GC(300) Pause Young (Allocation Failure)
[442.826s][info ][gc,task      ] GC(300) Using 4 workers of 4 for evacuation
[442.828s][debug][gc,ref       ] GC(300) Skipped phase1 of Reference Processing due to unavailable references
[442.828s][debug][gc,ref       ] GC(300) Skipped phase2 of Reference Processing due to unavailable references
[442.828s][debug][gc,ref       ] GC(300) Skipped phase3 of Reference Processing due to unavailable references
[442.828s][debug][gc,ref       ] GC(300) Skipped phase4 of Reference Processing due to unavailable references
[442.828s][debug][gc,age       ] GC(300) Desired survivor size 15400960 bytes, new threshold 6 (max threshold 6)
[442.828s][info ][gc,heap      ] GC(300) ParNew: 241393K->526K(270976K)
[442.828s][info ][gc,heap      ] GC(300) CMS: 258757K->258771K(602112K)
[442.828s][info ][gc,metaspace ] GC(300) Metaspace: 55551K->55551K(1099776K)
[442.828s][info ][gc           ] GC(300) Pause Young (Allocation Failure) 488M->253M(852M) 2.025ms
[442.828s][info ][gc,cpu       ] GC(300) User=0.01s Sys=0.00s Real=0.00s
[442.828s][info ][safepoint    ] Leaving safepoint region
[442.828s][info ][safepoint    ] Total time for which application threads were stopped: 0.0022399 seconds, Stopping threads took: 0.0000316 seconds
[443.828s][info ][safepoint    ] Application time: 1.0001241 seconds
[443.828s][info ][safepoint    ] Entering safepoint region: Cleanup
[443.828s][info ][safepoint    ] Leaving safepoint region
[443.828s][info ][safepoint    ] Total time for which application threads were stopped: 0.0002371 seconds, Stopping threads took: 0.0001026 seconds
[444.371s][info ][safepoint    ] Application time: 0.5429506 seconds
[444.371s][info ][safepoint    ] Entering safepoint region: GenCollectForAllocation
[444.371s][info ][gc,start     ] GC(301) Pause Young (Allocation Failure)
[444.371s][info ][gc,task      ] GC(301) Using 4 workers of 4 for evacuation
[444.374s][debug][gc,ref       ] GC(301) Skipped phase1 of Reference Processing due to unavailable references
[444.374s][debug][gc,ref       ] GC(301) Skipped phase2 of Reference Processing due to unavailable references
[444.374s][debug][gc,ref       ] GC(301) Skipped phase3 of Reference Processing due to unavailable references
[444.374s][debug][gc,ref       ] GC(301) Skipped phase4 of Reference Processing due to unavailable references
[444.374s][debug][gc,age       ] GC(301) Desired survivor size 15400960 bytes, new threshold 6 (max threshold 6)
[444.374s][info ][gc,heap      ] GC(301) ParNew: 241422K->380K(270976K)
[444.374s][info ][gc,heap      ] GC(301) CMS: 258771K->258786K(602112K)
[444.374s][info ][gc,metaspace ] GC(301) Metaspace: 55559K->55559K(1099776K)
[444.374s][info ][gc           ] GC(301) Pause Young (Allocation Failure) 488M->253M(852M) 2.571ms
[444.374s][info ][gc,cpu       ] GC(301) User=0.01s Sys=0.00s Real=0.00s
[444.374s][info ][safepoint    ] Leaving safepoint region
[444.374s][info ][safepoint    ] Total time for which application threads were stopped: 0.0027925 seconds, Stopping threads took: 0.0000302 seconds
[445.374s][info ][safepoint    ] Application time: 1.0000992 seconds
[445.374s][info ][safepoint    ] Entering safepoint region: Cleanup
[445.374s][info ][safepoint    ] Leaving safepoint region
[445.374s][info ][safepoint    ] Total time for which application threads were stopped: 0.0002026 seconds, Stopping threads took: 0.0000688 seconds
[445.833s][info ][safepoint    ] Application time: 0.4584096 seconds
[445.833s][info ][safepoint    ] Entering safepoint region: GenCollectForAllocation
[445.833s][info ][gc,start     ] GC(302) Pause Young (Allocation Failure)
[445.833s][info ][gc,task      ] GC(302) Using 4 workers of 4 for evacuation
[445.835s][debug][gc,ref       ] GC(302) Skipped phase1 of Reference Processing due to unavailable references
[445.835s][debug][gc,ref       ] GC(302) Skipped phase2 of Reference Processing due to unavailable references
[445.835s][debug][gc,ref       ] GC(302) Skipped phase3 of Reference Processing due to unavailable references
[445.835s][debug][gc,ref       ] GC(302) Skipped phase4 of Reference Processing due to unavailable references
[445.835s][debug][gc,age       ] GC(302) Desired survivor size 15400960 bytes, new threshold 6 (max threshold 6)
[445.835s][info ][gc,heap      ] GC(302) ParNew: 241276K->411K(270976K)
[445.835s][info ][gc,heap      ] GC(302) CMS: 258786K->258795K(602112K)
[445.835s][info ][gc,metaspace ] GC(302) Metaspace: 55563K->55563K(1099776K)
[445.835s][info ][gc           ] GC(302) Pause Young (Allocation Failure) 488M->253M(852M) 1.954ms
[445.835s][info ][gc,cpu       ] GC(302) User=0.01s Sys=0.00s Real=0.00s
[445.835s][info ][safepoint    ] Leaving safepoint region
[445.835s][info ][safepoint    ] Total time for which application threads were stopped: 0.0021411 seconds, Stopping threads took: 0.0000244 seconds
[446.835s][info ][safepoint    ] Application time: 1.0000976 seconds
[446.835s][info ][safepoint    ] Entering safepoint region: Cleanup
[446.835s][info ][safepoint    ] Leaving safepoint region
[446.835s][info ][safepoint    ] Total time for which application threads were stopped: 0.0001193 seconds, Stopping threads took: 0.0000271 seconds
[447.327s][info ][safepoint    ] Application time: 0.4915267 seconds
[447.327s][info ][safepoint    ] Entering safepoint region: GenCollectForAllocation
[447.327s][info ][gc,start     ] GC(303) Pause Young (Allocation Failure)
[447.327s][info ][gc,task      ] GC(303) Using 4 workers of 4 for evacuation
[447.329s][debug][gc,ref       ] GC(303) Skipped phase1 of Reference Processing due to unavailable references
[447.329s][debug][gc,ref       ] GC(303) Skipped phase2 of Reference Processing due to unavailable references
[447.329s][debug][gc,ref       ] GC(303) Skipped phase3 of Reference Processing due to unavailable references
[447.329s][debug][gc,ref       ] GC(303) Skipped phase4 of Reference Processing due to unavailable references
[447.329s][debug][gc,age       ] GC(303) Desired survivor size 15400960 bytes, new threshold 6 (max threshold 6)
[447.329s][info ][gc,heap      ] GC(303) ParNew: 241307K->445K(270976K)
[447.329s][info ][gc,heap      ] GC(303) CMS: 258795K->258797K(602112K)
[447.329s][info ][gc,metaspace ] GC(303) Metaspace: 55567K->55567K(1099776K)
[447.329s][info ][gc           ] GC(303) Pause Young (Allocation Failure) 488M->253M(852M) 2.401ms
[447.329s][info ][gc,cpu       ] GC(303) User=0.01s Sys=0.00s Real=0.00s
[447.329s][info ][safepoint    ] Leaving safepoint region
[447.329s][info ][safepoint    ] Total time for which application threads were stopped: 0.0026149 seconds, Stopping threads took: 0.0000398 seconds
[448.329s][info ][safepoint    ] Application time: 1.0000930 seconds
[448.330s][info ][safepoint    ] Entering safepoint region: Cleanup
[448.330s][info ][safepoint    ] Leaving safepoint region
[448.330s][info ][safepoint    ] Total time for which application threads were stopped: 0.0002353 seconds, Stopping threads took: 0.0001351 seconds
[448.726s][info ][safepoint    ] Application time: 0.3958849 seconds
[448.726s][info ][safepoint    ] Entering safepoint region: GenCollectForAllocation
[448.726s][info ][gc,start     ] GC(304) Pause Young (Allocation Failure)
[448.726s][info ][gc,task      ] GC(304) Using 4 workers of 4 for evacuation
[448.728s][debug][gc,ref       ] GC(304) Skipped phase1 of Reference Processing due to unavailable references
[448.728s][debug][gc,ref       ] GC(304) Skipped phase2 of Reference Processing due to unavailable references
[448.728s][debug][gc,ref       ] GC(304) Skipped phase3 of Reference Processing due to unavailable references
[448.728s][debug][gc,ref       ] GC(304) Skipped phase4 of Reference Processing due to unavailable references
[448.728s][debug][gc,age       ] GC(304) Desired survivor size 15400960 bytes, new threshold 6 (max threshold 6)
[448.728s][info ][gc,heap      ] GC(304) ParNew: 241341K->619K(270976K)
[448.728s][info ][gc,heap      ] GC(304) CMS: 258797K->258805K(602112K)
[448.728s][info ][gc,metaspace ] GC(304) Metaspace: 55572K->55572K(1099776K)
[448.728s][info ][gc           ] GC(304) Pause Young (Allocation Failure) 488M->253M(852M) 2.473ms
[448.728s][info ][gc,cpu       ] GC(304) User=0.01s Sys=0.00s Real=0.00s
[448.728s][info ][safepoint    ] Leaving safepoint region
[448.728s][info ][safepoint    ] Total time for which application threads were stopped: 0.0026924 seconds, Stopping threads took: 0.0000371 seconds
[449.728s][info ][safepoint    ] Application time: 1.0000996 seconds
[449.729s][info ][safepoint    ] Entering safepoint region: Cleanup
[449.729s][info ][safepoint    ] Leaving safepoint region
[449.729s][info ][safepoint    ] Total time for which application threads were stopped: 0.0004738 seconds, Stopping threads took: 0.0003681 seconds
[450.371s][info ][safepoint    ] Application time: 0.6424435 seconds
[450.371s][info ][safepoint    ] Entering safepoint region: GenCollectForAllocation
[450.372s][info ][gc,start     ] GC(305) Pause Young (Allocation Failure)
[450.372s][info ][gc,task      ] GC(305) Using 4 workers of 4 for evacuation
[450.374s][debug][gc,ref       ] GC(305) Skipped phase1 of Reference Processing due to unavailable references
[450.374s][debug][gc,ref       ] GC(305) Skipped phase2 of Reference Processing due to unavailable references
[450.374s][debug][gc,ref       ] GC(305) Skipped phase3 of Reference Processing due to unavailable references
[450.374s][debug][gc,ref       ] GC(305) Skipped phase4 of Reference Processing due to unavailable references
[450.374s][debug][gc,age       ] GC(305) Desired survivor size 15400960 bytes, new threshold 6 (max threshold 6)
[450.374s][info ][gc,heap      ] GC(305) ParNew: 241515K->674K(270976K)
[450.374s][info ][gc,heap      ] GC(305) CMS: 258805K->258805K(602112K)
[450.374s][info ][gc,metaspace ] GC(305) Metaspace: 55573K->55573K(1099776K)
[450.374s][info ][gc           ] GC(305) Pause Young (Allocation Failure) 488M->253M(852M) 2.133ms
[450.374s][info ][gc,cpu       ] GC(305) User=0.01s Sys=0.01s Real=0.00s
[450.374s][info ][safepoint    ] Leaving safepoint region
[450.374s][info ][safepoint    ] Total time for which application threads were stopped: 0.0023516 seconds, Stopping threads took: 0.0000373 seconds
[451.374s][info ][safepoint    ] Application time: 1.0001016 seconds
[451.374s][info ][safepoint    ] Entering safepoint region: Cleanup
[451.374s][info ][safepoint    ] Leaving safepoint region
[451.374s][info ][safepoint    ] Total time for which application threads were stopped: 0.0001862 seconds, Stopping threads took: 0.0000835 seconds
[451.976s][info ][safepoint    ] Application time: 0.6023581 seconds
[451.977s][info ][safepoint    ] Entering safepoint region: GenCollectForAllocation
[451.977s][info ][gc,start     ] GC(306) Pause Young (Allocation Failure)
[451.977s][info ][gc,task      ] GC(306) Using 4 workers of 4 for evacuation
[451.980s][debug][gc,ref       ] GC(306) Skipped phase1 of Reference Processing due to unavailable references
[451.980s][debug][gc,ref       ] GC(306) Skipped phase2 of Reference Processing due to unavailable references
[451.980s][debug][gc,ref       ] GC(306) Skipped phase3 of Reference Processing due to unavailable references
[451.980s][debug][gc,ref       ] GC(306) Skipped phase4 of Reference Processing due to unavailable references
[451.980s][debug][gc,age       ] GC(306) Desired survivor size 15400960 bytes, new threshold 6 (max threshold 6)
[451.980s][info ][gc,heap      ] GC(306) ParNew: 241570K->725K(270976K)
[451.980s][info ][gc,heap      ] GC(306) CMS: 258805K->258805K(602112K)
[451.980s][info ][gc,metaspace ] GC(306) Metaspace: 55573K->55573K(1099776K)
[451.980s][info ][gc           ] GC(306) Pause Young (Allocation Failure) 488M->253M(852M) 3.005ms
[451.980s][info ][gc,cpu       ] GC(306) User=0.01s Sys=0.00s Real=0.00s
[451.980s][info ][safepoint    ] Leaving safepoint region
[451.980s][info ][safepoint    ] Total time for which application threads were stopped: 0.0032936 seconds, Stopping threads took: 0.0001059 seconds
[452.980s][info ][safepoint    ] Application time: 1.0000668 seconds
[452.980s][info ][safepoint    ] Entering safepoint region: Cleanup
[452.980s][info ][safepoint    ] Leaving safepoint region
[452.980s][info ][safepoint    ] Total time for which application threads were stopped: 0.0001350 seconds, Stopping threads took: 0.0000300 seconds
[453.735s][info ][safepoint    ] Application time: 0.7546210 seconds
[453.735s][info ][safepoint    ] Entering safepoint region: GenCollectForAllocation
[453.735s][info ][gc,start     ] GC(307) Pause Young (Allocation Failure)
[453.735s][info ][gc,task      ] GC(307) Using 4 workers of 4 for evacuation
[453.737s][debug][gc,ref       ] GC(307) Skipped phase1 of Reference Processing due to unavailable references
[453.737s][debug][gc,ref       ] GC(307) Skipped phase2 of Reference Processing due to unavailable references
[453.737s][debug][gc,ref       ] GC(307) Skipped phase3 of Reference Processing due to unavailable references
[453.737s][debug][gc,ref       ] GC(307) Skipped phase4 of Reference Processing due to unavailable references
[453.737s][debug][gc,age       ] GC(307) Desired survivor size 15400960 bytes, new threshold 6 (max threshold 6)
[453.737s][info ][gc,heap      ] GC(307) ParNew: 241621K->661K(270976K)
[453.737s][info ][gc,heap      ] GC(307) CMS: 258805K->258818K(602112K)
[453.737s][info ][gc,metaspace ] GC(307) Metaspace: 55573K->55573K(1099776K)
[453.737s][info ][gc           ] GC(307) Pause Young (Allocation Failure) 488M->253M(852M) 1.983ms
[453.737s][info ][gc,cpu       ] GC(307) User=0.00s Sys=0.00s Real=0.00s
[453.737s][info ][safepoint    ] Leaving safepoint region
[453.737s][info ][safepoint    ] Total time for which application threads were stopped: 0.0022363 seconds, Stopping threads took: 0.0000808 seconds
[454.737s][info ][safepoint    ] Application time: 1.0001033 seconds
[454.737s][info ][safepoint    ] Entering safepoint region: Cleanup
[454.737s][info ][safepoint    ] Leaving safepoint region
[454.737s][info ][safepoint    ] Total time for which application threads were stopped: 0.0001151 seconds, Stopping threads took: 0.0000276 seconds
[455.195s][info ][safepoint    ] Application time: 0.4577454 seconds
[455.195s][info ][safepoint    ] Entering safepoint region: Deoptimize
[455.197s][info ][safepoint    ] Leaving safepoint region
[455.197s][info ][safepoint    ] Total time for which application threads were stopped: 0.0016747 seconds, Stopping threads took: 0.0000268 seconds
[455.198s][info ][safepoint    ] Application time: 0.0012054 seconds
[455.198s][info ][safepoint    ] Entering safepoint region: Deoptimize
[455.199s][info ][safepoint    ] Leaving safepoint region
[455.199s][info ][safepoint    ] Total time for which application threads were stopped: 0.0006677 seconds, Stopping threads took: 0.0000138 seconds
[455.527s][info ][safepoint    ] Application time: 0.3286831 seconds
[455.527s][info ][safepoint    ] Entering safepoint region: GenCollectForAllocation
[455.527s][info ][gc,start     ] GC(308) Pause Young (Allocation Failure)
[455.527s][info ][gc,task      ] GC(308) Using 4 workers of 4 for evacuation
[455.530s][debug][gc,ref       ] GC(308) Skipped phase1 of Reference Processing due to unavailable references
[455.530s][debug][gc,ref       ] GC(308) Skipped phase3 of Reference Processing due to unavailable references
[455.530s][debug][gc,age       ] GC(308) Desired survivor size 15400960 bytes, new threshold 6 (max threshold 6)
[455.530s][info ][gc,heap      ] GC(308) ParNew: 241557K->972K(270976K)
[455.530s][info ][gc,heap      ] GC(308) CMS: 258818K->258821K(602112K)
[455.530s][info ][gc,metaspace ] GC(308) Metaspace: 55707K->55707K(1099776K)
[455.530s][info ][gc           ] GC(308) Pause Young (Allocation Failure) 488M->253M(852M) 2.527ms
[455.530s][info ][gc,cpu       ] GC(308) User=0.01s Sys=0.00s Real=0.01s
[455.530s][info ][safepoint    ] Leaving safepoint region
[455.530s][info ][safepoint    ] Total time for which application threads were stopped: 0.0027479 seconds, Stopping threads took: 0.0000388 seconds
[456.530s][info ][safepoint    ] Application time: 1.0000960 seconds
[456.530s][info ][safepoint    ] Entering safepoint region: Cleanup
[456.530s][info ][safepoint    ] Leaving safepoint region
[456.530s][info ][safepoint    ] Total time for which application threads were stopped: 0.0002236 seconds, Stopping threads took: 0.0000394 seconds
[457.225s][info ][safepoint    ] Application time: 0.6946896 seconds
[457.225s][info ][safepoint    ] Entering safepoint region: GenCollectForAllocation
[457.225s][info ][gc,start     ] GC(309) Pause Young (Allocation Failure)
[457.225s][info ][gc,task      ] GC(309) Using 4 workers of 4 for evacuation
[457.228s][debug][gc,ref       ] GC(309) Skipped phase1 of Reference Processing due to unavailable references
[457.228s][debug][gc,ref       ] GC(309) Skipped phase3 of Reference Processing due to unavailable references
[457.228s][debug][gc,ref       ] GC(309) Skipped phase4 of Reference Processing due to unavailable references
[457.228s][debug][gc,age       ] GC(309) Desired survivor size 15400960 bytes, new threshold 6 (max threshold 6)
[457.228s][info ][gc,heap      ] GC(309) ParNew: 241868K->903K(270976K)
[457.228s][info ][gc,heap      ] GC(309) CMS: 258821K->258843K(602112K)
[457.228s][info ][gc,metaspace ] GC(309) Metaspace: 55707K->55707K(1099776K)
[457.228s][info ][gc           ] GC(309) Pause Young (Allocation Failure) 488M->253M(852M) 2.919ms
[457.228s][info ][gc,cpu       ] GC(309) User=0.01s Sys=0.00s Real=0.00s
[457.229s][info ][safepoint    ] Leaving safepoint region
[457.229s][info ][safepoint    ] Total time for which application threads were stopped: 0.0035376 seconds, Stopping threads took: 0.0000371 seconds
[458.229s][info ][safepoint    ] Application time: 1.0001023 seconds
[458.229s][info ][safepoint    ] Entering safepoint region: Cleanup
[458.229s][info ][safepoint    ] Leaving safepoint region
[458.229s][info ][safepoint    ] Total time for which application threads were stopped: 0.0001320 seconds, Stopping threads took: 0.0000377 seconds
[458.879s][info ][safepoint    ] Application time: 0.6499229 seconds
[458.879s][info ][safepoint    ] Entering safepoint region: GenCollectForAllocation
[458.879s][info ][gc,start     ] GC(310) Pause Young (Allocation Failure)
[458.879s][info ][gc,task      ] GC(310) Using 4 workers of 4 for evacuation
[458.881s][debug][gc,ref       ] GC(310) Skipped phase1 of Reference Processing due to unavailable references
[458.881s][debug][gc,ref       ] GC(310) Skipped phase3 of Reference Processing due to unavailable references
[458.881s][debug][gc,ref       ] GC(310) Skipped phase4 of Reference Processing due to unavailable references
[458.881s][debug][gc,age       ] GC(310) Desired survivor size 15400960 bytes, new threshold 6 (max threshold 6)
[458.881s][info ][gc,heap      ] GC(310) ParNew: 241799K->1128K(270976K)
[458.881s][info ][gc,heap      ] GC(310) CMS: 258843K->258875K(602112K)
[458.881s][info ][gc,metaspace ] GC(310) Metaspace: 55707K->55707K(1099776K)
[458.881s][info ][gc           ] GC(310) Pause Young (Allocation Failure) 488M->253M(852M) 2.265ms
[458.881s][info ][gc,cpu       ] GC(310) User=0.01s Sys=0.00s Real=0.00s
[458.881s][info ][safepoint    ] Leaving safepoint region
[458.881s][info ][safepoint    ] Total time for which application threads were stopped: 0.0024741 seconds, Stopping threads took: 0.0000426 seconds
[459.882s][info ][safepoint    ] Application time: 1.0001020 seconds
[459.882s][info ][safepoint    ] Entering safepoint region: Cleanup
[459.882s][info ][safepoint    ] Leaving safepoint region
[459.882s][info ][safepoint    ] Total time for which application threads were stopped: 0.0001471 seconds, Stopping threads took: 0.0000536 seconds
[460.678s][info ][safepoint    ] Application time: 0.7966215 seconds
[460.678s][info ][safepoint    ] Entering safepoint region: GenCollectForAllocation
[460.679s][info ][gc,start     ] GC(311) Pause Young (Allocation Failure)
[460.679s][info ][gc,task      ] GC(311) Using 4 workers of 4 for evacuation
[460.681s][debug][gc,ref       ] GC(311) Skipped phase1 of Reference Processing due to unavailable references
[460.681s][debug][gc,ref       ] GC(311) Skipped phase3 of Reference Processing due to unavailable references
[460.681s][debug][gc,ref       ] GC(311) Skipped phase4 of Reference Processing due to unavailable references
[460.681s][debug][gc,age       ] GC(311) Desired survivor size 15400960 bytes, new threshold 6 (max threshold 6)
[460.681s][info ][gc,heap      ] GC(311) ParNew: 242024K->893K(270976K)
[460.681s][info ][gc,heap      ] GC(311) CMS: 258875K->258884K(602112K)
[460.681s][info ][gc,metaspace ] GC(311) Metaspace: 55707K->55707K(1099776K)
[460.681s][info ][gc           ] GC(311) Pause Young (Allocation Failure) 489M->253M(852M) 2.315ms
[460.681s][info ][gc,cpu       ] GC(311) User=0.01s Sys=0.00s Real=0.00s
[460.681s][info ][safepoint    ] Leaving safepoint region
[460.681s][info ][safepoint    ] Total time for which application threads were stopped: 0.0025238 seconds, Stopping threads took: 0.0000373 seconds
[461.681s][info ][safepoint    ] Application time: 1.0000546 seconds
[461.681s][info ][safepoint    ] Entering safepoint region: Cleanup
[461.681s][info ][safepoint    ] Leaving safepoint region
[461.681s][info ][safepoint    ] Total time for which application threads were stopped: 0.0001373 seconds, Stopping threads took: 0.0000259 seconds
[462.476s][info ][safepoint    ] Application time: 0.7947860 seconds
[462.476s][info ][safepoint    ] Entering safepoint region: GenCollectForAllocation
[462.476s][info ][gc,start     ] GC(312) Pause Young (Allocation Failure)
[462.476s][info ][gc,task      ] GC(312) Using 4 workers of 4 for evacuation
[462.479s][debug][gc,ref       ] GC(312) Skipped phase1 of Reference Processing due to unavailable references
[462.479s][debug][gc,ref       ] GC(312) Skipped phase3 of Reference Processing due to unavailable references
[462.479s][debug][gc,ref       ] GC(312) Skipped phase4 of Reference Processing due to unavailable references
[462.479s][debug][gc,age       ] GC(312) Desired survivor size 15400960 bytes, new threshold 6 (max threshold 6)
[462.479s][info ][gc,heap      ] GC(312) ParNew: 241789K->1035K(270976K)
[462.479s][info ][gc,heap      ] GC(312) CMS: 258884K->258916K(602112K)
[462.479s][info ][gc,metaspace ] GC(312) Metaspace: 55708K->55708K(1099776K)
[462.479s][info ][gc           ] GC(312) Pause Young (Allocation Failure) 488M->253M(852M) 2.995ms
[462.479s][info ][gc,cpu       ] GC(312) User=0.01s Sys=0.00s Real=0.00s
[462.479s][info ][safepoint    ] Leaving safepoint region
[462.479s][info ][safepoint    ] Total time for which application threads were stopped: 0.0032325 seconds, Stopping threads took: 0.0000702 seconds
[463.480s][info ][safepoint    ] Application time: 1.0011652 seconds
[463.480s][info ][safepoint    ] Entering safepoint region: Cleanup
[463.481s][info ][safepoint    ] Leaving safepoint region
[463.481s][info ][safepoint    ] Total time for which application threads were stopped: 0.0001352 seconds, Stopping threads took: 0.0000281 seconds
[464.078s][info ][safepoint    ] Application time: 0.5970156 seconds
[464.078s][info ][safepoint    ] Entering safepoint region: GenCollectForAllocation
[464.078s][info ][gc,start     ] GC(313) Pause Young (Allocation Failure)
[464.078s][info ][gc,task      ] GC(313) Using 4 workers of 4 for evacuation
[464.080s][debug][gc,ref       ] GC(313) Skipped phase1 of Reference Processing due to unavailable references
[464.080s][debug][gc,ref       ] GC(313) Skipped phase3 of Reference Processing due to unavailable references
[464.080s][debug][gc,ref       ] GC(313) Skipped phase4 of Reference Processing due to unavailable references
[464.080s][debug][gc,age       ] GC(313) Desired survivor size 15400960 bytes, new threshold 6 (max threshold 6)
[464.080s][info ][gc,heap      ] GC(313) ParNew: 241931K->1037K(270976K)
[464.080s][info ][gc,heap      ] GC(313) CMS: 258916K->258916K(602112K)
[464.080s][info ][gc,metaspace ] GC(313) Metaspace: 55708K->55708K(1099776K)
[464.080s][info ][gc           ] GC(313) Pause Young (Allocation Failure) 489M->253M(852M) 2.191ms
[464.080s][info ][gc,cpu       ] GC(313) User=0.01s Sys=0.00s Real=0.00s
[464.080s][info ][safepoint    ] Leaving safepoint region
[464.080s][info ][safepoint    ] Total time for which application threads were stopped: 0.0024083 seconds, Stopping threads took: 0.0000282 seconds
[465.080s][info ][safepoint    ] Application time: 1.0000782 seconds
[465.080s][info ][safepoint    ] Entering safepoint region: Cleanup
[465.080s][info ][safepoint    ] Leaving safepoint region
[465.080s][info ][safepoint    ] Total time for which application threads were stopped: 0.0001610 seconds, Stopping threads took: 0.0000526 seconds
[465.677s][info ][safepoint    ] Application time: 0.5965994 seconds
[465.677s][info ][safepoint    ] Entering safepoint region: GenCollectForAllocation
[465.677s][info ][gc,start     ] GC(314) Pause Young (Allocation Failure)
[465.677s][info ][gc,task      ] GC(314) Using 4 workers of 4 for evacuation
[465.680s][debug][gc,ref       ] GC(314) Skipped phase1 of Reference Processing due to unavailable references
[465.680s][debug][gc,ref       ] GC(314) Skipped phase2 of Reference Processing due to unavailable references
[465.680s][debug][gc,ref       ] GC(314) Skipped phase3 of Reference Processing due to unavailable references
[465.680s][debug][gc,ref       ] GC(314) Skipped phase4 of Reference Processing due to unavailable references
[465.680s][debug][gc,age       ] GC(314) Desired survivor size 15400960 bytes, new threshold 6 (max threshold 6)
[465.680s][info ][gc,heap      ] GC(314) ParNew: 241933K->608K(270976K)
[465.680s][info ][gc,heap      ] GC(314) CMS: 258916K->259330K(602112K)
[465.680s][info ][gc,metaspace ] GC(314) Metaspace: 55709K->55709K(1099776K)
[465.680s][info ][gc           ] GC(314) Pause Young (Allocation Failure) 489M->253M(852M) 2.817ms
[465.680s][info ][gc,cpu       ] GC(314) User=0.00s Sys=0.01s Real=0.00s
[465.680s][info ][safepoint    ] Leaving safepoint region
[465.680s][info ][safepoint    ] Total time for which application threads were stopped: 0.0030392 seconds, Stopping threads took: 0.0000385 seconds
[466.680s][info ][safepoint    ] Application time: 1.0000963 seconds
[466.680s][info ][safepoint    ] Entering safepoint region: Cleanup
[466.680s][info ][safepoint    ] Leaving safepoint region
[466.680s][info ][safepoint    ] Total time for which application threads were stopped: 0.0001076 seconds, Stopping threads took: 0.0000273 seconds
[467.327s][info ][safepoint    ] Application time: 0.6463033 seconds
[467.327s][info ][safepoint    ] Entering safepoint region: GenCollectForAllocation
[467.327s][info ][gc,start     ] GC(315) Pause Young (Allocation Failure)
[467.327s][info ][gc,task      ] GC(315) Using 4 workers of 4 for evacuation
[467.329s][debug][gc,ref       ] GC(315) Skipped phase1 of Reference Processing due to unavailable references
[467.329s][debug][gc,ref       ] GC(315) Skipped phase2 of Reference Processing due to unavailable references
[467.329s][debug][gc,ref       ] GC(315) Skipped phase3 of Reference Processing due to unavailable references
[467.329s][debug][gc,ref       ] GC(315) Skipped phase4 of Reference Processing due to unavailable references
[467.329s][debug][gc,age       ] GC(315) Desired survivor size 15400960 bytes, new threshold 6 (max threshold 6)
[467.329s][info ][gc,heap      ] GC(315) ParNew: 241504K->440K(270976K)
[467.329s][info ][gc,heap      ] GC(315) CMS: 259330K->259340K(602112K)
[467.329s][info ][gc,metaspace ] GC(315) Metaspace: 55709K->55709K(1099776K)
[467.329s][info ][gc           ] GC(315) Pause Young (Allocation Failure) 489M->253M(852M) 2.111ms
[467.329s][info ][gc,cpu       ] GC(315) User=0.01s Sys=0.00s Real=0.00s
[467.329s][info ][safepoint    ] Leaving safepoint region
[467.329s][info ][safepoint    ] Total time for which application threads were stopped: 0.0023795 seconds, Stopping threads took: 0.0000975 seconds
[468.329s][info ][safepoint    ] Application time: 1.0001096 seconds
[468.329s][info ][safepoint    ] Entering safepoint region: Cleanup
[468.329s][info ][safepoint    ] Leaving safepoint region
[468.329s][info ][safepoint    ] Total time for which application threads were stopped: 0.0001314 seconds, Stopping threads took: 0.0000378 seconds
[469.123s][info ][safepoint    ] Application time: 0.7932960 seconds
[469.123s][info ][safepoint    ] Entering safepoint region: GenCollectForAllocation
[469.123s][info ][gc,start     ] GC(316) Pause Young (Allocation Failure)
[469.123s][info ][gc,task      ] GC(316) Using 4 workers of 4 for evacuation
[469.125s][debug][gc,ref       ] GC(316) Skipped phase1 of Reference Processing due to unavailable references
[469.125s][debug][gc,ref       ] GC(316) Skipped phase2 of Reference Processing due to unavailable references
[469.125s][debug][gc,ref       ] GC(316) Skipped phase3 of Reference Processing due to unavailable references
[469.125s][debug][gc,ref       ] GC(316) Skipped phase4 of Reference Processing due to unavailable references
[469.125s][debug][gc,age       ] GC(316) Desired survivor size 15400960 bytes, new threshold 6 (max threshold 6)
[469.125s][info ][gc,heap      ] GC(316) ParNew: 241336K->424K(270976K)
[469.125s][info ][gc,heap      ] GC(316) CMS: 259340K->259348K(602112K)
[469.125s][info ][gc,metaspace ] GC(316) Metaspace: 55709K->55709K(1099776K)
[469.125s][info ][gc           ] GC(316) Pause Young (Allocation Failure) 488M->253M(852M) 2.158ms
[469.125s][info ][gc,cpu       ] GC(316) User=0.00s Sys=0.00s Real=0.00s
[469.125s][info ][safepoint    ] Leaving safepoint region
[469.125s][info ][safepoint    ] Total time for which application threads were stopped: 0.0023679 seconds, Stopping threads took: 0.0000430 seconds
[470.125s][info ][safepoint    ] Application time: 1.0003884 seconds
[470.126s][info ][safepoint    ] Entering safepoint region: Cleanup
[470.126s][info ][safepoint    ] Leaving safepoint region
[470.126s][info ][safepoint    ] Total time for which application threads were stopped: 0.0004727 seconds, Stopping threads took: 0.0001861 seconds
[470.775s][info ][safepoint    ] Application time: 0.6494790 seconds
[470.775s][info ][safepoint    ] Entering safepoint region: GenCollectForAllocation
[470.776s][info ][gc,start     ] GC(317) Pause Young (Allocation Failure)
[470.776s][info ][gc,task      ] GC(317) Using 4 workers of 4 for evacuation
[470.779s][debug][gc,ref       ] GC(317) Skipped phase1 of Reference Processing due to unavailable references
[470.779s][debug][gc,ref       ] GC(317) Skipped phase2 of Reference Processing due to unavailable references
[470.779s][debug][gc,ref       ] GC(317) Skipped phase3 of Reference Processing due to unavailable references
[470.779s][debug][gc,ref       ] GC(317) Skipped phase4 of Reference Processing due to unavailable references
[470.779s][debug][gc,age       ] GC(317) Desired survivor size 15400960 bytes, new threshold 6 (max threshold 6)
[470.779s][info ][gc,heap      ] GC(317) ParNew: 241320K->444K(270976K)
[470.779s][info ][gc,heap      ] GC(317) CMS: 259348K->259349K(602112K)
[470.779s][info ][gc,metaspace ] GC(317) Metaspace: 55709K->55709K(1099776K)
[470.780s][info ][gc           ] GC(317) Pause Young (Allocation Failure) 488M->253M(852M) 3.960ms
[470.780s][info ][gc,cpu       ] GC(317) User=0.01s Sys=0.00s Real=0.00s
[470.780s][info ][safepoint    ] Leaving safepoint region
[470.780s][info ][safepoint    ] Total time for which application threads were stopped: 0.0041832 seconds, Stopping threads took: 0.0000304 seconds
[471.780s][info ][safepoint    ] Application time: 1.0000662 seconds
[471.780s][info ][safepoint    ] Entering safepoint region: Cleanup
[471.780s][info ][safepoint    ] Leaving safepoint region
[471.780s][info ][safepoint    ] Total time for which application threads were stopped: 0.0001488 seconds, Stopping threads took: 0.0000370 seconds
[472.476s][info ][safepoint    ] Application time: 0.6964025 seconds
[472.476s][info ][safepoint    ] Entering safepoint region: GenCollectForAllocation
[472.476s][info ][gc,start     ] GC(318) Pause Young (Allocation Failure)
[472.476s][info ][gc,task      ] GC(318) Using 4 workers of 4 for evacuation
[472.479s][debug][gc,ref       ] GC(318) Skipped phase1 of Reference Processing due to unavailable references
[472.479s][debug][gc,ref       ] GC(318) Skipped phase2 of Reference Processing due to unavailable references
[472.479s][debug][gc,ref       ] GC(318) Skipped phase3 of Reference Processing due to unavailable references
[472.479s][debug][gc,ref       ] GC(318) Skipped phase4 of Reference Processing due to unavailable references
[472.479s][debug][gc,age       ] GC(318) Desired survivor size 15400960 bytes, new threshold 6 (max threshold 6)
[472.479s][info ][gc,heap      ] GC(318) ParNew: 241340K->553K(270976K)
[472.479s][info ][gc,heap      ] GC(318) CMS: 259349K->259352K(602112K)
[472.479s][info ][gc,metaspace ] GC(318) Metaspace: 55713K->55713K(1099776K)
[472.479s][info ][gc           ] GC(318) Pause Young (Allocation Failure) 488M->253M(852M) 2.664ms
[472.479s][info ][gc,cpu       ] GC(318) User=0.01s Sys=0.00s Real=0.00s
[472.479s][info ][safepoint    ] Leaving safepoint region
[472.479s][info ][safepoint    ] Total time for which application threads were stopped: 0.0031944 seconds, Stopping threads took: 0.0000310 seconds
[473.480s][info ][safepoint    ] Application time: 1.0001625 seconds
[473.480s][info ][safepoint    ] Entering safepoint region: Cleanup
[473.480s][info ][safepoint    ] Leaving safepoint region
[473.480s][info ][safepoint    ] Total time for which application threads were stopped: 0.0001511 seconds, Stopping threads took: 0.0000522 seconds
[474.675s][info ][safepoint    ] Application time: 1.1948336 seconds
[474.675s][info ][safepoint    ] Entering safepoint region: GenCollectForAllocation
[474.675s][info ][gc,start     ] GC(319) Pause Young (Allocation Failure)
[474.675s][info ][gc,task      ] GC(319) Using 4 workers of 4 for evacuation
[474.678s][debug][gc,ref       ] GC(319) Skipped phase1 of Reference Processing due to unavailable references
[474.678s][debug][gc,ref       ] GC(319) Skipped phase2 of Reference Processing due to unavailable references
[474.678s][debug][gc,ref       ] GC(319) Skipped phase3 of Reference Processing due to unavailable references
[474.678s][debug][gc,ref       ] GC(319) Skipped phase4 of Reference Processing due to unavailable references
[474.678s][debug][gc,age       ] GC(319) Desired survivor size 15400960 bytes, new threshold 6 (max threshold 6)
[474.678s][info ][gc,heap      ] GC(319) ParNew: 241449K->594K(270976K)
[474.678s][info ][gc,heap      ] GC(319) CMS: 259352K->259377K(602112K)
[474.678s][info ][gc,metaspace ] GC(319) Metaspace: 55714K->55714K(1099776K)
[474.678s][info ][gc           ] GC(319) Pause Young (Allocation Failure) 489M->253M(852M) 2.997ms
[474.678s][info ][gc,cpu       ] GC(319) User=0.01s Sys=0.00s Real=0.00s
[474.678s][info ][safepoint    ] Leaving safepoint region
[474.678s][info ][safepoint    ] Total time for which application threads were stopped: 0.0032840 seconds, Stopping threads took: 0.0000287 seconds
[476.678s][info ][safepoint    ] Application time: 2.0001714 seconds
[476.679s][info ][safepoint    ] Entering safepoint region: Cleanup
[476.679s][info ][safepoint    ] Leaving safepoint region
[476.679s][info ][safepoint    ] Total time for which application threads were stopped: 0.0002042 seconds, Stopping threads took: 0.0001042 seconds
[476.826s][info ][safepoint    ] Application time: 0.1473284 seconds
[476.826s][info ][safepoint    ] Entering safepoint region: GenCollectForAllocation
[476.826s][info ][gc,start     ] GC(320) Pause Young (Allocation Failure)
[476.826s][info ][gc,task      ] GC(320) Using 4 workers of 4 for evacuation
[476.828s][debug][gc,ref       ] GC(320) Skipped phase1 of Reference Processing due to unavailable references
[476.828s][debug][gc,ref       ] GC(320) Skipped phase2 of Reference Processing due to unavailable references
[476.828s][debug][gc,ref       ] GC(320) Skipped phase3 of Reference Processing due to unavailable references
[476.828s][debug][gc,ref       ] GC(320) Skipped phase4 of Reference Processing due to unavailable references
[476.828s][debug][gc,age       ] GC(320) Desired survivor size 15400960 bytes, new threshold 6 (max threshold 6)
[476.828s][info ][gc,heap      ] GC(320) ParNew: 241490K->536K(270976K)
[476.828s][info ][gc,heap      ] GC(320) CMS: 259377K->259406K(602112K)
[476.828s][info ][gc,metaspace ] GC(320) Metaspace: 55714K->55714K(1099776K)
[476.828s][info ][gc           ] GC(320) Pause Young (Allocation Failure) 489M->253M(852M) 2.230ms
[476.829s][info ][gc,cpu       ] GC(320) User=0.00s Sys=0.00s Real=0.00s
[476.829s][info ][safepoint    ] Leaving safepoint region
[476.829s][info ][safepoint    ] Total time for which application threads were stopped: 0.0024558 seconds, Stopping threads took: 0.0000268 seconds
[477.829s][info ][safepoint    ] Application time: 1.0001106 seconds
[477.829s][info ][safepoint    ] Entering safepoint region: Cleanup
[477.829s][info ][safepoint    ] Leaving safepoint region
[477.829s][info ][safepoint    ] Total time for which application threads were stopped: 0.0001699 seconds, Stopping threads took: 0.0000624 seconds
[478.485s][info ][safepoint    ] Application time: 0.6562011 seconds
[478.485s][info ][safepoint    ] Entering safepoint region: GenCollectForAllocation
[478.485s][info ][gc,start     ] GC(321) Pause Young (Allocation Failure)
[478.485s][info ][gc,task      ] GC(321) Using 4 workers of 4 for evacuation
[478.487s][debug][gc,ref       ] GC(321) Skipped phase1 of Reference Processing due to unavailable references
[478.487s][debug][gc,ref       ] GC(321) Skipped phase2 of Reference Processing due to unavailable references
[478.487s][debug][gc,ref       ] GC(321) Skipped phase3 of Reference Processing due to unavailable references
[478.487s][debug][gc,ref       ] GC(321) Skipped phase4 of Reference Processing due to unavailable references
[478.487s][debug][gc,age       ] GC(321) Desired survivor size 15400960 bytes, new threshold 6 (max threshold 6)
[478.487s][info ][gc,heap      ] GC(321) ParNew: 241432K->526K(270976K)
[478.487s][info ][gc,heap      ] GC(321) CMS: 259406K->259417K(602112K)
[478.487s][info ][gc,metaspace ] GC(321) Metaspace: 55714K->55714K(1099776K)
[478.487s][info ][gc           ] GC(321) Pause Young (Allocation Failure) 489M->253M(852M) 2.057ms
[478.487s][info ][gc,cpu       ] GC(321) User=0.00s Sys=0.00s Real=0.00s
[478.487s][info ][safepoint    ] Leaving safepoint region
[478.487s][info ][safepoint    ] Total time for which application threads were stopped: 0.0022877 seconds, Stopping threads took: 0.0000712 seconds
[479.488s][info ][safepoint    ] Application time: 1.0000985 seconds
[479.488s][info ][safepoint    ] Entering safepoint region: Cleanup
[479.488s][info ][safepoint    ] Leaving safepoint region
[479.488s][info ][safepoint    ] Total time for which application threads were stopped: 0.0001416 seconds, Stopping threads took: 0.0000391 seconds
[480.225s][info ][safepoint    ] Application time: 0.7374694 seconds
[480.225s][info ][safepoint    ] Entering safepoint region: GenCollectForAllocation
[480.225s][info ][gc,start     ] GC(322) Pause Young (Allocation Failure)
[480.225s][info ][gc,task      ] GC(322) Using 4 workers of 4 for evacuation
[480.227s][debug][gc,ref       ] GC(322) Skipped phase1 of Reference Processing due to unavailable references
[480.227s][debug][gc,ref       ] GC(322) Skipped phase2 of Reference Processing due to unavailable references
[480.227s][debug][gc,ref       ] GC(322) Skipped phase3 of Reference Processing due to unavailable references
[480.227s][debug][gc,ref       ] GC(322) Skipped phase4 of Reference Processing due to unavailable references
[480.227s][debug][gc,age       ] GC(322) Desired survivor size 15400960 bytes, new threshold 6 (max threshold 6)
[480.228s][info ][gc,heap      ] GC(322) ParNew: 241422K->466K(270976K)
[480.228s][info ][gc,heap      ] GC(322) CMS: 259417K->259418K(602112K)
[480.228s][info ][gc,metaspace ] GC(322) Metaspace: 55715K->55715K(1099776K)
[480.228s][info ][gc           ] GC(322) Pause Young (Allocation Failure) 489M->253M(852M) 2.104ms
[480.228s][info ][gc,cpu       ] GC(322) User=0.01s Sys=0.00s Real=0.00s
[480.228s][info ][safepoint    ] Leaving safepoint region
[480.228s][info ][safepoint    ] Total time for which application threads were stopped: 0.0027037 seconds, Stopping threads took: 0.0000983 seconds
[481.228s][info ][safepoint    ] Application time: 1.0001014 seconds
[481.228s][info ][safepoint    ] Entering safepoint region: Cleanup
[481.228s][info ][safepoint    ] Leaving safepoint region
[481.228s][info ][safepoint    ] Total time for which application threads were stopped: 0.0001726 seconds, Stopping threads took: 0.0000745 seconds
[481.772s][info ][safepoint    ] Application time: 0.5441231 seconds
[481.772s][info ][safepoint    ] Entering safepoint region: GenCollectForAllocation
[481.773s][info ][gc,start     ] GC(323) Pause Young (Allocation Failure)
[481.773s][info ][gc,task      ] GC(323) Using 4 workers of 4 for evacuation
[481.775s][debug][gc,ref       ] GC(323) Skipped phase1 of Reference Processing due to unavailable references
[481.775s][debug][gc,ref       ] GC(323) Skipped phase2 of Reference Processing due to unavailable references
[481.775s][debug][gc,ref       ] GC(323) Skipped phase3 of Reference Processing due to unavailable references
[481.775s][debug][gc,ref       ] GC(323) Skipped phase4 of Reference Processing due to unavailable references
[481.775s][debug][gc,age       ] GC(323) Desired survivor size 15400960 bytes, new threshold 6 (max threshold 6)
[481.775s][info ][gc,heap      ] GC(323) ParNew: 241362K->491K(270976K)
[481.775s][info ][gc,heap      ] GC(323) CMS: 259418K->259434K(602112K)
[481.775s][info ][gc,metaspace ] GC(323) Metaspace: 55715K->55715K(1099776K)
[481.775s][info ][gc           ] GC(323) Pause Young (Allocation Failure) 489M->253M(852M) 2.136ms
[481.775s][info ][gc,cpu       ] GC(323) User=0.01s Sys=0.00s Real=0.00s
[481.775s][info ][safepoint    ] Leaving safepoint region
[481.775s][info ][safepoint    ] Total time for which application threads were stopped: 0.0023595 seconds, Stopping threads took: 0.0000368 seconds
[482.775s][info ][safepoint    ] Application time: 1.0001073 seconds
[482.775s][info ][safepoint    ] Entering safepoint region: Cleanup
[482.775s][info ][safepoint    ] Leaving safepoint region
[482.775s][info ][safepoint    ] Total time for which application threads were stopped: 0.0001320 seconds, Stopping threads took: 0.0000380 seconds
[483.234s][info ][safepoint    ] Application time: 0.4594124 seconds
[483.235s][info ][safepoint    ] Entering safepoint region: GenCollectForAllocation
[483.235s][info ][gc,start     ] GC(324) Pause Young (Allocation Failure)
[483.235s][info ][gc,task      ] GC(324) Using 4 workers of 4 for evacuation
[483.237s][debug][gc,ref       ] GC(324) Skipped phase1 of Reference Processing due to unavailable references
[483.237s][debug][gc,ref       ] GC(324) Skipped phase2 of Reference Processing due to unavailable references
[483.237s][debug][gc,ref       ] GC(324) Skipped phase3 of Reference Processing due to unavailable references
[483.237s][debug][gc,ref       ] GC(324) Skipped phase4 of Reference Processing due to unavailable references
[483.237s][debug][gc,age       ] GC(324) Desired survivor size 15400960 bytes, new threshold 6 (max threshold 6)
[483.237s][info ][gc,heap      ] GC(324) ParNew: 241387K->901K(270976K)
[483.237s][info ][gc,heap      ] GC(324) CMS: 259434K->259462K(602112K)
[483.237s][info ][gc,metaspace ] GC(324) Metaspace: 55715K->55715K(1099776K)
[483.237s][info ][gc           ] GC(324) Pause Young (Allocation Failure) 489M->254M(852M) 2.686ms
[483.237s][info ][gc,cpu       ] GC(324) User=0.00s Sys=0.00s Real=0.00s
[483.237s][info ][safepoint    ] Leaving safepoint region
[483.237s][info ][safepoint    ] Total time for which application threads were stopped: 0.0029054 seconds, Stopping threads took: 0.0000363 seconds
[484.238s][info ][safepoint    ] Application time: 1.0000993 seconds
[484.238s][info ][safepoint    ] Entering safepoint region: Cleanup
[484.238s][info ][safepoint    ] Leaving safepoint region
[484.238s][info ][safepoint    ] Total time for which application threads were stopped: 0.0001092 seconds, Stopping threads took: 0.0000272 seconds
[484.779s][info ][safepoint    ] Application time: 0.5413949 seconds
[484.779s][info ][safepoint    ] Entering safepoint region: GenCollectForAllocation
[484.779s][info ][gc,start     ] GC(325) Pause Young (Allocation Failure)
[484.779s][info ][gc,task      ] GC(325) Using 4 workers of 4 for evacuation
[484.781s][debug][gc,ref       ] GC(325) Skipped phase1 of Reference Processing due to unavailable references
[484.781s][debug][gc,ref       ] GC(325) Skipped phase2 of Reference Processing due to unavailable references
[484.781s][debug][gc,ref       ] GC(325) Skipped phase3 of Reference Processing due to unavailable references
[484.781s][debug][gc,ref       ] GC(325) Skipped phase4 of Reference Processing due to unavailable references
[484.781s][debug][gc,age       ] GC(325) Desired survivor size 15400960 bytes, new threshold 6 (max threshold 6)
[484.781s][info ][gc,heap      ] GC(325) ParNew: 241797K->638K(270976K)
[484.781s][info ][gc,heap      ] GC(325) CMS: 259462K->259483K(602112K)
[484.781s][info ][gc,metaspace ] GC(325) Metaspace: 55715K->55715K(1099776K)
[484.781s][info ][gc           ] GC(325) Pause Young (Allocation Failure) 489M->254M(852M) 2.149ms
[484.781s][info ][gc,cpu       ] GC(325) User=0.01s Sys=0.00s Real=0.00s
[484.781s][info ][safepoint    ] Leaving safepoint region
[484.781s][info ][safepoint    ] Total time for which application threads were stopped: 0.0023712 seconds, Stopping threads took: 0.0000387 seconds
[485.782s][info ][safepoint    ] Application time: 1.0001245 seconds
[485.782s][info ][safepoint    ] Entering safepoint region: Cleanup
[485.782s][info ][safepoint    ] Leaving safepoint region
[485.782s][info ][safepoint    ] Total time for which application threads were stopped: 0.0001102 seconds, Stopping threads took: 0.0000300 seconds
[486.483s][info ][safepoint    ] Application time: 0.7011203 seconds
[486.483s][info ][safepoint    ] Entering safepoint region: GenCollectForAllocation
[486.483s][info ][gc,start     ] GC(326) Pause Young (Allocation Failure)
[486.483s][info ][gc,task      ] GC(326) Using 4 workers of 4 for evacuation
[486.487s][debug][gc,ref       ] GC(326) Skipped phase1 of Reference Processing due to unavailable references
[486.487s][debug][gc,ref       ] GC(326) Skipped phase2 of Reference Processing due to unavailable references
[486.487s][debug][gc,ref       ] GC(326) Skipped phase3 of Reference Processing due to unavailable references
[486.487s][debug][gc,ref       ] GC(326) Skipped phase4 of Reference Processing due to unavailable references
[486.487s][debug][gc,age       ] GC(326) Desired survivor size 15400960 bytes, new threshold 6 (max threshold 6)
[486.487s][info ][gc,heap      ] GC(326) ParNew: 241534K->449K(270976K)
[486.487s][info ][gc,heap      ] GC(326) CMS: 259483K->259509K(602112K)
[486.487s][info ][gc,metaspace ] GC(326) Metaspace: 55715K->55715K(1099776K)
[486.487s][info ][gc           ] GC(326) Pause Young (Allocation Failure) 489M->253M(852M) 3.650ms
[486.487s][info ][gc,cpu       ] GC(326) User=0.02s Sys=0.00s Real=0.00s
[486.487s][info ][safepoint    ] Leaving safepoint region
[486.487s][info ][safepoint    ] Total time for which application threads were stopped: 0.0038609 seconds, Stopping threads took: 0.0000369 seconds
[487.487s][info ][safepoint    ] Application time: 1.0000725 seconds
[487.487s][info ][safepoint    ] Entering safepoint region: Cleanup
[487.487s][info ][safepoint    ] Leaving safepoint region
[487.487s][info ][safepoint    ] Total time for which application threads were stopped: 0.0001282 seconds, Stopping threads took: 0.0000277 seconds
[488.327s][info ][safepoint    ] Application time: 0.8399023 seconds
[488.327s][info ][safepoint    ] Entering safepoint region: GenCollectForAllocation
[488.327s][info ][gc,start     ] GC(327) Pause Young (Allocation Failure)
[488.327s][info ][gc,task      ] GC(327) Using 4 workers of 4 for evacuation
[488.329s][debug][gc,ref       ] GC(327) Skipped phase1 of Reference Processing due to unavailable references
[488.329s][debug][gc,ref       ] GC(327) Skipped phase2 of Reference Processing due to unavailable references
[488.329s][debug][gc,ref       ] GC(327) Skipped phase3 of Reference Processing due to unavailable references
[488.329s][debug][gc,ref       ] GC(327) Skipped phase4 of Reference Processing due to unavailable references
[488.329s][debug][gc,age       ] GC(327) Desired survivor size 15400960 bytes, new threshold 6 (max threshold 6)
[488.329s][info ][gc,heap      ] GC(327) ParNew: 241345K->421K(270976K)
[488.329s][info ][gc,heap      ] GC(327) CMS: 259509K->259536K(602112K)
[488.329s][info ][gc,metaspace ] GC(327) Metaspace: 55721K->55721K(1099776K)
[488.329s][info ][gc           ] GC(327) Pause Young (Allocation Failure) 489M->253M(852M) 2.061ms
[488.329s][info ][gc,cpu       ] GC(327) User=0.01s Sys=0.00s Real=0.00s
[488.329s][info ][safepoint    ] Leaving safepoint region
[488.329s][info ][safepoint    ] Total time for which application threads were stopped: 0.0023054 seconds, Stopping threads took: 0.0000637 seconds
[489.329s][info ][safepoint    ] Application time: 1.0000999 seconds
[489.329s][info ][safepoint    ] Entering safepoint region: Cleanup
[489.330s][info ][safepoint    ] Leaving safepoint region
[489.330s][info ][safepoint    ] Total time for which application threads were stopped: 0.0001670 seconds, Stopping threads took: 0.0000385 seconds
[490.128s][info ][safepoint    ] Application time: 0.7981964 seconds
[490.128s][info ][safepoint    ] Entering safepoint region: GenCollectForAllocation
[490.128s][info ][gc,start     ] GC(328) Pause Young (Allocation Failure)
[490.128s][info ][gc,task      ] GC(328) Using 4 workers of 4 for evacuation
[490.130s][debug][gc,ref       ] GC(328) Skipped phase1 of Reference Processing due to unavailable references
[490.130s][debug][gc,ref       ] GC(328) Skipped phase2 of Reference Processing due to unavailable references
[490.130s][debug][gc,ref       ] GC(328) Skipped phase3 of Reference Processing due to unavailable references
[490.130s][debug][gc,ref       ] GC(328) Skipped phase4 of Reference Processing due to unavailable references
[490.130s][debug][gc,age       ] GC(328) Desired survivor size 15400960 bytes, new threshold 6 (max threshold 6)
[490.130s][info ][gc,heap      ] GC(328) ParNew: 241317K->435K(270976K)
[490.130s][info ][gc,heap      ] GC(328) CMS: 259536K->259544K(602112K)
[490.130s][info ][gc,metaspace ] GC(328) Metaspace: 55722K->55722K(1099776K)
[490.130s][info ][gc           ] GC(328) Pause Young (Allocation Failure) 489M->253M(852M) 2.087ms
[490.130s][info ][gc,cpu       ] GC(328) User=0.00s Sys=0.00s Real=0.01s
[490.130s][info ][safepoint    ] Leaving safepoint region
[490.130s][info ][safepoint    ] Total time for which application threads were stopped: 0.0023211 seconds, Stopping threads took: 0.0000413 seconds
[491.130s][info ][safepoint    ] Application time: 1.0000893 seconds
[491.130s][info ][safepoint    ] Entering safepoint region: Cleanup
[491.130s][info ][safepoint    ] Leaving safepoint region
[491.130s][info ][safepoint    ] Total time for which application threads were stopped: 0.0001302 seconds, Stopping threads took: 0.0000292 seconds
[491.977s][info ][safepoint    ] Application time: 0.8467658 seconds
[491.978s][info ][safepoint    ] Entering safepoint region: GenCollectForAllocation
[491.978s][info ][gc,start     ] GC(329) Pause Young (Allocation Failure)
[491.978s][info ][gc,task      ] GC(329) Using 4 workers of 4 for evacuation
[491.980s][debug][gc,ref       ] GC(329) Skipped phase1 of Reference Processing due to unavailable references
[491.980s][debug][gc,ref       ] GC(329) Skipped phase2 of Reference Processing due to unavailable references
[491.980s][debug][gc,ref       ] GC(329) Skipped phase3 of Reference Processing due to unavailable references
[491.980s][debug][gc,ref       ] GC(329) Skipped phase4 of Reference Processing due to unavailable references
[491.980s][debug][gc,age       ] GC(329) Desired survivor size 15400960 bytes, new threshold 6 (max threshold 6)
[491.980s][info ][gc,heap      ] GC(329) ParNew: 241331K->418K(270976K)
[491.980s][info ][gc,heap      ] GC(329) CMS: 259544K->259549K(602112K)
[491.980s][info ][gc,metaspace ] GC(329) Metaspace: 55722K->55722K(1099776K)
[491.980s][info ][gc           ] GC(329) Pause Young (Allocation Failure) 489M->253M(852M) 2.055ms
[491.980s][info ][gc,cpu       ] GC(329) User=0.01s Sys=0.00s Real=0.00s
[491.980s][info ][safepoint    ] Leaving safepoint region
[491.980s][info ][safepoint    ] Total time for which application threads were stopped: 0.0026495 seconds, Stopping threads took: 0.0004296 seconds
[492.980s][info ][safepoint    ] Application time: 1.0004866 seconds
[492.981s][info ][safepoint    ] Entering safepoint region: Cleanup
[492.981s][info ][safepoint    ] Leaving safepoint region
[492.981s][info ][safepoint    ] Total time for which application threads were stopped: 0.0003271 seconds, Stopping threads took: 0.0001255 seconds
[493.826s][info ][safepoint    ] Application time: 0.8451259 seconds
[493.826s][info ][safepoint    ] Entering safepoint region: GenCollectForAllocation
[493.826s][info ][gc,start     ] GC(330) Pause Young (Allocation Failure)
[493.826s][info ][gc,task      ] GC(330) Using 4 workers of 4 for evacuation
[493.828s][debug][gc,ref       ] GC(330) Skipped phase1 of Reference Processing due to unavailable references
[493.828s][debug][gc,ref       ] GC(330) Skipped phase2 of Reference Processing due to unavailable references
[493.828s][debug][gc,ref       ] GC(330) Skipped phase3 of Reference Processing due to unavailable references
[493.828s][debug][gc,ref       ] GC(330) Skipped phase4 of Reference Processing due to unavailable references
[493.828s][debug][gc,age       ] GC(330) Desired survivor size 15400960 bytes, new threshold 6 (max threshold 6)
[493.828s][info ][gc,heap      ] GC(330) ParNew: 241314K->464K(270976K)
[493.828s][info ][gc,heap      ] GC(330) CMS: 259549K->259554K(602112K)
[493.828s][info ][gc,metaspace ] GC(330) Metaspace: 55722K->55722K(1099776K)
[493.828s][info ][gc           ] GC(330) Pause Young (Allocation Failure) 489M->253M(852M) 2.316ms
[493.828s][info ][gc,cpu       ] GC(330) User=0.01s Sys=0.00s Real=0.00s
[493.828s][info ][safepoint    ] Leaving safepoint region
[493.828s][info ][safepoint    ] Total time for which application threads were stopped: 0.0025261 seconds, Stopping threads took: 0.0000285 seconds
[494.829s][info ][safepoint    ] Application time: 1.0001017 seconds
[494.829s][info ][safepoint    ] Entering safepoint region: Cleanup
[494.829s][info ][safepoint    ] Leaving safepoint region
[494.829s][info ][safepoint    ] Total time for which application threads were stopped: 0.0001289 seconds, Stopping threads took: 0.0000358 seconds
[495.676s][info ][safepoint    ] Application time: 0.8472310 seconds
[495.676s][info ][safepoint    ] Entering safepoint region: GenCollectForAllocation
[495.676s][info ][gc,start     ] GC(331) Pause Young (Allocation Failure)
[495.676s][info ][gc,task      ] GC(331) Using 4 workers of 4 for evacuation
[495.678s][debug][gc,ref       ] GC(331) Skipped phase1 of Reference Processing due to unavailable references
[495.678s][debug][gc,ref       ] GC(331) Skipped phase2 of Reference Processing due to unavailable references
[495.678s][debug][gc,ref       ] GC(331) Skipped phase3 of Reference Processing due to unavailable references
[495.678s][debug][gc,ref       ] GC(331) Skipped phase4 of Reference Processing due to unavailable references
[495.678s][debug][gc,age       ] GC(331) Desired survivor size 15400960 bytes, new threshold 6 (max threshold 6)
[495.678s][info ][gc,heap      ] GC(331) ParNew: 241360K->427K(270976K)
[495.678s][info ][gc,heap      ] GC(331) CMS: 259554K->259558K(602112K)
[495.678s][info ][gc,metaspace ] GC(331) Metaspace: 55722K->55722K(1099776K)
[495.678s][info ][gc           ] GC(331) Pause Young (Allocation Failure) 489M->253M(852M) 1.995ms
[495.678s][info ][gc,cpu       ] GC(331) User=0.01s Sys=0.00s Real=0.00s
[495.678s][info ][safepoint    ] Leaving safepoint region
[495.678s][info ][safepoint    ] Total time for which application threads were stopped: 0.0023923 seconds, Stopping threads took: 0.0002081 seconds
[496.679s][info ][safepoint    ] Application time: 1.0001044 seconds
[496.679s][info ][safepoint    ] Entering safepoint region: Cleanup
[496.679s][info ][safepoint    ] Leaving safepoint region
[496.679s][info ][safepoint    ] Total time for which application threads were stopped: 0.0001529 seconds, Stopping threads took: 0.0000384 seconds
[497.473s][info ][safepoint    ] Application time: 0.7945995 seconds
[497.473s][info ][safepoint    ] Entering safepoint region: GenCollectForAllocation
[497.474s][info ][gc,start     ] GC(332) Pause Young (Allocation Failure)
[497.474s][info ][gc,task      ] GC(332) Using 4 workers of 4 for evacuation
[497.475s][debug][gc,ref       ] GC(332) Skipped phase1 of Reference Processing due to unavailable references
[497.475s][debug][gc,ref       ] GC(332) Skipped phase2 of Reference Processing due to unavailable references
[497.475s][debug][gc,ref       ] GC(332) Skipped phase3 of Reference Processing due to unavailable references
[497.475s][debug][gc,ref       ] GC(332) Skipped phase4 of Reference Processing due to unavailable references
[497.476s][debug][gc,age       ] GC(332) Desired survivor size 15400960 bytes, new threshold 6 (max threshold 6)
[497.476s][info ][gc,heap      ] GC(332) ParNew: 241323K->465K(270976K)
[497.476s][info ][gc,heap      ] GC(332) CMS: 259558K->259583K(602112K)
[497.476s][info ][gc,metaspace ] GC(332) Metaspace: 55723K->55723K(1099776K)
[497.476s][info ][gc           ] GC(332) Pause Young (Allocation Failure) 489M->253M(852M) 2.028ms
[497.476s][info ][gc,cpu       ] GC(332) User=0.01s Sys=0.00s Real=0.00s
[497.476s][info ][safepoint    ] Leaving safepoint region
[497.476s][info ][safepoint    ] Total time for which application threads were stopped: 0.0022662 seconds, Stopping threads took: 0.0000440 seconds
[498.476s][info ][safepoint    ] Application time: 1.0001271 seconds
[498.476s][info ][safepoint    ] Entering safepoint region: Cleanup
[498.476s][info ][safepoint    ] Leaving safepoint region
[498.476s][info ][safepoint    ] Total time for which application threads were stopped: 0.0003600 seconds, Stopping threads took: 0.0002242 seconds
[499.031s][info ][safepoint    ] Application time: 0.5545527 seconds
[499.031s][info ][safepoint    ] Entering safepoint region: GenCollectForAllocation
[499.031s][info ][gc,start     ] GC(333) Pause Young (Allocation Failure)
[499.031s][info ][gc,task      ] GC(333) Using 4 workers of 4 for evacuation
[499.033s][debug][gc,ref       ] GC(333) Skipped phase1 of Reference Processing due to unavailable references
[499.033s][debug][gc,ref       ] GC(333) Skipped phase2 of Reference Processing due to unavailable references
[499.033s][debug][gc,ref       ] GC(333) Skipped phase3 of Reference Processing due to unavailable references
[499.033s][debug][gc,ref       ] GC(333) Skipped phase4 of Reference Processing due to unavailable references
[499.033s][debug][gc,age       ] GC(333) Desired survivor size 15400960 bytes, new threshold 6 (max threshold 6)
[499.033s][info ][gc,heap      ] GC(333) ParNew: 241361K->566K(270976K)
[499.033s][info ][gc,heap      ] GC(333) CMS: 259583K->259592K(602112K)
[499.033s][info ][gc,metaspace ] GC(333) Metaspace: 55724K->55724K(1099776K)
[499.033s][info ][gc           ] GC(333) Pause Young (Allocation Failure) 489M->254M(852M) 2.523ms
[499.033s][info ][gc,cpu       ] GC(333) User=0.00s Sys=0.00s Real=0.00s
[499.033s][info ][safepoint    ] Leaving safepoint region
[499.033s][info ][safepoint    ] Total time for which application threads were stopped: 0.0027285 seconds, Stopping threads took: 0.0000278 seconds
[500.034s][info ][safepoint    ] Application time: 1.0001030 seconds
[500.034s][info ][safepoint    ] Entering safepoint region: Cleanup
[500.034s][info ][safepoint    ] Leaving safepoint region
[500.034s][info ][safepoint    ] Total time for which application threads were stopped: 0.0002047 seconds, Stopping threads took: 0.0000805 seconds
[500.687s][info ][safepoint    ] Application time: 0.6527348 seconds
[500.687s][info ][safepoint    ] Entering safepoint region: GenCollectForAllocation
[500.687s][info ][gc,start     ] GC(334) Pause Young (Allocation Failure)
[500.687s][info ][gc,task      ] GC(334) Using 4 workers of 4 for evacuation
[500.689s][debug][gc,ref       ] GC(334) Skipped phase1 of Reference Processing due to unavailable references
[500.689s][debug][gc,ref       ] GC(334) Skipped phase2 of Reference Processing due to unavailable references
[500.689s][debug][gc,ref       ] GC(334) Skipped phase3 of Reference Processing due to unavailable references
[500.689s][debug][gc,ref       ] GC(334) Skipped phase4 of Reference Processing due to unavailable references
[500.689s][debug][gc,age       ] GC(334) Desired survivor size 15400960 bytes, new threshold 6 (max threshold 6)
[500.689s][info ][gc,heap      ] GC(334) ParNew: 241462K->598K(270976K)
[500.689s][info ][gc,heap      ] GC(334) CMS: 259592K->259593K(602112K)
[500.689s][info ][gc,metaspace ] GC(334) Metaspace: 55726K->55726K(1099776K)
[500.689s][info ][gc           ] GC(334) Pause Young (Allocation Failure) 489M->254M(852M) 2.342ms
[500.689s][info ][gc,cpu       ] GC(334) User=0.00s Sys=0.00s Real=0.00s
[500.689s][info ][safepoint    ] Leaving safepoint region
[500.689s][info ][safepoint    ] Total time for which application threads were stopped: 0.0025437 seconds, Stopping threads took: 0.0000299 seconds
[501.689s][info ][safepoint    ] Application time: 1.0000625 seconds
[501.689s][info ][safepoint    ] Entering safepoint region: Cleanup
[501.689s][info ][safepoint    ] Leaving safepoint region
[501.689s][info ][safepoint    ] Total time for which application threads were stopped: 0.0001122 seconds, Stopping threads took: 0.0000295 seconds
[502.475s][info ][safepoint    ] Application time: 0.7861221 seconds
[502.476s][info ][safepoint    ] Entering safepoint region: GenCollectForAllocation
[502.476s][info ][gc,start     ] GC(335) Pause Young (Allocation Failure)
[502.476s][info ][gc,task      ] GC(335) Using 4 workers of 4 for evacuation
[502.478s][debug][gc,ref       ] GC(335) Skipped phase1 of Reference Processing due to unavailable references
[502.478s][debug][gc,ref       ] GC(335) Skipped phase2 of Reference Processing due to unavailable references
[502.478s][debug][gc,ref       ] GC(335) Skipped phase3 of Reference Processing due to unavailable references
[502.478s][debug][gc,ref       ] GC(335) Skipped phase4 of Reference Processing due to unavailable references
[502.478s][debug][gc,age       ] GC(335) Desired survivor size 15400960 bytes, new threshold 6 (max threshold 6)
[502.478s][info ][gc,heap      ] GC(335) ParNew: 241494K->579K(270976K)
[502.478s][info ][gc,heap      ] GC(335) CMS: 259593K->259599K(602112K)
[502.478s][info ][gc,metaspace ] GC(335) Metaspace: 55729K->55729K(1099776K)
[502.478s][info ][gc           ] GC(335) Pause Young (Allocation Failure) 489M->254M(852M) 2.571ms
[502.478s][info ][gc,cpu       ] GC(335) User=0.01s Sys=0.00s Real=0.00s
[502.478s][info ][safepoint    ] Leaving safepoint region
[502.478s][info ][safepoint    ] Total time for which application threads were stopped: 0.0027742 seconds, Stopping threads took: 0.0000337 seconds
[503.478s][info ][safepoint    ] Application time: 1.0001014 seconds
[503.478s][info ][safepoint    ] Entering safepoint region: Cleanup
[503.479s][info ][safepoint    ] Leaving safepoint region
[503.479s][info ][safepoint    ] Total time for which application threads were stopped: 0.0001507 seconds, Stopping threads took: 0.0000539 seconds
[504.128s][info ][safepoint    ] Application time: 0.6492761 seconds
[504.128s][info ][safepoint    ] Entering safepoint region: GenCollectForAllocation
[504.128s][info ][gc,start     ] GC(336) Pause Young (Allocation Failure)
[504.128s][info ][gc,task      ] GC(336) Using 4 workers of 4 for evacuation
[504.130s][debug][gc,ref       ] GC(336) Skipped phase1 of Reference Processing due to unavailable references
[504.130s][debug][gc,ref       ] GC(336) Skipped phase2 of Reference Processing due to unavailable references
[504.130s][debug][gc,ref       ] GC(336) Skipped phase3 of Reference Processing due to unavailable references
[504.130s][debug][gc,ref       ] GC(336) Skipped phase4 of Reference Processing due to unavailable references
[504.130s][debug][gc,age       ] GC(336) Desired survivor size 15400960 bytes, new threshold 6 (max threshold 6)
[504.130s][info ][gc,heap      ] GC(336) ParNew: 241475K->520K(270976K)
[504.130s][info ][gc,heap      ] GC(336) CMS: 259599K->259603K(602112K)
[504.130s][info ][gc,metaspace ] GC(336) Metaspace: 55729K->55729K(1099776K)
[504.130s][info ][gc           ] GC(336) Pause Young (Allocation Failure) 489M->254M(852M) 2.044ms
[504.130s][info ][gc,cpu       ] GC(336) User=0.01s Sys=0.00s Real=0.01s
[504.130s][info ][safepoint    ] Leaving safepoint region
[504.130s][info ][safepoint    ] Total time for which application threads were stopped: 0.0022628 seconds, Stopping threads took: 0.0000424 seconds
[504.922s][info ][safepoint    ] Application time: 0.7913589 seconds
[504.922s][info ][safepoint    ] Entering safepoint region: GenCollectForAllocation
[504.922s][info ][gc,start     ] GC(337) Pause Young (Allocation Failure)
[504.922s][info ][gc,task      ] GC(337) Using 4 workers of 4 for evacuation
[504.923s][debug][gc,ref       ] GC(337) Skipped phase1 of Reference Processing due to unavailable references
[504.924s][debug][gc,ref       ] GC(337) Skipped phase2 of Reference Processing due to unavailable references
[504.924s][debug][gc,ref       ] GC(337) Skipped phase3 of Reference Processing due to unavailable references
[504.924s][debug][gc,ref       ] GC(337) Skipped phase4 of Reference Processing due to unavailable references
[504.924s][debug][gc,age       ] GC(337) Desired survivor size 15400960 bytes, new threshold 6 (max threshold 6)
[504.924s][info ][gc,heap      ] GC(337) ParNew: 241416K->487K(270976K)
[504.924s][info ][gc,heap      ] GC(337) CMS: 259603K->259608K(602112K)
[504.924s][info ][gc,metaspace ] GC(337) Metaspace: 55730K->55730K(1099776K)
[504.924s][info ][gc           ] GC(337) Pause Young (Allocation Failure) 489M->253M(852M) 1.949ms
[504.924s][info ][gc,cpu       ] GC(337) User=0.00s Sys=0.00s Real=0.00s
[504.924s][info ][safepoint    ] Leaving safepoint region
[504.924s][info ][safepoint    ] Total time for which application threads were stopped: 0.0021791 seconds, Stopping threads took: 0.0000547 seconds
[505.373s][info ][safepoint    ] Application time: 0.4487966 seconds
[505.373s][info ][safepoint    ] Entering safepoint region: GenCollectForAllocation
[505.373s][info ][gc,start     ] GC(338) Pause Young (Allocation Failure)
[505.373s][info ][gc,task      ] GC(338) Using 4 workers of 4 for evacuation
[505.375s][debug][gc,ref       ] GC(338) Skipped phase1 of Reference Processing due to unavailable references
[505.375s][debug][gc,ref       ] GC(338) Skipped phase2 of Reference Processing due to unavailable references
[505.375s][debug][gc,ref       ] GC(338) Skipped phase3 of Reference Processing due to unavailable references
[505.375s][debug][gc,ref       ] GC(338) Skipped phase4 of Reference Processing due to unavailable references
[505.375s][debug][gc,age       ] GC(338) Desired survivor size 15400960 bytes, new threshold 6 (max threshold 6)
[505.375s][info ][gc,heap      ] GC(338) ParNew: 241383K->527K(270976K)
[505.375s][info ][gc,heap      ] GC(338) CMS: 259608K->259608K(602112K)
[505.375s][info ][gc,metaspace ] GC(338) Metaspace: 55730K->55730K(1099776K)
[505.375s][info ][gc           ] GC(338) Pause Young (Allocation Failure) 489M->254M(852M) 2.292ms
[505.375s][info ][gc,cpu       ] GC(338) User=0.01s Sys=0.00s Real=0.00s
[505.375s][info ][safepoint    ] Leaving safepoint region
[505.375s][info ][safepoint    ] Total time for which application threads were stopped: 0.0025275 seconds, Stopping threads took: 0.0000481 seconds
[505.835s][info ][safepoint    ] Application time: 0.4595367 seconds
[505.835s][info ][safepoint    ] Entering safepoint region: GenCollectForAllocation
[505.835s][info ][gc,start     ] GC(339) Pause Young (Allocation Failure)
[505.835s][info ][gc,task      ] GC(339) Using 4 workers of 4 for evacuation
[505.837s][debug][gc,ref       ] GC(339) Skipped phase1 of Reference Processing due to unavailable references
[505.837s][debug][gc,ref       ] GC(339) Skipped phase2 of Reference Processing due to unavailable references
[505.837s][debug][gc,ref       ] GC(339) Skipped phase3 of Reference Processing due to unavailable references
[505.837s][debug][gc,ref       ] GC(339) Skipped phase4 of Reference Processing due to unavailable references
[505.837s][debug][gc,age       ] GC(339) Desired survivor size 15400960 bytes, new threshold 6 (max threshold 6)
[505.837s][info ][gc,heap      ] GC(339) ParNew: 241423K->472K(270976K)
[505.837s][info ][gc,heap      ] GC(339) CMS: 259608K->259622K(602112K)
[505.837s][info ][gc,metaspace ] GC(339) Metaspace: 55730K->55730K(1099776K)
[505.837s][info ][gc           ] GC(339) Pause Young (Allocation Failure) 489M->253M(852M) 2.070ms
[505.837s][info ][gc,cpu       ] GC(339) User=0.01s Sys=0.00s Real=0.00s
[505.837s][info ][safepoint    ] Leaving safepoint region
[505.837s][info ][safepoint    ] Total time for which application threads were stopped: 0.0022692 seconds, Stopping threads took: 0.0000269 seconds
[506.271s][info ][safepoint    ] Application time: 0.4341210 seconds
[506.271s][info ][safepoint    ] Entering safepoint region: GenCollectForAllocation
[506.271s][info ][gc,start     ] GC(340) Pause Young (Allocation Failure)
[506.271s][info ][gc,task      ] GC(340) Using 4 workers of 4 for evacuation
[506.274s][debug][gc,ref       ] GC(340) Skipped phase1 of Reference Processing due to unavailable references
[506.274s][debug][gc,ref       ] GC(340) Skipped phase2 of Reference Processing due to unavailable references
[506.274s][debug][gc,ref       ] GC(340) Skipped phase3 of Reference Processing due to unavailable references
[506.274s][debug][gc,ref       ] GC(340) Skipped phase4 of Reference Processing due to unavailable references
[506.274s][debug][gc,age       ] GC(340) Desired survivor size 15400960 bytes, new threshold 6 (max threshold 6)
[506.274s][info ][gc,heap      ] GC(340) ParNew: 241368K->349K(270976K)
[506.274s][info ][gc,heap      ] GC(340) CMS: 259622K->259742K(602112K)
[506.274s][info ][gc,metaspace ] GC(340) Metaspace: 55730K->55730K(1099776K)
[506.274s][info ][gc           ] GC(340) Pause Young (Allocation Failure) 489M->253M(852M) 2.480ms
[506.274s][info ][gc,cpu       ] GC(340) User=0.00s Sys=0.00s Real=0.00s
[506.274s][info ][safepoint    ] Leaving safepoint region
[506.274s][info ][safepoint    ] Total time for which application threads were stopped: 0.0027796 seconds, Stopping threads took: 0.0000713 seconds
[506.691s][info ][safepoint    ] Application time: 0.4169094 seconds
[506.691s][info ][safepoint    ] Entering safepoint region: GenCollectForAllocation
[506.691s][info ][gc,start     ] GC(341) Pause Young (Allocation Failure)
[506.691s][info ][gc,task      ] GC(341) Using 4 workers of 4 for evacuation
[506.693s][debug][gc,ref       ] GC(341) Skipped phase1 of Reference Processing due to unavailable references
[506.693s][debug][gc,ref       ] GC(341) Skipped phase2 of Reference Processing due to unavailable references
[506.693s][debug][gc,ref       ] GC(341) Skipped phase3 of Reference Processing due to unavailable references
[506.693s][debug][gc,ref       ] GC(341) Skipped phase4 of Reference Processing due to unavailable references
[506.693s][debug][gc,age       ] GC(341) Desired survivor size 15400960 bytes, new threshold 6 (max threshold 6)
[506.693s][info ][gc,heap      ] GC(341) ParNew: 241245K->408K(270976K)
[506.693s][info ][gc,heap      ] GC(341) CMS: 259742K->259749K(602112K)
[506.693s][info ][gc,metaspace ] GC(341) Metaspace: 55730K->55730K(1099776K)
[506.693s][info ][gc           ] GC(341) Pause Young (Allocation Failure) 489M->254M(852M) 2.011ms
[506.693s][info ][gc,cpu       ] GC(341) User=0.01s Sys=0.00s Real=0.00s
[506.693s][info ][safepoint    ] Leaving safepoint region
[506.693s][info ][safepoint    ] Total time for which application threads were stopped: 0.0022196 seconds, Stopping threads took: 0.0000276 seconds
[507.047s][info ][safepoint    ] Application time: 0.3538624 seconds
[507.047s][info ][safepoint    ] Entering safepoint region: GenCollectForAllocation
[507.047s][info ][gc,start     ] GC(342) Pause Young (Allocation Failure)
[507.047s][info ][gc,task      ] GC(342) Using 4 workers of 4 for evacuation
[507.049s][debug][gc,ref       ] GC(342) Skipped phase1 of Reference Processing due to unavailable references
[507.049s][debug][gc,ref       ] GC(342) Skipped phase2 of Reference Processing due to unavailable references
[507.049s][debug][gc,ref       ] GC(342) Skipped phase3 of Reference Processing due to unavailable references
[507.049s][debug][gc,ref       ] GC(342) Skipped phase4 of Reference Processing due to unavailable references
[507.049s][debug][gc,age       ] GC(342) Desired survivor size 15400960 bytes, new threshold 6 (max threshold 6)
[507.049s][info ][gc,heap      ] GC(342) ParNew: 241304K->241K(270976K)
[507.049s][info ][gc,heap      ] GC(342) CMS: 259749K->259961K(602112K)
[507.049s][info ][gc,metaspace ] GC(342) Metaspace: 55730K->55730K(1099776K)
[507.049s][info ][gc           ] GC(342) Pause Young (Allocation Failure) 489M->254M(852M) 2.120ms
[507.049s][info ][gc,cpu       ] GC(342) User=0.01s Sys=0.00s Real=0.00s
[507.049s][info ][safepoint    ] Leaving safepoint region
[507.049s][info ][safepoint    ] Total time for which application threads were stopped: 0.0023143 seconds, Stopping threads took: 0.0000319 seconds
[507.343s][info ][safepoint    ] Application time: 0.2936239 seconds
[507.343s][info ][safepoint    ] Entering safepoint region: GenCollectForAllocation
[507.343s][info ][gc,start     ] GC(343) Pause Young (Allocation Failure)
[507.343s][info ][gc,task      ] GC(343) Using 4 workers of 4 for evacuation
[507.347s][debug][gc,ref       ] GC(343) Skipped phase1 of Reference Processing due to unavailable references
[507.347s][debug][gc,ref       ] GC(343) Skipped phase2 of Reference Processing due to unavailable references
[507.348s][debug][gc,ref       ] GC(343) Skipped phase3 of Reference Processing due to unavailable references
[507.348s][debug][gc,ref       ] GC(343) Skipped phase4 of Reference Processing due to unavailable references
[507.348s][debug][gc,age       ] GC(343) Desired survivor size 15400960 bytes, new threshold 6 (max threshold 6)
[507.348s][info ][gc,heap      ] GC(343) ParNew: 241137K->202K(270976K)
[507.348s][info ][gc,heap      ] GC(343) CMS: 259961K->259963K(602112K)
[507.348s][info ][gc,metaspace ] GC(343) Metaspace: 55730K->55730K(1099776K)
[507.348s][info ][gc           ] GC(343) Pause Young (Allocation Failure) 489M->254M(852M) 4.602ms
[507.348s][info ][gc,cpu       ] GC(343) User=0.02s Sys=0.00s Real=0.00s
[507.348s][info ][safepoint    ] Leaving safepoint region
[507.348s][info ][safepoint    ] Total time for which application threads were stopped: 0.0047924 seconds, Stopping threads took: 0.0000271 seconds
[507.625s][info ][safepoint    ] Application time: 0.2768884 seconds
[507.625s][info ][safepoint    ] Entering safepoint region: GenCollectForAllocation
[507.625s][info ][gc,start     ] GC(344) Pause Young (Allocation Failure)
[507.625s][info ][gc,task      ] GC(344) Using 4 workers of 4 for evacuation
[507.632s][debug][gc,ref       ] GC(344) Skipped phase1 of Reference Processing due to unavailable references
[507.632s][debug][gc,ref       ] GC(344) Skipped phase2 of Reference Processing due to unavailable references
[507.632s][debug][gc,ref       ] GC(344) Skipped phase3 of Reference Processing due to unavailable references
[507.632s][debug][gc,ref       ] GC(344) Skipped phase4 of Reference Processing due to unavailable references
[507.632s][debug][gc,age       ] GC(344) Desired survivor size 15400960 bytes, new threshold 6 (max threshold 6)
[507.632s][info ][gc,heap      ] GC(344) ParNew: 241098K->252K(270976K)
[507.632s][info ][gc,heap      ] GC(344) CMS: 259963K->259963K(602112K)
[507.632s][info ][gc,metaspace ] GC(344) Metaspace: 55730K->55730K(1099776K)
[507.632s][info ][gc           ] GC(344) Pause Young (Allocation Failure) 489M->254M(852M) 7.008ms
[507.632s][info ][gc,cpu       ] GC(344) User=0.02s Sys=0.00s Real=0.01s
[507.632s][info ][safepoint    ] Leaving safepoint region
[507.632s][info ][safepoint    ] Total time for which application threads were stopped: 0.0072526 seconds, Stopping threads took: 0.0000570 seconds
[508.127s][info ][safepoint    ] Application time: 0.4950536 seconds
[508.127s][info ][safepoint    ] Entering safepoint region: GenCollectForAllocation
[508.127s][info ][gc,start     ] GC(345) Pause Young (Allocation Failure)
[508.127s][info ][gc,task      ] GC(345) Using 4 workers of 4 for evacuation
[508.129s][debug][gc,ref       ] GC(345) Skipped phase1 of Reference Processing due to unavailable references
[508.129s][debug][gc,ref       ] GC(345) Skipped phase2 of Reference Processing due to unavailable references
[508.129s][debug][gc,ref       ] GC(345) Skipped phase3 of Reference Processing due to unavailable references
[508.129s][debug][gc,ref       ] GC(345) Skipped phase4 of Reference Processing due to unavailable references
[508.129s][debug][gc,age       ] GC(345) Desired survivor size 15400960 bytes, new threshold 6 (max threshold 6)
[508.129s][info ][gc,heap      ] GC(345) ParNew: 241148K->638K(270976K)
[508.129s][info ][gc,heap      ] GC(345) CMS: 259963K->259963K(602112K)
[508.129s][info ][gc,metaspace ] GC(345) Metaspace: 55731K->55731K(1099776K)
[508.129s][info ][gc           ] GC(345) Pause Young (Allocation Failure) 489M->254M(852M) 1.893ms
[508.129s][info ][gc,cpu       ] GC(345) User=0.00s Sys=0.00s Real=0.00s
[508.129s][info ][safepoint    ] Leaving safepoint region
[508.129s][info ][safepoint    ] Total time for which application threads were stopped: 0.0021136 seconds, Stopping threads took: 0.0000425 seconds
[509.129s][info ][safepoint    ] Application time: 1.0000971 seconds
[509.129s][info ][safepoint    ] Entering safepoint region: Cleanup
[509.129s][info ][safepoint    ] Leaving safepoint region
[509.129s][info ][safepoint    ] Total time for which application threads were stopped: 0.0001685 seconds, Stopping threads took: 0.0000543 seconds
[509.777s][info ][safepoint    ] Application time: 0.6473456 seconds
[509.777s][info ][safepoint    ] Entering safepoint region: GenCollectForAllocation
[509.777s][info ][gc,start     ] GC(346) Pause Young (Allocation Failure)
[509.777s][info ][gc,task      ] GC(346) Using 4 workers of 4 for evacuation
[509.780s][debug][gc,ref       ] GC(346) Skipped phase1 of Reference Processing due to unavailable references
[509.780s][debug][gc,ref       ] GC(346) Skipped phase2 of Reference Processing due to unavailable references
[509.780s][debug][gc,ref       ] GC(346) Skipped phase3 of Reference Processing due to unavailable references
[509.780s][debug][gc,ref       ] GC(346) Skipped phase4 of Reference Processing due to unavailable references
[509.780s][debug][gc,age       ] GC(346) Desired survivor size 15400960 bytes, new threshold 6 (max threshold 6)
[509.780s][info ][gc,heap      ] GC(346) ParNew: 241534K->582K(270976K)
[509.780s][info ][gc,heap      ] GC(346) CMS: 259963K->259973K(602112K)
[509.780s][info ][gc,metaspace ] GC(346) Metaspace: 55731K->55731K(1099776K)
[509.780s][info ][gc           ] GC(346) Pause Young (Allocation Failure) 489M->254M(852M) 3.005ms
[509.780s][info ][gc,cpu       ] GC(346) User=0.01s Sys=0.00s Real=0.00s
[509.780s][info ][safepoint    ] Leaving safepoint region
[509.780s][info ][safepoint    ] Total time for which application threads were stopped: 0.0032092 seconds, Stopping threads took: 0.0000376 seconds
[510.780s][info ][safepoint    ] Application time: 1.0000812 seconds
[510.780s][info ][safepoint    ] Entering safepoint region: Cleanup
[510.780s][info ][safepoint    ] Leaving safepoint region
[510.780s][info ][safepoint    ] Total time for which application threads were stopped: 0.0002032 seconds, Stopping threads took: 0.0001151 seconds
[511.426s][info ][safepoint    ] Application time: 0.6457298 seconds
[511.426s][info ][safepoint    ] Entering safepoint region: GenCollectForAllocation
[511.426s][info ][gc,start     ] GC(347) Pause Young (Allocation Failure)
[511.426s][info ][gc,task      ] GC(347) Using 4 workers of 4 for evacuation
[511.428s][debug][gc,ref       ] GC(347) Skipped phase1 of Reference Processing due to unavailable references
[511.428s][debug][gc,ref       ] GC(347) Skipped phase2 of Reference Processing due to unavailable references
[511.428s][debug][gc,ref       ] GC(347) Skipped phase3 of Reference Processing due to unavailable references
[511.428s][debug][gc,ref       ] GC(347) Skipped phase4 of Reference Processing due to unavailable references
[511.428s][debug][gc,age       ] GC(347) Desired survivor size 15400960 bytes, new threshold 6 (max threshold 6)
[511.428s][info ][gc,heap      ] GC(347) ParNew: 241478K->628K(270976K)
[511.428s][info ][gc,heap      ] GC(347) CMS: 259973K->259973K(602112K)
[511.428s][info ][gc,metaspace ] GC(347) Metaspace: 55731K->55731K(1099776K)
[511.428s][info ][gc           ] GC(347) Pause Young (Allocation Failure) 489M->254M(852M) 2.023ms
[511.428s][info ][gc,cpu       ] GC(347) User=0.00s Sys=0.00s Real=0.00s
[511.428s][info ][safepoint    ] Leaving safepoint region
[511.428s][info ][safepoint    ] Total time for which application threads were stopped: 0.0022686 seconds, Stopping threads took: 0.0000709 seconds
[512.428s][info ][safepoint    ] Application time: 1.0001152 seconds
[512.429s][info ][safepoint    ] Entering safepoint region: Cleanup
[512.429s][info ][safepoint    ] Leaving safepoint region
[512.429s][info ][safepoint    ] Total time for which application threads were stopped: 0.0001373 seconds, Stopping threads took: 0.0000492 seconds
[513.128s][info ][safepoint    ] Application time: 0.6994924 seconds
[513.128s][info ][safepoint    ] Entering safepoint region: GenCollectForAllocation
[513.128s][info ][gc,start     ] GC(348) Pause Young (Allocation Failure)
[513.128s][info ][gc,task      ] GC(348) Using 4 workers of 4 for evacuation
[513.130s][debug][gc,ref       ] GC(348) Skipped phase1 of Reference Processing due to unavailable references
[513.130s][debug][gc,ref       ] GC(348) Skipped phase2 of Reference Processing due to unavailable references
[513.130s][debug][gc,ref       ] GC(348) Skipped phase3 of Reference Processing due to unavailable references
[513.130s][debug][gc,ref       ] GC(348) Skipped phase4 of Reference Processing due to unavailable references
[513.130s][debug][gc,age       ] GC(348) Desired survivor size 15400960 bytes, new threshold 6 (max threshold 6)
[513.130s][info ][gc,heap      ] GC(348) ParNew: 241524K->582K(270976K)
[513.130s][info ][gc,heap      ] GC(348) CMS: 259973K->259973K(602112K)
[513.130s][info ][gc,metaspace ] GC(348) Metaspace: 55731K->55731K(1099776K)
[513.130s][info ][gc           ] GC(348) Pause Young (Allocation Failure) 489M->254M(852M) 1.969ms
[513.130s][info ][gc,cpu       ] GC(348) User=0.01s Sys=0.00s Real=0.01s
[513.130s][info ][safepoint    ] Leaving safepoint region
[513.130s][info ][safepoint    ] Total time for which application threads were stopped: 0.0021693 seconds, Stopping threads took: 0.0000270 seconds
[514.130s][info ][safepoint    ] Application time: 1.0000961 seconds
[514.130s][info ][safepoint    ] Entering safepoint region: Cleanup
[514.131s][info ][safepoint    ] Leaving safepoint region
[514.131s][info ][safepoint    ] Total time for which application threads were stopped: 0.0001035 seconds, Stopping threads took: 0.0000270 seconds
[514.822s][info ][safepoint    ] Application time: 0.6913623 seconds
[514.822s][info ][safepoint    ] Entering safepoint region: GenCollectForAllocation
[514.822s][info ][gc,start     ] GC(349) Pause Young (Allocation Failure)
[514.822s][info ][gc,task      ] GC(349) Using 4 workers of 4 for evacuation
[514.824s][debug][gc,ref       ] GC(349) Skipped phase1 of Reference Processing due to unavailable references
[514.824s][debug][gc,ref       ] GC(349) Skipped phase2 of Reference Processing due to unavailable references
[514.824s][debug][gc,ref       ] GC(349) Skipped phase3 of Reference Processing due to unavailable references
[514.824s][debug][gc,ref       ] GC(349) Skipped phase4 of Reference Processing due to unavailable references
[514.824s][debug][gc,age       ] GC(349) Desired survivor size 15400960 bytes, new threshold 6 (max threshold 6)
[514.824s][info ][gc,heap      ] GC(349) ParNew: 241478K->621K(270976K)
[514.824s][info ][gc,heap      ] GC(349) CMS: 259973K->259977K(602112K)
[514.824s][info ][gc,metaspace ] GC(349) Metaspace: 55731K->55731K(1099776K)
[514.824s][info ][gc           ] GC(349) Pause Young (Allocation Failure) 489M->254M(852M) 2.073ms
[514.824s][info ][gc,cpu       ] GC(349) User=0.00s Sys=0.01s Real=0.00s
[514.824s][info ][safepoint    ] Leaving safepoint region
[514.824s][info ][safepoint    ] Total time for which application threads were stopped: 0.0023271 seconds, Stopping threads took: 0.0000407 seconds
[515.824s][info ][safepoint    ] Application time: 1.0000694 seconds
[515.824s][info ][safepoint    ] Entering safepoint region: Cleanup
[515.825s][info ][safepoint    ] Leaving safepoint region
[515.825s][info ][safepoint    ] Total time for which application threads were stopped: 0.0001313 seconds, Stopping threads took: 0.0000391 seconds
[516.576s][info ][safepoint    ] Application time: 0.7509546 seconds
[516.576s][info ][safepoint    ] Entering safepoint region: GenCollectForAllocation
[516.576s][info ][gc,start     ] GC(350) Pause Young (Allocation Failure)
[516.576s][info ][gc,task      ] GC(350) Using 4 workers of 4 for evacuation
[516.578s][debug][gc,ref       ] GC(350) Skipped phase1 of Reference Processing due to unavailable references
[516.578s][debug][gc,ref       ] GC(350) Skipped phase2 of Reference Processing due to unavailable references
[516.578s][debug][gc,ref       ] GC(350) Skipped phase3 of Reference Processing due to unavailable references
[516.578s][debug][gc,ref       ] GC(350) Skipped phase4 of Reference Processing due to unavailable references
[516.578s][debug][gc,age       ] GC(350) Desired survivor size 15400960 bytes, new threshold 6 (max threshold 6)
[516.578s][info ][gc,heap      ] GC(350) ParNew: 241517K->450K(270976K)
[516.578s][info ][gc,heap      ] GC(350) CMS: 259977K->260123K(602112K)
[516.578s][info ][gc,metaspace ] GC(350) Metaspace: 55731K->55731K(1099776K)
[516.578s][info ][gc           ] GC(350) Pause Young (Allocation Failure) 489M->254M(852M) 2.745ms
[516.579s][info ][gc,cpu       ] GC(350) User=0.01s Sys=0.00s Real=0.00s
[516.579s][info ][safepoint    ] Leaving safepoint region
[516.579s][info ][safepoint    ] Total time for which application threads were stopped: 0.0029930 seconds, Stopping threads took: 0.0000772 seconds
[517.579s][info ][safepoint    ] Application time: 1.0001035 seconds
[517.579s][info ][safepoint    ] Entering safepoint region: Cleanup
[517.579s][info ][safepoint    ] Leaving safepoint region
[517.579s][info ][safepoint    ] Total time for which application threads were stopped: 0.0001364 seconds, Stopping threads took: 0.0000497 seconds
[518.478s][info ][safepoint    ] Application time: 0.8990200 seconds
[518.478s][info ][safepoint    ] Entering safepoint region: GenCollectForAllocation
[518.478s][info ][gc,start     ] GC(351) Pause Young (Allocation Failure)
[518.478s][info ][gc,task      ] GC(351) Using 4 workers of 4 for evacuation
[518.480s][debug][gc,ref       ] GC(351) Skipped phase1 of Reference Processing due to unavailable references
[518.480s][debug][gc,ref       ] GC(351) Skipped phase2 of Reference Processing due to unavailable references
[518.480s][debug][gc,ref       ] GC(351) Skipped phase3 of Reference Processing due to unavailable references
[518.480s][debug][gc,ref       ] GC(351) Skipped phase4 of Reference Processing due to unavailable references
[518.480s][debug][gc,age       ] GC(351) Desired survivor size 15400960 bytes, new threshold 6 (max threshold 6)
[518.480s][info ][gc,heap      ] GC(351) ParNew: 241346K->370K(270976K)
[518.480s][info ][gc,heap      ] GC(351) CMS: 260123K->260143K(602112K)
[518.480s][info ][gc,metaspace ] GC(351) Metaspace: 55732K->55732K(1099776K)
[518.480s][info ][gc           ] GC(351) Pause Young (Allocation Failure) 489M->254M(852M) 1.948ms
[518.480s][info ][gc,cpu       ] GC(351) User=0.01s Sys=0.00s Real=0.00s
[518.480s][info ][safepoint    ] Leaving safepoint region
[518.480s][info ][safepoint    ] Total time for which application threads were stopped: 0.0021703 seconds, Stopping threads took: 0.0000363 seconds
[519.480s][info ][safepoint    ] Application time: 1.0000717 seconds
[519.480s][info ][safepoint    ] Entering safepoint region: Cleanup
[519.480s][info ][safepoint    ] Leaving safepoint region
[519.480s][info ][safepoint    ] Total time for which application threads were stopped: 0.0001382 seconds, Stopping threads took: 0.0000390 seconds
[519.934s][info ][safepoint    ] Application time: 0.4533371 seconds
[519.934s][info ][safepoint    ] Entering safepoint region: GenCollectForAllocation
[519.934s][info ][gc,start     ] GC(352) Pause Young (Allocation Failure)
[519.934s][info ][gc,task      ] GC(352) Using 4 workers of 4 for evacuation
[519.936s][debug][gc,ref       ] GC(352) Skipped phase1 of Reference Processing due to unavailable references
[519.936s][debug][gc,ref       ] GC(352) Skipped phase2 of Reference Processing due to unavailable references
[519.936s][debug][gc,ref       ] GC(352) Skipped phase3 of Reference Processing due to unavailable references
[519.936s][debug][gc,ref       ] GC(352) Skipped phase4 of Reference Processing due to unavailable references
[519.936s][debug][gc,age       ] GC(352) Desired survivor size 15400960 bytes, new threshold 6 (max threshold 6)
[519.936s][info ][gc,heap      ] GC(352) ParNew: 241266K->388K(270976K)
[519.936s][info ][gc,heap      ] GC(352) CMS: 260143K->260144K(602112K)
[519.936s][info ][gc,metaspace ] GC(352) Metaspace: 55732K->55732K(1099776K)
[519.936s][info ][gc           ] GC(352) Pause Young (Allocation Failure) 489M->254M(852M) 2.176ms
[519.936s][info ][gc,cpu       ] GC(352) User=0.01s Sys=0.01s Real=0.00s
[519.936s][info ][safepoint    ] Leaving safepoint region
[519.936s][info ][safepoint    ] Total time for which application threads were stopped: 0.0024507 seconds, Stopping threads took: 0.0000903 seconds
[520.936s][info ][safepoint    ] Application time: 1.0000771 seconds
[520.936s][info ][safepoint    ] Entering safepoint region: Cleanup
[520.936s][info ][safepoint    ] Leaving safepoint region
[520.936s][info ][safepoint    ] Total time for which application threads were stopped: 0.0001349 seconds, Stopping threads took: 0.0000439 seconds
[521.776s][info ][safepoint    ] Application time: 0.8391782 seconds
[521.776s][info ][safepoint    ] Entering safepoint region: GenCollectForAllocation
[521.776s][info ][gc,start     ] GC(353) Pause Young (Allocation Failure)
[521.776s][info ][gc,task      ] GC(353) Using 4 workers of 4 for evacuation
[521.777s][debug][gc,ref       ] GC(353) Skipped phase1 of Reference Processing due to unavailable references
[521.777s][debug][gc,ref       ] GC(353) Skipped phase2 of Reference Processing due to unavailable references
[521.777s][debug][gc,ref       ] GC(353) Skipped phase3 of Reference Processing due to unavailable references
[521.777s][debug][gc,ref       ] GC(353) Skipped phase4 of Reference Processing due to unavailable references
[521.778s][debug][gc,age       ] GC(353) Desired survivor size 15400960 bytes, new threshold 6 (max threshold 6)
[521.778s][info ][gc,heap      ] GC(353) ParNew: 241284K->340K(270976K)
[521.778s][info ][gc,heap      ] GC(353) CMS: 260144K->260162K(602112K)
[521.778s][info ][gc,metaspace ] GC(353) Metaspace: 55734K->55734K(1099776K)
[521.778s][info ][gc           ] GC(353) Pause Young (Allocation Failure) 489M->254M(852M) 1.880ms
[521.778s][info ][gc,cpu       ] GC(353) User=0.01s Sys=0.00s Real=0.00s
[521.778s][info ][safepoint    ] Leaving safepoint region
[521.778s][info ][safepoint    ] Total time for which application threads were stopped: 0.0020795 seconds, Stopping threads took: 0.0000381 seconds
[522.778s][info ][safepoint    ] Application time: 1.0000497 seconds
[522.778s][info ][safepoint    ] Entering safepoint region: Cleanup
[522.778s][info ][safepoint    ] Leaving safepoint region
[522.778s][info ][safepoint    ] Total time for which application threads were stopped: 0.0001536 seconds, Stopping threads took: 0.0000371 seconds
[523.480s][info ][safepoint    ] Application time: 0.7018499 seconds
[523.480s][info ][safepoint    ] Entering safepoint region: GenCollectForAllocation
[523.480s][info ][gc,start     ] GC(354) Pause Young (Allocation Failure)
[523.480s][info ][gc,task      ] GC(354) Using 4 workers of 4 for evacuation
[523.482s][debug][gc,ref       ] GC(354) Skipped phase1 of Reference Processing due to unavailable references
[523.482s][debug][gc,ref       ] GC(354) Skipped phase2 of Reference Processing due to unavailable references
[523.482s][debug][gc,ref       ] GC(354) Skipped phase3 of Reference Processing due to unavailable references
[523.482s][debug][gc,ref       ] GC(354) Skipped phase4 of Reference Processing due to unavailable references
[523.482s][debug][gc,age       ] GC(354) Desired survivor size 15400960 bytes, new threshold 6 (max threshold 6)
[523.482s][info ][gc,heap      ] GC(354) ParNew: 241236K->389K(270976K)
[523.482s][info ][gc,heap      ] GC(354) CMS: 260162K->260162K(602112K)
[523.482s][info ][gc,metaspace ] GC(354) Metaspace: 55734K->55734K(1099776K)
[523.482s][info ][gc           ] GC(354) Pause Young (Allocation Failure) 489M->254M(852M) 2.199ms
[523.482s][info ][gc,cpu       ] GC(354) User=0.01s Sys=0.00s Real=0.01s
[523.482s][info ][safepoint    ] Leaving safepoint region
[523.482s][info ][safepoint    ] Total time for which application threads were stopped: 0.0024172 seconds, Stopping threads took: 0.0000387 seconds
[524.482s][info ][safepoint    ] Application time: 1.0000912 seconds
[524.482s][info ][safepoint    ] Entering safepoint region: Cleanup
[524.482s][info ][safepoint    ] Leaving safepoint region
[524.482s][info ][safepoint    ] Total time for which application threads were stopped: 0.0001158 seconds, Stopping threads took: 0.0000263 seconds
[525.480s][info ][safepoint    ] Application time: 0.9977567 seconds
[525.480s][info ][safepoint    ] Entering safepoint region: GenCollectForAllocation
[525.480s][info ][gc,start     ] GC(355) Pause Young (Allocation Failure)
[525.480s][info ][gc,task      ] GC(355) Using 4 workers of 4 for evacuation
[525.483s][debug][gc,ref       ] GC(355) Skipped phase1 of Reference Processing due to unavailable references
[525.483s][debug][gc,ref       ] GC(355) Skipped phase2 of Reference Processing due to unavailable references
[525.483s][debug][gc,ref       ] GC(355) Skipped phase3 of Reference Processing due to unavailable references
[525.483s][debug][gc,ref       ] GC(355) Skipped phase4 of Reference Processing due to unavailable references
[525.483s][debug][gc,age       ] GC(355) Desired survivor size 15400960 bytes, new threshold 6 (max threshold 6)
[525.483s][info ][gc,heap      ] GC(355) ParNew: 241285K->403K(270976K)
[525.483s][info ][gc,heap      ] GC(355) CMS: 260162K->260168K(602112K)
[525.483s][info ][gc,metaspace ] GC(355) Metaspace: 55743K->55743K(1099776K)
[525.483s][info ][gc           ] GC(355) Pause Young (Allocation Failure) 489M->254M(852M) 2.804ms
[525.483s][info ][gc,cpu       ] GC(355) User=0.01s Sys=0.00s Real=0.01s
[525.483s][info ][safepoint    ] Leaving safepoint region
[525.483s][info ][safepoint    ] Total time for which application threads were stopped: 0.0030093 seconds, Stopping threads took: 0.0000311 seconds
[526.483s][info ][safepoint    ] Application time: 1.0000884 seconds
[526.483s][info ][safepoint    ] Entering safepoint region: Cleanup
[526.484s][info ][safepoint    ] Leaving safepoint region
[526.484s][info ][safepoint    ] Total time for which application threads were stopped: 0.0001710 seconds, Stopping threads took: 0.0000728 seconds
[527.484s][info ][safepoint    ] Application time: 1.0000778 seconds
[527.484s][info ][safepoint    ] Entering safepoint region: Cleanup
[527.484s][info ][safepoint    ] Leaving safepoint region
[527.484s][info ][safepoint    ] Total time for which application threads were stopped: 0.0001201 seconds, Stopping threads took: 0.0000315 seconds
[528.484s][info ][safepoint    ] Application time: 1.0000786 seconds
[528.484s][info ][safepoint    ] Entering safepoint region: Cleanup
[528.484s][info ][safepoint    ] Leaving safepoint region
[528.484s][info ][safepoint    ] Total time for which application threads were stopped: 0.0001254 seconds, Stopping threads took: 0.0000444 seconds
[528.526s][info ][safepoint    ] Application time: 0.0423221 seconds
[528.526s][info ][safepoint    ] Entering safepoint region: GenCollectForAllocation
[528.527s][info ][gc,start     ] GC(356) Pause Young (Allocation Failure)
[528.527s][info ][gc,task      ] GC(356) Using 4 workers of 4 for evacuation
[528.528s][debug][gc,ref       ] GC(356) Skipped phase1 of Reference Processing due to unavailable references
[528.529s][debug][gc,ref       ] GC(356) Skipped phase2 of Reference Processing due to unavailable references
[528.529s][debug][gc,ref       ] GC(356) Skipped phase3 of Reference Processing due to unavailable references
[528.529s][debug][gc,ref       ] GC(356) Skipped phase4 of Reference Processing due to unavailable references
[528.529s][debug][gc,age       ] GC(356) Desired survivor size 15400960 bytes, new threshold 6 (max threshold 6)
[528.529s][info ][gc,heap      ] GC(356) ParNew: 241299K->445K(270976K)
[528.529s][info ][gc,heap      ] GC(356) CMS: 260168K->260169K(602112K)
[528.529s][info ][gc,metaspace ] GC(356) Metaspace: 55744K->55744K(1099776K)
[528.529s][info ][gc           ] GC(356) Pause Young (Allocation Failure) 489M->254M(852M) 2.078ms
[528.529s][info ][gc,cpu       ] GC(356) User=0.01s Sys=0.00s Real=0.00s
[528.529s][info ][safepoint    ] Leaving safepoint region
[528.529s][info ][safepoint    ] Total time for which application threads were stopped: 0.0022939 seconds, Stopping threads took: 0.0000365 seconds
[529.529s][info ][safepoint    ] Application time: 1.0001303 seconds
[529.529s][info ][safepoint    ] Entering safepoint region: Cleanup
[529.529s][info ][safepoint    ] Leaving safepoint region
[529.529s][info ][safepoint    ] Total time for which application threads were stopped: 0.0001076 seconds, Stopping threads took: 0.0000289 seconds
[530.529s][info ][safepoint    ] Application time: 1.0000872 seconds
[530.529s][info ][safepoint    ] Entering safepoint region: Cleanup
[530.529s][info ][safepoint    ] Leaving safepoint region
[530.529s][info ][safepoint    ] Total time for which application threads were stopped: 0.0001047 seconds, Stopping threads took: 0.0000258 seconds
[531.125s][info ][safepoint    ] Application time: 0.5960614 seconds
[531.125s][info ][safepoint    ] Entering safepoint region: GenCollectForAllocation
[531.126s][info ][gc,start     ] GC(357) Pause Young (Allocation Failure)
[531.126s][info ][gc,task      ] GC(357) Using 4 workers of 4 for evacuation
[531.128s][debug][gc,ref       ] GC(357) Skipped phase1 of Reference Processing due to unavailable references
[531.128s][debug][gc,ref       ] GC(357) Skipped phase2 of Reference Processing due to unavailable references
[531.128s][debug][gc,ref       ] GC(357) Skipped phase3 of Reference Processing due to unavailable references
[531.128s][debug][gc,ref       ] GC(357) Skipped phase4 of Reference Processing due to unavailable references
[531.128s][debug][gc,age       ] GC(357) Desired survivor size 15400960 bytes, new threshold 6 (max threshold 6)
[531.128s][info ][gc,heap      ] GC(357) ParNew: 241341K->420K(270976K)
[531.128s][info ][gc,heap      ] GC(357) CMS: 260169K->260170K(602112K)
[531.128s][info ][gc,metaspace ] GC(357) Metaspace: 55744K->55744K(1099776K)
[531.128s][info ][gc           ] GC(357) Pause Young (Allocation Failure) 489M->254M(852M) 2.481ms
[531.128s][info ][gc,cpu       ] GC(357) User=0.01s Sys=0.00s Real=0.00s
[531.128s][info ][safepoint    ] Leaving safepoint region
[531.128s][info ][safepoint    ] Total time for which application threads were stopped: 0.0027484 seconds, Stopping threads took: 0.0000456 seconds
[532.128s][info ][safepoint    ] Application time: 1.0001018 seconds
[532.128s][info ][safepoint    ] Entering safepoint region: Cleanup
[532.128s][info ][safepoint    ] Leaving safepoint region
[532.128s][info ][safepoint    ] Total time for which application threads were stopped: 0.0002244 seconds, Stopping threads took: 0.0001136 seconds
[532.980s][info ][safepoint    ] Application time: 0.8512100 seconds
[532.980s][info ][safepoint    ] Entering safepoint region: GenCollectForAllocation
[532.980s][info ][gc,start     ] GC(358) Pause Young (Allocation Failure)
[532.980s][info ][gc,task      ] GC(358) Using 4 workers of 4 for evacuation
[532.990s][debug][gc,ref       ] GC(358) Skipped phase1 of Reference Processing due to unavailable references
[532.990s][debug][gc,ref       ] GC(358) Skipped phase2 of Reference Processing due to unavailable references
[532.990s][debug][gc,ref       ] GC(358) Skipped phase3 of Reference Processing due to unavailable references
[532.990s][debug][gc,ref       ] GC(358) Skipped phase4 of Reference Processing due to unavailable references
[532.990s][debug][gc,age       ] GC(358) Desired survivor size 15400960 bytes, new threshold 6 (max threshold 6)
[532.990s][info ][gc,heap      ] GC(358) ParNew: 241316K->536K(270976K)
[532.990s][info ][gc,heap      ] GC(358) CMS: 260170K->260179K(602112K)
[532.990s][info ][gc,metaspace ] GC(358) Metaspace: 55745K->55745K(1099776K)
[532.990s][info ][gc           ] GC(358) Pause Young (Allocation Failure) 489M->254M(852M) 9.950ms
[532.990s][info ][gc,cpu       ] GC(358) User=0.02s Sys=0.00s Real=0.02s
[532.990s][info ][safepoint    ] Leaving safepoint region
[532.990s][info ][safepoint    ] Total time for which application threads were stopped: 0.0101776 seconds, Stopping threads took: 0.0000416 seconds
[534.644s][info ][safepoint    ] Application time: 1.6539172 seconds
[534.644s][info ][safepoint    ] Entering safepoint region: GenCollectForAllocation
[534.644s][info ][gc,start     ] GC(359) Pause Young (Allocation Failure)
[534.644s][info ][gc,task      ] GC(359) Using 4 workers of 4 for evacuation
[534.646s][debug][gc,ref       ] GC(359) Skipped phase1 of Reference Processing due to unavailable references
[534.646s][debug][gc,ref       ] GC(359) Skipped phase2 of Reference Processing due to unavailable references
[534.646s][debug][gc,ref       ] GC(359) Skipped phase3 of Reference Processing due to unavailable references
[534.646s][debug][gc,ref       ] GC(359) Skipped phase4 of Reference Processing due to unavailable references
[534.647s][debug][gc,age       ] GC(359) Desired survivor size 15400960 bytes, new threshold 6 (max threshold 6)
[534.647s][info ][gc,heap      ] GC(359) ParNew: 241432K->638K(270976K)
[534.647s][info ][gc,heap      ] GC(359) CMS: 260179K->260194K(602112K)
[534.647s][info ][gc,metaspace ] GC(359) Metaspace: 55745K->55745K(1099776K)
[534.647s][info ][gc           ] GC(359) Pause Young (Allocation Failure) 489M->254M(852M) 2.480ms
[534.647s][info ][gc,cpu       ] GC(359) User=0.00s Sys=0.00s Real=0.00s
[534.647s][info ][safepoint    ] Leaving safepoint region
[534.647s][info ][safepoint    ] Total time for which application threads were stopped: 0.0028511 seconds, Stopping threads took: 0.0001576 seconds
[535.647s][info ][safepoint    ] Application time: 1.0001173 seconds
[535.647s][info ][safepoint    ] Entering safepoint region: Cleanup
[535.647s][info ][safepoint    ] Leaving safepoint region
[535.647s][info ][safepoint    ] Total time for which application threads were stopped: 0.0001912 seconds, Stopping threads took: 0.0000544 seconds
[536.436s][info ][safepoint    ] Application time: 0.7891090 seconds
[536.436s][info ][safepoint    ] Entering safepoint region: GenCollectForAllocation
[536.436s][info ][gc,start     ] GC(360) Pause Young (Allocation Failure)
[536.437s][info ][gc,task      ] GC(360) Using 4 workers of 4 for evacuation
[536.442s][debug][gc,ref       ] GC(360) Skipped phase1 of Reference Processing due to unavailable references
[536.442s][debug][gc,ref       ] GC(360) Skipped phase2 of Reference Processing due to unavailable references
[536.442s][debug][gc,ref       ] GC(360) Skipped phase3 of Reference Processing due to unavailable references
[536.442s][debug][gc,ref       ] GC(360) Skipped phase4 of Reference Processing due to unavailable references
[536.442s][debug][gc,age       ] GC(360) Desired survivor size 15400960 bytes, new threshold 6 (max threshold 6)
[536.442s][info ][gc,heap      ] GC(360) ParNew: 241534K->482K(270976K)
[536.442s][info ][gc,heap      ] GC(360) CMS: 260194K->260218K(602112K)
[536.443s][info ][gc,metaspace ] GC(360) Metaspace: 55745K->55745K(1099776K)
[536.443s][info ][gc           ] GC(360) Pause Young (Allocation Failure) 489M->254M(852M) 6.095ms
[536.443s][info ][gc,cpu       ] GC(360) User=0.01s Sys=0.00s Real=0.01s
[536.443s][info ][safepoint    ] Leaving safepoint region
[536.443s][info ][safepoint    ] Total time for which application threads were stopped: 0.0063987 seconds, Stopping threads took: 0.0000532 seconds
[537.446s][info ][safepoint    ] Application time: 1.0029221 seconds
[537.446s][info ][safepoint    ] Entering safepoint region: Cleanup
[537.446s][info ][safepoint    ] Leaving safepoint region
[537.446s][info ][safepoint    ] Total time for which application threads were stopped: 0.0002483 seconds, Stopping threads took: 0.0001380 seconds
[538.275s][info ][safepoint    ] Application time: 0.8287000 seconds
[538.275s][info ][safepoint    ] Entering safepoint region: GenCollectForAllocation
[538.275s][info ][gc,start     ] GC(361) Pause Young (Allocation Failure)
[538.275s][info ][gc,task      ] GC(361) Using 4 workers of 4 for evacuation
[538.277s][debug][gc,ref       ] GC(361) Skipped phase1 of Reference Processing due to unavailable references
[538.277s][debug][gc,ref       ] GC(361) Skipped phase3 of Reference Processing due to unavailable references
[538.278s][debug][gc,age       ] GC(361) Desired survivor size 15400960 bytes, new threshold 6 (max threshold 6)
[538.278s][info ][gc,heap      ] GC(361) ParNew: 241378K->533K(270976K)
[538.278s][info ][gc,heap      ] GC(361) CMS: 260218K->260234K(602112K)
[538.278s][info ][gc,metaspace ] GC(361) Metaspace: 55749K->55749K(1099776K)
[538.278s][info ][gc           ] GC(361) Pause Young (Allocation Failure) 489M->254M(852M) 2.827ms
[538.278s][info ][gc,cpu       ] GC(361) User=0.01s Sys=0.00s Real=0.00s
[538.278s][info ][safepoint    ] Leaving safepoint region
[538.278s][info ][safepoint    ] Total time for which application threads were stopped: 0.0031082 seconds, Stopping threads took: 0.0000306 seconds
[539.278s][info ][safepoint    ] Application time: 1.0000874 seconds
[539.278s][info ][safepoint    ] Entering safepoint region: Cleanup
[539.278s][info ][safepoint    ] Leaving safepoint region
[539.278s][info ][safepoint    ] Total time for which application threads were stopped: 0.0001561 seconds, Stopping threads took: 0.0000529 seconds
[539.925s][info ][safepoint    ] Application time: 0.6465773 seconds
[539.925s][info ][safepoint    ] Entering safepoint region: GenCollectForAllocation
[539.925s][info ][gc,start     ] GC(362) Pause Young (Allocation Failure)
[539.925s][info ][gc,task      ] GC(362) Using 4 workers of 4 for evacuation
[539.934s][debug][gc,ref       ] GC(362) Skipped phase1 of Reference Processing due to unavailable references
[539.934s][debug][gc,ref       ] GC(362) Skipped phase3 of Reference Processing due to unavailable references
[539.934s][debug][gc,ref       ] GC(362) Skipped phase4 of Reference Processing due to unavailable references
[539.934s][debug][gc,age       ] GC(362) Desired survivor size 15400960 bytes, new threshold 6 (max threshold 6)
[539.934s][info ][gc,heap      ] GC(362) ParNew: 241429K->606K(270976K)
[539.934s][info ][gc,heap      ] GC(362) CMS: 260234K->260246K(602112K)
[539.934s][info ][gc,metaspace ] GC(362) Metaspace: 55749K->55749K(1099776K)
[539.934s][info ][gc           ] GC(362) Pause Young (Allocation Failure) 489M->254M(852M) 8.898ms
[539.934s][info ][gc,cpu       ] GC(362) User=0.01s Sys=0.00s Real=0.01s
[539.934s][info ][safepoint    ] Leaving safepoint region
[539.934s][info ][safepoint    ] Total time for which application threads were stopped: 0.0092269 seconds, Stopping threads took: 0.0000493 seconds
[540.934s][info ][safepoint    ] Application time: 1.0001051 seconds
[540.934s][info ][safepoint    ] Entering safepoint region: Cleanup
[540.934s][info ][safepoint    ] Leaving safepoint region
[540.934s][info ][safepoint    ] Total time for which application threads were stopped: 0.0001132 seconds, Stopping threads took: 0.0000299 seconds
[541.526s][info ][safepoint    ] Application time: 0.5920254 seconds
[541.526s][info ][safepoint    ] Entering safepoint region: GenCollectForAllocation
[541.527s][info ][gc,start     ] GC(363) Pause Young (Allocation Failure)
[541.527s][info ][gc,task      ] GC(363) Using 4 workers of 4 for evacuation
[541.529s][debug][gc,ref       ] GC(363) Skipped phase1 of Reference Processing due to unavailable references
[541.529s][debug][gc,ref       ] GC(363) Skipped phase3 of Reference Processing due to unavailable references
[541.529s][debug][gc,ref       ] GC(363) Skipped phase4 of Reference Processing due to unavailable references
[541.529s][debug][gc,age       ] GC(363) Desired survivor size 15400960 bytes, new threshold 6 (max threshold 6)
[541.529s][info ][gc,heap      ] GC(363) ParNew: 241502K->520K(270976K)
[541.529s][info ][gc,heap      ] GC(363) CMS: 260246K->260278K(602112K)
[541.529s][info ][gc,metaspace ] GC(363) Metaspace: 55750K->55750K(1099776K)
[541.529s][info ][gc           ] GC(363) Pause Young (Allocation Failure) 489M->254M(852M) 2.730ms
[541.529s][info ][gc,cpu       ] GC(363) User=0.01s Sys=0.00s Real=0.00s
[541.529s][info ][safepoint    ] Leaving safepoint region
[541.529s][info ][safepoint    ] Total time for which application threads were stopped: 0.0030435 seconds, Stopping threads took: 0.0000835 seconds
[543.173s][info ][safepoint    ] Application time: 1.6433757 seconds
[543.173s][info ][safepoint    ] Entering safepoint region: GenCollectForAllocation
[543.173s][info ][gc,start     ] GC(364) Pause Young (Allocation Failure)
[543.173s][info ][gc,task      ] GC(364) Using 4 workers of 4 for evacuation
[543.175s][debug][gc,ref       ] GC(364) Skipped phase1 of Reference Processing due to unavailable references
[543.175s][debug][gc,ref       ] GC(364) Skipped phase3 of Reference Processing due to unavailable references
[543.175s][debug][gc,ref       ] GC(364) Skipped phase4 of Reference Processing due to unavailable references
[543.175s][debug][gc,age       ] GC(364) Desired survivor size 15400960 bytes, new threshold 6 (max threshold 6)
[543.175s][info ][gc,heap      ] GC(364) ParNew: 241416K->501K(270976K)
[543.175s][info ][gc,heap      ] GC(364) CMS: 260278K->260340K(602112K)
[543.175s][info ][gc,metaspace ] GC(364) Metaspace: 55750K->55750K(1099776K)
[543.175s][info ][gc           ] GC(364) Pause Young (Allocation Failure) 489M->254M(852M) 2.248ms
[543.175s][info ][gc,cpu       ] GC(364) User=0.01s Sys=0.00s Real=0.00s
[543.175s][info ][safepoint    ] Leaving safepoint region
[543.175s][info ][safepoint    ] Total time for which application threads were stopped: 0.0024705 seconds, Stopping threads took: 0.0000448 seconds
[544.175s][info ][safepoint    ] Application time: 1.0001052 seconds
[544.175s][info ][safepoint    ] Entering safepoint region: Cleanup
[544.175s][info ][safepoint    ] Leaving safepoint region
[544.175s][info ][safepoint    ] Total time for which application threads were stopped: 0.0001719 seconds, Stopping threads took: 0.0000502 seconds
[544.623s][info ][safepoint    ] Application time: 0.4475238 seconds
[544.623s][info ][safepoint    ] Entering safepoint region: GenCollectForAllocation
[544.623s][info ][gc,start     ] GC(365) Pause Young (Allocation Failure)
[544.623s][info ][gc,task      ] GC(365) Using 4 workers of 4 for evacuation
[544.626s][debug][gc,ref       ] GC(365) Skipped phase1 of Reference Processing due to unavailable references
[544.626s][debug][gc,ref       ] GC(365) Skipped phase3 of Reference Processing due to unavailable references
[544.626s][debug][gc,ref       ] GC(365) Skipped phase4 of Reference Processing due to unavailable references
[544.626s][debug][gc,age       ] GC(365) Desired survivor size 15400960 bytes, new threshold 6 (max threshold 6)
[544.626s][info ][gc,heap      ] GC(365) ParNew: 241397K->466K(270976K)
[544.626s][info ][gc,heap      ] GC(365) CMS: 260340K->260342K(602112K)
[544.626s][info ][gc,metaspace ] GC(365) Metaspace: 55750K->55750K(1099776K)
[544.626s][info ][gc           ] GC(365) Pause Young (Allocation Failure) 489M->254M(852M) 2.402ms
[544.626s][info ][gc,cpu       ] GC(365) User=0.00s Sys=0.00s Real=0.00s
[544.626s][info ][safepoint    ] Leaving safepoint region
[544.626s][info ][safepoint    ] Total time for which application threads were stopped: 0.0027195 seconds, Stopping threads took: 0.0001366 seconds
[546.227s][info ][safepoint    ] Application time: 1.6012043 seconds
[546.227s][info ][safepoint    ] Entering safepoint region: GenCollectForAllocation
[546.227s][info ][gc,start     ] GC(366) Pause Young (Allocation Failure)
[546.227s][info ][gc,task      ] GC(366) Using 4 workers of 4 for evacuation
[546.229s][debug][gc,ref       ] GC(366) Skipped phase1 of Reference Processing due to unavailable references
[546.229s][debug][gc,ref       ] GC(366) Skipped phase3 of Reference Processing due to unavailable references
[546.229s][debug][gc,ref       ] GC(366) Skipped phase4 of Reference Processing due to unavailable references
[546.230s][debug][gc,age       ] GC(366) Desired survivor size 15400960 bytes, new threshold 6 (max threshold 6)
[546.230s][info ][gc,heap      ] GC(366) ParNew: 241362K->497K(270976K)
[546.230s][info ][gc,heap      ] GC(366) CMS: 260342K->260352K(602112K)
[546.230s][info ][gc,metaspace ] GC(366) Metaspace: 55750K->55750K(1099776K)
[546.230s][info ][gc           ] GC(366) Pause Young (Allocation Failure) 489M->254M(852M) 2.359ms
[546.230s][info ][gc,cpu       ] GC(366) User=0.01s Sys=0.00s Real=0.01s
[546.230s][info ][safepoint    ] Leaving safepoint region
[546.230s][info ][safepoint    ] Total time for which application threads were stopped: 0.0025951 seconds, Stopping threads took: 0.0000388 seconds
[547.876s][info ][safepoint    ] Application time: 1.6461241 seconds
[547.876s][info ][safepoint    ] Entering safepoint region: GenCollectForAllocation
[547.876s][info ][gc,start     ] GC(367) Pause Young (Allocation Failure)
[547.876s][info ][gc,task      ] GC(367) Using 4 workers of 4 for evacuation
[547.879s][debug][gc,ref       ] GC(367) Skipped phase1 of Reference Processing due to unavailable references
[547.879s][debug][gc,ref       ] GC(367) Skipped phase2 of Reference Processing due to unavailable references
[547.879s][debug][gc,ref       ] GC(367) Skipped phase3 of Reference Processing due to unavailable references
[547.879s][debug][gc,ref       ] GC(367) Skipped phase4 of Reference Processing due to unavailable references
[547.879s][debug][gc,age       ] GC(367) Desired survivor size 15400960 bytes, new threshold 6 (max threshold 6)
[547.879s][info ][gc,heap      ] GC(367) ParNew: 241393K->508K(270976K)
[547.879s][info ][gc,heap      ] GC(367) CMS: 260352K->260353K(602112K)
[547.879s][info ][gc,metaspace ] GC(367) Metaspace: 55750K->55750K(1099776K)
[547.879s][info ][gc           ] GC(367) Pause Young (Allocation Failure) 489M->254M(852M) 3.376ms
[547.879s][info ][gc,cpu       ] GC(367) User=0.01s Sys=0.00s Real=0.00s
[547.879s][info ][safepoint    ] Leaving safepoint region
[547.879s][info ][safepoint    ] Total time for which application threads were stopped: 0.0036107 seconds, Stopping threads took: 0.0000495 seconds
[549.624s][info ][safepoint    ] Application time: 1.7450583 seconds
[549.625s][info ][safepoint    ] Entering safepoint region: GenCollectForAllocation
[549.625s][info ][gc,start     ] GC(368) Pause Young (Allocation Failure)
[549.625s][info ][gc,task      ] GC(368) Using 4 workers of 4 for evacuation
[549.627s][debug][gc,ref       ] GC(368) Skipped phase1 of Reference Processing due to unavailable references
[549.627s][debug][gc,ref       ] GC(368) Skipped phase2 of Reference Processing due to unavailable references
[549.627s][debug][gc,ref       ] GC(368) Skipped phase3 of Reference Processing due to unavailable references
[549.627s][debug][gc,ref       ] GC(368) Skipped phase4 of Reference Processing due to unavailable references
[549.627s][debug][gc,age       ] GC(368) Desired survivor size 15400960 bytes, new threshold 6 (max threshold 6)
[549.627s][info ][gc,heap      ] GC(368) ParNew: 241404K->575K(270976K)
[549.627s][info ][gc,heap      ] GC(368) CMS: 260353K->260376K(602112K)
[549.627s][info ][gc,metaspace ] GC(368) Metaspace: 55750K->55750K(1099776K)
[549.627s][info ][gc           ] GC(368) Pause Young (Allocation Failure) 489M->254M(852M) 2.170ms
[549.627s][info ][gc,cpu       ] GC(368) User=0.01s Sys=0.00s Real=0.00s
[549.627s][info ][safepoint    ] Leaving safepoint region
[549.627s][info ][safepoint    ] Total time for which application threads were stopped: 0.0023703 seconds, Stopping threads took: 0.0000290 seconds
[550.627s][info ][safepoint    ] Application time: 1.0001531 seconds
[550.627s][info ][safepoint    ] Entering safepoint region: Cleanup
[550.627s][info ][safepoint    ] Leaving safepoint region
[550.628s][info ][safepoint    ] Total time for which application threads were stopped: 0.0003763 seconds, Stopping threads took: 0.0002508 seconds
[551.272s][info ][safepoint    ] Application time: 0.6442606 seconds
[551.272s][info ][safepoint    ] Entering safepoint region: GenCollectForAllocation
[551.272s][info ][gc,start     ] GC(369) Pause Young (Allocation Failure)
[551.272s][info ][gc,task      ] GC(369) Using 4 workers of 4 for evacuation
[551.274s][debug][gc,ref       ] GC(369) Skipped phase1 of Reference Processing due to unavailable references
[551.274s][debug][gc,ref       ] GC(369) Skipped phase2 of Reference Processing due to unavailable references
[551.274s][debug][gc,ref       ] GC(369) Skipped phase3 of Reference Processing due to unavailable references
[551.274s][debug][gc,ref       ] GC(369) Skipped phase4 of Reference Processing due to unavailable references
[551.274s][debug][gc,age       ] GC(369) Desired survivor size 15400960 bytes, new threshold 6 (max threshold 6)
[551.274s][info ][gc,heap      ] GC(369) ParNew: 241471K->592K(270976K)
[551.274s][info ][gc,heap      ] GC(369) CMS: 260376K->260380K(602112K)
[551.274s][info ][gc,metaspace ] GC(369) Metaspace: 55750K->55750K(1099776K)
[551.274s][info ][gc           ] GC(369) Pause Young (Allocation Failure) 490M->254M(852M) 2.089ms
[551.274s][info ][gc,cpu       ] GC(369) User=0.00s Sys=0.01s Real=0.00s
[551.274s][info ][safepoint    ] Leaving safepoint region
[551.274s][info ][safepoint    ] Total time for which application threads were stopped: 0.0022967 seconds, Stopping threads took: 0.0000383 seconds
[552.426s][info ][safepoint    ] Application time: 1.1518600 seconds
[552.426s][info ][safepoint    ] Entering safepoint region: GenCollectForAllocation
[552.426s][info ][gc,start     ] GC(370) Pause Young (Allocation Failure)
[552.426s][info ][gc,task      ] GC(370) Using 4 workers of 4 for evacuation
[552.428s][debug][gc,ref       ] GC(370) Skipped phase1 of Reference Processing due to unavailable references
[552.428s][debug][gc,ref       ] GC(370) Skipped phase2 of Reference Processing due to unavailable references
[552.428s][debug][gc,ref       ] GC(370) Skipped phase3 of Reference Processing due to unavailable references
[552.428s][debug][gc,ref       ] GC(370) Skipped phase4 of Reference Processing due to unavailable references
[552.429s][debug][gc,age       ] GC(370) Desired survivor size 15400960 bytes, new threshold 6 (max threshold 6)
[552.429s][info ][gc,heap      ] GC(370) ParNew: 241488K->563K(270976K)
[552.429s][info ][gc,heap      ] GC(370) CMS: 260380K->260382K(602112K)
[552.429s][info ][gc,metaspace ] GC(370) Metaspace: 55750K->55750K(1099776K)
[552.429s][info ][gc           ] GC(370) Pause Young (Allocation Failure) 490M->254M(852M) 2.483ms
[552.429s][info ][gc,cpu       ] GC(370) User=0.00s Sys=0.00s Real=0.00s
[552.429s][info ][safepoint    ] Leaving safepoint region
[552.429s][info ][safepoint    ] Total time for which application threads were stopped: 0.0027199 seconds, Stopping threads took: 0.0000544 seconds
[553.429s][info ][safepoint    ] Application time: 1.0001480 seconds
[553.429s][info ][safepoint    ] Entering safepoint region: Cleanup
[553.429s][info ][safepoint    ] Leaving safepoint region
[553.429s][info ][safepoint    ] Total time for which application threads were stopped: 0.0001758 seconds, Stopping threads took: 0.0000680 seconds
[554.076s][info ][safepoint    ] Application time: 0.6467121 seconds
[554.076s][info ][safepoint    ] Entering safepoint region: GenCollectForAllocation
[554.076s][info ][gc,start     ] GC(371) Pause Young (Allocation Failure)
[554.076s][info ][gc,task      ] GC(371) Using 4 workers of 4 for evacuation
[554.078s][debug][gc,ref       ] GC(371) Skipped phase1 of Reference Processing due to unavailable references
[554.078s][debug][gc,ref       ] GC(371) Skipped phase2 of Reference Processing due to unavailable references
[554.078s][debug][gc,ref       ] GC(371) Skipped phase3 of Reference Processing due to unavailable references
[554.079s][debug][gc,ref       ] GC(371) Skipped phase4 of Reference Processing due to unavailable references
[554.079s][debug][gc,age       ] GC(371) Desired survivor size 15400960 bytes, new threshold 6 (max threshold 6)
[554.079s][info ][gc,heap      ] GC(371) ParNew: 241459K->476K(270976K)
[554.079s][info ][gc,heap      ] GC(371) CMS: 260382K->260456K(602112K)
[554.079s][info ][gc,metaspace ] GC(371) Metaspace: 55750K->55750K(1099776K)
[554.079s][info ][gc           ] GC(371) Pause Young (Allocation Failure) 490M->254M(852M) 2.683ms
[554.079s][info ][gc,cpu       ] GC(371) User=0.01s Sys=0.00s Real=0.00s
[554.079s][info ][safepoint    ] Leaving safepoint region
[554.079s][info ][safepoint    ] Total time for which application threads were stopped: 0.0028912 seconds, Stopping threads took: 0.0000370 seconds
[555.079s][info ][safepoint    ] Application time: 1.0001500 seconds
[555.079s][info ][safepoint    ] Entering safepoint region: Cleanup
[555.079s][info ][safepoint    ] Leaving safepoint region
[555.079s][info ][safepoint    ] Total time for which application threads were stopped: 0.0002414 seconds, Stopping threads took: 0.0001182 seconds
[555.822s][info ][safepoint    ] Application time: 0.7424031 seconds
[555.822s][info ][safepoint    ] Entering safepoint region: GenCollectForAllocation
[555.822s][info ][gc,start     ] GC(372) Pause Young (Allocation Failure)
[555.822s][info ][gc,task      ] GC(372) Using 4 workers of 4 for evacuation
[555.824s][debug][gc,ref       ] GC(372) Skipped phase1 of Reference Processing due to unavailable references
[555.824s][debug][gc,ref       ] GC(372) Skipped phase2 of Reference Processing due to unavailable references
[555.824s][debug][gc,ref       ] GC(372) Skipped phase3 of Reference Processing due to unavailable references
[555.824s][debug][gc,ref       ] GC(372) Skipped phase4 of Reference Processing due to unavailable references
[555.824s][debug][gc,age       ] GC(372) Desired survivor size 15400960 bytes, new threshold 6 (max threshold 6)
[555.824s][info ][gc,heap      ] GC(372) ParNew: 241372K->379K(270976K)
[555.824s][info ][gc,heap      ] GC(372) CMS: 260456K->260467K(602112K)
[555.824s][info ][gc,metaspace ] GC(372) Metaspace: 55751K->55751K(1099776K)
[555.824s][info ][gc           ] GC(372) Pause Young (Allocation Failure) 490M->254M(852M) 1.946ms
[555.824s][info ][gc,cpu       ] GC(372) User=0.01s Sys=0.00s Real=0.00s
[555.824s][info ][safepoint    ] Leaving safepoint region
[555.824s][info ][safepoint    ] Total time for which application threads were stopped: 0.0021382 seconds, Stopping threads took: 0.0000262 seconds
[556.824s][info ][safepoint    ] Application time: 1.0001021 seconds
[556.824s][info ][safepoint    ] Entering safepoint region: Cleanup
[556.824s][info ][safepoint    ] Leaving safepoint region
[556.824s][info ][safepoint    ] Total time for which application threads were stopped: 0.0003975 seconds, Stopping threads took: 0.0002601 seconds
[557.273s][info ][safepoint    ] Application time: 0.4486688 seconds
[557.273s][info ][safepoint    ] Entering safepoint region: GenCollectForAllocation
[557.273s][info ][gc,start     ] GC(373) Pause Young (Allocation Failure)
[557.273s][info ][gc,task      ] GC(373) Using 4 workers of 4 for evacuation
[557.275s][debug][gc,ref       ] GC(373) Skipped phase1 of Reference Processing due to unavailable references
[557.275s][debug][gc,ref       ] GC(373) Skipped phase2 of Reference Processing due to unavailable references
[557.275s][debug][gc,ref       ] GC(373) Skipped phase3 of Reference Processing due to unavailable references
[557.275s][debug][gc,ref       ] GC(373) Skipped phase4 of Reference Processing due to unavailable references
[557.275s][debug][gc,age       ] GC(373) Desired survivor size 15400960 bytes, new threshold 6 (max threshold 6)
[557.275s][info ][gc,heap      ] GC(373) ParNew: 241275K->426K(270976K)
[557.275s][info ][gc,heap      ] GC(373) CMS: 260467K->260475K(602112K)
[557.275s][info ][gc,metaspace ] GC(373) Metaspace: 55751K->55751K(1099776K)
[557.275s][info ][gc           ] GC(373) Pause Young (Allocation Failure) 489M->254M(852M) 2.119ms
[557.275s][info ][gc,cpu       ] GC(373) User=0.00s Sys=0.00s Real=0.00s
[557.275s][info ][safepoint    ] Leaving safepoint region
[557.275s][info ][safepoint    ] Total time for which application threads were stopped: 0.0023284 seconds, Stopping threads took: 0.0000272 seconds
[558.275s][info ][safepoint    ] Application time: 1.0000971 seconds
[558.275s][info ][safepoint    ] Entering safepoint region: Cleanup
[558.276s][info ][safepoint    ] Leaving safepoint region
[558.276s][info ][safepoint    ] Total time for which application threads were stopped: 0.0001610 seconds, Stopping threads took: 0.0000377 seconds
[559.276s][info ][safepoint    ] Application time: 1.0000930 seconds
[559.276s][info ][safepoint    ] Entering safepoint region: Cleanup
[559.276s][info ][safepoint    ] Leaving safepoint region
[559.276s][info ][safepoint    ] Total time for which application threads were stopped: 0.0001932 seconds, Stopping threads took: 0.0000923 seconds
[559.475s][info ][safepoint    ] Application time: 0.1991888 seconds
[559.476s][info ][safepoint    ] Entering safepoint region: GenCollectForAllocation
[559.476s][info ][gc,start     ] GC(374) Pause Young (Allocation Failure)
[559.476s][info ][gc,task      ] GC(374) Using 4 workers of 4 for evacuation
[559.478s][debug][gc,ref       ] GC(374) Skipped phase1 of Reference Processing due to unavailable references
[559.478s][debug][gc,ref       ] GC(374) Skipped phase2 of Reference Processing due to unavailable references
[559.478s][debug][gc,ref       ] GC(374) Skipped phase3 of Reference Processing due to unavailable references
[559.478s][debug][gc,ref       ] GC(374) Skipped phase4 of Reference Processing due to unavailable references
[559.478s][debug][gc,age       ] GC(374) Desired survivor size 15400960 bytes, new threshold 6 (max threshold 6)
[559.478s][info ][gc,heap      ] GC(374) ParNew: 241322K->480K(270976K)
[559.478s][info ][gc,heap      ] GC(374) CMS: 260475K->260491K(602112K)
[559.478s][info ][gc,metaspace ] GC(374) Metaspace: 55751K->55751K(1099776K)
[559.478s][info ][gc           ] GC(374) Pause Young (Allocation Failure) 490M->254M(852M) 2.553ms
[559.478s][info ][gc,cpu       ] GC(374) User=0.00s Sys=0.00s Real=0.00s
[559.478s][info ][safepoint    ] Leaving safepoint region
[559.478s][info ][safepoint    ] Total time for which application threads were stopped: 0.0031314 seconds, Stopping threads took: 0.0003896 seconds
[560.478s][info ][safepoint    ] Application time: 1.0001405 seconds
[560.479s][info ][safepoint    ] Entering safepoint region: Cleanup
[560.479s][info ][safepoint    ] Leaving safepoint region
[560.479s][info ][safepoint    ] Total time for which application threads were stopped: 0.0001777 seconds, Stopping threads took: 0.0000389 seconds
[561.425s][info ][safepoint    ] Application time: 0.9461665 seconds
[561.425s][info ][safepoint    ] Entering safepoint region: GenCollectForAllocation
[561.425s][info ][gc,start     ] GC(375) Pause Young (Allocation Failure)
[561.425s][info ][gc,task      ] GC(375) Using 4 workers of 4 for evacuation
[561.427s][debug][gc,ref       ] GC(375) Skipped phase1 of Reference Processing due to unavailable references
[561.427s][debug][gc,ref       ] GC(375) Skipped phase2 of Reference Processing due to unavailable references
[561.427s][debug][gc,ref       ] GC(375) Skipped phase3 of Reference Processing due to unavailable references
[561.427s][debug][gc,ref       ] GC(375) Skipped phase4 of Reference Processing due to unavailable references
[561.428s][debug][gc,age       ] GC(375) Desired survivor size 15400960 bytes, new threshold 6 (max threshold 6)
[561.428s][info ][gc,heap      ] GC(375) ParNew: 241376K->473K(270976K)
[561.428s][info ][gc,heap      ] GC(375) CMS: 260491K->260497K(602112K)
[561.428s][info ][gc,metaspace ] GC(375) Metaspace: 55751K->55751K(1099776K)
[561.428s][info ][gc           ] GC(375) Pause Young (Allocation Failure) 490M->254M(852M) 2.744ms
[561.428s][info ][gc,cpu       ] GC(375) User=0.01s Sys=0.00s Real=0.00s
[561.428s][info ][safepoint    ] Leaving safepoint region
[561.428s][info ][safepoint    ] Total time for which application threads were stopped: 0.0029572 seconds, Stopping threads took: 0.0000278 seconds
[562.428s][info ][safepoint    ] Application time: 1.0001080 seconds
[562.428s][info ][safepoint    ] Entering safepoint region: Cleanup
[562.428s][info ][safepoint    ] Leaving safepoint region
[562.428s][info ][safepoint    ] Total time for which application threads were stopped: 0.0001934 seconds, Stopping threads took: 0.0000347 seconds
[563.428s][info ][safepoint    ] Application time: 1.0001019 seconds
[563.428s][info ][safepoint    ] Entering safepoint region: Cleanup
[563.429s][info ][safepoint    ] Leaving safepoint region
[563.429s][info ][safepoint    ] Total time for which application threads were stopped: 0.0002211 seconds, Stopping threads took: 0.0001160 seconds
[563.774s][info ][safepoint    ] Application time: 0.3454770 seconds
[563.774s][info ][safepoint    ] Entering safepoint region: GenCollectForAllocation
[563.774s][info ][gc,start     ] GC(376) Pause Young (Allocation Failure)
[563.774s][info ][gc,task      ] GC(376) Using 4 workers of 4 for evacuation
[563.776s][debug][gc,ref       ] GC(376) Skipped phase1 of Reference Processing due to unavailable references
[563.776s][debug][gc,ref       ] GC(376) Skipped phase2 of Reference Processing due to unavailable references
[563.776s][debug][gc,ref       ] GC(376) Skipped phase3 of Reference Processing due to unavailable references
[563.776s][debug][gc,ref       ] GC(376) Skipped phase4 of Reference Processing due to unavailable references
[563.777s][debug][gc,age       ] GC(376) Desired survivor size 15400960 bytes, new threshold 6 (max threshold 6)
[563.777s][info ][gc,heap      ] GC(376) ParNew: 241369K->498K(270976K)
[563.777s][info ][gc,heap      ] GC(376) CMS: 260497K->260497K(602112K)
[563.777s][info ][gc,metaspace ] GC(376) Metaspace: 55752K->55752K(1099776K)
[563.777s][info ][gc           ] GC(376) Pause Young (Allocation Failure) 490M->254M(852M) 2.392ms
[563.777s][info ][gc,cpu       ] GC(376) User=0.01s Sys=0.00s Real=0.00s
[563.777s][info ][safepoint    ] Leaving safepoint region
[563.777s][info ][safepoint    ] Total time for which application threads were stopped: 0.0025976 seconds, Stopping threads took: 0.0000286 seconds
[564.777s][info ][safepoint    ] Application time: 1.0001175 seconds
[564.777s][info ][safepoint    ] Entering safepoint region: Cleanup
[564.777s][info ][safepoint    ] Leaving safepoint region
[564.777s][info ][safepoint    ] Total time for which application threads were stopped: 0.0001379 seconds, Stopping threads took: 0.0000395 seconds
[565.576s][info ][safepoint    ] Application time: 0.7992884 seconds
[565.576s][info ][safepoint    ] Entering safepoint region: GenCollectForAllocation
[565.576s][info ][gc,start     ] GC(377) Pause Young (Allocation Failure)
[565.576s][info ][gc,task      ] GC(377) Using 4 workers of 4 for evacuation
[565.579s][debug][gc,ref       ] GC(377) Skipped phase1 of Reference Processing due to unavailable references
[565.579s][debug][gc,ref       ] GC(377) Skipped phase2 of Reference Processing due to unavailable references
[565.579s][debug][gc,ref       ] GC(377) Skipped phase3 of Reference Processing due to unavailable references
[565.579s][debug][gc,ref       ] GC(377) Skipped phase4 of Reference Processing due to unavailable references
[565.579s][debug][gc,age       ] GC(377) Desired survivor size 15400960 bytes, new threshold 6 (max threshold 6)
[565.579s][info ][gc,heap      ] GC(377) ParNew: 241394K->621K(270976K)
[565.579s][info ][gc,heap      ] GC(377) CMS: 260497K->260498K(602112K)
[565.579s][info ][gc,metaspace ] GC(377) Metaspace: 55752K->55752K(1099776K)
[565.579s][info ][gc           ] GC(377) Pause Young (Allocation Failure) 490M->254M(852M) 2.390ms
[565.579s][info ][gc,cpu       ] GC(377) User=0.00s Sys=0.00s Real=0.00s
[565.579s][info ][safepoint    ] Leaving safepoint region
[565.579s][info ][safepoint    ] Total time for which application threads were stopped: 0.0026319 seconds, Stopping threads took: 0.0000374 seconds
[566.579s][info ][safepoint    ] Application time: 1.0000706 seconds
[566.579s][info ][safepoint    ] Entering safepoint region: Cleanup
[566.579s][info ][safepoint    ] Leaving safepoint region
[566.579s][info ][safepoint    ] Total time for which application threads were stopped: 0.0001484 seconds, Stopping threads took: 0.0000563 seconds
[567.178s][info ][safepoint    ] Application time: 0.5985175 seconds
[567.178s][info ][safepoint    ] Entering safepoint region: GenCollectForAllocation
[567.178s][info ][gc,start     ] GC(378) Pause Young (Allocation Failure)
[567.178s][info ][gc,task      ] GC(378) Using 4 workers of 4 for evacuation
[567.181s][debug][gc,ref       ] GC(378) Skipped phase1 of Reference Processing due to unavailable references
[567.181s][debug][gc,ref       ] GC(378) Skipped phase2 of Reference Processing due to unavailable references
[567.181s][debug][gc,ref       ] GC(378) Skipped phase3 of Reference Processing due to unavailable references
[567.181s][debug][gc,ref       ] GC(378) Skipped phase4 of Reference Processing due to unavailable references
[567.181s][debug][gc,age       ] GC(378) Desired survivor size 15400960 bytes, new threshold 6 (max threshold 6)
[567.181s][info ][gc,heap      ] GC(378) ParNew: 241517K->571K(270976K)
[567.181s][info ][gc,heap      ] GC(378) CMS: 260498K->260503K(602112K)
[567.181s][info ][gc,metaspace ] GC(378) Metaspace: 55754K->55754K(1099776K)
[567.181s][info ][gc           ] GC(378) Pause Young (Allocation Failure) 490M->254M(852M) 2.718ms
[567.181s][info ][gc,cpu       ] GC(378) User=0.00s Sys=0.00s Real=0.00s
[567.181s][info ][safepoint    ] Leaving safepoint region
[567.181s][info ][safepoint    ] Total time for which application threads were stopped: 0.0030901 seconds, Stopping threads took: 0.0001571 seconds
[568.181s][info ][safepoint    ] Application time: 1.0000985 seconds
[568.181s][info ][safepoint    ] Entering safepoint region: Cleanup
[568.181s][info ][safepoint    ] Leaving safepoint region
[568.181s][info ][safepoint    ] Total time for which application threads were stopped: 0.0001174 seconds, Stopping threads took: 0.0000305 seconds
[568.829s][info ][safepoint    ] Application time: 0.6474709 seconds
[568.829s][info ][safepoint    ] Entering safepoint region: GenCollectForAllocation
[568.829s][info ][gc,start     ] GC(379) Pause Young (Allocation Failure)
[568.829s][info ][gc,task      ] GC(379) Using 4 workers of 4 for evacuation
[568.831s][debug][gc,ref       ] GC(379) Skipped phase1 of Reference Processing due to unavailable references
[568.831s][debug][gc,ref       ] GC(379) Skipped phase2 of Reference Processing due to unavailable references
[568.831s][debug][gc,ref       ] GC(379) Skipped phase3 of Reference Processing due to unavailable references
[568.831s][debug][gc,ref       ] GC(379) Skipped phase4 of Reference Processing due to unavailable references
[568.831s][debug][gc,age       ] GC(379) Desired survivor size 15400960 bytes, new threshold 6 (max threshold 6)
[568.831s][info ][gc,heap      ] GC(379) ParNew: 241467K->640K(270976K)
[568.831s][info ][gc,heap      ] GC(379) CMS: 260503K->260544K(602112K)
[568.831s][info ][gc,metaspace ] GC(379) Metaspace: 55754K->55754K(1099776K)
[568.831s][info ][gc           ] GC(379) Pause Young (Allocation Failure) 490M->255M(852M) 2.474ms
[568.831s][info ][gc,cpu       ] GC(379) User=0.01s Sys=0.00s Real=0.01s
[568.831s][info ][safepoint    ] Leaving safepoint region
[568.831s][info ][safepoint    ] Total time for which application threads were stopped: 0.0026951 seconds, Stopping threads took: 0.0000346 seconds
[569.831s][info ][safepoint    ] Application time: 1.0000916 seconds
[569.831s][info ][safepoint    ] Entering safepoint region: Cleanup
[569.832s][info ][safepoint    ] Leaving safepoint region
[569.832s][info ][safepoint    ] Total time for which application threads were stopped: 0.0001598 seconds, Stopping threads took: 0.0000709 seconds
[570.471s][info ][safepoint    ] Application time: 0.6398802 seconds
[570.472s][info ][safepoint    ] Entering safepoint region: GenCollectForAllocation
[570.472s][info ][gc,start     ] GC(380) Pause Young (Allocation Failure)
[570.472s][info ][gc,task      ] GC(380) Using 4 workers of 4 for evacuation
[570.474s][debug][gc,ref       ] GC(380) Skipped phase1 of Reference Processing due to unavailable references
[570.474s][debug][gc,ref       ] GC(380) Skipped phase2 of Reference Processing due to unavailable references
[570.474s][debug][gc,ref       ] GC(380) Skipped phase3 of Reference Processing due to unavailable references
[570.474s][debug][gc,ref       ] GC(380) Skipped phase4 of Reference Processing due to unavailable references
[570.474s][debug][gc,age       ] GC(380) Desired survivor size 15400960 bytes, new threshold 6 (max threshold 6)
[570.474s][info ][gc,heap      ] GC(380) ParNew: 241536K->560K(270976K)
[570.474s][info ][gc,heap      ] GC(380) CMS: 260544K->260609K(602112K)
[570.474s][info ][gc,metaspace ] GC(380) Metaspace: 55754K->55754K(1099776K)
[570.474s][info ][gc           ] GC(380) Pause Young (Allocation Failure) 490M->255M(852M) 2.395ms
[570.474s][info ][gc,cpu       ] GC(380) User=0.01s Sys=0.00s Real=0.00s
[570.474s][info ][safepoint    ] Leaving safepoint region
[570.474s][info ][safepoint    ] Total time for which application threads were stopped: 0.0026123 seconds, Stopping threads took: 0.0000442 seconds
[571.474s][info ][safepoint    ] Application time: 1.0002539 seconds
[571.474s][info ][safepoint    ] Entering safepoint region: Cleanup
[571.475s][info ][safepoint    ] Leaving safepoint region
[571.475s][info ][safepoint    ] Total time for which application threads were stopped: 0.0001389 seconds, Stopping threads took: 0.0000398 seconds
[572.124s][info ][safepoint    ] Application time: 0.6491314 seconds
[572.124s][info ][safepoint    ] Entering safepoint region: GenCollectForAllocation
[572.124s][info ][gc,start     ] GC(381) Pause Young (Allocation Failure)
[572.124s][info ][gc,task      ] GC(381) Using 4 workers of 4 for evacuation
[572.127s][debug][gc,ref       ] GC(381) Skipped phase1 of Reference Processing due to unavailable references
[572.127s][debug][gc,ref       ] GC(381) Skipped phase2 of Reference Processing due to unavailable references
[572.127s][debug][gc,ref       ] GC(381) Skipped phase3 of Reference Processing due to unavailable references
[572.127s][debug][gc,ref       ] GC(381) Skipped phase4 of Reference Processing due to unavailable references
[572.127s][debug][gc,age       ] GC(381) Desired survivor size 15400960 bytes, new threshold 6 (max threshold 6)
[572.127s][info ][gc,heap      ] GC(381) ParNew: 241456K->478K(270976K)
[572.127s][info ][gc,heap      ] GC(381) CMS: 260609K->260626K(602112K)
[572.127s][info ][gc,metaspace ] GC(381) Metaspace: 55754K->55754K(1099776K)
[572.127s][info ][gc           ] GC(381) Pause Young (Allocation Failure) 490M->254M(852M) 2.828ms
[572.127s][info ][gc,cpu       ] GC(381) User=0.01s Sys=0.00s Real=0.00s
[572.127s][info ][safepoint    ] Leaving safepoint region
[572.127s][info ][safepoint    ] Total time for which application threads were stopped: 0.0031848 seconds, Stopping threads took: 0.0001172 seconds
[573.127s][info ][safepoint    ] Application time: 1.0001485 seconds
[573.127s][info ][safepoint    ] Entering safepoint region: Cleanup
[573.127s][info ][safepoint    ] Leaving safepoint region
[573.127s][info ][safepoint    ] Total time for which application threads were stopped: 0.0001399 seconds, Stopping threads took: 0.0000451 seconds
[573.726s][info ][safepoint    ] Application time: 0.5984964 seconds
[573.726s][info ][safepoint    ] Entering safepoint region: GenCollectForAllocation
[573.726s][info ][gc,start     ] GC(382) Pause Young (Allocation Failure)
[573.726s][info ][gc,task      ] GC(382) Using 4 workers of 4 for evacuation
[573.730s][debug][gc,ref       ] GC(382) Skipped phase1 of Reference Processing due to unavailable references
[573.730s][debug][gc,ref       ] GC(382) Skipped phase2 of Reference Processing due to unavailable references
[573.730s][debug][gc,ref       ] GC(382) Skipped phase3 of Reference Processing due to unavailable references
[573.730s][debug][gc,ref       ] GC(382) Skipped phase4 of Reference Processing due to unavailable references
[573.730s][debug][gc,age       ] GC(382) Desired survivor size 15400960 bytes, new threshold 6 (max threshold 6)
[573.730s][info ][gc,heap      ] GC(382) ParNew: 241374K->765K(270976K)
[573.730s][info ][gc,heap      ] GC(382) CMS: 260626K->260664K(602112K)
[573.730s][info ][gc,metaspace ] GC(382) Metaspace: 55755K->55755K(1099776K)
[573.730s][info ][gc           ] GC(382) Pause Young (Allocation Failure) 490M->255M(852M) 3.995ms
[573.730s][info ][gc,cpu       ] GC(382) User=0.01s Sys=0.00s Real=0.01s
[573.730s][info ][safepoint    ] Leaving safepoint region
[573.730s][info ][safepoint    ] Total time for which application threads were stopped: 0.0042196 seconds, Stopping threads took: 0.0000323 seconds
[574.730s][info ][safepoint    ] Application time: 1.0000993 seconds
[574.730s][info ][safepoint    ] Entering safepoint region: Cleanup
[574.730s][info ][safepoint    ] Leaving safepoint region
[574.730s][info ][safepoint    ] Total time for which application threads were stopped: 0.0001654 seconds, Stopping threads took: 0.0000381 seconds
[575.478s][info ][safepoint    ] Application time: 0.7473095 seconds
[575.478s][info ][safepoint    ] Entering safepoint region: GenCollectForAllocation
[575.478s][info ][gc,start     ] GC(383) Pause Young (Allocation Failure)
[575.478s][info ][gc,task      ] GC(383) Using 4 workers of 4 for evacuation
[575.480s][debug][gc,ref       ] GC(383) Skipped phase1 of Reference Processing due to unavailable references
[575.480s][debug][gc,ref       ] GC(383) Skipped phase2 of Reference Processing due to unavailable references
[575.480s][debug][gc,ref       ] GC(383) Skipped phase3 of Reference Processing due to unavailable references
[575.480s][debug][gc,ref       ] GC(383) Skipped phase4 of Reference Processing due to unavailable references
[575.481s][debug][gc,age       ] GC(383) Desired survivor size 15400960 bytes, new threshold 6 (max threshold 6)
[575.481s][info ][gc,heap      ] GC(383) ParNew: 241661K->668K(270976K)
[575.481s][info ][gc,heap      ] GC(383) CMS: 260664K->260690K(602112K)
[575.481s][info ][gc,metaspace ] GC(383) Metaspace: 55755K->55755K(1099776K)
[575.481s][info ][gc           ] GC(383) Pause Young (Allocation Failure) 490M->255M(852M) 2.853ms
[575.481s][info ][gc,cpu       ] GC(383) User=0.01s Sys=0.00s Real=0.00s
[575.481s][info ][safepoint    ] Leaving safepoint region
[575.481s][info ][safepoint    ] Total time for which application threads were stopped: 0.0030760 seconds, Stopping threads took: 0.0000323 seconds
[576.481s][info ][safepoint    ] Application time: 1.0000975 seconds
[576.481s][info ][safepoint    ] Entering safepoint region: Cleanup
[576.481s][info ][safepoint    ] Leaving safepoint region
[576.481s][info ][safepoint    ] Total time for which application threads were stopped: 0.0001423 seconds, Stopping threads took: 0.0000583 seconds
[576.976s][info ][safepoint    ] Application time: 0.4949960 seconds
[576.976s][info ][safepoint    ] Entering safepoint region: GenCollectForAllocation
[576.976s][info ][gc,start     ] GC(384) Pause Young (Allocation Failure)
[576.976s][info ][gc,task      ] GC(384) Using 4 workers of 4 for evacuation
[576.978s][debug][gc,ref       ] GC(384) Skipped phase1 of Reference Processing due to unavailable references
[576.978s][debug][gc,ref       ] GC(384) Skipped phase2 of Reference Processing due to unavailable references
[576.978s][debug][gc,ref       ] GC(384) Skipped phase3 of Reference Processing due to unavailable references
[576.978s][debug][gc,ref       ] GC(384) Skipped phase4 of Reference Processing due to unavailable references
[576.979s][debug][gc,age       ] GC(384) Desired survivor size 15400960 bytes, new threshold 6 (max threshold 6)
[576.979s][info ][gc,heap      ] GC(384) ParNew: 241564K->728K(270976K)
[576.979s][info ][gc,heap      ] GC(384) CMS: 260690K->260705K(602112K)
[576.979s][info ][gc,metaspace ] GC(384) Metaspace: 55757K->55757K(1099776K)
[576.979s][info ][gc           ] GC(384) Pause Young (Allocation Failure) 490M->255M(852M) 2.334ms
[576.979s][info ][gc,cpu       ] GC(384) User=0.01s Sys=0.00s Real=0.00s
[576.979s][info ][safepoint    ] Leaving safepoint region
[576.979s][info ][safepoint    ] Total time for which application threads were stopped: 0.0026477 seconds, Stopping threads took: 0.0001166 seconds
[577.979s][info ][safepoint    ] Application time: 1.0002338 seconds
[577.979s][info ][safepoint    ] Entering safepoint region: Cleanup
[577.979s][info ][safepoint    ] Leaving safepoint region
[577.979s][info ][safepoint    ] Total time for which application threads were stopped: 0.0001518 seconds, Stopping threads took: 0.0000402 seconds
[578.575s][info ][safepoint    ] Application time: 0.5962130 seconds
[578.575s][info ][safepoint    ] Entering safepoint region: GenCollectForAllocation
[578.576s][info ][gc,start     ] GC(385) Pause Young (Allocation Failure)
[578.576s][info ][gc,task      ] GC(385) Using 4 workers of 4 for evacuation
[578.578s][debug][gc,ref       ] GC(385) Skipped phase1 of Reference Processing due to unavailable references
[578.578s][debug][gc,ref       ] GC(385) Skipped phase2 of Reference Processing due to unavailable references
[578.578s][debug][gc,ref       ] GC(385) Skipped phase3 of Reference Processing due to unavailable references
[578.578s][debug][gc,ref       ] GC(385) Skipped phase4 of Reference Processing due to unavailable references
[578.578s][debug][gc,age       ] GC(385) Desired survivor size 15400960 bytes, new threshold 6 (max threshold 6)
[578.578s][info ][gc,heap      ] GC(385) ParNew: 241624K->822K(270976K)
[578.578s][info ][gc,heap      ] GC(385) CMS: 260705K->260725K(602112K)
[578.578s][info ][gc,metaspace ] GC(385) Metaspace: 55757K->55757K(1099776K)
[578.578s][info ][gc           ] GC(385) Pause Young (Allocation Failure) 490M->255M(852M) 2.483ms
[578.578s][info ][gc,cpu       ] GC(385) User=0.01s Sys=0.00s Real=0.00s
[578.578s][info ][safepoint    ] Leaving safepoint region
[578.578s][info ][safepoint    ] Total time for which application threads were stopped: 0.0027263 seconds, Stopping threads took: 0.0000696 seconds
[579.578s][info ][safepoint    ] Application time: 1.0000982 seconds
[579.578s][info ][safepoint    ] Entering safepoint region: Cleanup
[579.578s][info ][safepoint    ] Leaving safepoint region
[579.578s][info ][safepoint    ] Total time for which application threads were stopped: 0.0002400 seconds, Stopping threads took: 0.0001523 seconds
[580.174s][info ][safepoint    ] Application time: 0.5956630 seconds
[580.174s][info ][safepoint    ] Entering safepoint region: GenCollectForAllocation
[580.174s][info ][gc,start     ] GC(386) Pause Young (Allocation Failure)
[580.174s][info ][gc,task      ] GC(386) Using 4 workers of 4 for evacuation
[580.176s][debug][gc,ref       ] GC(386) Skipped phase1 of Reference Processing due to unavailable references
[580.177s][debug][gc,ref       ] GC(386) Skipped phase2 of Reference Processing due to unavailable references
[580.177s][debug][gc,ref       ] GC(386) Skipped phase3 of Reference Processing due to unavailable references
[580.177s][debug][gc,ref       ] GC(386) Skipped phase4 of Reference Processing due to unavailable references
[580.177s][debug][gc,age       ] GC(386) Desired survivor size 15400960 bytes, new threshold 6 (max threshold 6)
[580.177s][info ][gc,heap      ] GC(386) ParNew: 241718K->898K(270976K)
[580.177s][info ][gc,heap      ] GC(386) CMS: 260725K->260727K(602112K)
[580.177s][info ][gc,metaspace ] GC(386) Metaspace: 55758K->55758K(1099776K)
[580.177s][info ][gc           ] GC(386) Pause Young (Allocation Failure) 490M->255M(852M) 2.465ms
[580.177s][info ][gc,cpu       ] GC(386) User=0.01s Sys=0.01s Real=0.00s
[580.177s][info ][safepoint    ] Leaving safepoint region
[580.177s][info ][safepoint    ] Total time for which application threads were stopped: 0.0026732 seconds, Stopping threads took: 0.0000276 seconds
[581.177s][info ][safepoint    ] Application time: 1.0001298 seconds
[581.177s][info ][safepoint    ] Entering safepoint region: Cleanup
[581.177s][info ][safepoint    ] Leaving safepoint region
[581.177s][info ][safepoint    ] Total time for which application threads were stopped: 0.0001841 seconds, Stopping threads took: 0.0000887 seconds
[581.925s][info ][safepoint    ] Application time: 0.7474687 seconds
[581.925s][info ][safepoint    ] Entering safepoint region: GenCollectForAllocation
[581.925s][info ][gc,start     ] GC(387) Pause Young (Allocation Failure)
[581.925s][info ][gc,task      ] GC(387) Using 4 workers of 4 for evacuation
[581.927s][debug][gc,ref       ] GC(387) Skipped phase1 of Reference Processing due to unavailable references
[581.927s][debug][gc,ref       ] GC(387) Skipped phase2 of Reference Processing due to unavailable references
[581.927s][debug][gc,ref       ] GC(387) Skipped phase3 of Reference Processing due to unavailable references
[581.927s][debug][gc,ref       ] GC(387) Skipped phase4 of Reference Processing due to unavailable references
[581.927s][debug][gc,age       ] GC(387) Desired survivor size 15400960 bytes, new threshold 6 (max threshold 6)
[581.927s][info ][gc,heap      ] GC(387) ParNew: 241794K->970K(270976K)
[581.927s][info ][gc,heap      ] GC(387) CMS: 260727K->260734K(602112K)
[581.927s][info ][gc,metaspace ] GC(387) Metaspace: 55758K->55758K(1099776K)
[581.927s][info ][gc           ] GC(387) Pause Young (Allocation Failure) 490M->255M(852M) 2.517ms
[581.927s][info ][gc,cpu       ] GC(387) User=0.01s Sys=0.00s Real=0.00s
[581.927s][info ][safepoint    ] Leaving safepoint region
[581.927s][info ][safepoint    ] Total time for which application threads were stopped: 0.0027386 seconds, Stopping threads took: 0.0000281 seconds
[582.928s][info ][safepoint    ] Application time: 1.0001287 seconds
[582.928s][info ][safepoint    ] Entering safepoint region: Cleanup
[582.928s][info ][safepoint    ] Leaving safepoint region
[582.928s][info ][safepoint    ] Total time for which application threads were stopped: 0.0001168 seconds, Stopping threads took: 0.0000292 seconds
[583.631s][info ][safepoint    ] Application time: 0.7030796 seconds
[583.631s][info ][safepoint    ] Entering safepoint region: GenCollectForAllocation
[583.631s][info ][gc,start     ] GC(388) Pause Young (Allocation Failure)
[583.631s][info ][gc,task      ] GC(388) Using 4 workers of 4 for evacuation
[583.633s][debug][gc,ref       ] GC(388) Skipped phase1 of Reference Processing due to unavailable references
[583.633s][debug][gc,ref       ] GC(388) Skipped phase2 of Reference Processing due to unavailable references
[583.633s][debug][gc,ref       ] GC(388) Skipped phase3 of Reference Processing due to unavailable references
[583.633s][debug][gc,ref       ] GC(388) Skipped phase4 of Reference Processing due to unavailable references
[583.633s][debug][gc,age       ] GC(388) Desired survivor size 15400960 bytes, new threshold 6 (max threshold 6)
[583.633s][info ][gc,heap      ] GC(388) ParNew: 241866K->780K(270976K)
[583.633s][info ][gc,heap      ] GC(388) CMS: 260734K->260744K(602112K)
[583.633s][info ][gc,metaspace ] GC(388) Metaspace: 55758K->55758K(1099776K)
[583.633s][info ][gc           ] GC(388) Pause Young (Allocation Failure) 490M->255M(852M) 1.986ms
[583.633s][info ][gc,cpu       ] GC(388) User=0.01s Sys=0.01s Real=0.00s
[583.633s][info ][safepoint    ] Leaving safepoint region
[583.633s][info ][safepoint    ] Total time for which application threads were stopped: 0.0022205 seconds, Stopping threads took: 0.0000789 seconds
[584.633s][info ][safepoint    ] Application time: 1.0000793 seconds
[584.633s][info ][safepoint    ] Entering safepoint region: Cleanup
[584.633s][info ][safepoint    ] Leaving safepoint region
[584.633s][info ][safepoint    ] Total time for which application threads were stopped: 0.0001051 seconds, Stopping threads took: 0.0000269 seconds
[585.576s][info ][safepoint    ] Application time: 0.9425028 seconds
[585.576s][info ][safepoint    ] Entering safepoint region: GenCollectForAllocation
[585.576s][info ][gc,start     ] GC(389) Pause Young (Allocation Failure)
[585.576s][info ][gc,task      ] GC(389) Using 4 workers of 4 for evacuation
[585.579s][debug][gc,ref       ] GC(389) Skipped phase1 of Reference Processing due to unavailable references
[585.579s][debug][gc,ref       ] GC(389) Skipped phase2 of Reference Processing due to unavailable references
[585.579s][debug][gc,ref       ] GC(389) Skipped phase3 of Reference Processing due to unavailable references
[585.579s][debug][gc,ref       ] GC(389) Skipped phase4 of Reference Processing due to unavailable references
[585.579s][debug][gc,age       ] GC(389) Desired survivor size 15400960 bytes, new threshold 6 (max threshold 6)
[585.579s][info ][gc,heap      ] GC(389) ParNew: 241676K->741K(270976K)
[585.579s][info ][gc,heap      ] GC(389) CMS: 260744K->260748K(602112K)
[585.579s][info ][gc,metaspace ] GC(389) Metaspace: 55758K->55758K(1099776K)
[585.579s][info ][gc           ] GC(389) Pause Young (Allocation Failure) 490M->255M(852M) 2.589ms
[585.579s][info ][gc,cpu       ] GC(389) User=0.01s Sys=0.00s Real=0.00s
[585.579s][info ][safepoint    ] Leaving safepoint region
[585.579s][info ][safepoint    ] Total time for which application threads were stopped: 0.0029600 seconds, Stopping threads took: 0.0002015 seconds
[587.325s][info ][safepoint    ] Application time: 1.7463794 seconds
[587.325s][info ][safepoint    ] Entering safepoint region: GenCollectForAllocation
[587.325s][info ][gc,start     ] GC(390) Pause Young (Allocation Failure)
[587.325s][info ][gc,task      ] GC(390) Using 4 workers of 4 for evacuation
[587.328s][debug][gc,ref       ] GC(390) Skipped phase1 of Reference Processing due to unavailable references
[587.328s][debug][gc,ref       ] GC(390) Skipped phase2 of Reference Processing due to unavailable references
[587.328s][debug][gc,ref       ] GC(390) Skipped phase3 of Reference Processing due to unavailable references
[587.328s][debug][gc,ref       ] GC(390) Skipped phase4 of Reference Processing due to unavailable references
[587.328s][debug][gc,age       ] GC(390) Desired survivor size 15400960 bytes, new threshold 6 (max threshold 6)
[587.328s][info ][gc,heap      ] GC(390) ParNew: 241637K->688K(270976K)
[587.328s][info ][gc,heap      ] GC(390) CMS: 260748K->260774K(602112K)
[587.328s][info ][gc,metaspace ] GC(390) Metaspace: 55759K->55759K(1099776K)
[587.328s][info ][gc           ] GC(390) Pause Young (Allocation Failure) 490M->255M(852M) 2.468ms
[587.328s][info ][gc,cpu       ] GC(390) User=0.01s Sys=0.00s Real=0.00s
[587.328s][info ][safepoint    ] Leaving safepoint region
[587.328s][info ][safepoint    ] Total time for which application threads were stopped: 0.0026978 seconds, Stopping threads took: 0.0000401 seconds
[589.225s][info ][safepoint    ] Application time: 1.8967932 seconds
[589.225s][info ][safepoint    ] Entering safepoint region: GenCollectForAllocation
[589.225s][info ][gc,start     ] GC(391) Pause Young (Allocation Failure)
[589.225s][info ][gc,task      ] GC(391) Using 4 workers of 4 for evacuation
[589.227s][debug][gc,ref       ] GC(391) Skipped phase1 of Reference Processing due to unavailable references
[589.227s][debug][gc,ref       ] GC(391) Skipped phase2 of Reference Processing due to unavailable references
[589.227s][debug][gc,ref       ] GC(391) Skipped phase3 of Reference Processing due to unavailable references
[589.227s][debug][gc,ref       ] GC(391) Skipped phase4 of Reference Processing due to unavailable references
[589.227s][debug][gc,age       ] GC(391) Desired survivor size 15400960 bytes, new threshold 6 (max threshold 6)
[589.227s][info ][gc,heap      ] GC(391) ParNew: 241584K->618K(270976K)
[589.227s][info ][gc,heap      ] GC(391) CMS: 260774K->260993K(602112K)
[589.227s][info ][gc,metaspace ] GC(391) Metaspace: 55759K->55759K(1099776K)
[589.227s][info ][gc           ] GC(391) Pause Young (Allocation Failure) 490M->255M(852M) 2.207ms
[589.227s][info ][gc,cpu       ] GC(391) User=0.01s Sys=0.00s Real=0.00s
[589.227s][info ][safepoint    ] Leaving safepoint region
[589.227s][info ][safepoint    ] Total time for which application threads were stopped: 0.0024869 seconds, Stopping threads took: 0.0000368 seconds
[590.227s][info ][safepoint    ] Application time: 1.0001035 seconds
[590.227s][info ][safepoint    ] Entering safepoint region: Cleanup
[590.228s][info ][safepoint    ] Leaving safepoint region
[590.228s][info ][safepoint    ] Total time for which application threads were stopped: 0.0001697 seconds, Stopping threads took: 0.0000579 seconds
[591.282s][info ][safepoint    ] Application time: 1.0547834 seconds
[591.282s][info ][safepoint    ] Entering safepoint region: GenCollectForAllocation
[591.283s][info ][gc,start     ] GC(392) Pause Young (Allocation Failure)
[591.283s][info ][gc,task      ] GC(392) Using 4 workers of 4 for evacuation
[591.285s][debug][gc,ref       ] GC(392) Skipped phase1 of Reference Processing due to unavailable references
[591.285s][debug][gc,ref       ] GC(392) Skipped phase2 of Reference Processing due to unavailable references
[591.285s][debug][gc,ref       ] GC(392) Skipped phase3 of Reference Processing due to unavailable references
[591.285s][debug][gc,ref       ] GC(392) Skipped phase4 of Reference Processing due to unavailable references
[591.285s][debug][gc,age       ] GC(392) Desired survivor size 15400960 bytes, new threshold 6 (max threshold 6)
[591.285s][info ][gc,heap      ] GC(392) ParNew: 241514K->446K(270976K)
[591.285s][info ][gc,heap      ] GC(392) CMS: 260993K->261017K(602112K)
[591.285s][info ][gc,metaspace ] GC(392) Metaspace: 55760K->55760K(1099776K)
[591.285s][info ][gc           ] GC(392) Pause Young (Allocation Failure) 490M->255M(852M) 2.199ms
[591.285s][info ][gc,cpu       ] GC(392) User=0.01s Sys=0.00s Real=0.00s
[591.285s][info ][safepoint    ] Leaving safepoint region
[591.285s][info ][safepoint    ] Total time for which application threads were stopped: 0.0024047 seconds, Stopping threads took: 0.0000278 seconds
[593.525s][info ][safepoint    ] Application time: 2.2404849 seconds
[593.525s][info ][safepoint    ] Entering safepoint region: GenCollectForAllocation
[593.525s][info ][gc,start     ] GC(393) Pause Young (Allocation Failure)
[593.526s][info ][gc,task      ] GC(393) Using 4 workers of 4 for evacuation
[593.528s][debug][gc,ref       ] GC(393) Skipped phase1 of Reference Processing due to unavailable references
[593.528s][debug][gc,ref       ] GC(393) Skipped phase2 of Reference Processing due to unavailable references
[593.528s][debug][gc,ref       ] GC(393) Skipped phase3 of Reference Processing due to unavailable references
[593.528s][debug][gc,ref       ] GC(393) Skipped phase4 of Reference Processing due to unavailable references
[593.528s][debug][gc,age       ] GC(393) Desired survivor size 15400960 bytes, new threshold 6 (max threshold 6)
[593.528s][info ][gc,heap      ] GC(393) ParNew: 241342K->433K(270976K)
[593.528s][info ][gc,heap      ] GC(393) CMS: 261017K->261029K(602112K)
[593.528s][info ][gc,metaspace ] GC(393) Metaspace: 55760K->55760K(1099776K)
[593.528s][info ][gc           ] GC(393) Pause Young (Allocation Failure) 490M->255M(852M) 2.332ms
[593.528s][info ][gc,cpu       ] GC(393) User=0.01s Sys=0.00s Real=0.00s
[593.528s][info ][safepoint    ] Leaving safepoint region
[593.528s][info ][safepoint    ] Total time for which application threads were stopped: 0.0025419 seconds, Stopping threads took: 0.0000378 seconds
[595.573s][info ][safepoint    ] Application time: 2.0446355 seconds
[595.573s][info ][safepoint    ] Entering safepoint region: GenCollectForAllocation
[595.573s][info ][gc,start     ] GC(394) Pause Young (Allocation Failure)
[595.573s][info ][gc,task      ] GC(394) Using 4 workers of 4 for evacuation
[595.575s][debug][gc,ref       ] GC(394) Skipped phase1 of Reference Processing due to unavailable references
[595.575s][debug][gc,ref       ] GC(394) Skipped phase2 of Reference Processing due to unavailable references
[595.575s][debug][gc,ref       ] GC(394) Skipped phase3 of Reference Processing due to unavailable references
[595.575s][debug][gc,ref       ] GC(394) Skipped phase4 of Reference Processing due to unavailable references
[595.575s][debug][gc,age       ] GC(394) Desired survivor size 15400960 bytes, new threshold 6 (max threshold 6)
[595.575s][info ][gc,heap      ] GC(394) ParNew: 241329K->440K(270976K)
[595.575s][info ][gc,heap      ] GC(394) CMS: 261029K->261029K(602112K)
[595.575s][info ][gc,metaspace ] GC(394) Metaspace: 55760K->55760K(1099776K)
[595.575s][info ][gc           ] GC(394) Pause Young (Allocation Failure) 490M->255M(852M) 2.024ms
[595.575s][info ][gc,cpu       ] GC(394) User=0.01s Sys=0.00s Real=0.00s
[595.575s][info ][safepoint    ] Leaving safepoint region
[595.575s][info ][safepoint    ] Total time for which application threads were stopped: 0.0022239 seconds, Stopping threads took: 0.0000279 seconds
[598.021s][info ][safepoint    ] Application time: 2.4467037 seconds
[598.022s][info ][safepoint    ] Entering safepoint region: GenCollectForAllocation
[598.022s][info ][gc,start     ] GC(395) Pause Young (Allocation Failure)
[598.022s][info ][gc,task      ] GC(395) Using 4 workers of 4 for evacuation
[598.024s][debug][gc,ref       ] GC(395) Skipped phase1 of Reference Processing due to unavailable references
[598.024s][debug][gc,ref       ] GC(395) Skipped phase2 of Reference Processing due to unavailable references
[598.024s][debug][gc,ref       ] GC(395) Skipped phase3 of Reference Processing due to unavailable references
[598.024s][debug][gc,ref       ] GC(395) Skipped phase4 of Reference Processing due to unavailable references
[598.024s][debug][gc,age       ] GC(395) Desired survivor size 15400960 bytes, new threshold 6 (max threshold 6)
[598.024s][info ][gc,heap      ] GC(395) ParNew: 241336K->503K(270976K)
[598.024s][info ][gc,heap      ] GC(395) CMS: 261029K->261031K(602112K)
[598.024s][info ][gc,metaspace ] GC(395) Metaspace: 55760K->55760K(1099776K)
[598.024s][info ][gc           ] GC(395) Pause Young (Allocation Failure) 490M->255M(852M) 2.093ms
[598.024s][info ][gc,cpu       ] GC(395) User=0.01s Sys=0.00s Real=0.00s
[598.024s][info ][safepoint    ] Leaving safepoint region
[598.024s][info ][safepoint    ] Total time for which application threads were stopped: 0.0023626 seconds, Stopping threads took: 0.0001082 seconds
[599.877s][info ][safepoint    ] Application time: 1.8530995 seconds
[599.877s][info ][safepoint    ] Entering safepoint region: GenCollectForAllocation
[599.877s][info ][gc,start     ] GC(396) Pause Young (Allocation Failure)
[599.877s][info ][gc,task      ] GC(396) Using 4 workers of 4 for evacuation
[599.880s][debug][gc,ref       ] GC(396) Skipped phase1 of Reference Processing due to unavailable references
[599.880s][debug][gc,ref       ] GC(396) Skipped phase2 of Reference Processing due to unavailable references
[599.880s][debug][gc,ref       ] GC(396) Skipped phase3 of Reference Processing due to unavailable references
[599.880s][debug][gc,ref       ] GC(396) Skipped phase4 of Reference Processing due to unavailable references
[599.880s][debug][gc,age       ] GC(396) Desired survivor size 15400960 bytes, new threshold 6 (max threshold 6)
[599.880s][info ][gc,heap      ] GC(396) ParNew: 241399K->558K(270976K)
[599.880s][info ][gc,heap      ] GC(396) CMS: 261031K->261059K(602112K)
[599.880s][info ][gc,metaspace ] GC(396) Metaspace: 55760K->55760K(1099776K)
[599.880s][info ][gc           ] GC(396) Pause Young (Allocation Failure) 490M->255M(852M) 2.661ms
[599.880s][info ][gc,cpu       ] GC(396) User=0.01s Sys=0.00s Real=0.00s
[599.880s][info ][safepoint    ] Leaving safepoint region
[599.880s][info ][safepoint    ] Total time for which application threads were stopped: 0.0028741 seconds, Stopping threads took: 0.0000378 seconds
[601.880s][info ][safepoint    ] Application time: 2.0001979 seconds
[601.880s][info ][safepoint    ] Entering safepoint region: Cleanup
[601.880s][info ][safepoint    ] Leaving safepoint region
[601.880s][info ][safepoint    ] Total time for which application threads were stopped: 0.0002097 seconds, Stopping threads took: 0.0000985 seconds
[601.930s][info ][safepoint    ] Application time: 0.0500025 seconds
[601.930s][info ][safepoint    ] Entering safepoint region: GenCollectForAllocation
[601.931s][info ][gc,start     ] GC(397) Pause Young (Allocation Failure)
[601.931s][info ][gc,task      ] GC(397) Using 4 workers of 4 for evacuation
[601.933s][debug][gc,ref       ] GC(397) Skipped phase1 of Reference Processing due to unavailable references
[601.933s][debug][gc,ref       ] GC(397) Skipped phase2 of Reference Processing due to unavailable references
[601.933s][debug][gc,ref       ] GC(397) Skipped phase3 of Reference Processing due to unavailable references
[601.933s][debug][gc,ref       ] GC(397) Skipped phase4 of Reference Processing due to unavailable references
[601.933s][debug][gc,age       ] GC(397) Desired survivor size 15400960 bytes, new threshold 6 (max threshold 6)
[601.933s][info ][gc,heap      ] GC(397) ParNew: 241454K->614K(270976K)
[601.933s][info ][gc,heap      ] GC(397) CMS: 261059K->261060K(602112K)
[601.933s][info ][gc,metaspace ] GC(397) Metaspace: 55760K->55760K(1099776K)
[601.933s][info ][gc           ] GC(397) Pause Young (Allocation Failure) 490M->255M(852M) 2.739ms
[601.933s][info ][gc,cpu       ] GC(397) User=0.01s Sys=0.00s Real=0.00s
[601.933s][info ][safepoint    ] Leaving safepoint region
[601.933s][info ][safepoint    ] Total time for which application threads were stopped: 0.0029428 seconds, Stopping threads took: 0.0000365 seconds
[602.933s][info ][safepoint    ] Application time: 1.0000977 seconds
[602.933s][info ][safepoint    ] Entering safepoint region: Cleanup
[602.934s][info ][safepoint    ] Leaving safepoint region
[602.934s][info ][safepoint    ] Total time for which application threads were stopped: 0.0001644 seconds, Stopping threads took: 0.0000614 seconds
[603.482s][info ][safepoint    ] Application time: 0.5488126 seconds
[603.482s][info ][safepoint    ] Entering safepoint region: GenCollectForAllocation
[603.483s][info ][gc,start     ] GC(398) Pause Young (Allocation Failure)
[603.483s][info ][gc,task      ] GC(398) Using 4 workers of 4 for evacuation
[603.485s][debug][gc,ref       ] GC(398) Skipped phase1 of Reference Processing due to unavailable references
[603.485s][debug][gc,ref       ] GC(398) Skipped phase2 of Reference Processing due to unavailable references
[603.485s][debug][gc,ref       ] GC(398) Skipped phase3 of Reference Processing due to unavailable references
[603.485s][debug][gc,ref       ] GC(398) Skipped phase4 of Reference Processing due to unavailable references
[603.485s][debug][gc,age       ] GC(398) Desired survivor size 15400960 bytes, new threshold 6 (max threshold 6)
[603.485s][info ][gc,heap      ] GC(398) ParNew: 241510K->465K(270976K)
[603.485s][info ][gc,heap      ] GC(398) CMS: 261060K->261081K(602112K)
[603.485s][info ][gc,metaspace ] GC(398) Metaspace: 55762K->55762K(1099776K)
[603.485s][info ][gc           ] GC(398) Pause Young (Allocation Failure) 490M->255M(852M) 2.135ms
[603.485s][info ][gc,cpu       ] GC(398) User=0.01s Sys=0.00s Real=0.00s
[603.485s][info ][safepoint    ] Leaving safepoint region
[603.485s][info ][safepoint    ] Total time for which application threads were stopped: 0.0023491 seconds, Stopping threads took: 0.0000276 seconds
[604.485s][info ][safepoint    ] Application time: 1.0000937 seconds
[604.485s][info ][safepoint    ] Entering safepoint region: Cleanup
[604.485s][info ][safepoint    ] Leaving safepoint region
[604.485s][info ][safepoint    ] Total time for which application threads were stopped: 0.0002213 seconds, Stopping threads took: 0.0000267 seconds
[604.827s][info ][safepoint    ] Application time: 0.3421001 seconds
[604.827s][info ][safepoint    ] Entering safepoint region: GenCollectForAllocation
[604.828s][info ][gc,start     ] GC(399) Pause Young (Allocation Failure)
[604.828s][info ][gc,task      ] GC(399) Using 4 workers of 4 for evacuation
[604.830s][debug][gc,ref       ] GC(399) Skipped phase1 of Reference Processing due to unavailable references
[604.830s][debug][gc,ref       ] GC(399) Skipped phase2 of Reference Processing due to unavailable references
[604.830s][debug][gc,ref       ] GC(399) Skipped phase3 of Reference Processing due to unavailable references
[604.830s][debug][gc,ref       ] GC(399) Skipped phase4 of Reference Processing due to unavailable references
[604.830s][debug][gc,age       ] GC(399) Desired survivor size 15400960 bytes, new threshold 6 (max threshold 6)
[604.830s][info ][gc,heap      ] GC(399) ParNew: 241361K->540K(270976K)
[604.830s][info ][gc,heap      ] GC(399) CMS: 261081K->261084K(602112K)
[604.830s][info ][gc,metaspace ] GC(399) Metaspace: 55763K->55763K(1099776K)
[604.830s][info ][gc           ] GC(399) Pause Young (Allocation Failure) 490M->255M(852M) 2.455ms
[604.830s][info ][gc,cpu       ] GC(399) User=0.01s Sys=0.00s Real=0.01s
[604.830s][info ][safepoint    ] Leaving safepoint region
[604.830s][info ][safepoint    ] Total time for which application threads were stopped: 0.0026914 seconds, Stopping threads took: 0.0000557 seconds
[605.830s][info ][safepoint    ] Application time: 1.0000995 seconds
[605.830s][info ][safepoint    ] Entering safepoint region: Cleanup
[605.830s][info ][safepoint    ] Leaving safepoint region
[605.830s][info ][safepoint    ] Total time for which application threads were stopped: 0.0001166 seconds, Stopping threads took: 0.0000343 seconds
[606.570s][info ][safepoint    ] Application time: 0.7400123 seconds
[606.570s][info ][safepoint    ] Entering safepoint region: GenCollectForAllocation
[606.570s][info ][gc,start     ] GC(400) Pause Young (Allocation Failure)
[606.571s][info ][gc,task      ] GC(400) Using 4 workers of 4 for evacuation
[606.572s][debug][gc,ref       ] GC(400) Skipped phase1 of Reference Processing due to unavailable references
[606.572s][debug][gc,ref       ] GC(400) Skipped phase2 of Reference Processing due to unavailable references
[606.572s][debug][gc,ref       ] GC(400) Skipped phase3 of Reference Processing due to unavailable references
[606.572s][debug][gc,ref       ] GC(400) Skipped phase4 of Reference Processing due to unavailable references
[606.573s][debug][gc,age       ] GC(400) Desired survivor size 15400960 bytes, new threshold 6 (max threshold 6)
[606.573s][info ][gc,heap      ] GC(400) ParNew: 241436K->467K(270976K)
[606.573s][info ][gc,heap      ] GC(400) CMS: 261084K->261115K(602112K)
[606.573s][info ][gc,metaspace ] GC(400) Metaspace: 55764K->55764K(1099776K)
[606.573s][info ][gc           ] GC(400) Pause Young (Allocation Failure) 490M->255M(852M) 2.123ms
[606.573s][info ][gc,cpu       ] GC(400) User=0.00s Sys=0.00s Real=0.00s
[606.573s][info ][safepoint    ] Leaving safepoint region
[606.573s][info ][safepoint    ] Total time for which application threads were stopped: 0.0023301 seconds, Stopping threads took: 0.0000290 seconds
[607.573s][info ][safepoint    ] Application time: 1.0000902 seconds
[607.573s][info ][safepoint    ] Entering safepoint region: Cleanup
[607.573s][info ][safepoint    ] Leaving safepoint region
[607.573s][info ][safepoint    ] Total time for which application threads were stopped: 0.0001431 seconds, Stopping threads took: 0.0000485 seconds
[608.076s][info ][safepoint    ] Application time: 0.5035060 seconds
[608.077s][info ][safepoint    ] Entering safepoint region: GenCollectForAllocation
[608.077s][info ][gc,start     ] GC(401) Pause Young (Allocation Failure)
[608.077s][info ][gc,task      ] GC(401) Using 4 workers of 4 for evacuation
[608.079s][debug][gc,ref       ] GC(401) Skipped phase1 of Reference Processing due to unavailable references
[608.079s][debug][gc,ref       ] GC(401) Skipped phase2 of Reference Processing due to unavailable references
[608.079s][debug][gc,ref       ] GC(401) Skipped phase3 of Reference Processing due to unavailable references
[608.079s][debug][gc,ref       ] GC(401) Skipped phase4 of Reference Processing due to unavailable references
[608.079s][debug][gc,age       ] GC(401) Desired survivor size 15400960 bytes, new threshold 6 (max threshold 6)
[608.079s][info ][gc,heap      ] GC(401) ParNew: 241363K->486K(270976K)
[608.079s][info ][gc,heap      ] GC(401) CMS: 261115K->261128K(602112K)
[608.079s][info ][gc,metaspace ] GC(401) Metaspace: 55765K->55765K(1099776K)
[608.079s][info ][gc           ] GC(401) Pause Young (Allocation Failure) 490M->255M(852M) 2.207ms
[608.079s][info ][gc,cpu       ] GC(401) User=0.01s Sys=0.00s Real=0.00s
[608.079s][info ][safepoint    ] Leaving safepoint region
[608.080s][info ][safepoint    ] Total time for which application threads were stopped: 0.0030146 seconds, Stopping threads took: 0.0000363 seconds
[609.080s][info ][safepoint    ] Application time: 1.0000997 seconds
[609.080s][info ][safepoint    ] Entering safepoint region: Cleanup
[609.080s][info ][safepoint    ] Leaving safepoint region
[609.080s][info ][safepoint    ] Total time for which application threads were stopped: 0.0001497 seconds, Stopping threads took: 0.0000538 seconds
[609.870s][info ][safepoint    ] Application time: 0.7905985 seconds
[609.870s][info ][safepoint    ] Entering safepoint region: GenCollectForAllocation
[609.871s][info ][gc,start     ] GC(402) Pause Young (Allocation Failure)
[609.871s][info ][gc,task      ] GC(402) Using 4 workers of 4 for evacuation
[609.872s][debug][gc,ref       ] GC(402) Skipped phase1 of Reference Processing due to unavailable references
[609.873s][debug][gc,ref       ] GC(402) Skipped phase2 of Reference Processing due to unavailable references
[609.873s][debug][gc,ref       ] GC(402) Skipped phase3 of Reference Processing due to unavailable references
[609.873s][debug][gc,ref       ] GC(402) Skipped phase4 of Reference Processing due to unavailable references
[609.873s][debug][gc,age       ] GC(402) Desired survivor size 15400960 bytes, new threshold 6 (max threshold 6)
[609.873s][info ][gc,heap      ] GC(402) ParNew: 241382K->466K(270976K)
[609.873s][info ][gc,heap      ] GC(402) CMS: 261128K->261161K(602112K)
[609.873s][info ][gc,metaspace ] GC(402) Metaspace: 55765K->55765K(1099776K)
[609.873s][info ][gc           ] GC(402) Pause Young (Allocation Failure) 490M->255M(852M) 2.105ms
[609.873s][info ][gc,cpu       ] GC(402) User=0.01s Sys=0.00s Real=0.00s
[609.873s][info ][safepoint    ] Leaving safepoint region
[609.873s][info ][safepoint    ] Total time for which application threads were stopped: 0.0022899 seconds, Stopping threads took: 0.0000287 seconds
[610.873s][info ][safepoint    ] Application time: 1.0001022 seconds
[610.873s][info ][safepoint    ] Entering safepoint region: Cleanup
[610.873s][info ][safepoint    ] Leaving safepoint region
[610.873s][info ][safepoint    ] Total time for which application threads were stopped: 0.0001388 seconds, Stopping threads took: 0.0000472 seconds
[611.624s][info ][safepoint    ] Application time: 0.7514271 seconds
[611.624s][info ][safepoint    ] Entering safepoint region: GenCollectForAllocation
[611.625s][info ][gc,start     ] GC(403) Pause Young (Allocation Failure)
[611.625s][info ][gc,task      ] GC(403) Using 4 workers of 4 for evacuation
[611.627s][debug][gc,ref       ] GC(403) Skipped phase1 of Reference Processing due to unavailable references
[611.627s][debug][gc,ref       ] GC(403) Skipped phase2 of Reference Processing due to unavailable references
[611.627s][debug][gc,ref       ] GC(403) Skipped phase3 of Reference Processing due to unavailable references
[611.627s][debug][gc,ref       ] GC(403) Skipped phase4 of Reference Processing due to unavailable references
[611.627s][debug][gc,age       ] GC(403) Desired survivor size 15400960 bytes, new threshold 6 (max threshold 6)
[611.627s][info ][gc,heap      ] GC(403) ParNew: 241362K->567K(270976K)
[611.627s][info ][gc,heap      ] GC(403) CMS: 261161K->261165K(602112K)
[611.627s][info ][gc,metaspace ] GC(403) Metaspace: 55765K->55765K(1099776K)
[611.627s][info ][gc           ] GC(403) Pause Young (Allocation Failure) 490M->255M(852M) 2.717ms
[611.627s][info ][gc,cpu       ] GC(403) User=0.01s Sys=0.00s Real=0.00s
[611.627s][info ][safepoint    ] Leaving safepoint region
[611.627s][info ][safepoint    ] Total time for which application threads were stopped: 0.0029161 seconds, Stopping threads took: 0.0000286 seconds
[612.627s][info ][safepoint    ] Application time: 1.0000713 seconds
[612.628s][info ][safepoint    ] Entering safepoint region: Cleanup
[612.628s][info ][safepoint    ] Leaving safepoint region
[612.628s][info ][safepoint    ] Total time for which application threads were stopped: 0.0001625 seconds, Stopping threads took: 0.0000671 seconds
[613.377s][info ][safepoint    ] Application time: 0.7494791 seconds
[613.377s][info ][safepoint    ] Entering safepoint region: GenCollectForAllocation
[613.377s][info ][gc,start     ] GC(404) Pause Young (Allocation Failure)
[613.377s][info ][gc,task      ] GC(404) Using 4 workers of 4 for evacuation
[613.379s][debug][gc,ref       ] GC(404) Skipped phase1 of Reference Processing due to unavailable references
[613.379s][debug][gc,ref       ] GC(404) Skipped phase2 of Reference Processing due to unavailable references
[613.379s][debug][gc,ref       ] GC(404) Skipped phase3 of Reference Processing due to unavailable references
[613.379s][debug][gc,ref       ] GC(404) Skipped phase4 of Reference Processing due to unavailable references
[613.379s][debug][gc,age       ] GC(404) Desired survivor size 15400960 bytes, new threshold 6 (max threshold 6)
[613.379s][info ][gc,heap      ] GC(404) ParNew: 241463K->487K(270976K)
[613.380s][info ][gc,heap      ] GC(404) CMS: 261165K->261177K(602112K)
[613.380s][info ][gc,metaspace ] GC(404) Metaspace: 55765K->55765K(1099776K)
[613.380s][info ][gc           ] GC(404) Pause Young (Allocation Failure) 490M->255M(852M) 2.189ms
[613.380s][info ][gc,cpu       ] GC(404) User=0.01s Sys=0.00s Real=0.00s
[613.380s][info ][safepoint    ] Leaving safepoint region
[613.380s][info ][safepoint    ] Total time for which application threads were stopped: 0.0023762 seconds, Stopping threads took: 0.0000261 seconds
[614.380s][info ][safepoint    ] Application time: 1.0000915 seconds
[614.380s][info ][safepoint    ] Entering safepoint region: Cleanup
[614.380s][info ][safepoint    ] Leaving safepoint region
[614.380s][info ][safepoint    ] Total time for which application threads were stopped: 0.0001689 seconds, Stopping threads took: 0.0000616 seconds
[615.177s][info ][safepoint    ] Application time: 0.7973010 seconds
[615.177s][info ][safepoint    ] Entering safepoint region: GenCollectForAllocation
[615.177s][info ][gc,start     ] GC(405) Pause Young (Allocation Failure)
[615.177s][info ][gc,task      ] GC(405) Using 4 workers of 4 for evacuation
[615.180s][debug][gc,ref       ] GC(405) Skipped phase1 of Reference Processing due to unavailable references
[615.180s][debug][gc,ref       ] GC(405) Skipped phase2 of Reference Processing due to unavailable references
[615.180s][debug][gc,ref       ] GC(405) Skipped phase3 of Reference Processing due to unavailable references
[615.180s][debug][gc,ref       ] GC(405) Skipped phase4 of Reference Processing due to unavailable references
[615.180s][debug][gc,age       ] GC(405) Desired survivor size 15400960 bytes, new threshold 6 (max threshold 6)
[615.180s][info ][gc,heap      ] GC(405) ParNew: 241383K->486K(270976K)
[615.180s][info ][gc,heap      ] GC(405) CMS: 261177K->261201K(602112K)
[615.180s][info ][gc,metaspace ] GC(405) Metaspace: 55765K->55765K(1099776K)
[615.180s][info ][gc           ] GC(405) Pause Young (Allocation Failure) 490M->255M(852M) 2.534ms
[615.180s][info ][gc,cpu       ] GC(405) User=0.01s Sys=0.00s Real=0.00s
[615.180s][info ][safepoint    ] Leaving safepoint region
[615.180s][info ][safepoint    ] Total time for which application threads were stopped: 0.0027430 seconds, Stopping threads took: 0.0000302 seconds
[616.180s][info ][safepoint    ] Application time: 1.0001042 seconds
[616.180s][info ][safepoint    ] Entering safepoint region: Cleanup
[616.180s][info ][safepoint    ] Leaving safepoint region
[616.180s][info ][safepoint    ] Total time for which application threads were stopped: 0.0001608 seconds, Stopping threads took: 0.0000527 seconds
[616.728s][info ][safepoint    ] Application time: 0.5473022 seconds
[616.728s][info ][safepoint    ] Entering safepoint region: GenCollectForAllocation
[616.728s][info ][gc,start     ] GC(406) Pause Young (Allocation Failure)
[616.728s][info ][gc,task      ] GC(406) Using 4 workers of 4 for evacuation
[616.730s][debug][gc,ref       ] GC(406) Skipped phase1 of Reference Processing due to unavailable references
[616.730s][debug][gc,ref       ] GC(406) Skipped phase2 of Reference Processing due to unavailable references
[616.730s][debug][gc,ref       ] GC(406) Skipped phase3 of Reference Processing due to unavailable references
[616.730s][debug][gc,ref       ] GC(406) Skipped phase4 of Reference Processing due to unavailable references
[616.730s][debug][gc,age       ] GC(406) Desired survivor size 15400960 bytes, new threshold 6 (max threshold 6)
[616.730s][info ][gc,heap      ] GC(406) ParNew: 241382K->459K(270976K)
[616.730s][info ][gc,heap      ] GC(406) CMS: 261201K->261206K(602112K)
[616.730s][info ][gc,metaspace ] GC(406) Metaspace: 55767K->55767K(1099776K)
[616.730s][info ][gc           ] GC(406) Pause Young (Allocation Failure) 490M->255M(852M) 2.690ms
[616.731s][info ][gc,cpu       ] GC(406) User=0.01s Sys=0.00s Real=0.01s
[616.731s][info ][safepoint    ] Leaving safepoint region
[616.731s][info ][safepoint    ] Total time for which application threads were stopped: 0.0029629 seconds, Stopping threads took: 0.0000407 seconds
[617.731s][info ][safepoint    ] Application time: 1.0000894 seconds
[617.731s][info ][safepoint    ] Entering safepoint region: Cleanup
[617.731s][info ][safepoint    ] Leaving safepoint region
[617.731s][info ][safepoint    ] Total time for which application threads were stopped: 0.0001280 seconds, Stopping threads took: 0.0000469 seconds
[618.677s][info ][safepoint    ] Application time: 0.9463485 seconds
[618.677s][info ][safepoint    ] Entering safepoint region: GenCollectForAllocation
[618.677s][info ][gc,start     ] GC(407) Pause Young (Allocation Failure)
[618.677s][info ][gc,task      ] GC(407) Using 4 workers of 4 for evacuation
[618.680s][debug][gc,ref       ] GC(407) Skipped phase1 of Reference Processing due to unavailable references
[618.680s][debug][gc,ref       ] GC(407) Skipped phase2 of Reference Processing due to unavailable references
[618.680s][debug][gc,ref       ] GC(407) Skipped phase3 of Reference Processing due to unavailable references
[618.680s][debug][gc,ref       ] GC(407) Skipped phase4 of Reference Processing due to unavailable references
[618.680s][debug][gc,age       ] GC(407) Desired survivor size 15400960 bytes, new threshold 6 (max threshold 6)
[618.680s][info ][gc,heap      ] GC(407) ParNew: 241355K->393K(270976K)
[618.680s][info ][gc,heap      ] GC(407) CMS: 261206K->261257K(602112K)
[618.680s][info ][gc,metaspace ] GC(407) Metaspace: 55767K->55767K(1099776K)
[618.680s][info ][gc           ] GC(407) Pause Young (Allocation Failure) 490M->255M(852M) 2.345ms
[618.680s][info ][gc,cpu       ] GC(407) User=0.01s Sys=0.00s Real=0.00s
[618.680s][info ][safepoint    ] Leaving safepoint region
[618.680s][info ][safepoint    ] Total time for which application threads were stopped: 0.0026245 seconds, Stopping threads took: 0.0000841 seconds
[619.680s][info ][safepoint    ] Application time: 1.0001049 seconds
[619.680s][info ][safepoint    ] Entering safepoint region: Cleanup
[619.680s][info ][safepoint    ] Leaving safepoint region
[619.680s][info ][safepoint    ] Total time for which application threads were stopped: 0.0001269 seconds, Stopping threads took: 0.0000276 seconds
[620.529s][info ][safepoint    ] Application time: 0.8490518 seconds
[620.529s][info ][safepoint    ] Entering safepoint region: GenCollectForAllocation
[620.529s][info ][gc,start     ] GC(408) Pause Young (Allocation Failure)
[620.529s][info ][gc,task      ] GC(408) Using 4 workers of 4 for evacuation
[620.531s][debug][gc,ref       ] GC(408) Skipped phase1 of Reference Processing due to unavailable references
[620.531s][debug][gc,ref       ] GC(408) Skipped phase2 of Reference Processing due to unavailable references
[620.531s][debug][gc,ref       ] GC(408) Skipped phase3 of Reference Processing due to unavailable references
[620.531s][debug][gc,ref       ] GC(408) Skipped phase4 of Reference Processing due to unavailable references
[620.531s][debug][gc,age       ] GC(408) Desired survivor size 15400960 bytes, new threshold 6 (max threshold 6)
[620.531s][info ][gc,heap      ] GC(408) ParNew: 241289K->514K(270976K)
[620.531s][info ][gc,heap      ] GC(408) CMS: 261257K->261259K(602112K)
[620.531s][info ][gc,metaspace ] GC(408) Metaspace: 55767K->55767K(1099776K)
[620.531s][info ][gc           ] GC(408) Pause Young (Allocation Failure) 490M->255M(852M) 2.094ms
[620.531s][info ][gc,cpu       ] GC(408) User=0.00s Sys=0.00s Real=0.01s
[620.531s][info ][safepoint    ] Leaving safepoint region
[620.531s][info ][safepoint    ] Total time for which application threads were stopped: 0.0022906 seconds, Stopping threads took: 0.0000259 seconds
[621.532s][info ][safepoint    ] Application time: 1.0000986 seconds
[621.532s][info ][safepoint    ] Entering safepoint region: Cleanup
[621.532s][info ][safepoint    ] Leaving safepoint region
[621.532s][info ][safepoint    ] Total time for which application threads were stopped: 0.0001109 seconds, Stopping threads took: 0.0000280 seconds
[622.427s][info ][safepoint    ] Application time: 0.8953272 seconds
[622.427s][info ][safepoint    ] Entering safepoint region: GenCollectForAllocation
[622.427s][info ][gc,start     ] GC(409) Pause Young (Allocation Failure)
[622.427s][info ][gc,task      ] GC(409) Using 4 workers of 4 for evacuation
[622.429s][debug][gc,ref       ] GC(409) Skipped phase1 of Reference Processing due to unavailable references
[622.429s][debug][gc,ref       ] GC(409) Skipped phase2 of Reference Processing due to unavailable references
[622.429s][debug][gc,ref       ] GC(409) Skipped phase3 of Reference Processing due to unavailable references
[622.429s][debug][gc,ref       ] GC(409) Skipped phase4 of Reference Processing due to unavailable references
[622.429s][debug][gc,age       ] GC(409) Desired survivor size 15400960 bytes, new threshold 6 (max threshold 6)
[622.429s][info ][gc,heap      ] GC(409) ParNew: 241410K->461K(270976K)
[622.429s][info ][gc,heap      ] GC(409) CMS: 261259K->261266K(602112K)
[622.429s][info ][gc,metaspace ] GC(409) Metaspace: 55767K->55767K(1099776K)
[622.429s][info ][gc           ] GC(409) Pause Young (Allocation Failure) 490M->255M(852M) 2.103ms
[622.429s][info ][gc,cpu       ] GC(409) User=0.01s Sys=0.00s Real=0.00s
[622.429s][info ][safepoint    ] Leaving safepoint region
[622.429s][info ][safepoint    ] Total time for which application threads were stopped: 0.0023332 seconds, Stopping threads took: 0.0000555 seconds
[623.429s][info ][safepoint    ] Application time: 1.0000660 seconds
[623.430s][info ][safepoint    ] Entering safepoint region: Cleanup
[623.430s][info ][safepoint    ] Leaving safepoint region
[623.430s][info ][safepoint    ] Total time for which application threads were stopped: 0.0001260 seconds, Stopping threads took: 0.0000288 seconds
[624.325s][info ][safepoint    ] Application time: 0.8950021 seconds
[624.325s][info ][safepoint    ] Entering safepoint region: GenCollectForAllocation
[624.325s][info ][gc,start     ] GC(410) Pause Young (Allocation Failure)
[624.325s][info ][gc,task      ] GC(410) Using 4 workers of 4 for evacuation
[624.327s][debug][gc,ref       ] GC(410) Skipped phase1 of Reference Processing due to unavailable references
[624.327s][debug][gc,ref       ] GC(410) Skipped phase2 of Reference Processing due to unavailable references
[624.327s][debug][gc,ref       ] GC(410) Skipped phase3 of Reference Processing due to unavailable references
[624.327s][debug][gc,ref       ] GC(410) Skipped phase4 of Reference Processing due to unavailable references
[624.327s][debug][gc,age       ] GC(410) Desired survivor size 15400960 bytes, new threshold 6 (max threshold 6)
[624.327s][info ][gc,heap      ] GC(410) ParNew: 241357K->362K(270976K)
[624.327s][info ][gc,heap      ] GC(410) CMS: 261266K->261296K(602112K)
[624.327s][info ][gc,metaspace ] GC(410) Metaspace: 55767K->55767K(1099776K)
[624.327s][info ][gc           ] GC(410) Pause Young (Allocation Failure) 490M->255M(852M) 2.514ms
[624.327s][info ][gc,cpu       ] GC(410) User=0.01s Sys=0.00s Real=0.00s
[624.327s][info ][safepoint    ] Leaving safepoint region
[624.327s][info ][safepoint    ] Total time for which application threads were stopped: 0.0027480 seconds, Stopping threads took: 0.0000277 seconds
[625.328s][info ][safepoint    ] Application time: 1.0001480 seconds
[625.328s][info ][safepoint    ] Entering safepoint region: Cleanup
[625.328s][info ][safepoint    ] Leaving safepoint region
[625.328s][info ][safepoint    ] Total time for which application threads were stopped: 0.0001178 seconds, Stopping threads took: 0.0000273 seconds
[626.276s][info ][safepoint    ] Application time: 0.9483144 seconds
[626.276s][info ][safepoint    ] Entering safepoint region: GenCollectForAllocation
[626.276s][info ][gc,start     ] GC(411) Pause Young (Allocation Failure)
[626.276s][info ][gc,task      ] GC(411) Using 4 workers of 4 for evacuation
[626.278s][debug][gc,ref       ] GC(411) Skipped phase1 of Reference Processing due to unavailable references
[626.278s][debug][gc,ref       ] GC(411) Skipped phase2 of Reference Processing due to unavailable references
[626.278s][debug][gc,ref       ] GC(411) Skipped phase3 of Reference Processing due to unavailable references
[626.278s][debug][gc,ref       ] GC(411) Skipped phase4 of Reference Processing due to unavailable references
[626.278s][debug][gc,age       ] GC(411) Desired survivor size 15400960 bytes, new threshold 6 (max threshold 6)
[626.278s][info ][gc,heap      ] GC(411) ParNew: 241258K->429K(270976K)
[626.278s][info ][gc,heap      ] GC(411) CMS: 261296K->261306K(602112K)
[626.278s][info ][gc,metaspace ] GC(411) Metaspace: 55770K->55770K(1099776K)
[626.278s][info ][gc           ] GC(411) Pause Young (Allocation Failure) 490M->255M(852M) 2.075ms
[626.278s][info ][gc,cpu       ] GC(411) User=0.00s Sys=0.00s Real=0.00s
[626.278s][info ][safepoint    ] Leaving safepoint region
[626.278s][info ][safepoint    ] Total time for which application threads were stopped: 0.0023078 seconds, Stopping threads took: 0.0000702 seconds
[627.279s][info ][safepoint    ] Application time: 1.0001292 seconds
[627.279s][info ][safepoint    ] Entering safepoint region: Cleanup
[627.279s][info ][safepoint    ] Leaving safepoint region
[627.279s][info ][safepoint    ] Total time for which application threads were stopped: 0.0004091 seconds, Stopping threads took: 0.0002264 seconds
[628.079s][info ][safepoint    ] Application time: 0.8004287 seconds
[628.080s][info ][safepoint    ] Entering safepoint region: GenCollectForAllocation
[628.080s][info ][gc,start     ] GC(412) Pause Young (Allocation Failure)
[628.080s][info ][gc,task      ] GC(412) Using 4 workers of 4 for evacuation
[628.082s][debug][gc,ref       ] GC(412) Skipped phase1 of Reference Processing due to unavailable references
[628.082s][debug][gc,ref       ] GC(412) Skipped phase2 of Reference Processing due to unavailable references
[628.082s][debug][gc,ref       ] GC(412) Skipped phase3 of Reference Processing due to unavailable references
[628.082s][debug][gc,ref       ] GC(412) Skipped phase4 of Reference Processing due to unavailable references
[628.082s][debug][gc,age       ] GC(412) Desired survivor size 15400960 bytes, new threshold 6 (max threshold 6)
[628.082s][info ][gc,heap      ] GC(412) ParNew: 241325K->363K(270976K)
[628.082s][info ][gc,heap      ] GC(412) CMS: 261306K->261359K(602112K)
[628.082s][info ][gc,metaspace ] GC(412) Metaspace: 55771K->55771K(1099776K)
[628.082s][info ][gc           ] GC(412) Pause Young (Allocation Failure) 490M->255M(852M) 2.425ms
[628.082s][info ][gc,cpu       ] GC(412) User=0.01s Sys=0.00s Real=0.01s
[628.082s][info ][safepoint    ] Leaving safepoint region
[628.082s][info ][safepoint    ] Total time for which application threads were stopped: 0.0026333 seconds, Stopping threads took: 0.0000371 seconds
[629.082s][info ][safepoint    ] Application time: 1.0001009 seconds
[629.082s][info ][safepoint    ] Entering safepoint region: Cleanup
[629.082s][info ][safepoint    ] Leaving safepoint region
[629.082s][info ][safepoint    ] Total time for which application threads were stopped: 0.0001246 seconds, Stopping threads took: 0.0000297 seconds
[630.083s][info ][safepoint    ] Application time: 1.0000890 seconds
[630.083s][info ][safepoint    ] Entering safepoint region: Cleanup
[630.083s][info ][safepoint    ] Leaving safepoint region
[630.083s][info ][safepoint    ] Total time for which application threads were stopped: 0.0001136 seconds, Stopping threads took: 0.0000287 seconds
[630.925s][info ][safepoint    ] Application time: 0.8421342 seconds
[630.925s][info ][safepoint    ] Entering safepoint region: GenCollectForAllocation
[630.925s][info ][gc,start     ] GC(413) Pause Young (Allocation Failure)
[630.925s][info ][gc,task      ] GC(413) Using 4 workers of 4 for evacuation
[630.927s][debug][gc,ref       ] GC(413) Skipped phase1 of Reference Processing due to unavailable references
[630.927s][debug][gc,ref       ] GC(413) Skipped phase2 of Reference Processing due to unavailable references
[630.927s][debug][gc,ref       ] GC(413) Skipped phase3 of Reference Processing due to unavailable references
[630.927s][debug][gc,ref       ] GC(413) Skipped phase4 of Reference Processing due to unavailable references
[630.927s][debug][gc,age       ] GC(413) Desired survivor size 15400960 bytes, new threshold 6 (max threshold 6)
[630.927s][info ][gc,heap      ] GC(413) ParNew: 241259K->403K(270976K)
[630.927s][info ][gc,heap      ] GC(413) CMS: 261359K->261362K(602112K)
[630.927s][info ][gc,metaspace ] GC(413) Metaspace: 55771K->55771K(1099776K)
[630.927s][info ][gc           ] GC(413) Pause Young (Allocation Failure) 490M->255M(852M) 1.995ms
[630.927s][info ][gc,cpu       ] GC(413) User=0.01s Sys=0.00s Real=0.00s
[630.927s][info ][safepoint    ] Leaving safepoint region
[630.927s][info ][safepoint    ] Total time for which application threads were stopped: 0.0022235 seconds, Stopping threads took: 0.0000370 seconds
[631.927s][info ][safepoint    ] Application time: 1.0001379 seconds
[631.927s][info ][safepoint    ] Entering safepoint region: Cleanup
[631.927s][info ][safepoint    ] Leaving safepoint region
[631.927s][info ][safepoint    ] Total time for which application threads were stopped: 0.0001307 seconds, Stopping threads took: 0.0000380 seconds
[632.927s][info ][safepoint    ] Application time: 1.0000950 seconds
[632.928s][info ][safepoint    ] Entering safepoint region: Cleanup
[632.928s][info ][safepoint    ] Leaving safepoint region
[632.928s][info ][safepoint    ] Total time for which application threads were stopped: 0.0001251 seconds, Stopping threads took: 0.0000342 seconds
[633.928s][info ][safepoint    ] Application time: 1.0000982 seconds
[633.928s][info ][safepoint    ] Entering safepoint region: Cleanup
[633.928s][info ][safepoint    ] Leaving safepoint region
[633.928s][info ][safepoint    ] Total time for which application threads were stopped: 0.0001210 seconds, Stopping threads took: 0.0000346 seconds
[633.977s][info ][safepoint    ] Application time: 0.0488860 seconds
[633.977s][info ][safepoint    ] Entering safepoint region: GenCollectForAllocation
[633.977s][info ][gc,start     ] GC(414) Pause Young (Allocation Failure)
[633.977s][info ][gc,task      ] GC(414) Using 4 workers of 4 for evacuation
[633.979s][debug][gc,ref       ] GC(414) Skipped phase1 of Reference Processing due to unavailable references
[633.979s][debug][gc,ref       ] GC(414) Skipped phase2 of Reference Processing due to unavailable references
[633.979s][debug][gc,ref       ] GC(414) Skipped phase3 of Reference Processing due to unavailable references
[633.979s][debug][gc,ref       ] GC(414) Skipped phase4 of Reference Processing due to unavailable references
[633.979s][debug][gc,age       ] GC(414) Desired survivor size 15400960 bytes, new threshold 6 (max threshold 6)
[633.979s][info ][gc,heap      ] GC(414) ParNew: 241299K->415K(270976K)
[633.979s][info ][gc,heap      ] GC(414) CMS: 261362K->261362K(602112K)
[633.979s][info ][gc,metaspace ] GC(414) Metaspace: 55775K->55775K(1099776K)
[633.979s][info ][gc           ] GC(414) Pause Young (Allocation Failure) 490M->255M(852M) 2.287ms
[633.979s][info ][gc,cpu       ] GC(414) User=0.01s Sys=0.00s Real=0.00s
[633.979s][info ][safepoint    ] Leaving safepoint region
[633.979s][info ][safepoint    ] Total time for which application threads were stopped: 0.0025428 seconds, Stopping threads took: 0.0000405 seconds
[634.979s][info ][safepoint    ] Application time: 1.0001125 seconds
[634.980s][info ][safepoint    ] Entering safepoint region: Cleanup
[634.980s][info ][safepoint    ] Leaving safepoint region
[634.980s][info ][safepoint    ] Total time for which application threads were stopped: 0.0001118 seconds, Stopping threads took: 0.0000273 seconds
[635.980s][info ][safepoint    ] Application time: 1.0000864 seconds
[635.980s][info ][safepoint    ] Entering safepoint region: Cleanup
[635.980s][info ][safepoint    ] Leaving safepoint region
[635.980s][info ][safepoint    ] Total time for which application threads were stopped: 0.0001138 seconds, Stopping threads took: 0.0000318 seconds
[636.772s][info ][safepoint    ] Application time: 0.7919002 seconds
[636.772s][info ][safepoint    ] Entering safepoint region: GenCollectForAllocation
[636.772s][info ][gc,start     ] GC(415) Pause Young (Allocation Failure)
[636.772s][info ][gc,task      ] GC(415) Using 4 workers of 4 for evacuation
[636.774s][debug][gc,ref       ] GC(415) Skipped phase1 of Reference Processing due to unavailable references
[636.774s][debug][gc,ref       ] GC(415) Skipped phase2 of Reference Processing due to unavailable references
[636.774s][debug][gc,ref       ] GC(415) Skipped phase3 of Reference Processing due to unavailable references
[636.774s][debug][gc,ref       ] GC(415) Skipped phase4 of Reference Processing due to unavailable references
[636.774s][debug][gc,age       ] GC(415) Desired survivor size 15400960 bytes, new threshold 6 (max threshold 6)
[636.774s][info ][gc,heap      ] GC(415) ParNew: 241311K->354K(270976K)
[636.774s][info ][gc,heap      ] GC(415) CMS: 261362K->261363K(602112K)
[636.774s][info ][gc,metaspace ] GC(415) Metaspace: 55775K->55775K(1099776K)
[636.774s][info ][gc           ] GC(415) Pause Young (Allocation Failure) 490M->255M(852M) 1.992ms
[636.774s][info ][gc,cpu       ] GC(415) User=0.01s Sys=0.00s Real=0.00s
[636.774s][info ][safepoint    ] Leaving safepoint region
[636.774s][info ][safepoint    ] Total time for which application threads were stopped: 0.0022081 seconds, Stopping threads took: 0.0000392 seconds
[637.778s][info ][safepoint    ] Application time: 1.0041319 seconds
[637.778s][info ][safepoint    ] Entering safepoint region: Cleanup
[637.778s][info ][safepoint    ] Leaving safepoint region
[637.778s][info ][safepoint    ] Total time for which application threads were stopped: 0.0001152 seconds, Stopping threads took: 0.0000280 seconds
[638.778s][info ][safepoint    ] Application time: 1.0000850 seconds
[638.778s][info ][safepoint    ] Entering safepoint region: Cleanup
[638.779s][info ][safepoint    ] Leaving safepoint region
[638.779s][info ][safepoint    ] Total time for which application threads were stopped: 0.0002101 seconds, Stopping threads took: 0.0000588 seconds
[639.172s][info ][safepoint    ] Application time: 0.3934877 seconds
[639.172s][info ][safepoint    ] Entering safepoint region: GenCollectForAllocation
[639.172s][info ][gc,start     ] GC(416) Pause Young (Allocation Failure)
[639.172s][info ][gc,task      ] GC(416) Using 4 workers of 4 for evacuation
[639.174s][debug][gc,ref       ] GC(416) Skipped phase1 of Reference Processing due to unavailable references
[639.174s][debug][gc,ref       ] GC(416) Skipped phase2 of Reference Processing due to unavailable references
[639.174s][debug][gc,ref       ] GC(416) Skipped phase3 of Reference Processing due to unavailable references
[639.174s][debug][gc,ref       ] GC(416) Skipped phase4 of Reference Processing due to unavailable references
[639.174s][debug][gc,age       ] GC(416) Desired survivor size 15400960 bytes, new threshold 6 (max threshold 6)
[639.175s][info ][gc,heap      ] GC(416) ParNew: 241250K->391K(270976K)
[639.175s][info ][gc,heap      ] GC(416) CMS: 261363K->261370K(602112K)
[639.175s][info ][gc,metaspace ] GC(416) Metaspace: 55776K->55776K(1099776K)
[639.175s][info ][gc           ] GC(416) Pause Young (Allocation Failure) 490M->255M(852M) 2.184ms
[639.175s][info ][gc,cpu       ] GC(416) User=0.01s Sys=0.00s Real=0.00s
[639.175s][info ][safepoint    ] Leaving safepoint region
[639.175s][info ][safepoint    ] Total time for which application threads were stopped: 0.0024365 seconds, Stopping threads took: 0.0000769 seconds
[640.175s][info ][safepoint    ] Application time: 1.0000879 seconds
[640.175s][info ][safepoint    ] Entering safepoint region: Cleanup
[640.175s][info ][safepoint    ] Leaving safepoint region
[640.175s][info ][safepoint    ] Total time for which application threads were stopped: 0.0001336 seconds, Stopping threads took: 0.0000388 seconds
[640.825s][info ][safepoint    ] Application time: 0.6499011 seconds
[640.825s][info ][safepoint    ] Entering safepoint region: GenCollectForAllocation
[640.825s][info ][gc,start     ] GC(417) Pause Young (Allocation Failure)
[640.825s][info ][gc,task      ] GC(417) Using 4 workers of 4 for evacuation
[640.827s][debug][gc,ref       ] GC(417) Skipped phase1 of Reference Processing due to unavailable references
[640.827s][debug][gc,ref       ] GC(417) Skipped phase2 of Reference Processing due to unavailable references
[640.827s][debug][gc,ref       ] GC(417) Skipped phase3 of Reference Processing due to unavailable references
[640.827s][debug][gc,ref       ] GC(417) Skipped phase4 of Reference Processing due to unavailable references
[640.827s][debug][gc,age       ] GC(417) Desired survivor size 15400960 bytes, new threshold 6 (max threshold 6)
[640.827s][info ][gc,heap      ] GC(417) ParNew: 241287K->562K(270976K)
[640.827s][info ][gc,heap      ] GC(417) CMS: 261370K->261375K(602112K)
[640.827s][info ][gc,metaspace ] GC(417) Metaspace: 55776K->55776K(1099776K)
[640.827s][info ][gc           ] GC(417) Pause Young (Allocation Failure) 490M->255M(852M) 2.093ms
[640.827s][info ][gc,cpu       ] GC(417) User=0.01s Sys=0.00s Real=0.00s
[640.827s][info ][safepoint    ] Leaving safepoint region
[640.827s][info ][safepoint    ] Total time for which application threads were stopped: 0.0022924 seconds, Stopping threads took: 0.0000279 seconds
[641.827s][info ][safepoint    ] Application time: 1.0001122 seconds
[641.827s][info ][safepoint    ] Entering safepoint region: Cleanup
[641.827s][info ][safepoint    ] Leaving safepoint region
[641.827s][info ][safepoint    ] Total time for which application threads were stopped: 0.0001427 seconds, Stopping threads took: 0.0000326 seconds
[642.472s][info ][safepoint    ] Application time: 0.6443907 seconds
[642.472s][info ][safepoint    ] Entering safepoint region: GenCollectForAllocation
[642.472s][info ][gc,start     ] GC(418) Pause Young (Allocation Failure)
[642.472s][info ][gc,task      ] GC(418) Using 4 workers of 4 for evacuation
[642.474s][debug][gc,ref       ] GC(418) Skipped phase1 of Reference Processing due to unavailable references
[642.474s][debug][gc,ref       ] GC(418) Skipped phase2 of Reference Processing due to unavailable references
[642.474s][debug][gc,ref       ] GC(418) Skipped phase3 of Reference Processing due to unavailable references
[642.474s][debug][gc,ref       ] GC(418) Skipped phase4 of Reference Processing due to unavailable references
[642.474s][debug][gc,age       ] GC(418) Desired survivor size 15400960 bytes, new threshold 6 (max threshold 6)
[642.474s][info ][gc,heap      ] GC(418) ParNew: 241458K->541K(270976K)
[642.474s][info ][gc,heap      ] GC(418) CMS: 261375K->261380K(602112K)
[642.474s][info ][gc,metaspace ] GC(418) Metaspace: 55776K->55776K(1099776K)
[642.474s][info ][gc           ] GC(418) Pause Young (Allocation Failure) 491M->255M(852M) 2.306ms
[642.474s][info ][gc,cpu       ] GC(418) User=0.01s Sys=0.00s Real=0.00s
[642.474s][info ][safepoint    ] Leaving safepoint region
[642.474s][info ][safepoint    ] Total time for which application threads were stopped: 0.0025733 seconds, Stopping threads took: 0.0000907 seconds
[643.475s][info ][safepoint    ] Application time: 1.0001079 seconds
[643.475s][info ][safepoint    ] Entering safepoint region: Cleanup
[643.475s][info ][safepoint    ] Leaving safepoint region
[643.475s][info ][safepoint    ] Total time for which application threads were stopped: 0.0001535 seconds, Stopping threads took: 0.0000427 seconds
[644.086s][info ][safepoint    ] Application time: 0.6112921 seconds
[644.086s][info ][safepoint    ] Entering safepoint region: GenCollectForAllocation
[644.086s][info ][gc,start     ] GC(419) Pause Young (Allocation Failure)
[644.086s][info ][gc,task      ] GC(419) Using 4 workers of 4 for evacuation
[644.088s][debug][gc,ref       ] GC(419) Skipped phase1 of Reference Processing due to unavailable references
[644.088s][debug][gc,ref       ] GC(419) Skipped phase2 of Reference Processing due to unavailable references
[644.088s][debug][gc,ref       ] GC(419) Skipped phase3 of Reference Processing due to unavailable references
[644.088s][debug][gc,ref       ] GC(419) Skipped phase4 of Reference Processing due to unavailable references
[644.088s][debug][gc,age       ] GC(419) Desired survivor size 15400960 bytes, new threshold 6 (max threshold 6)
[644.088s][info ][gc,heap      ] GC(419) ParNew: 241437K->454K(270976K)
[644.088s][info ][gc,heap      ] GC(419) CMS: 261380K->261422K(602112K)
[644.088s][info ][gc,metaspace ] GC(419) Metaspace: 55777K->55777K(1099776K)
[644.088s][info ][gc           ] GC(419) Pause Young (Allocation Failure) 491M->255M(852M) 1.998ms
[644.088s][info ][gc,cpu       ] GC(419) User=0.00s Sys=0.00s Real=0.00s
[644.088s][info ][safepoint    ] Leaving safepoint region
[644.088s][info ][safepoint    ] Total time for which application threads were stopped: 0.0021982 seconds, Stopping threads took: 0.0000376 seconds
[645.088s][info ][safepoint    ] Application time: 1.0001001 seconds
[645.088s][info ][safepoint    ] Entering safepoint region: Cleanup
[645.089s][info ][safepoint    ] Leaving safepoint region
[645.089s][info ][safepoint    ] Total time for which application threads were stopped: 0.0002226 seconds, Stopping threads took: 0.0001088 seconds
[646.089s][info ][safepoint    ] Application time: 1.0000839 seconds
[646.089s][info ][safepoint    ] Entering safepoint region: Cleanup
[646.089s][info ][safepoint    ] Leaving safepoint region
[646.089s][info ][safepoint    ] Total time for which application threads were stopped: 0.0001434 seconds, Stopping threads took: 0.0000267 seconds
[646.122s][info ][safepoint    ] Application time: 0.0334393 seconds
[646.122s][info ][safepoint    ] Entering safepoint region: GenCollectForAllocation
[646.123s][info ][gc,start     ] GC(420) Pause Young (Allocation Failure)
[646.123s][info ][gc,task      ] GC(420) Using 4 workers of 4 for evacuation
[646.126s][debug][gc,ref       ] GC(420) Skipped phase1 of Reference Processing due to unavailable references
[646.126s][debug][gc,ref       ] GC(420) Skipped phase2 of Reference Processing due to unavailable references
[646.126s][debug][gc,ref       ] GC(420) Skipped phase3 of Reference Processing due to unavailable references
[646.126s][debug][gc,ref       ] GC(420) Skipped phase4 of Reference Processing due to unavailable references
[646.126s][debug][gc,age       ] GC(420) Desired survivor size 15400960 bytes, new threshold 6 (max threshold 6)
[646.126s][info ][gc,heap      ] GC(420) ParNew: 241350K->508K(270976K)
[646.126s][info ][gc,heap      ] GC(420) CMS: 261422K->261422K(602112K)
[646.126s][info ][gc,metaspace ] GC(420) Metaspace: 55781K->55781K(1099776K)
[646.126s][info ][gc           ] GC(420) Pause Young (Allocation Failure) 490M->255M(852M) 3.813ms
[646.126s][info ][gc,cpu       ] GC(420) User=0.01s Sys=0.00s Real=0.00s
[646.127s][info ][safepoint    ] Leaving safepoint region
[646.127s][info ][safepoint    ] Total time for which application threads were stopped: 0.0041285 seconds, Stopping threads took: 0.0001230 seconds
[647.127s][info ][safepoint    ] Application time: 1.0000983 seconds
[647.127s][info ][safepoint    ] Entering safepoint region: Cleanup
[647.127s][info ][safepoint    ] Leaving safepoint region
[647.127s][info ][safepoint    ] Total time for which application threads were stopped: 0.0001099 seconds, Stopping threads took: 0.0000286 seconds
[648.127s][info ][safepoint    ] Application time: 1.0000928 seconds
[648.127s][info ][safepoint    ] Entering safepoint region: Cleanup
[648.127s][info ][safepoint    ] Leaving safepoint region
[648.127s][info ][safepoint    ] Total time for which application threads were stopped: 0.0001177 seconds, Stopping threads took: 0.0000280 seconds
[649.127s][info ][safepoint    ] Application time: 1.0000975 seconds
[649.127s][info ][safepoint    ] Entering safepoint region: Cleanup
[649.127s][info ][safepoint    ] Leaving safepoint region
[649.127s][info ][safepoint    ] Total time for which application threads were stopped: 0.0001151 seconds, Stopping threads took: 0.0000309 seconds
[650.127s][info ][safepoint    ] Application time: 1.0000864 seconds
[650.127s][info ][safepoint    ] Entering safepoint region: Cleanup
[650.128s][info ][safepoint    ] Leaving safepoint region
[650.128s][info ][safepoint    ] Total time for which application threads were stopped: 0.0001247 seconds, Stopping threads took: 0.0000278 seconds
[651.128s][info ][safepoint    ] Application time: 1.0000893 seconds
[651.128s][info ][safepoint    ] Entering safepoint region: Cleanup
[651.128s][info ][safepoint    ] Leaving safepoint region
[651.128s][info ][safepoint    ] Total time for which application threads were stopped: 0.0002311 seconds, Stopping threads took: 0.0000275 seconds
[652.128s][info ][safepoint    ] Application time: 1.0000886 seconds
[652.128s][info ][safepoint    ] Entering safepoint region: Cleanup
[652.128s][info ][safepoint    ] Leaving safepoint region
[652.128s][info ][safepoint    ] Total time for which application threads were stopped: 0.0001129 seconds, Stopping threads took: 0.0000293 seconds
[652.222s][info ][safepoint    ] Application time: 0.0935908 seconds
[652.222s][info ][safepoint    ] Entering safepoint region: GenCollectForAllocation
[652.222s][info ][gc,start     ] GC(421) Pause Young (Allocation Failure)
[652.222s][info ][gc,task      ] GC(421) Using 4 workers of 4 for evacuation
[652.224s][debug][gc,ref       ] GC(421) Skipped phase1 of Reference Processing due to unavailable references
[652.224s][debug][gc,ref       ] GC(421) Skipped phase2 of Reference Processing due to unavailable references
[652.224s][debug][gc,ref       ] GC(421) Skipped phase3 of Reference Processing due to unavailable references
[652.224s][debug][gc,ref       ] GC(421) Skipped phase4 of Reference Processing due to unavailable references
[652.224s][debug][gc,age       ] GC(421) Desired survivor size 15400960 bytes, new threshold 6 (max threshold 6)
[652.224s][info ][gc,heap      ] GC(421) ParNew: 241404K->628K(270976K)
[652.224s][info ][gc,heap      ] GC(421) CMS: 261422K->261424K(602112K)
[652.224s][info ][gc,metaspace ] GC(421) Metaspace: 55781K->55781K(1099776K)
[652.224s][info ][gc           ] GC(421) Pause Young (Allocation Failure) 491M->255M(852M) 2.409ms
[652.224s][info ][gc,cpu       ] GC(421) User=0.01s Sys=0.00s Real=0.00s
[652.224s][info ][safepoint    ] Leaving safepoint region
[652.224s][info ][safepoint    ] Total time for which application threads were stopped: 0.0026036 seconds, Stopping threads took: 0.0000272 seconds
[653.224s][info ][safepoint    ] Application time: 1.0001023 seconds
[653.225s][info ][safepoint    ] Entering safepoint region: Cleanup
[653.225s][info ][safepoint    ] Leaving safepoint region
[653.225s][info ][safepoint    ] Total time for which application threads were stopped: 0.0001270 seconds, Stopping threads took: 0.0000421 seconds
[654.225s][info ][safepoint    ] Application time: 1.0000949 seconds
[654.225s][info ][safepoint    ] Entering safepoint region: Cleanup
[654.225s][info ][safepoint    ] Leaving safepoint region
[654.225s][info ][safepoint    ] Total time for which application threads were stopped: 0.0001397 seconds, Stopping threads took: 0.0000364 seconds
[655.225s][info ][safepoint    ] Application time: 1.0001510 seconds
[655.225s][info ][safepoint    ] Entering safepoint region: Cleanup
[655.225s][info ][safepoint    ] Leaving safepoint region
[655.225s][info ][safepoint    ] Total time for which application threads were stopped: 0.0001353 seconds, Stopping threads took: 0.0000445 seconds
[656.227s][info ][safepoint    ] Application time: 1.0020575 seconds
[656.227s][info ][safepoint    ] Entering safepoint region: Cleanup
[656.227s][info ][safepoint    ] Leaving safepoint region
[656.227s][info ][safepoint    ] Total time for which application threads were stopped: 0.0001126 seconds, Stopping threads took: 0.0000291 seconds
[657.228s][info ][safepoint    ] Application time: 1.0000955 seconds
[657.228s][info ][safepoint    ] Entering safepoint region: Cleanup
[657.228s][info ][safepoint    ] Leaving safepoint region
[657.228s][info ][safepoint    ] Total time for which application threads were stopped: 0.0001116 seconds, Stopping threads took: 0.0000293 seconds
[658.228s][info ][safepoint    ] Application time: 1.0000850 seconds
[658.228s][info ][safepoint    ] Entering safepoint region: Cleanup
[658.228s][info ][safepoint    ] Leaving safepoint region
[658.228s][info ][safepoint    ] Total time for which application threads were stopped: 0.0001409 seconds, Stopping threads took: 0.0000594 seconds
[658.272s][info ][safepoint    ] Application time: 0.0436502 seconds
[658.272s][info ][safepoint    ] Entering safepoint region: GenCollectForAllocation
[658.272s][info ][gc,start     ] GC(422) Pause Young (Allocation Failure)
[658.272s][info ][gc,task      ] GC(422) Using 4 workers of 4 for evacuation
[658.274s][debug][gc,ref       ] GC(422) Skipped phase1 of Reference Processing due to unavailable references
[658.274s][debug][gc,ref       ] GC(422) Skipped phase2 of Reference Processing due to unavailable references
[658.274s][debug][gc,ref       ] GC(422) Skipped phase3 of Reference Processing due to unavailable references
[658.274s][debug][gc,ref       ] GC(422) Skipped phase4 of Reference Processing due to unavailable references
[658.274s][debug][gc,age       ] GC(422) Desired survivor size 15400960 bytes, new threshold 6 (max threshold 6)
[658.274s][info ][gc,heap      ] GC(422) ParNew: 241524K->481K(270976K)
[658.274s][info ][gc,heap      ] GC(422) CMS: 261424K->261439K(602112K)
[658.274s][info ][gc,metaspace ] GC(422) Metaspace: 55784K->55784K(1099776K)
[658.274s][info ][gc           ] GC(422) Pause Young (Allocation Failure) 491M->255M(852M) 2.158ms
[658.274s][info ][gc,cpu       ] GC(422) User=0.01s Sys=0.00s Real=0.00s
[658.274s][info ][safepoint    ] Leaving safepoint region
[658.274s][info ][safepoint    ] Total time for which application threads were stopped: 0.0025559 seconds, Stopping threads took: 0.0000395 seconds
[659.274s][info ][safepoint    ] Application time: 1.0001954 seconds
[659.274s][info ][safepoint    ] Entering safepoint region: Cleanup
[659.275s][info ][safepoint    ] Leaving safepoint region
[659.275s][info ][safepoint    ] Total time for which application threads were stopped: 0.0001192 seconds, Stopping threads took: 0.0000284 seconds
[660.275s][info ][safepoint    ] Application time: 1.0001019 seconds
[660.275s][info ][safepoint    ] Entering safepoint region: Cleanup
[660.275s][info ][safepoint    ] Leaving safepoint region
[660.275s][info ][safepoint    ] Total time for which application threads were stopped: 0.0001192 seconds, Stopping threads took: 0.0000292 seconds
[661.275s][info ][safepoint    ] Application time: 1.0000839 seconds
[661.275s][info ][safepoint    ] Entering safepoint region: Cleanup
[661.275s][info ][safepoint    ] Leaving safepoint region
[661.275s][info ][safepoint    ] Total time for which application threads were stopped: 0.0001240 seconds, Stopping threads took: 0.0000290 seconds
[662.275s][info ][safepoint    ] Application time: 1.0000826 seconds
[662.275s][info ][safepoint    ] Entering safepoint region: Cleanup
[662.275s][info ][safepoint    ] Leaving safepoint region
[662.275s][info ][safepoint    ] Total time for which application threads were stopped: 0.0001164 seconds, Stopping threads took: 0.0000293 seconds
[663.275s][info ][safepoint    ] Application time: 1.0001128 seconds
[663.276s][info ][safepoint    ] Entering safepoint region: Cleanup
[663.276s][info ][safepoint    ] Leaving safepoint region
[663.276s][info ][safepoint    ] Total time for which application threads were stopped: 0.0001115 seconds, Stopping threads took: 0.0000285 seconds
[664.272s][info ][safepoint    ] Application time: 0.9962120 seconds
[664.272s][info ][safepoint    ] Entering safepoint region: GenCollectForAllocation
[664.272s][info ][gc,start     ] GC(423) Pause Young (Allocation Failure)
[664.272s][info ][gc,task      ] GC(423) Using 4 workers of 4 for evacuation
[664.274s][debug][gc,ref       ] GC(423) Skipped phase1 of Reference Processing due to unavailable references
[664.274s][debug][gc,ref       ] GC(423) Skipped phase2 of Reference Processing due to unavailable references
[664.274s][debug][gc,ref       ] GC(423) Skipped phase3 of Reference Processing due to unavailable references
[664.274s][debug][gc,ref       ] GC(423) Skipped phase4 of Reference Processing due to unavailable references
[664.274s][debug][gc,age       ] GC(423) Desired survivor size 15400960 bytes, new threshold 6 (max threshold 6)
[664.274s][info ][gc,heap      ] GC(423) ParNew: 241377K->550K(270976K)
[664.274s][info ][gc,heap      ] GC(423) CMS: 261439K->261470K(602112K)
[664.274s][info ][gc,metaspace ] GC(423) Metaspace: 55784K->55784K(1099776K)
[664.274s][info ][gc           ] GC(423) Pause Young (Allocation Failure) 491M->255M(852M) 2.085ms
[664.274s][info ][gc,cpu       ] GC(423) User=0.01s Sys=0.00s Real=0.00s
[664.274s][info ][safepoint    ] Leaving safepoint region
[664.274s][info ][safepoint    ] Total time for which application threads were stopped: 0.0022932 seconds, Stopping threads took: 0.0000271 seconds
[665.274s][info ][safepoint    ] Application time: 1.0000423 seconds
[665.274s][info ][safepoint    ] Entering safepoint region: Cleanup
[665.274s][info ][safepoint    ] Leaving safepoint region
[665.274s][info ][safepoint    ] Total time for which application threads were stopped: 0.0001122 seconds, Stopping threads took: 0.0000284 seconds
[666.274s][info ][safepoint    ] Application time: 1.0001080 seconds
[666.275s][info ][safepoint    ] Entering safepoint region: Cleanup
[666.275s][info ][safepoint    ] Leaving safepoint region
[666.275s][info ][safepoint    ] Total time for which application threads were stopped: 0.0001152 seconds, Stopping threads took: 0.0000306 seconds
[667.275s][info ][safepoint    ] Application time: 1.0000648 seconds
[667.275s][info ][safepoint    ] Entering safepoint region: Cleanup
[667.275s][info ][safepoint    ] Leaving safepoint region
[667.275s][info ][safepoint    ] Total time for which application threads were stopped: 0.0001125 seconds, Stopping threads took: 0.0000278 seconds
[668.275s][info ][safepoint    ] Application time: 1.0000936 seconds
[668.275s][info ][safepoint    ] Entering safepoint region: Cleanup
[668.275s][info ][safepoint    ] Leaving safepoint region
[668.275s][info ][safepoint    ] Total time for which application threads were stopped: 0.0001182 seconds, Stopping threads took: 0.0000299 seconds
[669.275s][info ][safepoint    ] Application time: 1.0000968 seconds
[669.275s][info ][safepoint    ] Entering safepoint region: Cleanup
[669.275s][info ][safepoint    ] Leaving safepoint region
[669.275s][info ][safepoint    ] Total time for which application threads were stopped: 0.0001333 seconds, Stopping threads took: 0.0000418 seconds
[670.222s][info ][safepoint    ] Application time: 0.9464193 seconds
[670.222s][info ][safepoint    ] Entering safepoint region: GenCollectForAllocation
[670.222s][info ][gc,start     ] GC(424) Pause Young (Allocation Failure)
[670.222s][info ][gc,task      ] GC(424) Using 4 workers of 4 for evacuation
[670.224s][debug][gc,ref       ] GC(424) Skipped phase1 of Reference Processing due to unavailable references
[670.224s][debug][gc,ref       ] GC(424) Skipped phase2 of Reference Processing due to unavailable references
[670.224s][debug][gc,ref       ] GC(424) Skipped phase3 of Reference Processing due to unavailable references
[670.224s][debug][gc,ref       ] GC(424) Skipped phase4 of Reference Processing due to unavailable references
[670.224s][debug][gc,age       ] GC(424) Desired survivor size 15400960 bytes, new threshold 6 (max threshold 6)
[670.224s][info ][gc,heap      ] GC(424) ParNew: 241446K->572K(270976K)
[670.224s][info ][gc,heap      ] GC(424) CMS: 261470K->261471K(602112K)
[670.224s][info ][gc,metaspace ] GC(424) Metaspace: 55785K->55785K(1099776K)
[670.224s][info ][gc           ] GC(424) Pause Young (Allocation Failure) 491M->255M(852M) 2.059ms
[670.225s][info ][gc,cpu       ] GC(424) User=0.01s Sys=0.00s Real=0.00s
[670.225s][info ][safepoint    ] Leaving safepoint region
[670.225s][info ][safepoint    ] Total time for which application threads were stopped: 0.0026810 seconds, Stopping threads took: 0.0003614 seconds
[671.225s][info ][safepoint    ] Application time: 1.0000554 seconds
[671.225s][info ][safepoint    ] Entering safepoint region: Cleanup
[671.225s][info ][safepoint    ] Leaving safepoint region
[671.225s][info ][safepoint    ] Total time for which application threads were stopped: 0.0001393 seconds, Stopping threads took: 0.0000528 seconds
[672.225s][info ][safepoint    ] Application time: 1.0001607 seconds
[672.225s][info ][safepoint    ] Entering safepoint region: Cleanup
[672.225s][info ][safepoint    ] Leaving safepoint region
[672.225s][info ][safepoint    ] Total time for which application threads were stopped: 0.0003477 seconds, Stopping threads took: 0.0000885 seconds
[673.225s][info ][safepoint    ] Application time: 1.0000514 seconds
[673.225s][info ][safepoint    ] Entering safepoint region: Cleanup
[673.226s][info ][safepoint    ] Leaving safepoint region
[673.226s][info ][safepoint    ] Total time for which application threads were stopped: 0.0001388 seconds, Stopping threads took: 0.0000284 seconds
[674.226s][info ][safepoint    ] Application time: 1.0000912 seconds
[674.226s][info ][safepoint    ] Entering safepoint region: Cleanup
[674.226s][info ][safepoint    ] Leaving safepoint region
[674.226s][info ][safepoint    ] Total time for which application threads were stopped: 0.0001246 seconds, Stopping threads took: 0.0000410 seconds
[675.226s][info ][safepoint    ] Application time: 1.0000981 seconds
[675.226s][info ][safepoint    ] Entering safepoint region: Cleanup
[675.226s][info ][safepoint    ] Leaving safepoint region
[675.226s][info ][safepoint    ] Total time for which application threads were stopped: 0.0001234 seconds, Stopping threads took: 0.0000422 seconds
[676.226s][info ][safepoint    ] Application time: 1.0001044 seconds
[676.226s][info ][safepoint    ] Entering safepoint region: Cleanup
[676.226s][info ][safepoint    ] Leaving safepoint region
[676.226s][info ][safepoint    ] Total time for which application threads were stopped: 0.0001194 seconds, Stopping threads took: 0.0000279 seconds
[676.322s][info ][safepoint    ] Application time: 0.0954807 seconds
[676.322s][info ][safepoint    ] Entering safepoint region: GenCollectForAllocation
[676.322s][info ][gc,start     ] GC(425) Pause Young (Allocation Failure)
[676.322s][info ][gc,task      ] GC(425) Using 4 workers of 4 for evacuation
[676.324s][debug][gc,ref       ] GC(425) Skipped phase1 of Reference Processing due to unavailable references
[676.324s][debug][gc,ref       ] GC(425) Skipped phase2 of Reference Processing due to unavailable references
[676.324s][debug][gc,ref       ] GC(425) Skipped phase3 of Reference Processing due to unavailable references
[676.324s][debug][gc,ref       ] GC(425) Skipped phase4 of Reference Processing due to unavailable references
[676.324s][debug][gc,age       ] GC(425) Desired survivor size 15400960 bytes, new threshold 6 (max threshold 6)
[676.324s][info ][gc,heap      ] GC(425) ParNew: 241468K->480K(270976K)
[676.324s][info ][gc,heap      ] GC(425) CMS: 261471K->261474K(602112K)
[676.324s][info ][gc,metaspace ] GC(425) Metaspace: 55786K->55786K(1099776K)
[676.324s][info ][gc           ] GC(425) Pause Young (Allocation Failure) 491M->255M(852M) 1.939ms
[676.324s][info ][gc,cpu       ] GC(425) User=0.00s Sys=0.00s Real=0.00s
[676.324s][info ][safepoint    ] Leaving safepoint region
[676.324s][info ][safepoint    ] Total time for which application threads were stopped: 0.0021446 seconds, Stopping threads took: 0.0000267 seconds
[677.324s][info ][safepoint    ] Application time: 1.0000938 seconds
[677.324s][info ][safepoint    ] Entering safepoint region: Cleanup
[677.324s][info ][safepoint    ] Leaving safepoint region
[677.324s][info ][safepoint    ] Total time for which application threads were stopped: 0.0001223 seconds, Stopping threads took: 0.0000325 seconds
[678.325s][info ][safepoint    ] Application time: 1.0002738 seconds
[678.325s][info ][safepoint    ] Entering safepoint region: Cleanup
[678.325s][info ][safepoint    ] Leaving safepoint region
[678.325s][info ][safepoint    ] Total time for which application threads were stopped: 0.0001191 seconds, Stopping threads took: 0.0000294 seconds
[679.325s][info ][safepoint    ] Application time: 1.0001065 seconds
[679.325s][info ][safepoint    ] Entering safepoint region: Cleanup
[679.325s][info ][safepoint    ] Leaving safepoint region
[679.325s][info ][safepoint    ] Total time for which application threads were stopped: 0.0001190 seconds, Stopping threads took: 0.0000295 seconds
[680.325s][info ][safepoint    ] Application time: 1.0001848 seconds
[680.325s][info ][safepoint    ] Entering safepoint region: Cleanup
[680.325s][info ][safepoint    ] Leaving safepoint region
[680.325s][info ][safepoint    ] Total time for which application threads were stopped: 0.0001116 seconds, Stopping threads took: 0.0000287 seconds
[681.325s][info ][safepoint    ] Application time: 1.0001030 seconds
[681.326s][info ][safepoint    ] Entering safepoint region: Cleanup
[681.326s][info ][safepoint    ] Leaving safepoint region
[681.326s][info ][safepoint    ] Total time for which application threads were stopped: 0.0001167 seconds, Stopping threads took: 0.0000311 seconds
[682.273s][info ][safepoint    ] Application time: 0.9474425 seconds
[682.273s][info ][safepoint    ] Entering safepoint region: GenCollectForAllocation
[682.273s][info ][gc,start     ] GC(426) Pause Young (Allocation Failure)
[682.273s][info ][gc,task      ] GC(426) Using 4 workers of 4 for evacuation
[682.276s][debug][gc,ref       ] GC(426) Skipped phase1 of Reference Processing due to unavailable references
[682.276s][debug][gc,ref       ] GC(426) Skipped phase2 of Reference Processing due to unavailable references
[682.276s][debug][gc,ref       ] GC(426) Skipped phase3 of Reference Processing due to unavailable references
[682.276s][debug][gc,ref       ] GC(426) Skipped phase4 of Reference Processing due to unavailable references
[682.276s][debug][gc,age       ] GC(426) Desired survivor size 15400960 bytes, new threshold 6 (max threshold 6)
[682.276s][info ][gc,heap      ] GC(426) ParNew: 241376K->263K(270976K)
[682.276s][info ][gc,heap      ] GC(426) CMS: 261474K->261833K(602112K)
[682.276s][info ][gc,metaspace ] GC(426) Metaspace: 55786K->55786K(1099776K)
[682.276s][info ][gc           ] GC(426) Pause Young (Allocation Failure) 491M->255M(852M) 2.881ms
[682.276s][info ][gc,cpu       ] GC(426) User=0.01s Sys=0.00s Real=0.00s
[682.276s][info ][safepoint    ] Leaving safepoint region
[682.276s][info ][safepoint    ] Total time for which application threads were stopped: 0.0030955 seconds, Stopping threads took: 0.0000273 seconds
[683.276s][info ][safepoint    ] Application time: 1.0001825 seconds
[683.276s][info ][safepoint    ] Entering safepoint region: Cleanup
[683.277s][info ][safepoint    ] Leaving safepoint region
[683.277s][info ][safepoint    ] Total time for which application threads were stopped: 0.0001236 seconds, Stopping threads took: 0.0000282 seconds
[684.277s][info ][safepoint    ] Application time: 1.0000964 seconds
[684.277s][info ][safepoint    ] Entering safepoint region: Cleanup
[684.277s][info ][safepoint    ] Leaving safepoint region
[684.277s][info ][safepoint    ] Total time for which application threads were stopped: 0.0001243 seconds, Stopping threads took: 0.0000276 seconds
[685.277s][info ][safepoint    ] Application time: 1.0001305 seconds
[685.277s][info ][safepoint    ] Entering safepoint region: Cleanup
[685.277s][info ][safepoint    ] Leaving safepoint region
[685.277s][info ][safepoint    ] Total time for which application threads were stopped: 0.0001135 seconds, Stopping threads took: 0.0000302 seconds
[686.277s][info ][safepoint    ] Application time: 1.0000886 seconds
[686.277s][info ][safepoint    ] Entering safepoint region: Cleanup
[686.277s][info ][safepoint    ] Leaving safepoint region
[686.277s][info ][safepoint    ] Total time for which application threads were stopped: 0.0001122 seconds, Stopping threads took: 0.0000275 seconds
[687.277s][info ][safepoint    ] Application time: 1.0000808 seconds
[687.278s][info ][safepoint    ] Entering safepoint region: Cleanup
[687.278s][info ][safepoint    ] Leaving safepoint region
[687.278s][info ][safepoint    ] Total time for which application threads were stopped: 0.0001132 seconds, Stopping threads took: 0.0000296 seconds
[688.278s][info ][safepoint    ] Application time: 1.0000926 seconds
[688.278s][info ][safepoint    ] Entering safepoint region: Cleanup
[688.278s][info ][safepoint    ] Leaving safepoint region
[688.278s][info ][safepoint    ] Total time for which application threads were stopped: 0.0001161 seconds, Stopping threads took: 0.0000285 seconds
[688.321s][info ][safepoint    ] Application time: 0.0427777 seconds
[688.321s][info ][safepoint    ] Entering safepoint region: GenCollectForAllocation
[688.321s][info ][gc,start     ] GC(427) Pause Young (Allocation Failure)
[688.321s][info ][gc,task      ] GC(427) Using 4 workers of 4 for evacuation
[688.322s][debug][gc,ref       ] GC(427) Skipped phase1 of Reference Processing due to unavailable references
[688.322s][debug][gc,ref       ] GC(427) Skipped phase2 of Reference Processing due to unavailable references
[688.322s][debug][gc,ref       ] GC(427) Skipped phase3 of Reference Processing due to unavailable references
[688.322s][debug][gc,ref       ] GC(427) Skipped phase4 of Reference Processing due to unavailable references
[688.323s][debug][gc,age       ] GC(427) Desired survivor size 15400960 bytes, new threshold 6 (max threshold 6)
[688.323s][info ][gc,heap      ] GC(427) ParNew: 241159K->98K(270976K)
[688.323s][info ][gc,heap      ] GC(427) CMS: 261833K->261835K(602112K)
[688.323s][info ][gc,metaspace ] GC(427) Metaspace: 55786K->55786K(1099776K)
[688.323s][info ][gc           ] GC(427) Pause Young (Allocation Failure) 491M->255M(852M) 1.642ms
[688.323s][info ][gc,cpu       ] GC(427) User=0.01s Sys=0.00s Real=0.01s
[688.323s][info ][safepoint    ] Leaving safepoint region
[688.323s][info ][safepoint    ] Total time for which application threads were stopped: 0.0018390 seconds, Stopping threads took: 0.0000440 seconds
[689.323s][info ][safepoint    ] Application time: 1.0000946 seconds
[689.323s][info ][safepoint    ] Entering safepoint region: Cleanup
[689.323s][info ][safepoint    ] Leaving safepoint region
[689.323s][info ][safepoint    ] Total time for which application threads were stopped: 0.0001427 seconds, Stopping threads took: 0.0000532 seconds
[690.323s][info ][safepoint    ] Application time: 1.0000922 seconds
[690.323s][info ][safepoint    ] Entering safepoint region: Cleanup
[690.323s][info ][safepoint    ] Leaving safepoint region
[690.323s][info ][safepoint    ] Total time for which application threads were stopped: 0.0002721 seconds, Stopping threads took: 0.0000749 seconds
[691.323s][info ][safepoint    ] Application time: 1.0000908 seconds
[691.323s][info ][safepoint    ] Entering safepoint region: Cleanup
[691.324s][info ][safepoint    ] Leaving safepoint region
[691.324s][info ][safepoint    ] Total time for which application threads were stopped: 0.0001469 seconds, Stopping threads took: 0.0000509 seconds
[692.324s][info ][safepoint    ] Application time: 1.0000770 seconds
[692.324s][info ][safepoint    ] Entering safepoint region: Cleanup
[692.324s][info ][safepoint    ] Leaving safepoint region
[692.324s][info ][safepoint    ] Total time for which application threads were stopped: 0.0001496 seconds, Stopping threads took: 0.0000294 seconds
[693.324s][info ][safepoint    ] Application time: 1.0001157 seconds
[693.324s][info ][safepoint    ] Entering safepoint region: Cleanup
[693.324s][info ][safepoint    ] Leaving safepoint region
[693.324s][info ][safepoint    ] Total time for which application threads were stopped: 0.0001397 seconds, Stopping threads took: 0.0000381 seconds
[694.223s][info ][safepoint    ] Application time: 0.8991584 seconds
[694.223s][info ][safepoint    ] Entering safepoint region: GenCollectForAllocation
[694.224s][info ][gc,start     ] GC(428) Pause Young (Allocation Failure)
[694.224s][info ][gc,task      ] GC(428) Using 4 workers of 4 for evacuation
[694.226s][debug][gc,ref       ] GC(428) Skipped phase1 of Reference Processing due to unavailable references
[694.226s][debug][gc,ref       ] GC(428) Skipped phase2 of Reference Processing due to unavailable references
[694.226s][debug][gc,ref       ] GC(428) Skipped phase3 of Reference Processing due to unavailable references
[694.226s][debug][gc,ref       ] GC(428) Skipped phase4 of Reference Processing due to unavailable references
[694.226s][debug][gc,age       ] GC(428) Desired survivor size 15400960 bytes, new threshold 6 (max threshold 6)
[694.226s][info ][gc,heap      ] GC(428) ParNew: 240994K->95K(270976K)
[694.226s][info ][gc,heap      ] GC(428) CMS: 261835K->261835K(602112K)
[694.226s][info ][gc,metaspace ] GC(428) Metaspace: 55786K->55786K(1099776K)
[694.226s][info ][gc           ] GC(428) Pause Young (Allocation Failure) 491M->255M(852M) 2.167ms
[694.226s][info ][gc,cpu       ] GC(428) User=0.01s Sys=0.00s Real=0.00s
[694.226s][info ][safepoint    ] Leaving safepoint region
[694.226s][info ][safepoint    ] Total time for which application threads were stopped: 0.0025213 seconds, Stopping threads took: 0.0000257 seconds
[695.226s][info ][safepoint    ] Application time: 1.0001225 seconds
[695.226s][info ][safepoint    ] Entering safepoint region: Cleanup
[695.226s][info ][safepoint    ] Leaving safepoint region
[695.226s][info ][safepoint    ] Total time for which application threads were stopped: 0.0001131 seconds, Stopping threads took: 0.0000303 seconds
[696.226s][info ][safepoint    ] Application time: 1.0000960 seconds
[696.226s][info ][safepoint    ] Entering safepoint region: Cleanup
[696.226s][info ][safepoint    ] Leaving safepoint region
[696.226s][info ][safepoint    ] Total time for which application threads were stopped: 0.0001110 seconds, Stopping threads took: 0.0000284 seconds
[697.226s][info ][safepoint    ] Application time: 1.0000838 seconds
[697.227s][info ][safepoint    ] Entering safepoint region: Cleanup
[697.227s][info ][safepoint    ] Leaving safepoint region
[697.227s][info ][safepoint    ] Total time for which application threads were stopped: 0.0001248 seconds, Stopping threads took: 0.0000408 seconds
[698.227s][info ][safepoint    ] Application time: 1.0000915 seconds
[698.227s][info ][safepoint    ] Entering safepoint region: Cleanup
[698.227s][info ][safepoint    ] Leaving safepoint region
[698.227s][info ][safepoint    ] Total time for which application threads were stopped: 0.0001238 seconds, Stopping threads took: 0.0000282 seconds
[699.227s][info ][safepoint    ] Application time: 1.0001023 seconds
[699.227s][info ][safepoint    ] Entering safepoint region: Cleanup
[699.227s][info ][safepoint    ] Leaving safepoint region
[699.227s][info ][safepoint    ] Total time for which application threads were stopped: 0.0001220 seconds, Stopping threads took: 0.0000372 seconds
[700.073s][info ][safepoint    ] Application time: 0.8456257 seconds
[700.073s][info ][safepoint    ] Entering safepoint region: GenCollectForAllocation
[700.073s][info ][gc,start     ] GC(429) Pause Young (Allocation Failure)
[700.073s][info ][gc,task      ] GC(429) Using 4 workers of 4 for evacuation
[700.074s][debug][gc,ref       ] GC(429) Skipped phase1 of Reference Processing due to unavailable references
[700.075s][debug][gc,ref       ] GC(429) Skipped phase2 of Reference Processing due to unavailable references
[700.075s][debug][gc,ref       ] GC(429) Skipped phase3 of Reference Processing due to unavailable references
[700.075s][debug][gc,ref       ] GC(429) Skipped phase4 of Reference Processing due to unavailable references
[700.075s][debug][gc,age       ] GC(429) Desired survivor size 15400960 bytes, new threshold 6 (max threshold 6)
[700.075s][info ][gc,heap      ] GC(429) ParNew: 240991K->157K(270976K)
[700.075s][info ][gc,heap      ] GC(429) CMS: 261835K->261835K(602112K)
[700.075s][info ][gc,metaspace ] GC(429) Metaspace: 55786K->55786K(1099776K)
[700.075s][info ][gc           ] GC(429) Pause Young (Allocation Failure) 491M->255M(852M) 1.726ms
[700.075s][info ][gc,cpu       ] GC(429) User=0.00s Sys=0.00s Real=0.00s
[700.075s][info ][safepoint    ] Leaving safepoint region
[700.075s][info ][safepoint    ] Total time for which application threads were stopped: 0.0019205 seconds, Stopping threads took: 0.0000284 seconds
[701.075s][info ][safepoint    ] Application time: 1.0001008 seconds
[701.075s][info ][safepoint    ] Entering safepoint region: Cleanup
[701.075s][info ][safepoint    ] Leaving safepoint region
[701.075s][info ][safepoint    ] Total time for which application threads were stopped: 0.0001154 seconds, Stopping threads took: 0.0000316 seconds
[702.075s][info ][safepoint    ] Application time: 1.0000931 seconds
[702.075s][info ][safepoint    ] Entering safepoint region: Cleanup
[702.075s][info ][safepoint    ] Leaving safepoint region
[702.075s][info ][safepoint    ] Total time for which application threads were stopped: 0.0001137 seconds, Stopping threads took: 0.0000292 seconds
[703.075s][info ][safepoint    ] Application time: 1.0002103 seconds
[703.076s][info ][safepoint    ] Entering safepoint region: Cleanup
[703.076s][info ][safepoint    ] Leaving safepoint region
[703.076s][info ][safepoint    ] Total time for which application threads were stopped: 0.0001324 seconds, Stopping threads took: 0.0000448 seconds
[704.076s][info ][safepoint    ] Application time: 1.0000937 seconds
[704.076s][info ][safepoint    ] Entering safepoint region: Cleanup
[704.076s][info ][safepoint    ] Leaving safepoint region
[704.076s][info ][safepoint    ] Total time for which application threads were stopped: 0.0001273 seconds, Stopping threads took: 0.0000286 seconds
[705.076s][info ][safepoint    ] Application time: 1.0000860 seconds
[705.076s][info ][safepoint    ] Entering safepoint region: Cleanup
[705.076s][info ][safepoint    ] Leaving safepoint region
[705.076s][info ][safepoint    ] Total time for which application threads were stopped: 0.0001360 seconds, Stopping threads took: 0.0000416 seconds
[706.071s][info ][safepoint    ] Application time: 0.9951883 seconds
[706.071s][info ][safepoint    ] Entering safepoint region: GenCollectForAllocation
[706.072s][info ][gc,start     ] GC(430) Pause Young (Allocation Failure)
[706.072s][info ][gc,task      ] GC(430) Using 4 workers of 4 for evacuation
[706.073s][debug][gc,ref       ] GC(430) Skipped phase1 of Reference Processing due to unavailable references
[706.073s][debug][gc,ref       ] GC(430) Skipped phase2 of Reference Processing due to unavailable references
[706.073s][debug][gc,ref       ] GC(430) Skipped phase3 of Reference Processing due to unavailable references
[706.073s][debug][gc,ref       ] GC(430) Skipped phase4 of Reference Processing due to unavailable references
[706.073s][debug][gc,age       ] GC(430) Desired survivor size 15400960 bytes, new threshold 6 (max threshold 6)
[706.073s][info ][gc,heap      ] GC(430) ParNew: 241053K->89K(270976K)
[706.073s][info ][gc,heap      ] GC(430) CMS: 261835K->261836K(602112K)
[706.073s][info ][gc,metaspace ] GC(430) Metaspace: 55786K->55786K(1099776K)
[706.073s][info ][gc           ] GC(430) Pause Young (Allocation Failure) 491M->255M(852M) 1.626ms
[706.073s][info ][gc,cpu       ] GC(430) User=0.01s Sys=0.01s Real=0.00s
[706.073s][info ][safepoint    ] Leaving safepoint region
[706.073s][info ][safepoint    ] Total time for which application threads were stopped: 0.0018646 seconds, Stopping threads took: 0.0000393 seconds
[707.073s][info ][safepoint    ] Application time: 1.0000903 seconds
[707.073s][info ][safepoint    ] Entering safepoint region: Cleanup
[707.074s][info ][safepoint    ] Leaving safepoint region
[707.074s][info ][safepoint    ] Total time for which application threads were stopped: 0.0002172 seconds, Stopping threads took: 0.0000790 seconds
[708.074s][info ][safepoint    ] Application time: 1.0001015 seconds
[708.074s][info ][safepoint    ] Entering safepoint region: Cleanup
[708.074s][info ][safepoint    ] Leaving safepoint region
[708.074s][info ][safepoint    ] Total time for which application threads were stopped: 0.0001376 seconds, Stopping threads took: 0.0000475 seconds
[709.074s][info ][safepoint    ] Application time: 1.0001050 seconds
[709.074s][info ][safepoint    ] Entering safepoint region: Cleanup
[709.074s][info ][safepoint    ] Leaving safepoint region
[709.074s][info ][safepoint    ] Total time for which application threads were stopped: 0.0001274 seconds, Stopping threads took: 0.0000394 seconds
[710.074s][info ][safepoint    ] Application time: 1.0000999 seconds
[710.074s][info ][safepoint    ] Entering safepoint region: Cleanup
[710.074s][info ][safepoint    ] Leaving safepoint region
[710.074s][info ][safepoint    ] Total time for which application threads were stopped: 0.0001489 seconds, Stopping threads took: 0.0000501 seconds
[711.075s][info ][safepoint    ] Application time: 1.0000924 seconds
[711.075s][info ][safepoint    ] Entering safepoint region: Cleanup
[711.075s][info ][safepoint    ] Leaving safepoint region
[711.075s][info ][safepoint    ] Total time for which application threads were stopped: 0.0001574 seconds, Stopping threads took: 0.0000736 seconds
[712.072s][info ][safepoint    ] Application time: 0.9975488 seconds
[712.072s][info ][safepoint    ] Entering safepoint region: GenCollectForAllocation
[712.073s][info ][gc,start     ] GC(431) Pause Young (Allocation Failure)
[712.073s][info ][gc,task      ] GC(431) Using 4 workers of 4 for evacuation
[712.074s][debug][gc,ref       ] GC(431) Skipped phase1 of Reference Processing due to unavailable references
[712.074s][debug][gc,ref       ] GC(431) Skipped phase2 of Reference Processing due to unavailable references
[712.074s][debug][gc,ref       ] GC(431) Skipped phase3 of Reference Processing due to unavailable references
[712.074s][debug][gc,ref       ] GC(431) Skipped phase4 of Reference Processing due to unavailable references
[712.074s][debug][gc,age       ] GC(431) Desired survivor size 15400960 bytes, new threshold 6 (max threshold 6)
[712.074s][info ][gc,heap      ] GC(431) ParNew: 240985K->65K(270976K)
[712.074s][info ][gc,heap      ] GC(431) CMS: 261836K->261836K(602112K)
[712.074s][info ][gc,metaspace ] GC(431) Metaspace: 55786K->55786K(1099776K)
[712.074s][info ][gc           ] GC(431) Pause Young (Allocation Failure) 491M->255M(852M) 1.636ms
[712.074s][info ][gc,cpu       ] GC(431) User=0.01s Sys=0.00s Real=0.00s
[712.074s][info ][safepoint    ] Leaving safepoint region
[712.074s][info ][safepoint    ] Total time for which application threads were stopped: 0.0018697 seconds, Stopping threads took: 0.0000276 seconds
[713.074s][info ][safepoint    ] Application time: 1.0001086 seconds
[713.074s][info ][safepoint    ] Entering safepoint region: Cleanup
[713.075s][info ][safepoint    ] Leaving safepoint region
[713.075s][info ][safepoint    ] Total time for which application threads were stopped: 0.0001289 seconds, Stopping threads took: 0.0000279 seconds
[714.075s][info ][safepoint    ] Application time: 1.0000939 seconds
[714.075s][info ][safepoint    ] Entering safepoint region: Cleanup
[714.075s][info ][safepoint    ] Leaving safepoint region
[714.075s][info ][safepoint    ] Total time for which application threads were stopped: 0.0001063 seconds, Stopping threads took: 0.0000266 seconds
[715.075s][info ][safepoint    ] Application time: 1.0000855 seconds
[715.075s][info ][safepoint    ] Entering safepoint region: Cleanup
[715.075s][info ][safepoint    ] Leaving safepoint region
[715.075s][info ][safepoint    ] Total time for which application threads were stopped: 0.0001310 seconds, Stopping threads took: 0.0000449 seconds
[716.075s][info ][safepoint    ] Application time: 1.0001001 seconds
[716.075s][info ][safepoint    ] Entering safepoint region: Cleanup
[716.075s][info ][safepoint    ] Leaving safepoint region
[716.075s][info ][safepoint    ] Total time for which application threads were stopped: 0.0001178 seconds, Stopping threads took: 0.0000355 seconds
[717.075s][info ][safepoint    ] Application time: 1.0000784 seconds
[717.075s][info ][safepoint    ] Entering safepoint region: Cleanup
[717.076s][info ][safepoint    ] Leaving safepoint region
[717.076s][info ][safepoint    ] Total time for which application threads were stopped: 0.0001115 seconds, Stopping threads took: 0.0000275 seconds
[718.076s][info ][safepoint    ] Application time: 1.0000877 seconds
[718.076s][info ][safepoint    ] Entering safepoint region: Cleanup
[718.076s][info ][safepoint    ] Leaving safepoint region
[718.076s][info ][safepoint    ] Total time for which application threads were stopped: 0.0001247 seconds, Stopping threads took: 0.0000268 seconds
[718.142s][info ][safepoint    ] Application time: 0.0664060 seconds
[718.142s][info ][safepoint    ] Entering safepoint region: GenCollectForAllocation
[718.142s][info ][gc,start     ] GC(432) Pause Young (Allocation Failure)
[718.142s][info ][gc,task      ] GC(432) Using 4 workers of 4 for evacuation
[718.144s][debug][gc,ref       ] GC(432) Skipped phase1 of Reference Processing due to unavailable references
[718.144s][debug][gc,ref       ] GC(432) Skipped phase2 of Reference Processing due to unavailable references
[718.144s][debug][gc,ref       ] GC(432) Skipped phase3 of Reference Processing due to unavailable references
[718.144s][debug][gc,ref       ] GC(432) Skipped phase4 of Reference Processing due to unavailable references
[718.144s][debug][gc,age       ] GC(432) Desired survivor size 15400960 bytes, new threshold 6 (max threshold 6)
[718.144s][info ][gc,heap      ] GC(432) ParNew: 240961K->70K(270976K)
[718.144s][info ][gc,heap      ] GC(432) CMS: 261836K->261837K(602112K)
[718.144s][info ][gc,metaspace ] GC(432) Metaspace: 55787K->55787K(1099776K)
[718.144s][info ][gc           ] GC(432) Pause Young (Allocation Failure) 491M->255M(852M) 1.764ms
[718.144s][info ][gc,cpu       ] GC(432) User=0.00s Sys=0.00s Real=0.00s
[718.144s][info ][safepoint    ] Leaving safepoint region
[718.144s][info ][safepoint    ] Total time for which application threads were stopped: 0.0019485 seconds, Stopping threads took: 0.0000270 seconds
[719.144s][info ][safepoint    ] Application time: 1.0001010 seconds
[719.144s][info ][safepoint    ] Entering safepoint region: Cleanup
[719.144s][info ][safepoint    ] Leaving safepoint region
[719.144s][info ][safepoint    ] Total time for which application threads were stopped: 0.0001157 seconds, Stopping threads took: 0.0000327 seconds
[720.145s][info ][safepoint    ] Application time: 1.0000717 seconds
[720.145s][info ][safepoint    ] Entering safepoint region: Cleanup
[720.145s][info ][safepoint    ] Leaving safepoint region
[720.145s][info ][safepoint    ] Total time for which application threads were stopped: 0.0001209 seconds, Stopping threads took: 0.0000406 seconds
[721.145s][info ][safepoint    ] Application time: 1.0000993 seconds
[721.145s][info ][safepoint    ] Entering safepoint region: Cleanup
[721.145s][info ][safepoint    ] Leaving safepoint region
[721.145s][info ][safepoint    ] Total time for which application threads were stopped: 0.0001124 seconds, Stopping threads took: 0.0000295 seconds
[722.145s][info ][safepoint    ] Application time: 1.0000945 seconds
[722.145s][info ][safepoint    ] Entering safepoint region: Cleanup
[722.145s][info ][safepoint    ] Leaving safepoint region
[722.145s][info ][safepoint    ] Total time for which application threads were stopped: 0.0001151 seconds, Stopping threads took: 0.0000276 seconds
[723.145s][info ][safepoint    ] Application time: 1.0000925 seconds
[723.145s][info ][safepoint    ] Entering safepoint region: Cleanup
[723.145s][info ][safepoint    ] Leaving safepoint region
[723.145s][info ][safepoint    ] Total time for which application threads were stopped: 0.0001132 seconds, Stopping threads took: 0.0000303 seconds
[724.146s][info ][safepoint    ] Application time: 1.0000847 seconds
[724.146s][info ][safepoint    ] Entering safepoint region: Cleanup
[724.146s][info ][safepoint    ] Leaving safepoint region
[724.146s][info ][safepoint    ] Total time for which application threads were stopped: 0.0001163 seconds, Stopping threads took: 0.0000324 seconds
[724.221s][info ][safepoint    ] Application time: 0.0753368 seconds
[724.221s][info ][safepoint    ] Entering safepoint region: GenCollectForAllocation
[724.221s][info ][gc,start     ] GC(433) Pause Young (Allocation Failure)
[724.221s][info ][gc,task      ] GC(433) Using 4 workers of 4 for evacuation
[724.223s][debug][gc,ref       ] GC(433) Skipped phase1 of Reference Processing due to unavailable references
[724.223s][debug][gc,ref       ] GC(433) Skipped phase2 of Reference Processing due to unavailable references
[724.223s][debug][gc,ref       ] GC(433) Skipped phase3 of Reference Processing due to unavailable references
[724.223s][debug][gc,ref       ] GC(433) Skipped phase4 of Reference Processing due to unavailable references
[724.223s][debug][gc,age       ] GC(433) Desired survivor size 15400960 bytes, new threshold 6 (max threshold 6)
[724.223s][info ][gc,heap      ] GC(433) ParNew: 240966K->48K(270976K)
[724.223s][info ][gc,heap      ] GC(433) CMS: 261837K->261837K(602112K)
[724.223s][info ][gc,metaspace ] GC(433) Metaspace: 55787K->55787K(1099776K)
[724.223s][info ][gc           ] GC(433) Pause Young (Allocation Failure) 491M->255M(852M) 1.622ms
[724.223s][info ][gc,cpu       ] GC(433) User=0.00s Sys=0.00s Real=0.01s
[724.223s][info ][safepoint    ] Leaving safepoint region
[724.223s][info ][safepoint    ] Total time for which application threads were stopped: 0.0018585 seconds, Stopping threads took: 0.0000725 seconds
[725.223s][info ][safepoint    ] Application time: 1.0001086 seconds
[725.223s][info ][safepoint    ] Entering safepoint region: Cleanup
[725.223s][info ][safepoint    ] Leaving safepoint region
[725.223s][info ][safepoint    ] Total time for which application threads were stopped: 0.0001496 seconds, Stopping threads took: 0.0000558 seconds
[726.223s][info ][safepoint    ] Application time: 1.0000970 seconds
[726.223s][info ][safepoint    ] Entering safepoint region: Cleanup
[726.224s][info ][safepoint    ] Leaving safepoint region
[726.224s][info ][safepoint    ] Total time for which application threads were stopped: 0.0001944 seconds, Stopping threads took: 0.0000862 seconds
[727.224s][info ][safepoint    ] Application time: 1.0001155 seconds
[727.224s][info ][safepoint    ] Entering safepoint region: Cleanup
[727.224s][info ][safepoint    ] Leaving safepoint region
[727.224s][info ][safepoint    ] Total time for which application threads were stopped: 0.0001374 seconds, Stopping threads took: 0.0000402 seconds
[728.224s][info ][safepoint    ] Application time: 1.0000897 seconds
[728.224s][info ][safepoint    ] Entering safepoint region: Cleanup
[728.224s][info ][safepoint    ] Leaving safepoint region
[728.224s][info ][safepoint    ] Total time for which application threads were stopped: 0.0001892 seconds, Stopping threads took: 0.0000838 seconds
[729.224s][info ][safepoint    ] Application time: 1.0000968 seconds
[729.224s][info ][safepoint    ] Entering safepoint region: Cleanup
[729.224s][info ][safepoint    ] Leaving safepoint region
[729.224s][info ][safepoint    ] Total time for which application threads were stopped: 0.0001337 seconds, Stopping threads took: 0.0000347 seconds
[730.225s][info ][safepoint    ] Application time: 1.0000502 seconds
[730.225s][info ][safepoint    ] Entering safepoint region: Cleanup
[730.225s][info ][safepoint    ] Leaving safepoint region
[730.225s][info ][safepoint    ] Total time for which application threads were stopped: 0.0001093 seconds, Stopping threads took: 0.0000278 seconds
[730.370s][info ][safepoint    ] Application time: 0.1450690 seconds
[730.370s][info ][safepoint    ] Entering safepoint region: GenCollectForAllocation
[730.370s][info ][gc,start     ] GC(434) Pause Young (Allocation Failure)
[730.370s][info ][gc,task      ] GC(434) Using 4 workers of 4 for evacuation
[730.371s][debug][gc,ref       ] GC(434) Skipped phase1 of Reference Processing due to unavailable references
[730.371s][debug][gc,ref       ] GC(434) Skipped phase2 of Reference Processing due to unavailable references
[730.371s][debug][gc,ref       ] GC(434) Skipped phase3 of Reference Processing due to unavailable references
[730.371s][debug][gc,ref       ] GC(434) Skipped phase4 of Reference Processing due to unavailable references
[730.372s][debug][gc,age       ] GC(434) Desired survivor size 15400960 bytes, new threshold 6 (max threshold 6)
[730.372s][info ][gc,heap      ] GC(434) ParNew: 240944K->61K(270976K)
[730.372s][info ][gc,heap      ] GC(434) CMS: 261837K->261838K(602112K)
[730.372s][info ][gc,metaspace ] GC(434) Metaspace: 55789K->55789K(1099776K)
[730.372s][info ][gc           ] GC(434) Pause Young (Allocation Failure) 490M->255M(852M) 1.595ms
[730.372s][info ][gc,cpu       ] GC(434) User=0.00s Sys=0.00s Real=0.00s
[730.372s][info ][safepoint    ] Leaving safepoint region
[730.372s][info ][safepoint    ] Total time for which application threads were stopped: 0.0017953 seconds, Stopping threads took: 0.0000274 seconds
[731.372s][info ][safepoint    ] Application time: 1.0000924 seconds
[731.372s][info ][safepoint    ] Entering safepoint region: Cleanup
[731.372s][info ][safepoint    ] Leaving safepoint region
[731.372s][info ][safepoint    ] Total time for which application threads were stopped: 0.0001338 seconds, Stopping threads took: 0.0000386 seconds
[732.372s][info ][safepoint    ] Application time: 1.0000872 seconds
[732.372s][info ][safepoint    ] Entering safepoint region: Cleanup
[732.372s][info ][safepoint    ] Leaving safepoint region
[732.372s][info ][safepoint    ] Total time for which application threads were stopped: 0.0001715 seconds, Stopping threads took: 0.0000802 seconds
[733.372s][info ][safepoint    ] Application time: 1.0000898 seconds
[733.372s][info ][safepoint    ] Entering safepoint region: Cleanup
[733.372s][info ][safepoint    ] Leaving safepoint region
[733.372s][info ][safepoint    ] Total time for which application threads were stopped: 0.0001280 seconds, Stopping threads took: 0.0000368 seconds
[734.373s][info ][safepoint    ] Application time: 1.0000915 seconds
[734.373s][info ][safepoint    ] Entering safepoint region: Cleanup
[734.373s][info ][safepoint    ] Leaving safepoint region
[734.373s][info ][safepoint    ] Total time for which application threads were stopped: 0.0001583 seconds, Stopping threads took: 0.0000560 seconds
[735.373s][info ][safepoint    ] Application time: 1.0001035 seconds
[735.373s][info ][safepoint    ] Entering safepoint region: Cleanup
[735.373s][info ][safepoint    ] Leaving safepoint region
[735.373s][info ][safepoint    ] Total time for which application threads were stopped: 0.0001396 seconds, Stopping threads took: 0.0000431 seconds
[736.222s][info ][safepoint    ] Application time: 0.8487602 seconds
[736.222s][info ][safepoint    ] Entering safepoint region: GenCollectForAllocation
[736.222s][info ][gc,start     ] GC(435) Pause Young (Allocation Failure)
[736.222s][info ][gc,task      ] GC(435) Using 4 workers of 4 for evacuation
[736.223s][debug][gc,ref       ] GC(435) Skipped phase1 of Reference Processing due to unavailable references
[736.224s][debug][gc,ref       ] GC(435) Skipped phase2 of Reference Processing due to unavailable references
[736.224s][debug][gc,ref       ] GC(435) Skipped phase3 of Reference Processing due to unavailable references
[736.224s][debug][gc,ref       ] GC(435) Skipped phase4 of Reference Processing due to unavailable references
[736.224s][debug][gc,age       ] GC(435) Desired survivor size 15400960 bytes, new threshold 6 (max threshold 6)
[736.224s][info ][gc,heap      ] GC(435) ParNew: 240957K->74K(270976K)
[736.224s][info ][gc,heap      ] GC(435) CMS: 261838K->261838K(602112K)
[736.224s][info ][gc,metaspace ] GC(435) Metaspace: 55795K->55795K(1099776K)
[736.224s][info ][gc           ] GC(435) Pause Young (Allocation Failure) 491M->255M(852M) 1.703ms
[736.224s][info ][gc,cpu       ] GC(435) User=0.00s Sys=0.00s Real=0.00s
[736.224s][info ][safepoint    ] Leaving safepoint region
[736.224s][info ][safepoint    ] Total time for which application threads were stopped: 0.0019129 seconds, Stopping threads took: 0.0000392 seconds
[737.224s][info ][safepoint    ] Application time: 1.0001063 seconds
[737.224s][info ][safepoint    ] Entering safepoint region: Cleanup
[737.224s][info ][safepoint    ] Leaving safepoint region
[737.224s][info ][safepoint    ] Total time for which application threads were stopped: 0.0001415 seconds, Stopping threads took: 0.0000449 seconds
[738.224s][info ][safepoint    ] Application time: 1.0000879 seconds
[738.224s][info ][safepoint    ] Entering safepoint region: Cleanup
[738.224s][info ][safepoint    ] Leaving safepoint region
[738.224s][info ][safepoint    ] Total time for which application threads were stopped: 0.0001485 seconds, Stopping threads took: 0.0000471 seconds
[739.224s][info ][safepoint    ] Application time: 1.0000871 seconds
[739.225s][info ][safepoint    ] Entering safepoint region: Cleanup
[739.225s][info ][safepoint    ] Leaving safepoint region
[739.225s][info ][safepoint    ] Total time for which application threads were stopped: 0.0001635 seconds, Stopping threads took: 0.0000751 seconds
[740.225s][info ][safepoint    ] Application time: 1.0000935 seconds
[740.225s][info ][safepoint    ] Entering safepoint region: Cleanup
[740.225s][info ][safepoint    ] Leaving safepoint region
[740.225s][info ][safepoint    ] Total time for which application threads were stopped: 0.0001348 seconds, Stopping threads took: 0.0000417 seconds
[741.225s][info ][safepoint    ] Application time: 1.0000695 seconds
[741.225s][info ][safepoint    ] Entering safepoint region: Cleanup
[741.225s][info ][safepoint    ] Leaving safepoint region
[741.225s][info ][safepoint    ] Total time for which application threads were stopped: 0.0001221 seconds, Stopping threads took: 0.0000294 seconds
[742.174s][info ][safepoint    ] Application time: 0.9490316 seconds
[742.174s][info ][safepoint    ] Entering safepoint region: GenCollectForAllocation
[742.174s][info ][gc,start     ] GC(436) Pause Young (Allocation Failure)
[742.174s][info ][gc,task      ] GC(436) Using 4 workers of 4 for evacuation
[742.176s][debug][gc,ref       ] GC(436) Skipped phase1 of Reference Processing due to unavailable references
[742.176s][debug][gc,ref       ] GC(436) Skipped phase2 of Reference Processing due to unavailable references
[742.176s][debug][gc,ref       ] GC(436) Skipped phase3 of Reference Processing due to unavailable references
[742.176s][debug][gc,ref       ] GC(436) Skipped phase4 of Reference Processing due to unavailable references
[742.176s][debug][gc,age       ] GC(436) Desired survivor size 15400960 bytes, new threshold 6 (max threshold 6)
[742.176s][info ][gc,heap      ] GC(436) ParNew: 240970K->70K(270976K)
[742.176s][info ][gc,heap      ] GC(436) CMS: 261838K->261838K(602112K)
[742.176s][info ][gc,metaspace ] GC(436) Metaspace: 55795K->55795K(1099776K)
[742.176s][info ][gc           ] GC(436) Pause Young (Allocation Failure) 491M->255M(852M) 2.078ms
[742.177s][info ][gc,cpu       ] GC(436) User=0.01s Sys=0.00s Real=0.00s
[742.177s][info ][safepoint    ] Leaving safepoint region
[742.177s][info ][safepoint    ] Total time for which application threads were stopped: 0.0022993 seconds, Stopping threads took: 0.0000276 seconds
[743.177s][info ][safepoint    ] Application time: 1.0001087 seconds
[743.177s][info ][safepoint    ] Entering safepoint region: Cleanup
[743.177s][info ][safepoint    ] Leaving safepoint region
[743.177s][info ][safepoint    ] Total time for which application threads were stopped: 0.0001202 seconds, Stopping threads took: 0.0000279 seconds
[744.177s][info ][safepoint    ] Application time: 1.0000914 seconds
[744.177s][info ][safepoint    ] Entering safepoint region: Cleanup
[744.177s][info ][safepoint    ] Leaving safepoint region
[744.177s][info ][safepoint    ] Total time for which application threads were stopped: 0.0001186 seconds, Stopping threads took: 0.0000294 seconds
[745.177s][info ][safepoint    ] Application time: 1.0000983 seconds
[745.177s][info ][safepoint    ] Entering safepoint region: Cleanup
[745.177s][info ][safepoint    ] Leaving safepoint region
[745.177s][info ][safepoint    ] Total time for which application threads were stopped: 0.0001155 seconds, Stopping threads took: 0.0000286 seconds
[746.177s][info ][safepoint    ] Application time: 1.0001024 seconds
[746.178s][info ][safepoint    ] Entering safepoint region: Cleanup
[746.178s][info ][safepoint    ] Leaving safepoint region
[746.178s][info ][safepoint    ] Total time for which application threads were stopped: 0.0001313 seconds, Stopping threads took: 0.0000468 seconds
[747.178s][info ][safepoint    ] Application time: 1.0000946 seconds
[747.178s][info ][safepoint    ] Entering safepoint region: Cleanup
[747.178s][info ][safepoint    ] Leaving safepoint region
[747.178s][info ][safepoint    ] Total time for which application threads were stopped: 0.0001127 seconds, Stopping threads took: 0.0000274 seconds
[748.172s][info ][safepoint    ] Application time: 0.9941725 seconds
[748.172s][info ][safepoint    ] Entering safepoint region: GenCollectForAllocation
[748.172s][info ][gc,start     ] GC(437) Pause Young (Allocation Failure)
[748.172s][info ][gc,task      ] GC(437) Using 4 workers of 4 for evacuation
[748.174s][debug][gc,ref       ] GC(437) Skipped phase1 of Reference Processing due to unavailable references
[748.174s][debug][gc,ref       ] GC(437) Skipped phase2 of Reference Processing due to unavailable references
[748.174s][debug][gc,ref       ] GC(437) Skipped phase3 of Reference Processing due to unavailable references
[748.174s][debug][gc,ref       ] GC(437) Skipped phase4 of Reference Processing due to unavailable references
[748.174s][debug][gc,age       ] GC(437) Desired survivor size 15400960 bytes, new threshold 6 (max threshold 6)
[748.174s][info ][gc,heap      ] GC(437) ParNew: 240966K->65K(270976K)
[748.174s][info ][gc,heap      ] GC(437) CMS: 261838K->261838K(602112K)
[748.174s][info ][gc,metaspace ] GC(437) Metaspace: 55796K->55796K(1099776K)
[748.174s][info ][gc           ] GC(437) Pause Young (Allocation Failure) 491M->255M(852M) 1.690ms
[748.174s][info ][gc,cpu       ] GC(437) User=0.01s Sys=0.00s Real=0.00s
[748.174s][info ][safepoint    ] Leaving safepoint region
[748.174s][info ][safepoint    ] Total time for which application threads were stopped: 0.0019007 seconds, Stopping threads took: 0.0000424 seconds
[749.174s][info ][safepoint    ] Application time: 1.0001017 seconds
[749.174s][info ][safepoint    ] Entering safepoint region: Cleanup
[749.174s][info ][safepoint    ] Leaving safepoint region
[749.174s][info ][safepoint    ] Total time for which application threads were stopped: 0.0001357 seconds, Stopping threads took: 0.0000441 seconds
[750.174s][info ][safepoint    ] Application time: 1.0001030 seconds
[750.175s][info ][safepoint    ] Entering safepoint region: Cleanup
[750.175s][info ][safepoint    ] Leaving safepoint region
[750.175s][info ][safepoint    ] Total time for which application threads were stopped: 0.0003765 seconds, Stopping threads took: 0.0002135 seconds
[751.175s][info ][safepoint    ] Application time: 1.0000883 seconds
[751.175s][info ][safepoint    ] Entering safepoint region: Cleanup
[751.175s][info ][safepoint    ] Leaving safepoint region
[751.175s][info ][safepoint    ] Total time for which application threads were stopped: 0.0001307 seconds, Stopping threads took: 0.0000293 seconds
[752.175s][info ][safepoint    ] Application time: 1.0000907 seconds
[752.175s][info ][safepoint    ] Entering safepoint region: Cleanup
[752.175s][info ][safepoint    ] Leaving safepoint region
[752.175s][info ][safepoint    ] Total time for which application threads were stopped: 0.0001204 seconds, Stopping threads took: 0.0000298 seconds
[753.175s][info ][safepoint    ] Application time: 1.0000911 seconds
[753.175s][info ][safepoint    ] Entering safepoint region: Cleanup
[753.176s][info ][safepoint    ] Leaving safepoint region
[753.176s][info ][safepoint    ] Total time for which application threads were stopped: 0.0001159 seconds, Stopping threads took: 0.0000296 seconds
[754.171s][info ][safepoint    ] Application time: 0.9953734 seconds
[754.171s][info ][safepoint    ] Entering safepoint region: GenCollectForAllocation
[754.171s][info ][gc,start     ] GC(438) Pause Young (Allocation Failure)
[754.171s][info ][gc,task      ] GC(438) Using 4 workers of 4 for evacuation
[754.173s][debug][gc,ref       ] GC(438) Skipped phase1 of Reference Processing due to unavailable references
[754.173s][debug][gc,ref       ] GC(438) Skipped phase2 of Reference Processing due to unavailable references
[754.173s][debug][gc,ref       ] GC(438) Skipped phase3 of Reference Processing due to unavailable references
[754.173s][debug][gc,ref       ] GC(438) Skipped phase4 of Reference Processing due to unavailable references
[754.173s][debug][gc,age       ] GC(438) Desired survivor size 15400960 bytes, new threshold 6 (max threshold 6)
[754.173s][info ][gc,heap      ] GC(438) ParNew: 240961K->68K(270976K)
[754.173s][info ][gc,heap      ] GC(438) CMS: 261838K->261838K(602112K)
[754.173s][info ][gc,metaspace ] GC(438) Metaspace: 55800K->55800K(1099776K)
[754.173s][info ][gc           ] GC(438) Pause Young (Allocation Failure) 491M->255M(852M) 1.672ms
[754.173s][info ][gc,cpu       ] GC(438) User=0.01s Sys=0.01s Real=0.00s
[754.173s][info ][safepoint    ] Leaving safepoint region
[754.173s][info ][safepoint    ] Total time for which application threads were stopped: 0.0018906 seconds, Stopping threads took: 0.0000410 seconds
[755.173s][info ][safepoint    ] Application time: 1.0000899 seconds
[755.173s][info ][safepoint    ] Entering safepoint region: Cleanup
[755.173s][info ][safepoint    ] Leaving safepoint region
[755.173s][info ][safepoint    ] Total time for which application threads were stopped: 0.0001431 seconds, Stopping threads took: 0.0000348 seconds
[756.173s][info ][safepoint    ] Application time: 1.0000676 seconds
[756.173s][info ][safepoint    ] Entering safepoint region: Cleanup
[756.173s][info ][safepoint    ] Leaving safepoint region
[756.173s][info ][safepoint    ] Total time for which application threads were stopped: 0.0001628 seconds, Stopping threads took: 0.0000573 seconds
[757.174s][info ][safepoint    ] Application time: 1.0001244 seconds
[757.174s][info ][safepoint    ] Entering safepoint region: Cleanup
[757.174s][info ][safepoint    ] Leaving safepoint region
[757.174s][info ][safepoint    ] Total time for which application threads were stopped: 0.0001372 seconds, Stopping threads took: 0.0000376 seconds
[758.174s][info ][safepoint    ] Application time: 1.0001067 seconds
[758.174s][info ][safepoint    ] Entering safepoint region: Cleanup
[758.174s][info ][safepoint    ] Leaving safepoint region
[758.174s][info ][safepoint    ] Total time for which application threads were stopped: 0.0001543 seconds, Stopping threads took: 0.0000659 seconds
[759.174s][info ][safepoint    ] Application time: 1.0000905 seconds
[759.174s][info ][safepoint    ] Entering safepoint region: Cleanup
[759.174s][info ][safepoint    ] Leaving safepoint region
[759.174s][info ][safepoint    ] Total time for which application threads were stopped: 0.0001398 seconds, Stopping threads took: 0.0000457 seconds
[759.684s][info ][safepoint    ] Application time: 0.5092047 seconds
[759.684s][info ][safepoint    ] Entering safepoint region: GenCollectForAllocation
[759.684s][info ][gc,start     ] GC(439) Pause Young (Allocation Failure)
[759.684s][info ][gc,task      ] GC(439) Using 4 workers of 4 for evacuation
[759.685s][debug][gc,ref       ] GC(439) Skipped phase1 of Reference Processing due to unavailable references
[759.685s][debug][gc,ref       ] GC(439) Skipped phase2 of Reference Processing due to unavailable references
[759.685s][debug][gc,ref       ] GC(439) Skipped phase3 of Reference Processing due to unavailable references
[759.685s][debug][gc,ref       ] GC(439) Skipped phase4 of Reference Processing due to unavailable references
[759.686s][debug][gc,age       ] GC(439) Desired survivor size 15400960 bytes, new threshold 6 (max threshold 6)
[759.686s][info ][gc,heap      ] GC(439) ParNew: 240964K->270K(270976K)
[759.686s][info ][gc,heap      ] GC(439) CMS: 261838K->261838K(602112K)
[759.686s][info ][gc,metaspace ] GC(439) Metaspace: 55802K->55802K(1099776K)
[759.686s][info ][gc           ] GC(439) Pause Young (Allocation Failure) 491M->255M(852M) 1.806ms
[759.686s][info ][gc,cpu       ] GC(439) User=0.01s Sys=0.01s Real=0.00s
[759.686s][info ][safepoint    ] Leaving safepoint region
[759.686s][info ][safepoint    ] Total time for which application threads were stopped: 0.0020302 seconds, Stopping threads took: 0.0000372 seconds
[760.686s][info ][safepoint    ] Application time: 1.0001084 seconds
[760.686s][info ][safepoint    ] Entering safepoint region: Cleanup
[760.686s][info ][safepoint    ] Leaving safepoint region
[760.686s][info ][safepoint    ] Total time for which application threads were stopped: 0.0002198 seconds, Stopping threads took: 0.0000948 seconds
[760.773s][info ][safepoint    ] Application time: 0.0868522 seconds
[760.773s][info ][safepoint    ] Entering safepoint region: GenCollectForAllocation
[760.773s][info ][gc,start     ] GC(440) Pause Young (Allocation Failure)
[760.773s][info ][gc,task      ] GC(440) Using 4 workers of 4 for evacuation
[760.775s][debug][gc,ref       ] GC(440) Skipped phase1 of Reference Processing due to unavailable references
[760.775s][debug][gc,ref       ] GC(440) Skipped phase2 of Reference Processing due to unavailable references
[760.775s][debug][gc,ref       ] GC(440) Skipped phase3 of Reference Processing due to unavailable references
[760.775s][debug][gc,ref       ] GC(440) Skipped phase4 of Reference Processing due to unavailable references
[760.776s][debug][gc,age       ] GC(440) Desired survivor size 15400960 bytes, new threshold 6 (max threshold 6)
[760.776s][info ][gc,heap      ] GC(440) ParNew: 241166K->763K(270976K)
[760.776s][info ][gc,heap      ] GC(440) CMS: 261838K->261839K(602112K)
[760.776s][info ][gc,metaspace ] GC(440) Metaspace: 55802K->55802K(1099776K)
[760.776s][info ][gc           ] GC(440) Pause Young (Allocation Failure) 491M->256M(852M) 2.601ms
[760.776s][info ][gc,cpu       ] GC(440) User=0.01s Sys=0.00s Real=0.00s
[760.776s][info ][safepoint    ] Leaving safepoint region
[760.776s][info ][safepoint    ] Total time for which application threads were stopped: 0.0028114 seconds, Stopping threads took: 0.0000374 seconds
[761.776s][info ][safepoint    ] Application time: 1.0001049 seconds
[761.779s][info ][safepoint    ] Entering safepoint region: Cleanup
[761.779s][info ][safepoint    ] Leaving safepoint region
[761.779s][info ][safepoint    ] Total time for which application threads were stopped: 0.0034418 seconds, Stopping threads took: 0.0033388 seconds
[762.527s][info ][safepoint    ] Application time: 0.7475737 seconds
[762.527s][info ][safepoint    ] Entering safepoint region: GenCollectForAllocation
[762.527s][info ][gc,start     ] GC(441) Pause Young (Allocation Failure)
[762.527s][info ][gc,task      ] GC(441) Using 4 workers of 4 for evacuation
[762.529s][debug][gc,ref       ] GC(441) Skipped phase1 of Reference Processing due to unavailable references
[762.529s][debug][gc,ref       ] GC(441) Skipped phase2 of Reference Processing due to unavailable references
[762.529s][debug][gc,ref       ] GC(441) Skipped phase3 of Reference Processing due to unavailable references
[762.529s][debug][gc,ref       ] GC(441) Skipped phase4 of Reference Processing due to unavailable references
[762.529s][debug][gc,age       ] GC(441) Desired survivor size 15400960 bytes, new threshold 6 (max threshold 6)
[762.529s][info ][gc,heap      ] GC(441) ParNew: 241659K->900K(270976K)
[762.529s][info ][gc,heap      ] GC(441) CMS: 261839K->261839K(602112K)
[762.529s][info ][gc,metaspace ] GC(441) Metaspace: 55802K->55802K(1099776K)
[762.529s][info ][gc           ] GC(441) Pause Young (Allocation Failure) 491M->256M(852M) 2.193ms
[762.529s][info ][gc,cpu       ] GC(441) User=0.01s Sys=0.01s Real=0.00s
[762.529s][info ][safepoint    ] Leaving safepoint region
[762.529s][info ][safepoint    ] Total time for which application threads were stopped: 0.0024242 seconds, Stopping threads took: 0.0000492 seconds
[764.225s][info ][safepoint    ] Application time: 1.6954716 seconds
[764.225s][info ][safepoint    ] Entering safepoint region: GenCollectForAllocation
[764.225s][info ][gc,start     ] GC(442) Pause Young (Allocation Failure)
[764.225s][info ][gc,task      ] GC(442) Using 4 workers of 4 for evacuation
[764.227s][debug][gc,ref       ] GC(442) Skipped phase1 of Reference Processing due to unavailable references
[764.227s][debug][gc,ref       ] GC(442) Skipped phase2 of Reference Processing due to unavailable references
[764.227s][debug][gc,ref       ] GC(442) Skipped phase3 of Reference Processing due to unavailable references
[764.227s][debug][gc,ref       ] GC(442) Skipped phase4 of Reference Processing due to unavailable references
[764.228s][debug][gc,age       ] GC(442) Desired survivor size 15400960 bytes, new threshold 6 (max threshold 6)
[764.228s][info ][gc,heap      ] GC(442) ParNew: 241796K->1048K(270976K)
[764.228s][info ][gc,heap      ] GC(442) CMS: 261839K->261840K(602112K)
[764.228s][info ][gc,metaspace ] GC(442) Metaspace: 55802K->55802K(1099776K)
[764.228s][info ][gc           ] GC(442) Pause Young (Allocation Failure) 491M->256M(852M) 2.673ms
[764.228s][info ][gc,cpu       ] GC(442) User=0.00s Sys=0.01s Real=0.00s
[764.228s][info ][safepoint    ] Leaving safepoint region
[764.228s][info ][safepoint    ] Total time for which application threads were stopped: 0.0028768 seconds, Stopping threads took: 0.0000290 seconds
[765.228s][info ][safepoint    ] Application time: 1.0000940 seconds
[765.228s][info ][safepoint    ] Entering safepoint region: Cleanup
[765.228s][info ][safepoint    ] Leaving safepoint region
[765.228s][info ][safepoint    ] Total time for which application threads were stopped: 0.0001805 seconds, Stopping threads took: 0.0000853 seconds
[765.972s][info ][safepoint    ] Application time: 0.7440966 seconds
[765.972s][info ][safepoint    ] Entering safepoint region: GenCollectForAllocation
[765.972s][info ][gc,start     ] GC(443) Pause Young (Allocation Failure)
[765.972s][info ][gc,task      ] GC(443) Using 4 workers of 4 for evacuation
[765.974s][debug][gc,ref       ] GC(443) Skipped phase1 of Reference Processing due to unavailable references
[765.974s][debug][gc,ref       ] GC(443) Skipped phase2 of Reference Processing due to unavailable references
[765.974s][debug][gc,ref       ] GC(443) Skipped phase3 of Reference Processing due to unavailable references
[765.974s][debug][gc,ref       ] GC(443) Skipped phase4 of Reference Processing due to unavailable references
[765.975s][debug][gc,age       ] GC(443) Desired survivor size 15400960 bytes, new threshold 6 (max threshold 6)
[765.975s][info ][gc,heap      ] GC(443) ParNew: 241944K->1044K(270976K)
[765.975s][info ][gc,heap      ] GC(443) CMS: 261840K->261841K(602112K)
[765.975s][info ][gc,metaspace ] GC(443) Metaspace: 55802K->55802K(1099776K)
[765.975s][info ][gc           ] GC(443) Pause Young (Allocation Failure) 491M->256M(852M) 2.281ms
[765.975s][info ][gc,cpu       ] GC(443) User=0.01s Sys=0.00s Real=0.00s
[765.975s][info ][safepoint    ] Leaving safepoint region
[765.975s][info ][safepoint    ] Total time for which application threads were stopped: 0.0024710 seconds, Stopping threads took: 0.0000264 seconds
[766.975s][info ][safepoint    ] Application time: 1.0001127 seconds
[766.975s][info ][safepoint    ] Entering safepoint region: Cleanup
[766.975s][info ][safepoint    ] Leaving safepoint region
[766.975s][info ][safepoint    ] Total time for which application threads were stopped: 0.0001533 seconds, Stopping threads took: 0.0000579 seconds
[767.776s][info ][safepoint    ] Application time: 0.8010894 seconds
[767.776s][info ][safepoint    ] Entering safepoint region: GenCollectForAllocation
[767.776s][info ][gc,start     ] GC(444) Pause Young (Allocation Failure)
[767.776s][info ][gc,task      ] GC(444) Using 4 workers of 4 for evacuation
[767.779s][debug][gc,ref       ] GC(444) Skipped phase1 of Reference Processing due to unavailable references
[767.779s][debug][gc,ref       ] GC(444) Skipped phase2 of Reference Processing due to unavailable references
[767.779s][debug][gc,ref       ] GC(444) Skipped phase3 of Reference Processing due to unavailable references
[767.779s][debug][gc,ref       ] GC(444) Skipped phase4 of Reference Processing due to unavailable references
[767.779s][debug][gc,age       ] GC(444) Desired survivor size 15400960 bytes, new threshold 6 (max threshold 6)
[767.779s][info ][gc,heap      ] GC(444) ParNew: 241940K->1048K(270976K)
[767.779s][info ][gc,heap      ] GC(444) CMS: 261841K->261844K(602112K)
[767.779s][info ][gc,metaspace ] GC(444) Metaspace: 55802K->55802K(1099776K)
[767.779s][info ][gc           ] GC(444) Pause Young (Allocation Failure) 491M->256M(852M) 2.560ms
[767.779s][info ][gc,cpu       ] GC(444) User=0.01s Sys=0.00s Real=0.00s
[767.779s][info ][safepoint    ] Leaving safepoint region
[767.779s][info ][safepoint    ] Total time for which application threads were stopped: 0.0027735 seconds, Stopping threads took: 0.0000390 seconds
[768.779s][info ][safepoint    ] Application time: 1.0000921 seconds
[768.779s][info ][safepoint    ] Entering safepoint region: Cleanup
[768.779s][info ][safepoint    ] Leaving safepoint region
[768.779s][info ][safepoint    ] Total time for which application threads were stopped: 0.0001313 seconds, Stopping threads took: 0.0000414 seconds
[769.676s][info ][safepoint    ] Application time: 0.8964909 seconds
[769.676s][info ][safepoint    ] Entering safepoint region: GenCollectForAllocation
[769.676s][info ][gc,start     ] GC(445) Pause Young (Allocation Failure)
[769.676s][info ][gc,task      ] GC(445) Using 4 workers of 4 for evacuation
[769.678s][debug][gc,ref       ] GC(445) Skipped phase1 of Reference Processing due to unavailable references
[769.678s][debug][gc,ref       ] GC(445) Skipped phase2 of Reference Processing due to unavailable references
[769.678s][debug][gc,ref       ] GC(445) Skipped phase3 of Reference Processing due to unavailable references
[769.678s][debug][gc,ref       ] GC(445) Skipped phase4 of Reference Processing due to unavailable references
[769.678s][debug][gc,age       ] GC(445) Desired survivor size 15400960 bytes, new threshold 6 (max threshold 6)
[769.678s][info ][gc,heap      ] GC(445) ParNew: 241944K->1030K(270976K)
[769.678s][info ][gc,heap      ] GC(445) CMS: 261844K->261871K(602112K)
[769.678s][info ][gc,metaspace ] GC(445) Metaspace: 55802K->55802K(1099776K)
[769.678s][info ][gc           ] GC(445) Pause Young (Allocation Failure) 491M->256M(852M) 2.356ms
[769.678s][info ][gc,cpu       ] GC(445) User=0.00s Sys=0.00s Real=0.00s
[769.678s][info ][safepoint    ] Leaving safepoint region
[769.678s][info ][safepoint    ] Total time for which application threads were stopped: 0.0025570 seconds, Stopping threads took: 0.0000278 seconds
[770.678s][info ][safepoint    ] Application time: 1.0001028 seconds
[770.678s][info ][safepoint    ] Entering safepoint region: Cleanup
[770.678s][info ][safepoint    ] Leaving safepoint region
[770.678s][info ][safepoint    ] Total time for which application threads were stopped: 0.0001349 seconds, Stopping threads took: 0.0000404 seconds
[771.477s][info ][safepoint    ] Application time: 0.7989144 seconds
[771.477s][info ][safepoint    ] Entering safepoint region: GenCollectForAllocation
[771.478s][info ][gc,start     ] GC(446) Pause Young (Allocation Failure)
[771.478s][info ][gc,task      ] GC(446) Using 4 workers of 4 for evacuation
[771.481s][debug][gc,ref       ] GC(446) Skipped phase1 of Reference Processing due to unavailable references
[771.481s][debug][gc,ref       ] GC(446) Skipped phase2 of Reference Processing due to unavailable references
[771.481s][debug][gc,ref       ] GC(446) Skipped phase3 of Reference Processing due to unavailable references
[771.481s][debug][gc,ref       ] GC(446) Skipped phase4 of Reference Processing due to unavailable references
[771.481s][debug][gc,age       ] GC(446) Desired survivor size 15400960 bytes, new threshold 6 (max threshold 6)
[771.481s][info ][gc,heap      ] GC(446) ParNew: 241926K->675K(270976K)
[771.481s][info ][gc,heap      ] GC(446) CMS: 261871K->262297K(602112K)
[771.481s][info ][gc,metaspace ] GC(446) Metaspace: 55802K->55802K(1099776K)
[771.481s][info ][gc           ] GC(446) Pause Young (Allocation Failure) 491M->256M(852M) 3.328ms
[771.481s][info ][gc,cpu       ] GC(446) User=0.01s Sys=0.01s Real=0.00s
[771.481s][info ][safepoint    ] Leaving safepoint region
[771.481s][info ][safepoint    ] Total time for which application threads were stopped: 0.0035637 seconds, Stopping threads took: 0.0000532 seconds
[772.481s][info ][safepoint    ] Application time: 1.0001322 seconds
[772.481s][info ][safepoint    ] Entering safepoint region: Cleanup
[772.481s][info ][safepoint    ] Leaving safepoint region
[772.481s][info ][safepoint    ] Total time for which application threads were stopped: 0.0001303 seconds, Stopping threads took: 0.0000272 seconds
[773.226s][info ][safepoint    ] Application time: 0.7448102 seconds
[773.226s][info ][safepoint    ] Entering safepoint region: GenCollectForAllocation
[773.226s][info ][gc,start     ] GC(447) Pause Young (Allocation Failure)
[773.226s][info ][gc,task      ] GC(447) Using 4 workers of 4 for evacuation
[773.228s][debug][gc,ref       ] GC(447) Skipped phase1 of Reference Processing due to unavailable references
[773.228s][debug][gc,ref       ] GC(447) Skipped phase3 of Reference Processing due to unavailable references
[773.228s][debug][gc,age       ] GC(447) Desired survivor size 15400960 bytes, new threshold 6 (max threshold 6)
[773.228s][info ][gc,heap      ] GC(447) ParNew: 241571K->378K(270976K)
[773.228s][info ][gc,heap      ] GC(447) CMS: 262297K->262298K(602112K)
[773.228s][info ][gc,metaspace ] GC(447) Metaspace: 55810K->55810K(1099776K)
[773.229s][info ][gc           ] GC(447) Pause Young (Allocation Failure) 492M->256M(852M) 2.163ms
[773.229s][info ][gc,cpu       ] GC(447) User=0.01s Sys=0.00s Real=0.00s
[773.229s][info ][safepoint    ] Leaving safepoint region
[773.229s][info ][safepoint    ] Total time for which application threads were stopped: 0.0023822 seconds, Stopping threads took: 0.0000384 seconds
[774.229s][info ][safepoint    ] Application time: 1.0001397 seconds
[774.229s][info ][safepoint    ] Entering safepoint region: Cleanup
[774.229s][info ][safepoint    ] Leaving safepoint region
[774.229s][info ][safepoint    ] Total time for which application threads were stopped: 0.0001459 seconds, Stopping threads took: 0.0000480 seconds
[774.926s][info ][safepoint    ] Application time: 0.6970624 seconds
[774.926s][info ][safepoint    ] Entering safepoint region: GenCollectForAllocation
[774.926s][info ][gc,start     ] GC(448) Pause Young (Allocation Failure)
[774.926s][info ][gc,task      ] GC(448) Using 4 workers of 4 for evacuation
[774.928s][debug][gc,ref       ] GC(448) Skipped phase1 of Reference Processing due to unavailable references
[774.928s][debug][gc,ref       ] GC(448) Skipped phase3 of Reference Processing due to unavailable references
[774.928s][debug][gc,ref       ] GC(448) Skipped phase4 of Reference Processing due to unavailable references
[774.928s][debug][gc,age       ] GC(448) Desired survivor size 15400960 bytes, new threshold 6 (max threshold 6)
[774.928s][info ][gc,heap      ] GC(448) ParNew: 241274K->377K(270976K)
[774.928s][info ][gc,heap      ] GC(448) CMS: 262298K->262300K(602112K)
[774.928s][info ][gc,metaspace ] GC(448) Metaspace: 55810K->55810K(1099776K)
[774.928s][info ][gc           ] GC(448) Pause Young (Allocation Failure) 491M->256M(852M) 2.291ms
[774.928s][info ][gc,cpu       ] GC(448) User=0.01s Sys=0.00s Real=0.00s
[774.928s][info ][safepoint    ] Leaving safepoint region
[774.928s][info ][safepoint    ] Total time for which application threads were stopped: 0.0025066 seconds, Stopping threads took: 0.0000267 seconds
[775.929s][info ][safepoint    ] Application time: 1.0001138 seconds
[775.929s][info ][safepoint    ] Entering safepoint region: Cleanup
[775.929s][info ][safepoint    ] Leaving safepoint region
[775.929s][info ][safepoint    ] Total time for which application threads were stopped: 0.0001064 seconds, Stopping threads took: 0.0000268 seconds
[776.628s][info ][safepoint    ] Application time: 0.6990606 seconds
[776.628s][info ][safepoint    ] Entering safepoint region: GenCollectForAllocation
[776.628s][info ][gc,start     ] GC(449) Pause Young (Allocation Failure)
[776.628s][info ][gc,task      ] GC(449) Using 4 workers of 4 for evacuation
[776.630s][debug][gc,ref       ] GC(449) Skipped phase1 of Reference Processing due to unavailable references
[776.630s][debug][gc,ref       ] GC(449) Skipped phase3 of Reference Processing due to unavailable references
[776.630s][debug][gc,ref       ] GC(449) Skipped phase4 of Reference Processing due to unavailable references
[776.630s][debug][gc,age       ] GC(449) Desired survivor size 15400960 bytes, new threshold 6 (max threshold 6)
[776.630s][info ][gc,heap      ] GC(449) ParNew: 241273K->355K(270976K)
[776.630s][info ][gc,heap      ] GC(449) CMS: 262300K->262309K(602112K)
[776.630s][info ][gc,metaspace ] GC(449) Metaspace: 55814K->55814K(1099776K)
[776.630s][info ][gc           ] GC(449) Pause Young (Allocation Failure) 491M->256M(852M) 1.988ms
[776.630s][info ][gc,cpu       ] GC(449) User=0.01s Sys=0.00s Real=0.01s
[776.630s][info ][safepoint    ] Leaving safepoint region
[776.630s][info ][safepoint    ] Total time for which application threads were stopped: 0.0022004 seconds, Stopping threads took: 0.0000439 seconds
[777.630s][info ][safepoint    ] Application time: 1.0001016 seconds
[777.630s][info ][safepoint    ] Entering safepoint region: Cleanup
[777.630s][info ][safepoint    ] Leaving safepoint region
[777.630s][info ][safepoint    ] Total time for which application threads were stopped: 0.0001164 seconds, Stopping threads took: 0.0000279 seconds
[778.630s][info ][safepoint    ] Application time: 1.0000825 seconds
[778.630s][info ][safepoint    ] Entering safepoint region: Cleanup
[778.631s][info ][safepoint    ] Leaving safepoint region
[778.631s][info ][safepoint    ] Total time for which application threads were stopped: 0.0001491 seconds, Stopping threads took: 0.0000279 seconds
[779.075s][info ][safepoint    ] Application time: 0.4445167 seconds
[779.075s][info ][safepoint    ] Entering safepoint region: GenCollectForAllocation
[779.075s][info ][gc,start     ] GC(450) Pause Young (Allocation Failure)
[779.075s][info ][gc,task      ] GC(450) Using 4 workers of 4 for evacuation
[779.077s][debug][gc,ref       ] GC(450) Skipped phase1 of Reference Processing due to unavailable references
[779.077s][debug][gc,ref       ] GC(450) Skipped phase3 of Reference Processing due to unavailable references
[779.077s][debug][gc,ref       ] GC(450) Skipped phase4 of Reference Processing due to unavailable references
[779.077s][debug][gc,age       ] GC(450) Desired survivor size 15400960 bytes, new threshold 6 (max threshold 6)
[779.078s][info ][gc,heap      ] GC(450) ParNew: 241251K->562K(270976K)
[779.078s][info ][gc,heap      ] GC(450) CMS: 262309K->262315K(602112K)
[779.078s][info ][gc,metaspace ] GC(450) Metaspace: 55841K->55841K(1099776K)
[779.078s][info ][gc           ] GC(450) Pause Young (Allocation Failure) 491M->256M(852M) 2.191ms
[779.078s][info ][gc,cpu       ] GC(450) User=0.01s Sys=0.00s Real=0.00s
[779.078s][info ][safepoint    ] Leaving safepoint region
[779.078s][info ][safepoint    ] Total time for which application threads were stopped: 0.0024345 seconds, Stopping threads took: 0.0000448 seconds
[780.078s][info ][safepoint    ] Application time: 1.0004687 seconds
[780.078s][info ][safepoint    ] Entering safepoint region: Cleanup
[780.078s][info ][safepoint    ] Leaving safepoint region
[780.078s][info ][safepoint    ] Total time for which application threads were stopped: 0.0001478 seconds, Stopping threads took: 0.0000448 seconds
[781.078s][info ][safepoint    ] Application time: 1.0000927 seconds
[781.078s][info ][safepoint    ] Entering safepoint region: Cleanup
[781.079s][info ][safepoint    ] Leaving safepoint region
[781.079s][info ][safepoint    ] Total time for which application threads were stopped: 0.0001520 seconds, Stopping threads took: 0.0000424 seconds
[781.386s][info ][safepoint    ] Application time: 0.3070805 seconds
[781.386s][info ][safepoint    ] Entering safepoint region: GenCollectForAllocation
[781.386s][info ][gc,start     ] GC(451) Pause Young (Allocation Failure)
[781.386s][info ][gc,task      ] GC(451) Using 4 workers of 4 for evacuation
[781.388s][debug][gc,ref       ] GC(451) Skipped phase1 of Reference Processing due to unavailable references
[781.388s][debug][gc,ref       ] GC(451) Skipped phase3 of Reference Processing due to unavailable references
[781.388s][debug][gc,ref       ] GC(451) Skipped phase4 of Reference Processing due to unavailable references
[781.388s][debug][gc,age       ] GC(451) Desired survivor size 15400960 bytes, new threshold 6 (max threshold 6)
[781.388s][info ][gc,heap      ] GC(451) ParNew: 241458K->721K(270976K)
[781.388s][info ][gc,heap      ] GC(451) CMS: 262315K->262331K(602112K)
[781.388s][info ][gc,metaspace ] GC(451) Metaspace: 55849K->55849K(1099776K)
[781.388s][info ][gc           ] GC(451) Pause Young (Allocation Failure) 491M->256M(852M) 2.570ms
[781.388s][info ][gc,cpu       ] GC(451) User=0.01s Sys=0.00s Real=0.00s
[781.388s][info ][safepoint    ] Leaving safepoint region
[781.388s][info ][safepoint    ] Total time for which application threads were stopped: 0.0027753 seconds, Stopping threads took: 0.0000344 seconds
[782.389s][info ][safepoint    ] Application time: 1.0001013 seconds
[782.389s][info ][safepoint    ] Entering safepoint region: Cleanup
[782.389s][info ][safepoint    ] Leaving safepoint region
[782.389s][info ][safepoint    ] Total time for which application threads were stopped: 0.0001306 seconds, Stopping threads took: 0.0000413 seconds
[782.573s][info ][safepoint    ] Application time: 0.1844356 seconds
[782.573s][info ][safepoint    ] Entering safepoint region: RevokeBias
[782.573s][info ][safepoint    ] Leaving safepoint region
[782.573s][info ][safepoint    ] Total time for which application threads were stopped: 0.0001562 seconds, Stopping threads took: 0.0000375 seconds
[782.574s][info ][safepoint    ] Application time: 0.0002406 seconds
[782.574s][info ][safepoint    ] Entering safepoint region: RevokeBias
[782.574s][info ][safepoint    ] Leaving safepoint region
[782.574s][info ][safepoint    ] Total time for which application threads were stopped: 0.0001032 seconds, Stopping threads took: 0.0000400 seconds
[782.683s][info ][safepoint    ] Application time: 0.1091542 seconds
[782.683s][info ][safepoint    ] Entering safepoint region: RevokeBias
[782.683s][info ][safepoint    ] Leaving safepoint region
[782.683s][info ][safepoint    ] Total time for which application threads were stopped: 0.0002115 seconds, Stopping threads took: 0.0000889 seconds
[782.683s][info ][safepoint    ] Application time: 0.0002089 seconds
[782.683s][info ][safepoint    ] Entering safepoint region: RevokeBias
[782.683s][info ][safepoint    ] Leaving safepoint region
[782.683s][info ][safepoint    ] Total time for which application threads were stopped: 0.0001600 seconds, Stopping threads took: 0.0000719 seconds
[782.689s][info ][safepoint    ] Application time: 0.0059432 seconds
[782.689s][info ][safepoint    ] Entering safepoint region: RevokeBias
[782.690s][info ][safepoint    ] Leaving safepoint region
[782.690s][info ][safepoint    ] Total time for which application threads were stopped: 0.0000961 seconds, Stopping threads took: 0.0000172 seconds
[782.690s][info ][safepoint    ] Application time: 0.0001593 seconds
[782.690s][info ][safepoint    ] Entering safepoint region: RevokeBias
[782.690s][info ][safepoint    ] Leaving safepoint region
[782.690s][info ][safepoint    ] Total time for which application threads were stopped: 0.0000507 seconds, Stopping threads took: 0.0000101 seconds
[783.624s][info ][safepoint    ] Application time: 0.9344049 seconds
[783.624s][info ][safepoint    ] Entering safepoint region: GenCollectForAllocation
[783.624s][info ][gc,start     ] GC(452) Pause Young (Allocation Failure)
[783.624s][info ][gc,task      ] GC(452) Using 4 workers of 4 for evacuation
[783.626s][debug][gc,ref       ] GC(452) Skipped phase1 of Reference Processing due to unavailable references
[783.626s][debug][gc,ref       ] GC(452) Skipped phase3 of Reference Processing due to unavailable references
[783.626s][debug][gc,ref       ] GC(452) Skipped phase4 of Reference Processing due to unavailable references
[783.627s][debug][gc,age       ] GC(452) Desired survivor size 15400960 bytes, new threshold 6 (max threshold 6)
[783.627s][info ][gc,heap      ] GC(452) ParNew: 241617K->809K(270976K)
[783.627s][info ][gc,heap      ] GC(452) CMS: 262331K->262332K(602112K)
[783.627s][info ][gc,metaspace ] GC(452) Metaspace: 55850K->55850K(1099776K)
[783.627s][info ][gc           ] GC(452) Pause Young (Allocation Failure) 492M->256M(852M) 2.196ms
[783.627s][info ][gc,cpu       ] GC(452) User=0.01s Sys=0.00s Real=0.00s
[783.627s][info ][safepoint    ] Leaving safepoint region
[783.627s][info ][safepoint    ] Total time for which application threads were stopped: 0.0024229 seconds, Stopping threads took: 0.0000374 seconds
[784.627s][info ][safepoint    ] Application time: 1.0007244 seconds
[784.627s][info ][safepoint    ] Entering safepoint region: Cleanup
[784.628s][info ][safepoint    ] Leaving safepoint region
[784.628s][info ][safepoint    ] Total time for which application threads were stopped: 0.0001626 seconds, Stopping threads took: 0.0000536 seconds
[785.526s][info ][safepoint    ] Application time: 0.8982646 seconds
[785.526s][info ][safepoint    ] Entering safepoint region: GenCollectForAllocation
[785.526s][info ][gc,start     ] GC(453) Pause Young (Allocation Failure)
[785.526s][info ][gc,task      ] GC(453) Using 4 workers of 4 for evacuation
[785.529s][debug][gc,ref       ] GC(453) Skipped phase1 of Reference Processing due to unavailable references
[785.529s][debug][gc,ref       ] GC(453) Skipped phase3 of Reference Processing due to unavailable references
[785.529s][debug][gc,ref       ] GC(453) Skipped phase4 of Reference Processing due to unavailable references
[785.529s][debug][gc,age       ] GC(453) Desired survivor size 15400960 bytes, new threshold 6 (max threshold 6)
[785.529s][info ][gc,heap      ] GC(453) ParNew: 241690K->1103K(270976K)
[785.529s][info ][gc,heap      ] GC(453) CMS: 262332K->262337K(602112K)
[785.529s][info ][gc,metaspace ] GC(453) Metaspace: 55861K->55861K(1099776K)
[785.529s][info ][gc           ] GC(453) Pause Young (Allocation Failure) 492M->257M(852M) 2.978ms
[785.529s][info ][gc,cpu       ] GC(453) User=0.00s Sys=0.00s Real=0.00s
[785.529s][info ][safepoint    ] Leaving safepoint region
[785.529s][info ][safepoint    ] Total time for which application threads were stopped: 0.0032804 seconds, Stopping threads took: 0.0000660 seconds
[786.529s][info ][safepoint    ] Application time: 1.0000989 seconds
[786.529s][info ][safepoint    ] Entering safepoint region: Cleanup
[786.530s][info ][safepoint    ] Leaving safepoint region
[786.530s][info ][safepoint    ] Total time for which application threads were stopped: 0.0001938 seconds, Stopping threads took: 0.0000940 seconds
[787.124s][info ][safepoint    ] Application time: 0.5946217 seconds
[787.124s][info ][safepoint    ] Entering safepoint region: GenCollectForAllocation
[787.124s][info ][gc,start     ] GC(454) Pause Young (Allocation Failure)
[787.124s][info ][gc,task      ] GC(454) Using 4 workers of 4 for evacuation
[787.126s][debug][gc,ref       ] GC(454) Skipped phase1 of Reference Processing due to unavailable references
[787.126s][debug][gc,ref       ] GC(454) Skipped phase3 of Reference Processing due to unavailable references
[787.126s][debug][gc,ref       ] GC(454) Skipped phase4 of Reference Processing due to unavailable references
[787.127s][debug][gc,age       ] GC(454) Desired survivor size 15400960 bytes, new threshold 6 (max threshold 6)
[787.127s][info ][gc,heap      ] GC(454) ParNew: 241999K->1125K(270976K)
[787.127s][info ][gc,heap      ] GC(454) CMS: 262337K->262344K(602112K)
[787.127s][info ][gc,metaspace ] GC(454) Metaspace: 55863K->55863K(1099776K)
[787.127s][info ][gc           ] GC(454) Pause Young (Allocation Failure) 492M->257M(852M) 2.213ms
[787.127s][info ][gc,cpu       ] GC(454) User=0.01s Sys=0.00s Real=0.00s
[787.127s][info ][safepoint    ] Leaving safepoint region
[787.127s][info ][safepoint    ] Total time for which application threads were stopped: 0.0024492 seconds, Stopping threads took: 0.0000398 seconds
[788.127s][info ][safepoint    ] Application time: 1.0001550 seconds
[788.127s][info ][safepoint    ] Entering safepoint region: Cleanup
[788.127s][info ][safepoint    ] Leaving safepoint region
[788.127s][info ][safepoint    ] Total time for which application threads were stopped: 0.0002979 seconds, Stopping threads took: 0.0001623 seconds
[788.517s][info ][safepoint    ] Application time: 0.3898417 seconds
[788.517s][info ][safepoint    ] Entering safepoint region: GenCollectForAllocation
[788.517s][info ][gc,start     ] GC(455) Pause Young (Allocation Failure)
[788.517s][info ][gc,task      ] GC(455) Using 4 workers of 4 for evacuation
[788.520s][debug][gc,ref       ] GC(455) Skipped phase1 of Reference Processing due to unavailable references
[788.520s][debug][gc,ref       ] GC(455) Skipped phase3 of Reference Processing due to unavailable references
[788.520s][debug][gc,ref       ] GC(455) Skipped phase4 of Reference Processing due to unavailable references
[788.520s][debug][gc,age       ] GC(455) Desired survivor size 15400960 bytes, new threshold 6 (max threshold 6)
[788.520s][info ][gc,heap      ] GC(455) ParNew: 242021K->1551K(270976K)
[788.520s][info ][gc,heap      ] GC(455) CMS: 262344K->262361K(602112K)
[788.520s][info ][gc,metaspace ] GC(455) Metaspace: 55864K->55864K(1099776K)
[788.520s][info ][gc           ] GC(455) Pause Young (Allocation Failure) 492M->257M(852M) 2.633ms
[788.520s][info ][gc,cpu       ] GC(455) User=0.01s Sys=0.00s Real=0.00s
[788.520s][info ][safepoint    ] Leaving safepoint region
[788.520s][info ][safepoint    ] Total time for which application threads were stopped: 0.0028329 seconds, Stopping threads took: 0.0000335 seconds
[789.520s][info ][safepoint    ] Application time: 1.0001018 seconds
[789.520s][info ][safepoint    ] Entering safepoint region: Cleanup
[789.520s][info ][safepoint    ] Leaving safepoint region
[789.520s][info ][safepoint    ] Total time for which application threads were stopped: 0.0001891 seconds, Stopping threads took: 0.0000719 seconds
[789.724s][info ][safepoint    ] Application time: 0.2042231 seconds
[789.725s][info ][safepoint    ] Entering safepoint region: GenCollectForAllocation
[789.725s][info ][gc,start     ] GC(456) Pause Young (Allocation Failure)
[789.725s][info ][gc,task      ] GC(456) Using 4 workers of 4 for evacuation
[789.727s][debug][gc,ref       ] GC(456) Skipped phase1 of Reference Processing due to unavailable references
[789.727s][debug][gc,ref       ] GC(456) Skipped phase3 of Reference Processing due to unavailable references
[789.727s][debug][gc,ref       ] GC(456) Skipped phase4 of Reference Processing due to unavailable references
[789.727s][debug][gc,age       ] GC(456) Desired survivor size 15400960 bytes, new threshold 6 (max threshold 6)
[789.728s][info ][gc,heap      ] GC(456) ParNew: 242447K->1726K(270976K)
[789.728s][info ][gc,heap      ] GC(456) CMS: 262361K->262390K(602112K)
[789.728s][info ][gc,metaspace ] GC(456) Metaspace: 55868K->55868K(1099776K)
[789.728s][info ][gc           ] GC(456) Pause Young (Allocation Failure) 492M->257M(852M) 2.887ms
[789.728s][info ][gc,cpu       ] GC(456) User=0.01s Sys=0.00s Real=0.00s
[789.728s][info ][safepoint    ] Leaving safepoint region
[789.728s][info ][safepoint    ] Total time for which application threads were stopped: 0.0031165 seconds, Stopping threads took: 0.0000502 seconds
[790.728s][info ][safepoint    ] Application time: 1.0001041 seconds
[790.728s][info ][safepoint    ] Entering safepoint region: Cleanup
[790.728s][info ][safepoint    ] Leaving safepoint region
[790.728s][info ][safepoint    ] Total time for which application threads were stopped: 0.0002153 seconds, Stopping threads took: 0.0001072 seconds
[791.023s][info ][safepoint    ] Application time: 0.2953554 seconds
[791.023s][info ][safepoint    ] Entering safepoint region: GenCollectForAllocation
[791.024s][info ][gc,start     ] GC(457) Pause Young (Allocation Failure)
[791.024s][info ][gc,task      ] GC(457) Using 4 workers of 4 for evacuation
[791.027s][debug][gc,ref       ] GC(457) Skipped phase1 of Reference Processing due to unavailable references
[791.027s][debug][gc,ref       ] GC(457) Skipped phase3 of Reference Processing due to unavailable references
[791.027s][debug][gc,ref       ] GC(457) Skipped phase4 of Reference Processing due to unavailable references
[791.027s][debug][gc,age       ] GC(457) Desired survivor size 15400960 bytes, new threshold 6 (max threshold 6)
[791.027s][info ][gc,heap      ] GC(457) ParNew: 242622K->2069K(270976K)
[791.027s][info ][gc,heap      ] GC(457) CMS: 262390K->262421K(602112K)
[791.027s][info ][gc,metaspace ] GC(457) Metaspace: 55868K->55868K(1099776K)
[791.027s][info ][gc           ] GC(457) Pause Young (Allocation Failure) 493M->258M(852M) 3.208ms
[791.027s][info ][gc,cpu       ] GC(457) User=0.01s Sys=0.00s Real=0.00s
[791.027s][info ][safepoint    ] Leaving safepoint region
[791.027s][info ][safepoint    ] Total time for which application threads were stopped: 0.0034485 seconds, Stopping threads took: 0.0000440 seconds
[792.027s][info ][safepoint    ] Application time: 1.0000698 seconds
[792.027s][info ][safepoint    ] Entering safepoint region: Cleanup
[792.027s][info ][safepoint    ] Leaving safepoint region
[792.027s][info ][safepoint    ] Total time for which application threads were stopped: 0.0002129 seconds, Stopping threads took: 0.0001137 seconds
[792.314s][info ][safepoint    ] Application time: 0.2867830 seconds
[792.314s][info ][safepoint    ] Entering safepoint region: GenCollectForAllocation
[792.314s][info ][gc,start     ] GC(458) Pause Young (Allocation Failure)
[792.314s][info ][gc,task      ] GC(458) Using 4 workers of 4 for evacuation
[792.317s][debug][gc,ref       ] GC(458) Skipped phase1 of Reference Processing due to unavailable references
[792.317s][debug][gc,ref       ] GC(458) Skipped phase2 of Reference Processing due to unavailable references
[792.317s][debug][gc,ref       ] GC(458) Skipped phase3 of Reference Processing due to unavailable references
[792.317s][debug][gc,ref       ] GC(458) Skipped phase4 of Reference Processing due to unavailable references
[792.318s][debug][gc,age       ] GC(458) Desired survivor size 15400960 bytes, new threshold 6 (max threshold 6)
[792.318s][info ][gc,heap      ] GC(458) ParNew: 242965K->2439K(270976K)
[792.318s][info ][gc,heap      ] GC(458) CMS: 262421K->262512K(602112K)
[792.318s][info ][gc,metaspace ] GC(458) Metaspace: 55868K->55868K(1099776K)
[792.318s][info ][gc           ] GC(458) Pause Young (Allocation Failure) 493M->258M(852M) 3.468ms
[792.318s][info ][gc,cpu       ] GC(458) User=0.01s Sys=0.00s Real=0.00s
[792.318s][info ][safepoint    ] Leaving safepoint region
[792.318s][info ][safepoint    ] Total time for which application threads were stopped: 0.0036963 seconds, Stopping threads took: 0.0000325 seconds
[793.318s][info ][safepoint    ] Application time: 1.0001021 seconds
[793.318s][info ][safepoint    ] Entering safepoint region: Cleanup
[793.318s][info ][safepoint    ] Leaving safepoint region
[793.318s][info ][safepoint    ] Total time for which application threads were stopped: 0.0001974 seconds, Stopping threads took: 0.0000833 seconds
[793.446s][info ][safepoint    ] Application time: 0.1275327 seconds
[793.446s][info ][safepoint    ] Entering safepoint region: GenCollectForAllocation
[793.446s][info ][gc,start     ] GC(459) Pause Young (Allocation Failure)
[793.446s][info ][gc,task      ] GC(459) Using 4 workers of 4 for evacuation
[793.449s][debug][gc,ref       ] GC(459) Skipped phase1 of Reference Processing due to unavailable references
[793.449s][debug][gc,ref       ] GC(459) Skipped phase2 of Reference Processing due to unavailable references
[793.449s][debug][gc,ref       ] GC(459) Skipped phase3 of Reference Processing due to unavailable references
[793.449s][debug][gc,ref       ] GC(459) Skipped phase4 of Reference Processing due to unavailable references
[793.449s][debug][gc,age       ] GC(459) Desired survivor size 15400960 bytes, new threshold 6 (max threshold 6)
[793.449s][info ][gc,heap      ] GC(459) ParNew: 243335K->2604K(270976K)
[793.449s][info ][gc,heap      ] GC(459) CMS: 262512K->262570K(602112K)
[793.449s][info ][gc,metaspace ] GC(459) Metaspace: 55874K->55874K(1099776K)
[793.449s][info ][gc           ] GC(459) Pause Young (Allocation Failure) 493M->258M(852M) 3.041ms
[793.449s][info ][gc,cpu       ] GC(459) User=0.01s Sys=0.00s Real=0.00s
[793.449s][info ][safepoint    ] Leaving safepoint region
[793.449s][info ][safepoint    ] Total time for which application threads were stopped: 0.0033002 seconds, Stopping threads took: 0.0000742 seconds
[794.449s][info ][safepoint    ] Application time: 1.0001020 seconds
[794.449s][info ][safepoint    ] Entering safepoint region: Cleanup
[794.449s][info ][safepoint    ] Leaving safepoint region
[794.449s][info ][safepoint    ] Total time for which application threads were stopped: 0.0001279 seconds, Stopping threads took: 0.0000374 seconds
[794.708s][info ][safepoint    ] Application time: 0.2589609 seconds
[794.708s][info ][safepoint    ] Entering safepoint region: GenCollectForAllocation
[794.708s][info ][gc,start     ] GC(460) Pause Young (Allocation Failure)
[794.708s][info ][gc,task      ] GC(460) Using 4 workers of 4 for evacuation
[794.711s][debug][gc,ref       ] GC(460) Skipped phase1 of Reference Processing due to unavailable references
[794.711s][debug][gc,ref       ] GC(460) Skipped phase2 of Reference Processing due to unavailable references
[794.711s][debug][gc,ref       ] GC(460) Skipped phase3 of Reference Processing due to unavailable references
[794.711s][debug][gc,ref       ] GC(460) Skipped phase4 of Reference Processing due to unavailable references
[794.711s][debug][gc,age       ] GC(460) Desired survivor size 15400960 bytes, new threshold 6 (max threshold 6)
[794.711s][info ][gc,heap      ] GC(460) ParNew: 243500K->2343K(270976K)
[794.711s][info ][gc,heap      ] GC(460) CMS: 262570K->262638K(602112K)
[794.711s][info ][gc,metaspace ] GC(460) Metaspace: 55874K->55874K(1099776K)
[794.711s][info ][gc           ] GC(460) Pause Young (Allocation Failure) 494M->258M(852M) 2.769ms
[794.711s][info ][gc,cpu       ] GC(460) User=0.01s Sys=0.00s Real=0.01s
[794.711s][info ][safepoint    ] Leaving safepoint region
[794.711s][info ][safepoint    ] Total time for which application threads were stopped: 0.0029538 seconds, Stopping threads took: 0.0000271 seconds
[795.711s][info ][safepoint    ] Application time: 1.0000945 seconds
[795.711s][info ][safepoint    ] Entering safepoint region: Cleanup
[795.711s][info ][safepoint    ] Leaving safepoint region
[795.711s][info ][safepoint    ] Total time for which application threads were stopped: 0.0002263 seconds, Stopping threads took: 0.0001297 seconds
[796.028s][info ][safepoint    ] Application time: 0.3160371 seconds
[796.028s][info ][safepoint    ] Entering safepoint region: GenCollectForAllocation
[796.028s][info ][gc,start     ] GC(461) Pause Young (Allocation Failure)
[796.028s][info ][gc,task      ] GC(461) Using 4 workers of 4 for evacuation
[796.031s][debug][gc,ref       ] GC(461) Skipped phase1 of Reference Processing due to unavailable references
[796.031s][debug][gc,ref       ] GC(461) Skipped phase2 of Reference Processing due to unavailable references
[796.031s][debug][gc,ref       ] GC(461) Skipped phase3 of Reference Processing due to unavailable references
[796.031s][debug][gc,ref       ] GC(461) Skipped phase4 of Reference Processing due to unavailable references
[796.031s][debug][gc,age       ] GC(461) Desired survivor size 15400960 bytes, new threshold 6 (max threshold 6)
[796.031s][info ][gc,heap      ] GC(461) ParNew: 243239K->2545K(270976K)
[796.031s][info ][gc,heap      ] GC(461) CMS: 262638K->262818K(602112K)
[796.031s][info ][gc,metaspace ] GC(461) Metaspace: 55884K->55884K(1099776K)
[796.031s][info ][gc           ] GC(461) Pause Young (Allocation Failure) 494M->259M(852M) 3.439ms
[796.031s][info ][gc,cpu       ] GC(461) User=0.01s Sys=0.00s Real=0.01s
[796.031s][info ][safepoint    ] Leaving safepoint region
[796.031s][info ][safepoint    ] Total time for which application threads were stopped: 0.0037491 seconds, Stopping threads took: 0.0001317 seconds
[797.031s][info ][safepoint    ] Application time: 1.0001124 seconds
[797.032s][info ][safepoint    ] Entering safepoint region: Cleanup
[797.032s][info ][safepoint    ] Leaving safepoint region
[797.032s][info ][safepoint    ] Total time for which application threads were stopped: 0.0001337 seconds, Stopping threads took: 0.0000397 seconds
[797.189s][info ][safepoint    ] Application time: 0.1575679 seconds
[797.189s][info ][safepoint    ] Entering safepoint region: GenCollectForAllocation
[797.189s][info ][gc,start     ] GC(462) Pause Young (Allocation Failure)
[797.189s][info ][gc,task      ] GC(462) Using 4 workers of 4 for evacuation
[797.193s][debug][gc,ref       ] GC(462) Skipped phase1 of Reference Processing due to unavailable references
[797.193s][debug][gc,ref       ] GC(462) Skipped phase2 of Reference Processing due to unavailable references
[797.193s][debug][gc,ref       ] GC(462) Skipped phase3 of Reference Processing due to unavailable references
[797.193s][debug][gc,ref       ] GC(462) Skipped phase4 of Reference Processing due to unavailable references
[797.193s][debug][gc,age       ] GC(462) Desired survivor size 15400960 bytes, new threshold 6 (max threshold 6)
[797.193s][info ][gc,heap      ] GC(462) ParNew: 243441K->2877K(270976K)
[797.193s][info ][gc,heap      ] GC(462) CMS: 262818K->262993K(602112K)
[797.193s][info ][gc,metaspace ] GC(462) Metaspace: 55884K->55884K(1099776K)
[797.193s][info ][gc           ] GC(462) Pause Young (Allocation Failure) 494M->259M(852M) 3.772ms
[797.193s][info ][gc,cpu       ] GC(462) User=0.02s Sys=0.00s Real=0.01s
[797.193s][info ][safepoint    ] Leaving safepoint region
[797.193s][info ][safepoint    ] Total time for which application threads were stopped: 0.0040170 seconds, Stopping threads took: 0.0000379 seconds
[798.193s][info ][safepoint    ] Application time: 1.0000973 seconds
[798.193s][info ][safepoint    ] Entering safepoint region: Cleanup
[798.193s][info ][safepoint    ] Leaving safepoint region
[798.193s][info ][safepoint    ] Total time for which application threads were stopped: 0.0001465 seconds, Stopping threads took: 0.0000402 seconds
[798.527s][info ][safepoint    ] Application time: 0.3338697 seconds
[798.527s][info ][safepoint    ] Entering safepoint region: GenCollectForAllocation
[798.528s][info ][gc,start     ] GC(463) Pause Young (Allocation Failure)
[798.528s][info ][gc,task      ] GC(463) Using 4 workers of 4 for evacuation
[798.531s][debug][gc,ref       ] GC(463) Skipped phase1 of Reference Processing due to unavailable references
[798.531s][debug][gc,ref       ] GC(463) Skipped phase2 of Reference Processing due to unavailable references
[798.531s][debug][gc,ref       ] GC(463) Skipped phase3 of Reference Processing due to unavailable references
[798.531s][debug][gc,ref       ] GC(463) Skipped phase4 of Reference Processing due to unavailable references
[798.531s][debug][gc,age       ] GC(463) Desired survivor size 15400960 bytes, new threshold 6 (max threshold 6)
[798.531s][info ][gc,heap      ] GC(463) ParNew: 243773K->2229K(270976K)
[798.531s][info ][gc,heap      ] GC(463) CMS: 262993K->263164K(602112K)
[798.531s][info ][gc,metaspace ] GC(463) Metaspace: 55889K->55889K(1099776K)
[798.531s][info ][gc           ] GC(463) Pause Young (Allocation Failure) 494M->259M(852M) 3.201ms
[798.531s][info ][gc,cpu       ] GC(463) User=0.01s Sys=0.00s Real=0.01s
[798.531s][info ][safepoint    ] Leaving safepoint region
[798.531s][info ][safepoint    ] Total time for which application threads were stopped: 0.0034263 seconds, Stopping threads took: 0.0000294 seconds
[799.531s][info ][safepoint    ] Application time: 1.0001266 seconds
[799.531s][info ][safepoint    ] Entering safepoint region: Cleanup
[799.531s][info ][safepoint    ] Leaving safepoint region
[799.531s][info ][safepoint    ] Total time for which application threads were stopped: 0.0001806 seconds, Stopping threads took: 0.0000669 seconds
[799.775s][info ][safepoint    ] Application time: 0.2433636 seconds
[799.775s][info ][safepoint    ] Entering safepoint region: GenCollectForAllocation
[799.775s][info ][gc,start     ] GC(464) Pause Young (Allocation Failure)
[799.775s][info ][gc,task      ] GC(464) Using 4 workers of 4 for evacuation
[799.778s][debug][gc,ref       ] GC(464) Skipped phase1 of Reference Processing due to unavailable references
[799.778s][debug][gc,ref       ] GC(464) Skipped phase2 of Reference Processing due to unavailable references
[799.778s][debug][gc,ref       ] GC(464) Skipped phase3 of Reference Processing due to unavailable references
[799.778s][debug][gc,ref       ] GC(464) Skipped phase4 of Reference Processing due to unavailable references
[799.778s][debug][gc,age       ] GC(464) Desired survivor size 15400960 bytes, new threshold 6 (max threshold 6)
[799.778s][info ][gc,heap      ] GC(464) ParNew: 243125K->1595K(270976K)
[799.778s][info ][gc,heap      ] GC(464) CMS: 263164K->263357K(602112K)
[799.778s][info ][gc,metaspace ] GC(464) Metaspace: 55889K->55889K(1099776K)
[799.778s][info ][gc           ] GC(464) Pause Young (Allocation Failure) 494M->258M(852M) 3.667ms
[799.778s][info ][gc,cpu       ] GC(464) User=0.01s Sys=0.00s Real=0.00s
[799.778s][info ][safepoint    ] Leaving safepoint region
[799.779s][info ][safepoint    ] Total time for which application threads were stopped: 0.0039212 seconds, Stopping threads took: 0.0000617 seconds
[800.779s][info ][safepoint    ] Application time: 1.0001126 seconds
[800.779s][info ][safepoint    ] Entering safepoint region: Cleanup
[800.779s][info ][safepoint    ] Leaving safepoint region
[800.779s][info ][safepoint    ] Total time for which application threads were stopped: 0.0002292 seconds, Stopping threads took: 0.0001192 seconds
[801.124s][info ][safepoint    ] Application time: 0.3452979 seconds
[801.124s][info ][safepoint    ] Entering safepoint region: GenCollectForAllocation
[801.124s][info ][gc,start     ] GC(465) Pause Young (Allocation Failure)
[801.124s][info ][gc,task      ] GC(465) Using 4 workers of 4 for evacuation
[801.127s][debug][gc,ref       ] GC(465) Skipped phase1 of Reference Processing due to unavailable references
[801.127s][debug][gc,ref       ] GC(465) Skipped phase2 of Reference Processing due to unavailable references
[801.127s][debug][gc,ref       ] GC(465) Skipped phase3 of Reference Processing due to unavailable references
[801.127s][debug][gc,ref       ] GC(465) Skipped phase4 of Reference Processing due to unavailable references
[801.128s][debug][gc,age       ] GC(465) Desired survivor size 15400960 bytes, new threshold 6 (max threshold 6)
[801.128s][info ][gc,heap      ] GC(465) ParNew: 242491K->1990K(270976K)
[801.128s][info ][gc,heap      ] GC(465) CMS: 263357K->263497K(602112K)
[801.128s][info ][gc,metaspace ] GC(465) Metaspace: 55890K->55890K(1099776K)
[801.128s][info ][gc           ] GC(465) Pause Young (Allocation Failure) 493M->259M(852M) 3.258ms
[801.128s][info ][gc,cpu       ] GC(465) User=0.01s Sys=0.00s Real=0.00s
[801.128s][info ][safepoint    ] Leaving safepoint region
[801.128s][info ][safepoint    ] Total time for which application threads were stopped: 0.0035078 seconds, Stopping threads took: 0.0000458 seconds
[802.128s][info ][safepoint    ] Application time: 1.0001942 seconds
[802.128s][info ][safepoint    ] Entering safepoint region: Cleanup
[802.128s][info ][safepoint    ] Leaving safepoint region
[802.128s][info ][safepoint    ] Total time for which application threads were stopped: 0.0001939 seconds, Stopping threads took: 0.0001036 seconds
[802.642s][info ][safepoint    ] Application time: 0.5133860 seconds
[802.642s][info ][safepoint    ] Entering safepoint region: GenCollectForAllocation
[802.642s][info ][gc,start     ] GC(466) Pause Young (Allocation Failure)
[802.642s][info ][gc,task      ] GC(466) Using 4 workers of 4 for evacuation
[802.644s][debug][gc,ref       ] GC(466) Skipped phase1 of Reference Processing due to unavailable references
[802.644s][debug][gc,ref       ] GC(466) Skipped phase2 of Reference Processing due to unavailable references
[802.644s][debug][gc,ref       ] GC(466) Skipped phase3 of Reference Processing due to unavailable references
[802.644s][debug][gc,ref       ] GC(466) Skipped phase4 of Reference Processing due to unavailable references
[802.644s][debug][gc,age       ] GC(466) Desired survivor size 15400960 bytes, new threshold 6 (max threshold 6)
[802.644s][info ][gc,heap      ] GC(466) ParNew: 242886K->2035K(270976K)
[802.644s][info ][gc,heap      ] GC(466) CMS: 263497K->263639K(602112K)
[802.644s][info ][gc,metaspace ] GC(466) Metaspace: 55895K->55895K(1099776K)
[802.644s][info ][gc           ] GC(466) Pause Young (Allocation Failure) 494M->259M(852M) 2.618ms
[802.644s][info ][gc,cpu       ] GC(466) User=0.01s Sys=0.00s Real=0.00s
[802.644s][info ][safepoint    ] Leaving safepoint region
[802.644s][info ][safepoint    ] Total time for which application threads were stopped: 0.0028105 seconds, Stopping threads took: 0.0000267 seconds
[803.645s][info ][safepoint    ] Application time: 1.0000975 seconds
[803.645s][info ][safepoint    ] Entering safepoint region: Cleanup
[803.645s][info ][safepoint    ] Leaving safepoint region
[803.645s][info ][safepoint    ] Total time for which application threads were stopped: 0.0001468 seconds, Stopping threads took: 0.0000286 seconds
[804.645s][info ][safepoint    ] Application time: 1.0000827 seconds
[804.645s][info ][safepoint    ] Entering safepoint region: Cleanup
[804.645s][info ][safepoint    ] Leaving safepoint region
[804.645s][info ][safepoint    ] Total time for which application threads were stopped: 0.0001248 seconds, Stopping threads took: 0.0000291 seconds
[805.125s][info ][safepoint    ] Application time: 0.4800022 seconds
[805.125s][info ][safepoint    ] Entering safepoint region: GenCollectForAllocation
[805.125s][info ][gc,start     ] GC(467) Pause Young (Allocation Failure)
[805.125s][info ][gc,task      ] GC(467) Using 4 workers of 4 for evacuation
[805.128s][debug][gc,ref       ] GC(467) Skipped phase1 of Reference Processing due to unavailable references
[805.128s][debug][gc,ref       ] GC(467) Skipped phase2 of Reference Processing due to unavailable references
[805.128s][debug][gc,ref       ] GC(467) Skipped phase3 of Reference Processing due to unavailable references
[805.128s][debug][gc,ref       ] GC(467) Skipped phase4 of Reference Processing due to unavailable references
[805.128s][debug][gc,age       ] GC(467) Desired survivor size 15400960 bytes, new threshold 6 (max threshold 6)
[805.128s][info ][gc,heap      ] GC(467) ParNew: 242931K->1183K(270976K)
[805.128s][info ][gc,heap      ] GC(467) CMS: 263639K->263730K(602112K)
[805.128s][info ][gc,metaspace ] GC(467) Metaspace: 55895K->55895K(1099776K)
[805.128s][info ][gc           ] GC(467) Pause Young (Allocation Failure) 494M->258M(852M) 2.762ms
[805.128s][info ][gc,cpu       ] GC(467) User=0.01s Sys=0.00s Real=0.00s
[805.128s][info ][safepoint    ] Leaving safepoint region
[805.128s][info ][safepoint    ] Total time for which application threads were stopped: 0.0030001 seconds, Stopping threads took: 0.0000397 seconds
[806.128s][info ][safepoint    ] Application time: 1.0000939 seconds
[806.128s][info ][safepoint    ] Entering safepoint region: Cleanup
[806.128s][info ][safepoint    ] Leaving safepoint region
[806.128s][info ][safepoint    ] Total time for which application threads were stopped: 0.0001161 seconds, Stopping threads took: 0.0000277 seconds
[807.128s][info ][safepoint    ] Application time: 1.0000972 seconds
[807.128s][info ][safepoint    ] Entering safepoint region: Cleanup
[807.129s][info ][safepoint    ] Leaving safepoint region
[807.129s][info ][safepoint    ] Total time for which application threads were stopped: 0.0001666 seconds, Stopping threads took: 0.0000669 seconds
[807.777s][info ][safepoint    ] Application time: 0.6483935 seconds
[807.777s][info ][safepoint    ] Entering safepoint region: GenCollectForAllocation
[807.777s][info ][gc,start     ] GC(468) Pause Young (Allocation Failure)
[807.777s][info ][gc,task      ] GC(468) Using 4 workers of 4 for evacuation
[807.780s][debug][gc,ref       ] GC(468) Skipped phase1 of Reference Processing due to unavailable references
[807.780s][debug][gc,ref       ] GC(468) Skipped phase2 of Reference Processing due to unavailable references
[807.780s][debug][gc,ref       ] GC(468) Skipped phase3 of Reference Processing due to unavailable references
[807.780s][debug][gc,ref       ] GC(468) Skipped phase4 of Reference Processing due to unavailable references
[807.780s][debug][gc,age       ] GC(468) Desired survivor size 15400960 bytes, new threshold 6 (max threshold 6)
[807.780s][info ][gc,heap      ] GC(468) ParNew: 242079K->1465K(270976K)
[807.780s][info ][gc,heap      ] GC(468) CMS: 263730K->263847K(602112K)
[807.780s][info ][gc,metaspace ] GC(468) Metaspace: 55895K->55895K(1099776K)
[807.780s][info ][gc           ] GC(468) Pause Young (Allocation Failure) 493M->259M(852M) 2.824ms
[807.780s][info ][gc,cpu       ] GC(468) User=0.01s Sys=0.00s Real=0.00s
[807.780s][info ][safepoint    ] Leaving safepoint region
[807.780s][info ][safepoint    ] Total time for which application threads were stopped: 0.0030398 seconds, Stopping threads took: 0.0000383 seconds
[808.780s][info ][safepoint    ] Application time: 1.0000940 seconds
[808.780s][info ][safepoint    ] Entering safepoint region: Cleanup
[808.780s][info ][safepoint    ] Leaving safepoint region
[808.780s][info ][safepoint    ] Total time for which application threads were stopped: 0.0001237 seconds, Stopping threads took: 0.0000274 seconds
[809.780s][info ][safepoint    ] Application time: 1.0000847 seconds
[809.780s][info ][safepoint    ] Entering safepoint region: Cleanup
[809.781s][info ][safepoint    ] Leaving safepoint region
[809.781s][info ][safepoint    ] Total time for which application threads were stopped: 0.0004603 seconds, Stopping threads took: 0.0000268 seconds
[810.376s][info ][safepoint    ] Application time: 0.5946435 seconds
[810.376s][info ][safepoint    ] Entering safepoint region: GenCollectForAllocation
[810.376s][info ][gc,start     ] GC(469) Pause Young (Allocation Failure)
[810.376s][info ][gc,task      ] GC(469) Using 4 workers of 4 for evacuation
[810.378s][debug][gc,ref       ] GC(469) Skipped phase1 of Reference Processing due to unavailable references
[810.378s][debug][gc,ref       ] GC(469) Skipped phase2 of Reference Processing due to unavailable references
[810.378s][debug][gc,ref       ] GC(469) Skipped phase3 of Reference Processing due to unavailable references
[810.378s][debug][gc,ref       ] GC(469) Skipped phase4 of Reference Processing due to unavailable references
[810.378s][debug][gc,age       ] GC(469) Desired survivor size 15400960 bytes, new threshold 6 (max threshold 6)
[810.378s][info ][gc,heap      ] GC(469) ParNew: 242361K->1424K(270976K)
[810.378s][info ][gc,heap      ] GC(469) CMS: 263847K->263900K(602112K)
[810.378s][info ][gc,metaspace ] GC(469) Metaspace: 55895K->55895K(1099776K)
[810.378s][info ][gc           ] GC(469) Pause Young (Allocation Failure) 494M->259M(852M) 2.344ms
[810.378s][info ][gc,cpu       ] GC(469) User=0.01s Sys=0.00s Real=0.00s
[810.378s][info ][safepoint    ] Leaving safepoint region
[810.378s][info ][safepoint    ] Total time for which application threads were stopped: 0.0025557 seconds, Stopping threads took: 0.0000354 seconds
[811.378s][info ][safepoint    ] Application time: 1.0001017 seconds
[811.378s][info ][safepoint    ] Entering safepoint region: Cleanup
[811.378s][info ][safepoint    ] Leaving safepoint region
[811.378s][info ][safepoint    ] Total time for which application threads were stopped: 0.0001992 seconds, Stopping threads took: 0.0000903 seconds
[812.379s][info ][safepoint    ] Application time: 1.0000917 seconds
[812.379s][info ][safepoint    ] Entering safepoint region: Cleanup
[812.379s][info ][safepoint    ] Leaving safepoint region
[812.379s][info ][safepoint    ] Total time for which application threads were stopped: 0.0001134 seconds, Stopping threads took: 0.0000273 seconds
[812.675s][info ][safepoint    ] Application time: 0.2958946 seconds
[812.675s][info ][safepoint    ] Entering safepoint region: GenCollectForAllocation
[812.675s][info ][gc,start     ] GC(470) Pause Young (Allocation Failure)
[812.675s][info ][gc,task      ] GC(470) Using 4 workers of 4 for evacuation
[812.677s][debug][gc,ref       ] GC(470) Skipped phase1 of Reference Processing due to unavailable references
[812.677s][debug][gc,ref       ] GC(470) Skipped phase2 of Reference Processing due to unavailable references
[812.677s][debug][gc,ref       ] GC(470) Skipped phase3 of Reference Processing due to unavailable references
[812.677s][debug][gc,ref       ] GC(470) Skipped phase4 of Reference Processing due to unavailable references
[812.677s][debug][gc,age       ] GC(470) Desired survivor size 15400960 bytes, new threshold 6 (max threshold 6)
[812.677s][info ][gc,heap      ] GC(470) ParNew: 242320K->1448K(270976K)
[812.677s][info ][gc,heap      ] GC(470) CMS: 263900K->263948K(602112K)
[812.677s][info ][gc,metaspace ] GC(470) Metaspace: 55895K->55895K(1099776K)
[812.677s][info ][gc           ] GC(470) Pause Young (Allocation Failure) 494M->259M(852M) 2.554ms
[812.677s][info ][gc,cpu       ] GC(470) User=0.01s Sys=0.00s Real=0.00s
[812.677s][info ][safepoint    ] Leaving safepoint region
[812.677s][info ][safepoint    ] Total time for which application threads were stopped: 0.0028107 seconds, Stopping threads took: 0.0000559 seconds
[813.678s][info ][safepoint    ] Application time: 1.0000887 seconds
[813.678s][info ][safepoint    ] Entering safepoint region: Cleanup
[813.678s][info ][safepoint    ] Leaving safepoint region
[813.678s][info ][safepoint    ] Total time for which application threads were stopped: 0.0001128 seconds, Stopping threads took: 0.0000268 seconds
[814.678s][info ][safepoint    ] Application time: 1.0000897 seconds
[814.678s][info ][safepoint    ] Entering safepoint region: Cleanup
[814.678s][info ][safepoint    ] Leaving safepoint region
[814.678s][info ][safepoint    ] Total time for which application threads were stopped: 0.0001422 seconds, Stopping threads took: 0.0000336 seconds
[815.377s][info ][safepoint    ] Application time: 0.6994417 seconds
[815.377s][info ][safepoint    ] Entering safepoint region: GenCollectForAllocation
[815.378s][info ][gc,start     ] GC(471) Pause Young (Allocation Failure)
[815.378s][info ][gc,task      ] GC(471) Using 4 workers of 4 for evacuation
[815.380s][debug][gc,ref       ] GC(471) Skipped phase1 of Reference Processing due to unavailable references
[815.380s][debug][gc,ref       ] GC(471) Skipped phase2 of Reference Processing due to unavailable references
[815.380s][debug][gc,ref       ] GC(471) Skipped phase3 of Reference Processing due to unavailable references
[815.380s][debug][gc,ref       ] GC(471) Skipped phase4 of Reference Processing due to unavailable references
[815.380s][debug][gc,age       ] GC(471) Desired survivor size 15400960 bytes, new threshold 6 (max threshold 6)
[815.380s][info ][gc,heap      ] GC(471) ParNew: 242344K->1743K(270976K)
[815.380s][info ][gc,heap      ] GC(471) CMS: 263948K->263981K(602112K)
[815.380s][info ][gc,metaspace ] GC(471) Metaspace: 55895K->55895K(1099776K)
[815.380s][info ][gc           ] GC(471) Pause Young (Allocation Failure) 494M->259M(852M) 2.543ms
[815.380s][info ][gc,cpu       ] GC(471) User=0.00s Sys=0.01s Real=0.00s
[815.380s][info ][safepoint    ] Leaving safepoint region
[815.380s][info ][safepoint    ] Total time for which application threads were stopped: 0.0027463 seconds, Stopping threads took: 0.0000286 seconds
[816.380s][info ][safepoint    ] Application time: 1.0001327 seconds
[816.380s][info ][safepoint    ] Entering safepoint region: Cleanup
[816.380s][info ][safepoint    ] Leaving safepoint region
[816.380s][info ][safepoint    ] Total time for which application threads were stopped: 0.0001077 seconds, Stopping threads took: 0.0000273 seconds
[817.381s][info ][safepoint    ] Application time: 1.0000932 seconds
[817.381s][info ][safepoint    ] Entering safepoint region: Cleanup
[817.381s][info ][safepoint    ] Leaving safepoint region
[817.381s][info ][safepoint    ] Total time for which application threads were stopped: 0.0001106 seconds, Stopping threads took: 0.0000273 seconds
[818.381s][info ][safepoint    ] Application time: 1.0000796 seconds
[818.381s][info ][safepoint    ] Entering safepoint region: Cleanup
[818.381s][info ][safepoint    ] Leaving safepoint region
[818.381s][info ][safepoint    ] Total time for which application threads were stopped: 0.0001277 seconds, Stopping threads took: 0.0000411 seconds
[818.425s][info ][safepoint    ] Application time: 0.0439084 seconds
[818.425s][info ][safepoint    ] Entering safepoint region: GenCollectForAllocation
[818.425s][info ][gc,start     ] GC(472) Pause Young (Allocation Failure)
[818.425s][info ][gc,task      ] GC(472) Using 4 workers of 4 for evacuation
[818.428s][debug][gc,ref       ] GC(472) Skipped phase1 of Reference Processing due to unavailable references
[818.428s][debug][gc,ref       ] GC(472) Skipped phase2 of Reference Processing due to unavailable references
[818.428s][debug][gc,ref       ] GC(472) Skipped phase3 of Reference Processing due to unavailable references
[818.428s][debug][gc,ref       ] GC(472) Skipped phase4 of Reference Processing due to unavailable references
[818.428s][debug][gc,age       ] GC(472) Desired survivor size 15400960 bytes, new threshold 6 (max threshold 6)
[818.428s][info ][gc,heap      ] GC(472) ParNew: 242639K->1412K(270976K)
[818.428s][info ][gc,heap      ] GC(472) CMS: 263981K->263982K(602112K)
[818.428s][info ][gc,metaspace ] GC(472) Metaspace: 55895K->55895K(1099776K)
[818.428s][info ][gc           ] GC(472) Pause Young (Allocation Failure) 494M->259M(852M) 2.673ms
[818.428s][info ][gc,cpu       ] GC(472) User=0.01s Sys=0.00s Real=0.00s
[818.428s][info ][safepoint    ] Leaving safepoint region
[818.428s][info ][safepoint    ] Total time for which application threads were stopped: 0.0029265 seconds, Stopping threads took: 0.0000394 seconds
[819.428s][info ][safepoint    ] Application time: 1.0001061 seconds
[819.428s][info ][safepoint    ] Entering safepoint region: Cleanup
[819.428s][info ][safepoint    ] Leaving safepoint region
[819.428s][info ][safepoint    ] Total time for which application threads were stopped: 0.0001724 seconds, Stopping threads took: 0.0000363 seconds
[820.428s][info ][safepoint    ] Application time: 1.0000929 seconds
[820.428s][info ][safepoint    ] Entering safepoint region: Cleanup
[820.428s][info ][safepoint    ] Leaving safepoint region
[820.428s][info ][safepoint    ] Total time for which application threads were stopped: 0.0001065 seconds, Stopping threads took: 0.0000278 seconds
[821.429s][info ][safepoint    ] Application time: 1.0000859 seconds
[821.429s][info ][safepoint    ] Entering safepoint region: Cleanup
[821.429s][info ][safepoint    ] Leaving safepoint region
[821.429s][info ][safepoint    ] Total time for which application threads were stopped: 0.0001079 seconds, Stopping threads took: 0.0000274 seconds
[821.583s][info ][safepoint    ] Application time: 0.1545578 seconds
[821.583s][info ][safepoint    ] Entering safepoint region: GenCollectForAllocation
[821.583s][info ][gc,start     ] GC(473) Pause Young (Allocation Failure)
[821.583s][info ][gc,task      ] GC(473) Using 4 workers of 4 for evacuation
[821.586s][debug][gc,ref       ] GC(473) Skipped phase1 of Reference Processing due to unavailable references
[821.586s][debug][gc,ref       ] GC(473) Skipped phase2 of Reference Processing due to unavailable references
[821.586s][debug][gc,ref       ] GC(473) Skipped phase3 of Reference Processing due to unavailable references
[821.586s][debug][gc,ref       ] GC(473) Skipped phase4 of Reference Processing due to unavailable references
[821.586s][debug][gc,age       ] GC(473) Desired survivor size 15400960 bytes, new threshold 6 (max threshold 6)
[821.586s][info ][gc,heap      ] GC(473) ParNew: 242308K->1211K(270976K)
[821.586s][info ][gc,heap      ] GC(473) CMS: 263982K->264292K(602112K)
[821.586s][info ][gc,metaspace ] GC(473) Metaspace: 55895K->55895K(1099776K)
[821.586s][info ][gc           ] GC(473) Pause Young (Allocation Failure) 494M->259M(852M) 2.407ms
[821.586s][info ][gc,cpu       ] GC(473) User=0.01s Sys=0.00s Real=0.00s
[821.586s][info ][safepoint    ] Leaving safepoint region
[821.586s][info ][safepoint    ] Total time for which application threads were stopped: 0.0025971 seconds, Stopping threads took: 0.0000292 seconds
[822.586s][info ][safepoint    ] Application time: 1.0001081 seconds
[822.586s][info ][safepoint    ] Entering safepoint region: Cleanup
[822.586s][info ][safepoint    ] Leaving safepoint region
[822.586s][info ][safepoint    ] Total time for which application threads were stopped: 0.0001412 seconds, Stopping threads took: 0.0000280 seconds
[823.586s][info ][safepoint    ] Application time: 1.0000517 seconds
[823.586s][info ][safepoint    ] Entering safepoint region: Cleanup
[823.586s][info ][safepoint    ] Leaving safepoint region
[823.586s][info ][safepoint    ] Total time for which application threads were stopped: 0.0001321 seconds, Stopping threads took: 0.0000285 seconds
[824.572s][info ][safepoint    ] Application time: 0.9852096 seconds
[824.572s][info ][safepoint    ] Entering safepoint region: GenCollectForAllocation
[824.572s][info ][gc,start     ] GC(474) Pause Young (Allocation Failure)
[824.572s][info ][gc,task      ] GC(474) Using 4 workers of 4 for evacuation
[824.575s][debug][gc,ref       ] GC(474) Skipped phase1 of Reference Processing due to unavailable references
[824.575s][debug][gc,ref       ] GC(474) Skipped phase2 of Reference Processing due to unavailable references
[824.575s][debug][gc,ref       ] GC(474) Skipped phase3 of Reference Processing due to unavailable references
[824.575s][debug][gc,ref       ] GC(474) Skipped phase4 of Reference Processing due to unavailable references
[824.575s][debug][gc,age       ] GC(474) Desired survivor size 15400960 bytes, new threshold 6 (max threshold 6)
[824.575s][info ][gc,heap      ] GC(474) ParNew: 242107K->656K(270976K)
[824.575s][info ][gc,heap      ] GC(474) CMS: 264292K->264552K(602112K)
[824.575s][info ][gc,metaspace ] GC(474) Metaspace: 55900K->55900K(1099776K)
[824.575s][info ][gc           ] GC(474) Pause Young (Allocation Failure) 494M->258M(852M) 3.156ms
[824.575s][info ][gc,cpu       ] GC(474) User=0.01s Sys=0.00s Real=0.00s
[824.575s][info ][safepoint    ] Leaving safepoint region
[824.575s][info ][safepoint    ] Total time for which application threads were stopped: 0.0033656 seconds, Stopping threads took: 0.0000363 seconds
[825.575s][info ][safepoint    ] Application time: 1.0001497 seconds
[825.575s][info ][safepoint    ] Entering safepoint region: Cleanup
[825.575s][info ][safepoint    ] Leaving safepoint region
[825.575s][info ][safepoint    ] Total time for which application threads were stopped: 0.0002010 seconds, Stopping threads took: 0.0000608 seconds
[826.575s][info ][safepoint    ] Application time: 1.0001145 seconds
[826.576s][info ][safepoint    ] Entering safepoint region: Cleanup
[826.576s][info ][safepoint    ] Leaving safepoint region
[826.576s][info ][safepoint    ] Total time for which application threads were stopped: 0.0001588 seconds, Stopping threads took: 0.0000377 seconds
[827.524s][info ][safepoint    ] Application time: 0.9478166 seconds
[827.524s][info ][safepoint    ] Entering safepoint region: GenCollectForAllocation
[827.524s][info ][gc,start     ] GC(475) Pause Young (Allocation Failure)
[827.524s][info ][gc,task      ] GC(475) Using 4 workers of 4 for evacuation
[827.526s][debug][gc,ref       ] GC(475) Skipped phase1 of Reference Processing due to unavailable references
[827.526s][debug][gc,ref       ] GC(475) Skipped phase2 of Reference Processing due to unavailable references
[827.526s][debug][gc,ref       ] GC(475) Skipped phase3 of Reference Processing due to unavailable references
[827.526s][debug][gc,ref       ] GC(475) Skipped phase4 of Reference Processing due to unavailable references
[827.527s][debug][gc,age       ] GC(475) Desired survivor size 15400960 bytes, new threshold 6 (max threshold 6)
[827.527s][info ][gc,heap      ] GC(475) ParNew: 241552K->713K(270976K)
[827.527s][info ][gc,heap      ] GC(475) CMS: 264552K->264573K(602112K)
[827.527s][info ][gc,metaspace ] GC(475) Metaspace: 55900K->55900K(1099776K)
[827.527s][info ][gc           ] GC(475) Pause Young (Allocation Failure) 494M->259M(852M) 2.942ms
[827.527s][info ][gc,cpu       ] GC(475) User=0.01s Sys=0.00s Real=0.00s
[827.527s][info ][safepoint    ] Leaving safepoint region
[827.527s][info ][safepoint    ] Total time for which application threads were stopped: 0.0031470 seconds, Stopping threads took: 0.0000284 seconds
[828.527s][info ][safepoint    ] Application time: 1.0000971 seconds
[828.527s][info ][safepoint    ] Entering safepoint region: Cleanup
[828.527s][info ][safepoint    ] Leaving safepoint region
[828.527s][info ][safepoint    ] Total time for which application threads were stopped: 0.0002382 seconds, Stopping threads took: 0.0001495 seconds
[829.527s][info ][safepoint    ] Application time: 1.0000989 seconds
[829.527s][info ][safepoint    ] Entering safepoint region: Cleanup
[829.527s][info ][safepoint    ] Leaving safepoint region
[829.527s][info ][safepoint    ] Total time for which application threads were stopped: 0.0001766 seconds, Stopping threads took: 0.0000736 seconds
[830.522s][info ][safepoint    ] Application time: 0.9943229 seconds
[830.522s][info ][safepoint    ] Entering safepoint region: GenCollectForAllocation
[830.522s][info ][gc,start     ] GC(476) Pause Young (Allocation Failure)
[830.522s][info ][gc,task      ] GC(476) Using 4 workers of 4 for evacuation
[830.524s][debug][gc,ref       ] GC(476) Skipped phase1 of Reference Processing due to unavailable references
[830.524s][debug][gc,ref       ] GC(476) Skipped phase2 of Reference Processing due to unavailable references
[830.524s][debug][gc,ref       ] GC(476) Skipped phase3 of Reference Processing due to unavailable references
[830.524s][debug][gc,ref       ] GC(476) Skipped phase4 of Reference Processing due to unavailable references
[830.524s][debug][gc,age       ] GC(476) Desired survivor size 15400960 bytes, new threshold 6 (max threshold 6)
[830.524s][info ][gc,heap      ] GC(476) ParNew: 241609K->593K(270976K)
[830.524s][info ][gc,heap      ] GC(476) CMS: 264573K->264773K(602112K)
[830.524s][info ][gc,metaspace ] GC(476) Metaspace: 55900K->55900K(1099776K)
[830.524s][info ][gc           ] GC(476) Pause Young (Allocation Failure) 494M->259M(852M) 2.260ms
[830.524s][info ][gc,cpu       ] GC(476) User=0.01s Sys=0.00s Real=0.00s
[830.524s][info ][safepoint    ] Leaving safepoint region
[830.524s][info ][safepoint    ] Total time for which application threads were stopped: 0.0024657 seconds, Stopping threads took: 0.0000361 seconds
[831.524s][info ][safepoint    ] Application time: 1.0001129 seconds
[831.524s][info ][safepoint    ] Entering safepoint region: Cleanup
[831.525s][info ][safepoint    ] Leaving safepoint region
[831.525s][info ][safepoint    ] Total time for which application threads were stopped: 0.0001381 seconds, Stopping threads took: 0.0000389 seconds
[832.525s][info ][safepoint    ] Application time: 1.0001049 seconds
[832.525s][info ][safepoint    ] Entering safepoint region: Cleanup
[832.525s][info ][safepoint    ] Leaving safepoint region
[832.525s][info ][safepoint    ] Total time for which application threads were stopped: 0.0001248 seconds, Stopping threads took: 0.0000322 seconds
[833.275s][info ][safepoint    ] Application time: 0.7506446 seconds
[833.276s][info ][safepoint    ] Entering safepoint region: GenCollectForAllocation
[833.276s][info ][gc,start     ] GC(477) Pause Young (Allocation Failure)
[833.276s][info ][gc,task      ] GC(477) Using 4 workers of 4 for evacuation
[833.279s][debug][gc,ref       ] GC(477) Skipped phase1 of Reference Processing due to unavailable references
[833.279s][debug][gc,ref       ] GC(477) Skipped phase2 of Reference Processing due to unavailable references
[833.279s][debug][gc,ref       ] GC(477) Skipped phase3 of Reference Processing due to unavailable references
[833.279s][debug][gc,ref       ] GC(477) Skipped phase4 of Reference Processing due to unavailable references
[833.279s][debug][gc,age       ] GC(477) Desired survivor size 15400960 bytes, new threshold 6 (max threshold 6)
[833.279s][info ][gc,heap      ] GC(477) ParNew: 241489K->355K(270976K)
[833.279s][info ][gc,heap      ] GC(477) CMS: 264773K->264781K(602112K)
[833.279s][info ][gc,metaspace ] GC(477) Metaspace: 55901K->55901K(1099776K)
[833.279s][info ][gc           ] GC(477) Pause Young (Allocation Failure) 494M->258M(852M) 3.389ms
[833.279s][info ][gc,cpu       ] GC(477) User=0.01s Sys=0.01s Real=0.00s
[833.279s][info ][safepoint    ] Leaving safepoint region
[833.279s][info ][safepoint    ] Total time for which application threads were stopped: 0.0036041 seconds, Stopping threads took: 0.0000369 seconds
[834.279s][info ][safepoint    ] Application time: 1.0001071 seconds
[834.279s][info ][safepoint    ] Entering safepoint region: Cleanup
[834.279s][info ][safepoint    ] Leaving safepoint region
[834.279s][info ][safepoint    ] Total time for which application threads were stopped: 0.0001172 seconds, Stopping threads took: 0.0000342 seconds
[835.279s][info ][safepoint    ] Application time: 1.0001048 seconds
[835.280s][info ][safepoint    ] Entering safepoint region: Cleanup
[835.280s][info ][safepoint    ] Leaving safepoint region
[835.280s][info ][safepoint    ] Total time for which application threads were stopped: 0.0001243 seconds, Stopping threads took: 0.0000283 seconds
[836.280s][info ][safepoint    ] Application time: 1.0001264 seconds
[836.280s][info ][safepoint    ] Entering safepoint region: Cleanup
[836.280s][info ][safepoint    ] Leaving safepoint region
[836.280s][info ][safepoint    ] Total time for which application threads were stopped: 0.0001072 seconds, Stopping threads took: 0.0000275 seconds
[836.322s][info ][safepoint    ] Application time: 0.0423836 seconds
[836.322s][info ][safepoint    ] Entering safepoint region: GenCollectForAllocation
[836.322s][info ][gc,start     ] GC(478) Pause Young (Allocation Failure)
[836.322s][info ][gc,task      ] GC(478) Using 4 workers of 4 for evacuation
[836.324s][debug][gc,ref       ] GC(478) Skipped phase1 of Reference Processing due to unavailable references
[836.324s][debug][gc,ref       ] GC(478) Skipped phase2 of Reference Processing due to unavailable references
[836.324s][debug][gc,ref       ] GC(478) Skipped phase3 of Reference Processing due to unavailable references
[836.324s][debug][gc,ref       ] GC(478) Skipped phase4 of Reference Processing due to unavailable references
[836.324s][debug][gc,age       ] GC(478) Desired survivor size 15400960 bytes, new threshold 6 (max threshold 6)
[836.324s][info ][gc,heap      ] GC(478) ParNew: 241251K->315K(270976K)
[836.324s][info ][gc,heap      ] GC(478) CMS: 264781K->264782K(602112K)
[836.324s][info ][gc,metaspace ] GC(478) Metaspace: 55902K->55902K(1099776K)
[836.325s][info ][gc           ] GC(478) Pause Young (Allocation Failure) 494M->258M(852M) 2.044ms
[836.325s][info ][gc,cpu       ] GC(478) User=0.01s Sys=0.00s Real=0.00s
[836.325s][info ][safepoint    ] Leaving safepoint region
[836.325s][info ][safepoint    ] Total time for which application threads were stopped: 0.0022336 seconds, Stopping threads took: 0.0000307 seconds
[837.325s][info ][safepoint    ] Application time: 1.0001021 seconds
[837.325s][info ][safepoint    ] Entering safepoint region: Cleanup
[837.325s][info ][safepoint    ] Leaving safepoint region
[837.325s][info ][safepoint    ] Total time for which application threads were stopped: 0.0001612 seconds, Stopping threads took: 0.0000522 seconds
[838.325s][info ][safepoint    ] Application time: 1.0001012 seconds
[838.325s][info ][safepoint    ] Entering safepoint region: Cleanup
[838.325s][info ][safepoint    ] Leaving safepoint region
[838.325s][info ][safepoint    ] Total time for which application threads were stopped: 0.0001490 seconds, Stopping threads took: 0.0000562 seconds
[839.076s][info ][safepoint    ] Application time: 0.7506770 seconds
[839.076s][info ][safepoint    ] Entering safepoint region: GenCollectForAllocation
[839.076s][info ][gc,start     ] GC(479) Pause Young (Allocation Failure)
[839.076s][info ][gc,task      ] GC(479) Using 4 workers of 4 for evacuation
[839.080s][debug][gc,ref       ] GC(479) Skipped phase1 of Reference Processing due to unavailable references
[839.080s][debug][gc,ref       ] GC(479) Skipped phase2 of Reference Processing due to unavailable references
[839.080s][debug][gc,ref       ] GC(479) Skipped phase3 of Reference Processing due to unavailable references
[839.080s][debug][gc,ref       ] GC(479) Skipped phase4 of Reference Processing due to unavailable references
[839.080s][debug][gc,age       ] GC(479) Desired survivor size 15400960 bytes, new threshold 6 (max threshold 6)
[839.080s][info ][gc,heap      ] GC(479) ParNew: 241211K->303K(270976K)
[839.080s][info ][gc,heap      ] GC(479) CMS: 264782K->264784K(602112K)
[839.080s][info ][gc,metaspace ] GC(479) Metaspace: 55902K->55902K(1099776K)
[839.080s][info ][gc           ] GC(479) Pause Young (Allocation Failure) 494M->258M(852M) 4.285ms
[839.080s][info ][gc,cpu       ] GC(479) User=0.00s Sys=0.00s Real=0.00s
[839.080s][info ][safepoint    ] Leaving safepoint region
[839.080s][info ][safepoint    ] Total time for which application threads were stopped: 0.0045037 seconds, Stopping threads took: 0.0000400 seconds
[840.081s][info ][safepoint    ] Application time: 1.0000983 seconds
[840.081s][info ][safepoint    ] Entering safepoint region: Cleanup
[840.081s][info ][safepoint    ] Leaving safepoint region
[840.081s][info ][safepoint    ] Total time for which application threads were stopped: 0.0001088 seconds, Stopping threads took: 0.0000282 seconds
[841.081s][info ][safepoint    ] Application time: 1.0000887 seconds
[841.081s][info ][safepoint    ] Entering safepoint region: Cleanup
[841.081s][info ][safepoint    ] Leaving safepoint region
[841.081s][info ][safepoint    ] Total time for which application threads were stopped: 0.0001186 seconds, Stopping threads took: 0.0000287 seconds
[841.722s][info ][safepoint    ] Application time: 0.6407266 seconds
[841.722s][info ][safepoint    ] Entering safepoint region: GenCollectForAllocation
[841.722s][info ][gc,start     ] GC(480) Pause Young (Allocation Failure)
[841.722s][info ][gc,task      ] GC(480) Using 4 workers of 4 for evacuation
[841.724s][debug][gc,ref       ] GC(480) Skipped phase1 of Reference Processing due to unavailable references
[841.724s][debug][gc,ref       ] GC(480) Skipped phase2 of Reference Processing due to unavailable references
[841.724s][debug][gc,ref       ] GC(480) Skipped phase3 of Reference Processing due to unavailable references
[841.724s][debug][gc,ref       ] GC(480) Skipped phase4 of Reference Processing due to unavailable references
[841.724s][debug][gc,age       ] GC(480) Desired survivor size 15400960 bytes, new threshold 6 (max threshold 6)
[841.724s][info ][gc,heap      ] GC(480) ParNew: 241199K->332K(270976K)
[841.724s][info ][gc,heap      ] GC(480) CMS: 264784K->264808K(602112K)
[841.724s][info ][gc,metaspace ] GC(480) Metaspace: 55905K->55905K(1099776K)
[841.724s][info ][gc           ] GC(480) Pause Young (Allocation Failure) 494M->258M(852M) 2.224ms
[841.724s][info ][gc,cpu       ] GC(480) User=0.01s Sys=0.00s Real=0.00s
[841.724s][info ][safepoint    ] Leaving safepoint region
[841.724s][info ][safepoint    ] Total time for which application threads were stopped: 0.0024365 seconds, Stopping threads took: 0.0000391 seconds
[842.724s][info ][safepoint    ] Application time: 1.0001068 seconds
[842.724s][info ][safepoint    ] Entering safepoint region: Cleanup
[842.725s][info ][safepoint    ] Leaving safepoint region
[842.725s][info ][safepoint    ] Total time for which application threads were stopped: 0.0004141 seconds, Stopping threads took: 0.0002619 seconds
[843.725s][info ][safepoint    ] Application time: 1.0001132 seconds
[843.725s][info ][safepoint    ] Entering safepoint region: Cleanup
[843.725s][info ][safepoint    ] Leaving safepoint region
[843.725s][info ][safepoint    ] Total time for which application threads were stopped: 0.0001405 seconds, Stopping threads took: 0.0000369 seconds
[844.337s][info ][safepoint    ] Application time: 0.6117454 seconds
[844.337s][info ][safepoint    ] Entering safepoint region: GenCollectForAllocation
[844.337s][info ][safepoint    ] Leaving safepoint region
[844.337s][info ][safepoint    ] Total time for which application threads were stopped: 0.0001451 seconds, Stopping threads took: 0.0000435 seconds
[844.337s][info ][safepoint    ] Application time: 0.0000954 seconds
[844.337s][info ][safepoint    ] Entering safepoint region: GenCollectForAllocation
[844.337s][info ][gc,start     ] GC(481) Pause Young (Allocation Failure)
[844.337s][info ][gc,task      ] GC(481) Using 4 workers of 4 for evacuation
[844.341s][debug][gc,ref       ] GC(481) Skipped phase1 of Reference Processing due to unavailable references
[844.341s][debug][gc,ref       ] GC(481) Skipped phase2 of Reference Processing due to unavailable references
[844.341s][debug][gc,ref       ] GC(481) Skipped phase3 of Reference Processing due to unavailable references
[844.341s][debug][gc,ref       ] GC(481) Skipped phase4 of Reference Processing due to unavailable references
[844.341s][debug][gc,age       ] GC(481) Desired survivor size 15400960 bytes, new threshold 6 (max threshold 6)
[844.341s][info ][gc,heap      ] GC(481) ParNew: 241228K->3340K(270976K)
[844.341s][info ][gc,heap      ] GC(481) CMS: 264808K->264815K(602112K)
[844.341s][info ][gc,metaspace ] GC(481) Metaspace: 55907K->55907K(1099776K)
[844.341s][info ][gc           ] GC(481) Pause Young (Allocation Failure) 494M->261M(852M) 4.233ms
[844.341s][info ][gc,cpu       ] GC(481) User=0.00s Sys=0.01s Real=0.00s
[844.342s][info ][safepoint    ] Leaving safepoint region
[844.342s][info ][safepoint    ] Total time for which application threads were stopped: 0.0045142 seconds, Stopping threads took: 0.0001185 seconds
[845.342s][info ][safepoint    ] Application time: 1.0004643 seconds
[845.342s][info ][safepoint    ] Entering safepoint region: Cleanup
[845.342s][info ][safepoint    ] Leaving safepoint region
[845.342s][info ][safepoint    ] Total time for which application threads were stopped: 0.0001156 seconds, Stopping threads took: 0.0000290 seconds
[846.342s][info ][safepoint    ] Application time: 1.0000961 seconds
[846.342s][info ][safepoint    ] Entering safepoint region: Cleanup
[846.342s][info ][safepoint    ] Leaving safepoint region
[846.342s][info ][safepoint    ] Total time for which application threads were stopped: 0.0001182 seconds, Stopping threads took: 0.0000307 seconds
[847.076s][info ][safepoint    ] Application time: 0.7331807 seconds
[847.076s][info ][safepoint    ] Entering safepoint region: GenCollectForAllocation
[847.076s][info ][gc,start     ] GC(482) Pause Young (Allocation Failure)
[847.076s][info ][gc,task      ] GC(482) Using 4 workers of 4 for evacuation
[847.078s][debug][gc,ref       ] GC(482) Skipped phase1 of Reference Processing due to unavailable references
[847.078s][debug][gc,ref       ] GC(482) Skipped phase2 of Reference Processing due to unavailable references
[847.078s][debug][gc,ref       ] GC(482) Skipped phase3 of Reference Processing due to unavailable references
[847.078s][debug][gc,ref       ] GC(482) Skipped phase4 of Reference Processing due to unavailable references
[847.078s][debug][gc,age       ] GC(482) Desired survivor size 15400960 bytes, new threshold 6 (max threshold 6)
[847.078s][info ][gc,heap      ] GC(482) ParNew: 244236K->1003K(270976K)
[847.078s][info ][gc,heap      ] GC(482) CMS: 264815K->264816K(602112K)
[847.078s][info ][gc,metaspace ] GC(482) Metaspace: 55908K->55908K(1099776K)
[847.078s][info ][gc           ] GC(482) Pause Young (Allocation Failure) 497M->259M(852M) 2.389ms
[847.078s][info ][gc,cpu       ] GC(482) User=0.01s Sys=0.00s Real=0.00s
[847.078s][info ][safepoint    ] Leaving safepoint region
[847.078s][info ][safepoint    ] Total time for which application threads were stopped: 0.0027545 seconds, Stopping threads took: 0.0000959 seconds
[848.079s][info ][safepoint    ] Application time: 1.0001056 seconds
[848.079s][info ][safepoint    ] Entering safepoint region: Cleanup
[848.079s][info ][safepoint    ] Leaving safepoint region
[848.079s][info ][safepoint    ] Total time for which application threads were stopped: 0.0001555 seconds, Stopping threads took: 0.0000270 seconds
[849.079s][info ][safepoint    ] Application time: 1.0000846 seconds
[849.079s][info ][safepoint    ] Entering safepoint region: Cleanup
[849.079s][info ][safepoint    ] Leaving safepoint region
[849.079s][info ][safepoint    ] Total time for which application threads were stopped: 0.0001294 seconds, Stopping threads took: 0.0000418 seconds
[849.625s][info ][safepoint    ] Application time: 0.5455193 seconds
[849.625s][info ][safepoint    ] Entering safepoint region: GenCollectForAllocation
[849.625s][info ][gc,start     ] GC(483) Pause Young (Allocation Failure)
[849.625s][info ][gc,task      ] GC(483) Using 4 workers of 4 for evacuation
[849.629s][debug][gc,ref       ] GC(483) Skipped phase1 of Reference Processing due to unavailable references
[849.629s][debug][gc,ref       ] GC(483) Skipped phase2 of Reference Processing due to unavailable references
[849.629s][debug][gc,ref       ] GC(483) Skipped phase3 of Reference Processing due to unavailable references
[849.629s][debug][gc,ref       ] GC(483) Skipped phase4 of Reference Processing due to unavailable references
[849.629s][debug][gc,age       ] GC(483) Desired survivor size 15400960 bytes, new threshold 6 (max threshold 6)
[849.629s][info ][gc,heap      ] GC(483) ParNew: 241899K->1025K(270976K)
[849.629s][info ][gc,heap      ] GC(483) CMS: 264816K->264818K(602112K)
[849.629s][info ][gc,metaspace ] GC(483) Metaspace: 55908K->55908K(1099776K)
[849.629s][info ][gc           ] GC(483) Pause Young (Allocation Failure) 494M->259M(852M) 4.001ms
[849.629s][info ][gc,cpu       ] GC(483) User=0.01s Sys=0.00s Real=0.00s
[849.629s][info ][safepoint    ] Leaving safepoint region
[849.629s][info ][safepoint    ] Total time for which application threads were stopped: 0.0042578 seconds, Stopping threads took: 0.0000451 seconds
[850.629s][info ][safepoint    ] Application time: 1.0001365 seconds
[850.629s][info ][safepoint    ] Entering safepoint region: Cleanup
[850.629s][info ][safepoint    ] Leaving safepoint region
[850.629s][info ][safepoint    ] Total time for which application threads were stopped: 0.0001335 seconds, Stopping threads took: 0.0000382 seconds
[850.991s][info ][safepoint    ] Application time: 0.3621128 seconds
[850.991s][info ][safepoint    ] Entering safepoint region: GenCollectForAllocation
[850.991s][info ][gc,start     ] GC(484) Pause Young (Allocation Failure)
[850.992s][info ][gc,task      ] GC(484) Using 4 workers of 4 for evacuation
[850.993s][debug][gc,ref       ] GC(484) Skipped phase1 of Reference Processing due to unavailable references
[850.993s][debug][gc,ref       ] GC(484) Skipped phase2 of Reference Processing due to unavailable references
[850.993s][debug][gc,ref       ] GC(484) Skipped phase3 of Reference Processing due to unavailable references
[850.993s][debug][gc,ref       ] GC(484) Skipped phase4 of Reference Processing due to unavailable references
[850.994s][debug][gc,age       ] GC(484) Desired survivor size 15400960 bytes, new threshold 6 (max threshold 6)
[850.994s][info ][gc,heap      ] GC(484) ParNew: 241892K->1074K(270976K)
[850.994s][info ][gc,heap      ] GC(484) CMS: 264818K->264819K(602112K)
[850.994s][info ][gc,metaspace ] GC(484) Metaspace: 55908K->55908K(1099776K)
[850.994s][info ][gc           ] GC(484) Pause Young (Allocation Failure) 494M->259M(852M) 2.204ms
[850.994s][info ][gc,cpu       ] GC(484) User=0.01s Sys=0.00s Real=0.00s
[850.994s][info ][safepoint    ] Leaving safepoint region
[850.994s][info ][safepoint    ] Total time for which application threads were stopped: 0.0024203 seconds, Stopping threads took: 0.0000270 seconds
[851.994s][info ][safepoint    ] Application time: 1.0001019 seconds
[851.994s][info ][safepoint    ] Entering safepoint region: Cleanup
[851.994s][info ][safepoint    ] Leaving safepoint region
[851.994s][info ][safepoint    ] Total time for which application threads were stopped: 0.0002175 seconds, Stopping threads took: 0.0001108 seconds
[852.521s][info ][safepoint    ] Application time: 0.5273199 seconds
[852.521s][info ][safepoint    ] Entering safepoint region: GenCollectForAllocation
[852.522s][info ][gc,start     ] GC(485) Pause Young (Allocation Failure)
[852.522s][info ][gc,task      ] GC(485) Using 4 workers of 4 for evacuation
[852.524s][debug][gc,ref       ] GC(485) Skipped phase1 of Reference Processing due to unavailable references
[852.524s][debug][gc,ref       ] GC(485) Skipped phase2 of Reference Processing due to unavailable references
[852.524s][debug][gc,ref       ] GC(485) Skipped phase3 of Reference Processing due to unavailable references
[852.524s][debug][gc,ref       ] GC(485) Skipped phase4 of Reference Processing due to unavailable references
[852.524s][debug][gc,age       ] GC(485) Desired survivor size 15400960 bytes, new threshold 6 (max threshold 6)
[852.524s][info ][gc,heap      ] GC(485) ParNew: 241970K->1269K(270976K)
[852.524s][info ][gc,heap      ] GC(485) CMS: 264819K->264819K(602112K)
[852.524s][info ][gc,metaspace ] GC(485) Metaspace: 55908K->55908K(1099776K)
[852.524s][info ][gc           ] GC(485) Pause Young (Allocation Failure) 494M->259M(852M) 2.287ms
[852.524s][info ][gc,cpu       ] GC(485) User=0.01s Sys=0.01s Real=0.00s
[852.524s][info ][safepoint    ] Leaving safepoint region
[852.524s][info ][safepoint    ] Total time for which application threads were stopped: 0.0025173 seconds, Stopping threads took: 0.0000375 seconds
[853.524s][info ][safepoint    ] Application time: 1.0001078 seconds
[853.524s][info ][safepoint    ] Entering safepoint region: Cleanup
[853.524s][info ][safepoint    ] Leaving safepoint region
[853.524s][info ][safepoint    ] Total time for which application threads were stopped: 0.0001945 seconds, Stopping threads took: 0.0000853 seconds
[853.824s][info ][safepoint    ] Application time: 0.3000853 seconds
[853.825s][info ][safepoint    ] Entering safepoint region: GenCollectForAllocation
[853.825s][info ][gc,start     ] GC(486) Pause Young (Allocation Failure)
[853.825s][info ][gc,task      ] GC(486) Using 4 workers of 4 for evacuation
[853.827s][debug][gc,ref       ] GC(486) Skipped phase1 of Reference Processing due to unavailable references
[853.827s][debug][gc,ref       ] GC(486) Skipped phase2 of Reference Processing due to unavailable references
[853.827s][debug][gc,ref       ] GC(486) Skipped phase3 of Reference Processing due to unavailable references
[853.827s][debug][gc,ref       ] GC(486) Skipped phase4 of Reference Processing due to unavailable references
[853.828s][debug][gc,age       ] GC(486) Desired survivor size 15400960 bytes, new threshold 6 (max threshold 6)
[853.828s][info ][gc,heap      ] GC(486) ParNew: 242165K->1386K(270976K)
[853.828s][info ][gc,heap      ] GC(486) CMS: 264819K->264830K(602112K)
[853.828s][info ][gc,metaspace ] GC(486) Metaspace: 55908K->55908K(1099776K)
[853.828s][info ][gc           ] GC(486) Pause Young (Allocation Failure) 495M->259M(852M) 2.818ms
[853.828s][info ][gc,cpu       ] GC(486) User=0.01s Sys=0.00s Real=0.00s
[853.828s][info ][safepoint    ] Leaving safepoint region
[853.828s][info ][safepoint    ] Total time for which application threads were stopped: 0.0031738 seconds, Stopping threads took: 0.0001687 seconds
[854.828s][info ][safepoint    ] Application time: 1.0000981 seconds
[854.828s][info ][safepoint    ] Entering safepoint region: Cleanup
[854.828s][info ][safepoint    ] Leaving safepoint region
[854.828s][info ][safepoint    ] Total time for which application threads were stopped: 0.0001297 seconds, Stopping threads took: 0.0000405 seconds
[855.274s][info ][safepoint    ] Application time: 0.4457904 seconds
[855.274s][info ][safepoint    ] Entering safepoint region: GenCollectForAllocation
[855.274s][info ][gc,start     ] GC(487) Pause Young (Allocation Failure)
[855.274s][info ][gc,task      ] GC(487) Using 4 workers of 4 for evacuation
[855.276s][debug][gc,ref       ] GC(487) Skipped phase1 of Reference Processing due to unavailable references
[855.276s][debug][gc,ref       ] GC(487) Skipped phase2 of Reference Processing due to unavailable references
[855.276s][debug][gc,ref       ] GC(487) Skipped phase3 of Reference Processing due to unavailable references
[855.276s][debug][gc,ref       ] GC(487) Skipped phase4 of Reference Processing due to unavailable references
[855.276s][debug][gc,age       ] GC(487) Desired survivor size 15400960 bytes, new threshold 6 (max threshold 6)
[855.276s][info ][gc,heap      ] GC(487) ParNew: 242282K->1014K(270976K)
[855.276s][info ][gc,heap      ] GC(487) CMS: 264830K->264899K(602112K)
[855.276s][info ][gc,metaspace ] GC(487) Metaspace: 55908K->55908K(1099776K)
[855.276s][info ][gc           ] GC(487) Pause Young (Allocation Failure) 495M->259M(852M) 2.189ms
[855.276s][info ][gc,cpu       ] GC(487) User=0.01s Sys=0.00s Real=0.00s
[855.276s][info ][safepoint    ] Leaving safepoint region
[855.276s][info ][safepoint    ] Total time for which application threads were stopped: 0.0024265 seconds, Stopping threads took: 0.0000505 seconds
[856.276s][info ][safepoint    ] Application time: 1.0001016 seconds
[856.276s][info ][safepoint    ] Entering safepoint region: Cleanup
[856.276s][info ][safepoint    ] Leaving safepoint region
[856.276s][info ][safepoint    ] Total time for which application threads were stopped: 0.0001107 seconds, Stopping threads took: 0.0000279 seconds
[857.277s][info ][safepoint    ] Application time: 1.0000889 seconds
[857.277s][info ][safepoint    ] Entering safepoint region: Cleanup
[857.277s][info ][safepoint    ] Leaving safepoint region
[857.277s][info ][safepoint    ] Total time for which application threads were stopped: 0.0001129 seconds, Stopping threads took: 0.0000269 seconds
[857.824s][info ][safepoint    ] Application time: 0.5474903 seconds
[857.824s][info ][safepoint    ] Entering safepoint region: GenCollectForAllocation
[857.824s][info ][gc,start     ] GC(488) Pause Young (Allocation Failure)
[857.824s][info ][gc,task      ] GC(488) Using 4 workers of 4 for evacuation
[857.827s][debug][gc,ref       ] GC(488) Skipped phase1 of Reference Processing due to unavailable references
[857.827s][debug][gc,ref       ] GC(488) Skipped phase2 of Reference Processing due to unavailable references
[857.827s][debug][gc,ref       ] GC(488) Skipped phase3 of Reference Processing due to unavailable references
[857.827s][debug][gc,ref       ] GC(488) Skipped phase4 of Reference Processing due to unavailable references
[857.827s][debug][gc,age       ] GC(488) Desired survivor size 15400960 bytes, new threshold 6 (max threshold 6)
[857.827s][info ][gc,heap      ] GC(488) ParNew: 241910K->1026K(270976K)
[857.827s][info ][gc,heap      ] GC(488) CMS: 264899K->264916K(602112K)
[857.827s][info ][gc,metaspace ] GC(488) Metaspace: 55908K->55908K(1099776K)
[857.827s][info ][gc           ] GC(488) Pause Young (Allocation Failure) 494M->259M(852M) 2.432ms
[857.827s][info ][gc,cpu       ] GC(488) User=0.01s Sys=0.00s Real=0.00s
[857.827s][info ][safepoint    ] Leaving safepoint region
[857.827s][info ][safepoint    ] Total time for which application threads were stopped: 0.0026687 seconds, Stopping threads took: 0.0000618 seconds
[858.827s][info ][safepoint    ] Application time: 1.0001034 seconds
[858.827s][info ][safepoint    ] Entering safepoint region: Cleanup
[858.827s][info ][safepoint    ] Leaving safepoint region
[858.827s][info ][safepoint    ] Total time for which application threads were stopped: 0.0001449 seconds, Stopping threads took: 0.0000389 seconds
[859.827s][info ][safepoint    ] Application time: 1.0000857 seconds
[859.827s][info ][safepoint    ] Entering safepoint region: Cleanup
[859.827s][info ][safepoint    ] Leaving safepoint region
[859.827s][info ][safepoint    ] Total time for which application threads were stopped: 0.0001409 seconds, Stopping threads took: 0.0000577 seconds
[860.320s][info ][safepoint    ] Application time: 0.4927758 seconds
[860.320s][info ][safepoint    ] Entering safepoint region: GenCollectForAllocation
[860.320s][info ][gc,start     ] GC(489) Pause Young (Allocation Failure)
[860.320s][info ][gc,task      ] GC(489) Using 4 workers of 4 for evacuation
[860.322s][debug][gc,ref       ] GC(489) Skipped phase1 of Reference Processing due to unavailable references
[860.322s][debug][gc,ref       ] GC(489) Skipped phase2 of Reference Processing due to unavailable references
[860.322s][debug][gc,ref       ] GC(489) Skipped phase3 of Reference Processing due to unavailable references
[860.322s][debug][gc,ref       ] GC(489) Skipped phase4 of Reference Processing due to unavailable references
[860.322s][debug][gc,age       ] GC(489) Desired survivor size 15400960 bytes, new threshold 6 (max threshold 6)
[860.322s][info ][gc,heap      ] GC(489) ParNew: 241922K->940K(270976K)
[860.322s][info ][gc,heap      ] GC(489) CMS: 264916K->265021K(602112K)
[860.323s][info ][gc,metaspace ] GC(489) Metaspace: 55908K->55908K(1099776K)
[860.323s][info ][gc           ] GC(489) Pause Young (Allocation Failure) 494M->259M(852M) 2.113ms
[860.323s][info ][gc,cpu       ] GC(489) User=0.01s Sys=0.00s Real=0.01s
[860.323s][info ][safepoint    ] Leaving safepoint region
[860.323s][info ][safepoint    ] Total time for which application threads were stopped: 0.0023068 seconds, Stopping threads took: 0.0000361 seconds
[861.323s][info ][safepoint    ] Application time: 1.0000967 seconds
[861.323s][info ][safepoint    ] Entering safepoint region: Cleanup
[861.323s][info ][safepoint    ] Leaving safepoint region
[861.323s][info ][safepoint    ] Total time for which application threads were stopped: 0.0002980 seconds, Stopping threads took: 0.0001636 seconds
[862.323s][info ][safepoint    ] Application time: 1.0001227 seconds
[862.323s][info ][safepoint    ] Entering safepoint region: Cleanup
[862.323s][info ][safepoint    ] Leaving safepoint region
[862.323s][info ][safepoint    ] Total time for which application threads were stopped: 0.0001480 seconds, Stopping threads took: 0.0000497 seconds
[863.323s][info ][safepoint    ] Application time: 1.0000951 seconds
[863.323s][info ][safepoint    ] Entering safepoint region: Cleanup
[863.324s][info ][safepoint    ] Leaving safepoint region
[863.324s][info ][safepoint    ] Total time for which application threads were stopped: 0.0001553 seconds, Stopping threads took: 0.0000479 seconds
[863.474s][info ][safepoint    ] Application time: 0.1507004 seconds
[863.474s][info ][safepoint    ] Entering safepoint region: GenCollectForAllocation
[863.475s][info ][gc,start     ] GC(490) Pause Young (Allocation Failure)
[863.475s][info ][gc,task      ] GC(490) Using 4 workers of 4 for evacuation
[863.477s][debug][gc,ref       ] GC(490) Skipped phase1 of Reference Processing due to unavailable references
[863.477s][debug][gc,ref       ] GC(490) Skipped phase2 of Reference Processing due to unavailable references
[863.477s][debug][gc,ref       ] GC(490) Skipped phase3 of Reference Processing due to unavailable references
[863.477s][debug][gc,ref       ] GC(490) Skipped phase4 of Reference Processing due to unavailable references
[863.477s][debug][gc,age       ] GC(490) Desired survivor size 15400960 bytes, new threshold 6 (max threshold 6)
[863.477s][info ][gc,heap      ] GC(490) ParNew: 241836K->655K(270976K)
[863.477s][info ][gc,heap      ] GC(490) CMS: 265021K->265106K(602112K)
[863.477s][info ][gc,metaspace ] GC(490) Metaspace: 55908K->55908K(1099776K)
[863.477s][info ][gc           ] GC(490) Pause Young (Allocation Failure) 494M->259M(852M) 2.361ms
[863.477s][info ][gc,cpu       ] GC(490) User=0.01s Sys=0.00s Real=0.00s
[863.477s][info ][safepoint    ] Leaving safepoint region
[863.477s][info ][safepoint    ] Total time for which application threads were stopped: 0.0025768 seconds, Stopping threads took: 0.0000393 seconds
[864.477s][info ][safepoint    ] Application time: 1.0000794 seconds
[864.477s][info ][safepoint    ] Entering safepoint region: Cleanup
[864.477s][info ][safepoint    ] Leaving safepoint region
[864.477s][info ][safepoint    ] Total time for which application threads were stopped: 0.0001601 seconds, Stopping threads took: 0.0000681 seconds
[865.477s][info ][safepoint    ] Application time: 1.0000939 seconds
[865.477s][info ][safepoint    ] Entering safepoint region: Cleanup
[865.477s][info ][safepoint    ] Leaving safepoint region
[865.477s][info ][safepoint    ] Total time for which application threads were stopped: 0.0001137 seconds, Stopping threads took: 0.0000287 seconds
[866.324s][info ][safepoint    ] Application time: 0.8468115 seconds
[866.324s][info ][safepoint    ] Entering safepoint region: GenCollectForAllocation
[866.325s][info ][gc,start     ] GC(491) Pause Young (Allocation Failure)
[866.325s][info ][gc,task      ] GC(491) Using 4 workers of 4 for evacuation
[866.327s][debug][gc,ref       ] GC(491) Skipped phase1 of Reference Processing due to unavailable references
[866.327s][debug][gc,ref       ] GC(491) Skipped phase2 of Reference Processing due to unavailable references
[866.327s][debug][gc,ref       ] GC(491) Skipped phase3 of Reference Processing due to unavailable references
[866.327s][debug][gc,ref       ] GC(491) Skipped phase4 of Reference Processing due to unavailable references
[866.327s][debug][gc,age       ] GC(491) Desired survivor size 15400960 bytes, new threshold 6 (max threshold 6)
[866.327s][info ][gc,heap      ] GC(491) ParNew: 241551K->783K(270976K)
[866.327s][info ][gc,heap      ] GC(491) CMS: 265106K->265109K(602112K)
[866.327s][info ][gc,metaspace ] GC(491) Metaspace: 55908K->55908K(1099776K)
[866.327s][info ][gc           ] GC(491) Pause Young (Allocation Failure) 494M->259M(852M) 2.378ms
[866.327s][info ][gc,cpu       ] GC(491) User=0.01s Sys=0.00s Real=0.00s
[866.327s][info ][safepoint    ] Leaving safepoint region
[866.327s][info ][safepoint    ] Total time for which application threads were stopped: 0.0026697 seconds, Stopping threads took: 0.0000891 seconds
[867.327s][info ][safepoint    ] Application time: 1.0001277 seconds
[867.327s][info ][safepoint    ] Entering safepoint region: Cleanup
[867.327s][info ][safepoint    ] Leaving safepoint region
[867.327s][info ][safepoint    ] Total time for which application threads were stopped: 0.0001542 seconds, Stopping threads took: 0.0000510 seconds
[867.677s][info ][safepoint    ] Application time: 0.3501061 seconds
[867.677s][info ][safepoint    ] Entering safepoint region: GenCollectForAllocation
[867.678s][info ][gc,start     ] GC(492) Pause Young (Allocation Failure)
[867.678s][info ][gc,task      ] GC(492) Using 4 workers of 4 for evacuation
[867.680s][debug][gc,ref       ] GC(492) Skipped phase1 of Reference Processing due to unavailable references
[867.680s][debug][gc,ref       ] GC(492) Skipped phase2 of Reference Processing due to unavailable references
[867.680s][debug][gc,ref       ] GC(492) Skipped phase3 of Reference Processing due to unavailable references
[867.680s][debug][gc,ref       ] GC(492) Skipped phase4 of Reference Processing due to unavailable references
[867.680s][debug][gc,age       ] GC(492) Desired survivor size 15400960 bytes, new threshold 6 (max threshold 6)
[867.680s][info ][gc,heap      ] GC(492) ParNew: 241679K->888K(270976K)
[867.680s][info ][gc,heap      ] GC(492) CMS: 265109K->265134K(602112K)
[867.680s][info ][gc,metaspace ] GC(492) Metaspace: 55908K->55908K(1099776K)
[867.680s][info ][gc           ] GC(492) Pause Young (Allocation Failure) 494M->259M(852M) 2.220ms
[867.680s][info ][gc,cpu       ] GC(492) User=0.01s Sys=0.00s Real=0.00s
[867.680s][info ][safepoint    ] Leaving safepoint region
[867.680s][info ][safepoint    ] Total time for which application threads were stopped: 0.0024308 seconds, Stopping threads took: 0.0000415 seconds
[868.680s][info ][safepoint    ] Application time: 1.0000975 seconds
[868.680s][info ][safepoint    ] Entering safepoint region: Cleanup
[868.680s][info ][safepoint    ] Leaving safepoint region
[868.680s][info ][safepoint    ] Total time for which application threads were stopped: 0.0001667 seconds, Stopping threads took: 0.0000626 seconds
[869.038s][info ][safepoint    ] Application time: 0.3579982 seconds
[869.038s][info ][safepoint    ] Entering safepoint region: GenCollectForAllocation
[869.038s][info ][gc,start     ] GC(493) Pause Young (Allocation Failure)
[869.038s][info ][gc,task      ] GC(493) Using 4 workers of 4 for evacuation
[869.040s][debug][gc,ref       ] GC(493) Skipped phase1 of Reference Processing due to unavailable references
[869.040s][debug][gc,ref       ] GC(493) Skipped phase2 of Reference Processing due to unavailable references
[869.040s][debug][gc,ref       ] GC(493) Skipped phase3 of Reference Processing due to unavailable references
[869.040s][debug][gc,ref       ] GC(493) Skipped phase4 of Reference Processing due to unavailable references
[869.041s][debug][gc,age       ] GC(493) Desired survivor size 15400960 bytes, new threshold 6 (max threshold 6)
[869.041s][info ][gc,heap      ] GC(493) ParNew: 241784K->1024K(270976K)
[869.041s][info ][gc,heap      ] GC(493) CMS: 265134K->265135K(602112K)
[869.041s][info ][gc,metaspace ] GC(493) Metaspace: 55909K->55909K(1099776K)
[869.041s][info ][gc           ] GC(493) Pause Young (Allocation Failure) 495M->259M(852M) 2.188ms
[869.041s][info ][gc,cpu       ] GC(493) User=0.01s Sys=0.00s Real=0.00s
[869.041s][info ][safepoint    ] Leaving safepoint region
[869.041s][info ][safepoint    ] Total time for which application threads were stopped: 0.0023877 seconds, Stopping threads took: 0.0000276 seconds
[870.041s][info ][safepoint    ] Application time: 1.0000994 seconds
[870.041s][info ][safepoint    ] Entering safepoint region: Cleanup
[870.041s][info ][safepoint    ] Leaving safepoint region
[870.041s][info ][safepoint    ] Total time for which application threads were stopped: 0.0001342 seconds, Stopping threads took: 0.0000404 seconds
[870.376s][info ][safepoint    ] Application time: 0.3348254 seconds
[870.376s][info ][safepoint    ] Entering safepoint region: GenCollectForAllocation
[870.376s][info ][gc,start     ] GC(494) Pause Young (Allocation Failure)
[870.376s][info ][gc,task      ] GC(494) Using 4 workers of 4 for evacuation
[870.378s][debug][gc,ref       ] GC(494) Skipped phase1 of Reference Processing due to unavailable references
[870.378s][debug][gc,ref       ] GC(494) Skipped phase2 of Reference Processing due to unavailable references
[870.378s][debug][gc,ref       ] GC(494) Skipped phase3 of Reference Processing due to unavailable references
[870.378s][debug][gc,ref       ] GC(494) Skipped phase4 of Reference Processing due to unavailable references
[870.378s][debug][gc,age       ] GC(494) Desired survivor size 15400960 bytes, new threshold 6 (max threshold 6)
[870.378s][info ][gc,heap      ] GC(494) ParNew: 241920K->996K(270976K)
[870.378s][info ][gc,heap      ] GC(494) CMS: 265135K->265138K(602112K)
[870.378s][info ][gc,metaspace ] GC(494) Metaspace: 55909K->55909K(1099776K)
[870.378s][info ][gc           ] GC(494) Pause Young (Allocation Failure) 495M->259M(852M) 2.318ms
[870.378s][info ][gc,cpu       ] GC(494) User=0.01s Sys=0.00s Real=0.00s
[870.378s][info ][safepoint    ] Leaving safepoint region
[870.378s][info ][safepoint    ] Total time for which application threads were stopped: 0.0025700 seconds, Stopping threads took: 0.0000701 seconds
[871.378s][info ][safepoint    ] Application time: 1.0000981 seconds
[871.379s][info ][safepoint    ] Entering safepoint region: Cleanup
[871.379s][info ][safepoint    ] Leaving safepoint region
[871.379s][info ][safepoint    ] Total time for which application threads were stopped: 0.0001397 seconds, Stopping threads took: 0.0000535 seconds
[871.674s][info ][safepoint    ] Application time: 0.2957110 seconds
[871.674s][info ][safepoint    ] Entering safepoint region: GenCollectForAllocation
[871.675s][info ][gc,start     ] GC(495) Pause Young (Allocation Failure)
[871.675s][info ][gc,task      ] GC(495) Using 4 workers of 4 for evacuation
[871.677s][debug][gc,ref       ] GC(495) Skipped phase1 of Reference Processing due to unavailable references
[871.677s][debug][gc,ref       ] GC(495) Skipped phase2 of Reference Processing due to unavailable references
[871.677s][debug][gc,ref       ] GC(495) Skipped phase3 of Reference Processing due to unavailable references
[871.677s][debug][gc,ref       ] GC(495) Skipped phase4 of Reference Processing due to unavailable references
[871.677s][debug][gc,age       ] GC(495) Desired survivor size 15400960 bytes, new threshold 6 (max threshold 6)
[871.677s][info ][gc,heap      ] GC(495) ParNew: 241892K->988K(270976K)
[871.677s][info ][gc,heap      ] GC(495) CMS: 265138K->265154K(602112K)
[871.677s][info ][gc,metaspace ] GC(495) Metaspace: 55909K->55909K(1099776K)
[871.677s][info ][gc           ] GC(495) Pause Young (Allocation Failure) 495M->259M(852M) 2.194ms
[871.677s][info ][gc,cpu       ] GC(495) User=0.01s Sys=0.00s Real=0.00s
[871.677s][info ][safepoint    ] Leaving safepoint region
[871.677s][info ][safepoint    ] Total time for which application threads were stopped: 0.0024144 seconds, Stopping threads took: 0.0000380 seconds
[872.677s][info ][safepoint    ] Application time: 1.0001062 seconds
[872.677s][info ][safepoint    ] Entering safepoint region: Cleanup
[872.677s][info ][safepoint    ] Leaving safepoint region
[872.677s][info ][safepoint    ] Total time for which application threads were stopped: 0.0001164 seconds, Stopping threads took: 0.0000291 seconds
[874.472s][info ][safepoint    ] Application time: 1.7949626 seconds
[874.472s][info ][safepoint    ] Entering safepoint region: GenCollectForAllocation
[874.472s][info ][gc,start     ] GC(496) Pause Young (Allocation Failure)
[874.472s][info ][gc,task      ] GC(496) Using 4 workers of 4 for evacuation
[874.474s][debug][gc,ref       ] GC(496) Skipped phase1 of Reference Processing due to unavailable references
[874.474s][debug][gc,ref       ] GC(496) Skipped phase2 of Reference Processing due to unavailable references
[874.474s][debug][gc,ref       ] GC(496) Skipped phase3 of Reference Processing due to unavailable references
[874.474s][debug][gc,ref       ] GC(496) Skipped phase4 of Reference Processing due to unavailable references
[874.474s][debug][gc,age       ] GC(496) Desired survivor size 15400960 bytes, new threshold 6 (max threshold 6)
[874.474s][info ][gc,heap      ] GC(496) ParNew: 241884K->699K(270976K)
[874.474s][info ][gc,heap      ] GC(496) CMS: 265154K->265172K(602112K)
[874.474s][info ][gc,metaspace ] GC(496) Metaspace: 55909K->55909K(1099776K)
[874.474s][info ][gc           ] GC(496) Pause Young (Allocation Failure) 495M->259M(852M) 2.014ms
[874.474s][info ][gc,cpu       ] GC(496) User=0.00s Sys=0.01s Real=0.00s
[874.474s][info ][safepoint    ] Leaving safepoint region
[874.474s][info ][safepoint    ] Total time for which application threads were stopped: 0.0022223 seconds, Stopping threads took: 0.0000304 seconds
[875.474s][info ][safepoint    ] Application time: 1.0001041 seconds
[875.474s][info ][safepoint    ] Entering safepoint region: Cleanup
[875.475s][info ][safepoint    ] Leaving safepoint region
[875.475s][info ][safepoint    ] Total time for which application threads were stopped: 0.0001394 seconds, Stopping threads took: 0.0000386 seconds
[877.239s][info ][safepoint    ] Application time: 1.7648397 seconds
[877.239s][info ][safepoint    ] Entering safepoint region: GenCollectForAllocation
[877.240s][info ][gc,start     ] GC(497) Pause Young (Allocation Failure)
[877.240s][info ][gc,task      ] GC(497) Using 4 workers of 4 for evacuation
[877.241s][debug][gc,ref       ] GC(497) Skipped phase1 of Reference Processing due to unavailable references
[877.241s][debug][gc,ref       ] GC(497) Skipped phase2 of Reference Processing due to unavailable references
[877.241s][debug][gc,ref       ] GC(497) Skipped phase3 of Reference Processing due to unavailable references
[877.242s][debug][gc,ref       ] GC(497) Skipped phase4 of Reference Processing due to unavailable references
[877.242s][debug][gc,age       ] GC(497) Desired survivor size 15400960 bytes, new threshold 6 (max threshold 6)
[877.242s][info ][gc,heap      ] GC(497) ParNew: 241595K->591K(270976K)
[877.242s][info ][gc,heap      ] GC(497) CMS: 265172K->265190K(602112K)
[877.242s][info ][gc,metaspace ] GC(497) Metaspace: 55909K->55909K(1099776K)
[877.242s][info ][gc           ] GC(497) Pause Young (Allocation Failure) 494M->259M(852M) 2.048ms
[877.242s][info ][gc,cpu       ] GC(497) User=0.00s Sys=0.00s Real=0.01s
[877.242s][info ][safepoint    ] Leaving safepoint region
[877.242s][info ][safepoint    ] Total time for which application threads were stopped: 0.0022600 seconds, Stopping threads took: 0.0000307 seconds
[877.927s][info ][safepoint    ] Application time: 0.6854170 seconds
[877.927s][info ][safepoint    ] Entering safepoint region: GenCollectForAllocation
[877.927s][info ][gc,start     ] GC(498) Pause Young (Allocation Failure)
[877.927s][info ][gc,task      ] GC(498) Using 4 workers of 4 for evacuation
[877.929s][debug][gc,ref       ] GC(498) Skipped phase1 of Reference Processing due to unavailable references
[877.929s][debug][gc,ref       ] GC(498) Skipped phase2 of Reference Processing due to unavailable references
[877.929s][debug][gc,ref       ] GC(498) Skipped phase3 of Reference Processing due to unavailable references
[877.929s][debug][gc,ref       ] GC(498) Skipped phase4 of Reference Processing due to unavailable references
[877.929s][debug][gc,age       ] GC(498) Desired survivor size 15400960 bytes, new threshold 6 (max threshold 6)
[877.929s][info ][gc,heap      ] GC(498) ParNew: 241487K->580K(270976K)
[877.929s][info ][gc,heap      ] GC(498) CMS: 265190K->265192K(602112K)
[877.929s][info ][gc,metaspace ] GC(498) Metaspace: 55909K->55909K(1099776K)
[877.929s][info ][gc           ] GC(498) Pause Young (Allocation Failure) 494M->259M(852M) 1.952ms
[877.929s][info ][gc,cpu       ] GC(498) User=0.01s Sys=0.00s Real=0.00s
[877.929s][info ][safepoint    ] Leaving safepoint region
[877.929s][info ][safepoint    ] Total time for which application threads were stopped: 0.0021617 seconds, Stopping threads took: 0.0000271 seconds
[878.535s][info ][safepoint    ] Application time: 0.6058354 seconds
[878.535s][info ][safepoint    ] Entering safepoint region: GenCollectForAllocation
[878.535s][info ][gc,start     ] GC(499) Pause Young (Allocation Failure)
[878.535s][info ][gc,task      ] GC(499) Using 4 workers of 4 for evacuation
[878.537s][debug][gc,ref       ] GC(499) Skipped phase1 of Reference Processing due to unavailable references
[878.537s][debug][gc,ref       ] GC(499) Skipped phase2 of Reference Processing due to unavailable references
[878.537s][debug][gc,ref       ] GC(499) Skipped phase3 of Reference Processing due to unavailable references
[878.537s][debug][gc,ref       ] GC(499) Skipped phase4 of Reference Processing due to unavailable references
[878.538s][debug][gc,age       ] GC(499) Desired survivor size 15400960 bytes, new threshold 6 (max threshold 6)
[878.538s][info ][gc,heap      ] GC(499) ParNew: 241476K->704K(270976K)
[878.538s][info ][gc,heap      ] GC(499) CMS: 265192K->265195K(602112K)
[878.538s][info ][gc,metaspace ] GC(499) Metaspace: 55909K->55909K(1099776K)
[878.538s][info ][gc           ] GC(499) Pause Young (Allocation Failure) 494M->259M(852M) 2.394ms
[878.538s][info ][gc,cpu       ] GC(499) User=0.01s Sys=0.00s Real=0.00s
[878.538s][info ][safepoint    ] Leaving safepoint region
[878.538s][info ][safepoint    ] Total time for which application threads were stopped: 0.0025951 seconds, Stopping threads took: 0.0000309 seconds
[879.129s][info ][safepoint    ] Application time: 0.5909692 seconds
[879.129s][info ][safepoint    ] Entering safepoint region: GenCollectForAllocation
[879.129s][info ][gc,start     ] GC(500) Pause Young (Allocation Failure)
[879.129s][info ][gc,task      ] GC(500) Using 4 workers of 4 for evacuation
[879.131s][debug][gc,ref       ] GC(500) Skipped phase1 of Reference Processing due to unavailable references
[879.131s][debug][gc,ref       ] GC(500) Skipped phase2 of Reference Processing due to unavailable references
[879.131s][debug][gc,ref       ] GC(500) Skipped phase3 of Reference Processing due to unavailable references
[879.131s][debug][gc,ref       ] GC(500) Skipped phase4 of Reference Processing due to unavailable references
[879.131s][debug][gc,age       ] GC(500) Desired survivor size 15400960 bytes, new threshold 6 (max threshold 6)
[879.131s][info ][gc,heap      ] GC(500) ParNew: 241600K->620K(270976K)
[879.131s][info ][gc,heap      ] GC(500) CMS: 265195K->265226K(602112K)
[879.131s][info ][gc,metaspace ] GC(500) Metaspace: 55909K->55909K(1099776K)
[879.131s][info ][gc           ] GC(500) Pause Young (Allocation Failure) 494M->259M(852M) 1.990ms
[879.131s][info ][gc,cpu       ] GC(500) User=0.00s Sys=0.00s Real=0.01s
[879.131s][info ][safepoint    ] Leaving safepoint region
[879.131s][info ][safepoint    ] Total time for which application threads were stopped: 0.0021964 seconds, Stopping threads took: 0.0000284 seconds
[879.725s][info ][safepoint    ] Application time: 0.5943404 seconds
[879.725s][info ][safepoint    ] Entering safepoint region: GenCollectForAllocation
[879.726s][info ][gc,start     ] GC(501) Pause Young (Allocation Failure)
[879.726s][info ][gc,task      ] GC(501) Using 4 workers of 4 for evacuation
[879.728s][debug][gc,ref       ] GC(501) Skipped phase1 of Reference Processing due to unavailable references
[879.728s][debug][gc,ref       ] GC(501) Skipped phase2 of Reference Processing due to unavailable references
[879.728s][debug][gc,ref       ] GC(501) Skipped phase3 of Reference Processing due to unavailable references
[879.728s][debug][gc,ref       ] GC(501) Skipped phase4 of Reference Processing due to unavailable references
[879.728s][debug][gc,age       ] GC(501) Desired survivor size 15400960 bytes, new threshold 6 (max threshold 6)
[879.728s][info ][gc,heap      ] GC(501) ParNew: 241516K->587K(270976K)
[879.728s][info ][gc,heap      ] GC(501) CMS: 265226K->265239K(602112K)
[879.728s][info ][gc,metaspace ] GC(501) Metaspace: 55909K->55909K(1099776K)
[879.728s][info ][gc           ] GC(501) Pause Young (Allocation Failure) 494M->259M(852M) 2.350ms
[879.728s][info ][gc,cpu       ] GC(501) User=0.01s Sys=0.00s Real=0.00s
[879.728s][info ][safepoint    ] Leaving safepoint region
[879.728s][info ][safepoint    ] Total time for which application threads were stopped: 0.0025800 seconds, Stopping threads took: 0.0000327 seconds
[880.184s][info ][safepoint    ] Application time: 0.4564771 seconds
[880.185s][info ][safepoint    ] Entering safepoint region: GenCollectForAllocation
[880.185s][info ][gc,start     ] GC(502) Pause Young (Allocation Failure)
[880.185s][info ][gc,task      ] GC(502) Using 4 workers of 4 for evacuation
[880.187s][debug][gc,ref       ] GC(502) Skipped phase1 of Reference Processing due to unavailable references
[880.187s][debug][gc,ref       ] GC(502) Skipped phase2 of Reference Processing due to unavailable references
[880.187s][debug][gc,ref       ] GC(502) Skipped phase3 of Reference Processing due to unavailable references
[880.187s][debug][gc,ref       ] GC(502) Skipped phase4 of Reference Processing due to unavailable references
[880.187s][debug][gc,age       ] GC(502) Desired survivor size 15400960 bytes, new threshold 6 (max threshold 6)
[880.187s][info ][gc,heap      ] GC(502) ParNew: 241483K->494K(270976K)
[880.187s][info ][gc,heap      ] GC(502) CMS: 265239K->265451K(602112K)
[880.187s][info ][gc,metaspace ] GC(502) Metaspace: 55909K->55909K(1099776K)
[880.187s][info ][gc           ] GC(502) Pause Young (Allocation Failure) 494M->259M(852M) 2.081ms
[880.187s][info ][gc,cpu       ] GC(502) User=0.00s Sys=0.00s Real=0.00s
[880.187s][info ][safepoint    ] Leaving safepoint region
[880.187s][info ][safepoint    ] Total time for which application threads were stopped: 0.0022743 seconds, Stopping threads took: 0.0000305 seconds
[881.187s][info ][safepoint    ] Application time: 1.0000777 seconds
[881.187s][info ][safepoint    ] Entering safepoint region: Cleanup
[881.187s][info ][safepoint    ] Leaving safepoint region
[881.187s][info ][safepoint    ] Total time for which application threads were stopped: 0.0001166 seconds, Stopping threads took: 0.0000275 seconds
[881.224s][info ][safepoint    ] Application time: 0.0373211 seconds
[881.224s][info ][safepoint    ] Entering safepoint region: GenCollectForAllocation
[881.225s][info ][gc,start     ] GC(503) Pause Young (Allocation Failure)
[881.225s][info ][gc,task      ] GC(503) Using 4 workers of 4 for evacuation
[881.226s][debug][gc,ref       ] GC(503) Skipped phase1 of Reference Processing due to unavailable references
[881.226s][debug][gc,ref       ] GC(503) Skipped phase2 of Reference Processing due to unavailable references
[881.226s][debug][gc,ref       ] GC(503) Skipped phase3 of Reference Processing due to unavailable references
[881.226s][debug][gc,ref       ] GC(503) Skipped phase4 of Reference Processing due to unavailable references
[881.227s][debug][gc,age       ] GC(503) Desired survivor size 15400960 bytes, new threshold 6 (max threshold 6)
[881.227s][info ][gc,heap      ] GC(503) ParNew: 241390K->346K(270976K)
[881.227s][info ][gc,heap      ] GC(503) CMS: 265451K->265463K(602112K)
[881.227s][info ][gc,metaspace ] GC(503) Metaspace: 55909K->55909K(1099776K)
[881.227s][info ][gc           ] GC(503) Pause Young (Allocation Failure) 494M->259M(852M) 2.141ms
[881.227s][info ][gc,cpu       ] GC(503) User=0.01s Sys=0.00s Real=0.00s
[881.227s][info ][safepoint    ] Leaving safepoint region
[881.227s][info ][safepoint    ] Total time for which application threads were stopped: 0.0023528 seconds, Stopping threads took: 0.0000447 seconds
[884.024s][info ][safepoint    ] Application time: 2.7974820 seconds
[884.024s][info ][safepoint    ] Entering safepoint region: GenCollectForAllocation
[884.024s][info ][gc,start     ] GC(504) Pause Young (Allocation Failure)
[884.024s][info ][gc,task      ] GC(504) Using 4 workers of 4 for evacuation
[884.026s][debug][gc,ref       ] GC(504) Skipped phase1 of Reference Processing due to unavailable references
[884.026s][debug][gc,ref       ] GC(504) Skipped phase2 of Reference Processing due to unavailable references
[884.026s][debug][gc,ref       ] GC(504) Skipped phase3 of Reference Processing due to unavailable references
[884.026s][debug][gc,ref       ] GC(504) Skipped phase4 of Reference Processing due to unavailable references
[884.026s][debug][gc,age       ] GC(504) Desired survivor size 15400960 bytes, new threshold 6 (max threshold 6)
[884.026s][info ][gc,heap      ] GC(504) ParNew: 241242K->377K(270976K)
[884.026s][info ][gc,heap      ] GC(504) CMS: 265463K->265468K(602112K)
[884.026s][info ][gc,metaspace ] GC(504) Metaspace: 55910K->55910K(1099776K)
[884.026s][info ][gc           ] GC(504) Pause Young (Allocation Failure) 494M->259M(852M) 1.958ms
[884.026s][info ][gc,cpu       ] GC(504) User=0.01s Sys=0.00s Real=0.00s
[884.026s][info ][safepoint    ] Leaving safepoint region
[884.026s][info ][safepoint    ] Total time for which application threads were stopped: 0.0022019 seconds, Stopping threads took: 0.0000747 seconds
[886.677s][info ][safepoint    ] Application time: 2.6509864 seconds
[886.678s][info ][safepoint    ] Entering safepoint region: GenCollectForAllocation
[886.678s][info ][gc,start     ] GC(505) Pause Young (Allocation Failure)
[886.678s][info ][gc,task      ] GC(505) Using 4 workers of 4 for evacuation
[886.681s][debug][gc,ref       ] GC(505) Skipped phase1 of Reference Processing due to unavailable references
[886.681s][debug][gc,ref       ] GC(505) Skipped phase2 of Reference Processing due to unavailable references
[886.681s][debug][gc,ref       ] GC(505) Skipped phase3 of Reference Processing due to unavailable references
[886.681s][debug][gc,ref       ] GC(505) Skipped phase4 of Reference Processing due to unavailable references
[886.681s][debug][gc,age       ] GC(505) Desired survivor size 15400960 bytes, new threshold 6 (max threshold 6)
[886.681s][info ][gc,heap      ] GC(505) ParNew: 241273K->2807K(270976K)
[886.681s][info ][gc,heap      ] GC(505) CMS: 265468K->265478K(602112K)
[886.681s][info ][gc,metaspace ] GC(505) Metaspace: 55910K->55910K(1099776K)
[886.681s][info ][gc           ] GC(505) Pause Young (Allocation Failure) 494M->261M(852M) 3.201ms
[886.681s][info ][gc,cpu       ] GC(505) User=0.01s Sys=0.01s Real=0.00s
[886.681s][info ][safepoint    ] Leaving safepoint region
[886.681s][info ][safepoint    ] Total time for which application threads were stopped: 0.0034329 seconds, Stopping threads took: 0.0000566 seconds
[889.478s][info ][safepoint    ] Application time: 2.7971729 seconds
[889.478s][info ][safepoint    ] Entering safepoint region: GenCollectForAllocation
[889.478s][info ][gc,start     ] GC(506) Pause Young (Allocation Failure)
[889.478s][info ][gc,task      ] GC(506) Using 4 workers of 4 for evacuation
[889.482s][debug][gc,ref       ] GC(506) Skipped phase1 of Reference Processing due to unavailable references
[889.482s][debug][gc,ref       ] GC(506) Skipped phase2 of Reference Processing due to unavailable references
[889.482s][debug][gc,ref       ] GC(506) Skipped phase3 of Reference Processing due to unavailable references
[889.482s][debug][gc,ref       ] GC(506) Skipped phase4 of Reference Processing due to unavailable references
[889.482s][debug][gc,age       ] GC(506) Desired survivor size 15400960 bytes, new threshold 6 (max threshold 6)
[889.482s][info ][gc,heap      ] GC(506) ParNew: 243703K->4960K(270976K)
[889.482s][info ][gc,heap      ] GC(506) CMS: 265478K->265485K(602112K)
[889.482s][info ][gc,metaspace ] GC(506) Metaspace: 55910K->55910K(1099776K)
[889.482s][info ][gc           ] GC(506) Pause Young (Allocation Failure) 497M->264M(852M) 3.640ms
[889.482s][info ][gc,cpu       ] GC(506) User=0.02s Sys=0.00s Real=0.01s
[889.482s][info ][safepoint    ] Leaving safepoint region
[889.482s][info ][safepoint    ] Total time for which application threads were stopped: 0.0039008 seconds, Stopping threads took: 0.0000881 seconds
[890.482s][info ][safepoint    ] Application time: 1.0000964 seconds
[890.482s][info ][safepoint    ] Entering safepoint region: Cleanup
[890.483s][info ][safepoint    ] Leaving safepoint region
[890.483s][info ][safepoint    ] Total time for which application threads were stopped: 0.0004117 seconds, Stopping threads took: 0.0000267 seconds
[892.374s][info ][safepoint    ] Application time: 1.8915520 seconds
[892.374s][info ][safepoint    ] Entering safepoint region: GenCollectForAllocation
[892.374s][info ][gc,start     ] GC(507) Pause Young (Allocation Failure)
[892.374s][info ][gc,task      ] GC(507) Using 4 workers of 4 for evacuation
[892.377s][debug][gc,ref       ] GC(507) Skipped phase1 of Reference Processing due to unavailable references
[892.377s][debug][gc,ref       ] GC(507) Skipped phase2 of Reference Processing due to unavailable references
[892.377s][debug][gc,ref       ] GC(507) Skipped phase3 of Reference Processing due to unavailable references
[892.377s][debug][gc,ref       ] GC(507) Skipped phase4 of Reference Processing due to unavailable references
[892.377s][debug][gc,age       ] GC(507) Desired survivor size 15400960 bytes, new threshold 6 (max threshold 6)
[892.377s][info ][gc,heap      ] GC(507) ParNew: 245856K->2517K(270976K)
[892.377s][info ][gc,heap      ] GC(507) CMS: 265485K->265485K(602112K)
[892.377s][info ][gc,metaspace ] GC(507) Metaspace: 55910K->55910K(1099776K)
[892.377s][info ][gc           ] GC(507) Pause Young (Allocation Failure) 499M->261M(852M) 3.108ms
[892.377s][info ][gc,cpu       ] GC(507) User=0.00s Sys=0.01s Real=0.00s
[892.377s][info ][safepoint    ] Leaving safepoint region
[892.377s][info ][safepoint    ] Total time for which application threads were stopped: 0.0033187 seconds, Stopping threads took: 0.0000297 seconds
[893.378s][info ][safepoint    ] Application time: 1.0001365 seconds
[893.378s][info ][safepoint    ] Entering safepoint region: Cleanup
[893.378s][info ][safepoint    ] Leaving safepoint region
[893.378s][info ][safepoint    ] Total time for which application threads were stopped: 0.0002847 seconds, Stopping threads took: 0.0001568 seconds
[893.427s][info ][safepoint    ] Application time: 0.0486726 seconds
[893.427s][info ][safepoint    ] Entering safepoint region: Deoptimize
[893.428s][info ][safepoint    ] Leaving safepoint region
[893.428s][info ][safepoint    ] Total time for which application threads were stopped: 0.0018241 seconds, Stopping threads took: 0.0000502 seconds
[893.429s][info ][safepoint    ] Application time: 0.0003255 seconds
[893.429s][info ][safepoint    ] Entering safepoint region: Deoptimize
[893.430s][info ][safepoint    ] Leaving safepoint region
[893.430s][info ][safepoint    ] Total time for which application threads were stopped: 0.0008048 seconds, Stopping threads took: 0.0000147 seconds
[894.430s][info ][safepoint    ] Application time: 1.0000899 seconds
[894.430s][info ][safepoint    ] Entering safepoint region: Cleanup
[894.430s][info ][safepoint    ] Leaving safepoint region
[894.430s][info ][safepoint    ] Total time for which application threads were stopped: 0.0001282 seconds, Stopping threads took: 0.0000292 seconds
[895.275s][info ][safepoint    ] Application time: 0.8454707 seconds
[895.275s][info ][safepoint    ] Entering safepoint region: GenCollectForAllocation
[895.276s][info ][gc,start     ] GC(508) Pause Young (Allocation Failure)
[895.276s][info ][gc,task      ] GC(508) Using 4 workers of 4 for evacuation
[895.278s][debug][gc,ref       ] GC(508) Skipped phase1 of Reference Processing due to unavailable references
[895.278s][debug][gc,ref       ] GC(508) Skipped phase2 of Reference Processing due to unavailable references
[895.278s][debug][gc,ref       ] GC(508) Skipped phase3 of Reference Processing due to unavailable references
[895.278s][debug][gc,ref       ] GC(508) Skipped phase4 of Reference Processing due to unavailable references
[895.278s][debug][gc,age       ] GC(508) Desired survivor size 15400960 bytes, new threshold 6 (max threshold 6)
[895.278s][info ][gc,heap      ] GC(508) ParNew: 243413K->919K(270976K)
[895.278s][info ][gc,heap      ] GC(508) CMS: 265485K->265486K(602112K)
[895.278s][info ][gc,metaspace ] GC(508) Metaspace: 55916K->55916K(1099776K)
[895.278s][info ][gc           ] GC(508) Pause Young (Allocation Failure) 496M->260M(852M) 2.591ms
[895.278s][info ][gc,cpu       ] GC(508) User=0.00s Sys=0.00s Real=0.00s
[895.278s][info ][safepoint    ] Leaving safepoint region
[895.278s][info ][safepoint    ] Total time for which application threads were stopped: 0.0027989 seconds, Stopping threads took: 0.0000388 seconds
[896.278s][info ][safepoint    ] Application time: 1.0000900 seconds
[896.278s][info ][safepoint    ] Entering safepoint region: Cleanup
[896.278s][info ][safepoint    ] Leaving safepoint region
[896.278s][info ][safepoint    ] Total time for which application threads were stopped: 0.0001187 seconds, Stopping threads took: 0.0000280 seconds
[897.279s][info ][safepoint    ] Application time: 1.0000972 seconds
[897.279s][info ][safepoint    ] Entering safepoint region: Cleanup
[897.279s][info ][safepoint    ] Leaving safepoint region
[897.279s][info ][safepoint    ] Total time for which application threads were stopped: 0.0001146 seconds, Stopping threads took: 0.0000266 seconds
[899.074s][info ][safepoint    ] Application time: 1.7953842 seconds
[899.074s][info ][safepoint    ] Entering safepoint region: GenCollectForAllocation
[899.074s][info ][gc,start     ] GC(509) Pause Young (Allocation Failure)
[899.074s][info ][gc,task      ] GC(509) Using 4 workers of 4 for evacuation
[899.077s][debug][gc,ref       ] GC(509) Skipped phase1 of Reference Processing due to unavailable references
[899.077s][debug][gc,ref       ] GC(509) Skipped phase2 of Reference Processing due to unavailable references
[899.077s][debug][gc,ref       ] GC(509) Skipped phase3 of Reference Processing due to unavailable references
[899.077s][debug][gc,ref       ] GC(509) Skipped phase4 of Reference Processing due to unavailable references
[899.077s][debug][gc,age       ] GC(509) Desired survivor size 15400960 bytes, new threshold 6 (max threshold 6)
[899.077s][info ][gc,heap      ] GC(509) ParNew: 241815K->670K(270976K)
[899.077s][info ][gc,heap      ] GC(509) CMS: 265486K->265491K(602112K)
[899.077s][info ][gc,metaspace ] GC(509) Metaspace: 55918K->55918K(1099776K)
[899.077s][info ][gc           ] GC(509) Pause Young (Allocation Failure) 495M->259M(852M) 2.449ms
[899.077s][info ][gc,cpu       ] GC(509) User=0.00s Sys=0.01s Real=0.00s
[899.077s][info ][safepoint    ] Leaving safepoint region
[899.077s][info ][safepoint    ] Total time for which application threads were stopped: 0.0026978 seconds, Stopping threads took: 0.0000717 seconds
[902.475s][info ][safepoint    ] Application time: 3.3986488 seconds
[902.476s][info ][safepoint    ] Entering safepoint region: GenCollectForAllocation
[902.476s][info ][gc,start     ] GC(510) Pause Young (Allocation Failure)
[902.476s][info ][gc,task      ] GC(510) Using 4 workers of 4 for evacuation
[902.478s][debug][gc,ref       ] GC(510) Skipped phase1 of Reference Processing due to unavailable references
[902.478s][debug][gc,ref       ] GC(510) Skipped phase2 of Reference Processing due to unavailable references
[902.478s][debug][gc,ref       ] GC(510) Skipped phase3 of Reference Processing due to unavailable references
[902.478s][debug][gc,ref       ] GC(510) Skipped phase4 of Reference Processing due to unavailable references
[902.478s][debug][gc,age       ] GC(510) Desired survivor size 15400960 bytes, new threshold 6 (max threshold 6)
[902.478s][info ][gc,heap      ] GC(510) ParNew: 241566K->746K(270976K)
[902.478s][info ][gc,heap      ] GC(510) CMS: 265491K->265502K(602112K)
[902.478s][info ][gc,metaspace ] GC(510) Metaspace: 55921K->55921K(1099776K)
[902.478s][info ][gc           ] GC(510) Pause Young (Allocation Failure) 495M->260M(852M) 2.606ms
[902.478s][info ][gc,cpu       ] GC(510) User=0.01s Sys=0.00s Real=0.00s
[902.478s][info ][safepoint    ] Leaving safepoint region
[902.478s][info ][safepoint    ] Total time for which application threads were stopped: 0.0028209 seconds, Stopping threads took: 0.0000314 seconds
[903.478s][info ][safepoint    ] Application time: 1.0001080 seconds
[903.478s][info ][safepoint    ] Entering safepoint region: Cleanup
[903.479s][info ][safepoint    ] Leaving safepoint region
[903.479s][info ][safepoint    ] Total time for which application threads were stopped: 0.0001379 seconds, Stopping threads took: 0.0000409 seconds
[906.479s][info ][safepoint    ] Application time: 3.0002750 seconds
[906.479s][info ][safepoint    ] Entering safepoint region: Cleanup
[906.479s][info ][safepoint    ] Leaving safepoint region
[906.479s][info ][safepoint    ] Total time for which application threads were stopped: 0.0001290 seconds, Stopping threads took: 0.0000413 seconds
[906.775s][info ][safepoint    ] Application time: 0.2955321 seconds
[906.775s][info ][safepoint    ] Entering safepoint region: GenCollectForAllocation
[906.775s][info ][gc,start     ] GC(511) Pause Young (Allocation Failure)
[906.775s][info ][gc,task      ] GC(511) Using 4 workers of 4 for evacuation
[906.777s][debug][gc,ref       ] GC(511) Skipped phase1 of Reference Processing due to unavailable references
[906.777s][debug][gc,ref       ] GC(511) Skipped phase2 of Reference Processing due to unavailable references
[906.777s][debug][gc,ref       ] GC(511) Skipped phase3 of Reference Processing due to unavailable references
[906.777s][debug][gc,ref       ] GC(511) Skipped phase4 of Reference Processing due to unavailable references
[906.777s][debug][gc,age       ] GC(511) Desired survivor size 15400960 bytes, new threshold 6 (max threshold 6)
[906.777s][info ][gc,heap      ] GC(511) ParNew: 241642K->537K(270976K)
[906.777s][info ][gc,heap      ] GC(511) CMS: 265502K->265556K(602112K)
[906.777s][info ][gc,metaspace ] GC(511) Metaspace: 55921K->55921K(1099776K)
[906.777s][info ][gc           ] GC(511) Pause Young (Allocation Failure) 495M->259M(852M) 2.657ms
[906.777s][info ][gc,cpu       ] GC(511) User=0.01s Sys=0.00s Real=0.00s
[906.777s][info ][safepoint    ] Leaving safepoint region
[906.777s][info ][safepoint    ] Total time for which application threads were stopped: 0.0028633 seconds, Stopping threads took: 0.0000299 seconds
[908.778s][info ][safepoint    ] Application time: 2.0002239 seconds
[908.778s][info ][safepoint    ] Entering safepoint region: Cleanup
[908.778s][info ][safepoint    ] Leaving safepoint region
[908.778s][info ][safepoint    ] Total time for which application threads were stopped: 0.0002223 seconds, Stopping threads took: 0.0000541 seconds
[911.174s][info ][safepoint    ] Application time: 2.3958915 seconds
[911.174s][info ][safepoint    ] Entering safepoint region: GenCollectForAllocation
[911.174s][info ][gc,start     ] GC(512) Pause Young (Allocation Failure)
[911.174s][info ][gc,task      ] GC(512) Using 4 workers of 4 for evacuation
[911.176s][debug][gc,ref       ] GC(512) Skipped phase1 of Reference Processing due to unavailable references
[911.176s][debug][gc,ref       ] GC(512) Skipped phase2 of Reference Processing due to unavailable references
[911.176s][debug][gc,ref       ] GC(512) Skipped phase3 of Reference Processing due to unavailable references
[911.176s][debug][gc,ref       ] GC(512) Skipped phase4 of Reference Processing due to unavailable references
[911.176s][debug][gc,age       ] GC(512) Desired survivor size 15400960 bytes, new threshold 6 (max threshold 6)
[911.176s][info ][gc,heap      ] GC(512) ParNew: 241433K->540K(270976K)
[911.176s][info ][gc,heap      ] GC(512) CMS: 265556K->265572K(602112K)
[911.176s][info ][gc,metaspace ] GC(512) Metaspace: 55921K->55921K(1099776K)
[911.176s][info ][gc           ] GC(512) Pause Young (Allocation Failure) 495M->259M(852M) 2.067ms
[911.176s][info ][gc,cpu       ] GC(512) User=0.01s Sys=0.00s Real=0.00s
[911.176s][info ][safepoint    ] Leaving safepoint region
[911.176s][info ][safepoint    ] Total time for which application threads were stopped: 0.0022809 seconds, Stopping threads took: 0.0000374 seconds
[915.641s][info ][safepoint    ] Application time: 4.4650839 seconds
[915.641s][info ][safepoint    ] Entering safepoint region: GenCollectForAllocation
[915.642s][info ][gc,start     ] GC(513) Pause Young (Allocation Failure)
[915.642s][info ][gc,task      ] GC(513) Using 4 workers of 4 for evacuation
[915.644s][debug][gc,ref       ] GC(513) Skipped phase1 of Reference Processing due to unavailable references
[915.644s][debug][gc,ref       ] GC(513) Skipped phase2 of Reference Processing due to unavailable references
[915.644s][debug][gc,ref       ] GC(513) Skipped phase3 of Reference Processing due to unavailable references
[915.644s][debug][gc,ref       ] GC(513) Skipped phase4 of Reference Processing due to unavailable references
[915.644s][debug][gc,age       ] GC(513) Desired survivor size 15400960 bytes, new threshold 6 (max threshold 6)
[915.644s][info ][gc,heap      ] GC(513) ParNew: 241436K->541K(270976K)
[915.644s][info ][gc,heap      ] GC(513) CMS: 265572K->265575K(602112K)
[915.644s][info ][gc,metaspace ] GC(513) Metaspace: 55921K->55921K(1099776K)
[915.644s][info ][gc           ] GC(513) Pause Young (Allocation Failure) 495M->259M(852M) 2.205ms
[915.644s][info ][gc,cpu       ] GC(513) User=0.01s Sys=0.00s Real=0.00s
[915.644s][info ][safepoint    ] Leaving safepoint region
[915.644s][info ][safepoint    ] Total time for which application threads were stopped: 0.0024287 seconds, Stopping threads took: 0.0000334 seconds
[916.644s][info ][safepoint    ] Application time: 1.0001004 seconds
[916.644s][info ][safepoint    ] Entering safepoint region: Cleanup
[916.644s][info ][safepoint    ] Leaving safepoint region
[916.644s][info ][safepoint    ] Total time for which application threads were stopped: 0.0001473 seconds, Stopping threads took: 0.0000422 seconds
[917.644s][info ][safepoint    ] Application time: 1.0000916 seconds
[917.644s][info ][safepoint    ] Entering safepoint region: Cleanup
[917.644s][info ][safepoint    ] Leaving safepoint region
[917.644s][info ][safepoint    ] Total time for which application threads were stopped: 0.0001139 seconds, Stopping threads took: 0.0000293 seconds
[918.033s][info ][safepoint    ] Application time: 0.3882274 seconds
[918.033s][info ][safepoint    ] Entering safepoint region: GenCollectForAllocation
[918.033s][info ][gc,start     ] GC(514) Pause Young (Allocation Failure)
[918.033s][info ][gc,task      ] GC(514) Using 4 workers of 4 for evacuation
[918.035s][debug][gc,ref       ] GC(514) Skipped phase1 of Reference Processing due to unavailable references
[918.035s][debug][gc,ref       ] GC(514) Skipped phase2 of Reference Processing due to unavailable references
[918.035s][debug][gc,ref       ] GC(514) Skipped phase3 of Reference Processing due to unavailable references
[918.035s][debug][gc,ref       ] GC(514) Skipped phase4 of Reference Processing due to unavailable references
[918.035s][debug][gc,age       ] GC(514) Desired survivor size 15400960 bytes, new threshold 6 (max threshold 6)
[918.035s][info ][gc,heap      ] GC(514) ParNew: 241437K->676K(270976K)
[918.035s][info ][gc,heap      ] GC(514) CMS: 265575K->265581K(602112K)
[918.035s][info ][gc,metaspace ] GC(514) Metaspace: 55924K->55924K(1099776K)
[918.035s][info ][gc           ] GC(514) Pause Young (Allocation Failure) 495M->260M(852M) 2.282ms
[918.035s][info ][gc,cpu       ] GC(514) User=0.01s Sys=0.00s Real=0.00s
[918.035s][info ][safepoint    ] Leaving safepoint region
[918.035s][info ][safepoint    ] Total time for which application threads were stopped: 0.0025199 seconds, Stopping threads took: 0.0000735 seconds
[919.035s][info ][safepoint    ] Application time: 1.0001277 seconds
[919.035s][info ][safepoint    ] Entering safepoint region: Cleanup
[919.035s][info ][safepoint    ] Leaving safepoint region
[919.035s][info ][safepoint    ] Total time for which application threads were stopped: 0.0001261 seconds, Stopping threads took: 0.0000369 seconds
[920.036s][info ][safepoint    ] Application time: 1.0000976 seconds
[920.036s][info ][safepoint    ] Entering safepoint region: Cleanup
[920.036s][info ][safepoint    ] Leaving safepoint region
[920.036s][info ][safepoint    ] Total time for which application threads were stopped: 0.0001254 seconds, Stopping threads took: 0.0000288 seconds
[921.036s][info ][safepoint    ] Application time: 1.0001755 seconds
[921.036s][info ][safepoint    ] Entering safepoint region: Cleanup
[921.036s][info ][safepoint    ] Leaving safepoint region
[921.036s][info ][safepoint    ] Total time for which application threads were stopped: 0.0001263 seconds, Stopping threads took: 0.0000276 seconds
[922.036s][info ][safepoint    ] Application time: 1.0000754 seconds
[922.036s][info ][safepoint    ] Entering safepoint region: Cleanup
[922.036s][info ][safepoint    ] Leaving safepoint region
[922.036s][info ][safepoint    ] Total time for which application threads were stopped: 0.0001341 seconds, Stopping threads took: 0.0000290 seconds
[922.224s][info ][safepoint    ] Application time: 0.1880112 seconds
[922.224s][info ][safepoint    ] Entering safepoint region: GenCollectForAllocation
[922.224s][info ][gc,start     ] GC(515) Pause Young (Allocation Failure)
[922.225s][info ][gc,task      ] GC(515) Using 4 workers of 4 for evacuation
[922.227s][debug][gc,ref       ] GC(515) Skipped phase1 of Reference Processing due to unavailable references
[922.227s][debug][gc,ref       ] GC(515) Skipped phase2 of Reference Processing due to unavailable references
[922.227s][debug][gc,ref       ] GC(515) Skipped phase3 of Reference Processing due to unavailable references
[922.227s][debug][gc,ref       ] GC(515) Skipped phase4 of Reference Processing due to unavailable references
[922.227s][debug][gc,age       ] GC(515) Desired survivor size 15400960 bytes, new threshold 6 (max threshold 6)
[922.227s][info ][gc,heap      ] GC(515) ParNew: 241572K->579K(270976K)
[922.227s][info ][gc,heap      ] GC(515) CMS: 265581K->265655K(602112K)
[922.227s][info ][gc,metaspace ] GC(515) Metaspace: 55924K->55924K(1099776K)
[922.227s][info ][gc           ] GC(515) Pause Young (Allocation Failure) 495M->259M(852M) 2.290ms
[922.227s][info ][gc,cpu       ] GC(515) User=0.01s Sys=0.00s Real=0.00s
[922.227s][info ][safepoint    ] Leaving safepoint region
[922.227s][info ][safepoint    ] Total time for which application threads were stopped: 0.0024885 seconds, Stopping threads took: 0.0000299 seconds
[923.227s][info ][safepoint    ] Application time: 1.0001001 seconds
[923.227s][info ][safepoint    ] Entering safepoint region: Cleanup
[923.227s][info ][safepoint    ] Leaving safepoint region
[923.227s][info ][safepoint    ] Total time for which application threads were stopped: 0.0001580 seconds, Stopping threads took: 0.0000689 seconds
[924.227s][info ][safepoint    ] Application time: 1.0000926 seconds
[924.227s][info ][safepoint    ] Entering safepoint region: Cleanup
[924.227s][info ][safepoint    ] Leaving safepoint region
[924.227s][info ][safepoint    ] Total time for which application threads were stopped: 0.0001156 seconds, Stopping threads took: 0.0000316 seconds
[925.227s][info ][safepoint    ] Application time: 1.0000652 seconds
[925.228s][info ][safepoint    ] Entering safepoint region: Cleanup
[925.228s][info ][safepoint    ] Leaving safepoint region
[925.228s][info ][safepoint    ] Total time for which application threads were stopped: 0.0001147 seconds, Stopping threads took: 0.0000295 seconds
[926.228s][info ][safepoint    ] Application time: 1.0000797 seconds
[926.228s][info ][safepoint    ] Entering safepoint region: Cleanup
[926.228s][info ][safepoint    ] Leaving safepoint region
[926.228s][info ][safepoint    ] Total time for which application threads were stopped: 0.0001254 seconds, Stopping threads took: 0.0000276 seconds
[926.398s][info ][safepoint    ] Application time: 0.1702053 seconds
[926.398s][info ][safepoint    ] Entering safepoint region: GenCollectForAllocation
[926.398s][info ][gc,start     ] GC(516) Pause Young (Allocation Failure)
[926.398s][info ][gc,task      ] GC(516) Using 4 workers of 4 for evacuation
[926.401s][debug][gc,ref       ] GC(516) Skipped phase1 of Reference Processing due to unavailable references
[926.401s][debug][gc,ref       ] GC(516) Skipped phase2 of Reference Processing due to unavailable references
[926.401s][debug][gc,ref       ] GC(516) Skipped phase3 of Reference Processing due to unavailable references
[926.401s][debug][gc,ref       ] GC(516) Skipped phase4 of Reference Processing due to unavailable references
[926.401s][debug][gc,age       ] GC(516) Desired survivor size 15400960 bytes, new threshold 6 (max threshold 6)
[926.401s][info ][gc,heap      ] GC(516) ParNew: 241475K->527K(270976K)
[926.401s][info ][gc,heap      ] GC(516) CMS: 265655K->265734K(602112K)
[926.401s][info ][gc,metaspace ] GC(516) Metaspace: 55924K->55924K(1099776K)
[926.401s][info ][gc           ] GC(516) Pause Young (Allocation Failure) 495M->260M(852M) 2.468ms
[926.401s][info ][gc,cpu       ] GC(516) User=0.01s Sys=0.00s Real=0.00s
[926.401s][info ][safepoint    ] Leaving safepoint region
[926.401s][info ][safepoint    ] Total time for which application threads were stopped: 0.0026750 seconds, Stopping threads took: 0.0000414 seconds
[927.401s][info ][safepoint    ] Application time: 1.0000980 seconds
[927.401s][info ][safepoint    ] Entering safepoint region: Cleanup
[927.401s][info ][safepoint    ] Leaving safepoint region
[927.401s][info ][safepoint    ] Total time for which application threads were stopped: 0.0001187 seconds, Stopping threads took: 0.0000300 seconds
[928.401s][info ][safepoint    ] Application time: 1.0000949 seconds
[928.401s][info ][safepoint    ] Entering safepoint region: Cleanup
[928.401s][info ][safepoint    ] Leaving safepoint region
[928.401s][info ][safepoint    ] Total time for which application threads were stopped: 0.0001278 seconds, Stopping threads took: 0.0000322 seconds
[929.401s][info ][safepoint    ] Application time: 1.0000817 seconds
[929.401s][info ][safepoint    ] Entering safepoint region: Cleanup
[929.402s][info ][safepoint    ] Leaving safepoint region
[929.402s][info ][safepoint    ] Total time for which application threads were stopped: 0.0001667 seconds, Stopping threads took: 0.0000462 seconds
[929.475s][info ][safepoint    ] Application time: 0.0733869 seconds
[929.475s][info ][safepoint    ] Entering safepoint region: GenCollectForAllocation
[929.475s][info ][gc,start     ] GC(517) Pause Young (Allocation Failure)
[929.475s][info ][gc,task      ] GC(517) Using 4 workers of 4 for evacuation
[929.477s][debug][gc,ref       ] GC(517) Skipped phase1 of Reference Processing due to unavailable references
[929.477s][debug][gc,ref       ] GC(517) Skipped phase2 of Reference Processing due to unavailable references
[929.477s][debug][gc,ref       ] GC(517) Skipped phase3 of Reference Processing due to unavailable references
[929.477s][debug][gc,ref       ] GC(517) Skipped phase4 of Reference Processing due to unavailable references
[929.477s][debug][gc,age       ] GC(517) Desired survivor size 15400960 bytes, new threshold 6 (max threshold 6)
[929.477s][info ][gc,heap      ] GC(517) ParNew: 241423K->401K(270976K)
[929.477s][info ][gc,heap      ] GC(517) CMS: 265734K->265736K(602112K)
[929.477s][info ][gc,metaspace ] GC(517) Metaspace: 55925K->55925K(1099776K)
[929.477s][info ][gc           ] GC(517) Pause Young (Allocation Failure) 495M->259M(852M) 2.146ms
[929.477s][info ][gc,cpu       ] GC(517) User=0.01s Sys=0.00s Real=0.00s
[929.477s][info ][safepoint    ] Leaving safepoint region
[929.477s][info ][safepoint    ] Total time for which application threads were stopped: 0.0023643 seconds, Stopping threads took: 0.0000381 seconds
[930.478s][info ][safepoint    ] Application time: 1.0001180 seconds
[930.478s][info ][safepoint    ] Entering safepoint region: Cleanup
[930.478s][info ][safepoint    ] Leaving safepoint region
[930.478s][info ][safepoint    ] Total time for which application threads were stopped: 0.0001280 seconds, Stopping threads took: 0.0000428 seconds
[931.478s][info ][safepoint    ] Application time: 1.0000953 seconds
[931.478s][info ][safepoint    ] Entering safepoint region: Cleanup
[931.478s][info ][safepoint    ] Leaving safepoint region
[931.478s][info ][safepoint    ] Total time for which application threads were stopped: 0.0001308 seconds, Stopping threads took: 0.0000371 seconds
[932.478s][info ][safepoint    ] Application time: 1.0000869 seconds
[932.478s][info ][safepoint    ] Entering safepoint region: Cleanup
[932.478s][info ][safepoint    ] Leaving safepoint region
[932.478s][info ][safepoint    ] Total time for which application threads were stopped: 0.0001138 seconds, Stopping threads took: 0.0000293 seconds
[933.478s][info ][safepoint    ] Application time: 1.0000892 seconds
[933.478s][info ][safepoint    ] Entering safepoint region: Cleanup
[933.479s][info ][safepoint    ] Leaving safepoint region
[933.479s][info ][safepoint    ] Total time for which application threads were stopped: 0.0001964 seconds, Stopping threads took: 0.0000833 seconds
[933.675s][info ][safepoint    ] Application time: 0.1961030 seconds
[933.675s][info ][safepoint    ] Entering safepoint region: GenCollectForAllocation
[933.675s][info ][gc,start     ] GC(518) Pause Young (Allocation Failure)
[933.675s][info ][gc,task      ] GC(518) Using 4 workers of 4 for evacuation
[933.677s][debug][gc,ref       ] GC(518) Skipped phase1 of Reference Processing due to unavailable references
[933.677s][debug][gc,ref       ] GC(518) Skipped phase2 of Reference Processing due to unavailable references
[933.677s][debug][gc,ref       ] GC(518) Skipped phase3 of Reference Processing due to unavailable references
[933.677s][debug][gc,ref       ] GC(518) Skipped phase4 of Reference Processing due to unavailable references
[933.677s][debug][gc,age       ] GC(518) Desired survivor size 15400960 bytes, new threshold 6 (max threshold 6)
[933.677s][info ][gc,heap      ] GC(518) ParNew: 241297K->463K(270976K)
[933.677s][info ][gc,heap      ] GC(518) CMS: 265736K->265736K(602112K)
[933.677s][info ][gc,metaspace ] GC(518) Metaspace: 55925K->55925K(1099776K)
[933.677s][info ][gc           ] GC(518) Pause Young (Allocation Failure) 495M->259M(852M) 2.251ms
[933.677s][info ][gc,cpu       ] GC(518) User=0.00s Sys=0.00s Real=0.00s
[933.677s][info ][safepoint    ] Leaving safepoint region
[933.677s][info ][safepoint    ] Total time for which application threads were stopped: 0.0024751 seconds, Stopping threads took: 0.0000391 seconds
[934.677s][info ][safepoint    ] Application time: 1.0001096 seconds
[934.677s][info ][safepoint    ] Entering safepoint region: Cleanup
[934.677s][info ][safepoint    ] Leaving safepoint region
[934.677s][info ][safepoint    ] Total time for which application threads were stopped: 0.0001370 seconds, Stopping threads took: 0.0000550 seconds
[935.678s][info ][safepoint    ] Application time: 1.0000924 seconds
[935.678s][info ][safepoint    ] Entering safepoint region: Cleanup
[935.678s][info ][safepoint    ] Leaving safepoint region
[935.678s][info ][safepoint    ] Total time for which application threads were stopped: 0.0001315 seconds, Stopping threads took: 0.0000407 seconds
[936.678s][info ][safepoint    ] Application time: 1.0000874 seconds
[936.678s][info ][safepoint    ] Entering safepoint region: Cleanup
[936.678s][info ][safepoint    ] Leaving safepoint region
[936.678s][info ][safepoint    ] Total time for which application threads were stopped: 0.0001123 seconds, Stopping threads took: 0.0000280 seconds
[937.275s][info ][safepoint    ] Application time: 0.5966490 seconds
[937.275s][info ][safepoint    ] Entering safepoint region: GenCollectForAllocation
[937.275s][info ][gc,start     ] GC(519) Pause Young (Allocation Failure)
[937.275s][info ][gc,task      ] GC(519) Using 4 workers of 4 for evacuation
[937.277s][debug][gc,ref       ] GC(519) Skipped phase1 of Reference Processing due to unavailable references
[937.277s][debug][gc,ref       ] GC(519) Skipped phase2 of Reference Processing due to unavailable references
[937.277s][debug][gc,ref       ] GC(519) Skipped phase3 of Reference Processing due to unavailable references
[937.277s][debug][gc,ref       ] GC(519) Skipped phase4 of Reference Processing due to unavailable references
[937.277s][debug][gc,age       ] GC(519) Desired survivor size 15400960 bytes, new threshold 6 (max threshold 6)
[937.277s][info ][gc,heap      ] GC(519) ParNew: 241359K->619K(270976K)
[937.277s][info ][gc,heap      ] GC(519) CMS: 265736K->265736K(602112K)
[937.277s][info ][gc,metaspace ] GC(519) Metaspace: 55926K->55926K(1099776K)
[937.277s][info ][gc           ] GC(519) Pause Young (Allocation Failure) 495M->260M(852M) 2.521ms
[937.277s][info ][gc,cpu       ] GC(519) User=0.01s Sys=0.00s Real=0.00s
[937.277s][info ][safepoint    ] Leaving safepoint region
[937.277s][info ][safepoint    ] Total time for which application threads were stopped: 0.0027586 seconds, Stopping threads took: 0.0000597 seconds
[938.278s][info ][safepoint    ] Application time: 1.0000849 seconds
[938.278s][info ][safepoint    ] Entering safepoint region: Cleanup
[938.278s][info ][safepoint    ] Leaving safepoint region
[938.278s][info ][safepoint    ] Total time for which application threads were stopped: 0.0001125 seconds, Stopping threads took: 0.0000279 seconds
[939.278s][info ][safepoint    ] Application time: 1.0000826 seconds
[939.278s][info ][safepoint    ] Entering safepoint region: Cleanup
[939.278s][info ][safepoint    ] Leaving safepoint region
[939.278s][info ][safepoint    ] Total time for which application threads were stopped: 0.0001652 seconds, Stopping threads took: 0.0000698 seconds
[940.278s][info ][safepoint    ] Application time: 1.0001177 seconds
[940.278s][info ][safepoint    ] Entering safepoint region: Cleanup
[940.278s][info ][safepoint    ] Leaving safepoint region
[940.278s][info ][safepoint    ] Total time for which application threads were stopped: 0.0001111 seconds, Stopping threads took: 0.0000280 seconds
[940.824s][info ][safepoint    ] Application time: 0.5458378 seconds
[940.824s][info ][safepoint    ] Entering safepoint region: GenCollectForAllocation
[940.824s][info ][gc,start     ] GC(520) Pause Young (Allocation Failure)
[940.824s][info ][gc,task      ] GC(520) Using 4 workers of 4 for evacuation
[940.826s][debug][gc,ref       ] GC(520) Skipped phase1 of Reference Processing due to unavailable references
[940.826s][debug][gc,ref       ] GC(520) Skipped phase2 of Reference Processing due to unavailable references
[940.826s][debug][gc,ref       ] GC(520) Skipped phase3 of Reference Processing due to unavailable references
[940.826s][debug][gc,ref       ] GC(520) Skipped phase4 of Reference Processing due to unavailable references
[940.827s][debug][gc,age       ] GC(520) Desired survivor size 15400960 bytes, new threshold 6 (max threshold 6)
[940.827s][info ][gc,heap      ] GC(520) ParNew: 241515K->749K(270976K)
[940.827s][info ][gc,heap      ] GC(520) CMS: 265736K->265779K(602112K)
[940.827s][info ][gc,metaspace ] GC(520) Metaspace: 55926K->55926K(1099776K)
[940.827s][info ][gc           ] GC(520) Pause Young (Allocation Failure) 495M->260M(852M) 2.219ms
[940.827s][info ][gc,cpu       ] GC(520) User=0.00s Sys=0.01s Real=0.00s
[940.827s][info ][safepoint    ] Leaving safepoint region
[940.827s][info ][safepoint    ] Total time for which application threads were stopped: 0.0024570 seconds, Stopping threads took: 0.0000387 seconds
[941.827s][info ][safepoint    ] Application time: 1.0000962 seconds
[941.827s][info ][safepoint    ] Entering safepoint region: Cleanup
[941.827s][info ][safepoint    ] Leaving safepoint region
[941.827s][info ][safepoint    ] Total time for which application threads were stopped: 0.0001237 seconds, Stopping threads took: 0.0000267 seconds
[942.827s][info ][safepoint    ] Application time: 1.0000875 seconds
[942.827s][info ][safepoint    ] Entering safepoint region: Cleanup
[942.827s][info ][safepoint    ] Leaving safepoint region
[942.827s][info ][safepoint    ] Total time for which application threads were stopped: 0.0001235 seconds, Stopping threads took: 0.0000286 seconds
[943.827s][info ][safepoint    ] Application time: 1.0001156 seconds
[943.827s][info ][safepoint    ] Entering safepoint region: Cleanup
[943.827s][info ][safepoint    ] Leaving safepoint region
[943.827s][info ][safepoint    ] Total time for which application threads were stopped: 0.0001117 seconds, Stopping threads took: 0.0000288 seconds
[944.624s][info ][safepoint    ] Application time: 0.7966804 seconds
[944.624s][info ][safepoint    ] Entering safepoint region: GenCollectForAllocation
[944.624s][info ][gc,start     ] GC(521) Pause Young (Allocation Failure)
[944.624s][info ][gc,task      ] GC(521) Using 4 workers of 4 for evacuation
[944.626s][debug][gc,ref       ] GC(521) Skipped phase1 of Reference Processing due to unavailable references
[944.626s][debug][gc,ref       ] GC(521) Skipped phase2 of Reference Processing due to unavailable references
[944.626s][debug][gc,ref       ] GC(521) Skipped phase3 of Reference Processing due to unavailable references
[944.626s][debug][gc,ref       ] GC(521) Skipped phase4 of Reference Processing due to unavailable references
[944.626s][debug][gc,age       ] GC(521) Desired survivor size 15400960 bytes, new threshold 6 (max threshold 6)
[944.627s][info ][gc,heap      ] GC(521) ParNew: 241645K->884K(270976K)
[944.627s][info ][gc,heap      ] GC(521) CMS: 265779K->265779K(602112K)
[944.627s][info ][gc,metaspace ] GC(521) Metaspace: 55927K->55927K(1099776K)
[944.627s][info ][gc           ] GC(521) Pause Young (Allocation Failure) 495M->260M(852M) 2.254ms
[944.627s][info ][gc,cpu       ] GC(521) User=0.01s Sys=0.00s Real=0.00s
[944.627s][info ][safepoint    ] Leaving safepoint region
[944.627s][info ][safepoint    ] Total time for which application threads were stopped: 0.0025062 seconds, Stopping threads took: 0.0000744 seconds
[945.627s][info ][safepoint    ] Application time: 1.0001140 seconds
[945.627s][info ][safepoint    ] Entering safepoint region: Cleanup
[945.627s][info ][safepoint    ] Leaving safepoint region
[945.627s][info ][safepoint    ] Total time for which application threads were stopped: 0.0002184 seconds, Stopping threads took: 0.0001127 seconds
[946.627s][info ][safepoint    ] Application time: 1.0000990 seconds
[946.627s][info ][safepoint    ] Entering safepoint region: Cleanup
[946.627s][info ][safepoint    ] Leaving safepoint region
[946.627s][info ][safepoint    ] Total time for which application threads were stopped: 0.0001128 seconds, Stopping threads took: 0.0000288 seconds
[947.627s][info ][safepoint    ] Application time: 1.0000802 seconds
[947.627s][info ][safepoint    ] Entering safepoint region: Cleanup
[947.627s][info ][safepoint    ] Leaving safepoint region
[947.628s][info ][safepoint    ] Total time for which application threads were stopped: 0.0001442 seconds, Stopping threads took: 0.0000441 seconds
[948.628s][info ][safepoint    ] Application time: 1.0000842 seconds
[948.628s][info ][safepoint    ] Entering safepoint region: Cleanup
[948.628s][info ][safepoint    ] Leaving safepoint region
[948.628s][info ][safepoint    ] Total time for which application threads were stopped: 0.0001267 seconds, Stopping threads took: 0.0000414 seconds
[948.872s][info ][safepoint    ] Application time: 0.2438474 seconds
[948.872s][info ][safepoint    ] Entering safepoint region: GenCollectForAllocation
[948.872s][info ][gc,start     ] GC(522) Pause Young (Allocation Failure)
[948.872s][info ][gc,task      ] GC(522) Using 4 workers of 4 for evacuation
[948.874s][debug][gc,ref       ] GC(522) Skipped phase1 of Reference Processing due to unavailable references
[948.874s][debug][gc,ref       ] GC(522) Skipped phase2 of Reference Processing due to unavailable references
[948.874s][debug][gc,ref       ] GC(522) Skipped phase3 of Reference Processing due to unavailable references
[948.874s][debug][gc,ref       ] GC(522) Skipped phase4 of Reference Processing due to unavailable references
[948.874s][debug][gc,age       ] GC(522) Desired survivor size 15400960 bytes, new threshold 6 (max threshold 6)
[948.874s][info ][gc,heap      ] GC(522) ParNew: 241780K->951K(270976K)
[948.874s][info ][gc,heap      ] GC(522) CMS: 265779K->265779K(602112K)
[948.874s][info ][gc,metaspace ] GC(522) Metaspace: 55927K->55927K(1099776K)
[948.874s][info ][gc           ] GC(522) Pause Young (Allocation Failure) 495M->260M(852M) 2.122ms
[948.874s][info ][gc,cpu       ] GC(522) User=0.00s Sys=0.00s Real=0.00s
[948.874s][info ][safepoint    ] Leaving safepoint region
[948.874s][info ][safepoint    ] Total time for which application threads were stopped: 0.0023613 seconds, Stopping threads took: 0.0000396 seconds
[949.874s][info ][safepoint    ] Application time: 1.0001303 seconds
[949.874s][info ][safepoint    ] Entering safepoint region: Cleanup
[949.874s][info ][safepoint    ] Leaving safepoint region
[949.874s][info ][safepoint    ] Total time for which application threads were stopped: 0.0001821 seconds, Stopping threads took: 0.0000843 seconds
[950.874s][info ][safepoint    ] Application time: 1.0000874 seconds
[950.875s][info ][safepoint    ] Entering safepoint region: Cleanup
[950.875s][info ][safepoint    ] Leaving safepoint region
[950.875s][info ][safepoint    ] Total time for which application threads were stopped: 0.0002135 seconds, Stopping threads took: 0.0000390 seconds
[951.726s][info ][safepoint    ] Application time: 0.8513700 seconds
[951.726s][info ][safepoint    ] Entering safepoint region: GenCollectForAllocation
[951.726s][info ][gc,start     ] GC(523) Pause Young (Allocation Failure)
[951.726s][info ][gc,task      ] GC(523) Using 4 workers of 4 for evacuation
[951.728s][debug][gc,ref       ] GC(523) Skipped phase1 of Reference Processing due to unavailable references
[951.728s][debug][gc,ref       ] GC(523) Skipped phase2 of Reference Processing due to unavailable references
[951.728s][debug][gc,ref       ] GC(523) Skipped phase3 of Reference Processing due to unavailable references
[951.728s][debug][gc,ref       ] GC(523) Skipped phase4 of Reference Processing due to unavailable references
[951.728s][debug][gc,age       ] GC(523) Desired survivor size 15400960 bytes, new threshold 6 (max threshold 6)
[951.728s][info ][gc,heap      ] GC(523) ParNew: 241847K->888K(270976K)
[951.728s][info ][gc,heap      ] GC(523) CMS: 265779K->265825K(602112K)
[951.728s][info ][gc,metaspace ] GC(523) Metaspace: 55928K->55928K(1099776K)
[951.728s][info ][gc           ] GC(523) Pause Young (Allocation Failure) 495M->260M(852M) 2.194ms
[951.728s][info ][gc,cpu       ] GC(523) User=0.00s Sys=0.00s Real=0.00s
[951.729s][info ][safepoint    ] Leaving safepoint region
[951.729s][info ][safepoint    ] Total time for which application threads were stopped: 0.0023977 seconds, Stopping threads took: 0.0000284 seconds
[952.729s][info ][safepoint    ] Application time: 1.0000917 seconds
[952.729s][info ][safepoint    ] Entering safepoint region: Cleanup
[952.729s][info ][safepoint    ] Leaving safepoint region
[952.729s][info ][safepoint    ] Total time for which application threads were stopped: 0.0001098 seconds, Stopping threads took: 0.0000273 seconds
[953.729s][info ][safepoint    ] Application time: 1.0000895 seconds
[953.729s][info ][safepoint    ] Entering safepoint region: Cleanup
[953.729s][info ][safepoint    ] Leaving safepoint region
[953.729s][info ][safepoint    ] Total time for which application threads were stopped: 0.0001147 seconds, Stopping threads took: 0.0000300 seconds
[954.729s][info ][safepoint    ] Application time: 1.0000843 seconds
[954.729s][info ][safepoint    ] Entering safepoint region: Cleanup
[954.729s][info ][safepoint    ] Leaving safepoint region
[954.729s][info ][safepoint    ] Total time for which application threads were stopped: 0.0001184 seconds, Stopping threads took: 0.0000272 seconds
[955.729s][info ][safepoint    ] Application time: 1.0000512 seconds
[955.729s][info ][safepoint    ] Entering safepoint region: Cleanup
[955.729s][info ][safepoint    ] Leaving safepoint region
[955.729s][info ][safepoint    ] Total time for which application threads were stopped: 0.0001262 seconds, Stopping threads took: 0.0000308 seconds
[955.773s][info ][safepoint    ] Application time: 0.0433595 seconds
[955.773s][info ][safepoint    ] Entering safepoint region: GenCollectForAllocation
[955.773s][info ][gc,start     ] GC(524) Pause Young (Allocation Failure)
[955.773s][info ][gc,task      ] GC(524) Using 4 workers of 4 for evacuation
[955.775s][debug][gc,ref       ] GC(524) Skipped phase1 of Reference Processing due to unavailable references
[955.775s][debug][gc,ref       ] GC(524) Skipped phase2 of Reference Processing due to unavailable references
[955.775s][debug][gc,ref       ] GC(524) Skipped phase3 of Reference Processing due to unavailable references
[955.775s][debug][gc,ref       ] GC(524) Skipped phase4 of Reference Processing due to unavailable references
[955.775s][debug][gc,age       ] GC(524) Desired survivor size 15400960 bytes, new threshold 6 (max threshold 6)
[955.775s][info ][gc,heap      ] GC(524) ParNew: 241784K->809K(270976K)
[955.775s][info ][gc,heap      ] GC(524) CMS: 265825K->265827K(602112K)
[955.775s][info ][gc,metaspace ] GC(524) Metaspace: 55928K->55928K(1099776K)
[955.775s][info ][gc           ] GC(524) Pause Young (Allocation Failure) 495M->260M(852M) 1.919ms
[955.775s][info ][gc,cpu       ] GC(524) User=0.00s Sys=0.00s Real=0.00s
[955.775s][info ][safepoint    ] Leaving safepoint region
[955.775s][info ][safepoint    ] Total time for which application threads were stopped: 0.0021288 seconds, Stopping threads took: 0.0000415 seconds
[956.775s][info ][safepoint    ] Application time: 1.0000946 seconds
[956.775s][info ][safepoint    ] Entering safepoint region: Cleanup
[956.775s][info ][safepoint    ] Leaving safepoint region
[956.775s][info ][safepoint    ] Total time for which application threads were stopped: 0.0001306 seconds, Stopping threads took: 0.0000429 seconds
[957.775s][info ][safepoint    ] Application time: 1.0000714 seconds
[957.775s][info ][safepoint    ] Entering safepoint region: Cleanup
[957.776s][info ][safepoint    ] Leaving safepoint region
[957.776s][info ][safepoint    ] Total time for which application threads were stopped: 0.0001329 seconds, Stopping threads took: 0.0000283 seconds
[958.776s][info ][safepoint    ] Application time: 1.0000967 seconds
[958.776s][info ][safepoint    ] Entering safepoint region: Cleanup
[958.776s][info ][safepoint    ] Leaving safepoint region
[958.776s][info ][safepoint    ] Total time for which application threads were stopped: 0.0001109 seconds, Stopping threads took: 0.0000285 seconds
[959.622s][info ][safepoint    ] Application time: 0.8459320 seconds
[959.622s][info ][safepoint    ] Entering safepoint region: GenCollectForAllocation
[959.622s][info ][gc,start     ] GC(525) Pause Young (Allocation Failure)
[959.622s][info ][gc,task      ] GC(525) Using 4 workers of 4 for evacuation
[959.624s][debug][gc,ref       ] GC(525) Skipped phase1 of Reference Processing due to unavailable references
[959.624s][debug][gc,ref       ] GC(525) Skipped phase2 of Reference Processing due to unavailable references
[959.624s][debug][gc,ref       ] GC(525) Skipped phase3 of Reference Processing due to unavailable references
[959.624s][debug][gc,ref       ] GC(525) Skipped phase4 of Reference Processing due to unavailable references
[959.624s][debug][gc,age       ] GC(525) Desired survivor size 15400960 bytes, new threshold 6 (max threshold 6)
[959.624s][info ][gc,heap      ] GC(525) ParNew: 241705K->880K(270976K)
[959.624s][info ][gc,heap      ] GC(525) CMS: 265827K->265837K(602112K)
[959.624s][info ][gc,metaspace ] GC(525) Metaspace: 55928K->55928K(1099776K)
[959.624s][info ][gc           ] GC(525) Pause Young (Allocation Failure) 495M->260M(852M) 1.864ms
[959.624s][info ][gc,cpu       ] GC(525) User=0.01s Sys=0.00s Real=0.00s
[959.624s][info ][safepoint    ] Leaving safepoint region
[959.624s][info ][safepoint    ] Total time for which application threads were stopped: 0.0020689 seconds, Stopping threads took: 0.0000312 seconds
[960.624s][info ][safepoint    ] Application time: 1.0001150 seconds
[960.624s][info ][safepoint    ] Entering safepoint region: Cleanup
[960.624s][info ][safepoint    ] Leaving safepoint region
[960.624s][info ][safepoint    ] Total time for which application threads were stopped: 0.0001458 seconds, Stopping threads took: 0.0000287 seconds
[961.624s][info ][safepoint    ] Application time: 1.0000955 seconds
[961.624s][info ][safepoint    ] Entering safepoint region: Cleanup
[961.624s][info ][safepoint    ] Leaving safepoint region
[961.624s][info ][safepoint    ] Total time for which application threads were stopped: 0.0001330 seconds, Stopping threads took: 0.0000465 seconds
[962.625s][info ][safepoint    ] Application time: 1.0002287 seconds
[962.625s][info ][safepoint    ] Entering safepoint region: Cleanup
[962.625s][info ][safepoint    ] Leaving safepoint region
[962.625s][info ][safepoint    ] Total time for which application threads were stopped: 0.0001366 seconds, Stopping threads took: 0.0000415 seconds
[963.473s][info ][safepoint    ] Application time: 0.8483027 seconds
[963.473s][info ][safepoint    ] Entering safepoint region: GenCollectForAllocation
[963.473s][info ][gc,start     ] GC(526) Pause Young (Allocation Failure)
[963.473s][info ][gc,task      ] GC(526) Using 4 workers of 4 for evacuation
[963.475s][debug][gc,ref       ] GC(526) Skipped phase1 of Reference Processing due to unavailable references
[963.475s][debug][gc,ref       ] GC(526) Skipped phase2 of Reference Processing due to unavailable references
[963.475s][debug][gc,ref       ] GC(526) Skipped phase3 of Reference Processing due to unavailable references
[963.475s][debug][gc,ref       ] GC(526) Skipped phase4 of Reference Processing due to unavailable references
[963.475s][debug][gc,age       ] GC(526) Desired survivor size 15400960 bytes, new threshold 6 (max threshold 6)
[963.475s][info ][gc,heap      ] GC(526) ParNew: 241776K->680K(270976K)
[963.475s][info ][gc,heap      ] GC(526) CMS: 265837K->265888K(602112K)
[963.475s][info ][gc,metaspace ] GC(526) Metaspace: 55928K->55928K(1099776K)
[963.475s][info ][gc           ] GC(526) Pause Young (Allocation Failure) 495M->260M(852M) 2.057ms
[963.475s][info ][gc,cpu       ] GC(526) User=0.01s Sys=0.00s Real=0.00s
[963.475s][info ][safepoint    ] Leaving safepoint region
[963.475s][info ][safepoint    ] Total time for which application threads were stopped: 0.0022789 seconds, Stopping threads took: 0.0000284 seconds
[964.476s][info ][safepoint    ] Application time: 1.0000898 seconds
[964.476s][info ][safepoint    ] Entering safepoint region: Cleanup
[964.476s][info ][safepoint    ] Leaving safepoint region
[964.476s][info ][safepoint    ] Total time for which application threads were stopped: 0.0002556 seconds, Stopping threads took: 0.0001598 seconds
[965.476s][info ][safepoint    ] Application time: 1.0000770 seconds
[965.476s][info ][safepoint    ] Entering safepoint region: Cleanup
[965.476s][info ][safepoint    ] Leaving safepoint region
[965.476s][info ][safepoint    ] Total time for which application threads were stopped: 0.0001428 seconds, Stopping threads took: 0.0000432 seconds
[966.476s][info ][safepoint    ] Application time: 1.0000951 seconds
[966.476s][info ][safepoint    ] Entering safepoint region: Cleanup
[966.476s][info ][safepoint    ] Leaving safepoint region
[966.476s][info ][safepoint    ] Total time for which application threads were stopped: 0.0001360 seconds, Stopping threads took: 0.0000383 seconds
[966.925s][info ][safepoint    ] Application time: 0.4481760 seconds
[966.925s][info ][safepoint    ] Entering safepoint region: GenCollectForAllocation
[966.925s][info ][gc,start     ] GC(527) Pause Young (Allocation Failure)
[966.925s][info ][gc,task      ] GC(527) Using 4 workers of 4 for evacuation
[966.927s][debug][gc,ref       ] GC(527) Skipped phase1 of Reference Processing due to unavailable references
[966.927s][debug][gc,ref       ] GC(527) Skipped phase2 of Reference Processing due to unavailable references
[966.927s][debug][gc,ref       ] GC(527) Skipped phase3 of Reference Processing due to unavailable references
[966.927s][debug][gc,ref       ] GC(527) Skipped phase4 of Reference Processing due to unavailable references
[966.927s][debug][gc,age       ] GC(527) Desired survivor size 15400960 bytes, new threshold 6 (max threshold 6)
[966.927s][info ][gc,heap      ] GC(527) ParNew: 241576K->671K(270976K)
[966.927s][info ][gc,heap      ] GC(527) CMS: 265888K->266176K(602112K)
[966.927s][info ][gc,metaspace ] GC(527) Metaspace: 55928K->55928K(1099776K)
[966.927s][info ][gc           ] GC(527) Pause Young (Allocation Failure) 495M->260M(852M) 2.740ms
[966.928s][info ][gc,cpu       ] GC(527) User=0.01s Sys=0.00s Real=0.00s
[966.928s][info ][safepoint    ] Leaving safepoint region
[966.928s][info ][safepoint    ] Total time for which application threads were stopped: 0.0029745 seconds, Stopping threads took: 0.0000410 seconds
[967.928s][info ][safepoint    ] Application time: 1.0001044 seconds
[967.928s][info ][safepoint    ] Entering safepoint region: Cleanup
[967.928s][info ][safepoint    ] Leaving safepoint region
[967.928s][info ][safepoint    ] Total time for which application threads were stopped: 0.0001169 seconds, Stopping threads took: 0.0000294 seconds
[968.928s][info ][safepoint    ] Application time: 1.0000798 seconds
[968.928s][info ][safepoint    ] Entering safepoint region: Cleanup
[968.928s][info ][safepoint    ] Leaving safepoint region
[968.928s][info ][safepoint    ] Total time for which application threads were stopped: 0.0001254 seconds, Stopping threads took: 0.0000410 seconds
[969.928s][info ][safepoint    ] Application time: 1.0000541 seconds
[969.928s][info ][safepoint    ] Entering safepoint region: Cleanup
[969.928s][info ][safepoint    ] Leaving safepoint region
[969.928s][info ][safepoint    ] Total time for which application threads were stopped: 0.0001300 seconds, Stopping threads took: 0.0000423 seconds
[970.928s][info ][safepoint    ] Application time: 1.0000902 seconds
[970.928s][info ][safepoint    ] Entering safepoint region: Cleanup
[970.929s][info ][safepoint    ] Leaving safepoint region
[970.929s][info ][safepoint    ] Total time for which application threads were stopped: 0.0001113 seconds, Stopping threads took: 0.0000290 seconds
[971.929s][info ][safepoint    ] Application time: 1.0000846 seconds
[971.929s][info ][safepoint    ] Entering safepoint region: Cleanup
[971.929s][info ][safepoint    ] Leaving safepoint region
[971.929s][info ][safepoint    ] Total time for which application threads were stopped: 0.0001157 seconds, Stopping threads took: 0.0000280 seconds
[972.929s][info ][safepoint    ] Application time: 1.0000870 seconds
[972.929s][info ][safepoint    ] Entering safepoint region: Cleanup
[972.929s][info ][safepoint    ] Leaving safepoint region
[972.929s][info ][safepoint    ] Total time for which application threads were stopped: 0.0001190 seconds, Stopping threads took: 0.0000298 seconds
[973.929s][info ][safepoint    ] Application time: 1.0000969 seconds
[973.929s][info ][safepoint    ] Entering safepoint region: Cleanup
[973.929s][info ][safepoint    ] Leaving safepoint region
[973.929s][info ][safepoint    ] Total time for which application threads were stopped: 0.0001303 seconds, Stopping threads took: 0.0000476 seconds
[974.929s][info ][safepoint    ] Application time: 1.0000412 seconds
[974.929s][info ][safepoint    ] Entering safepoint region: Cleanup
[974.929s][info ][safepoint    ] Leaving safepoint region
[974.929s][info ][safepoint    ] Total time for which application threads were stopped: 0.0001305 seconds, Stopping threads took: 0.0000288 seconds
[975.272s][info ][safepoint    ] Application time: 0.3424910 seconds
[975.272s][info ][safepoint    ] Entering safepoint region: GenCollectForAllocation
[975.272s][info ][gc,start     ] GC(528) Pause Young (Allocation Failure)
[975.272s][info ][gc,task      ] GC(528) Using 4 workers of 4 for evacuation
[975.274s][debug][gc,ref       ] GC(528) Skipped phase1 of Reference Processing due to unavailable references
[975.274s][debug][gc,ref       ] GC(528) Skipped phase2 of Reference Processing due to unavailable references
[975.274s][debug][gc,ref       ] GC(528) Skipped phase3 of Reference Processing due to unavailable references
[975.274s][debug][gc,ref       ] GC(528) Skipped phase4 of Reference Processing due to unavailable references
[975.274s][debug][gc,age       ] GC(528) Desired survivor size 15400960 bytes, new threshold 6 (max threshold 6)
[975.274s][info ][gc,heap      ] GC(528) ParNew: 241567K->778K(270976K)
[975.274s][info ][gc,heap      ] GC(528) CMS: 266176K->266177K(602112K)
[975.274s][info ][gc,metaspace ] GC(528) Metaspace: 55929K->55929K(1099776K)
[975.274s][info ][gc           ] GC(528) Pause Young (Allocation Failure) 495M->260M(852M) 2.117ms
[975.274s][info ][gc,cpu       ] GC(528) User=0.00s Sys=0.00s Real=0.00s
[975.274s][info ][safepoint    ] Leaving safepoint region
[975.274s][info ][safepoint    ] Total time for which application threads were stopped: 0.0023327 seconds, Stopping threads took: 0.0000288 seconds
[976.274s][info ][safepoint    ] Application time: 1.0001417 seconds
[976.275s][info ][safepoint    ] Entering safepoint region: Cleanup
[976.275s][info ][safepoint    ] Leaving safepoint region
[976.275s][info ][safepoint    ] Total time for which application threads were stopped: 0.0002090 seconds, Stopping threads took: 0.0000448 seconds
[977.275s][info ][safepoint    ] Application time: 1.0001258 seconds
[977.275s][info ][safepoint    ] Entering safepoint region: Cleanup
[977.275s][info ][safepoint    ] Leaving safepoint region
[977.275s][info ][safepoint    ] Total time for which application threads were stopped: 0.0001268 seconds, Stopping threads took: 0.0000315 seconds
[978.275s][info ][safepoint    ] Application time: 1.0000886 seconds
[978.275s][info ][safepoint    ] Entering safepoint region: Cleanup
[978.275s][info ][safepoint    ] Leaving safepoint region
[978.275s][info ][safepoint    ] Total time for which application threads were stopped: 0.0001163 seconds, Stopping threads took: 0.0000316 seconds
[979.275s][info ][safepoint    ] Application time: 1.0000887 seconds
[979.275s][info ][safepoint    ] Entering safepoint region: Cleanup
[979.276s][info ][safepoint    ] Leaving safepoint region
[979.276s][info ][safepoint    ] Total time for which application threads were stopped: 0.0001212 seconds, Stopping threads took: 0.0000295 seconds
[980.276s][info ][safepoint    ] Application time: 1.0000866 seconds
[980.276s][info ][safepoint    ] Entering safepoint region: Cleanup
[980.276s][info ][safepoint    ] Leaving safepoint region
[980.276s][info ][safepoint    ] Total time for which application threads were stopped: 0.0001609 seconds, Stopping threads took: 0.0000511 seconds
[981.276s][info ][safepoint    ] Application time: 1.0000897 seconds
[981.276s][info ][safepoint    ] Entering safepoint region: Cleanup
[981.276s][info ][safepoint    ] Leaving safepoint region
[981.276s][info ][safepoint    ] Total time for which application threads were stopped: 0.0001315 seconds, Stopping threads took: 0.0000443 seconds
[982.276s][info ][safepoint    ] Application time: 1.0000892 seconds
[982.276s][info ][safepoint    ] Entering safepoint region: Cleanup
[982.276s][info ][safepoint    ] Leaving safepoint region
[982.276s][info ][safepoint    ] Total time for which application threads were stopped: 0.0001162 seconds, Stopping threads took: 0.0000322 seconds
[983.276s][info ][safepoint    ] Application time: 1.0000902 seconds
[983.277s][info ][safepoint    ] Entering safepoint region: Cleanup
[983.277s][info ][safepoint    ] Leaving safepoint region
[983.277s][info ][safepoint    ] Total time for which application threads were stopped: 0.0001160 seconds, Stopping threads took: 0.0000304 seconds
[984.277s][info ][safepoint    ] Application time: 1.0000810 seconds
[984.277s][info ][safepoint    ] Entering safepoint region: Cleanup
[984.277s][info ][safepoint    ] Leaving safepoint region
[984.277s][info ][safepoint    ] Total time for which application threads were stopped: 0.0001135 seconds, Stopping threads took: 0.0000302 seconds
[985.277s][info ][safepoint    ] Application time: 1.0000859 seconds
[985.277s][info ][safepoint    ] Entering safepoint region: Cleanup
[985.277s][info ][safepoint    ] Leaving safepoint region
[985.277s][info ][safepoint    ] Total time for which application threads were stopped: 0.0001304 seconds, Stopping threads took: 0.0000303 seconds
[986.277s][info ][safepoint    ] Application time: 1.0000846 seconds
[986.277s][info ][safepoint    ] Entering safepoint region: Cleanup
[986.277s][info ][safepoint    ] Leaving safepoint region
[986.277s][info ][safepoint    ] Total time for which application threads were stopped: 0.0001277 seconds, Stopping threads took: 0.0000292 seconds
[987.171s][info ][safepoint    ] Application time: 0.8936330 seconds
[987.171s][info ][safepoint    ] Entering safepoint region: GenCollectForAllocation
[987.171s][info ][gc,start     ] GC(529) Pause Young (Allocation Failure)
[987.171s][info ][gc,task      ] GC(529) Using 4 workers of 4 for evacuation
[987.173s][debug][gc,ref       ] GC(529) Skipped phase1 of Reference Processing due to unavailable references
[987.173s][debug][gc,ref       ] GC(529) Skipped phase2 of Reference Processing due to unavailable references
[987.173s][debug][gc,ref       ] GC(529) Skipped phase3 of Reference Processing due to unavailable references
[987.173s][debug][gc,ref       ] GC(529) Skipped phase4 of Reference Processing due to unavailable references
[987.173s][debug][gc,age       ] GC(529) Desired survivor size 15400960 bytes, new threshold 6 (max threshold 6)
[987.173s][info ][gc,heap      ] GC(529) ParNew: 241674K->545K(270976K)
[987.173s][info ][gc,heap      ] GC(529) CMS: 266177K->266190K(602112K)
[987.173s][info ][gc,metaspace ] GC(529) Metaspace: 55929K->55929K(1099776K)
[987.173s][info ][gc           ] GC(529) Pause Young (Allocation Failure) 495M->260M(852M) 2.070ms
[987.173s][info ][gc,cpu       ] GC(529) User=0.00s Sys=0.00s Real=0.00s
[987.173s][info ][safepoint    ] Leaving safepoint region
[987.173s][info ][safepoint    ] Total time for which application threads were stopped: 0.0022856 seconds, Stopping threads took: 0.0000290 seconds
[988.173s][info ][safepoint    ] Application time: 1.0000925 seconds
[988.174s][info ][safepoint    ] Entering safepoint region: Cleanup
[988.174s][info ][safepoint    ] Leaving safepoint region
[988.174s][info ][safepoint    ] Total time for which application threads were stopped: 0.0001295 seconds, Stopping threads took: 0.0000427 seconds
[989.174s][info ][safepoint    ] Application time: 1.0000806 seconds
[989.174s][info ][safepoint    ] Entering safepoint region: Cleanup
[989.174s][info ][safepoint    ] Leaving safepoint region
[989.174s][info ][safepoint    ] Total time for which application threads were stopped: 0.0001327 seconds, Stopping threads took: 0.0000440 seconds
[990.174s][info ][safepoint    ] Application time: 1.0000948 seconds
[990.174s][info ][safepoint    ] Entering safepoint region: Cleanup
[990.174s][info ][safepoint    ] Leaving safepoint region
[990.174s][info ][safepoint    ] Total time for which application threads were stopped: 0.0001158 seconds, Stopping threads took: 0.0000303 seconds
[991.174s][info ][safepoint    ] Application time: 1.0002617 seconds
[991.174s][info ][safepoint    ] Entering safepoint region: Cleanup
[991.175s][info ][safepoint    ] Leaving safepoint region
[991.175s][info ][safepoint    ] Total time for which application threads were stopped: 0.0001146 seconds, Stopping threads took: 0.0000299 seconds
[992.175s][info ][safepoint    ] Application time: 1.0001095 seconds
[992.175s][info ][safepoint    ] Entering safepoint region: Cleanup
[992.175s][info ][safepoint    ] Leaving safepoint region
[992.175s][info ][safepoint    ] Total time for which application threads were stopped: 0.0004387 seconds, Stopping threads took: 0.0000592 seconds
[993.175s][info ][safepoint    ] Application time: 1.0000966 seconds
[993.175s][info ][safepoint    ] Entering safepoint region: Cleanup
[993.175s][info ][safepoint    ] Leaving safepoint region
[993.175s][info ][safepoint    ] Total time for which application threads were stopped: 0.0001203 seconds, Stopping threads took: 0.0000331 seconds
[994.176s][info ][safepoint    ] Application time: 1.0000944 seconds
[994.176s][info ][safepoint    ] Entering safepoint region: Cleanup
[994.176s][info ][safepoint    ] Leaving safepoint region
[994.176s][info ][safepoint    ] Total time for which application threads were stopped: 0.0002449 seconds, Stopping threads took: 0.0000716 seconds
[995.176s][info ][safepoint    ] Application time: 1.0001044 seconds
[995.176s][info ][safepoint    ] Entering safepoint region: Cleanup
[995.177s][info ][safepoint    ] Leaving safepoint region
[995.177s][info ][safepoint    ] Total time for which application threads were stopped: 0.0001177 seconds, Stopping threads took: 0.0000305 seconds
[996.177s][info ][safepoint    ] Application time: 1.0000840 seconds
[996.177s][info ][safepoint    ] Entering safepoint region: Cleanup
[996.177s][info ][safepoint    ] Leaving safepoint region
[996.177s][info ][safepoint    ] Total time for which application threads were stopped: 0.0001469 seconds, Stopping threads took: 0.0000480 seconds
[997.177s][info ][safepoint    ] Application time: 1.0000878 seconds
[997.177s][info ][safepoint    ] Entering safepoint region: Cleanup
[997.177s][info ][safepoint    ] Leaving safepoint region
[997.177s][info ][safepoint    ] Total time for which application threads were stopped: 0.0001157 seconds, Stopping threads took: 0.0000290 seconds
[998.177s][info ][safepoint    ] Application time: 1.0000945 seconds
[998.177s][info ][safepoint    ] Entering safepoint region: Cleanup
[998.177s][info ][safepoint    ] Leaving safepoint region
[998.177s][info ][safepoint    ] Total time for which application threads were stopped: 0.0001288 seconds, Stopping threads took: 0.0000290 seconds
[999.177s][info ][safepoint    ] Application time: 1.0000947 seconds
[999.177s][info ][safepoint    ] Entering safepoint region: Cleanup
[999.178s][info ][safepoint    ] Leaving safepoint region
[999.178s][info ][safepoint    ] Total time for which application threads were stopped: 0.0001388 seconds, Stopping threads took: 0.0000304 seconds
[999.471s][info ][safepoint    ] Application time: 0.2935742 seconds
[999.471s][info ][safepoint    ] Entering safepoint region: GenCollectForAllocation
[999.471s][info ][gc,start     ] GC(530) Pause Young (Allocation Failure)
[999.471s][info ][gc,task      ] GC(530) Using 4 workers of 4 for evacuation
[999.474s][debug][gc,ref       ] GC(530) Skipped phase1 of Reference Processing due to unavailable references
[999.474s][debug][gc,ref       ] GC(530) Skipped phase2 of Reference Processing due to unavailable references
[999.474s][debug][gc,ref       ] GC(530) Skipped phase3 of Reference Processing due to unavailable references
[999.474s][debug][gc,ref       ] GC(530) Skipped phase4 of Reference Processing due to unavailable references
[999.474s][debug][gc,age       ] GC(530) Desired survivor size 15400960 bytes, new threshold 6 (max threshold 6)
[999.474s][info ][gc,heap      ] GC(530) ParNew: 241441K->642K(270976K)
[999.474s][info ][gc,heap      ] GC(530) CMS: 266190K->266191K(602112K)
[999.474s][info ][gc,metaspace ] GC(530) Metaspace: 55929K->55929K(1099776K)
[999.474s][info ][gc           ] GC(530) Pause Young (Allocation Failure) 495M->260M(852M) 2.795ms
[999.474s][info ][gc,cpu       ] GC(530) User=0.01s Sys=0.00s Real=0.00s
[999.474s][info ][safepoint    ] Leaving safepoint region
[999.474s][info ][safepoint    ] Total time for which application threads were stopped: 0.0030055 seconds, Stopping threads took: 0.0000288 seconds
[1000.474s][info ][safepoint    ] Application time: 1.0000986 seconds
[1000.474s][info ][safepoint    ] Entering safepoint region: Cleanup
[1000.474s][info ][safepoint    ] Leaving safepoint region
[1000.474s][info ][safepoint    ] Total time for which application threads were stopped: 0.0001135 seconds, Stopping threads took: 0.0000288 seconds
[1001.475s][info ][safepoint    ] Application time: 1.0000778 seconds
[1001.475s][info ][safepoint    ] Entering safepoint region: Cleanup
[1001.475s][info ][safepoint    ] Leaving safepoint region
[1001.475s][info ][safepoint    ] Total time for which application threads were stopped: 0.0001154 seconds, Stopping threads took: 0.0000301 seconds
[1002.475s][info ][safepoint    ] Application time: 1.0000929 seconds
[1002.475s][info ][safepoint    ] Entering safepoint region: Cleanup
[1002.475s][info ][safepoint    ] Leaving safepoint region
[1002.475s][info ][safepoint    ] Total time for which application threads were stopped: 0.0001152 seconds, Stopping threads took: 0.0000310 seconds
[1003.475s][info ][safepoint    ] Application time: 1.0000931 seconds
[1003.475s][info ][safepoint    ] Entering safepoint region: Cleanup
[1003.475s][info ][safepoint    ] Leaving safepoint region
[1003.475s][info ][safepoint    ] Total time for which application threads were stopped: 0.0001160 seconds, Stopping threads took: 0.0000312 seconds
[1004.475s][info ][safepoint    ] Application time: 1.0000971 seconds
[1004.475s][info ][safepoint    ] Entering safepoint region: Cleanup
[1004.475s][info ][safepoint    ] Leaving safepoint region
[1004.475s][info ][safepoint    ] Total time for which application threads were stopped: 0.0001173 seconds, Stopping threads took: 0.0000291 seconds
[1005.476s][info ][safepoint    ] Application time: 1.0000965 seconds
[1005.476s][info ][safepoint    ] Entering safepoint region: Cleanup
[1005.476s][info ][safepoint    ] Leaving safepoint region
[1005.476s][info ][safepoint    ] Total time for which application threads were stopped: 0.0001246 seconds, Stopping threads took: 0.0000341 seconds
[1006.476s][info ][safepoint    ] Application time: 1.0000794 seconds
[1006.476s][info ][safepoint    ] Entering safepoint region: Cleanup
[1006.476s][info ][safepoint    ] Leaving safepoint region
[1006.476s][info ][safepoint    ] Total time for which application threads were stopped: 0.0001123 seconds, Stopping threads took: 0.0000296 seconds
[1007.476s][info ][safepoint    ] Application time: 1.0000854 seconds
[1007.476s][info ][safepoint    ] Entering safepoint region: Cleanup
[1007.476s][info ][safepoint    ] Leaving safepoint region
[1007.476s][info ][safepoint    ] Total time for which application threads were stopped: 0.0001328 seconds, Stopping threads took: 0.0000338 seconds
[1008.476s][info ][safepoint    ] Application time: 1.0001196 seconds
[1008.476s][info ][safepoint    ] Entering safepoint region: Cleanup
[1008.476s][info ][safepoint    ] Leaving safepoint region
[1008.477s][info ][safepoint    ] Total time for which application threads were stopped: 0.0001185 seconds, Stopping threads took: 0.0000296 seconds
[1009.477s][info ][safepoint    ] Application time: 1.0000916 seconds
[1009.477s][info ][safepoint    ] Entering safepoint region: Cleanup
[1009.477s][info ][safepoint    ] Leaving safepoint region
[1009.477s][info ][safepoint    ] Total time for which application threads were stopped: 0.0001324 seconds, Stopping threads took: 0.0000301 seconds
[1010.477s][info ][safepoint    ] Application time: 1.0000961 seconds
[1010.477s][info ][safepoint    ] Entering safepoint region: Cleanup
[1010.477s][info ][safepoint    ] Leaving safepoint region
[1010.477s][info ][safepoint    ] Total time for which application threads were stopped: 0.0001132 seconds, Stopping threads took: 0.0000286 seconds
[1011.477s][info ][safepoint    ] Application time: 1.0000861 seconds
[1011.477s][info ][safepoint    ] Entering safepoint region: Cleanup
[1011.477s][info ][safepoint    ] Leaving safepoint region
[1011.477s][info ][safepoint    ] Total time for which application threads were stopped: 0.0001183 seconds, Stopping threads took: 0.0000301 seconds
[1011.921s][info ][safepoint    ] Application time: 0.4432614 seconds
[1011.921s][info ][safepoint    ] Entering safepoint region: GenCollectForAllocation
[1011.921s][info ][gc,start     ] GC(531) Pause Young (Allocation Failure)
[1011.921s][info ][gc,task      ] GC(531) Using 4 workers of 4 for evacuation
[1011.923s][debug][gc,ref       ] GC(531) Skipped phase1 of Reference Processing due to unavailable references
[1011.923s][debug][gc,ref       ] GC(531) Skipped phase2 of Reference Processing due to unavailable references
[1011.923s][debug][gc,ref       ] GC(531) Skipped phase3 of Reference Processing due to unavailable references
[1011.923s][debug][gc,ref       ] GC(531) Skipped phase4 of Reference Processing due to unavailable references
[1011.923s][debug][gc,age       ] GC(531) Desired survivor size 15400960 bytes, new threshold 6 (max threshold 6)
[1011.923s][info ][gc,heap      ] GC(531) ParNew: 241538K->551K(270976K)
[1011.923s][info ][gc,heap      ] GC(531) CMS: 266191K->266196K(602112K)
[1011.923s][info ][gc,metaspace ] GC(531) Metaspace: 55929K->55929K(1099776K)
[1011.923s][info ][gc           ] GC(531) Pause Young (Allocation Failure) 495M->260M(852M) 2.038ms
[1011.923s][info ][gc,cpu       ] GC(531) User=0.00s Sys=0.00s Real=0.01s
[1011.923s][info ][safepoint    ] Leaving safepoint region
[1011.923s][info ][safepoint    ] Total time for which application threads were stopped: 0.0022501 seconds, Stopping threads took: 0.0000275 seconds
[1012.923s][info ][safepoint    ] Application time: 1.0000990 seconds
[1012.923s][info ][safepoint    ] Entering safepoint region: Cleanup
[1012.923s][info ][safepoint    ] Leaving safepoint region
[1012.923s][info ][safepoint    ] Total time for which application threads were stopped: 0.0001293 seconds, Stopping threads took: 0.0000321 seconds
[1013.923s][info ][safepoint    ] Application time: 1.0000885 seconds
[1013.923s][info ][safepoint    ] Entering safepoint region: Cleanup
[1013.923s][info ][safepoint    ] Leaving safepoint region
[1013.923s][info ][safepoint    ] Total time for which application threads were stopped: 0.0001349 seconds, Stopping threads took: 0.0000283 seconds
[1014.923s][info ][safepoint    ] Application time: 1.0000851 seconds
[1014.924s][info ][safepoint    ] Entering safepoint region: Cleanup
[1014.924s][info ][safepoint    ] Leaving safepoint region
[1014.924s][info ][safepoint    ] Total time for which application threads were stopped: 0.0001149 seconds, Stopping threads took: 0.0000292 seconds
[1015.924s][info ][safepoint    ] Application time: 1.0001031 seconds
[1015.924s][info ][safepoint    ] Entering safepoint region: Cleanup
[1015.924s][info ][safepoint    ] Leaving safepoint region
[1015.924s][info ][safepoint    ] Total time for which application threads were stopped: 0.0001118 seconds, Stopping threads took: 0.0000287 seconds
[1016.924s][info ][safepoint    ] Application time: 1.0000927 seconds
[1016.924s][info ][safepoint    ] Entering safepoint region: Cleanup
[1016.924s][info ][safepoint    ] Leaving safepoint region
[1016.924s][info ][safepoint    ] Total time for which application threads were stopped: 0.0001300 seconds, Stopping threads took: 0.0000289 seconds
[1017.924s][info ][safepoint    ] Application time: 1.0001250 seconds
[1017.924s][info ][safepoint    ] Entering safepoint region: Cleanup
[1017.924s][info ][safepoint    ] Leaving safepoint region
[1017.924s][info ][safepoint    ] Total time for which application threads were stopped: 0.0001144 seconds, Stopping threads took: 0.0000306 seconds
[1018.925s][info ][safepoint    ] Application time: 1.0000863 seconds
[1018.925s][info ][safepoint    ] Entering safepoint region: Cleanup
[1018.925s][info ][safepoint    ] Leaving safepoint region
[1018.925s][info ][safepoint    ] Total time for which application threads were stopped: 0.0001282 seconds, Stopping threads took: 0.0000284 seconds
[1019.925s][info ][safepoint    ] Application time: 1.0000842 seconds
[1019.925s][info ][safepoint    ] Entering safepoint region: Cleanup
[1019.925s][info ][safepoint    ] Leaving safepoint region
[1019.925s][info ][safepoint    ] Total time for which application threads were stopped: 0.0001146 seconds, Stopping threads took: 0.0000307 seconds
[1020.925s][info ][safepoint    ] Application time: 1.0000968 seconds
[1020.925s][info ][safepoint    ] Entering safepoint region: Cleanup
[1020.925s][info ][safepoint    ] Leaving safepoint region
[1020.925s][info ][safepoint    ] Total time for which application threads were stopped: 0.0001286 seconds, Stopping threads took: 0.0000331 seconds
[1021.925s][info ][safepoint    ] Application time: 1.0001373 seconds
[1021.925s][info ][safepoint    ] Entering safepoint region: Cleanup
[1021.925s][info ][safepoint    ] Leaving safepoint region
[1021.925s][info ][safepoint    ] Total time for which application threads were stopped: 0.0001151 seconds, Stopping threads took: 0.0000293 seconds
[1022.926s][info ][safepoint    ] Application time: 1.0000729 seconds
[1022.926s][info ][safepoint    ] Entering safepoint region: Cleanup
[1022.926s][info ][safepoint    ] Leaving safepoint region
[1022.926s][info ][safepoint    ] Total time for which application threads were stopped: 0.0001720 seconds, Stopping threads took: 0.0000293 seconds
[1023.926s][info ][safepoint    ] Application time: 1.0000984 seconds
[1023.926s][info ][safepoint    ] Entering safepoint region: Cleanup
[1023.926s][info ][safepoint    ] Leaving safepoint region
[1023.926s][info ][safepoint    ] Total time for which application threads were stopped: 0.0001322 seconds, Stopping threads took: 0.0000300 seconds
[1024.321s][info ][safepoint    ] Application time: 0.3953248 seconds
[1024.321s][info ][safepoint    ] Entering safepoint region: GenCollectForAllocation
[1024.322s][info ][gc,start     ] GC(532) Pause Young (Allocation Failure)
[1024.322s][info ][gc,task      ] GC(532) Using 4 workers of 4 for evacuation
[1024.323s][debug][gc,ref       ] GC(532) Skipped phase1 of Reference Processing due to unavailable references
[1024.323s][debug][gc,ref       ] GC(532) Skipped phase2 of Reference Processing due to unavailable references
[1024.323s][debug][gc,ref       ] GC(532) Skipped phase3 of Reference Processing due to unavailable references
[1024.323s][debug][gc,ref       ] GC(532) Skipped phase4 of Reference Processing due to unavailable references
[1024.323s][debug][gc,age       ] GC(532) Desired survivor size 15400960 bytes, new threshold 6 (max threshold 6)
[1024.323s][info ][gc,heap      ] GC(532) ParNew: 241447K->507K(270976K)
[1024.323s][info ][gc,heap      ] GC(532) CMS: 266196K->266198K(602112K)
[1024.324s][info ][gc,metaspace ] GC(532) Metaspace: 55929K->55929K(1099776K)
[1024.324s][info ][gc           ] GC(532) Pause Young (Allocation Failure) 495M->260M(852M) 1.966ms
[1024.324s][info ][gc,cpu       ] GC(532) User=0.01s Sys=0.00s Real=0.00s
[1024.324s][info ][safepoint    ] Leaving safepoint region
[1024.324s][info ][safepoint    ] Total time for which application threads were stopped: 0.0021770 seconds, Stopping threads took: 0.0000279 seconds
[1025.324s][info ][safepoint    ] Application time: 1.0000915 seconds
[1025.324s][info ][safepoint    ] Entering safepoint region: Cleanup
[1025.324s][info ][safepoint    ] Leaving safepoint region
[1025.324s][info ][safepoint    ] Total time for which application threads were stopped: 0.0001235 seconds, Stopping threads took: 0.0000328 seconds
[1026.324s][info ][safepoint    ] Application time: 1.0000952 seconds
[1026.324s][info ][safepoint    ] Entering safepoint region: Cleanup
[1026.324s][info ][safepoint    ] Leaving safepoint region
[1026.324s][info ][safepoint    ] Total time for which application threads were stopped: 0.0001213 seconds, Stopping threads took: 0.0000290 seconds
[1027.324s][info ][safepoint    ] Application time: 1.0000686 seconds
[1027.324s][info ][safepoint    ] Entering safepoint region: Cleanup
[1027.324s][info ][safepoint    ] Leaving safepoint region
[1027.324s][info ][safepoint    ] Total time for which application threads were stopped: 0.0001798 seconds, Stopping threads took: 0.0000934 seconds
[1028.325s][info ][safepoint    ] Application time: 1.0001200 seconds
[1028.325s][info ][safepoint    ] Entering safepoint region: Cleanup
[1028.325s][info ][safepoint    ] Leaving safepoint region
[1028.325s][info ][safepoint    ] Total time for which application threads were stopped: 0.0001190 seconds, Stopping threads took: 0.0000327 seconds
[1029.325s][info ][safepoint    ] Application time: 1.0000773 seconds
[1029.325s][info ][safepoint    ] Entering safepoint region: Cleanup
[1029.325s][info ][safepoint    ] Leaving safepoint region
[1029.325s][info ][safepoint    ] Total time for which application threads were stopped: 0.0001258 seconds, Stopping threads took: 0.0000369 seconds
[1030.325s][info ][safepoint    ] Application time: 1.0000936 seconds
[1030.325s][info ][safepoint    ] Entering safepoint region: Cleanup
[1030.325s][info ][safepoint    ] Leaving safepoint region
[1030.325s][info ][safepoint    ] Total time for which application threads were stopped: 0.0001191 seconds, Stopping threads took: 0.0000313 seconds
[1031.325s][info ][safepoint    ] Application time: 1.0000886 seconds
[1031.325s][info ][safepoint    ] Entering safepoint region: Cleanup
[1031.325s][info ][safepoint    ] Leaving safepoint region
[1031.325s][info ][safepoint    ] Total time for which application threads were stopped: 0.0001260 seconds, Stopping threads took: 0.0000292 seconds
[1032.325s][info ][safepoint    ] Application time: 1.0000413 seconds
[1032.326s][info ][safepoint    ] Entering safepoint region: Cleanup
[1032.326s][info ][safepoint    ] Leaving safepoint region
[1032.326s][info ][safepoint    ] Total time for which application threads were stopped: 0.0001378 seconds, Stopping threads took: 0.0000516 seconds
[1033.326s][info ][safepoint    ] Application time: 1.0001024 seconds
[1033.326s][info ][safepoint    ] Entering safepoint region: Cleanup
[1033.326s][info ][safepoint    ] Leaving safepoint region
[1033.326s][info ][safepoint    ] Total time for which application threads were stopped: 0.0001144 seconds, Stopping threads took: 0.0000326 seconds
[1034.326s][info ][safepoint    ] Application time: 1.0000897 seconds
[1034.326s][info ][safepoint    ] Entering safepoint region: Cleanup
[1034.326s][info ][safepoint    ] Leaving safepoint region
[1034.326s][info ][safepoint    ] Total time for which application threads were stopped: 0.0001120 seconds, Stopping threads took: 0.0000283 seconds
[1035.326s][info ][safepoint    ] Application time: 1.0000848 seconds
[1035.326s][info ][safepoint    ] Entering safepoint region: Cleanup
[1035.326s][info ][safepoint    ] Leaving safepoint region
[1035.326s][info ][safepoint    ] Total time for which application threads were stopped: 0.0001117 seconds, Stopping threads took: 0.0000282 seconds
[1035.459s][info ][safepoint    ] Application time: 0.1330815 seconds
[1035.460s][info ][safepoint    ] Entering safepoint region: RevokeBias
[1035.460s][info ][safepoint    ] Leaving safepoint region
[1035.460s][info ][safepoint    ] Total time for which application threads were stopped: 0.0001379 seconds, Stopping threads took: 0.0000283 seconds
[1036.771s][info ][safepoint    ] Application time: 1.3109335 seconds
[1036.771s][info ][safepoint    ] Entering safepoint region: GenCollectForAllocation
[1036.771s][info ][gc,start     ] GC(533) Pause Young (Allocation Failure)
[1036.771s][info ][gc,task      ] GC(533) Using 4 workers of 4 for evacuation
[1036.774s][debug][gc,ref       ] GC(533) Skipped phase1 of Reference Processing due to unavailable references
[1036.774s][debug][gc,ref       ] GC(533) Skipped phase2 of Reference Processing due to unavailable references
[1036.774s][debug][gc,ref       ] GC(533) Skipped phase3 of Reference Processing due to unavailable references
[1036.774s][debug][gc,ref       ] GC(533) Skipped phase4 of Reference Processing due to unavailable references
[1036.774s][debug][gc,age       ] GC(533) Desired survivor size 15400960 bytes, new threshold 6 (max threshold 6)
[1036.774s][info ][gc,heap      ] GC(533) ParNew: 241403K->398K(270976K)
[1036.774s][info ][gc,heap      ] GC(533) CMS: 266198K->266384K(602112K)
[1036.774s][info ][gc,metaspace ] GC(533) Metaspace: 55929K->55929K(1099776K)
[1036.774s][info ][gc           ] GC(533) Pause Young (Allocation Failure) 495M->260M(852M) 2.951ms
[1036.774s][info ][gc,cpu       ] GC(533) User=0.01s Sys=0.01s Real=0.00s
[1036.774s][info ][safepoint    ] Leaving safepoint region
[1036.774s][info ][safepoint    ] Total time for which application threads were stopped: 0.0031522 seconds, Stopping threads took: 0.0000287 seconds
[1039.774s][info ][safepoint    ] Application time: 3.0002469 seconds
[1039.774s][info ][safepoint    ] Entering safepoint region: Cleanup
[1039.774s][info ][safepoint    ] Leaving safepoint region
[1039.774s][info ][safepoint    ] Total time for which application threads were stopped: 0.0001513 seconds, Stopping threads took: 0.0000294 seconds
[1041.774s][info ][safepoint    ] Application time: 2.0001721 seconds
[1041.774s][info ][safepoint    ] Entering safepoint region: Cleanup
[1041.775s][info ][safepoint    ] Leaving safepoint region
[1041.775s][info ][safepoint    ] Total time for which application threads were stopped: 0.0001185 seconds, Stopping threads took: 0.0000301 seconds
[1049.171s][info ][safepoint    ] Application time: 7.3967407 seconds
[1049.171s][info ][safepoint    ] Entering safepoint region: GenCollectForAllocation
[1049.172s][info ][gc,start     ] GC(534) Pause Young (Allocation Failure)
[1049.172s][info ][gc,task      ] GC(534) Using 4 workers of 4 for evacuation
[1049.173s][debug][gc,ref       ] GC(534) Skipped phase1 of Reference Processing due to unavailable references
[1049.173s][debug][gc,ref       ] GC(534) Skipped phase2 of Reference Processing due to unavailable references
[1049.173s][debug][gc,ref       ] GC(534) Skipped phase3 of Reference Processing due to unavailable references
[1049.173s][debug][gc,ref       ] GC(534) Skipped phase4 of Reference Processing due to unavailable references
[1049.173s][debug][gc,age       ] GC(534) Desired survivor size 15400960 bytes, new threshold 6 (max threshold 6)
[1049.173s][info ][gc,heap      ] GC(534) ParNew: 241294K->120K(270976K)
[1049.173s][info ][gc,heap      ] GC(534) CMS: 266384K->266600K(602112K)
[1049.173s][info ][gc,metaspace ] GC(534) Metaspace: 55929K->55929K(1099776K)
[1049.173s][info ][gc           ] GC(534) Pause Young (Allocation Failure) 495M->260M(852M) 1.764ms
[1049.173s][info ][gc,cpu       ] GC(534) User=0.00s Sys=0.00s Real=0.00s
[1049.173s][info ][safepoint    ] Leaving safepoint region
[1049.173s][info ][safepoint    ] Total time for which application threads were stopped: 0.0019648 seconds, Stopping threads took: 0.0000286 seconds
[1061.621s][info ][safepoint    ] Application time: 12.4472767 seconds
[1061.621s][info ][safepoint    ] Entering safepoint region: GenCollectForAllocation
[1061.621s][info ][gc,start     ] GC(535) Pause Young (Allocation Failure)
[1061.621s][info ][gc,task      ] GC(535) Using 4 workers of 4 for evacuation
[1061.623s][debug][gc,ref       ] GC(535) Skipped phase1 of Reference Processing due to unavailable references
[1061.623s][debug][gc,ref       ] GC(535) Skipped phase2 of Reference Processing due to unavailable references
[1061.623s][debug][gc,ref       ] GC(535) Skipped phase3 of Reference Processing due to unavailable references
[1061.623s][debug][gc,ref       ] GC(535) Skipped phase4 of Reference Processing due to unavailable references
[1061.623s][debug][gc,age       ] GC(535) Desired survivor size 15400960 bytes, new threshold 6 (max threshold 6)
[1061.623s][info ][gc,heap      ] GC(535) ParNew: 241016K->50K(270976K)
[1061.623s][info ][gc,heap      ] GC(535) CMS: 266600K->266636K(602112K)
[1061.623s][info ][gc,metaspace ] GC(535) Metaspace: 55929K->55929K(1099776K)
[1061.623s][info ][gc           ] GC(535) Pause Young (Allocation Failure) 495M->260M(852M) 2.133ms
[1061.623s][info ][gc,cpu       ] GC(535) User=0.00s Sys=0.00s Real=0.01s
[1061.623s][info ][safepoint    ] Leaving safepoint region
[1061.623s][info ][safepoint    ] Total time for which application threads were stopped: 0.0023406 seconds, Stopping threads took: 0.0000411 seconds
[1074.021s][info ][safepoint    ] Application time: 12.3984879 seconds
[1074.022s][info ][safepoint    ] Entering safepoint region: GenCollectForAllocation
[1074.022s][info ][gc,start     ] GC(536) Pause Young (Allocation Failure)
[1074.022s][info ][gc,task      ] GC(536) Using 4 workers of 4 for evacuation
[1074.023s][debug][gc,ref       ] GC(536) Skipped phase1 of Reference Processing due to unavailable references
[1074.023s][debug][gc,ref       ] GC(536) Skipped phase2 of Reference Processing due to unavailable references
[1074.023s][debug][gc,ref       ] GC(536) Skipped phase3 of Reference Processing due to unavailable references
[1074.023s][debug][gc,ref       ] GC(536) Skipped phase4 of Reference Processing due to unavailable references
[1074.024s][debug][gc,age       ] GC(536) Desired survivor size 15400960 bytes, new threshold 6 (max threshold 6)
[1074.024s][info ][gc,heap      ] GC(536) ParNew: 240946K->26K(270976K)
[1074.024s][info ][gc,heap      ] GC(536) CMS: 266636K->266636K(602112K)
[1074.024s][info ][gc,metaspace ] GC(536) Metaspace: 55929K->55929K(1099776K)
[1074.024s][info ][gc           ] GC(536) Pause Young (Allocation Failure) 495M->260M(852M) 1.978ms
[1074.024s][info ][gc,cpu       ] GC(536) User=0.00s Sys=0.00s Real=0.00s
[1074.024s][info ][safepoint    ] Leaving safepoint region
[1074.024s][info ][safepoint    ] Total time for which application threads were stopped: 0.0021831 seconds, Stopping threads took: 0.0000423 seconds
[1078.024s][info ][safepoint    ] Application time: 4.0003424 seconds
[1078.024s][info ][safepoint    ] Entering safepoint region: Cleanup
[1078.024s][info ][safepoint    ] Leaving safepoint region
[1078.024s][info ][safepoint    ] Total time for which application threads were stopped: 0.0001242 seconds, Stopping threads took: 0.0000311 seconds
[1086.471s][info ][safepoint    ] Application time: 8.4465943 seconds
[1086.471s][info ][safepoint    ] Entering safepoint region: GenCollectForAllocation
[1086.471s][info ][gc,start     ] GC(537) Pause Young (Allocation Failure)
[1086.471s][info ][gc,task      ] GC(537) Using 4 workers of 4 for evacuation
[1086.473s][debug][gc,ref       ] GC(537) Skipped phase1 of Reference Processing due to unavailable references
[1086.473s][debug][gc,ref       ] GC(537) Skipped phase2 of Reference Processing due to unavailable references
[1086.473s][debug][gc,ref       ] GC(537) Skipped phase3 of Reference Processing due to unavailable references
[1086.473s][debug][gc,ref       ] GC(537) Skipped phase4 of Reference Processing due to unavailable references
[1086.473s][debug][gc,age       ] GC(537) Desired survivor size 15400960 bytes, new threshold 6 (max threshold 6)
[1086.473s][info ][gc,heap      ] GC(537) ParNew: 240922K->37K(270976K)
[1086.473s][info ][gc,heap      ] GC(537) CMS: 266636K->266636K(602112K)
[1086.473s][info ][gc,metaspace ] GC(537) Metaspace: 55929K->55929K(1099776K)
[1086.473s][info ][gc           ] GC(537) Pause Young (Allocation Failure) 495M->260M(852M) 1.702ms
[1086.473s][info ][gc,cpu       ] GC(537) User=0.00s Sys=0.01s Real=0.00s
[1086.473s][info ][safepoint    ] Leaving safepoint region
[1086.473s][info ][safepoint    ] Total time for which application threads were stopped: 0.0019134 seconds, Stopping threads took: 0.0000283 seconds
[1095.460s][info ][safepoint    ] Application time: 8.9868505 seconds
[1095.460s][info ][safepoint    ] Entering safepoint region: RevokeBias
[1095.460s][info ][safepoint    ] Leaving safepoint region
[1095.460s][info ][safepoint    ] Total time for which application threads were stopped: 0.0001224 seconds, Stopping threads took: 0.0000373 seconds
[1098.872s][info ][safepoint    ] Application time: 3.4120607 seconds
[1098.872s][info ][safepoint    ] Entering safepoint region: GenCollectForAllocation
[1098.872s][info ][gc,start     ] GC(538) Pause Young (Allocation Failure)
[1098.872s][info ][gc,task      ] GC(538) Using 4 workers of 4 for evacuation
[1098.874s][debug][gc,ref       ] GC(538) Skipped phase1 of Reference Processing due to unavailable references
[1098.874s][debug][gc,ref       ] GC(538) Skipped phase2 of Reference Processing due to unavailable references
[1098.874s][debug][gc,ref       ] GC(538) Skipped phase3 of Reference Processing due to unavailable references
[1098.874s][debug][gc,ref       ] GC(538) Skipped phase4 of Reference Processing due to unavailable references
[1098.874s][debug][gc,age       ] GC(538) Desired survivor size 15400960 bytes, new threshold 6 (max threshold 6)
[1098.874s][info ][gc,heap      ] GC(538) ParNew: 240933K->28K(270976K)
[1098.874s][info ][gc,heap      ] GC(538) CMS: 266636K->266636K(602112K)
[1098.874s][info ][gc,metaspace ] GC(538) Metaspace: 55929K->55929K(1099776K)
[1098.874s][info ][gc           ] GC(538) Pause Young (Allocation Failure) 495M->260M(852M) 1.774ms
[1098.874s][info ][gc,cpu       ] GC(538) User=0.01s Sys=0.00s Real=0.00s
[1098.874s][info ][safepoint    ] Leaving safepoint region
[1098.874s][info ][safepoint    ] Total time for which application threads were stopped: 0.0019839 seconds, Stopping threads took: 0.0000287 seconds
[1111.321s][info ][safepoint    ] Application time: 12.4469999 seconds
[1111.321s][info ][safepoint    ] Entering safepoint region: GenCollectForAllocation
[1111.321s][info ][gc,start     ] GC(539) Pause Young (Allocation Failure)
[1111.321s][info ][gc,task      ] GC(539) Using 4 workers of 4 for evacuation
[1111.323s][debug][gc,ref       ] GC(539) Skipped phase1 of Reference Processing due to unavailable references
[1111.323s][debug][gc,ref       ] GC(539) Skipped phase2 of Reference Processing due to unavailable references
[1111.323s][debug][gc,ref       ] GC(539) Skipped phase3 of Reference Processing due to unavailable references
[1111.323s][debug][gc,ref       ] GC(539) Skipped phase4 of Reference Processing due to unavailable references
[1111.323s][debug][gc,age       ] GC(539) Desired survivor size 15400960 bytes, new threshold 6 (max threshold 6)
[1111.323s][info ][gc,heap      ] GC(539) ParNew: 240924K->29K(270976K)
[1111.323s][info ][gc,heap      ] GC(539) CMS: 266636K->266637K(602112K)
[1111.323s][info ][gc,metaspace ] GC(539) Metaspace: 55929K->55929K(1099776K)
[1111.323s][info ][gc           ] GC(539) Pause Young (Allocation Failure) 495M->260M(852M) 1.634ms
[1111.323s][info ][gc,cpu       ] GC(539) User=0.00s Sys=0.00s Real=0.01s
[1111.323s][info ][safepoint    ] Leaving safepoint region
[1111.323s][info ][safepoint    ] Total time for which application threads were stopped: 0.0018395 seconds, Stopping threads took: 0.0000298 seconds
[1123.770s][info ][safepoint    ] Application time: 12.4469215 seconds
[1123.770s][info ][safepoint    ] Entering safepoint region: GenCollectForAllocation
[1123.770s][info ][gc,start     ] GC(540) Pause Young (Allocation Failure)
[1123.770s][info ][gc,task      ] GC(540) Using 4 workers of 4 for evacuation
[1123.771s][debug][gc,ref       ] GC(540) Skipped phase1 of Reference Processing due to unavailable references
[1123.771s][debug][gc,ref       ] GC(540) Skipped phase2 of Reference Processing due to unavailable references
[1123.771s][debug][gc,ref       ] GC(540) Skipped phase3 of Reference Processing due to unavailable references
[1123.771s][debug][gc,ref       ] GC(540) Skipped phase4 of Reference Processing due to unavailable references
[1123.771s][debug][gc,age       ] GC(540) Desired survivor size 15400960 bytes, new threshold 6 (max threshold 6)
[1123.772s][info ][gc,heap      ] GC(540) ParNew: 240925K->24K(270976K)
[1123.772s][info ][gc,heap      ] GC(540) CMS: 266637K->266637K(602112K)
[1123.772s][info ][gc,metaspace ] GC(540) Metaspace: 55929K->55929K(1099776K)
[1123.772s][info ][gc           ] GC(540) Pause Young (Allocation Failure) 495M->260M(852M) 1.664ms
[1123.772s][info ][gc,cpu       ] GC(540) User=0.00s Sys=0.00s Real=0.00s
[1123.772s][info ][safepoint    ] Leaving safepoint region
[1123.772s][info ][safepoint    ] Total time for which application threads were stopped: 0.0018711 seconds, Stopping threads took: 0.0000483 seconds
[1136.171s][info ][safepoint    ] Application time: 12.3992194 seconds
[1136.171s][info ][safepoint    ] Entering safepoint region: GenCollectForAllocation
[1136.171s][info ][gc,start     ] GC(541) Pause Young (Allocation Failure)
[1136.171s][info ][gc,task      ] GC(541) Using 4 workers of 4 for evacuation
[1136.172s][debug][gc,ref       ] GC(541) Skipped phase1 of Reference Processing due to unavailable references
[1136.172s][debug][gc,ref       ] GC(541) Skipped phase2 of Reference Processing due to unavailable references
[1136.172s][debug][gc,ref       ] GC(541) Skipped phase3 of Reference Processing due to unavailable references
[1136.172s][debug][gc,ref       ] GC(541) Skipped phase4 of Reference Processing due to unavailable references
[1136.173s][debug][gc,age       ] GC(541) Desired survivor size 15400960 bytes, new threshold 6 (max threshold 6)
[1136.173s][info ][gc,heap      ] GC(541) ParNew: 240920K->28K(270976K)
[1136.173s][info ][gc,heap      ] GC(541) CMS: 266637K->266637K(602112K)
[1136.173s][info ][gc,metaspace ] GC(541) Metaspace: 55929K->55929K(1099776K)
[1136.173s][info ][gc           ] GC(541) Pause Young (Allocation Failure) 495M->260M(852M) 1.571ms
[1136.173s][info ][gc,cpu       ] GC(541) User=0.00s Sys=0.00s Real=0.00s
[1136.173s][info ][safepoint    ] Leaving safepoint region
[1136.173s][info ][safepoint    ] Total time for which application threads were stopped: 0.0017528 seconds, Stopping threads took: 0.0000289 seconds
[1148.620s][info ][safepoint    ] Application time: 12.4476600 seconds
[1148.620s][info ][safepoint    ] Entering safepoint region: GenCollectForAllocation
[1148.620s][info ][gc,start     ] GC(542) Pause Young (Allocation Failure)
[1148.620s][info ][gc,task      ] GC(542) Using 4 workers of 4 for evacuation
[1148.622s][debug][gc,ref       ] GC(542) Skipped phase1 of Reference Processing due to unavailable references
[1148.622s][debug][gc,ref       ] GC(542) Skipped phase2 of Reference Processing due to unavailable references
[1148.622s][debug][gc,ref       ] GC(542) Skipped phase3 of Reference Processing due to unavailable references
[1148.622s][debug][gc,ref       ] GC(542) Skipped phase4 of Reference Processing due to unavailable references
[1148.622s][debug][gc,age       ] GC(542) Desired survivor size 15400960 bytes, new threshold 6 (max threshold 6)
[1148.622s][info ][gc,heap      ] GC(542) ParNew: 240924K->26K(270976K)
[1148.622s][info ][gc,heap      ] GC(542) CMS: 266637K->266637K(602112K)
[1148.622s][info ][gc,metaspace ] GC(542) Metaspace: 55929K->55929K(1099776K)
[1148.622s][info ][gc           ] GC(542) Pause Young (Allocation Failure) 495M->260M(852M) 1.773ms
[1148.622s][info ][gc,cpu       ] GC(542) User=0.00s Sys=0.00s Real=0.01s
[1148.622s][info ][safepoint    ] Leaving safepoint region
[1148.622s][info ][safepoint    ] Total time for which application threads were stopped: 0.0019636 seconds, Stopping threads took: 0.0000309 seconds
[1155.461s][info ][safepoint    ] Application time: 6.8383491 seconds
[1155.461s][info ][safepoint    ] Entering safepoint region: RevokeBias
[1155.461s][info ][safepoint    ] Leaving safepoint region
[1155.461s][info ][safepoint    ] Total time for which application threads were stopped: 0.0001414 seconds, Stopping threads took: 0.0000426 seconds
[1161.021s][info ][safepoint    ] Application time: 5.5601260 seconds
[1161.021s][info ][safepoint    ] Entering safepoint region: GenCollectForAllocation
[1161.021s][info ][gc,start     ] GC(543) Pause Young (Allocation Failure)
[1161.021s][info ][gc,task      ] GC(543) Using 4 workers of 4 for evacuation
[1161.023s][debug][gc,ref       ] GC(543) Skipped phase1 of Reference Processing due to unavailable references
[1161.023s][debug][gc,ref       ] GC(543) Skipped phase2 of Reference Processing due to unavailable references
[1161.023s][debug][gc,ref       ] GC(543) Skipped phase3 of Reference Processing due to unavailable references
[1161.023s][debug][gc,ref       ] GC(543) Skipped phase4 of Reference Processing due to unavailable references
[1161.023s][debug][gc,age       ] GC(543) Desired survivor size 15400960 bytes, new threshold 6 (max threshold 6)
[1161.023s][info ][gc,heap      ] GC(543) ParNew: 240922K->30K(270976K)
[1161.023s][info ][gc,heap      ] GC(543) CMS: 266637K->266637K(602112K)
[1161.023s][info ][gc,metaspace ] GC(543) Metaspace: 55929K->55929K(1099776K)
[1161.023s][info ][gc           ] GC(543) Pause Young (Allocation Failure) 495M->260M(852M) 1.624ms
[1161.023s][info ][gc,cpu       ] GC(543) User=0.00s Sys=0.00s Real=0.01s
[1161.023s][info ][safepoint    ] Leaving safepoint region
[1161.023s][info ][safepoint    ] Total time for which application threads were stopped: 0.0018442 seconds, Stopping threads took: 0.0000428 seconds
[1173.470s][info ][safepoint    ] Application time: 12.4473050 seconds
[1173.470s][info ][safepoint    ] Entering safepoint region: GenCollectForAllocation
[1173.470s][info ][gc,start     ] GC(544) Pause Young (Allocation Failure)
[1173.470s][info ][gc,task      ] GC(544) Using 4 workers of 4 for evacuation
[1173.472s][debug][gc,ref       ] GC(544) Skipped phase1 of Reference Processing due to unavailable references
[1173.472s][debug][gc,ref       ] GC(544) Skipped phase2 of Reference Processing due to unavailable references
[1173.472s][debug][gc,ref       ] GC(544) Skipped phase3 of Reference Processing due to unavailable references
[1173.472s][debug][gc,ref       ] GC(544) Skipped phase4 of Reference Processing due to unavailable references
[1173.472s][debug][gc,age       ] GC(544) Desired survivor size 15400960 bytes, new threshold 6 (max threshold 6)
[1173.472s][info ][gc,heap      ] GC(544) ParNew: 240926K->26K(270976K)
[1173.472s][info ][gc,heap      ] GC(544) CMS: 266637K->266637K(602112K)
[1173.472s][info ][gc,metaspace ] GC(544) Metaspace: 55929K->55929K(1099776K)
[1173.472s][info ][gc           ] GC(544) Pause Young (Allocation Failure) 495M->260M(852M) 1.625ms
[1173.472s][info ][gc,cpu       ] GC(544) User=0.01s Sys=0.00s Real=0.00s
[1173.472s][info ][safepoint    ] Leaving safepoint region
[1173.472s][info ][safepoint    ] Total time for which application threads were stopped: 0.0018185 seconds, Stopping threads took: 0.0000280 seconds
[1185.872s][info ][safepoint    ] Application time: 12.3996611 seconds
[1185.872s][info ][safepoint    ] Entering safepoint region: GenCollectForAllocation
[1185.872s][info ][gc,start     ] GC(545) Pause Young (Allocation Failure)
[1185.872s][info ][gc,task      ] GC(545) Using 4 workers of 4 for evacuation
[1185.873s][debug][gc,ref       ] GC(545) Skipped phase1 of Reference Processing due to unavailable references
[1185.873s][debug][gc,ref       ] GC(545) Skipped phase2 of Reference Processing due to unavailable references
[1185.873s][debug][gc,ref       ] GC(545) Skipped phase3 of Reference Processing due to unavailable references
[1185.873s][debug][gc,ref       ] GC(545) Skipped phase4 of Reference Processing due to unavailable references
[1185.874s][debug][gc,age       ] GC(545) Desired survivor size 15400960 bytes, new threshold 6 (max threshold 6)
[1185.874s][info ][gc,heap      ] GC(545) ParNew: 240922K->24K(270976K)
[1185.874s][info ][gc,heap      ] GC(545) CMS: 266637K->266637K(602112K)
[1185.874s][info ][gc,metaspace ] GC(545) Metaspace: 55929K->55929K(1099776K)
[1185.874s][info ][gc           ] GC(545) Pause Young (Allocation Failure) 495M->260M(852M) 1.897ms
[1185.874s][info ][gc,cpu       ] GC(545) User=0.00s Sys=0.00s Real=0.00s
[1185.874s][info ][safepoint    ] Leaving safepoint region
[1185.874s][info ][safepoint    ] Total time for which application threads were stopped: 0.0021367 seconds, Stopping threads took: 0.0000420 seconds
[1198.320s][info ][safepoint    ] Application time: 12.4463810 seconds
[1198.320s][info ][safepoint    ] Entering safepoint region: GenCollectForAllocation
[1198.320s][info ][gc,start     ] GC(546) Pause Young (Allocation Failure)
[1198.320s][info ][gc,task      ] GC(546) Using 4 workers of 4 for evacuation
[1198.322s][debug][gc,ref       ] GC(546) Skipped phase1 of Reference Processing due to unavailable references
[1198.322s][debug][gc,ref       ] GC(546) Skipped phase2 of Reference Processing due to unavailable references
[1198.322s][debug][gc,ref       ] GC(546) Skipped phase3 of Reference Processing due to unavailable references
[1198.322s][debug][gc,ref       ] GC(546) Skipped phase4 of Reference Processing due to unavailable references
[1198.322s][debug][gc,age       ] GC(546) Desired survivor size 15400960 bytes, new threshold 6 (max threshold 6)
[1198.322s][info ][gc,heap      ] GC(546) ParNew: 240920K->28K(270976K)
[1198.322s][info ][gc,heap      ] GC(546) CMS: 266637K->266637K(602112K)
[1198.322s][info ][gc,metaspace ] GC(546) Metaspace: 55929K->55929K(1099776K)
[1198.322s][info ][gc           ] GC(546) Pause Young (Allocation Failure) 495M->260M(852M) 1.626ms
[1198.322s][info ][gc,cpu       ] GC(546) User=0.00s Sys=0.00s Real=0.01s
[1198.322s][info ][safepoint    ] Leaving safepoint region
[1198.322s][info ][safepoint    ] Total time for which application threads were stopped: 0.0018147 seconds, Stopping threads took: 0.0000278 seconds
[1210.721s][info ][safepoint    ] Application time: 12.3990204 seconds
[1210.721s][info ][safepoint    ] Entering safepoint region: GenCollectForAllocation
[1210.721s][info ][gc,start     ] GC(547) Pause Young (Allocation Failure)
[1210.721s][info ][gc,task      ] GC(547) Using 4 workers of 4 for evacuation
[1210.723s][debug][gc,ref       ] GC(547) Skipped phase1 of Reference Processing due to unavailable references
[1210.723s][debug][gc,ref       ] GC(547) Skipped phase2 of Reference Processing due to unavailable references
[1210.723s][debug][gc,ref       ] GC(547) Skipped phase3 of Reference Processing due to unavailable references
[1210.723s][debug][gc,ref       ] GC(547) Skipped phase4 of Reference Processing due to unavailable references
[1210.723s][debug][gc,age       ] GC(547) Desired survivor size 15400960 bytes, new threshold 6 (max threshold 6)
[1210.723s][info ][gc,heap      ] GC(547) ParNew: 240924K->29K(270976K)
[1210.723s][info ][gc,heap      ] GC(547) CMS: 266637K->266637K(602112K)
[1210.723s][info ][gc,metaspace ] GC(547) Metaspace: 55929K->55929K(1099776K)
[1210.723s][info ][gc           ] GC(547) Pause Young (Allocation Failure) 495M->260M(852M) 1.597ms
[1210.723s][info ][gc,cpu       ] GC(547) User=0.00s Sys=0.00s Real=0.01s
[1210.723s][info ][safepoint    ] Leaving safepoint region
[1210.723s][info ][safepoint    ] Total time for which application threads were stopped: 0.0017968 seconds, Stopping threads took: 0.0000277 seconds
[1215.460s][info ][safepoint    ] Application time: 4.7374688 seconds
[1215.460s][info ][safepoint    ] Entering safepoint region: RevokeBias
[1215.461s][info ][safepoint    ] Leaving safepoint region
[1215.461s][info ][safepoint    ] Total time for which application threads were stopped: 0.0001524 seconds, Stopping threads took: 0.0000605 seconds
[1216.461s][info ][safepoint    ] Application time: 1.0000976 seconds
[1216.461s][info ][safepoint    ] Entering safepoint region: Cleanup
[1216.461s][info ][safepoint    ] Leaving safepoint region
[1216.461s][info ][safepoint    ] Total time for which application threads were stopped: 0.0001645 seconds, Stopping threads took: 0.0000639 seconds
[1221.720s][info ][safepoint    ] Application time: 5.2593374 seconds
[1221.720s][info ][safepoint    ] Entering safepoint region: GenCollectForAllocation
[1221.720s][info ][gc,start     ] GC(548) Pause Young (Allocation Failure)
[1221.720s][info ][gc,task      ] GC(548) Using 4 workers of 4 for evacuation
[1221.722s][debug][gc,ref       ] GC(548) Skipped phase1 of Reference Processing due to unavailable references
[1221.722s][debug][gc,ref       ] GC(548) Skipped phase2 of Reference Processing due to unavailable references
[1221.722s][debug][gc,ref       ] GC(548) Skipped phase3 of Reference Processing due to unavailable references
[1221.722s][debug][gc,ref       ] GC(548) Skipped phase4 of Reference Processing due to unavailable references
[1221.722s][debug][gc,age       ] GC(548) Desired survivor size 15400960 bytes, new threshold 6 (max threshold 6)
[1221.722s][info ][gc,heap      ] GC(548) ParNew: 240925K->43K(270976K)
[1221.722s][info ][gc,heap      ] GC(548) CMS: 266637K->266637K(602112K)
[1221.722s][info ][gc,metaspace ] GC(548) Metaspace: 55932K->55932K(1099776K)
[1221.722s][info ][gc           ] GC(548) Pause Young (Allocation Failure) 495M->260M(852M) 1.833ms
[1221.722s][info ][gc,cpu       ] GC(548) User=0.00s Sys=0.00s Real=0.01s
[1221.722s][info ][safepoint    ] Leaving safepoint region
[1221.722s][info ][safepoint    ] Total time for which application threads were stopped: 0.0020281 seconds, Stopping threads took: 0.0000312 seconds
[1234.121s][info ][safepoint    ] Application time: 12.3987434 seconds
[1234.121s][info ][safepoint    ] Entering safepoint region: GenCollectForAllocation
[1234.121s][info ][gc,start     ] GC(549) Pause Young (Allocation Failure)
[1234.121s][info ][gc,task      ] GC(549) Using 4 workers of 4 for evacuation
[1234.123s][debug][gc,ref       ] GC(549) Skipped phase1 of Reference Processing due to unavailable references
[1234.123s][debug][gc,ref       ] GC(549) Skipped phase2 of Reference Processing due to unavailable references
[1234.123s][debug][gc,ref       ] GC(549) Skipped phase3 of Reference Processing due to unavailable references
[1234.123s][debug][gc,ref       ] GC(549) Skipped phase4 of Reference Processing due to unavailable references
[1234.123s][debug][gc,age       ] GC(549) Desired survivor size 15400960 bytes, new threshold 6 (max threshold 6)
[1234.123s][info ][gc,heap      ] GC(549) ParNew: 240939K->45K(270976K)
[1234.123s][info ][gc,heap      ] GC(549) CMS: 266637K->266637K(602112K)
[1234.123s][info ][gc,metaspace ] GC(549) Metaspace: 55932K->55932K(1099776K)
[1234.123s][info ][gc           ] GC(549) Pause Young (Allocation Failure) 495M->260M(852M) 1.948ms
[1234.123s][info ][gc,cpu       ] GC(549) User=0.00s Sys=0.00s Real=0.01s
[1234.123s][info ][safepoint    ] Leaving safepoint region
[1234.123s][info ][safepoint    ] Total time for which application threads were stopped: 0.0021464 seconds, Stopping threads took: 0.0000319 seconds
[1246.570s][info ][safepoint    ] Application time: 12.4471901 seconds
[1246.570s][info ][safepoint    ] Entering safepoint region: GenCollectForAllocation
[1246.571s][info ][gc,start     ] GC(550) Pause Young (Allocation Failure)
[1246.571s][info ][gc,task      ] GC(550) Using 4 workers of 4 for evacuation
[1246.572s][debug][gc,ref       ] GC(550) Skipped phase1 of Reference Processing due to unavailable references
[1246.572s][debug][gc,ref       ] GC(550) Skipped phase2 of Reference Processing due to unavailable references
[1246.572s][debug][gc,ref       ] GC(550) Skipped phase3 of Reference Processing due to unavailable references
[1246.572s][debug][gc,ref       ] GC(550) Skipped phase4 of Reference Processing due to unavailable references
[1246.572s][debug][gc,age       ] GC(550) Desired survivor size 15400960 bytes, new threshold 6 (max threshold 6)
[1246.572s][info ][gc,heap      ] GC(550) ParNew: 240941K->66K(270976K)
[1246.572s][info ][gc,heap      ] GC(550) CMS: 266637K->266637K(602112K)
[1246.572s][info ][gc,metaspace ] GC(550) Metaspace: 55932K->55932K(1099776K)
[1246.573s][info ][gc           ] GC(550) Pause Young (Allocation Failure) 495M->260M(852M) 1.924ms
[1246.573s][info ][gc,cpu       ] GC(550) User=0.01s Sys=0.00s Real=0.00s
[1246.573s][info ][safepoint    ] Leaving safepoint region
[1246.573s][info ][safepoint    ] Total time for which application threads were stopped: 0.0021325 seconds, Stopping threads took: 0.0000444 seconds
[1258.971s][info ][safepoint    ] Application time: 12.3988753 seconds
[1258.972s][info ][safepoint    ] Entering safepoint region: GenCollectForAllocation
[1258.972s][info ][gc,start     ] GC(551) Pause Young (Allocation Failure)
[1258.972s][info ][gc,task      ] GC(551) Using 4 workers of 4 for evacuation
[1258.973s][debug][gc,ref       ] GC(551) Skipped phase1 of Reference Processing due to unavailable references
[1258.973s][debug][gc,ref       ] GC(551) Skipped phase2 of Reference Processing due to unavailable references
[1258.973s][debug][gc,ref       ] GC(551) Skipped phase3 of Reference Processing due to unavailable references
[1258.973s][debug][gc,ref       ] GC(551) Skipped phase4 of Reference Processing due to unavailable references
[1258.974s][debug][gc,age       ] GC(551) Desired survivor size 15400960 bytes, new threshold 6 (max threshold 6)
[1258.974s][info ][gc,heap      ] GC(551) ParNew: 240962K->62K(270976K)
[1258.974s][info ][gc,heap      ] GC(551) CMS: 266637K->266637K(602112K)
[1258.974s][info ][gc,metaspace ] GC(551) Metaspace: 55932K->55932K(1099776K)
[1258.974s][info ][gc           ] GC(551) Pause Young (Allocation Failure) 495M->260M(852M) 2.004ms
[1258.974s][info ][gc,cpu       ] GC(551) User=0.00s Sys=0.00s Real=0.00s
[1258.974s][info ][safepoint    ] Leaving safepoint region
[1258.974s][info ][safepoint    ] Total time for which application threads were stopped: 0.0021883 seconds, Stopping threads took: 0.0000273 seconds
[1271.420s][info ][safepoint    ] Application time: 12.4467336 seconds
[1271.420s][info ][safepoint    ] Entering safepoint region: GenCollectForAllocation
[1271.421s][info ][gc,start     ] GC(552) Pause Young (Allocation Failure)
[1271.421s][info ][gc,task      ] GC(552) Using 4 workers of 4 for evacuation
[1271.422s][debug][gc,ref       ] GC(552) Skipped phase1 of Reference Processing due to unavailable references
[1271.422s][debug][gc,ref       ] GC(552) Skipped phase2 of Reference Processing due to unavailable references
[1271.422s][debug][gc,ref       ] GC(552) Skipped phase3 of Reference Processing due to unavailable references
[1271.422s][debug][gc,ref       ] GC(552) Skipped phase4 of Reference Processing due to unavailable references
[1271.422s][debug][gc,age       ] GC(552) Desired survivor size 15400960 bytes, new threshold 6 (max threshold 6)
[1271.422s][info ][gc,heap      ] GC(552) ParNew: 240958K->45K(270976K)
[1271.422s][info ][gc,heap      ] GC(552) CMS: 266637K->266638K(602112K)
[1271.422s][info ][gc,metaspace ] GC(552) Metaspace: 55932K->55932K(1099776K)
[1271.422s][info ][gc           ] GC(552) Pause Young (Allocation Failure) 495M->260M(852M) 1.803ms
[1271.422s][info ][gc,cpu       ] GC(552) User=0.01s Sys=0.00s Real=0.01s
[1271.422s][info ][safepoint    ] Leaving safepoint region
[1271.422s][info ][safepoint    ] Total time for which application threads were stopped: 0.0020019 seconds, Stopping threads took: 0.0000311 seconds
[1275.460s][info ][safepoint    ] Application time: 4.0378997 seconds
[1275.460s][info ][safepoint    ] Entering safepoint region: RevokeBias
[1275.461s][info ][safepoint    ] Leaving safepoint region
[1275.461s][info ][safepoint    ] Total time for which application threads were stopped: 0.0001312 seconds, Stopping threads took: 0.0000414 seconds
[1283.821s][info ][safepoint    ] Application time: 8.3608208 seconds
[1283.821s][info ][safepoint    ] Entering safepoint region: GenCollectForAllocation
[1283.822s][info ][gc,start     ] GC(553) Pause Young (Allocation Failure)
[1283.822s][info ][gc,task      ] GC(553) Using 4 workers of 4 for evacuation
[1283.823s][debug][gc,ref       ] GC(553) Skipped phase1 of Reference Processing due to unavailable references
[1283.823s][debug][gc,ref       ] GC(553) Skipped phase2 of Reference Processing due to unavailable references
[1283.823s][debug][gc,ref       ] GC(553) Skipped phase3 of Reference Processing due to unavailable references
[1283.823s][debug][gc,ref       ] GC(553) Skipped phase4 of Reference Processing due to unavailable references
[1283.824s][debug][gc,age       ] GC(553) Desired survivor size 15400960 bytes, new threshold 6 (max threshold 6)
[1283.824s][info ][gc,heap      ] GC(553) ParNew: 240941K->50K(270976K)
[1283.824s][info ][gc,heap      ] GC(553) CMS: 266638K->266638K(602112K)
[1283.824s][info ][gc,metaspace ] GC(553) Metaspace: 55932K->55932K(1099776K)
[1283.824s][info ][gc           ] GC(553) Pause Young (Allocation Failure) 495M->260M(852M) 2.034ms
[1283.824s][info ][gc,cpu       ] GC(553) User=0.01s Sys=0.00s Real=0.00s
[1283.824s][info ][safepoint    ] Leaving safepoint region
[1283.824s][info ][safepoint    ] Total time for which application threads were stopped: 0.0022643 seconds, Stopping threads took: 0.0000283 seconds
[1296.271s][info ][safepoint    ] Application time: 12.4470606 seconds
[1296.271s][info ][safepoint    ] Entering safepoint region: GenCollectForAllocation
[1296.271s][info ][gc,start     ] GC(554) Pause Young (Allocation Failure)
[1296.271s][info ][gc,task      ] GC(554) Using 4 workers of 4 for evacuation
[1296.273s][debug][gc,ref       ] GC(554) Skipped phase1 of Reference Processing due to unavailable references
[1296.273s][debug][gc,ref       ] GC(554) Skipped phase2 of Reference Processing due to unavailable references
[1296.273s][debug][gc,ref       ] GC(554) Skipped phase3 of Reference Processing due to unavailable references
[1296.273s][debug][gc,ref       ] GC(554) Skipped phase4 of Reference Processing due to unavailable references
[1296.273s][debug][gc,age       ] GC(554) Desired survivor size 15400960 bytes, new threshold 6 (max threshold 6)
[1296.273s][info ][gc,heap      ] GC(554) ParNew: 240946K->48K(270976K)
[1296.273s][info ][gc,heap      ] GC(554) CMS: 266638K->266661K(602112K)
[1296.273s][info ][gc,metaspace ] GC(554) Metaspace: 55937K->55937K(1099776K)
[1296.273s][info ][gc           ] GC(554) Pause Young (Allocation Failure) 495M->260M(852M) 1.800ms
[1296.273s][info ][gc,cpu       ] GC(554) User=0.00s Sys=0.00s Real=0.00s
[1296.273s][info ][safepoint    ] Leaving safepoint region
[1296.273s][info ][safepoint    ] Total time for which application threads were stopped: 0.0020127 seconds, Stopping threads took: 0.0000291 seconds
[1308.672s][info ][safepoint    ] Application time: 12.3987562 seconds
[1308.672s][info ][safepoint    ] Entering safepoint region: GenCollectForAllocation
[1308.672s][info ][gc,start     ] GC(555) Pause Young (Allocation Failure)
[1308.672s][info ][gc,task      ] GC(555) Using 4 workers of 4 for evacuation
[1308.673s][debug][gc,ref       ] GC(555) Skipped phase1 of Reference Processing due to unavailable references
[1308.673s][debug][gc,ref       ] GC(555) Skipped phase2 of Reference Processing due to unavailable references
[1308.673s][debug][gc,ref       ] GC(555) Skipped phase3 of Reference Processing due to unavailable references
[1308.673s][debug][gc,ref       ] GC(555) Skipped phase4 of Reference Processing due to unavailable references
[1308.673s][debug][gc,age       ] GC(555) Desired survivor size 15400960 bytes, new threshold 6 (max threshold 6)
[1308.673s][info ][gc,heap      ] GC(555) ParNew: 240944K->26K(270976K)
[1308.673s][info ][gc,heap      ] GC(555) CMS: 266661K->266661K(602112K)
[1308.674s][info ][gc,metaspace ] GC(555) Metaspace: 55937K->55937K(1099776K)
[1308.674s][info ][gc           ] GC(555) Pause Young (Allocation Failure) 495M->260M(852M) 1.817ms
[1308.674s][info ][gc,cpu       ] GC(555) User=0.01s Sys=0.00s Real=0.00s
[1308.674s][info ][safepoint    ] Leaving safepoint region
[1308.674s][info ][safepoint    ] Total time for which application threads were stopped: 0.0020351 seconds, Stopping threads took: 0.0000429 seconds
[1321.120s][info ][safepoint    ] Application time: 12.4468545 seconds
[1321.121s][info ][safepoint    ] Entering safepoint region: GenCollectForAllocation
[1321.121s][info ][gc,start     ] GC(556) Pause Young (Allocation Failure)
[1321.121s][info ][gc,task      ] GC(556) Using 4 workers of 4 for evacuation
[1321.122s][debug][gc,ref       ] GC(556) Skipped phase1 of Reference Processing due to unavailable references
[1321.122s][debug][gc,ref       ] GC(556) Skipped phase2 of Reference Processing due to unavailable references
[1321.122s][debug][gc,ref       ] GC(556) Skipped phase3 of Reference Processing due to unavailable references
[1321.122s][debug][gc,ref       ] GC(556) Skipped phase4 of Reference Processing due to unavailable references
[1321.122s][debug][gc,age       ] GC(556) Desired survivor size 15400960 bytes, new threshold 6 (max threshold 6)
[1321.122s][info ][gc,heap      ] GC(556) ParNew: 240922K->32K(270976K)
[1321.122s][info ][gc,heap      ] GC(556) CMS: 266661K->266661K(602112K)
[1321.122s][info ][gc,metaspace ] GC(556) Metaspace: 55941K->55941K(1099776K)
[1321.122s][info ][gc           ] GC(556) Pause Young (Allocation Failure) 495M->260M(852M) 1.809ms
[1321.122s][info ][gc,cpu       ] GC(556) User=0.01s Sys=0.00s Real=0.01s
[1321.122s][info ][safepoint    ] Leaving safepoint region
[1321.122s][info ][safepoint    ] Total time for which application threads were stopped: 0.0020022 seconds, Stopping threads took: 0.0000303 seconds
[1333.522s][info ][safepoint    ] Application time: 12.3990429 seconds
[1333.522s][info ][safepoint    ] Entering safepoint region: GenCollectForAllocation
[1333.522s][info ][gc,start     ] GC(557) Pause Young (Allocation Failure)
[1333.522s][info ][gc,task      ] GC(557) Using 4 workers of 4 for evacuation
[1333.523s][debug][gc,ref       ] GC(557) Skipped phase1 of Reference Processing due to unavailable references
[1333.523s][debug][gc,ref       ] GC(557) Skipped phase2 of Reference Processing due to unavailable references
[1333.523s][debug][gc,ref       ] GC(557) Skipped phase3 of Reference Processing due to unavailable references
[1333.523s][debug][gc,ref       ] GC(557) Skipped phase4 of Reference Processing due to unavailable references
[1333.523s][debug][gc,age       ] GC(557) Desired survivor size 15400960 bytes, new threshold 6 (max threshold 6)
[1333.523s][info ][gc,heap      ] GC(557) ParNew: 240928K->32K(270976K)
[1333.523s][info ][gc,heap      ] GC(557) CMS: 266661K->266661K(602112K)
[1333.523s][info ][gc,metaspace ] GC(557) Metaspace: 55941K->55941K(1099776K)
[1333.523s][info ][gc           ] GC(557) Pause Young (Allocation Failure) 495M->260M(852M) 1.498ms
[1333.523s][info ][gc,cpu       ] GC(557) User=0.01s Sys=0.00s Real=0.00s
[1333.523s][info ][safepoint    ] Leaving safepoint region
[1333.523s][info ][safepoint    ] Total time for which application threads were stopped: 0.0016892 seconds, Stopping threads took: 0.0000285 seconds
[1335.460s][info ][safepoint    ] Application time: 1.9370631 seconds
[1335.460s][info ][safepoint    ] Entering safepoint region: RevokeBias
[1335.460s][info ][safepoint    ] Leaving safepoint region
[1335.460s][info ][safepoint    ] Total time for which application threads were stopped: 0.0001306 seconds, Stopping threads took: 0.0000422 seconds
[1336.589s][info ][safepoint    ] Application time: 1.1284886 seconds
[1336.589s][info ][safepoint    ] Entering safepoint region: RevokeBias
[1336.589s][info ][safepoint    ] Leaving safepoint region
[1336.589s][info ][safepoint    ] Total time for which application threads were stopped: 0.0001889 seconds, Stopping threads took: 0.0000638 seconds
[1336.589s][info ][safepoint    ] Application time: 0.0000775 seconds
[1336.589s][info ][safepoint    ] Entering safepoint region: RevokeBias
[1336.589s][info ][safepoint    ] Leaving safepoint region
[1336.589s][info ][safepoint    ] Total time for which application threads were stopped: 0.0000974 seconds, Stopping threads took: 0.0000514 seconds
[1336.590s][info ][safepoint    ] Application time: 0.0003100 seconds
[1336.590s][info ][safepoint    ] Entering safepoint region: RevokeBias
[1336.590s][info ][safepoint    ] Leaving safepoint region
[1336.590s][info ][safepoint    ] Total time for which application threads were stopped: 0.0001238 seconds, Stopping threads took: 0.0000512 seconds
[1336.590s][info ][safepoint    ] Application time: 0.0000731 seconds
[1336.590s][info ][safepoint    ] Entering safepoint region: RevokeBias
[1336.590s][info ][safepoint    ] Leaving safepoint region
[1336.590s][info ][safepoint    ] Total time for which application threads were stopped: 0.0001156 seconds, Stopping threads took: 0.0000539 seconds
[1336.601s][info ][safepoint    ] Application time: 0.0111657 seconds
[1336.601s][info ][safepoint    ] Entering safepoint region: RevokeBias
[1336.601s][info ][safepoint    ] Leaving safepoint region
[1336.601s][info ][safepoint    ] Total time for which application threads were stopped: 0.0001173 seconds, Stopping threads took: 0.0000247 seconds
[1336.612s][info ][safepoint    ] Application time: 0.0110993 seconds
[1336.613s][info ][safepoint    ] Entering safepoint region: RevokeBias
[1336.613s][info ][safepoint    ] Leaving safepoint region
[1336.613s][info ][safepoint    ] Total time for which application threads were stopped: 0.0001404 seconds, Stopping threads took: 0.0000338 seconds
[1336.613s][info ][safepoint    ] Application time: 0.0003272 seconds
[1336.613s][info ][safepoint    ] Entering safepoint region: RevokeBias
[1336.613s][info ][safepoint    ] Leaving safepoint region
[1336.613s][info ][safepoint    ] Total time for which application threads were stopped: 0.0000588 seconds, Stopping threads took: 0.0000159 seconds
[1336.613s][info ][safepoint    ] Application time: 0.0000876 seconds
[1336.613s][info ][safepoint    ] Entering safepoint region: RevokeBias
[1336.613s][info ][safepoint    ] Leaving safepoint region
[1336.613s][info ][safepoint    ] Total time for which application threads were stopped: 0.0002692 seconds, Stopping threads took: 0.0002285 seconds
[1336.614s][info ][safepoint    ] Application time: 0.0000704 seconds
[1336.614s][info ][safepoint    ] Entering safepoint region: RevokeBias
[1336.614s][info ][safepoint    ] Leaving safepoint region
[1336.614s][info ][safepoint    ] Total time for which application threads were stopped: 0.0000553 seconds, Stopping threads took: 0.0000145 seconds
[1336.615s][info ][safepoint    ] Application time: 0.0011339 seconds
[1336.615s][info ][safepoint    ] Entering safepoint region: RevokeBias
[1336.615s][info ][safepoint    ] Leaving safepoint region
[1336.615s][info ][safepoint    ] Total time for which application threads were stopped: 0.0000562 seconds, Stopping threads took: 0.0000114 seconds
[1336.616s][info ][safepoint    ] Application time: 0.0013110 seconds
[1336.616s][info ][safepoint    ] Entering safepoint region: RevokeBias
[1336.616s][info ][safepoint    ] Leaving safepoint region
[1336.616s][info ][safepoint    ] Total time for which application threads were stopped: 0.0000624 seconds, Stopping threads took: 0.0000125 seconds
[1336.617s][info ][gc,heap,exit ] Heap
[1336.617s][info ][gc,heap,exit ]  par new generation   total 270976K, used 69528K [0x0000000700000000, 0x0000000712600000, 0x0000000714cc0000)
[1336.617s][info ][gc,heap,exit ]   eden space 240896K,  28% used [0x0000000700000000, 0x00000007043ddfc0, 0x000000070eb40000)
[1336.617s][info ][gc,heap,exit ]   from space 30080K,   0% used [0x000000070eb40000, 0x000000070eb483a0, 0x00000007108a0000)
[1336.617s][info ][gc,heap,exit ]   to   space 30080K,   0% used [0x00000007108a0000, 0x00000007108a0000, 0x0000000712600000)
[1336.617s][info ][gc,heap,exit ]  concurrent mark-sweep generation total 602112K, used 266661K [0x0000000714cc0000, 0x00000007398c0000, 0x0000000800000000)
[1336.617s][info ][gc,heap,exit ]  Metaspace       used 55980K, capacity 59348K, committed 59532K, reserved 1099776K
[1336.617s][info ][gc,heap,exit ]   class space    used 7407K, capacity 8941K, committed 8988K, reserved 1048576K
[1336.617s][info ][safepoint    ] Application time: 0.0007861 seconds
[1336.617s][info ][safepoint    ] Entering safepoint region: Halt
