[0.006s][info][gc] Using Concurrent Mark Sweep
[0.006s][info][gc,heap,coops] Heap address: 0x0000000700000000, size: 4096 MB, Compressed Oops mode: Zero based, Oop shift amount: 3
[0.062s][info][safepoint    ] Entering safepoint region: EnableBiasedLocking
[0.062s][info][safepoint    ] Leaving safepoint region
[0.062s][info][safepoint    ] Total time for which application threads were stopped: 0.0000901 seconds, Stopping threads took: 0.0000295 seconds
[0.070s][info][safepoint    ] Application time: 0.0024687 seconds
[0.070s][info][safepoint    ] Entering safepoint region: RevokeBias
[0.070s][info][safepoint    ] Leaving safepoint region
[0.070s][info][safepoint    ] Total time for which application threads were stopped: 0.0001205 seconds, Stopping threads took: 0.0000676 seconds
[0.142s][info][safepoint    ] Application time: 0.0721511 seconds
[0.142s][info][safepoint    ] Entering safepoint region: Deoptimize
[0.142s][info][safepoint    ] Leaving safepoint region
[0.142s][info][safepoint    ] Total time for which application threads were stopped: 0.0000640 seconds, Stopping threads took: 0.0000071 seconds
[1.142s][info][safepoint    ] Application time: 1.0001004 seconds
[1.142s][info][safepoint    ] Entering safepoint region: Cleanup
[1.143s][info][safepoint    ] Leaving safepoint region
[1.143s][info][safepoint    ] Total time for which application threads were stopped: 0.0001366 seconds, Stopping threads took: 0.0000104 seconds
[1.297s][info][safepoint    ] Application time: 0.1544593 seconds
[1.297s][info][safepoint    ] Entering safepoint region: Deoptimize
[1.297s][info][safepoint    ] Leaving safepoint region
[1.297s][info][safepoint    ] Total time for which application threads were stopped: 0.0001455 seconds, Stopping threads took: 0.0000073 seconds
[1.334s][info][safepoint    ] Application time: 0.0364371 seconds
[1.334s][info][safepoint    ] Entering safepoint region: Deoptimize
[1.334s][info][safepoint    ] Leaving safepoint region
[1.334s][info][safepoint    ] Total time for which application threads were stopped: 0.0001419 seconds, Stopping threads took: 0.0000068 seconds
[1.374s][info][safepoint    ] Application time: 0.0403968 seconds
[1.374s][info][safepoint    ] Entering safepoint region: Deoptimize
[1.374s][info][safepoint    ] Leaving safepoint region
[1.374s][info][safepoint    ] Total time for which application threads were stopped: 0.0001563 seconds, Stopping threads took: 0.0000076 seconds
[2.279s][info][safepoint    ] Application time: 0.9044154 seconds
[2.279s][info][safepoint    ] Entering safepoint region: Deoptimize
[2.279s][info][safepoint    ] Leaving safepoint region
[2.279s][info][safepoint    ] Total time for which application threads were stopped: 0.0002088 seconds, Stopping threads took: 0.0000074 seconds
[2.410s][info][safepoint    ] Application time: 0.1307051 seconds
[2.410s][info][safepoint    ] Entering safepoint region: Deoptimize
[2.410s][info][safepoint    ] Leaving safepoint region
[2.410s][info][safepoint    ] Total time for which application threads were stopped: 0.0002573 seconds, Stopping threads took: 0.0000077 seconds
[2.649s][info][safepoint    ] Application time: 0.2390534 seconds
[2.649s][info][safepoint    ] Entering safepoint region: ICBufferFull
[2.649s][info][safepoint    ] Leaving safepoint region
[2.649s][info][safepoint    ] Total time for which application threads were stopped: 0.0002187 seconds, Stopping threads took: 0.0000748 seconds
[2.755s][info][safepoint    ] Application time: 0.1059582 seconds
[2.755s][info][safepoint    ] Entering safepoint region: Deoptimize
[2.756s][info][safepoint    ] Leaving safepoint region
[2.756s][info][safepoint    ] Total time for which application threads were stopped: 0.0002983 seconds, Stopping threads took: 0.0000076 seconds
[2.874s][info][safepoint    ] Application time: 0.1180021 seconds
[2.874s][info][safepoint    ] Entering safepoint region: Deoptimize
[2.874s][info][safepoint    ] Leaving safepoint region
[2.874s][info][safepoint    ] Total time for which application threads were stopped: 0.0003780 seconds, Stopping threads took: 0.0000076 seconds
[3.017s][info][safepoint    ] Application time: 0.1430499 seconds
[3.017s][info][safepoint    ] Entering safepoint region: ICBufferFull
[3.017s][info][safepoint    ] Leaving safepoint region
[3.017s][info][safepoint    ] Total time for which application threads were stopped: 0.0001521 seconds, Stopping threads took: 0.0000068 seconds
[3.170s][info][safepoint    ] Application time: 0.1531262 seconds
[3.171s][info][safepoint    ] Entering safepoint region: Deoptimize
[3.171s][info][safepoint    ] Leaving safepoint region
[3.171s][info][safepoint    ] Total time for which application threads were stopped: 0.0003359 seconds, Stopping threads took: 0.0000067 seconds
[3.249s][info][safepoint    ] Application time: 0.0782084 seconds
[3.249s][info][safepoint    ] Entering safepoint region: CollectForMetadataAllocation
[3.249s][info][safepoint    ] Leaving safepoint region
[3.249s][info][safepoint    ] Total time for which application threads were stopped: 0.0001504 seconds, Stopping threads took: 0.0000072 seconds
[3.312s][info][safepoint    ] Application time: 0.0631652 seconds
[3.312s][info][safepoint    ] Entering safepoint region: GenCollectForAllocation
[3.313s][info][gc,start     ] GC(0) Pause Young (Allocation Failure)
[3.313s][info][gc,task      ] GC(0) Using 4 workers of 4 for evacuation
[3.360s][debug][gc,ref       ] GC(0) Skipped phase1 of Reference Processing due to unavailable references
[3.360s][debug][gc,ref       ] GC(0) Skipped phase3 of Reference Processing due to unavailable references
[3.361s][debug][gc,age       ] GC(0) Desired survivor size 15400960 bytes, new threshold 1 (max threshold 6)
[3.361s][info ][gc,heap      ] GC(0) ParNew: 240896K->30078K(270976K)
[3.361s][info ][gc,heap      ] GC(0) CMS: 0K->2712K(602112K)
[3.361s][info ][gc,metaspace ] GC(0) Metaspace: 20594K->20594K(1069056K)
[3.361s][info ][gc           ] GC(0) Pause Young (Allocation Failure) 235M->32M(852M) 48.141ms
[3.361s][info ][gc,cpu       ] GC(0) User=0.16s Sys=0.02s Real=0.05s
[3.361s][info ][safepoint    ] Leaving safepoint region
[3.361s][info ][safepoint    ] Total time for which application threads were stopped: 0.0482673 seconds, Stopping threads took: 0.0000175 seconds
[3.361s][info ][safepoint    ] Application time: 0.0001611 seconds
[3.361s][info ][safepoint    ] Entering safepoint region: CMS_Initial_Mark
[3.361s][info ][gc,start     ] GC(1) Pause Initial Mark
[3.368s][info ][gc           ] GC(1) Pause Initial Mark 36M->36M(852M) 7.453ms
[3.368s][info ][gc,cpu       ] GC(1) User=0.02s Sys=0.01s Real=0.01s
[3.368s][info ][safepoint    ] Leaving safepoint region
[3.368s][info ][safepoint    ] Total time for which application threads were stopped: 0.0075659 seconds, Stopping threads took: 0.0000281 seconds
[3.369s][info ][gc           ] GC(1) Concurrent Mark
[3.370s][info ][safepoint    ] Application time: 0.0010902 seconds
[3.370s][info ][safepoint    ] Entering safepoint region: RevokeBias
[3.370s][info ][safepoint    ] Leaving safepoint region
[3.370s][info ][safepoint    ] Total time for which application threads were stopped: 0.0001272 seconds, Stopping threads took: 0.0000542 seconds
[3.370s][info ][safepoint    ] Application time: 0.0000760 seconds
[3.370s][info ][safepoint    ] Entering safepoint region: RevokeBias
[3.370s][info ][safepoint    ] Leaving safepoint region
[3.370s][info ][safepoint    ] Total time for which application threads were stopped: 0.0001190 seconds, Stopping threads took: 0.0000421 seconds
[3.370s][info ][safepoint    ] Application time: 0.0000808 seconds
[3.370s][info ][safepoint    ] Entering safepoint region: RevokeBias
[3.370s][info ][safepoint    ] Leaving safepoint region
[3.370s][info ][safepoint    ] Total time for which application threads were stopped: 0.0000504 seconds, Stopping threads took: 0.0000192 seconds
[3.394s][info ][gc           ] GC(1) Concurrent Mark 25.089ms
[3.394s][info ][gc,cpu       ] GC(1) User=0.07s Sys=0.00s Real=0.02s
[3.394s][info ][gc           ] GC(1) Concurrent Preclean
[3.394s][debug][gc,ref       ] GC(1) Preclean SoftReferences 0.001ms
[3.394s][debug][gc,ref       ] GC(1) Preclean WeakReferences 0.000ms
[3.394s][debug][gc,ref       ] GC(1) Preclean FinalReferences 0.000ms
[3.394s][debug][gc,ref       ] GC(1) Preclean PhantomReferences 0.000ms
[3.395s][info ][gc           ] GC(1) Concurrent Preclean 1.218ms
[3.395s][info ][gc,cpu       ] GC(1) User=0.00s Sys=0.00s Real=0.00s
[3.395s][info ][gc           ] GC(1) Concurrent Abortable Preclean
[3.419s][info ][safepoint    ] Application time: 0.0493176 seconds
[3.419s][info ][safepoint    ] Entering safepoint region: CollectForMetadataAllocation
[3.419s][info ][safepoint    ] Leaving safepoint region
[3.419s][info ][safepoint    ] Total time for which application threads were stopped: 0.0000973 seconds, Stopping threads took: 0.0000318 seconds
[3.438s][info ][safepoint    ] Application time: 0.0186299 seconds
[3.438s][info ][safepoint    ] Entering safepoint region: CollectForMetadataAllocation
[3.438s][info ][safepoint    ] Leaving safepoint region
[3.438s][info ][safepoint    ] Total time for which application threads were stopped: 0.0000646 seconds, Stopping threads took: 0.0000074 seconds
[3.457s][info ][safepoint    ] Application time: 0.0185915 seconds
[3.457s][info ][safepoint    ] Entering safepoint region: CollectForMetadataAllocation
[3.457s][info ][safepoint    ] Leaving safepoint region
[3.457s][info ][safepoint    ] Total time for which application threads were stopped: 0.0001279 seconds, Stopping threads took: 0.0000355 seconds
[3.477s][info ][safepoint    ] Application time: 0.0196478 seconds
[3.477s][info ][safepoint    ] Entering safepoint region: CollectForMetadataAllocation
[3.477s][info ][safepoint    ] Leaving safepoint region
[3.477s][info ][safepoint    ] Total time for which application threads were stopped: 0.0001186 seconds, Stopping threads took: 0.0000084 seconds
[3.495s][info ][safepoint    ] Application time: 0.0180644 seconds
[3.495s][info ][safepoint    ] Entering safepoint region: RevokeBias
[3.495s][info ][safepoint    ] Leaving safepoint region
[3.495s][info ][safepoint    ] Total time for which application threads were stopped: 0.0000624 seconds, Stopping threads took: 0.0000071 seconds
[3.495s][info ][safepoint    ] Application time: 0.0003749 seconds
[3.495s][info ][safepoint    ] Entering safepoint region: RevokeBias
[3.495s][info ][safepoint    ] Leaving safepoint region
[3.495s][info ][safepoint    ] Total time for which application threads were stopped: 0.0001187 seconds, Stopping threads took: 0.0000566 seconds
[3.500s][info ][safepoint    ] Application time: 0.0043651 seconds
[3.500s][info ][safepoint    ] Entering safepoint region: RevokeBias
[3.500s][info ][safepoint    ] Leaving safepoint region
[3.500s][info ][safepoint    ] Total time for which application threads were stopped: 0.0001235 seconds, Stopping threads took: 0.0000572 seconds
[3.500s][info ][safepoint    ] Application time: 0.0001500 seconds
[3.500s][info ][safepoint    ] Entering safepoint region: RevokeBias
[3.500s][info ][safepoint    ] Leaving safepoint region
[3.500s][info ][safepoint    ] Total time for which application threads were stopped: 0.0001299 seconds, Stopping threads took: 0.0000642 seconds
[3.501s][info ][safepoint    ] Application time: 0.0003753 seconds
[3.501s][info ][safepoint    ] Entering safepoint region: RevokeBias
[3.501s][info ][safepoint    ] Leaving safepoint region
[3.501s][info ][safepoint    ] Total time for which application threads were stopped: 0.0001979 seconds, Stopping threads took: 0.0001360 seconds
[3.501s][info ][safepoint    ] Application time: 0.0003922 seconds
[3.501s][info ][safepoint    ] Entering safepoint region: RevokeBias
[3.501s][info ][safepoint    ] Leaving safepoint region
[3.501s][info ][safepoint    ] Total time for which application threads were stopped: 0.0000717 seconds, Stopping threads took: 0.0000225 seconds
[3.502s][info ][safepoint    ] Application time: 0.0005047 seconds
[3.502s][info ][safepoint    ] Entering safepoint region: RevokeBias
[3.502s][info ][safepoint    ] Leaving safepoint region
[3.502s][info ][safepoint    ] Total time for which application threads were stopped: 0.0001138 seconds, Stopping threads took: 0.0000658 seconds
[3.502s][info ][safepoint    ] Application time: 0.0001730 seconds
[3.502s][info ][safepoint    ] Entering safepoint region: RevokeBias
[3.502s][info ][safepoint    ] Leaving safepoint region
[3.502s][info ][safepoint    ] Total time for which application threads were stopped: 0.0001026 seconds, Stopping threads took: 0.0000478 seconds
[3.502s][info ][safepoint    ] Application time: 0.0002187 seconds
[3.502s][info ][safepoint    ] Entering safepoint region: RevokeBias
[3.503s][info ][safepoint    ] Leaving safepoint region
[3.503s][info ][safepoint    ] Total time for which application threads were stopped: 0.0000665 seconds, Stopping threads took: 0.0000304 seconds
[3.503s][info ][safepoint    ] Application time: 0.0003318 seconds
[3.503s][info ][safepoint    ] Entering safepoint region: RevokeBias
[3.503s][info ][safepoint    ] Leaving safepoint region
[3.503s][info ][safepoint    ] Total time for which application threads were stopped: 0.0001163 seconds, Stopping threads took: 0.0000768 seconds
[3.503s][info ][safepoint    ] Application time: 0.0001292 seconds
[3.503s][info ][safepoint    ] Entering safepoint region: RevokeBias
[3.503s][info ][safepoint    ] Leaving safepoint region
[3.503s][info ][safepoint    ] Total time for which application threads were stopped: 0.0001995 seconds, Stopping threads took: 0.0001278 seconds
[3.503s][info ][safepoint    ] Application time: 0.0001592 seconds
[3.504s][info ][safepoint    ] Entering safepoint region: RevokeBias
[3.504s][info ][safepoint    ] Leaving safepoint region
[3.504s][info ][safepoint    ] Total time for which application threads were stopped: 0.0001953 seconds, Stopping threads took: 0.0001397 seconds
[3.504s][info ][safepoint    ] Application time: 0.0004928 seconds
[3.504s][info ][safepoint    ] Entering safepoint region: RevokeBias
[3.504s][info ][safepoint    ] Leaving safepoint region
[3.504s][info ][safepoint    ] Total time for which application threads were stopped: 0.0001516 seconds, Stopping threads took: 0.0000740 seconds
[3.505s][info ][safepoint    ] Application time: 0.0003797 seconds
[3.505s][info ][safepoint    ] Entering safepoint region: RevokeBias
[3.505s][info ][safepoint    ] Leaving safepoint region
[3.505s][info ][safepoint    ] Total time for which application threads were stopped: 0.0002415 seconds, Stopping threads took: 0.0001805 seconds
[3.505s][info ][safepoint    ] Application time: 0.0001133 seconds
[3.505s][info ][safepoint    ] Entering safepoint region: RevokeBias
[3.505s][info ][safepoint    ] Leaving safepoint region
[3.505s][info ][safepoint    ] Total time for which application threads were stopped: 0.0001408 seconds, Stopping threads took: 0.0001010 seconds
[3.507s][info ][safepoint    ] Application time: 0.0015392 seconds
[3.507s][info ][safepoint    ] Entering safepoint region: RevokeBias
[3.507s][info ][safepoint    ] Leaving safepoint region
[3.507s][info ][safepoint    ] Total time for which application threads were stopped: 0.0001549 seconds, Stopping threads took: 0.0000831 seconds
[3.507s][info ][safepoint    ] Application time: 0.0001404 seconds
[3.507s][info ][safepoint    ] Entering safepoint region: CollectForMetadataAllocation
[3.507s][info ][safepoint    ] Leaving safepoint region
[3.507s][info ][safepoint    ] Total time for which application threads were stopped: 0.0001605 seconds, Stopping threads took: 0.0000454 seconds
[3.508s][info ][safepoint    ] Application time: 0.0005388 seconds
[3.508s][info ][safepoint    ] Entering safepoint region: RevokeBias
[3.508s][info ][safepoint    ] Leaving safepoint region
[3.508s][info ][safepoint    ] Total time for which application threads were stopped: 0.0000874 seconds, Stopping threads took: 0.0000164 seconds
[3.509s][info ][safepoint    ] Application time: 0.0007888 seconds
[3.509s][info ][safepoint    ] Entering safepoint region: RevokeBias
[3.509s][info ][safepoint    ] Leaving safepoint region
[3.509s][info ][safepoint    ] Total time for which application threads were stopped: 0.0000863 seconds, Stopping threads took: 0.0000367 seconds
[3.509s][info ][safepoint    ] Application time: 0.0000664 seconds
[3.509s][info ][safepoint    ] Entering safepoint region: RevokeBias
[3.509s][info ][safepoint    ] Leaving safepoint region
[3.509s][info ][safepoint    ] Total time for which application threads were stopped: 0.0000640 seconds, Stopping threads took: 0.0000268 seconds
[3.509s][info ][safepoint    ] Application time: 0.0002425 seconds
[3.509s][info ][safepoint    ] Entering safepoint region: RevokeBias
[3.509s][info ][safepoint    ] Leaving safepoint region
[3.509s][info ][safepoint    ] Total time for which application threads were stopped: 0.0001430 seconds, Stopping threads took: 0.0000992 seconds
[3.509s][info ][safepoint    ] Application time: 0.0000675 seconds
[3.510s][info ][safepoint    ] Entering safepoint region: RevokeBias
[3.510s][info ][safepoint    ] Leaving safepoint region
[3.510s][info ][safepoint    ] Total time for which application threads were stopped: 0.0000621 seconds, Stopping threads took: 0.0000230 seconds
[3.510s][info ][safepoint    ] Application time: 0.0005460 seconds
[3.510s][info ][safepoint    ] Entering safepoint region: RevokeBias
[3.510s][info ][safepoint    ] Leaving safepoint region
[3.510s][info ][safepoint    ] Total time for which application threads were stopped: 0.0001020 seconds, Stopping threads took: 0.0000620 seconds
[3.511s][info ][safepoint    ] Application time: 0.0002750 seconds
[3.511s][info ][safepoint    ] Entering safepoint region: RevokeBias
[3.511s][info ][safepoint    ] Leaving safepoint region
[3.511s][info ][safepoint    ] Total time for which application threads were stopped: 0.0001342 seconds, Stopping threads took: 0.0000900 seconds
[3.512s][info ][safepoint    ] Application time: 0.0016725 seconds
[3.512s][info ][safepoint    ] Entering safepoint region: BulkRevokeBias
[3.513s][info ][safepoint    ] Leaving safepoint region
[3.513s][info ][safepoint    ] Total time for which application threads were stopped: 0.0002532 seconds, Stopping threads took: 0.0000676 seconds
[3.515s][info ][safepoint    ] Application time: 0.0022059 seconds
[3.515s][info ][safepoint    ] Entering safepoint region: RevokeBias
[3.515s][info ][safepoint    ] Leaving safepoint region
[3.515s][info ][safepoint    ] Total time for which application threads were stopped: 0.0001645 seconds, Stopping threads took: 0.0000591 seconds
[3.516s][info ][safepoint    ] Application time: 0.0009792 seconds
[3.516s][info ][safepoint    ] Entering safepoint region: RevokeBias
[3.516s][info ][safepoint    ] Leaving safepoint region
[3.516s][info ][safepoint    ] Total time for which application threads were stopped: 0.0002121 seconds, Stopping threads took: 0.0000918 seconds
[3.518s][info ][safepoint    ] Application time: 0.0018351 seconds
[3.518s][info ][safepoint    ] Entering safepoint region: RevokeBias
[3.518s][info ][safepoint    ] Leaving safepoint region
[3.518s][info ][safepoint    ] Total time for which application threads were stopped: 0.0002172 seconds, Stopping threads took: 0.0001618 seconds
[3.518s][info ][safepoint    ] Application time: 0.0001694 seconds
[3.518s][info ][safepoint    ] Entering safepoint region: RevokeBias
[3.519s][info ][safepoint    ] Leaving safepoint region
[3.519s][info ][safepoint    ] Total time for which application threads were stopped: 0.0000825 seconds, Stopping threads took: 0.0000368 seconds
[3.519s][info ][safepoint    ] Application time: 0.0004199 seconds
[3.519s][info ][safepoint    ] Entering safepoint region: RevokeBias
[3.519s][info ][safepoint    ] Leaving safepoint region
[3.519s][info ][safepoint    ] Total time for which application threads were stopped: 0.0000855 seconds, Stopping threads took: 0.0000066 seconds
[3.523s][info ][safepoint    ] Application time: 0.0035787 seconds
[3.523s][info ][safepoint    ] Entering safepoint region: RevokeBias
[3.523s][info ][safepoint    ] Leaving safepoint region
[3.523s][info ][safepoint    ] Total time for which application threads were stopped: 0.0000680 seconds, Stopping threads took: 0.0000057 seconds
[3.524s][info ][safepoint    ] Application time: 0.0010169 seconds
[3.524s][info ][safepoint    ] Entering safepoint region: RevokeBias
[3.524s][info ][safepoint    ] Leaving safepoint region
[3.524s][info ][safepoint    ] Total time for which application threads were stopped: 0.0000592 seconds, Stopping threads took: 0.0000051 seconds
[3.525s][info ][safepoint    ] Application time: 0.0008982 seconds
[3.525s][info ][safepoint    ] Entering safepoint region: CollectForMetadataAllocation
[3.525s][info ][safepoint    ] Leaving safepoint region
[3.525s][info ][safepoint    ] Total time for which application threads were stopped: 0.0001256 seconds, Stopping threads took: 0.0000501 seconds
[3.529s][info ][safepoint    ] Application time: 0.0041659 seconds
[3.529s][info ][safepoint    ] Entering safepoint region: RevokeBias
[3.529s][info ][safepoint    ] Leaving safepoint region
[3.529s][info ][safepoint    ] Total time for which application threads were stopped: 0.0001011 seconds, Stopping threads took: 0.0000505 seconds
[3.531s][info ][safepoint    ] Application time: 0.0019135 seconds
[3.531s][info ][safepoint    ] Entering safepoint region: RevokeBias
[3.531s][info ][safepoint    ] Leaving safepoint region
[3.531s][info ][safepoint    ] Total time for which application threads were stopped: 0.0000753 seconds, Stopping threads took: 0.0000081 seconds
[3.533s][info ][safepoint    ] Application time: 0.0019966 seconds
[3.533s][info ][safepoint    ] Entering safepoint region: CollectForMetadataAllocation
[3.533s][info ][safepoint    ] Leaving safepoint region
[3.533s][info ][safepoint    ] Total time for which application threads were stopped: 0.0000933 seconds, Stopping threads took: 0.0000387 seconds
[3.533s][info ][safepoint    ] Application time: 0.0001274 seconds
[3.533s][info ][safepoint    ] Entering safepoint region: CollectForMetadataAllocation
[3.533s][info ][safepoint    ] Leaving safepoint region
[3.533s][info ][safepoint    ] Total time for which application threads were stopped: 0.0000403 seconds, Stopping threads took: 0.0000254 seconds
[3.534s][info ][safepoint    ] Application time: 0.0002172 seconds
[3.534s][info ][safepoint    ] Entering safepoint region: RevokeBias
[3.534s][info ][safepoint    ] Leaving safepoint region
[3.534s][info ][safepoint    ] Total time for which application threads were stopped: 0.0000809 seconds, Stopping threads took: 0.0000366 seconds
[3.535s][info ][safepoint    ] Application time: 0.0015016 seconds
[3.535s][info ][safepoint    ] Entering safepoint region: RevokeBias
[3.535s][info ][safepoint    ] Leaving safepoint region
[3.535s][info ][safepoint    ] Total time for which application threads were stopped: 0.0000892 seconds, Stopping threads took: 0.0000383 seconds
[3.537s][info ][safepoint    ] Application time: 0.0011562 seconds
[3.537s][info ][safepoint    ] Entering safepoint region: RevokeBias
[3.537s][info ][safepoint    ] Leaving safepoint region
[3.537s][info ][safepoint    ] Total time for which application threads were stopped: 0.0001047 seconds, Stopping threads took: 0.0000541 seconds
[3.537s][info ][safepoint    ] Application time: 0.0001466 seconds
[3.537s][info ][safepoint    ] Entering safepoint region: RevokeBias
[3.537s][info ][safepoint    ] Leaving safepoint region
[3.537s][info ][safepoint    ] Total time for which application threads were stopped: 0.0000547 seconds, Stopping threads took: 0.0000044 seconds
[3.538s][info ][safepoint    ] Application time: 0.0007584 seconds
[3.538s][info ][safepoint    ] Entering safepoint region: RevokeBias
[3.538s][info ][safepoint    ] Leaving safepoint region
[3.538s][info ][safepoint    ] Total time for which application threads were stopped: 0.0004248 seconds, Stopping threads took: 0.0003643 seconds
[3.539s][info ][safepoint    ] Application time: 0.0006390 seconds
[3.539s][info ][safepoint    ] Entering safepoint region: RevokeBias
[3.539s][info ][safepoint    ] Leaving safepoint region
[3.539s][info ][safepoint    ] Total time for which application threads were stopped: 0.0002100 seconds, Stopping threads took: 0.0001750 seconds
[3.541s][info ][safepoint    ] Application time: 0.0024451 seconds
[3.541s][info ][safepoint    ] Entering safepoint region: RevokeBias
[3.541s][info ][safepoint    ] Leaving safepoint region
[3.541s][info ][safepoint    ] Total time for which application threads were stopped: 0.0001143 seconds, Stopping threads took: 0.0000515 seconds
[3.543s][info ][safepoint    ] Application time: 0.0013986 seconds
[3.543s][info ][safepoint    ] Entering safepoint region: RevokeBias
[3.543s][info ][safepoint    ] Leaving safepoint region
[3.543s][info ][safepoint    ] Total time for which application threads were stopped: 0.0000633 seconds, Stopping threads took: 0.0000069 seconds
[3.544s][info ][safepoint    ] Application time: 0.0006332 seconds
[3.544s][info ][safepoint    ] Entering safepoint region: CollectForMetadataAllocation
[3.544s][info ][safepoint    ] Leaving safepoint region
[3.544s][info ][safepoint    ] Total time for which application threads were stopped: 0.0001003 seconds, Stopping threads took: 0.0000044 seconds
[3.545s][info ][safepoint    ] Application time: 0.0013087 seconds
[3.545s][info ][safepoint    ] Entering safepoint region: RevokeBias
[3.545s][info ][safepoint    ] Leaving safepoint region
[3.545s][info ][safepoint    ] Total time for which application threads were stopped: 0.0001010 seconds, Stopping threads took: 0.0000558 seconds
[3.545s][info ][safepoint    ] Application time: 0.0000993 seconds
[3.545s][info ][safepoint    ] Entering safepoint region: RevokeBias
[3.545s][info ][safepoint    ] Leaving safepoint region
[3.545s][info ][safepoint    ] Total time for which application threads were stopped: 0.0001140 seconds, Stopping threads took: 0.0000562 seconds
[3.546s][info ][safepoint    ] Application time: 0.0011040 seconds
[3.546s][info ][safepoint    ] Entering safepoint region: RevokeBias
[3.547s][info ][safepoint    ] Leaving safepoint region
[3.547s][info ][safepoint    ] Total time for which application threads were stopped: 0.0000786 seconds, Stopping threads took: 0.0000068 seconds
[3.547s][info ][safepoint    ] Application time: 0.0004267 seconds
[3.547s][info ][safepoint    ] Entering safepoint region: BulkRevokeBias
[3.547s][info ][safepoint    ] Leaving safepoint region
[3.547s][info ][safepoint    ] Total time for which application threads were stopped: 0.0002783 seconds, Stopping threads took: 0.0001025 seconds
[3.554s][info ][safepoint    ] Application time: 0.0064141 seconds
[3.554s][info ][safepoint    ] Entering safepoint region: CollectForMetadataAllocation
[3.554s][info ][safepoint    ] Leaving safepoint region
[3.554s][info ][safepoint    ] Total time for which application threads were stopped: 0.0001096 seconds, Stopping threads took: 0.0000496 seconds
[3.565s][info ][safepoint    ] Application time: 0.0108152 seconds
[3.565s][info ][safepoint    ] Entering safepoint region: CollectForMetadataAllocation
[3.565s][info ][safepoint    ] Leaving safepoint region
[3.565s][info ][safepoint    ] Total time for which application threads were stopped: 0.0001365 seconds, Stopping threads took: 0.0000411 seconds
[3.572s][info ][safepoint    ] Application time: 0.0074022 seconds
[3.572s][info ][safepoint    ] Entering safepoint region: CollectForMetadataAllocation
[3.572s][info ][safepoint    ] Leaving safepoint region
[3.572s][info ][safepoint    ] Total time for which application threads were stopped: 0.0001153 seconds, Stopping threads took: 0.0000363 seconds
[3.579s][info ][safepoint    ] Application time: 0.0067229 seconds
[3.579s][info ][safepoint    ] Entering safepoint region: CollectForMetadataAllocation
[3.579s][info ][safepoint    ] Leaving safepoint region
[3.579s][info ][safepoint    ] Total time for which application threads were stopped: 0.0001434 seconds, Stopping threads took: 0.0000620 seconds
[3.590s][info ][safepoint    ] Application time: 0.0112796 seconds
[3.591s][info ][safepoint    ] Entering safepoint region: CollectForMetadataAllocation
[3.591s][info ][safepoint    ] Leaving safepoint region
[3.591s][info ][safepoint    ] Total time for which application threads were stopped: 0.0001577 seconds, Stopping threads took: 0.0000861 seconds
[3.602s][info ][safepoint    ] Application time: 0.0113329 seconds
[3.602s][info ][safepoint    ] Entering safepoint region: CollectForMetadataAllocation
[3.602s][info ][safepoint    ] Leaving safepoint region
[3.602s][info ][safepoint    ] Total time for which application threads were stopped: 0.0001662 seconds, Stopping threads took: 0.0000512 seconds
[3.614s][info ][safepoint    ] Application time: 0.0116109 seconds
[3.614s][info ][safepoint    ] Entering safepoint region: CollectForMetadataAllocation
[3.614s][info ][safepoint    ] Leaving safepoint region
[3.614s][info ][safepoint    ] Total time for which application threads were stopped: 0.0001321 seconds, Stopping threads took: 0.0000545 seconds
[3.615s][info ][safepoint    ] Application time: 0.0012657 seconds
[3.615s][info ][safepoint    ] Entering safepoint region: Deoptimize
[3.616s][info ][safepoint    ] Leaving safepoint region
[3.616s][info ][safepoint    ] Total time for which application threads were stopped: 0.0004110 seconds, Stopping threads took: 0.0000426 seconds
[3.643s][info ][safepoint    ] Application time: 0.0271828 seconds
[3.643s][info ][safepoint    ] Entering safepoint region: RevokeBias
[3.643s][info ][safepoint    ] Leaving safepoint region
[3.643s][info ][safepoint    ] Total time for which application threads were stopped: 0.0001716 seconds, Stopping threads took: 0.0000780 seconds
[3.643s][info ][safepoint    ] Application time: 0.0004110 seconds
[3.644s][info ][safepoint    ] Entering safepoint region: RevokeBias
[3.644s][info ][safepoint    ] Leaving safepoint region
[3.644s][info ][safepoint    ] Total time for which application threads were stopped: 0.0001539 seconds, Stopping threads took: 0.0000901 seconds
[3.648s][info ][safepoint    ] Application time: 0.0047802 seconds
[3.649s][info ][safepoint    ] Entering safepoint region: RevokeBias
[3.649s][info ][safepoint    ] Leaving safepoint region
[3.649s][info ][safepoint    ] Total time for which application threads were stopped: 0.0001430 seconds, Stopping threads took: 0.0000768 seconds
[3.655s][info ][safepoint    ] Application time: 0.0066605 seconds
[3.655s][info ][safepoint    ] Entering safepoint region: RevokeBias
[3.655s][info ][safepoint    ] Leaving safepoint region
[3.655s][info ][safepoint    ] Total time for which application threads were stopped: 0.0002074 seconds, Stopping threads took: 0.0000061 seconds
[3.656s][info ][safepoint    ] Application time: 0.0002148 seconds
[3.656s][info ][safepoint    ] Entering safepoint region: RevokeBias
[3.656s][info ][safepoint    ] Leaving safepoint region
[3.656s][info ][safepoint    ] Total time for which application threads were stopped: 0.0002272 seconds, Stopping threads took: 0.0000681 seconds
[3.656s][info ][safepoint    ] Application time: 0.0002613 seconds
[3.656s][info ][safepoint    ] Entering safepoint region: RevokeBias
[3.657s][info ][safepoint    ] Leaving safepoint region
[3.657s][info ][safepoint    ] Total time for which application threads were stopped: 0.0003200 seconds, Stopping threads took: 0.0000802 seconds
[3.657s][info ][safepoint    ] Application time: 0.0002433 seconds
[3.657s][info ][safepoint    ] Entering safepoint region: RevokeBias
[3.657s][info ][safepoint    ] Leaving safepoint region
[3.657s][info ][safepoint    ] Total time for which application threads were stopped: 0.0001731 seconds, Stopping threads took: 0.0000939 seconds
[3.657s][info ][safepoint    ] Application time: 0.0003995 seconds
[3.657s][info ][safepoint    ] Entering safepoint region: RevokeBias
[3.658s][info ][safepoint    ] Leaving safepoint region
[3.658s][info ][safepoint    ] Total time for which application threads were stopped: 0.0001228 seconds, Stopping threads took: 0.0000537 seconds
[3.658s][info ][safepoint    ] Application time: 0.0001817 seconds
[3.658s][info ][safepoint    ] Entering safepoint region: RevokeBias
[3.658s][info ][safepoint    ] Leaving safepoint region
[3.658s][info ][safepoint    ] Total time for which application threads were stopped: 0.0006138 seconds, Stopping threads took: 0.0000996 seconds
[3.659s][info ][safepoint    ] Application time: 0.0002907 seconds
[3.659s][info ][safepoint    ] Entering safepoint region: RevokeBias
[3.659s][info ][safepoint    ] Leaving safepoint region
[3.659s][info ][safepoint    ] Total time for which application threads were stopped: 0.0001512 seconds, Stopping threads took: 0.0000524 seconds
[3.659s][info ][safepoint    ] Application time: 0.0003870 seconds
[3.659s][info ][safepoint    ] Entering safepoint region: RevokeBias
[3.659s][info ][safepoint    ] Leaving safepoint region
[3.659s][info ][safepoint    ] Total time for which application threads were stopped: 0.0002373 seconds, Stopping threads took: 0.0001197 seconds
[3.660s][info ][safepoint    ] Application time: 0.0003612 seconds
[3.660s][info ][safepoint    ] Entering safepoint region: RevokeBias
[3.660s][info ][safepoint    ] Leaving safepoint region
[3.660s][info ][safepoint    ] Total time for which application threads were stopped: 0.0002100 seconds, Stopping threads took: 0.0000375 seconds
[3.660s][info ][safepoint    ] Application time: 0.0001506 seconds
[3.660s][info ][safepoint    ] Entering safepoint region: Deoptimize
[3.661s][info ][safepoint    ] Leaving safepoint region
[3.661s][info ][safepoint    ] Total time for which application threads were stopped: 0.0005801 seconds, Stopping threads took: 0.0001301 seconds
[3.675s][info ][safepoint    ] Application time: 0.0137670 seconds
[3.675s][info ][safepoint    ] Entering safepoint region: RevokeBias
[3.675s][info ][safepoint    ] Leaving safepoint region
[3.675s][info ][safepoint    ] Total time for which application threads were stopped: 0.0002671 seconds, Stopping threads took: 0.0001156 seconds
[3.677s][info ][safepoint    ] Application time: 0.0026572 seconds
[3.678s][info ][safepoint    ] Entering safepoint region: CollectForMetadataAllocation
[3.678s][info ][safepoint    ] Leaving safepoint region
[3.678s][info ][safepoint    ] Total time for which application threads were stopped: 0.0001835 seconds, Stopping threads took: 0.0001005 seconds
[3.678s][info ][safepoint    ] Application time: 0.0006683 seconds
[3.679s][info ][safepoint    ] Entering safepoint region: RevokeBias
[3.679s][info ][safepoint    ] Leaving safepoint region
[3.679s][info ][safepoint    ] Total time for which application threads were stopped: 0.0002292 seconds, Stopping threads took: 0.0001603 seconds
[3.701s][info ][safepoint    ] Application time: 0.0222895 seconds
[3.701s][info ][safepoint    ] Entering safepoint region: RevokeBias
[3.701s][info ][safepoint    ] Leaving safepoint region
[3.701s][info ][safepoint    ] Total time for which application threads were stopped: 0.0005104 seconds, Stopping threads took: 0.0002316 seconds
[3.703s][info ][safepoint    ] Application time: 0.0016992 seconds
[3.703s][info ][safepoint    ] Entering safepoint region: RevokeBias
[3.704s][info ][safepoint    ] Leaving safepoint region
[3.704s][info ][safepoint    ] Total time for which application threads were stopped: 0.0003864 seconds, Stopping threads took: 0.0001884 seconds
[3.704s][info ][safepoint    ] Application time: 0.0000957 seconds
[3.704s][info ][safepoint    ] Entering safepoint region: RevokeBias
[3.704s][info ][safepoint    ] Leaving safepoint region
[3.704s][info ][safepoint    ] Total time for which application threads were stopped: 0.0002395 seconds, Stopping threads took: 0.0000565 seconds
[3.705s][info ][safepoint    ] Application time: 0.0014676 seconds
[3.706s][info ][safepoint    ] Entering safepoint region: RevokeBias
[3.706s][info ][safepoint    ] Leaving safepoint region
[3.706s][info ][safepoint    ] Total time for which application threads were stopped: 0.0003441 seconds, Stopping threads took: 0.0001749 seconds
[3.742s][info ][safepoint    ] Application time: 0.0367313 seconds
[3.743s][info ][safepoint    ] Entering safepoint region: RevokeBias
[3.744s][info ][safepoint    ] Leaving safepoint region
[3.744s][info ][safepoint    ] Total time for which application threads were stopped: 0.0018836 seconds, Stopping threads took: 0.0002367 seconds
[3.749s][info ][safepoint    ] Application time: 0.0048637 seconds
[3.749s][info ][safepoint    ] Entering safepoint region: RevokeBias
[3.750s][info ][safepoint    ] Leaving safepoint region
[3.750s][info ][safepoint    ] Total time for which application threads were stopped: 0.0008854 seconds, Stopping threads took: 0.0002291 seconds
[3.752s][info ][safepoint    ] Application time: 0.0021370 seconds
[3.752s][info ][safepoint    ] Entering safepoint region: RevokeBias
[3.753s][info ][safepoint    ] Leaving safepoint region
[3.753s][info ][safepoint    ] Total time for which application threads were stopped: 0.0006385 seconds, Stopping threads took: 0.0001238 seconds
[3.756s][info ][safepoint    ] Application time: 0.0030716 seconds
[3.756s][info ][safepoint    ] Entering safepoint region: RevokeBias
[3.756s][info ][safepoint    ] Leaving safepoint region
[3.756s][info ][safepoint    ] Total time for which application threads were stopped: 0.0002955 seconds, Stopping threads took: 0.0001437 seconds
[3.757s][info ][safepoint    ] Application time: 0.0008688 seconds
[3.757s][info ][safepoint    ] Entering safepoint region: RevokeBias
[3.758s][info ][safepoint    ] Leaving safepoint region
[3.758s][info ][safepoint    ] Total time for which application threads were stopped: 0.0003985 seconds, Stopping threads took: 0.0001900 seconds
[3.767s][info ][safepoint    ] Application time: 0.0097823 seconds
[3.768s][info ][safepoint    ] Entering safepoint region: RevokeBias
[3.768s][info ][safepoint    ] Leaving safepoint region
[3.768s][info ][safepoint    ] Total time for which application threads were stopped: 0.0003497 seconds, Stopping threads took: 0.0001614 seconds
[3.771s][info ][safepoint    ] Application time: 0.0034037 seconds
[3.794s][info ][safepoint    ] Entering safepoint region: RevokeBias
[3.794s][info ][safepoint    ] Leaving safepoint region
[3.794s][info ][safepoint    ] Total time for which application threads were stopped: 0.0230768 seconds, Stopping threads took: 0.0228463 seconds
[3.795s][info ][safepoint    ] Application time: 0.0005793 seconds
[3.795s][info ][safepoint    ] Entering safepoint region: RevokeBias
[3.795s][info ][safepoint    ] Leaving safepoint region
[3.795s][info ][safepoint    ] Total time for which application threads were stopped: 0.0003522 seconds, Stopping threads took: 0.0001266 seconds
[3.809s][info ][safepoint    ] Application time: 0.0140195 seconds
[3.812s][info ][safepoint    ] Entering safepoint region: RevokeBias
[3.812s][info ][safepoint    ] Leaving safepoint region
[3.812s][info ][safepoint    ] Total time for which application threads were stopped: 0.0029704 seconds, Stopping threads took: 0.0027277 seconds
[3.815s][info ][safepoint    ] Application time: 0.0031517 seconds
[3.816s][info ][safepoint    ] Entering safepoint region: BulkRevokeBias
[3.817s][info ][safepoint    ] Leaving safepoint region
[3.817s][info ][safepoint    ] Total time for which application threads were stopped: 0.0012390 seconds, Stopping threads took: 0.0001014 seconds
[3.826s][info ][safepoint    ] Application time: 0.0092845 seconds
[3.826s][info ][safepoint    ] Entering safepoint region: RevokeBias
[3.826s][info ][safepoint    ] Leaving safepoint region
[3.826s][info ][safepoint    ] Total time for which application threads were stopped: 0.0004238 seconds, Stopping threads took: 0.0001779 seconds
[3.828s][info ][safepoint    ] Application time: 0.0011064 seconds
[3.828s][info ][safepoint    ] Entering safepoint region: RevokeBias
[3.828s][info ][safepoint    ] Leaving safepoint region
[3.828s][info ][safepoint    ] Total time for which application threads were stopped: 0.0002593 seconds, Stopping threads took: 0.0000357 seconds
[3.830s][info ][safepoint    ] Application time: 0.0024305 seconds
[3.830s][info ][safepoint    ] Entering safepoint region: RevokeBias
[3.831s][info ][safepoint    ] Leaving safepoint region
[3.831s][info ][safepoint    ] Total time for which application threads were stopped: 0.0003644 seconds, Stopping threads took: 0.0001218 seconds
[3.833s][info ][safepoint    ] Application time: 0.0026141 seconds
[3.833s][info ][safepoint    ] Entering safepoint region: RevokeBias
[3.834s][info ][safepoint    ] Leaving safepoint region
[3.834s][info ][safepoint    ] Total time for which application threads were stopped: 0.0004006 seconds, Stopping threads took: 0.0001837 seconds
[3.849s][info ][safepoint    ] Application time: 0.0152135 seconds
[3.852s][info ][safepoint    ] Entering safepoint region: RevokeBias
[3.852s][info ][safepoint    ] Leaving safepoint region
[3.852s][info ][safepoint    ] Total time for which application threads were stopped: 0.0028221 seconds, Stopping threads took: 0.0026484 seconds
[3.866s][info ][safepoint    ] Application time: 0.0145088 seconds
[3.866s][info ][safepoint    ] Entering safepoint region: RevokeBias
[3.867s][info ][safepoint    ] Leaving safepoint region
[3.867s][info ][safepoint    ] Total time for which application threads were stopped: 0.0004311 seconds, Stopping threads took: 0.0001625 seconds
[3.876s][info ][safepoint    ] Application time: 0.0095405 seconds
[3.884s][info ][safepoint    ] Entering safepoint region: RevokeBias
[3.885s][info ][safepoint    ] Leaving safepoint region
[3.885s][info ][safepoint    ] Total time for which application threads were stopped: 0.0087526 seconds, Stopping threads took: 0.0081995 seconds
[3.889s][info ][safepoint    ] Application time: 0.0037822 seconds
[3.891s][info ][safepoint    ] Entering safepoint region: RevokeBias
[3.892s][info ][safepoint    ] Leaving safepoint region
[3.892s][info ][safepoint    ] Total time for which application threads were stopped: 0.0028197 seconds, Stopping threads took: 0.0025734 seconds
[3.898s][info ][safepoint    ] Application time: 0.0058587 seconds
[3.898s][info ][safepoint    ] Entering safepoint region: RevokeBias
[3.898s][info ][safepoint    ] Leaving safepoint region
[3.898s][info ][safepoint    ] Total time for which application threads were stopped: 0.0003968 seconds, Stopping threads took: 0.0001649 seconds
[3.900s][info ][safepoint    ] Application time: 0.0016486 seconds
[3.900s][info ][safepoint    ] Entering safepoint region: RevokeBias
[3.902s][info ][safepoint    ] Leaving safepoint region
[3.902s][info ][safepoint    ] Total time for which application threads were stopped: 0.0024269 seconds, Stopping threads took: 0.0001368 seconds
[3.926s][info ][safepoint    ] Application time: 0.0241954 seconds
[3.926s][info ][safepoint    ] Entering safepoint region: CollectForMetadataAllocation
[3.927s][info ][safepoint    ] Leaving safepoint region
[3.927s][info ][safepoint    ] Total time for which application threads were stopped: 0.0003038 seconds, Stopping threads took: 0.0001406 seconds
[4.086s][info ][safepoint    ] Application time: 0.1599228 seconds
[4.087s][info ][safepoint    ] Entering safepoint region: CollectForMetadataAllocation
[4.087s][info ][safepoint    ] Leaving safepoint region
[4.087s][info ][safepoint    ] Total time for which application threads were stopped: 0.0002811 seconds, Stopping threads took: 0.0000703 seconds
[4.089s][info ][gc           ] GC(1) Concurrent Abortable Preclean 693.996ms
[4.089s][info ][gc,cpu       ] GC(1) User=3.70s Sys=0.09s Real=0.70s
[4.089s][info ][safepoint    ] Application time: 0.0020720 seconds
[4.089s][info ][safepoint    ] Entering safepoint region: CMS_Final_Remark
[4.089s][info ][gc,start     ] GC(1) Pause Remark
[4.123s][debug][gc,phases    ] GC(1) Rescan (parallel) 33.550ms
[4.123s][debug][gc,ref       ] GC(1) Skipped phase1 of Reference Processing due to unavailable references
[4.123s][debug][gc,ref       ] GC(1) Skipped phase2 of Reference Processing due to unavailable references
[4.123s][debug][gc,ref       ] GC(1) Skipped phase3 of Reference Processing due to unavailable references
[4.123s][debug][gc,ref       ] GC(1) Skipped phase4 of Reference Processing due to unavailable references
[4.123s][debug][gc,phases    ] GC(1) Reference Processing 0.030ms
[4.123s][debug][gc,phases    ] GC(1) Weak Processing 0.031ms
[4.123s][debug][gc,phases    ] GC(1) ClassLoaderData 0.413ms
[4.123s][debug][gc,phases    ] GC(1) ProtectionDomainCacheTable 0.004ms
[4.123s][debug][gc,phases    ] GC(1) ResolvedMethodTable 0.049ms
[4.125s][debug][gc,phases    ] GC(1) Class Unloading 1.966ms
[4.127s][debug][gc,phases    ] GC(1) Scrub Symbol Table 1.923ms
[4.127s][debug][gc,phases    ] GC(1) Scrub String Table 0.201ms
[4.128s][info ][gc           ] GC(1) Pause Remark 168M->168M(852M) 38.972ms
[4.128s][info ][gc,cpu       ] GC(1) User=0.15s Sys=0.00s Real=0.04s
[4.128s][info ][safepoint    ] Leaving safepoint region
[4.128s][info ][safepoint    ] Total time for which application threads were stopped: 0.0393312 seconds, Stopping threads took: 0.0001902 seconds
[4.128s][info ][gc           ] GC(1) Concurrent Sweep
[4.130s][info ][gc           ] GC(1) Concurrent Sweep 1.477ms
[4.130s][info ][gc,cpu       ] GC(1) User=0.00s Sys=0.00s Real=0.00s
[4.130s][info ][gc           ] GC(1) Concurrent Reset
[4.148s][info ][gc           ] GC(1) Concurrent Reset 17.689ms
[4.148s][info ][gc,cpu       ] GC(1) User=0.12s Sys=0.02s Real=0.02s
[4.148s][info ][gc,heap      ] GC(1) Old: 2712K->2712K(602112K)
[4.221s][info ][safepoint    ] Application time: 0.0925157 seconds
[4.221s][info ][safepoint    ] Entering safepoint region: RevokeBias
[4.221s][info ][safepoint    ] Leaving safepoint region
[4.221s][info ][safepoint    ] Total time for which application threads were stopped: 0.0003784 seconds, Stopping threads took: 0.0001097 seconds
[4.264s][info ][safepoint    ] Application time: 0.0428818 seconds
[4.264s][info ][safepoint    ] Entering safepoint region: RevokeBias
[4.265s][info ][safepoint    ] Leaving safepoint region
[4.265s][info ][safepoint    ] Total time for which application threads were stopped: 0.0004074 seconds, Stopping threads took: 0.0001573 seconds
[4.321s][info ][safepoint    ] Application time: 0.0562662 seconds
[4.321s][info ][safepoint    ] Entering safepoint region: RevokeBias
[4.321s][info ][safepoint    ] Leaving safepoint region
[4.321s][info ][safepoint    ] Total time for which application threads were stopped: 0.0003456 seconds, Stopping threads took: 0.0001216 seconds
[4.321s][info ][safepoint    ] Application time: 0.0002728 seconds
[4.322s][info ][safepoint    ] Entering safepoint region: Deoptimize
[4.322s][info ][safepoint    ] Leaving safepoint region
[4.322s][info ][safepoint    ] Total time for which application threads were stopped: 0.0007483 seconds, Stopping threads took: 0.0001273 seconds
[4.327s][info ][safepoint    ] Application time: 0.0045724 seconds
[4.327s][info ][safepoint    ] Entering safepoint region: RevokeBias
[4.327s][info ][safepoint    ] Leaving safepoint region
[4.327s][info ][safepoint    ] Total time for which application threads were stopped: 0.0003684 seconds, Stopping threads took: 0.0002039 seconds
[4.332s][info ][safepoint    ] Application time: 0.0051174 seconds
[4.335s][info ][safepoint    ] Entering safepoint region: Deoptimize
[4.336s][info ][safepoint    ] Leaving safepoint region
[4.336s][info ][safepoint    ] Total time for which application threads were stopped: 0.0033114 seconds, Stopping threads took: 0.0026686 seconds
[4.350s][info ][safepoint    ] Application time: 0.0147448 seconds
[4.351s][info ][safepoint    ] Entering safepoint region: RevokeBias
[4.351s][info ][safepoint    ] Leaving safepoint region
[4.351s][info ][safepoint    ] Total time for which application threads were stopped: 0.0003847 seconds, Stopping threads took: 0.0001896 seconds
[4.356s][info ][safepoint    ] Application time: 0.0047536 seconds
[4.356s][info ][safepoint    ] Entering safepoint region: RevokeBias
[4.356s][info ][safepoint    ] Leaving safepoint region
[4.356s][info ][safepoint    ] Total time for which application threads were stopped: 0.0004996 seconds, Stopping threads took: 0.0002812 seconds
[4.393s][info ][safepoint    ] Application time: 0.0369007 seconds
[4.393s][info ][safepoint    ] Entering safepoint region: Deoptimize
[4.394s][info ][safepoint    ] Leaving safepoint region
[4.394s][info ][safepoint    ] Total time for which application threads were stopped: 0.0007948 seconds, Stopping threads took: 0.0000953 seconds
[4.438s][info ][safepoint    ] Application time: 0.0439618 seconds
[4.439s][info ][safepoint    ] Entering safepoint region: RevokeBias
[4.440s][info ][safepoint    ] Leaving safepoint region
[4.440s][info ][safepoint    ] Total time for which application threads were stopped: 0.0018114 seconds, Stopping threads took: 0.0015930 seconds
[4.471s][info ][safepoint    ] Application time: 0.0308939 seconds
[4.471s][info ][safepoint    ] Entering safepoint region: RevokeBias
[4.471s][info ][safepoint    ] Leaving safepoint region
[4.471s][info ][safepoint    ] Total time for which application threads were stopped: 0.0004356 seconds, Stopping threads took: 0.0002019 seconds
[4.472s][info ][safepoint    ] Application time: 0.0007162 seconds
[4.472s][info ][safepoint    ] Entering safepoint region: RevokeBias
[4.472s][info ][safepoint    ] Leaving safepoint region
[4.472s][info ][safepoint    ] Total time for which application threads were stopped: 0.0003337 seconds, Stopping threads took: 0.0001770 seconds
[4.476s][info ][safepoint    ] Application time: 0.0036428 seconds
[4.477s][info ][safepoint    ] Entering safepoint region: RevokeBias
[4.477s][info ][safepoint    ] Leaving safepoint region
[4.477s][info ][safepoint    ] Total time for which application threads were stopped: 0.0011227 seconds, Stopping threads took: 0.0010065 seconds
[4.489s][info ][safepoint    ] Application time: 0.0117741 seconds
[4.491s][info ][safepoint    ] Entering safepoint region: RevokeBias
[4.491s][info ][safepoint    ] Leaving safepoint region
[4.491s][info ][safepoint    ] Total time for which application threads were stopped: 0.0027776 seconds, Stopping threads took: 0.0026111 seconds
[4.495s][info ][safepoint    ] Application time: 0.0033151 seconds
[4.495s][info ][safepoint    ] Entering safepoint region: RevokeBias
[4.495s][info ][safepoint    ] Leaving safepoint region
[4.495s][info ][safepoint    ] Total time for which application threads were stopped: 0.0003666 seconds, Stopping threads took: 0.0001448 seconds
[4.497s][info ][safepoint    ] Application time: 0.0023689 seconds
[4.498s][info ][safepoint    ] Entering safepoint region: Deoptimize
[4.498s][info ][safepoint    ] Leaving safepoint region
[4.498s][info ][safepoint    ] Total time for which application threads were stopped: 0.0006840 seconds, Stopping threads took: 0.0001109 seconds
[4.505s][info ][safepoint    ] Application time: 0.0071620 seconds
[4.505s][info ][safepoint    ] Entering safepoint region: RevokeBias
[4.506s][info ][safepoint    ] Leaving safepoint region
[4.506s][info ][safepoint    ] Total time for which application threads were stopped: 0.0002861 seconds, Stopping threads took: 0.0001133 seconds
[4.510s][info ][safepoint    ] Application time: 0.0038350 seconds
[4.510s][info ][safepoint    ] Entering safepoint region: RevokeBias
[4.510s][info ][safepoint    ] Leaving safepoint region
[4.510s][info ][safepoint    ] Total time for which application threads were stopped: 0.0003552 seconds, Stopping threads took: 0.0002699 seconds
[4.510s][info ][safepoint    ] Application time: 0.0001136 seconds
[4.510s][info ][safepoint    ] Entering safepoint region: RevokeBias
[4.510s][info ][safepoint    ] Leaving safepoint region
[4.510s][info ][safepoint    ] Total time for which application threads were stopped: 0.0002399 seconds, Stopping threads took: 0.0001683 seconds
[4.512s][info ][safepoint    ] Application time: 0.0018812 seconds
[4.512s][info ][safepoint    ] Entering safepoint region: RevokeBias
[4.512s][info ][safepoint    ] Leaving safepoint region
[4.512s][info ][safepoint    ] Total time for which application threads were stopped: 0.0002836 seconds, Stopping threads took: 0.0001548 seconds
[4.512s][info ][safepoint    ] Application time: 0.0000595 seconds
[4.512s][info ][safepoint    ] Entering safepoint region: RevokeBias
[4.513s][info ][safepoint    ] Leaving safepoint region
[4.513s][info ][safepoint    ] Total time for which application threads were stopped: 0.0000633 seconds, Stopping threads took: 0.0000044 seconds
[4.513s][info ][safepoint    ] Application time: 0.0000775 seconds
[4.513s][info ][safepoint    ] Entering safepoint region: RevokeBias
[4.513s][info ][safepoint    ] Leaving safepoint region
[4.513s][info ][safepoint    ] Total time for which application threads were stopped: 0.0001556 seconds, Stopping threads took: 0.0000977 seconds
[4.513s][info ][safepoint    ] Application time: 0.0000689 seconds
[4.513s][info ][safepoint    ] Entering safepoint region: RevokeBias
[4.513s][info ][safepoint    ] Leaving safepoint region
[4.513s][info ][safepoint    ] Total time for which application threads were stopped: 0.0001217 seconds, Stopping threads took: 0.0000668 seconds
[4.514s][info ][safepoint    ] Application time: 0.0008578 seconds
[4.514s][info ][safepoint    ] Entering safepoint region: RevokeBias
[4.514s][info ][safepoint    ] Leaving safepoint region
[4.514s][info ][safepoint    ] Total time for which application threads were stopped: 0.0002497 seconds, Stopping threads took: 0.0001669 seconds
[4.514s][info ][safepoint    ] Application time: 0.0001470 seconds
[4.514s][info ][safepoint    ] Entering safepoint region: BulkRevokeBias
[4.515s][info ][safepoint    ] Leaving safepoint region
[4.515s][info ][safepoint    ] Total time for which application threads were stopped: 0.0008120 seconds, Stopping threads took: 0.0001328 seconds
[4.515s][info ][safepoint    ] Application time: 0.0003374 seconds
[4.516s][info ][safepoint    ] Entering safepoint region: RevokeBias
[4.516s][info ][safepoint    ] Leaving safepoint region
[4.516s][info ][safepoint    ] Total time for which application threads were stopped: 0.0002858 seconds, Stopping threads took: 0.0001380 seconds
[4.523s][info ][safepoint    ] Application time: 0.0068220 seconds
[4.523s][info ][safepoint    ] Entering safepoint region: RevokeBias
[4.523s][info ][safepoint    ] Leaving safepoint region
[4.523s][info ][safepoint    ] Total time for which application threads were stopped: 0.0002696 seconds, Stopping threads took: 0.0000701 seconds
[4.530s][info ][safepoint    ] Application time: 0.0075496 seconds
[4.531s][info ][safepoint    ] Entering safepoint region: GenCollectForAllocation
[4.531s][info ][gc,start     ] GC(2) Pause Young (Allocation Failure)
[4.531s][info ][gc,task      ] GC(2) Using 4 workers of 4 for evacuation
[4.601s][debug][gc,ref       ] GC(2) Skipped phase1 of Reference Processing due to unavailable references
[4.601s][debug][gc,ref       ] GC(2) Skipped phase3 of Reference Processing due to unavailable references
[4.602s][debug][gc,age       ] GC(2) Desired survivor size 15400960 bytes, new threshold 1 (max threshold 6)
[4.602s][info ][gc,heap      ] GC(2) ParNew: 270974K->30080K(270976K)
[4.602s][info ][gc,heap      ] GC(2) CMS: 2712K->40667K(602112K)
[4.602s][info ][gc,metaspace ] GC(2) Metaspace: 33552K->33552K(1079296K)
[4.602s][info ][gc           ] GC(2) Pause Young (Allocation Failure) 267M->69M(852M) 70.918ms
[4.602s][info ][gc,cpu       ] GC(2) User=0.24s Sys=0.02s Real=0.07s
[4.602s][info ][safepoint    ] Leaving safepoint region
[4.602s][info ][safepoint    ] Total time for which application threads were stopped: 0.0713665 seconds, Stopping threads took: 0.0002725 seconds
[4.603s][info ][safepoint    ] Application time: 0.0016190 seconds
[4.604s][info ][safepoint    ] Entering safepoint region: RevokeBias
[4.604s][info ][safepoint    ] Leaving safepoint region
[4.604s][info ][safepoint    ] Total time for which application threads were stopped: 0.0002803 seconds, Stopping threads took: 0.0001545 seconds
[4.604s][info ][safepoint    ] Application time: 0.0000694 seconds
[4.604s][info ][safepoint    ] Entering safepoint region: RevokeBias
[4.604s][info ][safepoint    ] Leaving safepoint region
[4.604s][info ][safepoint    ] Total time for which application threads were stopped: 0.0001972 seconds, Stopping threads took: 0.0000954 seconds
[4.620s][info ][safepoint    ] Application time: 0.0155657 seconds
[4.620s][info ][safepoint    ] Entering safepoint region: RevokeBias
[4.620s][info ][safepoint    ] Leaving safepoint region
[4.620s][info ][safepoint    ] Total time for which application threads were stopped: 0.0003376 seconds, Stopping threads took: 0.0001176 seconds
[4.645s][info ][safepoint    ] Application time: 0.0246820 seconds
[4.645s][info ][safepoint    ] Entering safepoint region: RevokeBias
[4.645s][info ][safepoint    ] Leaving safepoint region
[4.645s][info ][safepoint    ] Total time for which application threads were stopped: 0.0003492 seconds, Stopping threads took: 0.0001589 seconds
[4.651s][info ][safepoint    ] Application time: 0.0056301 seconds
[4.651s][info ][safepoint    ] Entering safepoint region: RevokeBias
[4.651s][info ][safepoint    ] Leaving safepoint region
[4.651s][info ][safepoint    ] Total time for which application threads were stopped: 0.0002340 seconds, Stopping threads took: 0.0000767 seconds
[4.674s][info ][safepoint    ] Application time: 0.0233507 seconds
[4.674s][info ][safepoint    ] Entering safepoint region: BulkRevokeBias
[4.675s][info ][safepoint    ] Leaving safepoint region
[4.675s][info ][safepoint    ] Total time for which application threads were stopped: 0.0010875 seconds, Stopping threads took: 0.0001672 seconds
[4.730s][info ][safepoint    ] Application time: 0.0548460 seconds
[4.730s][info ][safepoint    ] Entering safepoint region: RevokeBias
[4.731s][info ][safepoint    ] Leaving safepoint region
[4.731s][info ][safepoint    ] Total time for which application threads were stopped: 0.0004444 seconds, Stopping threads took: 0.0002341 seconds
[4.826s][info ][safepoint    ] Application time: 0.0952395 seconds
[4.826s][info ][safepoint    ] Entering safepoint region: Deoptimize
[4.827s][info ][safepoint    ] Leaving safepoint region
[4.827s][info ][safepoint    ] Total time for which application threads were stopped: 0.0008223 seconds, Stopping threads took: 0.0000816 seconds
[4.829s][info ][safepoint    ] Application time: 0.0023858 seconds
[4.829s][info ][safepoint    ] Entering safepoint region: Deoptimize
[4.830s][info ][safepoint    ] Leaving safepoint region
[4.830s][info ][safepoint    ] Total time for which application threads were stopped: 0.0007199 seconds, Stopping threads took: 0.0000990 seconds
[4.832s][info ][safepoint    ] Application time: 0.0020634 seconds
[4.832s][info ][safepoint    ] Entering safepoint region: RevokeBias
[4.832s][info ][safepoint    ] Leaving safepoint region
[4.832s][info ][safepoint    ] Total time for which application threads were stopped: 0.0002832 seconds, Stopping threads took: 0.0001837 seconds
[4.842s][info ][safepoint    ] Application time: 0.0098787 seconds
[4.842s][info ][safepoint    ] Entering safepoint region: RevokeBias
[4.842s][info ][safepoint    ] Leaving safepoint region
[4.842s][info ][safepoint    ] Total time for which application threads were stopped: 0.0002638 seconds, Stopping threads took: 0.0001328 seconds
[4.845s][info ][safepoint    ] Application time: 0.0026827 seconds
[4.845s][info ][safepoint    ] Entering safepoint region: RevokeBias
[4.845s][info ][safepoint    ] Leaving safepoint region
[4.845s][info ][safepoint    ] Total time for which application threads were stopped: 0.0002421 seconds, Stopping threads took: 0.0001148 seconds
[4.845s][info ][safepoint    ] Application time: 0.0000536 seconds
[4.846s][info ][safepoint    ] Entering safepoint region: RevokeBias
[4.846s][info ][safepoint    ] Leaving safepoint region
[4.846s][info ][safepoint    ] Total time for which application threads were stopped: 0.0001038 seconds, Stopping threads took: 0.0000408 seconds
[4.846s][info ][safepoint    ] Application time: 0.0000543 seconds
[4.846s][info ][safepoint    ] Entering safepoint region: RevokeBias
[4.846s][info ][safepoint    ] Leaving safepoint region
[4.846s][info ][safepoint    ] Total time for which application threads were stopped: 0.0000982 seconds, Stopping threads took: 0.0000364 seconds
[4.847s][info ][safepoint    ] Application time: 0.0007426 seconds
[4.847s][info ][safepoint    ] Entering safepoint region: RevokeBias
[4.847s][info ][safepoint    ] Leaving safepoint region
[4.847s][info ][safepoint    ] Total time for which application threads were stopped: 0.0002380 seconds, Stopping threads took: 0.0001239 seconds
[4.847s][info ][safepoint    ] Application time: 0.0001765 seconds
[4.847s][info ][safepoint    ] Entering safepoint region: RevokeBias
[4.847s][info ][safepoint    ] Leaving safepoint region
[4.847s][info ][safepoint    ] Total time for which application threads were stopped: 0.0001524 seconds, Stopping threads took: 0.0000850 seconds
[4.880s][info ][safepoint    ] Application time: 0.0331812 seconds
[4.881s][info ][safepoint    ] Entering safepoint region: RevokeBias
[4.881s][info ][safepoint    ] Leaving safepoint region
[4.881s][info ][safepoint    ] Total time for which application threads were stopped: 0.0003382 seconds, Stopping threads took: 0.0001974 seconds
[4.910s][info ][safepoint    ] Application time: 0.0293531 seconds
[4.910s][info ][safepoint    ] Entering safepoint region: ICBufferFull
[4.910s][info ][safepoint    ] Leaving safepoint region
[4.910s][info ][safepoint    ] Total time for which application threads were stopped: 0.0003677 seconds, Stopping threads took: 0.0001731 seconds
[4.911s][info ][safepoint    ] Application time: 0.0004224 seconds
[4.911s][info ][safepoint    ] Entering safepoint region: RevokeBias
[4.911s][info ][safepoint    ] Leaving safepoint region
[4.911s][info ][safepoint    ] Total time for which application threads were stopped: 0.0002715 seconds, Stopping threads took: 0.0001483 seconds
[4.917s][info ][safepoint    ] Application time: 0.0061581 seconds
[4.917s][info ][safepoint    ] Entering safepoint region: RevokeBias
[4.918s][info ][safepoint    ] Leaving safepoint region
[4.918s][info ][safepoint    ] Total time for which application threads were stopped: 0.0003119 seconds, Stopping threads took: 0.0001657 seconds
[4.925s][info ][safepoint    ] Application time: 0.0069681 seconds
[4.925s][info ][safepoint    ] Entering safepoint region: RevokeBias
[4.925s][info ][safepoint    ] Leaving safepoint region
[4.925s][info ][safepoint    ] Total time for which application threads were stopped: 0.0002134 seconds, Stopping threads took: 0.0001001 seconds
[4.957s][info ][safepoint    ] Application time: 0.0325088 seconds
[4.958s][info ][safepoint    ] Entering safepoint region: RevokeBias
[4.958s][info ][safepoint    ] Leaving safepoint region
[4.958s][info ][safepoint    ] Total time for which application threads were stopped: 0.0003796 seconds, Stopping threads took: 0.0002281 seconds
[4.989s][info ][safepoint    ] Application time: 0.0311863 seconds
[4.989s][info ][safepoint    ] Entering safepoint region: GenCollectForAllocation
[4.989s][info ][gc,start     ] GC(3) Pause Young (Allocation Failure)
[4.989s][info ][gc,task      ] GC(3) Using 4 workers of 4 for evacuation
[5.058s][debug][gc,ref       ] GC(3) Skipped phase1 of Reference Processing due to unavailable references
[5.058s][debug][gc,ref       ] GC(3) Skipped phase3 of Reference Processing due to unavailable references
[5.058s][debug][gc,age       ] GC(3) Desired survivor size 15400960 bytes, new threshold 1 (max threshold 6)
[5.058s][info ][gc,heap      ] GC(3) ParNew: 270976K->30080K(270976K)
[5.058s][info ][gc,heap      ] GC(3) CMS: 40667K->72797K(602112K)
[5.058s][info ][gc,metaspace ] GC(3) Metaspace: 36417K->36417K(1081344K)
[5.058s][info ][gc           ] GC(3) Pause Young (Allocation Failure) 304M->100M(852M) 68.795ms
[5.058s][info ][gc,cpu       ] GC(3) User=0.28s Sys=0.00s Real=0.07s
[5.058s][info ][safepoint    ] Leaving safepoint region
[5.058s][info ][safepoint    ] Total time for which application threads were stopped: 0.0691214 seconds, Stopping threads took: 0.0001164 seconds
[5.070s][info ][safepoint    ] Application time: 0.0121149 seconds
[5.070s][info ][safepoint    ] Entering safepoint region: Deoptimize
[5.071s][info ][safepoint    ] Leaving safepoint region
[5.071s][info ][safepoint    ] Total time for which application threads were stopped: 0.0007330 seconds, Stopping threads took: 0.0000585 seconds
[5.088s][info ][safepoint    ] Application time: 0.0171128 seconds
[5.088s][info ][safepoint    ] Entering safepoint region: RevokeBias
[5.088s][info ][safepoint    ] Leaving safepoint region
[5.088s][info ][safepoint    ] Total time for which application threads were stopped: 0.0002426 seconds, Stopping threads took: 0.0001110 seconds
[5.091s][info ][safepoint    ] Application time: 0.0026661 seconds
[5.091s][info ][safepoint    ] Entering safepoint region: Deoptimize
[5.092s][info ][safepoint    ] Leaving safepoint region
[5.092s][info ][safepoint    ] Total time for which application threads were stopped: 0.0007820 seconds, Stopping threads took: 0.0000913 seconds
[5.095s][info ][safepoint    ] Application time: 0.0030628 seconds
[5.095s][info ][safepoint    ] Entering safepoint region: RevokeBias
[5.095s][info ][safepoint    ] Leaving safepoint region
[5.095s][info ][safepoint    ] Total time for which application threads were stopped: 0.0002884 seconds, Stopping threads took: 0.0001599 seconds
[5.099s][info ][safepoint    ] Application time: 0.0033443 seconds
[5.099s][info ][safepoint    ] Entering safepoint region: RevokeBias
[5.099s][info ][safepoint    ] Leaving safepoint region
[5.099s][info ][safepoint    ] Total time for which application threads were stopped: 0.0002081 seconds, Stopping threads took: 0.0001146 seconds
[5.101s][info ][safepoint    ] Application time: 0.0020723 seconds
[5.101s][info ][safepoint    ] Entering safepoint region: RevokeBias
[5.101s][info ][safepoint    ] Leaving safepoint region
[5.101s][info ][safepoint    ] Total time for which application threads were stopped: 0.0001635 seconds, Stopping threads took: 0.0000901 seconds
[5.346s][info ][safepoint    ] Application time: 0.2446460 seconds
[5.346s][info ][safepoint    ] Entering safepoint region: GenCollectForAllocation
[5.346s][info ][gc,start     ] GC(4) Pause Young (Allocation Failure)
[5.346s][info ][gc,task      ] GC(4) Using 4 workers of 4 for evacuation
[5.400s][debug][gc,ref       ] GC(4) Skipped phase1 of Reference Processing due to unavailable references
[5.400s][debug][gc,ref       ] GC(4) Skipped phase3 of Reference Processing due to unavailable references
[5.400s][debug][gc,age       ] GC(4) Desired survivor size 15400960 bytes, new threshold 6 (max threshold 6)
[5.400s][info ][gc,heap      ] GC(4) ParNew: 270976K->28367K(270976K)
[5.400s][info ][gc,heap      ] GC(4) CMS: 72797K->101482K(602112K)
[5.400s][info ][gc,metaspace ] GC(4) Metaspace: 36655K->36655K(1083392K)
[5.400s][info ][gc           ] GC(4) Pause Young (Allocation Failure) 335M->126M(852M) 53.968ms
[5.400s][info ][gc,cpu       ] GC(4) User=0.20s Sys=0.01s Real=0.05s
[5.400s][info ][safepoint    ] Leaving safepoint region
[5.400s][info ][safepoint    ] Total time for which application threads were stopped: 0.0542960 seconds, Stopping threads took: 0.0000720 seconds
[5.532s][info ][safepoint    ] Application time: 0.1324473 seconds
[5.533s][info ][safepoint    ] Entering safepoint region: GenCollectForAllocation
[5.533s][info ][gc,start     ] GC(5) Pause Young (Allocation Failure)
[5.533s][info ][gc,task      ] GC(5) Using 4 workers of 4 for evacuation
[5.549s][debug][gc,ref       ] GC(5) Skipped phase1 of Reference Processing due to unavailable references
[5.549s][debug][gc,ref       ] GC(5) Skipped phase3 of Reference Processing due to unavailable references
[5.549s][debug][gc,age       ] GC(5) Desired survivor size 15400960 bytes, new threshold 2 (max threshold 6)
[5.549s][info ][gc,heap      ] GC(5) ParNew: 269263K->26003K(270976K)
[5.549s][info ][gc,heap      ] GC(5) CMS: 101482K->101482K(602112K)
[5.549s][info ][gc,metaspace ] GC(5) Metaspace: 36689K->36689K(1083392K)
[5.549s][info ][gc           ] GC(5) Pause Young (Allocation Failure) 362M->124M(852M) 15.901ms
[5.549s][info ][gc,cpu       ] GC(5) User=0.07s Sys=0.00s Real=0.02s
[5.549s][info ][safepoint    ] Leaving safepoint region
[5.549s][info ][safepoint    ] Total time for which application threads were stopped: 0.0162166 seconds, Stopping threads took: 0.0000966 seconds
[5.709s][info ][safepoint    ] Application time: 0.1599825 seconds
[5.709s][info ][safepoint    ] Entering safepoint region: GenCollectForAllocation
[5.709s][info ][gc,start     ] GC(6) Pause Young (Allocation Failure)
[5.709s][info ][gc,task      ] GC(6) Using 4 workers of 4 for evacuation
[5.734s][debug][gc,ref       ] GC(6) Skipped phase1 of Reference Processing due to unavailable references
[5.734s][debug][gc,ref       ] GC(6) Skipped phase2 of Reference Processing due to unavailable references
[5.734s][debug][gc,ref       ] GC(6) Skipped phase3 of Reference Processing due to unavailable references
[5.734s][debug][gc,ref       ] GC(6) Skipped phase4 of Reference Processing due to unavailable references
[5.734s][debug][gc,age       ] GC(6) Desired survivor size 15400960 bytes, new threshold 6 (max threshold 6)
[5.734s][info ][gc,heap      ] GC(6) ParNew: 266899K->8585K(270976K)
[5.734s][info ][gc,heap      ] GC(6) CMS: 101482K->116286K(602112K)
[5.734s][info ][gc,metaspace ] GC(6) Metaspace: 36691K->36691K(1083392K)
[5.734s][info ][gc           ] GC(6) Pause Young (Allocation Failure) 359M->121M(852M) 24.966ms
[5.734s][info ][gc,cpu       ] GC(6) User=0.10s Sys=0.00s Real=0.02s
[5.734s][info ][safepoint    ] Leaving safepoint region
[5.734s][info ][safepoint    ] Total time for which application threads were stopped: 0.0252772 seconds, Stopping threads took: 0.0001290 seconds
[5.869s][info ][safepoint    ] Application time: 0.1344715 seconds
[5.869s][info ][safepoint    ] Entering safepoint region: GenCollectForAllocation
[5.869s][info ][gc,start     ] GC(7) Pause Young (Allocation Failure)
[5.869s][info ][gc,task      ] GC(7) Using 4 workers of 4 for evacuation
[5.873s][debug][gc,ref       ] GC(7) Skipped phase1 of Reference Processing due to unavailable references
[5.873s][debug][gc,ref       ] GC(7) Skipped phase2 of Reference Processing due to unavailable references
[5.873s][debug][gc,ref       ] GC(7) Skipped phase3 of Reference Processing due to unavailable references
[5.873s][debug][gc,ref       ] GC(7) Skipped phase4 of Reference Processing due to unavailable references
[5.874s][debug][gc,age       ] GC(7) Desired survivor size 15400960 bytes, new threshold 6 (max threshold 6)
[5.874s][info ][gc,heap      ] GC(7) ParNew: 249481K->3441K(270976K)
[5.874s][info ][gc,heap      ] GC(7) CMS: 116286K->116286K(602112K)
[5.874s][info ][gc,metaspace ] GC(7) Metaspace: 36691K->36691K(1083392K)
[5.874s][info ][gc           ] GC(7) Pause Young (Allocation Failure) 357M->116M(852M) 4.767ms
[5.874s][info ][gc,cpu       ] GC(7) User=0.02s Sys=0.00s Real=0.00s
[5.874s][info ][safepoint    ] Leaving safepoint region
[5.874s][info ][safepoint    ] Total time for which application threads were stopped: 0.0050614 seconds, Stopping threads took: 0.0001073 seconds
[5.915s][info ][safepoint    ] Application time: 0.0410541 seconds
[5.915s][info ][safepoint    ] Entering safepoint region: GenCollectForAllocation
[5.915s][info ][gc,start     ] GC(8) Pause Young (Allocation Failure)
[5.915s][info ][gc,task      ] GC(8) Using 4 workers of 4 for evacuation
[5.919s][debug][gc,ref       ] GC(8) Skipped phase1 of Reference Processing due to unavailable references
[5.919s][debug][gc,ref       ] GC(8) Skipped phase2 of Reference Processing due to unavailable references
[5.919s][debug][gc,ref       ] GC(8) Skipped phase3 of Reference Processing due to unavailable references
[5.919s][debug][gc,ref       ] GC(8) Skipped phase4 of Reference Processing due to unavailable references
[5.919s][debug][gc,age       ] GC(8) Desired survivor size 15400960 bytes, new threshold 6 (max threshold 6)
[5.919s][info ][gc,heap      ] GC(8) ParNew: 244337K->4052K(270976K)
[5.919s][info ][gc,heap      ] GC(8) CMS: 116286K->116286K(602112K)
[5.919s][info ][gc,metaspace ] GC(8) Metaspace: 36691K->36691K(1083392K)
[5.919s][info ][gc           ] GC(8) Pause Young (Allocation Failure) 352M->117M(852M) 4.253ms
[5.919s][info ][gc,cpu       ] GC(8) User=0.02s Sys=0.00s Real=0.01s
[5.919s][info ][safepoint    ] Leaving safepoint region
[5.919s][info ][safepoint    ] Total time for which application threads were stopped: 0.0045514 seconds, Stopping threads took: 0.0001434 seconds
[5.984s][info ][safepoint    ] Application time: 0.0647888 seconds
[5.984s][info ][safepoint    ] Entering safepoint region: GenCollectForAllocation
[5.984s][info ][gc,start     ] GC(9) Pause Young (Allocation Failure)
[5.984s][info ][gc,task      ] GC(9) Using 4 workers of 4 for evacuation
[5.989s][debug][gc,ref       ] GC(9) Skipped phase1 of Reference Processing due to unavailable references
[5.989s][debug][gc,ref       ] GC(9) Skipped phase2 of Reference Processing due to unavailable references
[5.989s][debug][gc,ref       ] GC(9) Skipped phase3 of Reference Processing due to unavailable references
[5.989s][debug][gc,ref       ] GC(9) Skipped phase4 of Reference Processing due to unavailable references
[5.989s][debug][gc,age       ] GC(9) Desired survivor size 15400960 bytes, new threshold 6 (max threshold 6)
[5.989s][info ][gc,heap      ] GC(9) ParNew: 244948K->3391K(270976K)
[5.989s][info ][gc,heap      ] GC(9) CMS: 116286K->116286K(602112K)
[5.989s][info ][gc,metaspace ] GC(9) Metaspace: 36691K->36691K(1083392K)
[5.989s][info ][gc           ] GC(9) Pause Young (Allocation Failure) 352M->116M(852M) 4.507ms
[5.989s][info ][gc,cpu       ] GC(9) User=0.02s Sys=0.00s Real=0.00s
[5.989s][info ][safepoint    ] Leaving safepoint region
[5.989s][info ][safepoint    ] Total time for which application threads were stopped: 0.0047845 seconds, Stopping threads took: 0.0001336 seconds
[6.030s][info ][safepoint    ] Application time: 0.0407832 seconds
[6.030s][info ][safepoint    ] Entering safepoint region: GenCollectForAllocation
[6.030s][info ][gc,start     ] GC(10) Pause Young (Allocation Failure)
[6.030s][info ][gc,task      ] GC(10) Using 4 workers of 4 for evacuation
[6.034s][debug][gc,ref       ] GC(10) Skipped phase1 of Reference Processing due to unavailable references
[6.034s][debug][gc,ref       ] GC(10) Skipped phase2 of Reference Processing due to unavailable references
[6.034s][debug][gc,ref       ] GC(10) Skipped phase3 of Reference Processing due to unavailable references
[6.034s][debug][gc,ref       ] GC(10) Skipped phase4 of Reference Processing due to unavailable references
[6.034s][debug][gc,age       ] GC(10) Desired survivor size 15400960 bytes, new threshold 6 (max threshold 6)
[6.034s][info ][gc,heap      ] GC(10) ParNew: 244287K->3430K(270976K)
[6.034s][info ][gc,heap      ] GC(10) CMS: 116286K->116286K(602112K)
[6.035s][info ][gc,metaspace ] GC(10) Metaspace: 36692K->36692K(1083392K)
[6.035s][info ][gc           ] GC(10) Pause Young (Allocation Failure) 352M->116M(852M) 4.558ms
[6.035s][info ][gc,cpu       ] GC(10) User=0.02s Sys=0.00s Real=0.00s
[6.035s][info ][safepoint    ] Leaving safepoint region
[6.035s][info ][safepoint    ] Total time for which application threads were stopped: 0.0048728 seconds, Stopping threads took: 0.0001546 seconds
[6.092s][info ][safepoint    ] Application time: 0.0572571 seconds
[6.092s][info ][safepoint    ] Entering safepoint region: GenCollectForAllocation
[6.092s][info ][gc,start     ] GC(11) Pause Young (Allocation Failure)
[6.092s][info ][gc,task      ] GC(11) Using 4 workers of 4 for evacuation
[6.097s][debug][gc,ref       ] GC(11) Skipped phase1 of Reference Processing due to unavailable references
[6.097s][debug][gc,ref       ] GC(11) Skipped phase2 of Reference Processing due to unavailable references
[6.097s][debug][gc,ref       ] GC(11) Skipped phase3 of Reference Processing due to unavailable references
[6.097s][debug][gc,ref       ] GC(11) Skipped phase4 of Reference Processing due to unavailable references
[6.097s][debug][gc,age       ] GC(11) Desired survivor size 15400960 bytes, new threshold 6 (max threshold 6)
[6.097s][info ][gc,heap      ] GC(11) ParNew: 244326K->2788K(270976K)
[6.097s][info ][gc,heap      ] GC(11) CMS: 116286K->117523K(602112K)
[6.097s][info ][gc,metaspace ] GC(11) Metaspace: 36692K->36692K(1083392K)
[6.097s][info ][gc           ] GC(11) Pause Young (Allocation Failure) 352M->117M(852M) 5.245ms
[6.097s][info ][gc,cpu       ] GC(11) User=0.02s Sys=0.00s Real=0.01s
[6.097s][info ][safepoint    ] Leaving safepoint region
[6.097s][info ][safepoint    ] Total time for which application threads were stopped: 0.0055858 seconds, Stopping threads took: 0.0001360 seconds
[6.137s][info ][safepoint    ] Application time: 0.0399263 seconds
[6.138s][info ][safepoint    ] Entering safepoint region: GenCollectForAllocation
[6.138s][info ][gc,start     ] GC(12) Pause Young (Allocation Failure)
[6.138s][info ][gc,task      ] GC(12) Using 4 workers of 4 for evacuation
[6.142s][debug][gc,ref       ] GC(12) Skipped phase1 of Reference Processing due to unavailable references
[6.142s][debug][gc,ref       ] GC(12) Skipped phase2 of Reference Processing due to unavailable references
[6.142s][debug][gc,ref       ] GC(12) Skipped phase3 of Reference Processing due to unavailable references
[6.142s][debug][gc,ref       ] GC(12) Skipped phase4 of Reference Processing due to unavailable references
[6.142s][debug][gc,age       ] GC(12) Desired survivor size 15400960 bytes, new threshold 6 (max threshold 6)
[6.142s][info ][gc,heap      ] GC(12) ParNew: 243684K->1953K(270976K)
[6.142s][info ][gc,heap      ] GC(12) CMS: 117523K->118769K(602112K)
[6.142s][info ][gc,metaspace ] GC(12) Metaspace: 36692K->36692K(1083392K)
[6.142s][info ][gc           ] GC(12) Pause Young (Allocation Failure) 352M->117M(852M) 4.078ms
[6.142s][info ][gc,cpu       ] GC(12) User=0.01s Sys=0.00s Real=0.00s
[6.142s][info ][safepoint    ] Leaving safepoint region
[6.142s][info ][safepoint    ] Total time for which application threads were stopped: 0.0043540 seconds, Stopping threads took: 0.0001034 seconds
[6.178s][info ][safepoint    ] Application time: 0.0360481 seconds
[6.178s][info ][safepoint    ] Entering safepoint region: GenCollectForAllocation
[6.178s][info ][gc,start     ] GC(13) Pause Young (Allocation Failure)
[6.178s][info ][gc,task      ] GC(13) Using 4 workers of 4 for evacuation
[6.180s][debug][gc,ref       ] GC(13) Skipped phase1 of Reference Processing due to unavailable references
[6.180s][debug][gc,ref       ] GC(13) Skipped phase2 of Reference Processing due to unavailable references
[6.180s][debug][gc,ref       ] GC(13) Skipped phase3 of Reference Processing due to unavailable references
[6.180s][debug][gc,ref       ] GC(13) Skipped phase4 of Reference Processing due to unavailable references
[6.180s][debug][gc,age       ] GC(13) Desired survivor size 15400960 bytes, new threshold 6 (max threshold 6)
[6.180s][info ][gc,heap      ] GC(13) ParNew: 242849K->616K(270976K)
[6.180s][info ][gc,heap      ] GC(13) CMS: 118769K->118994K(602112K)
[6.180s][info ][gc,metaspace ] GC(13) Metaspace: 36692K->36692K(1083392K)
[6.180s][info ][gc           ] GC(13) Pause Young (Allocation Failure) 353M->116M(852M) 2.128ms
[6.180s][info ][gc,cpu       ] GC(13) User=0.01s Sys=0.00s Real=0.00s
[6.180s][info ][safepoint    ] Leaving safepoint region
[6.180s][info ][safepoint    ] Total time for which application threads were stopped: 0.0025068 seconds, Stopping threads took: 0.0002144 seconds
[6.232s][info ][safepoint    ] Application time: 0.0514944 seconds
[6.232s][info ][safepoint    ] Entering safepoint region: GenCollectForAllocation
[6.232s][info ][gc,start     ] GC(14) Pause Young (Allocation Failure)
[6.232s][info ][gc,task      ] GC(14) Using 4 workers of 4 for evacuation
[6.234s][debug][gc,ref       ] GC(14) Skipped phase1 of Reference Processing due to unavailable references
[6.234s][debug][gc,ref       ] GC(14) Skipped phase2 of Reference Processing due to unavailable references
[6.234s][debug][gc,ref       ] GC(14) Skipped phase3 of Reference Processing due to unavailable references
[6.234s][debug][gc,ref       ] GC(14) Skipped phase4 of Reference Processing due to unavailable references
[6.234s][debug][gc,age       ] GC(14) Desired survivor size 15400960 bytes, new threshold 6 (max threshold 6)
[6.234s][info ][gc,heap      ] GC(14) ParNew: 241512K->475K(270976K)
[6.234s][info ][gc,heap      ] GC(14) CMS: 118994K->119025K(602112K)
[6.234s][info ][gc,metaspace ] GC(14) Metaspace: 36692K->36692K(1083392K)
[6.234s][info ][gc           ] GC(14) Pause Young (Allocation Failure) 352M->116M(852M) 1.805ms
[6.234s][info ][gc,cpu       ] GC(14) User=0.01s Sys=0.00s Real=0.00s
[6.234s][info ][safepoint    ] Leaving safepoint region
[6.234s][info ][safepoint    ] Total time for which application threads were stopped: 0.0021339 seconds, Stopping threads took: 0.0001521 seconds
[6.273s][info ][safepoint    ] Application time: 0.0393708 seconds
[6.274s][info ][safepoint    ] Entering safepoint region: GenCollectForAllocation
[6.274s][info ][gc,start     ] GC(15) Pause Young (Allocation Failure)
[6.274s][info ][gc,task      ] GC(15) Using 4 workers of 4 for evacuation
[6.275s][debug][gc,ref       ] GC(15) Skipped phase1 of Reference Processing due to unavailable references
[6.275s][debug][gc,ref       ] GC(15) Skipped phase2 of Reference Processing due to unavailable references
[6.275s][debug][gc,ref       ] GC(15) Skipped phase3 of Reference Processing due to unavailable references
[6.275s][debug][gc,ref       ] GC(15) Skipped phase4 of Reference Processing due to unavailable references
[6.275s][debug][gc,age       ] GC(15) Desired survivor size 15400960 bytes, new threshold 6 (max threshold 6)
[6.275s][info ][gc,heap      ] GC(15) ParNew: 241371K->500K(270976K)
[6.275s][info ][gc,heap      ] GC(15) CMS: 119025K->119074K(602112K)
[6.275s][info ][gc,metaspace ] GC(15) Metaspace: 36692K->36692K(1083392K)
[6.275s][info ][gc           ] GC(15) Pause Young (Allocation Failure) 351M->116M(852M) 1.749ms
[6.275s][info ][gc,cpu       ] GC(15) User=0.00s Sys=0.00s Real=0.01s
[6.275s][info ][safepoint    ] Leaving safepoint region
[6.275s][info ][safepoint    ] Total time for which application threads were stopped: 0.0019893 seconds, Stopping threads took: 0.0000865 seconds
[6.323s][info ][safepoint    ] Application time: 0.0473053 seconds
[6.323s][info ][safepoint    ] Entering safepoint region: GenCollectForAllocation
[6.323s][info ][gc,start     ] GC(16) Pause Young (Allocation Failure)
[6.323s][info ][gc,task      ] GC(16) Using 4 workers of 4 for evacuation
[6.325s][debug][gc,ref       ] GC(16) Skipped phase1 of Reference Processing due to unavailable references
[6.325s][debug][gc,ref       ] GC(16) Skipped phase2 of Reference Processing due to unavailable references
[6.325s][debug][gc,ref       ] GC(16) Skipped phase3 of Reference Processing due to unavailable references
[6.325s][debug][gc,ref       ] GC(16) Skipped phase4 of Reference Processing due to unavailable references
[6.325s][debug][gc,age       ] GC(16) Desired survivor size 15400960 bytes, new threshold 6 (max threshold 6)
[6.325s][info ][gc,heap      ] GC(16) ParNew: 241396K->484K(270976K)
[6.325s][info ][gc,heap      ] GC(16) CMS: 119074K->119097K(602112K)
[6.325s][info ][gc,metaspace ] GC(16) Metaspace: 36692K->36692K(1083392K)
[6.325s][info ][gc           ] GC(16) Pause Young (Allocation Failure) 352M->116M(852M) 1.850ms
[6.325s][info ][gc,cpu       ] GC(16) User=0.00s Sys=0.00s Real=0.01s
[6.325s][info ][safepoint    ] Leaving safepoint region
[6.325s][info ][safepoint    ] Total time for which application threads were stopped: 0.0022717 seconds, Stopping threads took: 0.0002607 seconds
[6.380s][info ][safepoint    ] Application time: 0.0546585 seconds
[6.380s][info ][safepoint    ] Entering safepoint region: GenCollectForAllocation
[6.380s][info ][gc,start     ] GC(17) Pause Young (Allocation Failure)
[6.380s][info ][gc,task      ] GC(17) Using 4 workers of 4 for evacuation
[6.382s][debug][gc,ref       ] GC(17) Skipped phase1 of Reference Processing due to unavailable references
[6.382s][debug][gc,ref       ] GC(17) Skipped phase2 of Reference Processing due to unavailable references
[6.382s][debug][gc,ref       ] GC(17) Skipped phase3 of Reference Processing due to unavailable references
[6.382s][debug][gc,ref       ] GC(17) Skipped phase4 of Reference Processing due to unavailable references
[6.382s][debug][gc,age       ] GC(17) Desired survivor size 15400960 bytes, new threshold 6 (max threshold 6)
[6.382s][info ][gc,heap      ] GC(17) ParNew: 241380K->592K(270976K)
[6.382s][info ][gc,heap      ] GC(17) CMS: 119097K->119166K(602112K)
[6.382s][info ][gc,metaspace ] GC(17) Metaspace: 36692K->36692K(1083392K)
[6.382s][info ][gc           ] GC(17) Pause Young (Allocation Failure) 352M->116M(852M) 1.832ms
[6.382s][info ][gc,cpu       ] GC(17) User=0.00s Sys=0.00s Real=0.00s
[6.382s][info ][safepoint    ] Leaving safepoint region
[6.382s][info ][safepoint    ] Total time for which application threads were stopped: 0.0021716 seconds, Stopping threads took: 0.0001655 seconds
[6.421s][info ][safepoint    ] Application time: 0.0386016 seconds
[6.421s][info ][safepoint    ] Entering safepoint region: GenCollectForAllocation
[6.421s][info ][gc,start     ] GC(18) Pause Young (Allocation Failure)
[6.421s][info ][gc,task      ] GC(18) Using 4 workers of 4 for evacuation
[6.422s][debug][gc,ref       ] GC(18) Skipped phase1 of Reference Processing due to unavailable references
[6.422s][debug][gc,ref       ] GC(18) Skipped phase2 of Reference Processing due to unavailable references
[6.422s][debug][gc,ref       ] GC(18) Skipped phase3 of Reference Processing due to unavailable references
[6.422s][debug][gc,ref       ] GC(18) Skipped phase4 of Reference Processing due to unavailable references
[6.423s][debug][gc,age       ] GC(18) Desired survivor size 15400960 bytes, new threshold 6 (max threshold 6)
[6.423s][info ][gc,heap      ] GC(18) ParNew: 241488K->512K(270976K)
[6.423s][info ][gc,heap      ] GC(18) CMS: 119166K->119187K(602112K)
[6.423s][info ][gc,metaspace ] GC(18) Metaspace: 36692K->36692K(1083392K)
[6.423s][info ][gc           ] GC(18) Pause Young (Allocation Failure) 352M->116M(852M) 1.786ms
[6.423s][info ][gc,cpu       ] GC(18) User=0.00s Sys=0.00s Real=0.00s
[6.423s][info ][safepoint    ] Leaving safepoint region
[6.423s][info ][safepoint    ] Total time for which application threads were stopped: 0.0020636 seconds, Stopping threads took: 0.0001227 seconds
[6.456s][info ][safepoint    ] Application time: 0.0335188 seconds
[6.456s][info ][safepoint    ] Entering safepoint region: GenCollectForAllocation
[6.456s][info ][gc,start     ] GC(19) Pause Young (Allocation Failure)
[6.456s][info ][gc,task      ] GC(19) Using 4 workers of 4 for evacuation
[6.458s][debug][gc,ref       ] GC(19) Skipped phase1 of Reference Processing due to unavailable references
[6.458s][debug][gc,ref       ] GC(19) Skipped phase2 of Reference Processing due to unavailable references
[6.458s][debug][gc,ref       ] GC(19) Skipped phase3 of Reference Processing due to unavailable references
[6.458s][debug][gc,ref       ] GC(19) Skipped phase4 of Reference Processing due to unavailable references
[6.458s][debug][gc,age       ] GC(19) Desired survivor size 15400960 bytes, new threshold 6 (max threshold 6)
[6.458s][info ][gc,heap      ] GC(19) ParNew: 241408K->541K(270976K)
[6.458s][info ][gc,heap      ] GC(19) CMS: 119187K->119221K(602112K)
[6.458s][info ][gc,metaspace ] GC(19) Metaspace: 36692K->36692K(1083392K)
[6.458s][info ][gc           ] GC(19) Pause Young (Allocation Failure) 352M->116M(852M) 1.689ms
[6.458s][info ][gc,cpu       ] GC(19) User=0.01s Sys=0.00s Real=0.00s
[6.458s][info ][safepoint    ] Leaving safepoint region
[6.458s][info ][safepoint    ] Total time for which application threads were stopped: 0.0019703 seconds, Stopping threads took: 0.0001376 seconds
[6.529s][info ][safepoint    ] Application time: 0.0708538 seconds
[6.529s][info ][safepoint    ] Entering safepoint region: GenCollectForAllocation
[6.529s][info ][gc,start     ] GC(20) Pause Young (Allocation Failure)
[6.529s][info ][gc,task      ] GC(20) Using 4 workers of 4 for evacuation
[6.531s][debug][gc,ref       ] GC(20) Skipped phase1 of Reference Processing due to unavailable references
[6.531s][debug][gc,ref       ] GC(20) Skipped phase2 of Reference Processing due to unavailable references
[6.531s][debug][gc,ref       ] GC(20) Skipped phase3 of Reference Processing due to unavailable references
[6.531s][debug][gc,ref       ] GC(20) Skipped phase4 of Reference Processing due to unavailable references
[6.531s][debug][gc,age       ] GC(20) Desired survivor size 15400960 bytes, new threshold 6 (max threshold 6)
[6.531s][info ][gc,heap      ] GC(20) ParNew: 241437K->488K(270976K)
[6.531s][info ][gc,heap      ] GC(20) CMS: 119221K->119286K(602112K)
[6.531s][info ][gc,metaspace ] GC(20) Metaspace: 36692K->36692K(1083392K)
[6.531s][info ][gc           ] GC(20) Pause Young (Allocation Failure) 352M->116M(852M) 2.058ms
[6.531s][info ][gc,cpu       ] GC(20) User=0.01s Sys=0.00s Real=0.00s
[6.531s][info ][safepoint    ] Leaving safepoint region
[6.531s][info ][safepoint    ] Total time for which application threads were stopped: 0.0024276 seconds, Stopping threads took: 0.0001905 seconds
[6.567s][info ][safepoint    ] Application time: 0.0356525 seconds
[6.567s][info ][safepoint    ] Entering safepoint region: GenCollectForAllocation
[6.567s][info ][gc,start     ] GC(21) Pause Young (Allocation Failure)
[6.567s][info ][gc,task      ] GC(21) Using 4 workers of 4 for evacuation
[6.569s][debug][gc,ref       ] GC(21) Skipped phase1 of Reference Processing due to unavailable references
[6.569s][debug][gc,ref       ] GC(21) Skipped phase2 of Reference Processing due to unavailable references
[6.569s][debug][gc,ref       ] GC(21) Skipped phase3 of Reference Processing due to unavailable references
[6.569s][debug][gc,ref       ] GC(21) Skipped phase4 of Reference Processing due to unavailable references
[6.569s][debug][gc,age       ] GC(21) Desired survivor size 15400960 bytes, new threshold 6 (max threshold 6)
[6.569s][info ][gc,heap      ] GC(21) ParNew: 241384K->508K(270976K)
[6.569s][info ][gc,heap      ] GC(21) CMS: 119286K->119305K(602112K)
[6.569s][info ][gc,metaspace ] GC(21) Metaspace: 36692K->36692K(1083392K)
[6.569s][info ][gc           ] GC(21) Pause Young (Allocation Failure) 352M->117M(852M) 1.828ms
[6.569s][info ][gc,cpu       ] GC(21) User=0.00s Sys=0.00s Real=0.00s
[6.569s][info ][safepoint    ] Leaving safepoint region
[6.569s][info ][safepoint    ] Total time for which application threads were stopped: 0.0022033 seconds, Stopping threads took: 0.0002095 seconds
[6.613s][info ][safepoint    ] Application time: 0.0436259 seconds
[6.613s][info ][safepoint    ] Entering safepoint region: GenCollectForAllocation
[6.613s][info ][gc,start     ] GC(22) Pause Young (Allocation Failure)
[6.613s][info ][gc,task      ] GC(22) Using 4 workers of 4 for evacuation
[6.615s][debug][gc,ref       ] GC(22) Skipped phase1 of Reference Processing due to unavailable references
[6.615s][debug][gc,ref       ] GC(22) Skipped phase2 of Reference Processing due to unavailable references
[6.615s][debug][gc,ref       ] GC(22) Skipped phase3 of Reference Processing due to unavailable references
[6.615s][debug][gc,ref       ] GC(22) Skipped phase4 of Reference Processing due to unavailable references
[6.615s][debug][gc,age       ] GC(22) Desired survivor size 15400960 bytes, new threshold 6 (max threshold 6)
[6.615s][info ][gc,heap      ] GC(22) ParNew: 241404K->605K(270976K)
[6.615s][info ][gc,heap      ] GC(22) CMS: 119305K->119352K(602112K)
[6.615s][info ][gc,metaspace ] GC(22) Metaspace: 36692K->36692K(1083392K)
[6.615s][info ][gc           ] GC(22) Pause Young (Allocation Failure) 352M->117M(852M) 1.774ms
[6.615s][info ][gc,cpu       ] GC(22) User=0.01s Sys=0.00s Real=0.00s
[6.615s][info ][safepoint    ] Leaving safepoint region
[6.615s][info ][safepoint    ] Total time for which application threads were stopped: 0.0020548 seconds, Stopping threads took: 0.0001185 seconds
[6.661s][info ][safepoint    ] Application time: 0.0455571 seconds
[6.661s][info ][safepoint    ] Entering safepoint region: GenCollectForAllocation
[6.661s][info ][gc,start     ] GC(23) Pause Young (Allocation Failure)
[6.661s][info ][gc,task      ] GC(23) Using 4 workers of 4 for evacuation
[6.663s][debug][gc,ref       ] GC(23) Skipped phase1 of Reference Processing due to unavailable references
[6.663s][debug][gc,ref       ] GC(23) Skipped phase2 of Reference Processing due to unavailable references
[6.663s][debug][gc,ref       ] GC(23) Skipped phase3 of Reference Processing due to unavailable references
[6.663s][debug][gc,ref       ] GC(23) Skipped phase4 of Reference Processing due to unavailable references
[6.663s][debug][gc,age       ] GC(23) Desired survivor size 15400960 bytes, new threshold 6 (max threshold 6)
[6.663s][info ][gc,heap      ] GC(23) ParNew: 241501K->437K(270976K)
[6.663s][info ][gc,heap      ] GC(23) CMS: 119352K->119405K(602112K)
[6.663s][info ][gc,metaspace ] GC(23) Metaspace: 36692K->36692K(1083392K)
[6.663s][info ][gc           ] GC(23) Pause Young (Allocation Failure) 352M->117M(852M) 1.917ms
[6.663s][info ][gc,cpu       ] GC(23) User=0.00s Sys=0.00s Real=0.00s
[6.663s][info ][safepoint    ] Leaving safepoint region
[6.663s][info ][safepoint    ] Total time for which application threads were stopped: 0.0021734 seconds, Stopping threads took: 0.0001013 seconds
[6.700s][info ][safepoint    ] Application time: 0.0366841 seconds
[6.700s][info ][safepoint    ] Entering safepoint region: GenCollectForAllocation
[6.700s][info ][gc,start     ] GC(24) Pause Young (Allocation Failure)
[6.700s][info ][gc,task      ] GC(24) Using 4 workers of 4 for evacuation
[6.702s][debug][gc,ref       ] GC(24) Skipped phase1 of Reference Processing due to unavailable references
[6.702s][debug][gc,ref       ] GC(24) Skipped phase2 of Reference Processing due to unavailable references
[6.702s][debug][gc,ref       ] GC(24) Skipped phase3 of Reference Processing due to unavailable references
[6.702s][debug][gc,ref       ] GC(24) Skipped phase4 of Reference Processing due to unavailable references
[6.702s][debug][gc,age       ] GC(24) Desired survivor size 15400960 bytes, new threshold 6 (max threshold 6)
[6.702s][info ][gc,heap      ] GC(24) ParNew: 241333K->469K(270976K)
[6.702s][info ][gc,heap      ] GC(24) CMS: 119405K->119436K(602112K)
[6.702s][info ][gc,metaspace ] GC(24) Metaspace: 36692K->36692K(1083392K)
[6.702s][info ][gc           ] GC(24) Pause Young (Allocation Failure) 352M->117M(852M) 1.862ms
[6.702s][info ][gc,cpu       ] GC(24) User=0.01s Sys=0.00s Real=0.00s
[6.702s][info ][safepoint    ] Leaving safepoint region
[6.702s][info ][safepoint    ] Total time for which application threads were stopped: 0.0022055 seconds, Stopping threads took: 0.0001848 seconds
[6.750s][info ][safepoint    ] Application time: 0.0485374 seconds
[6.750s][info ][safepoint    ] Entering safepoint region: GenCollectForAllocation
[6.751s][info ][gc,start     ] GC(25) Pause Young (Allocation Failure)
[6.751s][info ][gc,task      ] GC(25) Using 4 workers of 4 for evacuation
[6.753s][debug][gc,ref       ] GC(25) Skipped phase1 of Reference Processing due to unavailable references
[6.753s][debug][gc,ref       ] GC(25) Skipped phase2 of Reference Processing due to unavailable references
[6.753s][debug][gc,ref       ] GC(25) Skipped phase3 of Reference Processing due to unavailable references
[6.753s][debug][gc,ref       ] GC(25) Skipped phase4 of Reference Processing due to unavailable references
[6.753s][debug][gc,age       ] GC(25) Desired survivor size 15400960 bytes, new threshold 6 (max threshold 6)
[6.753s][info ][gc,heap      ] GC(25) ParNew: 241365K->596K(270976K)
[6.753s][info ][gc,heap      ] GC(25) CMS: 119436K->119465K(602112K)
[6.753s][info ][gc,metaspace ] GC(25) Metaspace: 36693K->36693K(1083392K)
[6.753s][info ][gc           ] GC(25) Pause Young (Allocation Failure) 352M->117M(852M) 2.186ms
[6.753s][info ][gc,cpu       ] GC(25) User=0.00s Sys=0.00s Real=0.00s
[6.753s][info ][safepoint    ] Leaving safepoint region
[6.753s][info ][safepoint    ] Total time for which application threads were stopped: 0.0025373 seconds, Stopping threads took: 0.0001752 seconds
[6.800s][info ][safepoint    ] Application time: 0.0467409 seconds
[6.800s][info ][safepoint    ] Entering safepoint region: GenCollectForAllocation
[6.800s][info ][gc,start     ] GC(26) Pause Young (Allocation Failure)
[6.800s][info ][gc,task      ] GC(26) Using 4 workers of 4 for evacuation
[6.802s][debug][gc,ref       ] GC(26) Skipped phase1 of Reference Processing due to unavailable references
[6.802s][debug][gc,ref       ] GC(26) Skipped phase2 of Reference Processing due to unavailable references
[6.802s][debug][gc,ref       ] GC(26) Skipped phase3 of Reference Processing due to unavailable references
[6.802s][debug][gc,ref       ] GC(26) Skipped phase4 of Reference Processing due to unavailable references
[6.802s][debug][gc,age       ] GC(26) Desired survivor size 15400960 bytes, new threshold 6 (max threshold 6)
[6.802s][info ][gc,heap      ] GC(26) ParNew: 241492K->537K(270976K)
[6.802s][info ][gc,heap      ] GC(26) CMS: 119465K->119536K(602112K)
[6.802s][info ][gc,metaspace ] GC(26) Metaspace: 36693K->36693K(1083392K)
[6.802s][info ][gc           ] GC(26) Pause Young (Allocation Failure) 352M->117M(852M) 1.902ms
[6.802s][info ][gc,cpu       ] GC(26) User=0.00s Sys=0.00s Real=0.00s
[6.802s][info ][safepoint    ] Leaving safepoint region
[6.802s][info ][safepoint    ] Total time for which application threads were stopped: 0.0021764 seconds, Stopping threads took: 0.0001166 seconds
[6.835s][info ][safepoint    ] Application time: 0.0333311 seconds
[6.835s][info ][safepoint    ] Entering safepoint region: GenCollectForAllocation
[6.836s][info ][gc,start     ] GC(27) Pause Young (Allocation Failure)
[6.836s][info ][gc,task      ] GC(27) Using 4 workers of 4 for evacuation
[6.837s][debug][gc,ref       ] GC(27) Skipped phase1 of Reference Processing due to unavailable references
[6.837s][debug][gc,ref       ] GC(27) Skipped phase2 of Reference Processing due to unavailable references
[6.837s][debug][gc,ref       ] GC(27) Skipped phase3 of Reference Processing due to unavailable references
[6.837s][debug][gc,ref       ] GC(27) Skipped phase4 of Reference Processing due to unavailable references
[6.837s][debug][gc,age       ] GC(27) Desired survivor size 15400960 bytes, new threshold 6 (max threshold 6)
[6.837s][info ][gc,heap      ] GC(27) ParNew: 241433K->610K(270976K)
[6.837s][info ][gc,heap      ] GC(27) CMS: 119536K->119554K(602112K)
[6.837s][info ][gc,metaspace ] GC(27) Metaspace: 36693K->36693K(1083392K)
[6.837s][info ][gc           ] GC(27) Pause Young (Allocation Failure) 352M->117M(852M) 1.821ms
[6.837s][info ][gc,cpu       ] GC(27) User=0.01s Sys=0.00s Real=0.00s
[6.837s][info ][safepoint    ] Leaving safepoint region
[6.837s][info ][safepoint    ] Total time for which application threads were stopped: 0.0022409 seconds, Stopping threads took: 0.0002544 seconds
[6.898s][info ][safepoint    ] Application time: 0.0604950 seconds
[6.898s][info ][safepoint    ] Entering safepoint region: GenCollectForAllocation
[6.898s][info ][gc,start     ] GC(28) Pause Young (Allocation Failure)
[6.898s][info ][gc,task      ] GC(28) Using 4 workers of 4 for evacuation
[6.900s][debug][gc,ref       ] GC(28) Skipped phase1 of Reference Processing due to unavailable references
[6.900s][debug][gc,ref       ] GC(28) Skipped phase2 of Reference Processing due to unavailable references
[6.900s][debug][gc,ref       ] GC(28) Skipped phase3 of Reference Processing due to unavailable references
[6.900s][debug][gc,ref       ] GC(28) Skipped phase4 of Reference Processing due to unavailable references
[6.900s][debug][gc,age       ] GC(28) Desired survivor size 15400960 bytes, new threshold 6 (max threshold 6)
[6.900s][info ][gc,heap      ] GC(28) ParNew: 241506K->504K(270976K)
[6.900s][info ][gc,heap      ] GC(28) CMS: 119554K->119613K(602112K)
[6.900s][info ][gc,metaspace ] GC(28) Metaspace: 36693K->36693K(1083392K)
[6.900s][info ][gc           ] GC(28) Pause Young (Allocation Failure) 352M->117M(852M) 1.919ms
[6.900s][info ][gc,cpu       ] GC(28) User=0.00s Sys=0.00s Real=0.00s
[6.900s][info ][safepoint    ] Leaving safepoint region
[6.900s][info ][safepoint    ] Total time for which application threads were stopped: 0.0021711 seconds, Stopping threads took: 0.0000810 seconds
[6.938s][info ][safepoint    ] Application time: 0.0374822 seconds
[6.938s][info ][safepoint    ] Entering safepoint region: GenCollectForAllocation
[6.938s][info ][gc,start     ] GC(29) Pause Young (Allocation Failure)
[6.938s][info ][gc,task      ] GC(29) Using 4 workers of 4 for evacuation
[6.940s][debug][gc,ref       ] GC(29) Skipped phase1 of Reference Processing due to unavailable references
[6.940s][debug][gc,ref       ] GC(29) Skipped phase2 of Reference Processing due to unavailable references
[6.940s][debug][gc,ref       ] GC(29) Skipped phase3 of Reference Processing due to unavailable references
[6.940s][debug][gc,ref       ] GC(29) Skipped phase4 of Reference Processing due to unavailable references
[6.940s][debug][gc,age       ] GC(29) Desired survivor size 15400960 bytes, new threshold 6 (max threshold 6)
[6.940s][info ][gc,heap      ] GC(29) ParNew: 241400K->567K(270976K)
[6.940s][info ][gc,heap      ] GC(29) CMS: 119613K->119655K(602112K)
[6.940s][info ][gc,metaspace ] GC(29) Metaspace: 36693K->36693K(1083392K)
[6.940s][info ][gc           ] GC(29) Pause Young (Allocation Failure) 352M->117M(852M) 1.852ms
[6.940s][info ][gc,cpu       ] GC(29) User=0.01s Sys=0.00s Real=0.00s
[6.940s][info ][safepoint    ] Leaving safepoint region
[6.940s][info ][safepoint    ] Total time for which application threads were stopped: 0.0022052 seconds, Stopping threads took: 0.0001861 seconds
[6.989s][info ][safepoint    ] Application time: 0.0496335 seconds
[6.990s][info ][safepoint    ] Entering safepoint region: GenCollectForAllocation
[6.990s][info ][gc,start     ] GC(30) Pause Young (Allocation Failure)
[6.990s][info ][gc,task      ] GC(30) Using 4 workers of 4 for evacuation
[6.991s][debug][gc,ref       ] GC(30) Skipped phase1 of Reference Processing due to unavailable references
[6.991s][debug][gc,ref       ] GC(30) Skipped phase2 of Reference Processing due to unavailable references
[6.991s][debug][gc,ref       ] GC(30) Skipped phase3 of Reference Processing due to unavailable references
[6.991s][debug][gc,ref       ] GC(30) Skipped phase4 of Reference Processing due to unavailable references
[6.991s][debug][gc,age       ] GC(30) Desired survivor size 15400960 bytes, new threshold 6 (max threshold 6)
[6.991s][info ][gc,heap      ] GC(30) ParNew: 241463K->521K(270976K)
[6.991s][info ][gc,heap      ] GC(30) CMS: 119655K->119687K(602112K)
[6.991s][info ][gc,metaspace ] GC(30) Metaspace: 36693K->36693K(1083392K)
[6.991s][info ][gc           ] GC(30) Pause Young (Allocation Failure) 352M->117M(852M) 1.705ms
[6.991s][info ][gc,cpu       ] GC(30) User=0.00s Sys=0.00s Real=0.00s
[6.991s][info ][safepoint    ] Leaving safepoint region
[6.991s][info ][safepoint    ] Total time for which application threads were stopped: 0.0019025 seconds, Stopping threads took: 0.0000700 seconds
[7.032s][info ][safepoint    ] Application time: 0.0407434 seconds
[7.032s][info ][safepoint    ] Entering safepoint region: GenCollectForAllocation
[7.032s][info ][gc,start     ] GC(31) Pause Young (Allocation Failure)
[7.032s][info ][gc,task      ] GC(31) Using 4 workers of 4 for evacuation
[7.034s][debug][gc,ref       ] GC(31) Skipped phase1 of Reference Processing due to unavailable references
[7.034s][debug][gc,ref       ] GC(31) Skipped phase2 of Reference Processing due to unavailable references
[7.034s][debug][gc,ref       ] GC(31) Skipped phase3 of Reference Processing due to unavailable references
[7.034s][debug][gc,ref       ] GC(31) Skipped phase4 of Reference Processing due to unavailable references
[7.034s][debug][gc,age       ] GC(31) Desired survivor size 15400960 bytes, new threshold 6 (max threshold 6)
[7.034s][info ][gc,heap      ] GC(31) ParNew: 241417K->634K(270976K)
[7.034s][info ][gc,heap      ] GC(31) CMS: 119687K->119750K(602112K)
[7.034s][info ][gc,metaspace ] GC(31) Metaspace: 36693K->36693K(1083392K)
[7.034s][info ][gc           ] GC(31) Pause Young (Allocation Failure) 352M->117M(852M) 1.908ms
[7.034s][info ][gc,cpu       ] GC(31) User=0.01s Sys=0.00s Real=0.00s
[7.034s][info ][safepoint    ] Leaving safepoint region
[7.034s][info ][safepoint    ] Total time for which application threads were stopped: 0.0022064 seconds, Stopping threads took: 0.0001221 seconds
[7.069s][info ][safepoint    ] Application time: 0.0350702 seconds
[7.070s][info ][safepoint    ] Entering safepoint region: GenCollectForAllocation
[7.070s][info ][gc,start     ] GC(32) Pause Young (Allocation Failure)
[7.070s][info ][gc,task      ] GC(32) Using 4 workers of 4 for evacuation
[7.071s][debug][gc,ref       ] GC(32) Skipped phase1 of Reference Processing due to unavailable references
[7.071s][debug][gc,ref       ] GC(32) Skipped phase2 of Reference Processing due to unavailable references
[7.071s][debug][gc,ref       ] GC(32) Skipped phase3 of Reference Processing due to unavailable references
[7.071s][debug][gc,ref       ] GC(32) Skipped phase4 of Reference Processing due to unavailable references
[7.071s][debug][gc,age       ] GC(32) Desired survivor size 15400960 bytes, new threshold 6 (max threshold 6)
[7.071s][info ][gc,heap      ] GC(32) ParNew: 241530K->442K(270976K)
[7.071s][info ][gc,heap      ] GC(32) CMS: 119750K->119793K(602112K)
[7.071s][info ][gc,metaspace ] GC(32) Metaspace: 36693K->36693K(1083392K)
[7.071s][info ][gc           ] GC(32) Pause Young (Allocation Failure) 352M->117M(852M) 1.746ms
[7.071s][info ][gc,cpu       ] GC(32) User=0.01s Sys=0.00s Real=0.00s
[7.072s][info ][safepoint    ] Leaving safepoint region
[7.072s][info ][safepoint    ] Total time for which application threads were stopped: 0.0020285 seconds, Stopping threads took: 0.0001492 seconds
[7.124s][info ][safepoint    ] Application time: 0.0529352 seconds
[7.125s][info ][safepoint    ] Entering safepoint region: GenCollectForAllocation
[7.125s][info ][gc,start     ] GC(33) Pause Young (Allocation Failure)
[7.125s][info ][gc,task      ] GC(33) Using 4 workers of 4 for evacuation
[7.126s][debug][gc,ref       ] GC(33) Skipped phase1 of Reference Processing due to unavailable references
[7.126s][debug][gc,ref       ] GC(33) Skipped phase2 of Reference Processing due to unavailable references
[7.126s][debug][gc,ref       ] GC(33) Skipped phase3 of Reference Processing due to unavailable references
[7.126s][debug][gc,ref       ] GC(33) Skipped phase4 of Reference Processing due to unavailable references
[7.126s][debug][gc,age       ] GC(33) Desired survivor size 15400960 bytes, new threshold 6 (max threshold 6)
[7.126s][info ][gc,heap      ] GC(33) ParNew: 241338K->539K(270976K)
[7.126s][info ][gc,heap      ] GC(33) CMS: 119793K->119819K(602112K)
[7.126s][info ][gc,metaspace ] GC(33) Metaspace: 36693K->36693K(1083392K)
[7.126s][info ][gc           ] GC(33) Pause Young (Allocation Failure) 352M->117M(852M) 1.747ms
[7.126s][info ][gc,cpu       ] GC(33) User=0.00s Sys=0.00s Real=0.00s
[7.126s][info ][safepoint    ] Leaving safepoint region
[7.126s][info ][safepoint    ] Total time for which application threads were stopped: 0.0019823 seconds, Stopping threads took: 0.0000776 seconds
[7.167s][info ][safepoint    ] Application time: 0.0405494 seconds
[7.167s][info ][safepoint    ] Entering safepoint region: GenCollectForAllocation
[7.167s][info ][gc,start     ] GC(34) Pause Young (Allocation Failure)
[7.167s][info ][gc,task      ] GC(34) Using 4 workers of 4 for evacuation
[7.169s][debug][gc,ref       ] GC(34) Skipped phase1 of Reference Processing due to unavailable references
[7.169s][debug][gc,ref       ] GC(34) Skipped phase2 of Reference Processing due to unavailable references
[7.169s][debug][gc,ref       ] GC(34) Skipped phase3 of Reference Processing due to unavailable references
[7.169s][debug][gc,ref       ] GC(34) Skipped phase4 of Reference Processing due to unavailable references
[7.169s][debug][gc,age       ] GC(34) Desired survivor size 15400960 bytes, new threshold 6 (max threshold 6)
[7.169s][info ][gc,heap      ] GC(34) ParNew: 241435K->444K(270976K)
[7.169s][info ][gc,heap      ] GC(34) CMS: 119819K->119892K(602112K)
[7.169s][info ][gc,metaspace ] GC(34) Metaspace: 36693K->36693K(1083392K)
[7.169s][info ][gc           ] GC(34) Pause Young (Allocation Failure) 352M->117M(852M) 2.164ms
[7.169s][info ][gc,cpu       ] GC(34) User=0.01s Sys=0.00s Real=0.00s
[7.170s][info ][safepoint    ] Leaving safepoint region
[7.170s][info ][safepoint    ] Total time for which application threads were stopped: 0.0024669 seconds, Stopping threads took: 0.0001237 seconds
[7.215s][info ][safepoint    ] Application time: 0.0453635 seconds
[7.215s][info ][safepoint    ] Entering safepoint region: GenCollectForAllocation
[7.215s][info ][gc,start     ] GC(35) Pause Young (Allocation Failure)
[7.215s][info ][gc,task      ] GC(35) Using 4 workers of 4 for evacuation
[7.217s][debug][gc,ref       ] GC(35) Skipped phase1 of Reference Processing due to unavailable references
[7.217s][debug][gc,ref       ] GC(35) Skipped phase2 of Reference Processing due to unavailable references
[7.217s][debug][gc,ref       ] GC(35) Skipped phase3 of Reference Processing due to unavailable references
[7.217s][debug][gc,ref       ] GC(35) Skipped phase4 of Reference Processing due to unavailable references
[7.217s][debug][gc,age       ] GC(35) Desired survivor size 15400960 bytes, new threshold 6 (max threshold 6)
[7.217s][info ][gc,heap      ] GC(35) ParNew: 241340K->596K(270976K)
[7.217s][info ][gc,heap      ] GC(35) CMS: 119892K->119916K(602112K)
[7.217s][info ][gc,metaspace ] GC(35) Metaspace: 36693K->36693K(1083392K)
[7.217s][info ][gc           ] GC(35) Pause Young (Allocation Failure) 352M->117M(852M) 1.743ms
[7.217s][info ][gc,cpu       ] GC(35) User=0.01s Sys=0.00s Real=0.01s
[7.217s][info ][safepoint    ] Leaving safepoint region
[7.217s][info ][safepoint    ] Total time for which application threads were stopped: 0.0020131 seconds, Stopping threads took: 0.0001306 seconds
[7.264s][info ][safepoint    ] Application time: 0.0467339 seconds
[7.264s][info ][safepoint    ] Entering safepoint region: GenCollectForAllocation
[7.264s][info ][gc,start     ] GC(36) Pause Young (Allocation Failure)
[7.264s][info ][gc,task      ] GC(36) Using 4 workers of 4 for evacuation
[7.266s][debug][gc,ref       ] GC(36) Skipped phase1 of Reference Processing due to unavailable references
[7.266s][debug][gc,ref       ] GC(36) Skipped phase2 of Reference Processing due to unavailable references
[7.266s][debug][gc,ref       ] GC(36) Skipped phase3 of Reference Processing due to unavailable references
[7.266s][debug][gc,ref       ] GC(36) Skipped phase4 of Reference Processing due to unavailable references
[7.266s][debug][gc,age       ] GC(36) Desired survivor size 15400960 bytes, new threshold 6 (max threshold 6)
[7.266s][info ][gc,heap      ] GC(36) ParNew: 241492K->492K(270976K)
[7.266s][info ][gc,heap      ] GC(36) CMS: 119916K->119982K(602112K)
[7.266s][info ][gc,metaspace ] GC(36) Metaspace: 36693K->36693K(1083392K)
[7.266s][info ][gc           ] GC(36) Pause Young (Allocation Failure) 352M->117M(852M) 1.789ms
[7.266s][info ][gc,cpu       ] GC(36) User=0.01s Sys=0.00s Real=0.00s
[7.266s][info ][safepoint    ] Leaving safepoint region
[7.266s][info ][safepoint    ] Total time for which application threads were stopped: 0.0020509 seconds, Stopping threads took: 0.0000994 seconds
[7.300s][info ][safepoint    ] Application time: 0.0337307 seconds
[7.300s][info ][safepoint    ] Entering safepoint region: GenCollectForAllocation
[7.300s][info ][gc,start     ] GC(37) Pause Young (Allocation Failure)
[7.300s][info ][gc,task      ] GC(37) Using 4 workers of 4 for evacuation
[7.302s][debug][gc,ref       ] GC(37) Skipped phase1 of Reference Processing due to unavailable references
[7.302s][debug][gc,ref       ] GC(37) Skipped phase2 of Reference Processing due to unavailable references
[7.302s][debug][gc,ref       ] GC(37) Skipped phase3 of Reference Processing due to unavailable references
[7.302s][debug][gc,ref       ] GC(37) Skipped phase4 of Reference Processing due to unavailable references
[7.302s][debug][gc,age       ] GC(37) Desired survivor size 15400960 bytes, new threshold 6 (max threshold 6)
[7.302s][info ][gc,heap      ] GC(37) ParNew: 241388K->471K(270976K)
[7.302s][info ][gc,heap      ] GC(37) CMS: 119982K->120016K(602112K)
[7.302s][info ][gc,metaspace ] GC(37) Metaspace: 36694K->36694K(1083392K)
[7.302s][info ][gc           ] GC(37) Pause Young (Allocation Failure) 352M->117M(852M) 1.999ms
[7.302s][info ][gc,cpu       ] GC(37) User=0.00s Sys=0.00s Real=0.00s
[7.302s][info ][safepoint    ] Leaving safepoint region
[7.302s][info ][safepoint    ] Total time for which application threads were stopped: 0.0022682 seconds, Stopping threads took: 0.0001134 seconds
[7.363s][info ][safepoint    ] Application time: 0.0610663 seconds
[7.363s][info ][safepoint    ] Entering safepoint region: GenCollectForAllocation
[7.363s][info ][gc,start     ] GC(38) Pause Young (Allocation Failure)
[7.363s][info ][gc,task      ] GC(38) Using 4 workers of 4 for evacuation
[7.365s][debug][gc,ref       ] GC(38) Skipped phase1 of Reference Processing due to unavailable references
[7.365s][debug][gc,ref       ] GC(38) Skipped phase2 of Reference Processing due to unavailable references
[7.365s][debug][gc,ref       ] GC(38) Skipped phase3 of Reference Processing due to unavailable references
[7.365s][debug][gc,ref       ] GC(38) Skipped phase4 of Reference Processing due to unavailable references
[7.365s][debug][gc,age       ] GC(38) Desired survivor size 15400960 bytes, new threshold 6 (max threshold 6)
[7.365s][info ][gc,heap      ] GC(38) ParNew: 241367K->506K(270976K)
[7.365s][info ][gc,heap      ] GC(38) CMS: 120016K->120054K(602112K)
[7.365s][info ][gc,metaspace ] GC(38) Metaspace: 36699K->36699K(1083392K)
[7.365s][info ][gc           ] GC(38) Pause Young (Allocation Failure) 352M->117M(852M) 1.788ms
[7.365s][info ][gc,cpu       ] GC(38) User=0.01s Sys=0.00s Real=0.00s
[7.365s][info ][safepoint    ] Leaving safepoint region
[7.365s][info ][safepoint    ] Total time for which application threads were stopped: 0.0023747 seconds, Stopping threads took: 0.0004318 seconds
[7.398s][info ][safepoint    ] Application time: 0.0330589 seconds
[7.398s][info ][safepoint    ] Entering safepoint region: GenCollectForAllocation
[7.399s][info ][gc,start     ] GC(39) Pause Young (Allocation Failure)
[7.399s][info ][gc,task      ] GC(39) Using 4 workers of 4 for evacuation
[7.400s][debug][gc,ref       ] GC(39) Skipped phase1 of Reference Processing due to unavailable references
[7.400s][debug][gc,ref       ] GC(39) Skipped phase2 of Reference Processing due to unavailable references
[7.400s][debug][gc,ref       ] GC(39) Skipped phase3 of Reference Processing due to unavailable references
[7.400s][debug][gc,ref       ] GC(39) Skipped phase4 of Reference Processing due to unavailable references
[7.400s][debug][gc,age       ] GC(39) Desired survivor size 15400960 bytes, new threshold 6 (max threshold 6)
[7.400s][info ][gc,heap      ] GC(39) ParNew: 241402K->455K(270976K)
[7.400s][info ][gc,heap      ] GC(39) CMS: 120054K->120109K(602112K)
[7.400s][info ][gc,metaspace ] GC(39) Metaspace: 36699K->36699K(1083392K)
[7.400s][info ][gc           ] GC(39) Pause Young (Allocation Failure) 352M->117M(852M) 1.872ms
[7.400s][info ][gc,cpu       ] GC(39) User=0.01s Sys=0.00s Real=0.00s
[7.400s][info ][safepoint    ] Leaving safepoint region
[7.400s][info ][safepoint    ] Total time for which application threads were stopped: 0.0020774 seconds, Stopping threads took: 0.0000657 seconds
[7.456s][info ][safepoint    ] Application time: 0.0551260 seconds
[7.459s][info ][safepoint    ] Entering safepoint region: GenCollectForAllocation
[7.459s][info ][gc,start     ] GC(40) Pause Young (Allocation Failure)
[7.459s][info ][gc,task      ] GC(40) Using 4 workers of 4 for evacuation
[7.461s][debug][gc,ref       ] GC(40) Skipped phase1 of Reference Processing due to unavailable references
[7.461s][debug][gc,ref       ] GC(40) Skipped phase2 of Reference Processing due to unavailable references
[7.461s][debug][gc,ref       ] GC(40) Skipped phase3 of Reference Processing due to unavailable references
[7.461s][debug][gc,ref       ] GC(40) Skipped phase4 of Reference Processing due to unavailable references
[7.461s][debug][gc,age       ] GC(40) Desired survivor size 15400960 bytes, new threshold 6 (max threshold 6)
[7.461s][info ][gc,heap      ] GC(40) ParNew: 241351K->603K(270976K)
[7.461s][info ][gc,heap      ] GC(40) CMS: 120109K->120143K(602112K)
[7.461s][info ][gc,metaspace ] GC(40) Metaspace: 36699K->36699K(1083392K)
[7.461s][info ][gc           ] GC(40) Pause Young (Allocation Failure) 352M->117M(852M) 1.957ms
[7.461s][info ][gc,cpu       ] GC(40) User=0.01s Sys=0.00s Real=0.00s
[7.461s][info ][safepoint    ] Leaving safepoint region
[7.461s][info ][safepoint    ] Total time for which application threads were stopped: 0.0057975 seconds, Stopping threads took: 0.0036736 seconds
[7.503s][info ][safepoint    ] Application time: 0.0419926 seconds
[7.504s][info ][safepoint    ] Entering safepoint region: GenCollectForAllocation
[7.504s][info ][gc,start     ] GC(41) Pause Young (Allocation Failure)
[7.504s][info ][gc,task      ] GC(41) Using 4 workers of 4 for evacuation
[7.505s][debug][gc,ref       ] GC(41) Skipped phase1 of Reference Processing due to unavailable references
[7.505s][debug][gc,ref       ] GC(41) Skipped phase2 of Reference Processing due to unavailable references
[7.505s][debug][gc,ref       ] GC(41) Skipped phase3 of Reference Processing due to unavailable references
[7.505s][debug][gc,ref       ] GC(41) Skipped phase4 of Reference Processing due to unavailable references
[7.505s][debug][gc,age       ] GC(41) Desired survivor size 15400960 bytes, new threshold 6 (max threshold 6)
[7.505s][info ][gc,heap      ] GC(41) ParNew: 241499K->442K(270976K)
[7.505s][info ][gc,heap      ] GC(41) CMS: 120143K->120196K(602112K)
[7.505s][info ][gc,metaspace ] GC(41) Metaspace: 36699K->36699K(1083392K)
[7.505s][info ][gc           ] GC(41) Pause Young (Allocation Failure) 353M->117M(852M) 1.818ms
[7.506s][info ][gc,cpu       ] GC(41) User=0.01s Sys=0.00s Real=0.00s
[7.506s][info ][safepoint    ] Leaving safepoint region
[7.506s][info ][safepoint    ] Total time for which application threads were stopped: 0.0020996 seconds, Stopping threads took: 0.0001318 seconds
[7.544s][info ][safepoint    ] Application time: 0.0382858 seconds
[7.544s][info ][safepoint    ] Entering safepoint region: GenCollectForAllocation
[7.544s][info ][gc,start     ] GC(42) Pause Young (Allocation Failure)
[7.544s][info ][gc,task      ] GC(42) Using 4 workers of 4 for evacuation
[7.546s][debug][gc,ref       ] GC(42) Skipped phase1 of Reference Processing due to unavailable references
[7.546s][debug][gc,ref       ] GC(42) Skipped phase2 of Reference Processing due to unavailable references
[7.546s][debug][gc,ref       ] GC(42) Skipped phase3 of Reference Processing due to unavailable references
[7.546s][debug][gc,ref       ] GC(42) Skipped phase4 of Reference Processing due to unavailable references
[7.546s][debug][gc,age       ] GC(42) Desired survivor size 15400960 bytes, new threshold 6 (max threshold 6)
[7.546s][info ][gc,heap      ] GC(42) ParNew: 241338K->487K(270976K)
[7.546s][info ][gc,heap      ] GC(42) CMS: 120196K->120244K(602112K)
[7.546s][info ][gc,metaspace ] GC(42) Metaspace: 36700K->36700K(1083392K)
[7.546s][info ][gc           ] GC(42) Pause Young (Allocation Failure) 353M->117M(852M) 1.775ms
[7.546s][info ][gc,cpu       ] GC(42) User=0.00s Sys=0.00s Real=0.00s
[7.546s][info ][safepoint    ] Leaving safepoint region
[7.546s][info ][safepoint    ] Total time for which application threads were stopped: 0.0020775 seconds, Stopping threads took: 0.0001489 seconds
[7.598s][info ][safepoint    ] Application time: 0.0518463 seconds
[7.598s][info ][safepoint    ] Entering safepoint region: GenCollectForAllocation
[7.598s][info ][gc,start     ] GC(43) Pause Young (Allocation Failure)
[7.598s][info ][gc,task      ] GC(43) Using 4 workers of 4 for evacuation
[7.600s][debug][gc,ref       ] GC(43) Skipped phase1 of Reference Processing due to unavailable references
[7.600s][debug][gc,ref       ] GC(43) Skipped phase2 of Reference Processing due to unavailable references
[7.600s][debug][gc,ref       ] GC(43) Skipped phase3 of Reference Processing due to unavailable references
[7.600s][debug][gc,ref       ] GC(43) Skipped phase4 of Reference Processing due to unavailable references
[7.600s][debug][gc,age       ] GC(43) Desired survivor size 15400960 bytes, new threshold 6 (max threshold 6)
[7.600s][info ][gc,heap      ] GC(43) ParNew: 241383K->610K(270976K)
[7.600s][info ][gc,heap      ] GC(43) CMS: 120244K->120271K(602112K)
[7.600s][info ][gc,metaspace ] GC(43) Metaspace: 36700K->36700K(1083392K)
[7.600s][info ][gc           ] GC(43) Pause Young (Allocation Failure) 353M->118M(852M) 1.730ms
[7.600s][info ][gc,cpu       ] GC(43) User=0.00s Sys=0.00s Real=0.00s
[7.600s][info ][safepoint    ] Leaving safepoint region
[7.600s][info ][safepoint    ] Total time for which application threads were stopped: 0.0019931 seconds, Stopping threads took: 0.0001108 seconds
[7.635s][info ][safepoint    ] Application time: 0.0351113 seconds
[7.635s][info ][safepoint    ] Entering safepoint region: GenCollectForAllocation
[7.635s][info ][gc,start     ] GC(44) Pause Young (Allocation Failure)
[7.635s][info ][gc,task      ] GC(44) Using 4 workers of 4 for evacuation
[7.637s][debug][gc,ref       ] GC(44) Skipped phase1 of Reference Processing due to unavailable references
[7.637s][debug][gc,ref       ] GC(44) Skipped phase2 of Reference Processing due to unavailable references
[7.637s][debug][gc,ref       ] GC(44) Skipped phase3 of Reference Processing due to unavailable references
[7.637s][debug][gc,ref       ] GC(44) Skipped phase4 of Reference Processing due to unavailable references
[7.637s][debug][gc,age       ] GC(44) Desired survivor size 15400960 bytes, new threshold 6 (max threshold 6)
[7.637s][info ][gc,heap      ] GC(44) ParNew: 241506K->457K(270976K)
[7.637s][info ][gc,heap      ] GC(44) CMS: 120271K->120341K(602112K)
[7.637s][info ][gc,metaspace ] GC(44) Metaspace: 36700K->36700K(1083392K)
[7.637s][info ][gc           ] GC(44) Pause Young (Allocation Failure) 353M->117M(852M) 2.010ms
[7.637s][info ][gc,cpu       ] GC(44) User=0.01s Sys=0.00s Real=0.00s
[7.637s][info ][safepoint    ] Leaving safepoint region
[7.637s][info ][safepoint    ] Total time for which application threads were stopped: 0.0025014 seconds, Stopping threads took: 0.0003100 seconds
[7.690s][info ][safepoint    ] Application time: 0.0527258 seconds
[7.690s][info ][safepoint    ] Entering safepoint region: GenCollectForAllocation
[7.690s][info ][gc,start     ] GC(45) Pause Young (Allocation Failure)
[7.690s][info ][gc,task      ] GC(45) Using 4 workers of 4 for evacuation
[7.692s][debug][gc,ref       ] GC(45) Skipped phase1 of Reference Processing due to unavailable references
[7.692s][debug][gc,ref       ] GC(45) Skipped phase2 of Reference Processing due to unavailable references
[7.692s][debug][gc,ref       ] GC(45) Skipped phase3 of Reference Processing due to unavailable references
[7.692s][debug][gc,ref       ] GC(45) Skipped phase4 of Reference Processing due to unavailable references
[7.692s][debug][gc,age       ] GC(45) Desired survivor size 15400960 bytes, new threshold 6 (max threshold 6)
[7.692s][info ][gc,heap      ] GC(45) ParNew: 241353K->520K(270976K)
[7.692s][info ][gc,heap      ] GC(45) CMS: 120341K->120357K(602112K)
[7.692s][info ][gc,metaspace ] GC(45) Metaspace: 36700K->36700K(1083392K)
[7.692s][info ][gc           ] GC(45) Pause Young (Allocation Failure) 353M->118M(852M) 1.789ms
[7.692s][info ][gc,cpu       ] GC(45) User=0.00s Sys=0.00s Real=0.00s
[7.692s][info ][safepoint    ] Leaving safepoint region
[7.692s][info ][safepoint    ] Total time for which application threads were stopped: 0.0020056 seconds, Stopping threads took: 0.0000756 seconds
[7.727s][info ][safepoint    ] Application time: 0.0347036 seconds
[7.727s][info ][safepoint    ] Entering safepoint region: GenCollectForAllocation
[7.727s][info ][gc,start     ] GC(46) Pause Young (Allocation Failure)
[7.727s][info ][gc,task      ] GC(46) Using 4 workers of 4 for evacuation
[7.729s][debug][gc,ref       ] GC(46) Skipped phase1 of Reference Processing due to unavailable references
[7.729s][debug][gc,ref       ] GC(46) Skipped phase2 of Reference Processing due to unavailable references
[7.729s][debug][gc,ref       ] GC(46) Skipped phase3 of Reference Processing due to unavailable references
[7.729s][debug][gc,ref       ] GC(46) Skipped phase4 of Reference Processing due to unavailable references
[7.729s][debug][gc,age       ] GC(46) Desired survivor size 15400960 bytes, new threshold 6 (max threshold 6)
[7.729s][info ][gc,heap      ] GC(46) ParNew: 241416K->574K(270976K)
[7.729s][info ][gc,heap      ] GC(46) CMS: 120357K->120429K(602112K)
[7.729s][info ][gc,metaspace ] GC(46) Metaspace: 36700K->36700K(1083392K)
[7.729s][info ][gc           ] GC(46) Pause Young (Allocation Failure) 353M->118M(852M) 1.985ms
[7.729s][info ][gc,cpu       ] GC(46) User=0.00s Sys=0.00s Real=0.00s
[7.729s][info ][safepoint    ] Leaving safepoint region
[7.729s][info ][safepoint    ] Total time for which application threads were stopped: 0.0022956 seconds, Stopping threads took: 0.0001537 seconds
[7.782s][info ][safepoint    ] Application time: 0.0532179 seconds
[7.783s][info ][safepoint    ] Entering safepoint region: GenCollectForAllocation
[7.783s][info ][gc,start     ] GC(47) Pause Young (Allocation Failure)
[7.783s][info ][gc,task      ] GC(47) Using 4 workers of 4 for evacuation
[7.785s][debug][gc,ref       ] GC(47) Skipped phase1 of Reference Processing due to unavailable references
[7.785s][debug][gc,ref       ] GC(47) Skipped phase2 of Reference Processing due to unavailable references
[7.785s][debug][gc,ref       ] GC(47) Skipped phase3 of Reference Processing due to unavailable references
[7.785s][debug][gc,ref       ] GC(47) Skipped phase4 of Reference Processing due to unavailable references
[7.785s][debug][gc,age       ] GC(47) Desired survivor size 15400960 bytes, new threshold 6 (max threshold 6)
[7.785s][info ][gc,heap      ] GC(47) ParNew: 241470K->545K(270976K)
[7.785s][info ][gc,heap      ] GC(47) CMS: 120429K->120464K(602112K)
[7.785s][info ][gc,metaspace ] GC(47) Metaspace: 36700K->36700K(1083392K)
[7.785s][info ][gc           ] GC(47) Pause Young (Allocation Failure) 353M->118M(852M) 2.041ms
[7.785s][info ][gc,cpu       ] GC(47) User=0.01s Sys=0.00s Real=0.01s
[7.785s][info ][safepoint    ] Leaving safepoint region
[7.785s][info ][safepoint    ] Total time for which application threads were stopped: 0.0023694 seconds, Stopping threads took: 0.0001618 seconds
[7.822s][info ][safepoint    ] Application time: 0.0373602 seconds
[7.822s][info ][safepoint    ] Entering safepoint region: GenCollectForAllocation
[7.823s][info ][gc,start     ] GC(48) Pause Young (Allocation Failure)
[7.823s][info ][gc,task      ] GC(48) Using 4 workers of 4 for evacuation
[7.824s][debug][gc,ref       ] GC(48) Skipped phase1 of Reference Processing due to unavailable references
[7.824s][debug][gc,ref       ] GC(48) Skipped phase2 of Reference Processing due to unavailable references
[7.824s][debug][gc,ref       ] GC(48) Skipped phase3 of Reference Processing due to unavailable references
[7.824s][debug][gc,ref       ] GC(48) Skipped phase4 of Reference Processing due to unavailable references
[7.824s][debug][gc,age       ] GC(48) Desired survivor size 15400960 bytes, new threshold 6 (max threshold 6)
[7.824s][info ][gc,heap      ] GC(48) ParNew: 241441K->589K(270976K)
[7.824s][info ][gc,heap      ] GC(48) CMS: 120464K->120519K(602112K)
[7.824s][info ][gc,metaspace ] GC(48) Metaspace: 36700K->36700K(1083392K)
[7.824s][info ][gc           ] GC(48) Pause Young (Allocation Failure) 353M->118M(852M) 1.892ms
[7.824s][info ][gc,cpu       ] GC(48) User=0.01s Sys=0.00s Real=0.01s
[7.825s][info ][safepoint    ] Leaving safepoint region
[7.825s][info ][safepoint    ] Total time for which application threads were stopped: 0.0022261 seconds, Stopping threads took: 0.0001886 seconds
[7.877s][info ][safepoint    ] Application time: 0.0527229 seconds
[7.877s][info ][safepoint    ] Entering safepoint region: GenCollectForAllocation
[7.878s][info ][gc,start     ] GC(49) Pause Young (Allocation Failure)
[7.878s][info ][gc,task      ] GC(49) Using 4 workers of 4 for evacuation
[7.879s][debug][gc,ref       ] GC(49) Skipped phase1 of Reference Processing due to unavailable references
[7.879s][debug][gc,ref       ] GC(49) Skipped phase2 of Reference Processing due to unavailable references
[7.879s][debug][gc,ref       ] GC(49) Skipped phase3 of Reference Processing due to unavailable references
[7.879s][debug][gc,ref       ] GC(49) Skipped phase4 of Reference Processing due to unavailable references
[7.879s][debug][gc,age       ] GC(49) Desired survivor size 15400960 bytes, new threshold 6 (max threshold 6)
[7.879s][info ][gc,heap      ] GC(49) ParNew: 241485K->565K(270976K)
[7.879s][info ][gc,heap      ] GC(49) CMS: 120519K->120572K(602112K)
[7.879s][info ][gc,metaspace ] GC(49) Metaspace: 36701K->36701K(1083392K)
[7.879s][info ][gc           ] GC(49) Pause Young (Allocation Failure) 353M->118M(852M) 1.944ms
[7.879s][info ][gc,cpu       ] GC(49) User=0.01s Sys=0.00s Real=0.00s
[7.879s][info ][safepoint    ] Leaving safepoint region
[7.879s][info ][safepoint    ] Total time for which application threads were stopped: 0.0022207 seconds, Stopping threads took: 0.0000926 seconds
[7.918s][info ][safepoint    ] Application time: 0.0386690 seconds
[7.919s][info ][safepoint    ] Entering safepoint region: GenCollectForAllocation
[7.919s][info ][gc,start     ] GC(50) Pause Young (Allocation Failure)
[7.919s][info ][gc,task      ] GC(50) Using 4 workers of 4 for evacuation
[7.921s][debug][gc,ref       ] GC(50) Skipped phase1 of Reference Processing due to unavailable references
[7.921s][debug][gc,ref       ] GC(50) Skipped phase2 of Reference Processing due to unavailable references
[7.921s][debug][gc,ref       ] GC(50) Skipped phase3 of Reference Processing due to unavailable references
[7.921s][debug][gc,ref       ] GC(50) Skipped phase4 of Reference Processing due to unavailable references
[7.921s][debug][gc,age       ] GC(50) Desired survivor size 15400960 bytes, new threshold 6 (max threshold 6)
[7.921s][info ][gc,heap      ] GC(50) ParNew: 241461K->580K(270976K)
[7.921s][info ][gc,heap      ] GC(50) CMS: 120572K->120606K(602112K)
[7.921s][info ][gc,metaspace ] GC(50) Metaspace: 36701K->36701K(1083392K)
[7.921s][info ][gc           ] GC(50) Pause Young (Allocation Failure) 353M->118M(852M) 1.932ms
[7.921s][info ][gc,cpu       ] GC(50) User=0.01s Sys=0.00s Real=0.00s
[7.921s][info ][safepoint    ] Leaving safepoint region
[7.921s][info ][safepoint    ] Total time for which application threads were stopped: 0.0026571 seconds, Stopping threads took: 0.0005952 seconds
[7.972s][info ][safepoint    ] Application time: 0.0510716 seconds
[7.972s][info ][safepoint    ] Entering safepoint region: GenCollectForAllocation
[7.972s][info ][gc,start     ] GC(51) Pause Young (Allocation Failure)
[7.972s][info ][gc,task      ] GC(51) Using 4 workers of 4 for evacuation
[7.974s][debug][gc,ref       ] GC(51) Skipped phase1 of Reference Processing due to unavailable references
[7.974s][debug][gc,ref       ] GC(51) Skipped phase2 of Reference Processing due to unavailable references
[7.974s][debug][gc,ref       ] GC(51) Skipped phase3 of Reference Processing due to unavailable references
[7.974s][debug][gc,ref       ] GC(51) Skipped phase4 of Reference Processing due to unavailable references
[7.974s][debug][gc,age       ] GC(51) Desired survivor size 15400960 bytes, new threshold 6 (max threshold 6)
[7.974s][info ][gc,heap      ] GC(51) ParNew: 241476K->575K(270976K)
[7.974s][info ][gc,heap      ] GC(51) CMS: 120606K->120679K(602112K)
[7.974s][info ][gc,metaspace ] GC(51) Metaspace: 36702K->36702K(1083392K)
[7.974s][info ][gc           ] GC(51) Pause Young (Allocation Failure) 353M->118M(852M) 1.942ms
[7.974s][info ][gc,cpu       ] GC(51) User=0.00s Sys=0.00s Real=0.00s
[7.974s][info ][safepoint    ] Leaving safepoint region
[7.974s][info ][safepoint    ] Total time for which application threads were stopped: 0.0021973 seconds, Stopping threads took: 0.0001092 seconds
[8.012s][info ][safepoint    ] Application time: 0.0381761 seconds
[8.013s][info ][safepoint    ] Entering safepoint region: GenCollectForAllocation
[8.013s][info ][gc,start     ] GC(52) Pause Young (Allocation Failure)
[8.013s][info ][gc,task      ] GC(52) Using 4 workers of 4 for evacuation
[8.014s][debug][gc,ref       ] GC(52) Skipped phase1 of Reference Processing due to unavailable references
[8.014s][debug][gc,ref       ] GC(52) Skipped phase2 of Reference Processing due to unavailable references
[8.014s][debug][gc,ref       ] GC(52) Skipped phase3 of Reference Processing due to unavailable references
[8.014s][debug][gc,ref       ] GC(52) Skipped phase4 of Reference Processing due to unavailable references
[8.015s][debug][gc,age       ] GC(52) Desired survivor size 15400960 bytes, new threshold 6 (max threshold 6)
[8.015s][info ][gc,heap      ] GC(52) ParNew: 241471K->658K(270976K)
[8.015s][info ][gc,heap      ] GC(52) CMS: 120679K->120710K(602112K)
[8.015s][info ][gc,metaspace ] GC(52) Metaspace: 36722K->36722K(1083392K)
[8.015s][info ][gc           ] GC(52) Pause Young (Allocation Failure) 353M->118M(852M) 1.870ms
[8.015s][info ][gc,cpu       ] GC(52) User=0.00s Sys=0.00s Real=0.00s
[8.015s][info ][safepoint    ] Leaving safepoint region
[8.015s][info ][safepoint    ] Total time for which application threads were stopped: 0.0021860 seconds, Stopping threads took: 0.0001458 seconds
[8.069s][info ][safepoint    ] Application time: 0.0541184 seconds
[8.069s][info ][safepoint    ] Entering safepoint region: GenCollectForAllocation
[8.069s][info ][gc,start     ] GC(53) Pause Young (Allocation Failure)
[8.069s][info ][gc,task      ] GC(53) Using 4 workers of 4 for evacuation
[8.071s][debug][gc,ref       ] GC(53) Skipped phase1 of Reference Processing due to unavailable references
[8.071s][debug][gc,ref       ] GC(53) Skipped phase2 of Reference Processing due to unavailable references
[8.071s][debug][gc,ref       ] GC(53) Skipped phase3 of Reference Processing due to unavailable references
[8.071s][debug][gc,ref       ] GC(53) Skipped phase4 of Reference Processing due to unavailable references
[8.071s][debug][gc,age       ] GC(53) Desired survivor size 15400960 bytes, new threshold 6 (max threshold 6)
[8.071s][info ][gc,heap      ] GC(53) ParNew: 241554K->588K(270976K)
[8.071s][info ][gc,heap      ] GC(53) CMS: 120710K->120782K(602112K)
[8.071s][info ][gc,metaspace ] GC(53) Metaspace: 36722K->36722K(1083392K)
[8.071s][info ][gc           ] GC(53) Pause Young (Allocation Failure) 353M->118M(852M) 1.914ms
[8.071s][info ][gc,cpu       ] GC(53) User=0.00s Sys=0.00s Real=0.00s
[8.071s][info ][safepoint    ] Leaving safepoint region
[8.071s][info ][safepoint    ] Total time for which application threads were stopped: 0.0021447 seconds, Stopping threads took: 0.0000913 seconds
[8.106s][info ][safepoint    ] Application time: 0.0347413 seconds
[8.106s][info ][safepoint    ] Entering safepoint region: GenCollectForAllocation
[8.106s][info ][gc,start     ] GC(54) Pause Young (Allocation Failure)
[8.106s][info ][gc,task      ] GC(54) Using 4 workers of 4 for evacuation
[8.108s][debug][gc,ref       ] GC(54) Skipped phase1 of Reference Processing due to unavailable references
[8.108s][debug][gc,ref       ] GC(54) Skipped phase2 of Reference Processing due to unavailable references
[8.108s][debug][gc,ref       ] GC(54) Skipped phase3 of Reference Processing due to unavailable references
[8.108s][debug][gc,ref       ] GC(54) Skipped phase4 of Reference Processing due to unavailable references
[8.108s][debug][gc,age       ] GC(54) Desired survivor size 15400960 bytes, new threshold 6 (max threshold 6)
[8.108s][info ][gc,heap      ] GC(54) ParNew: 241484K->673K(270976K)
[8.108s][info ][gc,heap      ] GC(54) CMS: 120782K->120812K(602112K)
[8.108s][info ][gc,metaspace ] GC(54) Metaspace: 36722K->36722K(1083392K)
[8.108s][info ][gc           ] GC(54) Pause Young (Allocation Failure) 353M->118M(852M) 1.774ms
[8.108s][info ][gc,cpu       ] GC(54) User=0.01s Sys=0.00s Real=0.00s
[8.108s][info ][safepoint    ] Leaving safepoint region
[8.108s][info ][safepoint    ] Total time for which application threads were stopped: 0.0021405 seconds, Stopping threads took: 0.0001967 seconds
[8.160s][info ][safepoint    ] Application time: 0.0519002 seconds
[8.160s][info ][safepoint    ] Entering safepoint region: GenCollectForAllocation
[8.160s][info ][gc,start     ] GC(55) Pause Young (Allocation Failure)
[8.160s][info ][gc,task      ] GC(55) Using 4 workers of 4 for evacuation
[8.162s][debug][gc,ref       ] GC(55) Skipped phase1 of Reference Processing due to unavailable references
[8.162s][debug][gc,ref       ] GC(55) Skipped phase2 of Reference Processing due to unavailable references
[8.162s][debug][gc,ref       ] GC(55) Skipped phase3 of Reference Processing due to unavailable references
[8.162s][debug][gc,ref       ] GC(55) Skipped phase4 of Reference Processing due to unavailable references
[8.162s][debug][gc,age       ] GC(55) Desired survivor size 15400960 bytes, new threshold 6 (max threshold 6)
[8.162s][info ][gc,heap      ] GC(55) ParNew: 241569K->480K(270976K)
[8.162s][info ][gc,heap      ] GC(55) CMS: 120812K->120877K(602112K)
[8.162s][info ][gc,metaspace ] GC(55) Metaspace: 36722K->36722K(1083392K)
[8.162s][info ][gc           ] GC(55) Pause Young (Allocation Failure) 353M->118M(852M) 2.098ms
[8.162s][info ][gc,cpu       ] GC(55) User=0.01s Sys=0.00s Real=0.00s
[8.162s][info ][safepoint    ] Leaving safepoint region
[8.162s][info ][safepoint    ] Total time for which application threads were stopped: 0.0023948 seconds, Stopping threads took: 0.0001473 seconds
[8.200s][info ][safepoint    ] Application time: 0.0379821 seconds
[8.200s][info ][safepoint    ] Entering safepoint region: GenCollectForAllocation
[8.200s][info ][gc,start     ] GC(56) Pause Young (Allocation Failure)
[8.200s][info ][gc,task      ] GC(56) Using 4 workers of 4 for evacuation
[8.202s][debug][gc,ref       ] GC(56) Skipped phase1 of Reference Processing due to unavailable references
[8.202s][debug][gc,ref       ] GC(56) Skipped phase2 of Reference Processing due to unavailable references
[8.202s][debug][gc,ref       ] GC(56) Skipped phase3 of Reference Processing due to unavailable references
[8.202s][debug][gc,ref       ] GC(56) Skipped phase4 of Reference Processing due to unavailable references
[8.202s][debug][gc,age       ] GC(56) Desired survivor size 15400960 bytes, new threshold 6 (max threshold 6)
[8.202s][info ][gc,heap      ] GC(56) ParNew: 241376K->513K(270976K)
[8.202s][info ][gc,heap      ] GC(56) CMS: 120877K->120921K(602112K)
[8.202s][info ][gc,metaspace ] GC(56) Metaspace: 36722K->36722K(1083392K)
[8.202s][info ][gc           ] GC(56) Pause Young (Allocation Failure) 353M->118M(852M) 1.868ms
[8.202s][info ][gc,cpu       ] GC(56) User=0.01s Sys=0.00s Real=0.00s
[8.202s][info ][safepoint    ] Leaving safepoint region
[8.202s][info ][safepoint    ] Total time for which application threads were stopped: 0.0021129 seconds, Stopping threads took: 0.0000794 seconds
[8.248s][info ][safepoint    ] Application time: 0.0454117 seconds
[8.248s][info ][safepoint    ] Entering safepoint region: GenCollectForAllocation
[8.248s][info ][gc,start     ] GC(57) Pause Young (Allocation Failure)
[8.248s][info ][gc,task      ] GC(57) Using 4 workers of 4 for evacuation
[8.250s][debug][gc,ref       ] GC(57) Skipped phase1 of Reference Processing due to unavailable references
[8.250s][debug][gc,ref       ] GC(57) Skipped phase2 of Reference Processing due to unavailable references
[8.250s][debug][gc,ref       ] GC(57) Skipped phase3 of Reference Processing due to unavailable references
[8.250s][debug][gc,ref       ] GC(57) Skipped phase4 of Reference Processing due to unavailable references
[8.250s][debug][gc,age       ] GC(57) Desired survivor size 15400960 bytes, new threshold 6 (max threshold 6)
[8.250s][info ][gc,heap      ] GC(57) ParNew: 241409K->650K(270976K)
[8.250s][info ][gc,heap      ] GC(57) CMS: 120921K->120980K(602112K)
[8.250s][info ][gc,metaspace ] GC(57) Metaspace: 36722K->36722K(1083392K)
[8.250s][info ][gc           ] GC(57) Pause Young (Allocation Failure) 353M->118M(852M) 1.789ms
[8.250s][info ][gc,cpu       ] GC(57) User=0.00s Sys=0.00s Real=0.00s
[8.250s][info ][safepoint    ] Leaving safepoint region
[8.250s][info ][safepoint    ] Total time for which application threads were stopped: 0.0020926 seconds, Stopping threads took: 0.0001622 seconds
[8.291s][info ][safepoint    ] Application time: 0.0411169 seconds
[8.291s][info ][safepoint    ] Entering safepoint region: GenCollectForAllocation
[8.291s][info ][gc,start     ] GC(58) Pause Young (Allocation Failure)
[8.291s][info ][gc,task      ] GC(58) Using 4 workers of 4 for evacuation
[8.293s][debug][gc,ref       ] GC(58) Skipped phase1 of Reference Processing due to unavailable references
[8.293s][debug][gc,ref       ] GC(58) Skipped phase2 of Reference Processing due to unavailable references
[8.293s][debug][gc,ref       ] GC(58) Skipped phase3 of Reference Processing due to unavailable references
[8.293s][debug][gc,ref       ] GC(58) Skipped phase4 of Reference Processing due to unavailable references
[8.293s][debug][gc,age       ] GC(58) Desired survivor size 15400960 bytes, new threshold 6 (max threshold 6)
[8.293s][info ][gc,heap      ] GC(58) ParNew: 241546K->529K(270976K)
[8.293s][info ][gc,heap      ] GC(58) CMS: 120980K->121013K(602112K)
[8.293s][info ][gc,metaspace ] GC(58) Metaspace: 36722K->36722K(1083392K)
[8.293s][info ][gc           ] GC(58) Pause Young (Allocation Failure) 354M->118M(852M) 1.851ms
[8.293s][info ][gc,cpu       ] GC(58) User=0.01s Sys=0.00s Real=0.00s
[8.293s][info ][safepoint    ] Leaving safepoint region
[8.293s][info ][safepoint    ] Total time for which application threads were stopped: 0.0023944 seconds, Stopping threads took: 0.0003844 seconds
[8.340s][info ][safepoint    ] Application time: 0.0471310 seconds
[8.341s][info ][safepoint    ] Entering safepoint region: GenCollectForAllocation
[8.341s][info ][gc,start     ] GC(59) Pause Young (Allocation Failure)
[8.341s][info ][gc,task      ] GC(59) Using 4 workers of 4 for evacuation
[8.343s][debug][gc,ref       ] GC(59) Skipped phase1 of Reference Processing due to unavailable references
[8.343s][debug][gc,ref       ] GC(59) Skipped phase2 of Reference Processing due to unavailable references
[8.343s][debug][gc,ref       ] GC(59) Skipped phase3 of Reference Processing due to unavailable references
[8.343s][debug][gc,ref       ] GC(59) Skipped phase4 of Reference Processing due to unavailable references
[8.343s][debug][gc,age       ] GC(59) Desired survivor size 15400960 bytes, new threshold 6 (max threshold 6)
[8.343s][info ][gc,heap      ] GC(59) ParNew: 241425K->533K(270976K)
[8.343s][info ][gc,heap      ] GC(59) CMS: 121013K->121091K(602112K)
[8.343s][info ][gc,metaspace ] GC(59) Metaspace: 36722K->36722K(1083392K)
[8.343s][info ][gc           ] GC(59) Pause Young (Allocation Failure) 353M->118M(852M) 1.891ms
[8.343s][info ][gc,cpu       ] GC(59) User=0.01s Sys=0.00s Real=0.00s
[8.343s][info ][safepoint    ] Leaving safepoint region
[8.343s][info ][safepoint    ] Total time for which application threads were stopped: 0.0022300 seconds, Stopping threads took: 0.0001689 seconds
[8.388s][info ][safepoint    ] Application time: 0.0454155 seconds
[8.388s][info ][safepoint    ] Entering safepoint region: GenCollectForAllocation
[8.388s][info ][gc,start     ] GC(60) Pause Young (Allocation Failure)
[8.388s][info ][gc,task      ] GC(60) Using 4 workers of 4 for evacuation
[8.390s][debug][gc,ref       ] GC(60) Skipped phase1 of Reference Processing due to unavailable references
[8.390s][debug][gc,ref       ] GC(60) Skipped phase2 of Reference Processing due to unavailable references
[8.390s][debug][gc,ref       ] GC(60) Skipped phase3 of Reference Processing due to unavailable references
[8.390s][debug][gc,ref       ] GC(60) Skipped phase4 of Reference Processing due to unavailable references
[8.390s][debug][gc,age       ] GC(60) Desired survivor size 15400960 bytes, new threshold 6 (max threshold 6)
[8.390s][info ][gc,heap      ] GC(60) ParNew: 241429K->657K(270976K)
[8.390s][info ][gc,heap      ] GC(60) CMS: 121091K->121117K(602112K)
[8.390s][info ][gc,metaspace ] GC(60) Metaspace: 36722K->36722K(1083392K)
[8.390s][info ][gc           ] GC(60) Pause Young (Allocation Failure) 354M->118M(852M) 1.794ms
[8.390s][info ][gc,cpu       ] GC(60) User=0.01s Sys=0.00s Real=0.00s
[8.390s][info ][safepoint    ] Leaving safepoint region
[8.390s][info ][safepoint    ] Total time for which application threads were stopped: 0.0020058 seconds, Stopping threads took: 0.0000735 seconds
[8.429s][info ][safepoint    ] Application time: 0.0387015 seconds
[8.429s][info ][safepoint    ] Entering safepoint region: GenCollectForAllocation
[8.429s][info ][gc,start     ] GC(61) Pause Young (Allocation Failure)
[8.429s][info ][gc,task      ] GC(61) Using 4 workers of 4 for evacuation
[8.431s][debug][gc,ref       ] GC(61) Skipped phase1 of Reference Processing due to unavailable references
[8.431s][debug][gc,ref       ] GC(61) Skipped phase2 of Reference Processing due to unavailable references
[8.431s][debug][gc,ref       ] GC(61) Skipped phase3 of Reference Processing due to unavailable references
[8.431s][debug][gc,ref       ] GC(61) Skipped phase4 of Reference Processing due to unavailable references
[8.431s][debug][gc,age       ] GC(61) Desired survivor size 15400960 bytes, new threshold 6 (max threshold 6)
[8.431s][info ][gc,heap      ] GC(61) ParNew: 241553K->710K(270976K)
[8.431s][info ][gc,heap      ] GC(61) CMS: 121117K->121185K(602112K)
[8.431s][info ][gc,metaspace ] GC(61) Metaspace: 36723K->36723K(1083392K)
[8.431s][info ][gc           ] GC(61) Pause Young (Allocation Failure) 354M->119M(852M) 2.046ms
[8.431s][info ][gc,cpu       ] GC(61) User=0.01s Sys=0.00s Real=0.00s
[8.431s][info ][safepoint    ] Leaving safepoint region
[8.431s][info ][safepoint    ] Total time for which application threads were stopped: 0.0023320 seconds, Stopping threads took: 0.0001091 seconds
[8.478s][info ][safepoint    ] Application time: 0.0463260 seconds
[8.478s][info ][safepoint    ] Entering safepoint region: GenCollectForAllocation
[8.478s][info ][gc,start     ] GC(62) Pause Young (Allocation Failure)
[8.478s][info ][gc,task      ] GC(62) Using 4 workers of 4 for evacuation
[8.480s][debug][gc,ref       ] GC(62) Skipped phase1 of Reference Processing due to unavailable references
[8.480s][debug][gc,ref       ] GC(62) Skipped phase2 of Reference Processing due to unavailable references
[8.480s][debug][gc,ref       ] GC(62) Skipped phase3 of Reference Processing due to unavailable references
[8.480s][debug][gc,ref       ] GC(62) Skipped phase4 of Reference Processing due to unavailable references
[8.480s][debug][gc,age       ] GC(62) Desired survivor size 15400960 bytes, new threshold 6 (max threshold 6)
[8.480s][info ][gc,heap      ] GC(62) ParNew: 241606K->565K(270976K)
[8.480s][info ][gc,heap      ] GC(62) CMS: 121185K->121241K(602112K)
[8.480s][info ][gc,metaspace ] GC(62) Metaspace: 36723K->36723K(1083392K)
[8.480s][info ][gc           ] GC(62) Pause Young (Allocation Failure) 354M->118M(852M) 1.911ms
[8.480s][info ][gc,cpu       ] GC(62) User=0.01s Sys=0.00s Real=0.00s
[8.480s][info ][safepoint    ] Leaving safepoint region
[8.480s][info ][safepoint    ] Total time for which application threads were stopped: 0.0021407 seconds, Stopping threads took: 0.0000795 seconds
[8.524s][info ][safepoint    ] Application time: 0.0444624 seconds
[8.524s][info ][safepoint    ] Entering safepoint region: GenCollectForAllocation
[8.524s][info ][gc,start     ] GC(63) Pause Young (Allocation Failure)
[8.524s][info ][gc,task      ] GC(63) Using 4 workers of 4 for evacuation
[8.526s][debug][gc,ref       ] GC(63) Skipped phase1 of Reference Processing due to unavailable references
[8.526s][debug][gc,ref       ] GC(63) Skipped phase2 of Reference Processing due to unavailable references
[8.526s][debug][gc,ref       ] GC(63) Skipped phase3 of Reference Processing due to unavailable references
[8.526s][debug][gc,ref       ] GC(63) Skipped phase4 of Reference Processing due to unavailable references
[8.526s][debug][gc,age       ] GC(63) Desired survivor size 15400960 bytes, new threshold 6 (max threshold 6)
[8.526s][info ][gc,heap      ] GC(63) ParNew: 241461K->661K(270976K)
[8.526s][info ][gc,heap      ] GC(63) CMS: 121241K->121295K(602112K)
[8.526s][info ][gc,metaspace ] GC(63) Metaspace: 36724K->36724K(1083392K)
[8.526s][info ][gc           ] GC(63) Pause Young (Allocation Failure) 354M->119M(852M) 1.942ms
[8.526s][info ][gc,cpu       ] GC(63) User=0.00s Sys=0.00s Real=0.00s
[8.526s][info ][safepoint    ] Leaving safepoint region
[8.526s][info ][safepoint    ] Total time for which application threads were stopped: 0.0021607 seconds, Stopping threads took: 0.0000730 seconds
[8.571s][info ][safepoint    ] Application time: 0.0449775 seconds
[8.572s][info ][safepoint    ] Entering safepoint region: GenCollectForAllocation
[8.572s][info ][gc,start     ] GC(64) Pause Young (Allocation Failure)
[8.572s][info ][gc,task      ] GC(64) Using 4 workers of 4 for evacuation
[8.574s][debug][gc,ref       ] GC(64) Skipped phase1 of Reference Processing due to unavailable references
[8.574s][debug][gc,ref       ] GC(64) Skipped phase2 of Reference Processing due to unavailable references
[8.574s][debug][gc,ref       ] GC(64) Skipped phase3 of Reference Processing due to unavailable references
[8.574s][debug][gc,ref       ] GC(64) Skipped phase4 of Reference Processing due to unavailable references
[8.574s][debug][gc,age       ] GC(64) Desired survivor size 15400960 bytes, new threshold 6 (max threshold 6)
[8.574s][info ][gc,heap      ] GC(64) ParNew: 241557K->730K(270976K)
[8.574s][info ][gc,heap      ] GC(64) CMS: 121295K->121346K(602112K)
[8.574s][info ][gc,metaspace ] GC(64) Metaspace: 36724K->36724K(1083392K)
[8.574s][info ][gc           ] GC(64) Pause Young (Allocation Failure) 354M->119M(852M) 1.944ms
[8.574s][info ][gc,cpu       ] GC(64) User=0.01s Sys=0.00s Real=0.00s
[8.574s][info ][safepoint    ] Leaving safepoint region
[8.574s][info ][safepoint    ] Total time for which application threads were stopped: 0.0022514 seconds, Stopping threads took: 0.0001314 seconds
[8.620s][info ][safepoint    ] Application time: 0.0458209 seconds
[8.620s][info ][safepoint    ] Entering safepoint region: GenCollectForAllocation
[8.620s][info ][gc,start     ] GC(65) Pause Young (Allocation Failure)
[8.620s][info ][gc,task      ] GC(65) Using 4 workers of 4 for evacuation
[8.622s][debug][gc,ref       ] GC(65) Skipped phase1 of Reference Processing due to unavailable references
[8.622s][debug][gc,ref       ] GC(65) Skipped phase2 of Reference Processing due to unavailable references
[8.622s][debug][gc,ref       ] GC(65) Skipped phase3 of Reference Processing due to unavailable references
[8.622s][debug][gc,ref       ] GC(65) Skipped phase4 of Reference Processing due to unavailable references
[8.622s][debug][gc,age       ] GC(65) Desired survivor size 15400960 bytes, new threshold 6 (max threshold 6)
[8.622s][info ][gc,heap      ] GC(65) ParNew: 241626K->655K(270976K)
[8.622s][info ][gc,heap      ] GC(65) CMS: 121346K->121401K(602112K)
[8.622s][info ][gc,metaspace ] GC(65) Metaspace: 36724K->36724K(1083392K)
[8.622s][info ][gc           ] GC(65) Pause Young (Allocation Failure) 354M->119M(852M) 2.299ms
[8.622s][info ][gc,cpu       ] GC(65) User=0.00s Sys=0.00s Real=0.00s
[8.622s][info ][safepoint    ] Leaving safepoint region
[8.622s][info ][safepoint    ] Total time for which application threads were stopped: 0.0026543 seconds, Stopping threads took: 0.0001986 seconds
[8.672s][info ][safepoint    ] Application time: 0.0499886 seconds
[8.672s][info ][safepoint    ] Entering safepoint region: GenCollectForAllocation
[8.673s][info ][gc,start     ] GC(66) Pause Young (Allocation Failure)
[8.673s][info ][gc,task      ] GC(66) Using 4 workers of 4 for evacuation
[8.674s][debug][gc,ref       ] GC(66) Skipped phase1 of Reference Processing due to unavailable references
[8.674s][debug][gc,ref       ] GC(66) Skipped phase2 of Reference Processing due to unavailable references
[8.674s][debug][gc,ref       ] GC(66) Skipped phase3 of Reference Processing due to unavailable references
[8.674s][debug][gc,ref       ] GC(66) Skipped phase4 of Reference Processing due to unavailable references
[8.675s][debug][gc,age       ] GC(66) Desired survivor size 15400960 bytes, new threshold 6 (max threshold 6)
[8.675s][info ][gc,heap      ] GC(66) ParNew: 241551K->681K(270976K)
[8.675s][info ][gc,heap      ] GC(66) CMS: 121401K->121467K(602112K)
[8.675s][info ][gc,metaspace ] GC(66) Metaspace: 36724K->36724K(1083392K)
[8.675s][info ][gc           ] GC(66) Pause Young (Allocation Failure) 354M->119M(852M) 2.007ms
[8.675s][info ][gc,cpu       ] GC(66) User=0.00s Sys=0.00s Real=0.00s
[8.675s][info ][safepoint    ] Leaving safepoint region
[8.675s][info ][safepoint    ] Total time for which application threads were stopped: 0.0023278 seconds, Stopping threads took: 0.0001658 seconds
[8.730s][info ][safepoint    ] Application time: 0.0550944 seconds
[8.741s][info ][safepoint    ] Entering safepoint region: GenCollectForAllocation
[8.741s][info ][gc,start     ] GC(67) Pause Young (Allocation Failure)
[8.741s][info ][gc,task      ] GC(67) Using 4 workers of 4 for evacuation
[8.743s][debug][gc,ref       ] GC(67) Skipped phase1 of Reference Processing due to unavailable references
[8.743s][debug][gc,ref       ] GC(67) Skipped phase2 of Reference Processing due to unavailable references
[8.743s][debug][gc,ref       ] GC(67) Skipped phase3 of Reference Processing due to unavailable references
[8.743s][debug][gc,ref       ] GC(67) Skipped phase4 of Reference Processing due to unavailable references
[8.744s][debug][gc,age       ] GC(67) Desired survivor size 15400960 bytes, new threshold 6 (max threshold 6)
[8.744s][info ][gc,heap      ] GC(67) ParNew: 241577K->776K(270976K)
[8.744s][info ][gc,heap      ] GC(67) CMS: 121467K->121511K(602112K)
[8.744s][info ][gc,metaspace ] GC(67) Metaspace: 36724K->36724K(1083392K)
[8.744s][info ][gc           ] GC(67) Pause Young (Allocation Failure) 354M->119M(852M) 2.174ms
[8.744s][info ][gc,cpu       ] GC(67) User=0.01s Sys=0.00s Real=0.01s
[8.744s][info ][safepoint    ] Leaving safepoint region
[8.744s][info ][safepoint    ] Total time for which application threads were stopped: 0.0138756 seconds, Stopping threads took: 0.0115408 seconds
[8.793s][info ][safepoint    ] Application time: 0.0491311 seconds
[8.793s][info ][safepoint    ] Entering safepoint region: GenCollectForAllocation
[8.793s][info ][gc,start     ] GC(68) Pause Young (Allocation Failure)
[8.793s][info ][gc,task      ] GC(68) Using 4 workers of 4 for evacuation
[8.795s][debug][gc,ref       ] GC(68) Skipped phase1 of Reference Processing due to unavailable references
[8.795s][debug][gc,ref       ] GC(68) Skipped phase2 of Reference Processing due to unavailable references
[8.795s][debug][gc,ref       ] GC(68) Skipped phase3 of Reference Processing due to unavailable references
[8.795s][debug][gc,ref       ] GC(68) Skipped phase4 of Reference Processing due to unavailable references
[8.795s][debug][gc,age       ] GC(68) Desired survivor size 15400960 bytes, new threshold 6 (max threshold 6)
[8.795s][info ][gc,heap      ] GC(68) ParNew: 241672K->569K(270976K)
[8.795s][info ][gc,heap      ] GC(68) CMS: 121511K->121583K(602112K)
[8.795s][info ][gc,metaspace ] GC(68) Metaspace: 36724K->36724K(1083392K)
[8.795s][info ][gc           ] GC(68) Pause Young (Allocation Failure) 354M->119M(852M) 1.993ms
[8.795s][info ][gc,cpu       ] GC(68) User=0.00s Sys=0.00s Real=0.00s
[8.795s][info ][safepoint    ] Leaving safepoint region
[8.795s][info ][safepoint    ] Total time for which application threads were stopped: 0.0023145 seconds, Stopping threads took: 0.0001798 seconds
[8.835s][info ][safepoint    ] Application time: 0.0398189 seconds
[8.835s][info ][safepoint    ] Entering safepoint region: GenCollectForAllocation
[8.835s][info ][gc,start     ] GC(69) Pause Young (Allocation Failure)
[8.835s][info ][gc,task      ] GC(69) Using 4 workers of 4 for evacuation
[8.837s][debug][gc,ref       ] GC(69) Skipped phase1 of Reference Processing due to unavailable references
[8.837s][debug][gc,ref       ] GC(69) Skipped phase2 of Reference Processing due to unavailable references
[8.837s][debug][gc,ref       ] GC(69) Skipped phase3 of Reference Processing due to unavailable references
[8.837s][debug][gc,ref       ] GC(69) Skipped phase4 of Reference Processing due to unavailable references
[8.837s][debug][gc,age       ] GC(69) Desired survivor size 15400960 bytes, new threshold 6 (max threshold 6)
[8.837s][info ][gc,heap      ] GC(69) ParNew: 241465K->739K(270976K)
[8.837s][info ][gc,heap      ] GC(69) CMS: 121583K->121645K(602112K)
[8.837s][info ][gc,metaspace ] GC(69) Metaspace: 36724K->36724K(1083392K)
[8.837s][info ][gc           ] GC(69) Pause Young (Allocation Failure) 354M->119M(852M) 1.892ms
[8.837s][info ][gc,cpu       ] GC(69) User=0.01s Sys=0.00s Real=0.01s
[8.837s][info ][safepoint    ] Leaving safepoint region
[8.837s][info ][safepoint    ] Total time for which application threads were stopped: 0.0021176 seconds, Stopping threads took: 0.0000821 seconds
[8.883s][info ][safepoint    ] Application time: 0.0464005 seconds
[8.886s][info ][safepoint    ] Entering safepoint region: GenCollectForAllocation
[8.886s][info ][gc,start     ] GC(70) Pause Young (Allocation Failure)
[8.886s][info ][gc,task      ] GC(70) Using 4 workers of 4 for evacuation
[8.888s][debug][gc,ref       ] GC(70) Skipped phase1 of Reference Processing due to unavailable references
[8.888s][debug][gc,ref       ] GC(70) Skipped phase2 of Reference Processing due to unavailable references
[8.888s][debug][gc,ref       ] GC(70) Skipped phase3 of Reference Processing due to unavailable references
[8.888s][debug][gc,ref       ] GC(70) Skipped phase4 of Reference Processing due to unavailable references
[8.888s][debug][gc,age       ] GC(70) Desired survivor size 15400960 bytes, new threshold 6 (max threshold 6)
[8.888s][info ][gc,heap      ] GC(70) ParNew: 241635K->924K(270976K)
[8.888s][info ][gc,heap      ] GC(70) CMS: 121645K->121711K(602112K)
[8.888s][info ][gc,metaspace ] GC(70) Metaspace: 36724K->36724K(1083392K)
[8.888s][info ][gc           ] GC(70) Pause Young (Allocation Failure) 354M->119M(852M) 2.380ms
[8.888s][info ][gc,cpu       ] GC(70) User=0.01s Sys=0.00s Real=0.00s
[8.888s][info ][safepoint    ] Leaving safepoint region
[8.888s][info ][safepoint    ] Total time for which application threads were stopped: 0.0049271 seconds, Stopping threads took: 0.0023942 seconds
[8.933s][info ][safepoint    ] Application time: 0.0450502 seconds
[8.934s][info ][safepoint    ] Entering safepoint region: GenCollectForAllocation
[8.934s][info ][gc,start     ] GC(71) Pause Young (Allocation Failure)
[8.934s][info ][gc,task      ] GC(71) Using 4 workers of 4 for evacuation
[8.936s][debug][gc,ref       ] GC(71) Skipped phase1 of Reference Processing due to unavailable references
[8.936s][debug][gc,ref       ] GC(71) Skipped phase2 of Reference Processing due to unavailable references
[8.936s][debug][gc,ref       ] GC(71) Skipped phase3 of Reference Processing due to unavailable references
[8.936s][debug][gc,ref       ] GC(71) Skipped phase4 of Reference Processing due to unavailable references
[8.936s][debug][gc,age       ] GC(71) Desired survivor size 15400960 bytes, new threshold 6 (max threshold 6)
[8.936s][info ][gc,heap      ] GC(71) ParNew: 241820K->1073K(270976K)
[8.936s][info ][gc,heap      ] GC(71) CMS: 121711K->121776K(602112K)
[8.936s][info ][gc,metaspace ] GC(71) Metaspace: 36724K->36724K(1083392K)
[8.936s][info ][gc           ] GC(71) Pause Young (Allocation Failure) 355M->119M(852M) 2.216ms
[8.936s][info ][gc,cpu       ] GC(71) User=0.01s Sys=0.00s Real=0.01s
[8.936s][info ][safepoint    ] Leaving safepoint region
[8.936s][info ][safepoint    ] Total time for which application threads were stopped: 0.0027078 seconds, Stopping threads took: 0.0003195 seconds
[8.978s][info ][safepoint    ] Application time: 0.0417448 seconds
[8.978s][info ][safepoint    ] Entering safepoint region: GenCollectForAllocation
[8.978s][info ][gc,start     ] GC(72) Pause Young (Allocation Failure)
[8.978s][info ][gc,task      ] GC(72) Using 4 workers of 4 for evacuation
[8.982s][debug][gc,ref       ] GC(72) Skipped phase1 of Reference Processing due to unavailable references
[8.982s][debug][gc,ref       ] GC(72) Skipped phase2 of Reference Processing due to unavailable references
[8.982s][debug][gc,ref       ] GC(72) Skipped phase3 of Reference Processing due to unavailable references
[8.982s][debug][gc,ref       ] GC(72) Skipped phase4 of Reference Processing due to unavailable references
[8.982s][debug][gc,age       ] GC(72) Desired survivor size 15400960 bytes, new threshold 6 (max threshold 6)
[8.982s][info ][gc,heap      ] GC(72) ParNew: 241969K->1961K(270976K)
[8.982s][info ][gc,heap      ] GC(72) CMS: 121776K->121836K(602112K)
[8.982s][info ][gc,metaspace ] GC(72) Metaspace: 36724K->36724K(1083392K)
[8.982s][info ][gc           ] GC(72) Pause Young (Allocation Failure) 355M->120M(852M) 4.122ms
[8.982s][info ][gc,cpu       ] GC(72) User=0.02s Sys=0.00s Real=0.00s
[8.982s][info ][safepoint    ] Leaving safepoint region
[8.982s][info ][safepoint    ] Total time for which application threads were stopped: 0.0043964 seconds, Stopping threads took: 0.0000964 seconds
[9.028s][info ][safepoint    ] Application time: 0.0451571 seconds
[9.028s][info ][safepoint    ] Entering safepoint region: GenCollectForAllocation
[9.028s][info ][gc,start     ] GC(73) Pause Young (Allocation Failure)
[9.028s][info ][gc,task      ] GC(73) Using 4 workers of 4 for evacuation
[9.031s][debug][gc,ref       ] GC(73) Skipped phase1 of Reference Processing due to unavailable references
[9.031s][debug][gc,ref       ] GC(73) Skipped phase2 of Reference Processing due to unavailable references
[9.031s][debug][gc,ref       ] GC(73) Skipped phase3 of Reference Processing due to unavailable references
[9.031s][debug][gc,ref       ] GC(73) Skipped phase4 of Reference Processing due to unavailable references
[9.031s][debug][gc,age       ] GC(73) Desired survivor size 15400960 bytes, new threshold 6 (max threshold 6)
[9.031s][info ][gc,heap      ] GC(73) ParNew: 242857K->2629K(270976K)
[9.031s][info ][gc,heap      ] GC(73) CMS: 121836K->121903K(602112K)
[9.031s][info ][gc,metaspace ] GC(73) Metaspace: 36724K->36724K(1083392K)
[9.031s][info ][gc           ] GC(73) Pause Young (Allocation Failure) 356M->121M(852M) 3.339ms
[9.031s][info ][gc,cpu       ] GC(73) User=0.01s Sys=0.00s Real=0.00s
[9.031s][info ][safepoint    ] Leaving safepoint region
[9.031s][info ][safepoint    ] Total time for which application threads were stopped: 0.0038526 seconds, Stopping threads took: 0.0003158 seconds
[9.077s][info ][safepoint    ] Application time: 0.0453456 seconds
[9.077s][info ][safepoint    ] Entering safepoint region: GenCollectForAllocation
[9.077s][info ][gc,start     ] GC(74) Pause Young (Allocation Failure)
[9.077s][info ][gc,task      ] GC(74) Using 4 workers of 4 for evacuation
[9.080s][debug][gc,ref       ] GC(74) Skipped phase1 of Reference Processing due to unavailable references
[9.080s][debug][gc,ref       ] GC(74) Skipped phase2 of Reference Processing due to unavailable references
[9.080s][debug][gc,ref       ] GC(74) Skipped phase3 of Reference Processing due to unavailable references
[9.080s][debug][gc,ref       ] GC(74) Skipped phase4 of Reference Processing due to unavailable references
[9.080s][debug][gc,age       ] GC(74) Desired survivor size 15400960 bytes, new threshold 6 (max threshold 6)
[9.080s][info ][gc,heap      ] GC(74) ParNew: 243525K->1810K(270976K)
[9.080s][info ][gc,heap      ] GC(74) CMS: 121903K->121980K(602112K)
[9.080s][info ][gc,metaspace ] GC(74) Metaspace: 36724K->36724K(1083392K)
[9.080s][info ][gc           ] GC(74) Pause Young (Allocation Failure) 356M->120M(852M) 3.346ms
[9.080s][info ][gc,cpu       ] GC(74) User=0.01s Sys=0.00s Real=0.00s
[9.080s][info ][safepoint    ] Leaving safepoint region
[9.080s][info ][safepoint    ] Total time for which application threads were stopped: 0.0035656 seconds, Stopping threads took: 0.0000741 seconds
[9.123s][info ][safepoint    ] Application time: 0.0427277 seconds
[9.128s][info ][safepoint    ] Entering safepoint region: GenCollectForAllocation
[9.128s][info ][gc,start     ] GC(75) Pause Young (Allocation Failure)
[9.128s][info ][gc,task      ] GC(75) Using 4 workers of 4 for evacuation
[9.131s][debug][gc,ref       ] GC(75) Skipped phase1 of Reference Processing due to unavailable references
[9.131s][debug][gc,ref       ] GC(75) Skipped phase2 of Reference Processing due to unavailable references
[9.131s][debug][gc,ref       ] GC(75) Skipped phase3 of Reference Processing due to unavailable references
[9.131s][debug][gc,ref       ] GC(75) Skipped phase4 of Reference Processing due to unavailable references
[9.131s][debug][gc,age       ] GC(75) Desired survivor size 15400960 bytes, new threshold 6 (max threshold 6)
[9.131s][info ][gc,heap      ] GC(75) ParNew: 242706K->2749K(270976K)
[9.131s][info ][gc,heap      ] GC(75) CMS: 121980K->122045K(602112K)
[9.131s][info ][gc,metaspace ] GC(75) Metaspace: 36724K->36724K(1083392K)
[9.131s][info ][gc           ] GC(75) Pause Young (Allocation Failure) 356M->121M(852M) 3.297ms
[9.131s][info ][gc,cpu       ] GC(75) User=0.02s Sys=0.00s Real=0.00s
[9.132s][info ][safepoint    ] Leaving safepoint region
[9.132s][info ][safepoint    ] Total time for which application threads were stopped: 0.0083847 seconds, Stopping threads took: 0.0049240 seconds
[9.173s][info ][safepoint    ] Application time: 0.0411542 seconds
[9.173s][info ][safepoint    ] Entering safepoint region: GenCollectForAllocation
[9.173s][info ][gc,start     ] GC(76) Pause Young (Allocation Failure)
[9.173s][info ][gc,task      ] GC(76) Using 4 workers of 4 for evacuation
[9.177s][debug][gc,ref       ] GC(76) Skipped phase1 of Reference Processing due to unavailable references
[9.177s][debug][gc,ref       ] GC(76) Skipped phase2 of Reference Processing due to unavailable references
[9.177s][debug][gc,ref       ] GC(76) Skipped phase3 of Reference Processing due to unavailable references
[9.177s][debug][gc,ref       ] GC(76) Skipped phase4 of Reference Processing due to unavailable references
[9.177s][debug][gc,age       ] GC(76) Desired survivor size 15400960 bytes, new threshold 6 (max threshold 6)
[9.177s][info ][gc,heap      ] GC(76) ParNew: 243645K->1843K(270976K)
[9.177s][info ][gc,heap      ] GC(76) CMS: 122045K->122319K(602112K)
[9.177s][info ][gc,metaspace ] GC(76) Metaspace: 36724K->36724K(1083392K)
[9.177s][info ][gc           ] GC(76) Pause Young (Allocation Failure) 357M->121M(852M) 4.120ms
[9.177s][info ][gc,cpu       ] GC(76) User=0.02s Sys=0.00s Real=0.01s
[9.177s][info ][safepoint    ] Leaving safepoint region
[9.177s][info ][safepoint    ] Total time for which application threads were stopped: 0.0044073 seconds, Stopping threads took: 0.0001514 seconds
[9.236s][info ][safepoint    ] Application time: 0.0584607 seconds
[9.236s][info ][safepoint    ] Entering safepoint region: GenCollectForAllocation
[9.236s][info ][gc,start     ] GC(77) Pause Young (Allocation Failure)
[9.236s][info ][gc,task      ] GC(77) Using 4 workers of 4 for evacuation
[9.239s][debug][gc,ref       ] GC(77) Skipped phase1 of Reference Processing due to unavailable references
[9.239s][debug][gc,ref       ] GC(77) Skipped phase2 of Reference Processing due to unavailable references
[9.239s][debug][gc,ref       ] GC(77) Skipped phase3 of Reference Processing due to unavailable references
[9.239s][debug][gc,ref       ] GC(77) Skipped phase4 of Reference Processing due to unavailable references
[9.239s][debug][gc,age       ] GC(77) Desired survivor size 15400960 bytes, new threshold 6 (max threshold 6)
[9.239s][info ][gc,heap      ] GC(77) ParNew: 242739K->2170K(270976K)
[9.239s][info ][gc,heap      ] GC(77) CMS: 122319K->122394K(602112K)
[9.239s][info ][gc,metaspace ] GC(77) Metaspace: 36724K->36724K(1083392K)
[9.239s][info ][gc           ] GC(77) Pause Young (Allocation Failure) 356M->121M(852M) 3.031ms
[9.239s][info ][gc,cpu       ] GC(77) User=0.01s Sys=0.00s Real=0.00s
[9.239s][info ][safepoint    ] Leaving safepoint region
[9.239s][info ][safepoint    ] Total time for which application threads were stopped: 0.0034368 seconds, Stopping threads took: 0.0002624 seconds
[9.286s][info ][safepoint    ] Application time: 0.0471916 seconds
[9.287s][info ][safepoint    ] Entering safepoint region: GenCollectForAllocation
[9.287s][info ][gc,start     ] GC(78) Pause Young (Allocation Failure)
[9.287s][info ][gc,task      ] GC(78) Using 4 workers of 4 for evacuation
[9.291s][debug][gc,ref       ] GC(78) Skipped phase1 of Reference Processing due to unavailable references
[9.291s][debug][gc,ref       ] GC(78) Skipped phase2 of Reference Processing due to unavailable references
[9.291s][debug][gc,ref       ] GC(78) Skipped phase3 of Reference Processing due to unavailable references
[9.291s][debug][gc,ref       ] GC(78) Skipped phase4 of Reference Processing due to unavailable references
[9.291s][debug][gc,age       ] GC(78) Desired survivor size 15400960 bytes, new threshold 6 (max threshold 6)
[9.291s][info ][gc,heap      ] GC(78) ParNew: 243066K->1338K(270976K)
[9.291s][info ][gc,heap      ] GC(78) CMS: 122394K->123365K(602112K)
[9.291s][info ][gc,metaspace ] GC(78) Metaspace: 36724K->36724K(1083392K)
[9.291s][info ][gc           ] GC(78) Pause Young (Allocation Failure) 356M->121M(852M) 4.099ms
[9.291s][info ][gc,cpu       ] GC(78) User=0.02s Sys=0.00s Real=0.00s
[9.291s][info ][safepoint    ] Leaving safepoint region
[9.291s][info ][safepoint    ] Total time for which application threads were stopped: 0.0047541 seconds, Stopping threads took: 0.0004972 seconds
[9.343s][info ][safepoint    ] Application time: 0.0522340 seconds
[9.343s][info ][safepoint    ] Entering safepoint region: GenCollectForAllocation
[9.344s][info ][gc,start     ] GC(79) Pause Young (Allocation Failure)
[9.344s][info ][gc,task      ] GC(79) Using 4 workers of 4 for evacuation
[9.346s][debug][gc,ref       ] GC(79) Skipped phase1 of Reference Processing due to unavailable references
[9.346s][debug][gc,ref       ] GC(79) Skipped phase2 of Reference Processing due to unavailable references
[9.346s][debug][gc,ref       ] GC(79) Skipped phase3 of Reference Processing due to unavailable references
[9.346s][debug][gc,ref       ] GC(79) Skipped phase4 of Reference Processing due to unavailable references
[9.346s][debug][gc,age       ] GC(79) Desired survivor size 15400960 bytes, new threshold 6 (max threshold 6)
[9.346s][info ][gc,heap      ] GC(79) ParNew: 242234K->1029K(270976K)
[9.346s][info ][gc,heap      ] GC(79) CMS: 123365K->123440K(602112K)
[9.346s][info ][gc,metaspace ] GC(79) Metaspace: 36724K->36724K(1083392K)
[9.346s][info ][gc           ] GC(79) Pause Young (Allocation Failure) 357M->121M(852M) 2.373ms
[9.346s][info ][gc,cpu       ] GC(79) User=0.01s Sys=0.00s Real=0.00s
[9.346s][info ][safepoint    ] Leaving safepoint region
[9.346s][info ][safepoint    ] Total time for which application threads were stopped: 0.0026340 seconds, Stopping threads took: 0.0001113 seconds
[9.398s][info ][safepoint    ] Application time: 0.0520932 seconds
[9.398s][info ][safepoint    ] Entering safepoint region: GenCollectForAllocation
[9.398s][info ][gc,start     ] GC(80) Pause Young (Allocation Failure)
[9.398s][info ][gc,task      ] GC(80) Using 4 workers of 4 for evacuation
[9.401s][debug][gc,ref       ] GC(80) Skipped phase1 of Reference Processing due to unavailable references
[9.401s][debug][gc,ref       ] GC(80) Skipped phase2 of Reference Processing due to unavailable references
[9.401s][debug][gc,ref       ] GC(80) Skipped phase3 of Reference Processing due to unavailable references
[9.401s][debug][gc,ref       ] GC(80) Skipped phase4 of Reference Processing due to unavailable references
[9.401s][debug][gc,age       ] GC(80) Desired survivor size 15400960 bytes, new threshold 6 (max threshold 6)
[9.401s][info ][gc,heap      ] GC(80) ParNew: 241925K->1186K(270976K)
[9.401s][info ][gc,heap      ] GC(80) CMS: 123440K->123507K(602112K)
[9.401s][info ][gc,metaspace ] GC(80) Metaspace: 36724K->36724K(1083392K)
[9.401s][info ][gc           ] GC(80) Pause Young (Allocation Failure) 356M->121M(852M) 2.658ms
[9.401s][info ][gc,cpu       ] GC(80) User=0.01s Sys=0.00s Real=0.00s
[9.401s][info ][safepoint    ] Leaving safepoint region
[9.401s][info ][safepoint    ] Total time for which application threads were stopped: 0.0030269 seconds, Stopping threads took: 0.0001070 seconds
[9.442s][info ][safepoint    ] Application time: 0.0406304 seconds
[9.442s][info ][safepoint    ] Entering safepoint region: GenCollectForAllocation
[9.442s][info ][gc,start     ] GC(81) Pause Young (Allocation Failure)
[9.442s][info ][gc,task      ] GC(81) Using 4 workers of 4 for evacuation
[9.445s][debug][gc,ref       ] GC(81) Skipped phase1 of Reference Processing due to unavailable references
[9.445s][debug][gc,ref       ] GC(81) Skipped phase2 of Reference Processing due to unavailable references
[9.445s][debug][gc,ref       ] GC(81) Skipped phase3 of Reference Processing due to unavailable references
[9.446s][debug][gc,ref       ] GC(81) Skipped phase4 of Reference Processing due to unavailable references
[9.446s][debug][gc,age       ] GC(81) Desired survivor size 15400960 bytes, new threshold 6 (max threshold 6)
[9.446s][info ][gc,heap      ] GC(81) ParNew: 242082K->1687K(270976K)
[9.446s][info ][gc,heap      ] GC(81) CMS: 123507K->123582K(602112K)
[9.446s][info ][gc,metaspace ] GC(81) Metaspace: 36724K->36724K(1083392K)
[9.446s][info ][gc           ] GC(81) Pause Young (Allocation Failure) 357M->122M(852M) 3.638ms
[9.446s][info ][gc,cpu       ] GC(81) User=0.02s Sys=0.00s Real=0.01s
[9.446s][info ][safepoint    ] Leaving safepoint region
[9.446s][info ][safepoint    ] Total time for which application threads were stopped: 0.0039340 seconds, Stopping threads took: 0.0001523 seconds
[9.489s][info ][safepoint    ] Application time: 0.0434714 seconds
[9.489s][info ][safepoint    ] Entering safepoint region: GenCollectForAllocation
[9.489s][info ][gc,start     ] GC(82) Pause Young (Allocation Failure)
[9.489s][info ][gc,task      ] GC(82) Using 4 workers of 4 for evacuation
[9.494s][debug][gc,ref       ] GC(82) Skipped phase1 of Reference Processing due to unavailable references
[9.494s][debug][gc,ref       ] GC(82) Skipped phase2 of Reference Processing due to unavailable references
[9.494s][debug][gc,ref       ] GC(82) Skipped phase3 of Reference Processing due to unavailable references
[9.494s][debug][gc,ref       ] GC(82) Skipped phase4 of Reference Processing due to unavailable references
[9.494s][debug][gc,age       ] GC(82) Desired survivor size 15400960 bytes, new threshold 6 (max threshold 6)
[9.494s][info ][gc,heap      ] GC(82) ParNew: 242583K->2601K(270976K)
[9.494s][info ][gc,heap      ] GC(82) CMS: 123582K->123663K(602112K)
[9.494s][info ][gc,metaspace ] GC(82) Metaspace: 36724K->36724K(1083392K)
[9.494s][info ][gc           ] GC(82) Pause Young (Allocation Failure) 357M->123M(852M) 4.250ms
[9.494s][info ][gc,cpu       ] GC(82) User=0.02s Sys=0.00s Real=0.00s
[9.494s][info ][safepoint    ] Leaving safepoint region
[9.494s][info ][safepoint    ] Total time for which application threads were stopped: 0.0045431 seconds, Stopping threads took: 0.0001402 seconds
[9.542s][info ][safepoint    ] Application time: 0.0487635 seconds
[9.543s][info ][safepoint    ] Entering safepoint region: GenCollectForAllocation
[9.543s][info ][gc,start     ] GC(83) Pause Young (Allocation Failure)
[9.543s][info ][gc,task      ] GC(83) Using 4 workers of 4 for evacuation
[9.547s][debug][gc,ref       ] GC(83) Skipped phase1 of Reference Processing due to unavailable references
[9.547s][debug][gc,ref       ] GC(83) Skipped phase2 of Reference Processing due to unavailable references
[9.547s][debug][gc,ref       ] GC(83) Skipped phase3 of Reference Processing due to unavailable references
[9.547s][debug][gc,ref       ] GC(83) Skipped phase4 of Reference Processing due to unavailable references
[9.547s][debug][gc,age       ] GC(83) Desired survivor size 15400960 bytes, new threshold 6 (max threshold 6)
[9.547s][info ][gc,heap      ] GC(83) ParNew: 243497K->3833K(270976K)
[9.547s][info ][gc,heap      ] GC(83) CMS: 123663K->123736K(602112K)
[9.547s][info ][gc,metaspace ] GC(83) Metaspace: 36724K->36724K(1083392K)
[9.547s][info ][gc           ] GC(83) Pause Young (Allocation Failure) 358M->124M(852M) 4.626ms
[9.547s][info ][gc,cpu       ] GC(83) User=0.02s Sys=0.00s Real=0.01s
[9.547s][info ][safepoint    ] Leaving safepoint region
[9.547s][info ][safepoint    ] Total time for which application threads were stopped: 0.0048501 seconds, Stopping threads took: 0.0000702 seconds
[9.612s][info ][safepoint    ] Application time: 0.0645444 seconds
[9.612s][info ][safepoint    ] Entering safepoint region: GenCollectForAllocation
[9.612s][info ][gc,start     ] GC(84) Pause Young (Allocation Failure)
[9.612s][info ][gc,task      ] GC(84) Using 4 workers of 4 for evacuation
[9.617s][debug][gc,ref       ] GC(84) Skipped phase1 of Reference Processing due to unavailable references
[9.617s][debug][gc,ref       ] GC(84) Skipped phase2 of Reference Processing due to unavailable references
[9.617s][debug][gc,ref       ] GC(84) Skipped phase3 of Reference Processing due to unavailable references
[9.617s][debug][gc,ref       ] GC(84) Skipped phase4 of Reference Processing due to unavailable references
[9.617s][debug][gc,age       ] GC(84) Desired survivor size 15400960 bytes, new threshold 6 (max threshold 6)
[9.617s][info ][gc,heap      ] GC(84) ParNew: 244729K->4655K(270976K)
[9.617s][info ][gc,heap      ] GC(84) CMS: 123736K->123805K(602112K)
[9.617s][info ][gc,metaspace ] GC(84) Metaspace: 36724K->36724K(1083392K)
[9.617s][info ][gc           ] GC(84) Pause Young (Allocation Failure) 359M->125M(852M) 4.574ms
[9.617s][info ][gc,cpu       ] GC(84) User=0.02s Sys=0.00s Real=0.01s
[9.617s][info ][safepoint    ] Leaving safepoint region
[9.617s][info ][safepoint    ] Total time for which application threads were stopped: 0.0048221 seconds, Stopping threads took: 0.0001124 seconds
[9.662s][info ][safepoint    ] Application time: 0.0449117 seconds
[9.662s][info ][safepoint    ] Entering safepoint region: GenCollectForAllocation
[9.662s][info ][gc,start     ] GC(85) Pause Young (Allocation Failure)
[9.662s][info ][gc,task      ] GC(85) Using 4 workers of 4 for evacuation
[9.666s][debug][gc,ref       ] GC(85) Skipped phase1 of Reference Processing due to unavailable references
[9.666s][debug][gc,ref       ] GC(85) Skipped phase2 of Reference Processing due to unavailable references
[9.666s][debug][gc,ref       ] GC(85) Skipped phase3 of Reference Processing due to unavailable references
[9.666s][debug][gc,ref       ] GC(85) Skipped phase4 of Reference Processing due to unavailable references
[9.667s][debug][gc,age       ] GC(85) Desired survivor size 15400960 bytes, new threshold 6 (max threshold 6)
[9.667s][info ][gc,heap      ] GC(85) ParNew: 245551K->4017K(270976K)
[9.667s][info ][gc,heap      ] GC(85) CMS: 123805K->124032K(602112K)
[9.667s][info ][gc,metaspace ] GC(85) Metaspace: 36724K->36724K(1083392K)
[9.667s][info ][gc           ] GC(85) Pause Young (Allocation Failure) 360M->125M(852M) 4.754ms
[9.667s][info ][gc,cpu       ] GC(85) User=0.02s Sys=0.00s Real=0.01s
[9.667s][info ][safepoint    ] Leaving safepoint region
[9.667s][info ][safepoint    ] Total time for which application threads were stopped: 0.0049776 seconds, Stopping threads took: 0.0000688 seconds
[9.737s][info ][safepoint    ] Application time: 0.0707406 seconds
[9.739s][info ][safepoint    ] Entering safepoint region: GenCollectForAllocation
[9.739s][info ][gc,start     ] GC(86) Pause Young (Allocation Failure)
[9.739s][info ][gc,task      ] GC(86) Using 4 workers of 4 for evacuation
[9.748s][debug][gc,ref       ] GC(86) Skipped phase1 of Reference Processing due to unavailable references
[9.748s][debug][gc,ref       ] GC(86) Skipped phase2 of Reference Processing due to unavailable references
[9.748s][debug][gc,ref       ] GC(86) Skipped phase3 of Reference Processing due to unavailable references
[9.748s][debug][gc,ref       ] GC(86) Skipped phase4 of Reference Processing due to unavailable references
[9.749s][debug][gc,age       ] GC(86) Desired survivor size 15400960 bytes, new threshold 6 (max threshold 6)
[9.749s][info ][gc,heap      ] GC(86) ParNew: 244913K->8105K(270976K)
[9.749s][info ][gc,heap      ] GC(86) CMS: 124032K->124393K(602112K)
[9.749s][info ][gc,metaspace ] GC(86) Metaspace: 36724K->36724K(1083392K)
[9.749s][info ][gc           ] GC(86) Pause Young (Allocation Failure) 360M->129M(852M) 9.763ms
[9.749s][info ][gc,cpu       ] GC(86) User=0.04s Sys=0.00s Real=0.01s
[9.749s][info ][safepoint    ] Leaving safepoint region
[9.749s][info ][safepoint    ] Total time for which application threads were stopped: 0.0111746 seconds, Stopping threads took: 0.0011891 seconds
[9.804s][info ][safepoint    ] Application time: 0.0550642 seconds
[9.804s][info ][safepoint    ] Entering safepoint region: GenCollectForAllocation
[9.804s][info ][gc,start     ] GC(87) Pause Young (Allocation Failure)
[9.804s][info ][gc,task      ] GC(87) Using 4 workers of 4 for evacuation
[9.812s][debug][gc,ref       ] GC(87) Skipped phase1 of Reference Processing due to unavailable references
[9.812s][debug][gc,ref       ] GC(87) Skipped phase2 of Reference Processing due to unavailable references
[9.812s][debug][gc,ref       ] GC(87) Skipped phase3 of Reference Processing due to unavailable references
[9.812s][debug][gc,ref       ] GC(87) Skipped phase4 of Reference Processing due to unavailable references
[9.813s][debug][gc,age       ] GC(87) Desired survivor size 15400960 bytes, new threshold 6 (max threshold 6)
[9.813s][info ][gc,heap      ] GC(87) ParNew: 249001K->11105K(270976K)
[9.813s][info ][gc,heap      ] GC(87) CMS: 124393K->125016K(602112K)
[9.813s][info ][gc,metaspace ] GC(87) Metaspace: 36724K->36724K(1083392K)
[9.813s][info ][gc           ] GC(87) Pause Young (Allocation Failure) 364M->132M(852M) 8.658ms
[9.813s][info ][gc,cpu       ] GC(87) User=0.03s Sys=0.00s Real=0.00s
[9.813s][info ][safepoint    ] Leaving safepoint region
[9.813s][info ][safepoint    ] Total time for which application threads were stopped: 0.0089241 seconds, Stopping threads took: 0.0001050 seconds
[9.862s][info ][safepoint    ] Application time: 0.0496085 seconds
[9.863s][info ][safepoint    ] Entering safepoint region: GenCollectForAllocation
[9.863s][info ][gc,start     ] GC(88) Pause Young (Allocation Failure)
[9.863s][info ][gc,task      ] GC(88) Using 4 workers of 4 for evacuation
[9.871s][debug][gc,ref       ] GC(88) Skipped phase1 of Reference Processing due to unavailable references
[9.871s][debug][gc,ref       ] GC(88) Skipped phase2 of Reference Processing due to unavailable references
[9.871s][debug][gc,ref       ] GC(88) Skipped phase3 of Reference Processing due to unavailable references
[9.871s][debug][gc,ref       ] GC(88) Skipped phase4 of Reference Processing due to unavailable references
[9.871s][debug][gc,age       ] GC(88) Desired survivor size 15400960 bytes, new threshold 6 (max threshold 6)
[9.871s][info ][gc,heap      ] GC(88) ParNew: 252001K->9773K(270976K)
[9.871s][info ][gc,heap      ] GC(88) CMS: 125016K->125808K(602112K)
[9.871s][info ][gc,metaspace ] GC(88) Metaspace: 36724K->36724K(1083392K)
[9.872s][info ][gc           ] GC(88) Pause Young (Allocation Failure) 368M->132M(852M) 8.416ms
[9.872s][info ][gc,cpu       ] GC(88) User=0.03s Sys=0.00s Real=0.01s
[9.872s][info ][safepoint    ] Leaving safepoint region
[9.872s][info ][safepoint    ] Total time for which application threads were stopped: 0.0092467 seconds, Stopping threads took: 0.0006717 seconds
[9.931s][info ][safepoint    ] Application time: 0.0593970 seconds
[9.931s][info ][safepoint    ] Entering safepoint region: GenCollectForAllocation
[9.931s][info ][gc,start     ] GC(89) Pause Young (Allocation Failure)
[9.931s][info ][gc,task      ] GC(89) Using 4 workers of 4 for evacuation
[9.939s][debug][gc,ref       ] GC(89) Skipped phase1 of Reference Processing due to unavailable references
[9.939s][debug][gc,ref       ] GC(89) Skipped phase2 of Reference Processing due to unavailable references
[9.939s][debug][gc,ref       ] GC(89) Skipped phase3 of Reference Processing due to unavailable references
[9.939s][debug][gc,ref       ] GC(89) Skipped phase4 of Reference Processing due to unavailable references
[9.939s][debug][gc,age       ] GC(89) Desired survivor size 15400960 bytes, new threshold 6 (max threshold 6)
[9.939s][info ][gc,heap      ] GC(89) ParNew: 250669K->7852K(270976K)
[9.939s][info ][gc,heap      ] GC(89) CMS: 125808K->126259K(602112K)
[9.939s][info ][gc,metaspace ] GC(89) Metaspace: 36724K->36724K(1083392K)
[9.939s][info ][gc           ] GC(89) Pause Young (Allocation Failure) 367M->130M(852M) 7.524ms
[9.939s][info ][gc,cpu       ] GC(89) User=0.02s Sys=0.00s Real=0.01s
[9.939s][info ][safepoint    ] Leaving safepoint region
[9.939s][info ][safepoint    ] Total time for which application threads were stopped: 0.0078269 seconds, Stopping threads took: 0.0001079 seconds
[9.994s][info ][safepoint    ] Application time: 0.0548723 seconds
[9.994s][info ][safepoint    ] Entering safepoint region: GenCollectForAllocation
[9.994s][info ][gc,start     ] GC(90) Pause Young (Allocation Failure)
[9.994s][info ][gc,task      ] GC(90) Using 4 workers of 4 for evacuation
[10.001s][debug][gc,ref       ] GC(90) Skipped phase1 of Reference Processing due to unavailable references
[10.001s][debug][gc,ref       ] GC(90) Skipped phase2 of Reference Processing due to unavailable references
[10.001s][debug][gc,ref       ] GC(90) Skipped phase3 of Reference Processing due to unavailable references
[10.001s][debug][gc,ref       ] GC(90) Skipped phase4 of Reference Processing due to unavailable references
[10.001s][debug][gc,age       ] GC(90) Desired survivor size 15400960 bytes, new threshold 6 (max threshold 6)
[10.001s][info ][gc,heap      ] GC(90) ParNew: 248748K->7458K(270976K)
[10.001s][info ][gc,heap      ] GC(90) CMS: 126259K->126684K(602112K)
[10.001s][info ][gc,metaspace ] GC(90) Metaspace: 36724K->36724K(1083392K)
[10.001s][info ][gc           ] GC(90) Pause Young (Allocation Failure) 366M->130M(852M) 7.104ms
[10.001s][info ][gc,cpu       ] GC(90) User=0.02s Sys=0.00s Real=0.01s
[10.001s][info ][safepoint    ] Leaving safepoint region
[10.001s][info ][safepoint    ] Total time for which application threads were stopped: 0.0074316 seconds, Stopping threads took: 0.0001752 seconds
[10.058s][info ][safepoint    ] Application time: 0.0568113 seconds
[10.058s][info ][safepoint    ] Entering safepoint region: GenCollectForAllocation
[10.058s][info ][gc,start     ] GC(91) Pause Young (Allocation Failure)
[10.058s][info ][gc,task      ] GC(91) Using 4 workers of 4 for evacuation
[10.065s][debug][gc,ref       ] GC(91) Skipped phase1 of Reference Processing due to unavailable references
[10.065s][debug][gc,ref       ] GC(91) Skipped phase2 of Reference Processing due to unavailable references
[10.065s][debug][gc,ref       ] GC(91) Skipped phase3 of Reference Processing due to unavailable references
[10.065s][debug][gc,ref       ] GC(91) Skipped phase4 of Reference Processing due to unavailable references
[10.065s][debug][gc,age       ] GC(91) Desired survivor size 15400960 bytes, new threshold 6 (max threshold 6)
[10.065s][info ][gc,heap      ] GC(91) ParNew: 248354K->8527K(270976K)
[10.065s][info ][gc,heap      ] GC(91) CMS: 126684K->126809K(602112K)
[10.065s][info ][gc,metaspace ] GC(91) Metaspace: 36724K->36724K(1083392K)
[10.065s][info ][gc           ] GC(91) Pause Young (Allocation Failure) 366M->132M(852M) 6.727ms
[10.065s][info ][gc,cpu       ] GC(91) User=0.03s Sys=0.00s Real=0.01s
[10.065s][info ][safepoint    ] Leaving safepoint region
[10.065s][info ][safepoint    ] Total time for which application threads were stopped: 0.0070643 seconds, Stopping threads took: 0.0001652 seconds
[10.132s][info ][safepoint    ] Application time: 0.0672735 seconds
[10.132s][info ][safepoint    ] Entering safepoint region: GenCollectForAllocation
[10.133s][info ][gc,start     ] GC(92) Pause Young (Allocation Failure)
[10.133s][info ][gc,task      ] GC(92) Using 4 workers of 4 for evacuation
[10.143s][debug][gc,ref       ] GC(92) Skipped phase1 of Reference Processing due to unavailable references
[10.143s][debug][gc,ref       ] GC(92) Skipped phase2 of Reference Processing due to unavailable references
[10.143s][debug][gc,ref       ] GC(92) Skipped phase3 of Reference Processing due to unavailable references
[10.143s][debug][gc,ref       ] GC(92) Skipped phase4 of Reference Processing due to unavailable references
[10.143s][debug][gc,age       ] GC(92) Desired survivor size 15400960 bytes, new threshold 6 (max threshold 6)
[10.143s][info ][gc,heap      ] GC(92) ParNew: 249423K->5639K(270976K)
[10.143s][info ][gc,heap      ] GC(92) CMS: 126809K->131102K(602112K)
[10.143s][info ][gc,metaspace ] GC(92) Metaspace: 36724K->36724K(1083392K)
[10.143s][info ][gc           ] GC(92) Pause Young (Allocation Failure) 367M->133M(852M) 10.229ms
[10.143s][info ][gc,cpu       ] GC(92) User=0.04s Sys=0.00s Real=0.01s
[10.143s][info ][safepoint    ] Leaving safepoint region
[10.143s][info ][safepoint    ] Total time for which application threads were stopped: 0.0104880 seconds, Stopping threads took: 0.0001030 seconds
[10.222s][info ][safepoint    ] Application time: 0.0791730 seconds
[10.222s][info ][safepoint    ] Entering safepoint region: GenCollectForAllocation
[10.222s][info ][gc,start     ] GC(93) Pause Young (Allocation Failure)
[10.222s][info ][gc,task      ] GC(93) Using 4 workers of 4 for evacuation
[10.228s][debug][gc,ref       ] GC(93) Skipped phase1 of Reference Processing due to unavailable references
[10.228s][debug][gc,ref       ] GC(93) Skipped phase3 of Reference Processing due to unavailable references
[10.228s][debug][gc,age       ] GC(93) Desired survivor size 15400960 bytes, new threshold 6 (max threshold 6)
[10.228s][info ][gc,heap      ] GC(93) ParNew: 246535K->1841K(270976K)
[10.228s][info ][gc,heap      ] GC(93) CMS: 131102K->132050K(602112K)
[10.228s][info ][gc,metaspace ] GC(93) Metaspace: 36928K->36928K(1083392K)
[10.228s][info ][gc           ] GC(93) Pause Young (Allocation Failure) 368M->130M(852M) 6.134ms
[10.228s][info ][gc,cpu       ] GC(93) User=0.03s Sys=0.00s Real=0.01s
[10.229s][info ][safepoint    ] Leaving safepoint region
[10.229s][info ][safepoint    ] Total time for which application threads were stopped: 0.0064660 seconds, Stopping threads took: 0.0001620 seconds
[10.318s][info ][safepoint    ] Application time: 0.0894387 seconds
[10.321s][info ][safepoint    ] Entering safepoint region: GenCollectForAllocation
[10.321s][info ][gc,start     ] GC(94) Pause Young (Allocation Failure)
[10.321s][info ][gc,task      ] GC(94) Using 4 workers of 4 for evacuation
[10.325s][debug][gc,ref       ] GC(94) Skipped phase1 of Reference Processing due to unavailable references
[10.325s][debug][gc,ref       ] GC(94) Skipped phase3 of Reference Processing due to unavailable references
[10.325s][debug][gc,age       ] GC(94) Desired survivor size 15400960 bytes, new threshold 6 (max threshold 6)
[10.325s][info ][gc,heap      ] GC(94) ParNew: 242737K->2861K(270976K)
[10.325s][info ][gc,heap      ] GC(94) CMS: 132050K->132165K(602112K)
[10.325s][info ][gc,metaspace ] GC(94) Metaspace: 37114K->37114K(1083392K)
[10.325s][info ][gc           ] GC(94) Pause Young (Allocation Failure) 366M->131M(852M) 3.956ms
[10.325s][info ][gc,cpu       ] GC(94) User=0.01s Sys=0.00s Real=0.01s
[10.325s][info ][safepoint    ] Leaving safepoint region
[10.325s][info ][safepoint    ] Total time for which application threads were stopped: 0.0073350 seconds, Stopping threads took: 0.0032218 seconds
[10.394s][info ][safepoint    ] Application time: 0.0681932 seconds
[10.394s][info ][safepoint    ] Entering safepoint region: RevokeBias
[10.394s][info ][safepoint    ] Leaving safepoint region
[10.394s][info ][safepoint    ] Total time for which application threads were stopped: 0.0002276 seconds, Stopping threads took: 0.0000959 seconds
[10.396s][info ][safepoint    ] Application time: 0.0022199 seconds
[10.396s][info ][safepoint    ] Entering safepoint region: RevokeBias
[10.396s][info ][safepoint    ] Leaving safepoint region
[10.396s][info ][safepoint    ] Total time for which application threads were stopped: 0.0001305 seconds, Stopping threads took: 0.0000480 seconds
[10.891s][info ][safepoint    ] Application time: 0.4952807 seconds
[10.891s][info ][safepoint    ] Entering safepoint region: ICBufferFull
[10.892s][info ][safepoint    ] Leaving safepoint region
[10.892s][info ][safepoint    ] Total time for which application threads were stopped: 0.0001873 seconds, Stopping threads took: 0.0000122 seconds
[10.898s][info ][safepoint    ] Application time: 0.0059294 seconds
[10.898s][info ][safepoint    ] Entering safepoint region: RevokeBias
[10.898s][info ][safepoint    ] Leaving safepoint region
[10.898s][info ][safepoint    ] Total time for which application threads were stopped: 0.0001274 seconds, Stopping threads took: 0.0000555 seconds
[10.898s][info ][safepoint    ] Application time: 0.0003203 seconds
[10.898s][info ][safepoint    ] Entering safepoint region: RevokeBias
[10.898s][info ][safepoint    ] Leaving safepoint region
[10.898s][info ][safepoint    ] Total time for which application threads were stopped: 0.0001626 seconds, Stopping threads took: 0.0001163 seconds
[10.899s][info ][safepoint    ] Application time: 0.0005603 seconds
[10.899s][info ][safepoint    ] Entering safepoint region: RevokeBias
[10.899s][info ][safepoint    ] Leaving safepoint region
[10.899s][info ][safepoint    ] Total time for which application threads were stopped: 0.0001400 seconds, Stopping threads took: 0.0000691 seconds
[10.899s][info ][safepoint    ] Application time: 0.0004013 seconds
[10.899s][info ][safepoint    ] Entering safepoint region: RevokeBias
[10.900s][info ][safepoint    ] Leaving safepoint region
[10.900s][info ][safepoint    ] Total time for which application threads were stopped: 0.0001333 seconds, Stopping threads took: 0.0000591 seconds
[10.900s][info ][safepoint    ] Application time: 0.0003224 seconds
[10.900s][info ][safepoint    ] Entering safepoint region: RevokeBias
[10.900s][info ][safepoint    ] Leaving safepoint region
[10.900s][info ][safepoint    ] Total time for which application threads were stopped: 0.0001343 seconds, Stopping threads took: 0.0000787 seconds
[10.900s][info ][safepoint    ] Application time: 0.0004017 seconds
[10.901s][info ][safepoint    ] Entering safepoint region: RevokeBias
[10.901s][info ][safepoint    ] Leaving safepoint region
[10.901s][info ][safepoint    ] Total time for which application threads were stopped: 0.0002604 seconds, Stopping threads took: 0.0001953 seconds
[10.901s][info ][safepoint    ] Application time: 0.0003480 seconds
[10.901s][info ][safepoint    ] Entering safepoint region: RevokeBias
[10.901s][info ][safepoint    ] Leaving safepoint region
[10.901s][info ][safepoint    ] Total time for which application threads were stopped: 0.0002061 seconds, Stopping threads took: 0.0001330 seconds
[10.901s][info ][safepoint    ] Application time: 0.0001051 seconds
[10.902s][info ][safepoint    ] Entering safepoint region: RevokeBias
[10.902s][info ][safepoint    ] Leaving safepoint region
[10.902s][info ][safepoint    ] Total time for which application threads were stopped: 0.0002079 seconds, Stopping threads took: 0.0001261 seconds
[10.902s][info ][safepoint    ] Application time: 0.0008662 seconds
[10.903s][info ][safepoint    ] Entering safepoint region: RevokeBias
[10.903s][info ][safepoint    ] Leaving safepoint region
[10.903s][info ][safepoint    ] Total time for which application threads were stopped: 0.0003119 seconds, Stopping threads took: 0.0002659 seconds
[10.903s][info ][safepoint    ] Application time: 0.0000932 seconds
[10.903s][info ][safepoint    ] Entering safepoint region: BulkRevokeBias
[10.903s][info ][safepoint    ] Leaving safepoint region
[10.903s][info ][safepoint    ] Total time for which application threads were stopped: 0.0004151 seconds, Stopping threads took: 0.0000997 seconds
[10.904s][info ][safepoint    ] Application time: 0.0002688 seconds
[10.904s][info ][safepoint    ] Entering safepoint region: RevokeBias
[10.904s][info ][safepoint    ] Leaving safepoint region
[10.904s][info ][safepoint    ] Total time for which application threads were stopped: 0.0002166 seconds, Stopping threads took: 0.0001594 seconds
[10.904s][info ][safepoint    ] Application time: 0.0006629 seconds
[10.905s][info ][safepoint    ] Entering safepoint region: RevokeBias
[10.905s][info ][safepoint    ] Leaving safepoint region
[10.905s][info ][safepoint    ] Total time for which application threads were stopped: 0.0002402 seconds, Stopping threads took: 0.0001762 seconds
[10.906s][info ][safepoint    ] Application time: 0.0015660 seconds
[10.907s][info ][safepoint    ] Entering safepoint region: RevokeBias
[10.907s][info ][safepoint    ] Leaving safepoint region
[10.907s][info ][safepoint    ] Total time for which application threads were stopped: 0.0002714 seconds, Stopping threads took: 0.0002150 seconds
[10.909s][info ][safepoint    ] Application time: 0.0024184 seconds
[10.909s][info ][safepoint    ] Entering safepoint region: RevokeBias
[10.909s][info ][safepoint    ] Leaving safepoint region
[10.909s][info ][safepoint    ] Total time for which application threads were stopped: 0.0001993 seconds, Stopping threads took: 0.0001432 seconds
[10.918s][info ][safepoint    ] Application time: 0.0085154 seconds
[10.918s][info ][safepoint    ] Entering safepoint region: GenCollectForAllocation
[10.918s][info ][gc,start     ] GC(95) Pause Young (Allocation Failure)
[10.918s][info ][gc,task      ] GC(95) Using 4 workers of 4 for evacuation
[10.930s][debug][gc,ref       ] GC(95) Skipped phase1 of Reference Processing due to unavailable references
[10.930s][debug][gc,ref       ] GC(95) Skipped phase3 of Reference Processing due to unavailable references
[10.930s][debug][gc,age       ] GC(95) Desired survivor size 15400960 bytes, new threshold 6 (max threshold 6)
[10.930s][info ][gc,heap      ] GC(95) ParNew: 243757K->14176K(270976K)
[10.930s][info ][gc,heap      ] GC(95) CMS: 132165K->132299K(602112K)
[10.930s][info ][gc,metaspace ] GC(95) Metaspace: 38780K->38780K(1083392K)
[10.930s][info ][gc           ] GC(95) Pause Young (Allocation Failure) 367M->143M(852M) 11.901ms
[10.930s][info ][gc,cpu       ] GC(95) User=0.06s Sys=0.00s Real=0.01s
[10.930s][info ][safepoint    ] Leaving safepoint region
[10.930s][info ][safepoint    ] Total time for which application threads were stopped: 0.0124190 seconds, Stopping threads took: 0.0003718 seconds
[10.938s][info ][safepoint    ] Application time: 0.0073520 seconds
[10.938s][info ][safepoint    ] Entering safepoint region: RevokeBias
[10.938s][info ][safepoint    ] Leaving safepoint region
[10.938s][info ][safepoint    ] Total time for which application threads were stopped: 0.0002778 seconds, Stopping threads took: 0.0002030 seconds
[11.115s][info ][safepoint    ] Application time: 0.1770574 seconds
[11.115s][info ][safepoint    ] Entering safepoint region: Deoptimize
[11.116s][info ][safepoint    ] Leaving safepoint region
[11.116s][info ][safepoint    ] Total time for which application threads were stopped: 0.0007817 seconds, Stopping threads took: 0.0000118 seconds
[11.127s][info ][safepoint    ] Application time: 0.0113790 seconds
[11.127s][info ][safepoint    ] Entering safepoint region: RevokeBias
[11.127s][info ][safepoint    ] Leaving safepoint region
[11.127s][info ][safepoint    ] Total time for which application threads were stopped: 0.0000666 seconds, Stopping threads took: 0.0000102 seconds
[11.128s][info ][safepoint    ] Application time: 0.0006546 seconds
[11.128s][info ][safepoint    ] Entering safepoint region: RevokeBias
[11.128s][info ][safepoint    ] Leaving safepoint region
[11.128s][info ][safepoint    ] Total time for which application threads were stopped: 0.0000214 seconds, Stopping threads took: 0.0000047 seconds
[11.128s][info ][safepoint    ] Application time: 0.0000564 seconds
[11.128s][info ][safepoint    ] Entering safepoint region: RevokeBias
[11.128s][info ][safepoint    ] Leaving safepoint region
[11.128s][info ][safepoint    ] Total time for which application threads were stopped: 0.0000168 seconds, Stopping threads took: 0.0000041 seconds
[11.129s][info ][safepoint    ] Application time: 0.0005862 seconds
[11.129s][info ][safepoint    ] Entering safepoint region: Deoptimize
[11.129s][info ][safepoint    ] Leaving safepoint region
[11.129s][info ][safepoint    ] Total time for which application threads were stopped: 0.0006277 seconds, Stopping threads took: 0.0000058 seconds
[11.168s][info ][safepoint    ] Application time: 0.0390489 seconds
[11.168s][info ][safepoint    ] Entering safepoint region: Deoptimize
[11.169s][info ][safepoint    ] Leaving safepoint region
[11.169s][info ][safepoint    ] Total time for which application threads were stopped: 0.0007121 seconds, Stopping threads took: 0.0000238 seconds
[11.191s][info ][safepoint    ] Application time: 0.0222017 seconds
[11.191s][info ][safepoint    ] Entering safepoint region: RevokeBias
[11.191s][info ][safepoint    ] Leaving safepoint region
[11.191s][info ][safepoint    ] Total time for which application threads were stopped: 0.0000748 seconds, Stopping threads took: 0.0000144 seconds
[11.242s][info ][safepoint    ] Application time: 0.0502324 seconds
[11.242s][info ][safepoint    ] Entering safepoint region: Deoptimize
[11.242s][info ][safepoint    ] Leaving safepoint region
[11.242s][info ][safepoint    ] Total time for which application threads were stopped: 0.0008469 seconds, Stopping threads took: 0.0001244 seconds
[11.252s][info ][safepoint    ] Application time: 0.0098136 seconds
[11.252s][info ][safepoint    ] Entering safepoint region: RevokeBias
[11.252s][info ][safepoint    ] Leaving safepoint region
[11.252s][info ][safepoint    ] Total time for which application threads were stopped: 0.0001313 seconds, Stopping threads took: 0.0000631 seconds
[11.281s][info ][safepoint    ] Application time: 0.0288157 seconds
[11.281s][info ][safepoint    ] Entering safepoint region: RevokeBias
[11.281s][info ][safepoint    ] Leaving safepoint region
[11.281s][info ][safepoint    ] Total time for which application threads were stopped: 0.0001280 seconds, Stopping threads took: 0.0000537 seconds
[11.281s][info ][safepoint    ] Application time: 0.0000658 seconds
[11.281s][info ][safepoint    ] Entering safepoint region: RevokeBias
[11.281s][info ][safepoint    ] Leaving safepoint region
[11.281s][info ][safepoint    ] Total time for which application threads were stopped: 0.0000275 seconds, Stopping threads took: 0.0000053 seconds
[11.782s][info ][safepoint    ] Application time: 0.5009996 seconds
[11.783s][info ][safepoint    ] Entering safepoint region: RevokeBias
[11.783s][info ][safepoint    ] Leaving safepoint region
[11.783s][info ][safepoint    ] Total time for which application threads were stopped: 0.0002221 seconds, Stopping threads took: 0.0000658 seconds
[11.803s][info ][safepoint    ] Application time: 0.0200002 seconds
[11.803s][info ][safepoint    ] Entering safepoint region: RevokeBias
[11.803s][info ][safepoint    ] Leaving safepoint region
[11.803s][info ][safepoint    ] Total time for which application threads were stopped: 0.0002011 seconds, Stopping threads took: 0.0000809 seconds
[11.807s][info ][safepoint    ] Application time: 0.0037995 seconds
[11.807s][info ][safepoint    ] Entering safepoint region: RevokeBias
[11.807s][info ][safepoint    ] Leaving safepoint region
[11.807s][info ][safepoint    ] Total time for which application threads were stopped: 0.0001062 seconds, Stopping threads took: 0.0000250 seconds
[12.085s][info ][safepoint    ] Application time: 0.2784593 seconds
[12.085s][info ][safepoint    ] Entering safepoint region: CollectForMetadataAllocation
[12.086s][info ][safepoint    ] Leaving safepoint region
[12.086s][info ][safepoint    ] Total time for which application threads were stopped: 0.0002978 seconds, Stopping threads took: 0.0000144 seconds
[12.105s][info ][safepoint    ] Application time: 0.0194281 seconds
[12.105s][info ][safepoint    ] Entering safepoint region: Deoptimize
[12.106s][info ][safepoint    ] Leaving safepoint region
[12.106s][info ][safepoint    ] Total time for which application threads were stopped: 0.0009482 seconds, Stopping threads took: 0.0000130 seconds
[12.113s][info ][safepoint    ] Application time: 0.0072038 seconds
[12.113s][info ][safepoint    ] Entering safepoint region: Deoptimize
[12.114s][info ][safepoint    ] Leaving safepoint region
[12.114s][info ][safepoint    ] Total time for which application threads were stopped: 0.0009760 seconds, Stopping threads took: 0.0000128 seconds
[12.139s][info ][safepoint    ] Application time: 0.0242132 seconds
[12.139s][info ][safepoint    ] Entering safepoint region: Deoptimize
[12.139s][info ][safepoint    ] Leaving safepoint region
[12.139s][info ][safepoint    ] Total time for which application threads were stopped: 0.0009298 seconds, Stopping threads took: 0.0000147 seconds
[12.144s][info ][safepoint    ] Application time: 0.0043249 seconds
[12.144s][info ][safepoint    ] Entering safepoint region: CollectForMetadataAllocation
[12.144s][info ][safepoint    ] Leaving safepoint region
[12.144s][info ][safepoint    ] Total time for which application threads were stopped: 0.0001557 seconds, Stopping threads took: 0.0000292 seconds
[12.537s][info ][safepoint    ] Application time: 0.3927195 seconds
[12.537s][info ][safepoint    ] Entering safepoint region: ICBufferFull
[12.537s][info ][safepoint    ] Leaving safepoint region
[12.537s][info ][safepoint    ] Total time for which application threads were stopped: 0.0002121 seconds, Stopping threads took: 0.0000410 seconds
[12.584s][info ][safepoint    ] Application time: 0.0466807 seconds
[12.584s][info ][safepoint    ] Entering safepoint region: ICBufferFull
[12.584s][info ][safepoint    ] Leaving safepoint region
[12.584s][info ][safepoint    ] Total time for which application threads were stopped: 0.0002264 seconds, Stopping threads took: 0.0000139 seconds
[12.760s][info ][safepoint    ] Application time: 0.1763511 seconds
[12.760s][info ][safepoint    ] Entering safepoint region: ICBufferFull
[12.760s][info ][safepoint    ] Leaving safepoint region
[12.760s][info ][safepoint    ] Total time for which application threads were stopped: 0.0002018 seconds, Stopping threads took: 0.0000273 seconds
[12.835s][info ][safepoint    ] Application time: 0.0740516 seconds
[12.835s][info ][safepoint    ] Entering safepoint region: CollectForMetadataAllocation
[12.835s][info ][safepoint    ] Leaving safepoint region
[12.835s][info ][safepoint    ] Total time for which application threads were stopped: 0.0001557 seconds, Stopping threads took: 0.0000258 seconds
[12.931s][info ][safepoint    ] Application time: 0.0962448 seconds
[12.931s][info ][safepoint    ] Entering safepoint region: CMS_Initial_Mark
[12.931s][info ][gc,start     ] GC(96) Pause Initial Mark
[12.961s][info ][gc           ] GC(96) Pause Initial Mark 325M->325M(852M) 30.284ms
[12.961s][info ][gc,cpu       ] GC(96) User=0.12s Sys=0.00s Real=0.03s
[12.961s][info ][safepoint    ] Leaving safepoint region
[12.961s][info ][safepoint    ] Total time for which application threads were stopped: 0.0304904 seconds, Stopping threads took: 0.0000131 seconds
[12.962s][info ][gc           ] GC(96) Concurrent Mark
[13.167s][info ][gc           ] GC(96) Concurrent Mark 205.165ms
[13.167s][info ][gc,cpu       ] GC(96) User=0.43s Sys=0.02s Real=0.21s
[13.167s][info ][gc           ] GC(96) Concurrent Preclean
[13.167s][debug][gc,ref       ] GC(96) Preclean SoftReferences 0.001ms
[13.167s][debug][gc,ref       ] GC(96) Preclean WeakReferences 0.010ms
[13.167s][debug][gc,ref       ] GC(96) Preclean FinalReferences 0.002ms
[13.167s][debug][gc,ref       ] GC(96) Preclean PhantomReferences 0.002ms
[13.172s][info ][gc           ] GC(96) Concurrent Preclean 4.899ms
[13.172s][info ][gc,cpu       ] GC(96) User=0.01s Sys=0.00s Real=0.00s
[13.172s][info ][gc           ] GC(96) Concurrent Abortable Preclean
[13.435s][info ][safepoint    ] Application time: 0.4732698 seconds
[13.435s][info ][safepoint    ] Entering safepoint region: ICBufferFull
[13.435s][info ][safepoint    ] Leaving safepoint region
[13.435s][info ][safepoint    ] Total time for which application threads were stopped: 0.0002387 seconds, Stopping threads took: 0.0000672 seconds
[14.284s][info ][safepoint    ] Application time: 0.8490417 seconds
[14.284s][info ][safepoint    ] Entering safepoint region: ICBufferFull
[14.284s][info ][safepoint    ] Leaving safepoint region
[14.284s][info ][safepoint    ] Total time for which application threads were stopped: 0.0001947 seconds, Stopping threads took: 0.0000143 seconds
[15.084s][info ][safepoint    ] Application time: 0.7993249 seconds
[15.084s][info ][safepoint    ] Entering safepoint region: CollectForMetadataAllocation
[15.084s][info ][safepoint    ] Leaving safepoint region
[15.084s][info ][safepoint    ] Total time for which application threads were stopped: 0.0002589 seconds, Stopping threads took: 0.0000191 seconds
[15.736s][info ][safepoint    ] Application time: 0.6524563 seconds
[15.736s][info ][safepoint    ] Entering safepoint region: GenCollectForAllocation
[15.737s][info ][gc,start     ] GC(97) Pause Young (Allocation Failure)
[15.737s][info ][gc,task      ] GC(97) Using 4 workers of 4 for evacuation
[15.770s][debug][gc,ref       ] GC(97) Skipped phase1 of Reference Processing due to unavailable references
[15.770s][debug][gc,ref       ] GC(97) Skipped phase3 of Reference Processing due to unavailable references
[15.770s][debug][gc,age       ] GC(97) Desired survivor size 15400960 bytes, new threshold 1 (max threshold 6)
[15.770s][info ][gc,heap      ] GC(97) ParNew: 255072K->30080K(270976K)
[15.770s][info ][gc,heap      ] GC(97) CMS: 132299K->144016K(602112K)
[15.770s][info ][gc,metaspace ] GC(97) Metaspace: 44272K->44272K(1089536K)
[15.770s][info ][gc           ] GC(97) Pause Young (Allocation Failure) 378M->170M(852M) 33.423ms
[15.770s][info ][gc,cpu       ] GC(97) User=0.15s Sys=0.00s Real=0.03s
[15.770s][info ][safepoint    ] Leaving safepoint region
[15.770s][info ][safepoint    ] Total time for which application threads were stopped: 0.0336247 seconds, Stopping threads took: 0.0000153 seconds
[16.770s][info ][safepoint    ] Application time: 1.0001247 seconds
[16.770s][info ][safepoint    ] Entering safepoint region: Cleanup
[16.770s][info ][safepoint    ] Leaving safepoint region
[16.770s][info ][safepoint    ] Total time for which application threads were stopped: 0.0001416 seconds, Stopping threads took: 0.0000156 seconds
[17.770s][info ][safepoint    ] Application time: 1.0000868 seconds
[17.770s][info ][safepoint    ] Entering safepoint region: Cleanup
[17.771s][info ][safepoint    ] Leaving safepoint region
[17.771s][info ][safepoint    ] Total time for which application threads were stopped: 0.0001127 seconds, Stopping threads took: 0.0000138 seconds
[18.468s][info ][gc           ] GC(96) Concurrent Abortable Preclean 5296.758ms
[18.468s][info ][gc,cpu       ] GC(96) User=6.63s Sys=0.23s Real=5.30s
[18.469s][info ][safepoint    ] Application time: 0.6979308 seconds
[18.469s][info ][safepoint    ] Entering safepoint region: CMS_Final_Remark
[18.469s][info ][gc,start     ] GC(96) Pause Remark
[18.486s][debug][gc,phases    ] GC(96) Rescan (parallel) 17.008ms
[18.486s][debug][gc,ref       ] GC(96) Skipped phase1 of Reference Processing due to unavailable references
[18.486s][debug][gc,ref       ] GC(96) Skipped phase2 of Reference Processing due to unavailable references
[18.486s][debug][gc,ref       ] GC(96) Skipped phase3 of Reference Processing due to unavailable references
[18.486s][debug][gc,ref       ] GC(96) Skipped phase4 of Reference Processing due to unavailable references
[18.486s][debug][gc,phases    ] GC(96) Reference Processing 0.030ms
[18.486s][debug][gc,phases    ] GC(96) Weak Processing 0.097ms
[18.487s][debug][gc,phases    ] GC(96) ClassLoaderData 0.886ms
[18.487s][debug][gc,phases    ] GC(96) Dictionary 0.018ms
[18.487s][debug][gc,phases    ] GC(96) ProtectionDomainCacheTable 0.004ms
[18.487s][debug][gc,phases    ] GC(96) ResolvedMethodTable 0.129ms
[18.506s][debug][gc,phases    ] GC(96) Class Unloading 20.137ms
[18.509s][debug][gc,phases    ] GC(96) Scrub Symbol Table 2.951ms
[18.509s][debug][gc,phases    ] GC(96) Scrub String Table 0.330ms
[18.510s][info ][gc           ] GC(96) Pause Remark 219M->219M(852M) 41.409ms
[18.510s][info ][gc,cpu       ] GC(96) User=0.09s Sys=0.00s Real=0.04s
[18.510s][info ][safepoint    ] Leaving safepoint region
[18.510s][info ][safepoint    ] Total time for which application threads were stopped: 0.0415661 seconds, Stopping threads took: 0.0000150 seconds
[18.510s][info ][gc           ] GC(96) Concurrent Sweep
[18.579s][info ][gc           ] GC(96) Concurrent Sweep 68.479ms
[18.579s][info ][gc,cpu       ] GC(96) User=0.08s Sys=0.00s Real=0.07s
[18.579s][info ][gc           ] GC(96) Concurrent Reset
[18.588s][info ][gc           ] GC(96) Concurrent Reset 9.351ms
[18.588s][info ][gc,cpu       ] GC(96) User=0.01s Sys=0.00s Real=0.01s
[18.588s][info ][gc,heap      ] GC(96) Old: 132299K->140479K(602112K)
[19.510s][info ][safepoint    ] Application time: 1.0000791 seconds
[19.510s][info ][safepoint    ] Entering safepoint region: Cleanup
[19.511s][info ][safepoint    ] Leaving safepoint region
[19.511s][info ][safepoint    ] Total time for which application threads were stopped: 0.0003438 seconds, Stopping threads took: 0.0000378 seconds
[20.134s][info ][safepoint    ] Application time: 0.6229223 seconds
[20.134s][info ][safepoint    ] Entering safepoint region: RevokeBias
[20.134s][info ][safepoint    ] Leaving safepoint region
[20.134s][info ][safepoint    ] Total time for which application threads were stopped: 0.0001682 seconds, Stopping threads took: 0.0000743 seconds
[20.140s][info ][safepoint    ] Application time: 0.0062288 seconds
[20.140s][info ][safepoint    ] Entering safepoint region: RevokeBias
[20.140s][info ][safepoint    ] Leaving safepoint region
[20.140s][info ][safepoint    ] Total time for which application threads were stopped: 0.0000754 seconds, Stopping threads took: 0.0000096 seconds
[20.140s][info ][safepoint    ] Application time: 0.0004000 seconds
[20.140s][info ][safepoint    ] Entering safepoint region: RevokeBias
[20.140s][info ][safepoint    ] Leaving safepoint region
[20.140s][info ][safepoint    ] Total time for which application threads were stopped: 0.0000237 seconds, Stopping threads took: 0.0000047 seconds
[20.173s][info ][safepoint    ] Application time: 0.0321381 seconds
[20.173s][info ][safepoint    ] Entering safepoint region: Deoptimize
[20.174s][info ][safepoint    ] Leaving safepoint region
[20.174s][info ][safepoint    ] Total time for which application threads were stopped: 0.0010676 seconds, Stopping threads took: 0.0000136 seconds
[20.176s][info ][safepoint    ] Application time: 0.0021677 seconds
[20.176s][info ][safepoint    ] Entering safepoint region: RevokeBias
[20.176s][info ][safepoint    ] Leaving safepoint region
[20.176s][info ][safepoint    ] Total time for which application threads were stopped: 0.0001296 seconds, Stopping threads took: 0.0000709 seconds
[20.194s][info ][safepoint    ] Application time: 0.0182460 seconds
[20.194s][info ][safepoint    ] Entering safepoint region: RevokeBias
[20.194s][info ][safepoint    ] Leaving safepoint region
[20.194s][info ][safepoint    ] Total time for which application threads were stopped: 0.0000803 seconds, Stopping threads took: 0.0000133 seconds
[20.987s][info ][safepoint    ] Application time: 0.7927663 seconds
[20.987s][info ][safepoint    ] Entering safepoint region: RevokeBias
[20.987s][info ][safepoint    ] Leaving safepoint region
[20.987s][info ][safepoint    ] Total time for which application threads were stopped: 0.0001527 seconds, Stopping threads took: 0.0000137 seconds
[20.988s][info ][safepoint    ] Application time: 0.0009276 seconds
[20.988s][info ][safepoint    ] Entering safepoint region: RevokeBias
[20.988s][info ][safepoint    ] Leaving safepoint region
[20.988s][info ][safepoint    ] Total time for which application threads were stopped: 0.0000642 seconds, Stopping threads took: 0.0000062 seconds
[21.005s][info ][safepoint    ] Application time: 0.0164948 seconds
[21.005s][info ][safepoint    ] Entering safepoint region: Deoptimize
[21.006s][info ][safepoint    ] Leaving safepoint region
[21.006s][info ][safepoint    ] Total time for which application threads were stopped: 0.0009992 seconds, Stopping threads took: 0.0000126 seconds
[21.007s][info ][safepoint    ] Application time: 0.0007051 seconds
[21.007s][info ][safepoint    ] Entering safepoint region: RevokeBias
[21.007s][info ][safepoint    ] Leaving safepoint region
[21.007s][info ][safepoint    ] Total time for which application threads were stopped: 0.0001215 seconds, Stopping threads took: 0.0000095 seconds
[21.007s][info ][safepoint    ] Application time: 0.0000563 seconds
[21.007s][info ][safepoint    ] Entering safepoint region: RevokeBias
[21.007s][info ][safepoint    ] Leaving safepoint region
[21.007s][info ][safepoint    ] Total time for which application threads were stopped: 0.0000241 seconds, Stopping threads took: 0.0000049 seconds
[21.007s][info ][safepoint    ] Application time: 0.0000701 seconds
[21.007s][info ][safepoint    ] Entering safepoint region: RevokeBias
[21.007s][info ][safepoint    ] Leaving safepoint region
[21.007s][info ][safepoint    ] Total time for which application threads were stopped: 0.0000574 seconds, Stopping threads took: 0.0000120 seconds
[21.007s][info ][safepoint    ] Application time: 0.0000748 seconds
[21.007s][info ][safepoint    ] Entering safepoint region: RevokeBias
[21.007s][info ][safepoint    ] Leaving safepoint region
[21.007s][info ][safepoint    ] Total time for which application threads were stopped: 0.0000239 seconds, Stopping threads took: 0.0000051 seconds
[21.012s][info ][safepoint    ] Application time: 0.0052199 seconds
[21.012s][info ][safepoint    ] Entering safepoint region: RevokeBias
[21.012s][info ][safepoint    ] Leaving safepoint region
[21.012s][info ][safepoint    ] Total time for which application threads were stopped: 0.0001136 seconds, Stopping threads took: 0.0000648 seconds
[21.017s][info ][safepoint    ] Application time: 0.0049563 seconds
[21.017s][info ][safepoint    ] Entering safepoint region: RevokeBias
[21.018s][info ][safepoint    ] Leaving safepoint region
[21.018s][info ][safepoint    ] Total time for which application threads were stopped: 0.0000567 seconds, Stopping threads took: 0.0000113 seconds
[21.036s][info ][safepoint    ] Application time: 0.0180597 seconds
[21.036s][info ][safepoint    ] Entering safepoint region: RevokeBias
[21.036s][info ][safepoint    ] Leaving safepoint region
[21.036s][info ][safepoint    ] Total time for which application threads were stopped: 0.0001259 seconds, Stopping threads took: 0.0000635 seconds
[21.036s][info ][safepoint    ] Application time: 0.0001248 seconds
[21.036s][info ][safepoint    ] Entering safepoint region: RevokeBias
[21.036s][info ][safepoint    ] Leaving safepoint region
[21.036s][info ][safepoint    ] Total time for which application threads were stopped: 0.0000696 seconds, Stopping threads took: 0.0000455 seconds
[21.073s][info ][safepoint    ] Application time: 0.0366130 seconds
[21.073s][info ][safepoint    ] Entering safepoint region: Deoptimize
[21.074s][info ][safepoint    ] Leaving safepoint region
[21.074s][info ][safepoint    ] Total time for which application threads were stopped: 0.0010966 seconds, Stopping threads took: 0.0000131 seconds
[21.108s][info ][safepoint    ] Application time: 0.0342307 seconds
[21.108s][info ][safepoint    ] Entering safepoint region: Deoptimize
[21.109s][info ][safepoint    ] Leaving safepoint region
[21.109s][info ][safepoint    ] Total time for which application threads were stopped: 0.0010884 seconds, Stopping threads took: 0.0000136 seconds
[21.206s][info ][safepoint    ] Application time: 0.0966914 seconds
[21.206s][info ][safepoint    ] Entering safepoint region: RevokeBias
[21.206s][info ][safepoint    ] Leaving safepoint region
[21.206s][info ][safepoint    ] Total time for which application threads were stopped: 0.0002048 seconds, Stopping threads took: 0.0000499 seconds
[21.236s][info ][safepoint    ] Application time: 0.0304106 seconds
[21.236s][info ][safepoint    ] Entering safepoint region: Deoptimize
[21.237s][info ][safepoint    ] Leaving safepoint region
[21.237s][info ][safepoint    ] Total time for which application threads were stopped: 0.0010453 seconds, Stopping threads took: 0.0000133 seconds
[21.238s][info ][safepoint    ] Application time: 0.0002844 seconds
[21.238s][info ][safepoint    ] Entering safepoint region: Deoptimize
[21.239s][info ][safepoint    ] Leaving safepoint region
[21.239s][info ][safepoint    ] Total time for which application threads were stopped: 0.0008080 seconds, Stopping threads took: 0.0000095 seconds
[21.239s][info ][safepoint    ] Application time: 0.0006161 seconds
[21.239s][info ][safepoint    ] Entering safepoint region: RevokeBias
[21.239s][info ][safepoint    ] Leaving safepoint region
[21.239s][info ][safepoint    ] Total time for which application threads were stopped: 0.0000604 seconds, Stopping threads took: 0.0000068 seconds
[21.240s][info ][safepoint    ] Application time: 0.0003678 seconds
[21.240s][info ][safepoint    ] Entering safepoint region: Deoptimize
[21.240s][info ][safepoint    ] Leaving safepoint region
[21.240s][info ][safepoint    ] Total time for which application threads were stopped: 0.0004224 seconds, Stopping threads took: 0.0000058 seconds
[21.244s][info ][safepoint    ] Application time: 0.0036872 seconds
[21.244s][info ][safepoint    ] Entering safepoint region: RevokeBias
[21.244s][info ][safepoint    ] Leaving safepoint region
[21.244s][info ][safepoint    ] Total time for which application threads were stopped: 0.0000725 seconds, Stopping threads took: 0.0000114 seconds
[21.287s][info ][safepoint    ] Application time: 0.0432707 seconds
[21.287s][info ][safepoint    ] Entering safepoint region: RevokeBias
[21.287s][info ][safepoint    ] Leaving safepoint region
[21.287s][info ][safepoint    ] Total time for which application threads were stopped: 0.0000832 seconds, Stopping threads took: 0.0000132 seconds
[21.313s][info ][safepoint    ] Application time: 0.0260364 seconds
[21.313s][info ][safepoint    ] Entering safepoint region: Deoptimize
[21.314s][info ][safepoint    ] Leaving safepoint region
[21.314s][info ][safepoint    ] Total time for which application threads were stopped: 0.0011498 seconds, Stopping threads took: 0.0000624 seconds
[21.317s][info ][safepoint    ] Application time: 0.0026969 seconds
[21.317s][info ][safepoint    ] Entering safepoint region: RevokeBias
[21.317s][info ][safepoint    ] Leaving safepoint region
[21.317s][info ][safepoint    ] Total time for which application threads were stopped: 0.0001183 seconds, Stopping threads took: 0.0000292 seconds
[21.317s][info ][safepoint    ] Application time: 0.0001921 seconds
[21.318s][info ][safepoint    ] Entering safepoint region: RevokeBias
[21.318s][info ][safepoint    ] Leaving safepoint region
[21.318s][info ][safepoint    ] Total time for which application threads were stopped: 0.0000841 seconds, Stopping threads took: 0.0000428 seconds
[21.322s][info ][safepoint    ] Application time: 0.0042340 seconds
[21.322s][info ][safepoint    ] Entering safepoint region: RevokeBias
[21.322s][info ][safepoint    ] Leaving safepoint region
[21.322s][info ][safepoint    ] Total time for which application threads were stopped: 0.0001306 seconds, Stopping threads took: 0.0000766 seconds
[21.350s][info ][safepoint    ] Application time: 0.0276029 seconds
[21.350s][info ][safepoint    ] Entering safepoint region: Deoptimize
[21.351s][info ][safepoint    ] Leaving safepoint region
[21.351s][info ][safepoint    ] Total time for which application threads were stopped: 0.0011728 seconds, Stopping threads took: 0.0000133 seconds
[21.379s][info ][safepoint    ] Application time: 0.0282738 seconds
[21.379s][info ][safepoint    ] Entering safepoint region: RevokeBias
[21.379s][info ][safepoint    ] Leaving safepoint region
[21.379s][info ][safepoint    ] Total time for which application threads were stopped: 0.0002455 seconds, Stopping threads took: 0.0000793 seconds
[21.380s][info ][safepoint    ] Application time: 0.0005012 seconds
[21.380s][info ][safepoint    ] Entering safepoint region: BulkRevokeBias
[21.380s][info ][safepoint    ] Leaving safepoint region
[21.380s][info ][safepoint    ] Total time for which application threads were stopped: 0.0002656 seconds, Stopping threads took: 0.0000886 seconds
[21.430s][info ][safepoint    ] Application time: 0.0496576 seconds
[21.430s][info ][safepoint    ] Entering safepoint region: ICBufferFull
[21.430s][info ][safepoint    ] Leaving safepoint region
[21.430s][info ][safepoint    ] Total time for which application threads were stopped: 0.0002684 seconds, Stopping threads took: 0.0000729 seconds
[21.633s][info ][safepoint    ] Application time: 0.2031395 seconds
[21.633s][info ][safepoint    ] Entering safepoint region: ICBufferFull
[21.633s][info ][safepoint    ] Leaving safepoint region
[21.633s][info ][safepoint    ] Total time for which application threads were stopped: 0.0001870 seconds, Stopping threads took: 0.0000158 seconds
[21.813s][info ][safepoint    ] Application time: 0.1791661 seconds
[21.813s][info ][safepoint    ] Entering safepoint region: Deoptimize
[21.814s][info ][safepoint    ] Leaving safepoint region
[21.814s][info ][safepoint    ] Total time for which application threads were stopped: 0.0011859 seconds, Stopping threads took: 0.0000147 seconds
[22.092s][info ][safepoint    ] Application time: 0.2779557 seconds
[22.092s][info ][safepoint    ] Entering safepoint region: RevokeBias
[22.092s][info ][safepoint    ] Leaving safepoint region
[22.092s][info ][safepoint    ] Total time for which application threads were stopped: 0.0001261 seconds, Stopping threads took: 0.0000138 seconds
[23.092s][info ][safepoint    ] Application time: 1.0000941 seconds
[23.092s][info ][safepoint    ] Entering safepoint region: Cleanup
[23.092s][info ][safepoint    ] Leaving safepoint region
[23.092s][info ][safepoint    ] Total time for which application threads were stopped: 0.0001458 seconds, Stopping threads took: 0.0000155 seconds
[23.575s][info ][safepoint    ] Application time: 0.4823635 seconds
[23.575s][info ][safepoint    ] Entering safepoint region: ICBufferFull
[23.575s][info ][safepoint    ] Leaving safepoint region
[23.575s][info ][safepoint    ] Total time for which application threads were stopped: 0.0002078 seconds, Stopping threads took: 0.0000153 seconds
[23.939s][info ][safepoint    ] Application time: 0.3641364 seconds
[23.939s][info ][safepoint    ] Entering safepoint region: ICBufferFull
[23.939s][info ][safepoint    ] Leaving safepoint region
[23.939s][info ][safepoint    ] Total time for which application threads were stopped: 0.0002833 seconds, Stopping threads took: 0.0000507 seconds
[24.335s][info ][safepoint    ] Application time: 0.3960714 seconds
[24.335s][info ][safepoint    ] Entering safepoint region: GenCollectForAllocation
[24.336s][info ][gc,start     ] GC(98) Pause Young (Allocation Failure)
[24.336s][info ][gc,task      ] GC(98) Using 4 workers of 4 for evacuation
[24.365s][debug][gc,ref       ] GC(98) Skipped phase1 of Reference Processing due to unavailable references
[24.365s][debug][gc,age       ] GC(98) Desired survivor size 15400960 bytes, new threshold 6 (max threshold 6)
[24.365s][info ][gc,heap      ] GC(98) ParNew: 270976K->25114K(270976K)
[24.365s][info ][gc,heap      ] GC(98) CMS: 140479K->181520K(602112K)
[24.365s][info ][gc,metaspace ] GC(98) Metaspace: 52489K->52489K(1097728K)
[24.365s][info ][gc           ] GC(98) Pause Young (Allocation Failure) 401M->201M(852M) 29.830ms
[24.365s][info ][gc,cpu       ] GC(98) User=0.09s Sys=0.01s Real=0.03s
[24.365s][info ][safepoint    ] Leaving safepoint region
[24.365s][info ][safepoint    ] Total time for which application threads were stopped: 0.0300326 seconds, Stopping threads took: 0.0000158 seconds
[25.366s][info ][safepoint    ] Application time: 1.0001027 seconds
[25.366s][info ][safepoint    ] Entering safepoint region: Cleanup
[25.366s][info ][safepoint    ] Leaving safepoint region
[25.366s][info ][safepoint    ] Total time for which application threads were stopped: 0.0001774 seconds, Stopping threads took: 0.0000149 seconds
[26.240s][info ][safepoint    ] Application time: 0.8739228 seconds
[26.240s][info ][safepoint    ] Entering safepoint region: RevokeBias
[26.240s][info ][safepoint    ] Leaving safepoint region
[26.240s][info ][safepoint    ] Total time for which application threads were stopped: 0.0001372 seconds, Stopping threads took: 0.0000150 seconds
[26.240s][info ][safepoint    ] Application time: 0.0001216 seconds
[26.240s][info ][safepoint    ] Entering safepoint region: RevokeBias
[26.240s][info ][safepoint    ] Leaving safepoint region
[26.240s][info ][safepoint    ] Total time for which application threads were stopped: 0.0000597 seconds, Stopping threads took: 0.0000418 seconds
[27.240s][info ][safepoint    ] Application time: 1.0001121 seconds
[27.240s][info ][safepoint    ] Entering safepoint region: Cleanup
[27.240s][info ][safepoint    ] Leaving safepoint region
[27.240s][info ][safepoint    ] Total time for which application threads were stopped: 0.0001015 seconds, Stopping threads took: 0.0000154 seconds
[28.240s][info ][safepoint    ] Application time: 1.0001055 seconds
[28.240s][info ][safepoint    ] Entering safepoint region: Cleanup
[28.241s][info ][safepoint    ] Leaving safepoint region
[28.241s][info ][safepoint    ] Total time for which application threads were stopped: 0.0001233 seconds, Stopping threads took: 0.0000147 seconds
[29.241s][info ][safepoint    ] Application time: 1.0000903 seconds
[29.241s][info ][safepoint    ] Entering safepoint region: Cleanup
[29.241s][info ][safepoint    ] Leaving safepoint region
[29.241s][info ][safepoint    ] Total time for which application threads were stopped: 0.0001113 seconds, Stopping threads took: 0.0000141 seconds
[30.241s][info ][safepoint    ] Application time: 1.0000560 seconds
[30.241s][info ][safepoint    ] Entering safepoint region: Cleanup
[30.241s][info ][safepoint    ] Leaving safepoint region
[30.241s][info ][safepoint    ] Total time for which application threads were stopped: 0.0001068 seconds, Stopping threads took: 0.0000151 seconds
[31.240s][info ][safepoint    ] Application time: 0.9992317 seconds
[31.240s][info ][safepoint    ] Entering safepoint region: RevokeBias
[31.240s][info ][safepoint    ] Leaving safepoint region
[31.240s][info ][safepoint    ] Total time for which application threads were stopped: 0.0001009 seconds, Stopping threads took: 0.0000137 seconds
[31.242s][info ][safepoint    ] Application time: 0.0011507 seconds
[31.242s][info ][safepoint    ] Entering safepoint region: RevokeBias
[31.242s][info ][safepoint    ] Leaving safepoint region
[31.242s][info ][safepoint    ] Total time for which application threads were stopped: 0.0000349 seconds, Stopping threads took: 0.0000063 seconds
[31.242s][info ][safepoint    ] Application time: 0.0000591 seconds
[31.242s][info ][safepoint    ] Entering safepoint region: RevokeBias
[31.242s][info ][safepoint    ] Leaving safepoint region
[31.242s][info ][safepoint    ] Total time for which application threads were stopped: 0.0000211 seconds, Stopping threads took: 0.0000048 seconds
[31.242s][info ][safepoint    ] Application time: 0.0002217 seconds
[31.242s][info ][safepoint    ] Entering safepoint region: RevokeBias
[31.242s][info ][safepoint    ] Leaving safepoint region
[31.242s][info ][safepoint    ] Total time for which application threads were stopped: 0.0000206 seconds, Stopping threads took: 0.0000049 seconds
[31.242s][info ][safepoint    ] Application time: 0.0001404 seconds
[31.242s][info ][safepoint    ] Entering safepoint region: RevokeBias
[31.242s][info ][safepoint    ] Leaving safepoint region
[31.242s][info ][safepoint    ] Total time for which application threads were stopped: 0.0000215 seconds, Stopping threads took: 0.0000047 seconds
[32.242s][info ][safepoint    ] Application time: 1.0001067 seconds
[32.242s][info ][safepoint    ] Entering safepoint region: Cleanup
[32.242s][info ][safepoint    ] Leaving safepoint region
[32.242s][info ][safepoint    ] Total time for which application threads were stopped: 0.0000888 seconds, Stopping threads took: 0.0000132 seconds
[33.242s][info ][safepoint    ] Application time: 1.0001009 seconds
[33.242s][info ][safepoint    ] Entering safepoint region: Cleanup
[33.243s][info ][safepoint    ] Leaving safepoint region
[33.243s][info ][safepoint    ] Total time for which application threads were stopped: 0.0001061 seconds, Stopping threads took: 0.0000145 seconds
[34.243s][info ][safepoint    ] Application time: 1.0000786 seconds
[34.243s][info ][safepoint    ] Entering safepoint region: Cleanup
[34.243s][info ][safepoint    ] Leaving safepoint region
[34.243s][info ][safepoint    ] Total time for which application threads were stopped: 0.0001519 seconds, Stopping threads took: 0.0000276 seconds
[34.584s][info ][safepoint    ] Application time: 0.3414059 seconds
[34.584s][info ][safepoint    ] Entering safepoint region: GenCollectForAllocation
[34.584s][info ][gc,start     ] GC(99) Pause Young (Allocation Failure)
[34.584s][info ][gc,task      ] GC(99) Using 4 workers of 4 for evacuation
[34.589s][debug][gc,ref       ] GC(99) Skipped phase1 of Reference Processing due to unavailable references
[34.589s][debug][gc,age       ] GC(99) Desired survivor size 15400960 bytes, new threshold 6 (max threshold 6)
[34.589s][info ][gc,heap      ] GC(99) ParNew: 266010K->8856K(270976K)
[34.589s][info ][gc,heap      ] GC(99) CMS: 181520K->181520K(602112K)
[34.589s][info ][gc,metaspace ] GC(99) Metaspace: 52851K->52851K(1097728K)
[34.589s][info ][gc           ] GC(99) Pause Young (Allocation Failure) 437M->185M(852M) 4.494ms
[34.589s][info ][gc,cpu       ] GC(99) User=0.01s Sys=0.00s Real=0.00s
[34.589s][info ][safepoint    ] Leaving safepoint region
[34.589s][info ][safepoint    ] Total time for which application threads were stopped: 0.0046563 seconds, Stopping threads took: 0.0000244 seconds
[35.589s][info ][safepoint    ] Application time: 1.0001098 seconds
[35.589s][info ][safepoint    ] Entering safepoint region: Cleanup
[35.589s][info ][safepoint    ] Leaving safepoint region
[35.589s][info ][safepoint    ] Total time for which application threads were stopped: 0.0001056 seconds, Stopping threads took: 0.0000143 seconds
[35.966s][info ][safepoint    ] Application time: 0.3763515 seconds
[35.966s][info ][safepoint    ] Entering safepoint region: ICBufferFull
[35.966s][info ][safepoint    ] Leaving safepoint region
[35.966s][info ][safepoint    ] Total time for which application threads were stopped: 0.0002446 seconds, Stopping threads took: 0.0000574 seconds
[36.966s][info ][safepoint    ] Application time: 1.0001210 seconds
[36.966s][info ][safepoint    ] Entering safepoint region: Cleanup
[36.966s][info ][safepoint    ] Leaving safepoint region
[36.966s][info ][safepoint    ] Total time for which application threads were stopped: 0.0001672 seconds, Stopping threads took: 0.0000141 seconds
[37.966s][info ][safepoint    ] Application time: 1.0000915 seconds
[37.966s][info ][safepoint    ] Entering safepoint region: Cleanup
[37.966s][info ][safepoint    ] Leaving safepoint region
[37.966s][info ][safepoint    ] Total time for which application threads were stopped: 0.0000821 seconds, Stopping threads took: 0.0000162 seconds
[38.966s][info ][safepoint    ] Application time: 1.0000965 seconds
[38.967s][info ][safepoint    ] Entering safepoint region: Cleanup
[38.967s][info ][safepoint    ] Leaving safepoint region
[38.967s][info ][safepoint    ] Total time for which application threads were stopped: 0.0001032 seconds, Stopping threads took: 0.0000154 seconds
[39.967s][info ][safepoint    ] Application time: 1.0000638 seconds
[39.967s][info ][safepoint    ] Entering safepoint region: Cleanup
[39.967s][info ][safepoint    ] Leaving safepoint region
[39.967s][info ][safepoint    ] Total time for which application threads were stopped: 0.0001337 seconds, Stopping threads took: 0.0000157 seconds
[40.967s][info ][safepoint    ] Application time: 1.0001508 seconds
[40.967s][info ][safepoint    ] Entering safepoint region: Cleanup
[40.967s][info ][safepoint    ] Leaving safepoint region
[40.967s][info ][safepoint    ] Total time for which application threads were stopped: 0.0000933 seconds, Stopping threads took: 0.0000161 seconds
[41.431s][info ][safepoint    ] Application time: 0.4640630 seconds
[41.431s][info ][safepoint    ] Entering safepoint region: ICBufferFull
[41.431s][info ][safepoint    ] Leaving safepoint region
[41.431s][info ][safepoint    ] Total time for which application threads were stopped: 0.0002470 seconds, Stopping threads took: 0.0000142 seconds
[42.432s][info ][safepoint    ] Application time: 1.0001022 seconds
[42.432s][info ][safepoint    ] Entering safepoint region: Cleanup
[42.432s][info ][safepoint    ] Leaving safepoint region
[42.432s][info ][safepoint    ] Total time for which application threads were stopped: 0.0002123 seconds, Stopping threads took: 0.0000164 seconds
[43.432s][info ][safepoint    ] Application time: 1.0000826 seconds
[43.432s][info ][safepoint    ] Entering safepoint region: Cleanup
[43.432s][info ][safepoint    ] Leaving safepoint region
[43.432s][info ][safepoint    ] Total time for which application threads were stopped: 0.0000875 seconds, Stopping threads took: 0.0000175 seconds
[44.432s][info ][safepoint    ] Application time: 1.0000891 seconds
[44.432s][info ][safepoint    ] Entering safepoint region: Cleanup
[44.432s][info ][safepoint    ] Leaving safepoint region
[44.432s][info ][safepoint    ] Total time for which application threads were stopped: 0.0000832 seconds, Stopping threads took: 0.0000156 seconds
[44.583s][info ][safepoint    ] Application time: 0.1509637 seconds
[44.583s][info ][safepoint    ] Entering safepoint region: GenCollectForAllocation
[44.583s][info ][gc,start     ] GC(100) Pause Young (Allocation Failure)
[44.583s][info ][gc,task      ] GC(100) Using 4 workers of 4 for evacuation
[44.588s][debug][gc,ref       ] GC(100) Skipped phase1 of Reference Processing due to unavailable references
[44.588s][debug][gc,ref       ] GC(100) Skipped phase3 of Reference Processing due to unavailable references
[44.588s][debug][gc,age       ] GC(100) Desired survivor size 15400960 bytes, new threshold 6 (max threshold 6)
[44.588s][info ][gc,heap      ] GC(100) ParNew: 249752K->6574K(270976K)
[44.588s][info ][gc,heap      ] GC(100) CMS: 181520K->181520K(602112K)
[44.588s][info ][gc,metaspace ] GC(100) Metaspace: 53122K->53122K(1097728K)
[44.588s][info ][gc           ] GC(100) Pause Young (Allocation Failure) 421M->183M(852M) 5.039ms
[44.588s][info ][gc,cpu       ] GC(100) User=0.02s Sys=0.00s Real=0.00s
[44.588s][info ][safepoint    ] Leaving safepoint region
[44.588s][info ][safepoint    ] Total time for which application threads were stopped: 0.0051837 seconds, Stopping threads took: 0.0000172 seconds
[44.589s][info ][safepoint    ] Application time: 0.0001592 seconds
[44.589s][info ][safepoint    ] Entering safepoint region: RevokeBias
[44.589s][info ][safepoint    ] Leaving safepoint region
[44.589s][info ][safepoint    ] Total time for which application threads were stopped: 0.0001098 seconds, Stopping threads took: 0.0000544 seconds
[45.589s][info ][safepoint    ] Application time: 1.0001075 seconds
[45.589s][info ][safepoint    ] Entering safepoint region: Cleanup
[45.589s][info ][safepoint    ] Leaving safepoint region
[45.589s][info ][safepoint    ] Total time for which application threads were stopped: 0.0000755 seconds, Stopping threads took: 0.0000150 seconds
[46.589s][info ][safepoint    ] Application time: 1.0000810 seconds
[46.589s][info ][safepoint    ] Entering safepoint region: Cleanup
[46.589s][info ][safepoint    ] Leaving safepoint region
[46.589s][info ][safepoint    ] Total time for which application threads were stopped: 0.0000741 seconds, Stopping threads took: 0.0000150 seconds
[47.589s][info ][safepoint    ] Application time: 1.0000926 seconds
[47.589s][info ][safepoint    ] Entering safepoint region: Cleanup
[47.589s][info ][safepoint    ] Leaving safepoint region
[47.589s][info ][safepoint    ] Total time for which application threads were stopped: 0.0000939 seconds, Stopping threads took: 0.0000154 seconds
[48.589s][info ][safepoint    ] Application time: 1.0000962 seconds
[48.590s][info ][safepoint    ] Entering safepoint region: Cleanup
[48.590s][info ][safepoint    ] Leaving safepoint region
[48.590s][info ][safepoint    ] Total time for which application threads were stopped: 0.0000818 seconds, Stopping threads took: 0.0000132 seconds
[49.590s][info ][safepoint    ] Application time: 1.0001015 seconds
[49.590s][info ][safepoint    ] Entering safepoint region: Cleanup
[49.590s][info ][safepoint    ] Leaving safepoint region
[49.590s][info ][safepoint    ] Total time for which application threads were stopped: 0.0000647 seconds, Stopping threads took: 0.0000151 seconds
[50.590s][info ][safepoint    ] Application time: 1.0000819 seconds
[50.590s][info ][safepoint    ] Entering safepoint region: Cleanup
[50.590s][info ][safepoint    ] Leaving safepoint region
[50.590s][info ][safepoint    ] Total time for which application threads were stopped: 0.0000758 seconds, Stopping threads took: 0.0000152 seconds
[51.590s][info ][safepoint    ] Application time: 1.0001044 seconds
[51.590s][info ][safepoint    ] Entering safepoint region: Cleanup
[51.590s][info ][safepoint    ] Leaving safepoint region
[51.590s][info ][safepoint    ] Total time for which application threads were stopped: 0.0000730 seconds, Stopping threads took: 0.0000154 seconds
[52.590s][info ][safepoint    ] Application time: 1.0001076 seconds
[52.590s][info ][safepoint    ] Entering safepoint region: Cleanup
[52.591s][info ][safepoint    ] Leaving safepoint region
[52.591s][info ][safepoint    ] Total time for which application threads were stopped: 0.0000733 seconds, Stopping threads took: 0.0000178 seconds
[53.591s][info ][safepoint    ] Application time: 1.0001219 seconds
[53.591s][info ][safepoint    ] Entering safepoint region: Cleanup
[53.591s][info ][safepoint    ] Leaving safepoint region
[53.591s][info ][safepoint    ] Total time for which application threads were stopped: 0.0000948 seconds, Stopping threads took: 0.0000162 seconds
[54.591s][info ][safepoint    ] Application time: 1.0000985 seconds
[54.591s][info ][safepoint    ] Entering safepoint region: Cleanup
[54.591s][info ][safepoint    ] Leaving safepoint region
[54.591s][info ][safepoint    ] Total time for which application threads were stopped: 0.0000761 seconds, Stopping threads took: 0.0000146 seconds
[55.591s][info ][safepoint    ] Application time: 1.0001060 seconds
[55.591s][info ][safepoint    ] Entering safepoint region: Cleanup
[55.591s][info ][safepoint    ] Leaving safepoint region
[55.591s][info ][safepoint    ] Total time for which application threads were stopped: 0.0000738 seconds, Stopping threads took: 0.0000150 seconds
[56.591s][info ][safepoint    ] Application time: 1.0001118 seconds
[56.591s][info ][safepoint    ] Entering safepoint region: Cleanup
[56.591s][info ][safepoint    ] Leaving safepoint region
[56.591s][info ][safepoint    ] Total time for which application threads were stopped: 0.0000747 seconds, Stopping threads took: 0.0000156 seconds
[57.592s][info ][safepoint    ] Application time: 1.0001094 seconds
[57.592s][info ][safepoint    ] Entering safepoint region: Cleanup
[57.592s][info ][safepoint    ] Leaving safepoint region
[57.592s][info ][safepoint    ] Total time for which application threads were stopped: 0.0000748 seconds, Stopping threads took: 0.0000161 seconds
[58.085s][info ][safepoint    ] Application time: 0.4930168 seconds
[58.085s][info ][safepoint    ] Entering safepoint region: GenCollectForAllocation
[58.085s][info ][gc,start     ] GC(101) Pause Young (Allocation Failure)
[58.085s][info ][gc,task      ] GC(101) Using 4 workers of 4 for evacuation
[58.089s][debug][gc,ref       ] GC(101) Skipped phase1 of Reference Processing due to unavailable references
[58.089s][debug][gc,ref       ] GC(101) Skipped phase3 of Reference Processing due to unavailable references
[58.090s][debug][gc,age       ] GC(101) Desired survivor size 15400960 bytes, new threshold 6 (max threshold 6)
[58.090s][info ][gc,heap      ] GC(101) ParNew: 247470K->8693K(270976K)
[58.090s][info ][gc,heap      ] GC(101) CMS: 181520K->181520K(602112K)
[58.090s][info ][gc,metaspace ] GC(101) Metaspace: 53122K->53122K(1097728K)
[58.090s][info ][gc           ] GC(101) Pause Young (Allocation Failure) 418M->185M(852M) 4.829ms
[58.090s][info ][gc,cpu       ] GC(101) User=0.02s Sys=0.00s Real=0.00s
[58.090s][info ][safepoint    ] Leaving safepoint region
[58.090s][info ][safepoint    ] Total time for which application threads were stopped: 0.0049710 seconds, Stopping threads took: 0.0000151 seconds
[59.090s][info ][safepoint    ] Application time: 1.0001593 seconds
[59.090s][info ][safepoint    ] Entering safepoint region: Cleanup
[59.090s][info ][safepoint    ] Leaving safepoint region
[59.090s][info ][safepoint    ] Total time for which application threads were stopped: 0.0000785 seconds, Stopping threads took: 0.0000170 seconds
[60.090s][info ][safepoint    ] Application time: 1.0001074 seconds
[60.090s][info ][safepoint    ] Entering safepoint region: Cleanup
[60.090s][info ][safepoint    ] Leaving safepoint region
[60.090s][info ][safepoint    ] Total time for which application threads were stopped: 0.0000751 seconds, Stopping threads took: 0.0000165 seconds
[61.090s][info ][safepoint    ] Application time: 1.0000584 seconds
[61.090s][info ][safepoint    ] Entering safepoint region: Cleanup
[61.090s][info ][safepoint    ] Leaving safepoint region
[61.090s][info ][safepoint    ] Total time for which application threads were stopped: 0.0000816 seconds, Stopping threads took: 0.0000146 seconds
[62.091s][info ][safepoint    ] Application time: 1.0001680 seconds
[62.091s][info ][safepoint    ] Entering safepoint region: Cleanup
[62.091s][info ][safepoint    ] Leaving safepoint region
[62.091s][info ][safepoint    ] Total time for which application threads were stopped: 0.0000770 seconds, Stopping threads took: 0.0000171 seconds
[63.091s][info ][safepoint    ] Application time: 1.0000885 seconds
[63.091s][info ][safepoint    ] Entering safepoint region: Cleanup
[63.091s][info ][safepoint    ] Leaving safepoint region
[63.091s][info ][safepoint    ] Total time for which application threads were stopped: 0.0000981 seconds, Stopping threads took: 0.0000153 seconds
[64.091s][info ][safepoint    ] Application time: 1.0000496 seconds
[64.091s][info ][safepoint    ] Entering safepoint region: Cleanup
[64.091s][info ][safepoint    ] Leaving safepoint region
[64.091s][info ][safepoint    ] Total time for which application threads were stopped: 0.0000708 seconds, Stopping threads took: 0.0000148 seconds
[65.091s][info ][safepoint    ] Application time: 1.0001014 seconds
[65.091s][info ][safepoint    ] Entering safepoint region: Cleanup
[65.091s][info ][safepoint    ] Leaving safepoint region
[65.091s][info ][safepoint    ] Total time for which application threads were stopped: 0.0000853 seconds, Stopping threads took: 0.0000151 seconds
[66.091s][info ][safepoint    ] Application time: 1.0000896 seconds
[66.091s][info ][safepoint    ] Entering safepoint region: Cleanup
[66.091s][info ][safepoint    ] Leaving safepoint region
[66.091s][info ][safepoint    ] Total time for which application threads were stopped: 0.0000937 seconds, Stopping threads took: 0.0000307 seconds
[67.092s][info ][safepoint    ] Application time: 1.0000907 seconds
[67.092s][info ][safepoint    ] Entering safepoint region: Cleanup
[67.092s][info ][safepoint    ] Leaving safepoint region
[67.092s][info ][safepoint    ] Total time for which application threads were stopped: 0.0000734 seconds, Stopping threads took: 0.0000140 seconds
[68.092s][info ][safepoint    ] Application time: 1.0001009 seconds
[68.092s][info ][safepoint    ] Entering safepoint region: Cleanup
[68.092s][info ][safepoint    ] Leaving safepoint region
[68.092s][info ][safepoint    ] Total time for which application threads were stopped: 0.0000695 seconds, Stopping threads took: 0.0000154 seconds
[69.092s][info ][safepoint    ] Application time: 1.0000859 seconds
[69.092s][info ][safepoint    ] Entering safepoint region: Cleanup
[69.092s][info ][safepoint    ] Leaving safepoint region
[69.092s][info ][safepoint    ] Total time for which application threads were stopped: 0.0000707 seconds, Stopping threads took: 0.0000154 seconds
[70.092s][info ][safepoint    ] Application time: 1.0000981 seconds
[70.092s][info ][safepoint    ] Entering safepoint region: Cleanup
[70.092s][info ][safepoint    ] Leaving safepoint region
[70.092s][info ][safepoint    ] Total time for which application threads were stopped: 0.0000729 seconds, Stopping threads took: 0.0000164 seconds
[71.092s][info ][safepoint    ] Application time: 1.0000945 seconds
[71.092s][info ][safepoint    ] Entering safepoint region: Cleanup
[71.093s][info ][safepoint    ] Leaving safepoint region
[71.093s][info ][safepoint    ] Total time for which application threads were stopped: 0.0000748 seconds, Stopping threads took: 0.0000168 seconds
[72.093s][info ][safepoint    ] Application time: 1.0000972 seconds
[72.093s][info ][safepoint    ] Entering safepoint region: Cleanup
[72.093s][info ][safepoint    ] Leaving safepoint region
[72.093s][info ][safepoint    ] Total time for which application threads were stopped: 0.0000761 seconds, Stopping threads took: 0.0000174 seconds
[72.184s][info ][safepoint    ] Application time: 0.0917090 seconds
[72.184s][info ][safepoint    ] Entering safepoint region: GenCollectForAllocation
[72.185s][info ][gc,start     ] GC(102) Pause Young (Allocation Failure)
[72.185s][info ][gc,task      ] GC(102) Using 4 workers of 4 for evacuation
[72.189s][debug][gc,ref       ] GC(102) Skipped phase1 of Reference Processing due to unavailable references
[72.189s][debug][gc,ref       ] GC(102) Skipped phase3 of Reference Processing due to unavailable references
[72.189s][debug][gc,age       ] GC(102) Desired survivor size 15400960 bytes, new threshold 6 (max threshold 6)
[72.189s][info ][gc,heap      ] GC(102) ParNew: 249589K->8082K(270976K)
[72.189s][info ][gc,heap      ] GC(102) CMS: 181520K->181520K(602112K)
[72.189s][info ][gc,metaspace ] GC(102) Metaspace: 53126K->53126K(1097728K)
[72.189s][info ][gc           ] GC(102) Pause Young (Allocation Failure) 421M->185M(852M) 4.831ms
[72.189s][info ][gc,cpu       ] GC(102) User=0.02s Sys=0.00s Real=0.00s
[72.189s][info ][safepoint    ] Leaving safepoint region
[72.189s][info ][safepoint    ] Total time for which application threads were stopped: 0.0050005 seconds, Stopping threads took: 0.0000247 seconds
[73.190s][info ][safepoint    ] Application time: 1.0001213 seconds
[73.190s][info ][safepoint    ] Entering safepoint region: Cleanup
[73.190s][info ][safepoint    ] Leaving safepoint region
[73.190s][info ][safepoint    ] Total time for which application threads were stopped: 0.0001907 seconds, Stopping threads took: 0.0000158 seconds
[74.190s][info ][safepoint    ] Application time: 1.0001195 seconds
[74.190s][info ][safepoint    ] Entering safepoint region: Cleanup
[74.190s][info ][safepoint    ] Leaving safepoint region
[74.190s][info ][safepoint    ] Total time for which application threads were stopped: 0.0000696 seconds, Stopping threads took: 0.0000157 seconds
[75.190s][info ][safepoint    ] Application time: 1.0000865 seconds
[75.190s][info ][safepoint    ] Entering safepoint region: Cleanup
[75.190s][info ][safepoint    ] Leaving safepoint region
[75.190s][info ][safepoint    ] Total time for which application threads were stopped: 0.0000676 seconds, Stopping threads took: 0.0000142 seconds
[76.190s][info ][safepoint    ] Application time: 1.0001755 seconds
[76.190s][info ][safepoint    ] Entering safepoint region: Cleanup
[76.190s][info ][safepoint    ] Leaving safepoint region
[76.190s][info ][safepoint    ] Total time for which application threads were stopped: 0.0000701 seconds, Stopping threads took: 0.0000166 seconds
[77.191s][info ][safepoint    ] Application time: 1.0000956 seconds
[77.191s][info ][safepoint    ] Entering safepoint region: Cleanup
[77.191s][info ][safepoint    ] Leaving safepoint region
[77.191s][info ][safepoint    ] Total time for which application threads were stopped: 0.0000748 seconds, Stopping threads took: 0.0000155 seconds
[78.191s][info ][safepoint    ] Application time: 1.0000935 seconds
[78.191s][info ][safepoint    ] Entering safepoint region: Cleanup
[78.191s][info ][safepoint    ] Leaving safepoint region
[78.191s][info ][safepoint    ] Total time for which application threads were stopped: 0.0001001 seconds, Stopping threads took: 0.0000162 seconds
[79.191s][info ][safepoint    ] Application time: 1.0001001 seconds
[79.191s][info ][safepoint    ] Entering safepoint region: Cleanup
[79.191s][info ][safepoint    ] Leaving safepoint region
[79.191s][info ][safepoint    ] Total time for which application threads were stopped: 0.0000917 seconds, Stopping threads took: 0.0000162 seconds
[80.191s][info ][safepoint    ] Application time: 1.0000947 seconds
[80.191s][info ][safepoint    ] Entering safepoint region: Cleanup
[80.191s][info ][safepoint    ] Leaving safepoint region
[80.191s][info ][safepoint    ] Total time for which application threads were stopped: 0.0001099 seconds, Stopping threads took: 0.0000133 seconds
[81.192s][info ][safepoint    ] Application time: 1.0001627 seconds
[81.192s][info ][safepoint    ] Entering safepoint region: Cleanup
[81.192s][info ][safepoint    ] Leaving safepoint region
[81.192s][info ][safepoint    ] Total time for which application threads were stopped: 0.0000805 seconds, Stopping threads took: 0.0000176 seconds
[82.192s][info ][safepoint    ] Application time: 1.0001096 seconds
[82.192s][info ][safepoint    ] Entering safepoint region: Cleanup
[82.192s][info ][safepoint    ] Leaving safepoint region
[82.192s][info ][safepoint    ] Total time for which application threads were stopped: 0.0000713 seconds, Stopping threads took: 0.0000151 seconds
[83.192s][info ][safepoint    ] Application time: 1.0000820 seconds
[83.192s][info ][safepoint    ] Entering safepoint region: Cleanup
[83.192s][info ][safepoint    ] Leaving safepoint region
[83.192s][info ][safepoint    ] Total time for which application threads were stopped: 0.0000897 seconds, Stopping threads took: 0.0000174 seconds
[84.085s][info ][safepoint    ] Application time: 0.8926357 seconds
[84.085s][info ][safepoint    ] Entering safepoint region: GenCollectForAllocation
[84.085s][info ][gc,start     ] GC(103) Pause Young (Allocation Failure)
[84.085s][info ][gc,task      ] GC(103) Using 4 workers of 4 for evacuation
[84.090s][debug][gc,ref       ] GC(103) Skipped phase1 of Reference Processing due to unavailable references
[84.090s][debug][gc,ref       ] GC(103) Skipped phase3 of Reference Processing due to unavailable references
[84.090s][debug][gc,age       ] GC(103) Desired survivor size 15400960 bytes, new threshold 6 (max threshold 6)
[84.090s][info ][gc,heap      ] GC(103) ParNew: 248978K->8241K(270976K)
[84.090s][info ][gc,heap      ] GC(103) CMS: 181520K->181520K(602112K)
[84.090s][info ][gc,metaspace ] GC(103) Metaspace: 53388K->53388K(1097728K)
[84.090s][info ][gc           ] GC(103) Pause Young (Allocation Failure) 420M->185M(852M) 5.310ms
[84.090s][info ][gc,cpu       ] GC(103) User=0.02s Sys=0.00s Real=0.00s
[84.090s][info ][safepoint    ] Leaving safepoint region
[84.090s][info ][safepoint    ] Total time for which application threads were stopped: 0.0054683 seconds, Stopping threads took: 0.0000138 seconds
[85.090s][info ][safepoint    ] Application time: 1.0001245 seconds
[85.090s][info ][safepoint    ] Entering safepoint region: Cleanup
[85.091s][info ][safepoint    ] Leaving safepoint region
[85.091s][info ][safepoint    ] Total time for which application threads were stopped: 0.0000711 seconds, Stopping threads took: 0.0000148 seconds
[86.091s][info ][safepoint    ] Application time: 1.0000865 seconds
[86.091s][info ][safepoint    ] Entering safepoint region: Cleanup
[86.091s][info ][safepoint    ] Leaving safepoint region
[86.091s][info ][safepoint    ] Total time for which application threads were stopped: 0.0000716 seconds, Stopping threads took: 0.0000156 seconds
[87.091s][info ][safepoint    ] Application time: 1.0000791 seconds
[87.091s][info ][safepoint    ] Entering safepoint region: Cleanup
[87.091s][info ][safepoint    ] Leaving safepoint region
[87.091s][info ][safepoint    ] Total time for which application threads were stopped: 0.0000760 seconds, Stopping threads took: 0.0000156 seconds
[88.091s][info ][safepoint    ] Application time: 1.0000937 seconds
[88.091s][info ][safepoint    ] Entering safepoint region: Cleanup
[88.091s][info ][safepoint    ] Leaving safepoint region
[88.091s][info ][safepoint    ] Total time for which application threads were stopped: 0.0000686 seconds, Stopping threads took: 0.0000148 seconds
[89.091s][info ][safepoint    ] Application time: 1.0001204 seconds
[89.091s][info ][safepoint    ] Entering safepoint region: Cleanup
[89.091s][info ][safepoint    ] Leaving safepoint region
[89.091s][info ][safepoint    ] Total time for which application threads were stopped: 0.0000795 seconds, Stopping threads took: 0.0000165 seconds
[90.092s][info ][safepoint    ] Application time: 1.0000960 seconds
[90.092s][info ][safepoint    ] Entering safepoint region: Cleanup
[90.092s][info ][safepoint    ] Leaving safepoint region
[90.092s][info ][safepoint    ] Total time for which application threads were stopped: 0.0000703 seconds, Stopping threads took: 0.0000156 seconds
[91.092s][info ][safepoint    ] Application time: 1.0000947 seconds
[91.092s][info ][safepoint    ] Entering safepoint region: Cleanup
[91.092s][info ][safepoint    ] Leaving safepoint region
[91.092s][info ][safepoint    ] Total time for which application threads were stopped: 0.0000712 seconds, Stopping threads took: 0.0000153 seconds
[92.092s][info ][safepoint    ] Application time: 1.0000930 seconds
[92.092s][info ][safepoint    ] Entering safepoint region: Cleanup
[92.092s][info ][safepoint    ] Leaving safepoint region
[92.092s][info ][safepoint    ] Total time for which application threads were stopped: 0.0000950 seconds, Stopping threads took: 0.0000160 seconds
[93.092s][info ][safepoint    ] Application time: 1.0001599 seconds
[93.092s][info ][safepoint    ] Entering safepoint region: Cleanup
[93.092s][info ][safepoint    ] Leaving safepoint region
[93.092s][info ][safepoint    ] Total time for which application threads were stopped: 0.0000743 seconds, Stopping threads took: 0.0000169 seconds
[94.092s][info ][safepoint    ] Application time: 1.0000878 seconds
[94.092s][info ][safepoint    ] Entering safepoint region: Cleanup
[94.093s][info ][safepoint    ] Leaving safepoint region
[94.093s][info ][safepoint    ] Total time for which application threads were stopped: 0.0000839 seconds, Stopping threads took: 0.0000164 seconds
[95.093s][info ][safepoint    ] Application time: 1.0000782 seconds
[95.093s][info ][safepoint    ] Entering safepoint region: Cleanup
[95.093s][info ][safepoint    ] Leaving safepoint region
[95.093s][info ][safepoint    ] Total time for which application threads were stopped: 0.0001201 seconds, Stopping threads took: 0.0000161 seconds
[96.093s][info ][safepoint    ] Application time: 1.0000928 seconds
[96.093s][info ][safepoint    ] Entering safepoint region: Cleanup
[96.093s][info ][safepoint    ] Leaving safepoint region
[96.093s][info ][safepoint    ] Total time for which application threads were stopped: 0.0001057 seconds, Stopping threads took: 0.0000310 seconds
[97.093s][info ][safepoint    ] Application time: 1.0001090 seconds
[97.093s][info ][safepoint    ] Entering safepoint region: Cleanup
[97.093s][info ][safepoint    ] Leaving safepoint region
[97.093s][info ][safepoint    ] Total time for which application threads were stopped: 0.0000729 seconds, Stopping threads took: 0.0000161 seconds
[98.093s][info ][safepoint    ] Application time: 1.0000575 seconds
[98.093s][info ][safepoint    ] Entering safepoint region: Cleanup
[98.093s][info ][safepoint    ] Leaving safepoint region
[98.093s][info ][safepoint    ] Total time for which application threads were stopped: 0.0000726 seconds, Stopping threads took: 0.0000155 seconds
[98.184s][info ][safepoint    ] Application time: 0.0903255 seconds
[98.184s][info ][safepoint    ] Entering safepoint region: GenCollectForAllocation
[98.184s][info ][gc,start     ] GC(104) Pause Young (Allocation Failure)
[98.184s][info ][gc,task      ] GC(104) Using 4 workers of 4 for evacuation
[98.191s][debug][gc,ref       ] GC(104) Skipped phase1 of Reference Processing due to unavailable references
[98.191s][debug][gc,ref       ] GC(104) Skipped phase3 of Reference Processing due to unavailable references
[98.191s][debug][gc,ref       ] GC(104) Skipped phase4 of Reference Processing due to unavailable references
[98.191s][debug][gc,age       ] GC(104) Desired survivor size 15400960 bytes, new threshold 6 (max threshold 6)
[98.191s][info ][gc,heap      ] GC(104) ParNew: 249137K->5566K(270976K)
[98.191s][info ][gc,heap      ] GC(104) CMS: 181520K->184914K(602112K)
[98.191s][info ][gc,metaspace ] GC(104) Metaspace: 53388K->53388K(1097728K)
[98.191s][info ][gc           ] GC(104) Pause Young (Allocation Failure) 420M->186M(852M) 7.344ms
[98.191s][info ][gc,cpu       ] GC(104) User=0.02s Sys=0.00s Real=0.00s
[98.191s][info ][safepoint    ] Leaving safepoint region
[98.191s][info ][safepoint    ] Total time for which application threads were stopped: 0.0075052 seconds, Stopping threads took: 0.0000159 seconds
[99.191s][info ][safepoint    ] Application time: 1.0000957 seconds
[99.191s][info ][safepoint    ] Entering safepoint region: Cleanup
[99.192s][info ][safepoint    ] Leaving safepoint region
[99.192s][info ][safepoint    ] Total time for which application threads were stopped: 0.0000965 seconds, Stopping threads took: 0.0000297 seconds
[100.192s][info ][safepoint    ] Application time: 1.0000871 seconds
[100.192s][info ][safepoint    ] Entering safepoint region: Cleanup
[100.192s][info ][safepoint    ] Leaving safepoint region
[100.192s][info ][safepoint    ] Total time for which application threads were stopped: 0.0000732 seconds, Stopping threads took: 0.0000163 seconds
[101.192s][info ][safepoint    ] Application time: 1.0000909 seconds
[101.192s][info ][safepoint    ] Entering safepoint region: Cleanup
[101.192s][info ][safepoint    ] Leaving safepoint region
[101.192s][info ][safepoint    ] Total time for which application threads were stopped: 0.0000815 seconds, Stopping threads took: 0.0000160 seconds
[101.624s][info ][safepoint    ] Application time: 0.4324830 seconds
[101.625s][info ][safepoint    ] Entering safepoint region: RevokeBias
[101.625s][info ][safepoint    ] Leaving safepoint region
[101.625s][info ][safepoint    ] Total time for which application threads were stopped: 0.0001157 seconds, Stopping threads took: 0.0000563 seconds
[102.625s][info ][safepoint    ] Application time: 1.0000992 seconds
[102.625s][info ][safepoint    ] Entering safepoint region: Cleanup
[102.625s][info ][safepoint    ] Leaving safepoint region
[102.625s][info ][safepoint    ] Total time for which application threads were stopped: 0.0001005 seconds, Stopping threads took: 0.0000358 seconds
[104.625s][info ][safepoint    ] Application time: 2.0002599 seconds
[104.625s][info ][safepoint    ] Entering safepoint region: Cleanup
[104.625s][info ][safepoint    ] Leaving safepoint region
[104.625s][info ][safepoint    ] Total time for which application threads were stopped: 0.0000760 seconds, Stopping threads took: 0.0000161 seconds
[108.630s][info ][safepoint    ] Application time: 4.0045195 seconds
[108.630s][info ][safepoint    ] Entering safepoint region: Cleanup
[108.630s][info ][safepoint    ] Leaving safepoint region
[108.630s][info ][safepoint    ] Total time for which application threads were stopped: 0.0000769 seconds, Stopping threads took: 0.0000164 seconds
[112.284s][info ][safepoint    ] Application time: 3.6543461 seconds
[112.284s][info ][safepoint    ] Entering safepoint region: GenCollectForAllocation
[112.284s][info ][gc,start     ] GC(105) Pause Young (Allocation Failure)
[112.284s][info ][gc,task      ] GC(105) Using 4 workers of 4 for evacuation
[112.287s][debug][gc,ref       ] GC(105) Skipped phase1 of Reference Processing due to unavailable references
[112.287s][debug][gc,ref       ] GC(105) Skipped phase3 of Reference Processing due to unavailable references
[112.287s][debug][gc,ref       ] GC(105) Skipped phase4 of Reference Processing due to unavailable references
[112.288s][debug][gc,age       ] GC(105) Desired survivor size 15400960 bytes, new threshold 6 (max threshold 6)
[112.288s][info ][gc,heap      ] GC(105) ParNew: 246462K->3353K(270976K)
[112.288s][info ][gc,heap      ] GC(105) CMS: 184914K->184943K(602112K)
[112.288s][info ][gc,metaspace ] GC(105) Metaspace: 53392K->53392K(1097728K)
[112.288s][info ][gc           ] GC(105) Pause Young (Allocation Failure) 421M->183M(852M) 3.204ms
[112.288s][info ][gc,cpu       ] GC(105) User=0.01s Sys=0.00s Real=0.00s
[112.288s][info ][safepoint    ] Leaving safepoint region
[112.288s][info ][safepoint    ] Total time for which application threads were stopped: 0.0033637 seconds, Stopping threads took: 0.0000155 seconds
[126.434s][info ][safepoint    ] Application time: 14.1462837 seconds
[126.434s][info ][safepoint    ] Entering safepoint region: GenCollectForAllocation
[126.434s][info ][gc,start     ] GC(106) Pause Young (Allocation Failure)
[126.434s][info ][gc,task      ] GC(106) Using 4 workers of 4 for evacuation
[126.438s][debug][gc,ref       ] GC(106) Skipped phase1 of Reference Processing due to unavailable references
[126.438s][debug][gc,ref       ] GC(106) Skipped phase3 of Reference Processing due to unavailable references
[126.438s][debug][gc,ref       ] GC(106) Skipped phase4 of Reference Processing due to unavailable references
[126.438s][debug][gc,age       ] GC(106) Desired survivor size 15400960 bytes, new threshold 6 (max threshold 6)
[126.438s][info ][gc,heap      ] GC(106) ParNew: 244249K->2221K(270976K)
[126.438s][info ][gc,heap      ] GC(106) CMS: 184943K->187126K(602112K)
[126.438s][info ][gc,metaspace ] GC(106) Metaspace: 53392K->53392K(1097728K)
[126.438s][info ][gc           ] GC(106) Pause Young (Allocation Failure) 419M->184M(852M) 3.976ms
[126.438s][info ][gc,cpu       ] GC(106) User=0.01s Sys=0.00s Real=0.01s
[126.438s][info ][safepoint    ] Leaving safepoint region
[126.438s][info ][safepoint    ] Total time for which application threads were stopped: 0.0041231 seconds, Stopping threads took: 0.0000147 seconds
[128.805s][info ][safepoint    ] Application time: 2.3668828 seconds
[128.805s][info ][safepoint    ] Entering safepoint region: RevokeBias
[128.805s][info ][safepoint    ] Leaving safepoint region
[128.805s][info ][safepoint    ] Total time for which application threads were stopped: 0.0001328 seconds, Stopping threads took: 0.0000142 seconds
[128.807s][info ][safepoint    ] Application time: 0.0018159 seconds
[128.807s][info ][safepoint    ] Entering safepoint region: RevokeBias
[128.807s][info ][safepoint    ] Leaving safepoint region
[128.807s][info ][safepoint    ] Total time for which application threads were stopped: 0.0000771 seconds, Stopping threads took: 0.0000290 seconds
[128.807s][info ][safepoint    ] Application time: 0.0003749 seconds
[128.807s][info ][safepoint    ] Entering safepoint region: RevokeBias
[128.807s][info ][safepoint    ] Leaving safepoint region
[128.807s][info ][safepoint    ] Total time for which application threads were stopped: 0.0000392 seconds, Stopping threads took: 0.0000071 seconds
[128.808s][info ][safepoint    ] Application time: 0.0000702 seconds
[128.808s][info ][safepoint    ] Entering safepoint region: RevokeBias
[128.808s][info ][safepoint    ] Leaving safepoint region
[128.808s][info ][safepoint    ] Total time for which application threads were stopped: 0.0000710 seconds, Stopping threads took: 0.0000442 seconds
[128.808s][info ][safepoint    ] Application time: 0.0003813 seconds
[128.808s][info ][safepoint    ] Entering safepoint region: RevokeBias
[128.808s][info ][safepoint    ] Leaving safepoint region
[128.808s][info ][safepoint    ] Total time for which application threads were stopped: 0.0000600 seconds, Stopping threads took: 0.0000338 seconds
[128.808s][info ][safepoint    ] Application time: 0.0000810 seconds
[128.808s][info ][safepoint    ] Entering safepoint region: RevokeBias
[128.808s][info ][safepoint    ] Leaving safepoint region
[128.808s][info ][safepoint    ] Total time for which application threads were stopped: 0.0000497 seconds, Stopping threads took: 0.0000233 seconds
[128.808s][info ][safepoint    ] Application time: 0.0002051 seconds
[128.808s][info ][safepoint    ] Entering safepoint region: RevokeBias
[128.809s][info ][safepoint    ] Leaving safepoint region
[128.809s][info ][safepoint    ] Total time for which application threads were stopped: 0.0001362 seconds, Stopping threads took: 0.0000797 seconds
[128.809s][info ][safepoint    ] Application time: 0.0000670 seconds
[128.809s][info ][safepoint    ] Entering safepoint region: RevokeBias
[128.809s][info ][safepoint    ] Leaving safepoint region
[128.809s][info ][safepoint    ] Total time for which application threads were stopped: 0.0000560 seconds, Stopping threads took: 0.0000402 seconds
[128.810s][info ][safepoint    ] Application time: 0.0009175 seconds
[128.810s][info ][safepoint    ] Entering safepoint region: RevokeBias
[128.810s][info ][safepoint    ] Leaving safepoint region
[128.810s][info ][safepoint    ] Total time for which application threads were stopped: 0.0000403 seconds, Stopping threads took: 0.0000148 seconds
[128.811s][info ][safepoint    ] Application time: 0.0012268 seconds
[128.811s][info ][safepoint    ] Entering safepoint region: RevokeBias
[128.811s][info ][safepoint    ] Leaving safepoint region
[128.811s][info ][safepoint    ] Total time for which application threads were stopped: 0.0000436 seconds, Stopping threads took: 0.0000078 seconds
[128.812s][info ][safepoint    ] Application time: 0.0012196 seconds
[128.812s][info ][safepoint    ] Entering safepoint region: RevokeBias
[128.812s][info ][safepoint    ] Leaving safepoint region
[128.812s][info ][safepoint    ] Total time for which application threads were stopped: 0.0000272 seconds, Stopping threads took: 0.0000053 seconds
[128.813s][info ][gc,heap,exit ] Heap
[128.813s][info ][gc,heap,exit ]  par new generation   total 270976K, used 55370K [0x0000000700000000, 0x0000000712600000, 0x0000000714cc0000)
[128.813s][info ][gc,heap,exit ]   eden space 240896K,  22% used [0x0000000700000000, 0x00000007033e7628, 0x000000070eb40000)
[128.813s][info ][gc,heap,exit ]   from space 30080K,   7% used [0x00000007108a0000, 0x0000000710acb520, 0x0000000712600000)
[128.813s][info ][gc,heap,exit ]   to   space 30080K,   0% used [0x000000070eb40000, 0x000000070eb40000, 0x00000007108a0000)
[128.813s][info ][gc,heap,exit ]  concurrent mark-sweep generation total 602112K, used 187126K [0x0000000714cc0000, 0x00000007398c0000, 0x0000000800000000)
[128.813s][info ][gc,heap,exit ]  Metaspace       used 53428K, capacity 56613K, committed 56892K, reserved 1097728K
[128.813s][info ][gc,heap,exit ]   class space    used 7210K, capacity 8651K, committed 8768K, reserved 1048576K
[128.813s][info ][safepoint    ] Application time: 0.0005113 seconds
[128.813s][info ][safepoint    ] Entering safepoint region: Halt
