[0.003s][info][gc] Using Parallel
[0.004s][info][gc,init] Version: 16.0.2+7 (release)
[0.004s][info][gc,init] CPUs: 8 total, 8 available
[0.004s][info][gc,init] Memory: 32117M
[0.004s][info][gc,init] Large Page Support: Disabled
[0.004s][info][gc,init] NUMA Support: Disabled
[0.004s][info][gc,init] Compressed Oops: Enabled (Zero based)
[0.004s][info][gc,init] Alignments: Space 512K, Generation 512K, Heap 2M
[0.004s][info][gc,init] Heap Min Capacity: 2054M
[0.004s][info][gc,init] Heap Initial Capacity: 2054M
[0.004s][info][gc,init] Heap Max Capacity: 3G
[0.004s][info][gc,init] Pre-touch: Disabled
[0.004s][info][gc,init] Parallel Workers: 4
[0.005s][info][gc,metaspace] CDS disabled.
[0.005s][info][gc,metaspace] Compressed class space mapped at: 0x0000000800000000-0x0000000840000000, reserved size: 1073741824
[0.005s][info][gc,metaspace] Narrow klass base: 0x0000000800000000, Narrow klass shift: 0, Narrow klass range: 0x40000000
[0.518s][info][safepoint   ] Safepoint "ICBufferFull", Time since last: 495215488 ns, Reaching safepoint: 156704 ns, At safepoint: 1900 ns, Total: 158604 ns
[0.794s][info][gc,start    ] GC(0) Pause Young (Metadata GC Threshold)
[0.800s][debug][gc,phases   ] GC(0) Scavenge 5.456ms
[0.800s][debug][gc,ref      ] GC(0) Skipped phase 1 of Reference Processing: no references
[0.800s][debug][gc,ref      ] GC(0) Skipped phase 3 of Reference Processing: no references
[0.800s][debug][gc,phases   ] GC(0) Reference Processing 0.091ms
[0.800s][debug][gc,phases   ] GC(0) Weak Processing 0.289ms
[0.801s][debug][gc,age      ] GC(0) Desired survivor size 536870912 bytes, new threshold 7 (max threshold 15)
[0.801s][info ][gc,heap     ] GC(0) PSYoungGen: 178012K(1572864K)->18100K(1572864K) Eden: 178012K(1048576K)->0K(1048576K) From: 0K(524288K)->18100K(524288K)
[0.801s][info ][gc,heap     ] GC(0) ParOldGen: 0K(6144K)->80K(6144K)
[0.801s][info ][gc,metaspace] GC(0) Metaspace: 20993K(21248K)->20993K(21248K) NonClass: 18628K(18752K)->18628K(18752K) Class: 2365K(2496K)->2365K(2496K)
[0.801s][info ][gc          ] GC(0) Pause Young (Metadata GC Threshold) 173M->17M(1542M) 6.246ms
[0.801s][info ][gc,cpu      ] GC(0) User=0.01s Sys=0.01s Real=0.00s
[0.801s][debug][gc,phases   ] GC(1) Pre Compact 0.012ms
[0.801s][info ][gc,start    ] GC(1) Pause Full (Metadata GC Threshold)
[0.801s][info ][gc,phases,start] GC(1) Marking Phase
[0.804s][debug][gc,phases      ] GC(1) Par Mark 3.554ms
[0.804s][debug][gc,ref         ] GC(1) Skipped phase 1 of Reference Processing: no references
[0.804s][debug][gc,ref         ] GC(1) Skipped phase 3 of Reference Processing: no references
[0.804s][debug][gc,phases      ] GC(1) Reference Processing 0.034ms
[0.804s][debug][gc,phases      ] GC(1) Weak Processing 0.114ms
[0.804s][debug][gc,phases      ] GC(1) ClassLoaderData 0.013ms
[0.804s][debug][gc,phases      ] GC(1) Trigger cleanups 0.000ms
[0.806s][debug][gc,phases      ] GC(1) Class Unloading 1.783ms
[0.806s][info ][gc,phases      ] GC(1) Marking Phase 5.575ms
[0.806s][info ][gc,phases,start] GC(1) Summary Phase
[0.806s][info ][gc,phases      ] GC(1) Summary Phase 0.006ms
[0.806s][info ][gc,phases,start] GC(1) Adjust Roots
[0.809s][info ][gc,phases      ] GC(1) Adjust Roots 2.649ms
[0.809s][info ][gc,phases,start] GC(1) Compaction Phase
[0.814s][info ][gc,phases      ] GC(1) Compaction Phase 5.586ms
[0.814s][info ][gc,phases,start] GC(1) Post Compact
[0.815s][info ][gc,phases      ] GC(1) Post Compact 0.420ms
[0.815s][info ][gc,heap        ] GC(1) PSYoungGen: 18100K(1572864K)->12213K(1572864K) Eden: 0K(1048576K)->0K(1048576K) From: 18100K(524288K)->12213K(524288K)
[0.815s][info ][gc,heap        ] GC(1) ParOldGen: 80K(6144K)->5864K(6144K)
[0.815s][info ][gc,metaspace   ] GC(1) Metaspace: 20993K(21248K)->20993K(21248K) NonClass: 18628K(18752K)->18628K(18752K) Class: 2365K(2496K)->2365K(2496K)
[0.815s][info ][gc             ] GC(1) Pause Full (Metadata GC Threshold) 17M->17M(1542M) 14.358ms
[0.815s][info ][gc,cpu         ] GC(1) User=0.05s Sys=0.01s Real=0.02s
[0.815s][info ][safepoint      ] Safepoint "CollectForMetadataAllocation", Time since last: 275647793 ns, Reaching safepoint: 125103 ns, At safepoint: 20709742 ns, Total: 20834845 ns
[0.985s][info ][safepoint      ] Safepoint "ICBufferFull", Time since last: 170128638 ns, Reaching safepoint: 71001 ns, At safepoint: 10401 ns, Total: 81402 ns
[0.998s][info ][safepoint      ] Safepoint "ICBufferFull", Time since last: 13045378 ns, Reaching safepoint: 54302 ns, At safepoint: 1700 ns, Total: 56002 ns
[1.008s][info ][safepoint      ] Safepoint "ICBufferFull", Time since last: 9707807 ns, Reaching safepoint: 131103 ns, At safepoint: 5700 ns, Total: 136803 ns
[1.023s][info ][safepoint      ] Safepoint "ICBufferFull", Time since last: 14419708 ns, Reaching safepoint: 117003 ns, At safepoint: 4700 ns, Total: 121703 ns
[1.027s][info ][safepoint      ] Safepoint "ICBufferFull", Time since last: 3746880 ns, Reaching safepoint: 106502 ns, At safepoint: 8501 ns, Total: 115003 ns
[1.030s][info ][safepoint      ] Safepoint "ICBufferFull", Time since last: 3757280 ns, Reaching safepoint: 45401 ns, At safepoint: 6300 ns, Total: 51701 ns
[1.034s][info ][safepoint      ] Safepoint "ICBufferFull", Time since last: 3583577 ns, Reaching safepoint: 132802 ns, At safepoint: 7801 ns, Total: 140603 ns
[1.038s][info ][safepoint      ] Safepoint "ICBufferFull", Time since last: 3605577 ns, Reaching safepoint: 116302 ns, At safepoint: 9200 ns, Total: 125502 ns
[1.041s][info ][safepoint      ] Safepoint "ICBufferFull", Time since last: 2731659 ns, Reaching safepoint: 19700 ns, At safepoint: 1800 ns, Total: 21500 ns
[1.047s][info ][safepoint      ] Safepoint "ICBufferFull", Time since last: 6354936 ns, Reaching safepoint: 57501 ns, At safepoint: 1600 ns, Total: 59101 ns
[1.048s][info ][safepoint      ] Safepoint "ICBufferFull", Time since last: 557112 ns, Reaching safepoint: 27501 ns, At safepoint: 1000 ns, Total: 28501 ns
[1.048s][info ][safepoint      ] Safepoint "ICBufferFull", Time since last: 544412 ns, Reaching safepoint: 37200 ns, At safepoint: 2200 ns, Total: 39400 ns
[1.132s][info ][safepoint      ] Safepoint "ICBufferFull", Time since last: 84174000 ns, Reaching safepoint: 129103 ns, At safepoint: 2300 ns, Total: 131403 ns
[1.134s][info ][safepoint      ] Safepoint "ICBufferFull", Time since last: 1594334 ns, Reaching safepoint: 46401 ns, At safepoint: 6500 ns, Total: 52901 ns
[1.136s][info ][safepoint      ] Safepoint "ICBufferFull", Time since last: 1457831 ns, Reaching safepoint: 40001 ns, At safepoint: 4300 ns, Total: 44301 ns
[1.137s][info ][safepoint      ] Safepoint "ICBufferFull", Time since last: 1203526 ns, Reaching safepoint: 27901 ns, At safepoint: 6500 ns, Total: 34401 ns
[1.138s][info ][safepoint      ] Safepoint "ICBufferFull", Time since last: 1388929 ns, Reaching safepoint: 42201 ns, At safepoint: 2500 ns, Total: 44701 ns
[1.139s][info ][safepoint      ] Safepoint "ICBufferFull", Time since last: 1033422 ns, Reaching safepoint: 18201 ns, At safepoint: 7500 ns, Total: 25701 ns
[1.141s][info ][safepoint      ] Safepoint "ICBufferFull", Time since last: 1543733 ns, Reaching safepoint: 113702 ns, At safepoint: 6301 ns, Total: 120003 ns
[1.142s][info ][safepoint      ] Safepoint "ICBufferFull", Time since last: 927719 ns, Reaching safepoint: 33201 ns, At safepoint: 4800 ns, Total: 38001 ns
[1.148s][info ][safepoint      ] Safepoint "ICBufferFull", Time since last: 1120024 ns, Reaching safepoint: 5264413 ns, At safepoint: 12600 ns, Total: 5277013 ns
[1.150s][info ][safepoint      ] Safepoint "ICBufferFull", Time since last: 1433331 ns, Reaching safepoint: 74001 ns, At safepoint: 7400 ns, Total: 81401 ns
[1.152s][info ][safepoint      ] Safepoint "ICBufferFull", Time since last: 1677636 ns, Reaching safepoint: 93202 ns, At safepoint: 9100 ns, Total: 102302 ns
[1.153s][info ][safepoint      ] Safepoint "ICBufferFull", Time since last: 1715337 ns, Reaching safepoint: 103402 ns, At safepoint: 5400 ns, Total: 108802 ns
[1.155s][info ][safepoint      ] Safepoint "ICBufferFull", Time since last: 1726137 ns, Reaching safepoint: 29101 ns, At safepoint: 7200 ns, Total: 36301 ns
[1.157s][info ][safepoint      ] Safepoint "ICBufferFull", Time since last: 2118045 ns, Reaching safepoint: 43101 ns, At safepoint: 6000 ns, Total: 49101 ns
[1.160s][info ][safepoint      ] Safepoint "ICBufferFull", Time since last: 2495354 ns, Reaching safepoint: 38501 ns, At safepoint: 2500 ns, Total: 41001 ns
[1.163s][info ][safepoint      ] Safepoint "ICBufferFull", Time since last: 2569255 ns, Reaching safepoint: 70801 ns, At safepoint: 6200 ns, Total: 77001 ns
[1.171s][info ][safepoint      ] Safepoint "ICBufferFull", Time since last: 8183975 ns, Reaching safepoint: 130703 ns, At safepoint: 5800 ns, Total: 136503 ns
[1.202s][info ][safepoint      ] Safepoint "ICBufferFull", Time since last: 29379528 ns, Reaching safepoint: 2028244 ns, At safepoint: 12500 ns, Total: 2040744 ns
[1.207s][info ][safepoint      ] Safepoint "ICBufferFull", Time since last: 4841703 ns, Reaching safepoint: 42301 ns, At safepoint: 11601 ns, Total: 53902 ns
[1.317s][info ][safepoint      ] Safepoint "ICBufferFull", Time since last: 109226635 ns, Reaching safepoint: 130102 ns, At safepoint: 3600 ns, Total: 133702 ns
[1.582s][info ][safepoint      ] Safepoint "ICBufferFull", Time since last: 264937664 ns, Reaching safepoint: 275306 ns, At safepoint: 9100 ns, Total: 284406 ns
[1.860s][info ][safepoint      ] Safepoint "ICBufferFull", Time since last: 278505954 ns, Reaching safepoint: 147003 ns, At safepoint: 5301 ns, Total: 152304 ns
[2.081s][info ][gc,start       ] GC(2) Pause Young (Metadata GC Threshold)
[2.116s][debug][gc,phases      ] GC(2) Scavenge 35.015ms
[2.116s][debug][gc,ref         ] GC(2) Skipped phase 1 of Reference Processing: no references
[2.116s][debug][gc,ref         ] GC(2) Skipped phase 3 of Reference Processing: no references
[2.116s][debug][gc,phases      ] GC(2) Reference Processing 0.154ms
[2.117s][debug][gc,phases      ] GC(2) Weak Processing 0.751ms
[2.117s][debug][gc,age         ] GC(2) Desired survivor size 536870912 bytes, new threshold 7 (max threshold 15)
[2.117s][info ][gc,heap        ] GC(2) PSYoungGen: 445625K(1572864K)->48993K(1572864K) Eden: 433412K(1048576K)->0K(1048576K) From: 12213K(524288K)->48993K(524288K)
[2.117s][info ][gc,heap        ] GC(2) ParOldGen: 5864K(6144K)->5872K(6144K)
[2.117s][info ][gc,metaspace   ] GC(2) Metaspace: 35149K(35456K)->35149K(35456K) NonClass: 30775K(30912K)->30775K(30912K) Class: 4373K(4544K)->4373K(4544K)
[2.117s][info ][gc             ] GC(2) Pause Young (Metadata GC Threshold) 440M->53M(1542M) 36.052ms
[2.117s][info ][gc,cpu         ] GC(2) User=0.12s Sys=0.05s Real=0.04s
[2.117s][debug][gc,phases      ] GC(3) Pre Compact 0.009ms
[2.117s][info ][gc,start       ] GC(3) Pause Full (Metadata GC Threshold)
[2.117s][info ][gc,phases,start] GC(3) Marking Phase
[2.135s][debug][gc,phases      ] GC(3) Par Mark 18.487ms
[2.135s][debug][gc,ref         ] GC(3) Skipped phase 1 of Reference Processing: no references
[2.135s][debug][gc,ref         ] GC(3) Skipped phase 3 of Reference Processing: no references
[2.135s][debug][gc,phases      ] GC(3) Reference Processing 0.074ms
[2.136s][debug][gc,phases      ] GC(3) Weak Processing 0.216ms
[2.136s][debug][gc,phases      ] GC(3) ClassLoaderData 0.026ms
[2.136s][debug][gc,phases      ] GC(3) Trigger cleanups 0.000ms
[2.139s][debug][gc,phases      ] GC(3) Class Unloading 3.251ms
[2.139s][info ][gc,phases      ] GC(3) Marking Phase 22.125ms
[2.139s][info ][gc,phases,start] GC(3) Summary Phase
[2.139s][info ][gc,phases      ] GC(3) Summary Phase 0.006ms
[2.139s][info ][gc,phases,start] GC(3) Adjust Roots
[2.147s][info ][gc,phases      ] GC(3) Adjust Roots 8.598ms
[2.148s][info ][gc,phases,start] GC(3) Compaction Phase
[2.388s][info ][gc,phases      ] GC(3) Compaction Phase 240.716ms
[2.388s][info ][gc,phases,start] GC(3) Post Compact
[2.389s][info ][gc,phases      ] GC(3) Post Compact 0.440ms
[2.389s][info ][gc,heap        ] GC(3) PSYoungGen: 48993K(1572864K)->48850K(1572864K) Eden: 0K(1048576K)->0K(1048576K) From: 48993K(524288K)->48850K(524288K)
[2.389s][info ][gc,heap        ] GC(3) ParOldGen: 5872K(6144K)->5749K(6144K)
[2.389s][info ][gc,metaspace   ] GC(3) Metaspace: 35149K(35456K)->35149K(35456K) NonClass: 30775K(30912K)->30775K(30912K) Class: 4373K(4544K)->4373K(4544K)
[2.389s][info ][gc             ] GC(3) Pause Full (Metadata GC Threshold) 53M->53M(1542M) 272.005ms
[2.389s][info ][gc,cpu         ] GC(3) User=0.58s Sys=0.00s Real=0.27s
[2.389s][info ][safepoint      ] Safepoint "CollectForMetadataAllocation", Time since last: 220028803 ns, Reaching safepoint: 136903 ns, At safepoint: 308178488 ns, Total: 308315391 ns
[2.645s][info ][safepoint      ] Safepoint "ICBufferFull", Time since last: 256287479 ns, Reaching safepoint: 214604 ns, At safepoint: 20601 ns, Total: 235205 ns
[2.857s][info ][safepoint      ] Safepoint "ICBufferFull", Time since last: 211867129 ns, Reaching safepoint: 251205 ns, At safepoint: 23700 ns, Total: 274905 ns
[2.996s][info ][safepoint      ] Safepoint "ICBufferFull", Time since last: 136271013 ns, Reaching safepoint: 2259349 ns, At safepoint: 22200 ns, Total: 2281549 ns
[2.997s][info ][safepoint      ] Safepoint "ICBufferFull", Time since last: 436710 ns, Reaching safepoint: 92802 ns, At safepoint: 18000 ns, Total: 110802 ns
[3.439s][info ][safepoint      ] Safepoint "ICBufferFull", Time since last: 442137551 ns, Reaching safepoint: 242005 ns, At safepoint: 28100 ns, Total: 270105 ns
[3.567s][info ][safepoint      ] Safepoint "ICBufferFull", Time since last: 127893034 ns, Reaching safepoint: 225105 ns, At safepoint: 39801 ns, Total: 264906 ns
[3.609s][info ][safepoint      ] Safepoint "ICBufferFull", Time since last: 42102500 ns, Reaching safepoint: 218304 ns, At safepoint: 27301 ns, Total: 245605 ns
[3.622s][info ][safepoint      ] Safepoint "ICBufferFull", Time since last: 12300863 ns, Reaching safepoint: 144503 ns, At safepoint: 26000 ns, Total: 170503 ns
[3.628s][info ][safepoint      ] Safepoint "ICBufferFull", Time since last: 6005929 ns, Reaching safepoint: 147003 ns, At safepoint: 24600 ns, Total: 171603 ns
[3.628s][info ][safepoint      ] Safepoint "ICBufferFull", Time since last: 68502 ns, Reaching safepoint: 87602 ns, At safepoint: 16500 ns, Total: 104102 ns
[3.634s][info ][safepoint      ] Safepoint "ICBufferFull", Time since last: 5685522 ns, Reaching safepoint: 113802 ns, At safepoint: 8400 ns, Total: 122202 ns
[3.634s][info ][safepoint      ] Safepoint "ICBufferFull", Time since last: 81202 ns, Reaching safepoint: 92602 ns, At safepoint: 26701 ns, Total: 119303 ns
[3.634s][info ][safepoint      ] Safepoint "ICBufferFull", Time since last: 57001 ns, Reaching safepoint: 88102 ns, At safepoint: 18000 ns, Total: 106102 ns
[3.635s][info ][safepoint      ] Safepoint "ICBufferFull", Time since last: 149003 ns, Reaching safepoint: 165304 ns, At safepoint: 18800 ns, Total: 184104 ns
[3.637s][info ][safepoint      ] Safepoint "ICBufferFull", Time since last: 1951342 ns, Reaching safepoint: 92302 ns, At safepoint: 27600 ns, Total: 119902 ns
[3.652s][info ][safepoint      ] Safepoint "ICBufferFull", Time since last: 12195861 ns, Reaching safepoint: 3149567 ns, At safepoint: 27001 ns, Total: 3176568 ns
[3.655s][info ][safepoint      ] Safepoint "ICBufferFull", Time since last: 3049665 ns, Reaching safepoint: 104702 ns, At safepoint: 24601 ns, Total: 129303 ns
[3.658s][info ][safepoint      ] Safepoint "ICBufferFull", Time since last: 2034743 ns, Reaching safepoint: 80302 ns, At safepoint: 25201 ns, Total: 105503 ns
[3.671s][info ][safepoint      ] Safepoint "ICBufferFull", Time since last: 12793573 ns, Reaching safepoint: 134903 ns, At safepoint: 34501 ns, Total: 169404 ns
[3.680s][info ][safepoint      ] Safepoint "ICBufferFull", Time since last: 6485338 ns, Reaching safepoint: 3235670 ns, At safepoint: 28900 ns, Total: 3264570 ns
[3.699s][info ][safepoint      ] Safepoint "ICBufferFull", Time since last: 17952684 ns, Reaching safepoint: 998221 ns, At safepoint: 20001 ns, Total: 1018222 ns
[3.709s][info ][safepoint      ] Safepoint "ICBufferFull", Time since last: 10028814 ns, Reaching safepoint: 136803 ns, At safepoint: 16900 ns, Total: 153703 ns
[3.714s][info ][safepoint      ] Safepoint "ICBufferFull", Time since last: 4018686 ns, Reaching safepoint: 163204 ns, At safepoint: 16800 ns, Total: 180004 ns
[3.717s][info ][safepoint      ] Safepoint "ICBufferFull", Time since last: 3417273 ns, Reaching safepoint: 121103 ns, At safepoint: 41601 ns, Total: 162704 ns
[3.722s][info ][safepoint      ] Safepoint "ICBufferFull", Time since last: 4203489 ns, Reaching safepoint: 436310 ns, At safepoint: 28000 ns, Total: 464310 ns
[3.725s][info ][safepoint      ] Safepoint "ICBufferFull", Time since last: 2553255 ns, Reaching safepoint: 114102 ns, At safepoint: 22001 ns, Total: 136103 ns
[3.727s][info ][safepoint      ] Safepoint "ICBufferFull", Time since last: 1885340 ns, Reaching safepoint: 107402 ns, At safepoint: 18901 ns, Total: 126303 ns
[3.729s][info ][safepoint      ] Safepoint "ICBufferFull", Time since last: 2052544 ns, Reaching safepoint: 118002 ns, At safepoint: 23001 ns, Total: 141003 ns
[3.742s][info ][safepoint      ] Safepoint "ICBufferFull", Time since last: 12921476 ns, Reaching safepoint: 407809 ns, At safepoint: 21200 ns, Total: 429009 ns
[3.747s][info ][safepoint      ] Safepoint "ICBufferFull", Time since last: 2354050 ns, Reaching safepoint: 2157547 ns, At safepoint: 25800 ns, Total: 2183347 ns
[3.755s][info ][safepoint      ] Safepoint "ICBufferFull", Time since last: 7846268 ns, Reaching safepoint: 60301 ns, At safepoint: 22301 ns, Total: 82602 ns
[3.755s][info ][safepoint      ] Safepoint "ICBufferFull", Time since last: 81201 ns, Reaching safepoint: 88502 ns, At safepoint: 20401 ns, Total: 108903 ns
[3.755s][info ][safepoint      ] Safepoint "ICBufferFull", Time since last: 37500 ns, Reaching safepoint: 99203 ns, At safepoint: 20800 ns, Total: 120003 ns
[3.755s][info ][safepoint      ] Safepoint "ICBufferFull", Time since last: 46801 ns, Reaching safepoint: 85802 ns, At safepoint: 17100 ns, Total: 102902 ns
[3.756s][info ][safepoint      ] Safepoint "ICBufferFull", Time since last: 583113 ns, Reaching safepoint: 89402 ns, At safepoint: 22400 ns, Total: 111802 ns
[3.756s][info ][safepoint      ] Safepoint "ICBufferFull", Time since last: 151903 ns, Reaching safepoint: 86002 ns, At safepoint: 18100 ns, Total: 104102 ns
[3.759s][info ][safepoint      ] Safepoint "ICBufferFull", Time since last: 3167968 ns, Reaching safepoint: 188004 ns, At safepoint: 16601 ns, Total: 204605 ns
[3.760s][info ][safepoint      ] Safepoint "ICBufferFull", Time since last: 86301 ns, Reaching safepoint: 85902 ns, At safepoint: 13701 ns, Total: 99603 ns
[3.769s][info ][safepoint      ] Safepoint "ICBufferFull", Time since last: 8951491 ns, Reaching safepoint: 119402 ns, At safepoint: 26501 ns, Total: 145903 ns
[3.770s][info ][safepoint      ] Safepoint "ICBufferFull", Time since last: 1499632 ns, Reaching safepoint: 98202 ns, At safepoint: 22101 ns, Total: 120303 ns
[3.775s][info ][safepoint      ] Safepoint "ICBufferFull", Time since last: 1485931 ns, Reaching safepoint: 3216069 ns, At safepoint: 25601 ns, Total: 3241670 ns
[3.779s][info ][safepoint      ] Safepoint "ICBufferFull", Time since last: 3497774 ns, Reaching safepoint: 604313 ns, At safepoint: 26301 ns, Total: 630614 ns
[3.781s][info ][safepoint      ] Safepoint "ICBufferFull", Time since last: 1473531 ns, Reaching safepoint: 54902 ns, At safepoint: 17900 ns, Total: 72802 ns
[3.785s][info ][safepoint      ] Safepoint "ICBufferFull", Time since last: 3744280 ns, Reaching safepoint: 110102 ns, At safepoint: 22501 ns, Total: 132603 ns
[3.788s][info ][safepoint      ] Safepoint "ICBufferFull", Time since last: 3377872 ns, Reaching safepoint: 114002 ns, At safepoint: 14501 ns, Total: 128503 ns
[3.796s][info ][safepoint      ] Safepoint "ICBufferFull", Time since last: 4607198 ns, Reaching safepoint: 3189768 ns, At safepoint: 29601 ns, Total: 3219369 ns
[3.800s][info ][safepoint      ] Safepoint "ICBufferFull", Time since last: 3973785 ns, Reaching safepoint: 115102 ns, At safepoint: 21901 ns, Total: 137003 ns
[3.809s][info ][safepoint      ] Safepoint "ICBufferFull", Time since last: 8941991 ns, Reaching safepoint: 114202 ns, At safepoint: 24701 ns, Total: 138903 ns
[3.817s][info ][safepoint      ] Safepoint "ICBufferFull", Time since last: 4391094 ns, Reaching safepoint: 3209368 ns, At safepoint: 29601 ns, Total: 3238969 ns
[3.819s][info ][safepoint      ] Safepoint "ICBufferFull", Time since last: 1779638 ns, Reaching safepoint: 269106 ns, At safepoint: 23400 ns, Total: 292506 ns
[3.823s][info ][safepoint      ] Safepoint "ICBufferFull", Time since last: 3651478 ns, Reaching safepoint: 170004 ns, At safepoint: 15500 ns, Total: 185504 ns
[3.825s][info ][safepoint      ] Safepoint "ICBufferFull", Time since last: 2043244 ns, Reaching safepoint: 724316 ns, At safepoint: 18600 ns, Total: 742916 ns
[3.829s][info ][safepoint      ] Safepoint "ICBufferFull", Time since last: 3063365 ns, Reaching safepoint: 130403 ns, At safepoint: 24401 ns, Total: 154804 ns
[3.832s][info ][safepoint      ] Safepoint "ICBufferFull", Time since last: 3389872 ns, Reaching safepoint: 118303 ns, At safepoint: 17800 ns, Total: 136103 ns
[3.835s][info ][safepoint      ] Safepoint "ICBufferFull", Time since last: 2621756 ns, Reaching safepoint: 194304 ns, At safepoint: 19201 ns, Total: 213505 ns
[3.840s][info ][safepoint      ] Safepoint "ICBufferFull", Time since last: 5347814 ns, Reaching safepoint: 103302 ns, At safepoint: 13901 ns, Total: 117203 ns
[3.843s][info ][safepoint      ] Safepoint "ICBufferFull", Time since last: 2122945 ns, Reaching safepoint: 182504 ns, At safepoint: 15400 ns, Total: 197904 ns
[3.845s][info ][safepoint      ] Safepoint "ICBufferFull", Time since last: 1648035 ns, Reaching safepoint: 94102 ns, At safepoint: 13001 ns, Total: 107103 ns
[3.849s][info ][safepoint      ] Safepoint "ICBufferFull", Time since last: 4452095 ns, Reaching safepoint: 113302 ns, At safepoint: 28401 ns, Total: 141703 ns
[3.853s][info ][safepoint      ] Safepoint "ICBufferFull", Time since last: 3595877 ns, Reaching safepoint: 108902 ns, At safepoint: 19200 ns, Total: 128102 ns
[3.862s][info ][safepoint      ] Safepoint "ICBufferFull", Time since last: 8535283 ns, Reaching safepoint: 110102 ns, At safepoint: 16301 ns, Total: 126403 ns
[3.864s][info ][safepoint      ] Safepoint "ICBufferFull", Time since last: 2401551 ns, Reaching safepoint: 104102 ns, At safepoint: 18501 ns, Total: 122603 ns
[3.866s][info ][safepoint      ] Safepoint "ICBufferFull", Time since last: 1568633 ns, Reaching safepoint: 104902 ns, At safepoint: 15401 ns, Total: 120303 ns
[3.870s][info ][safepoint      ] Safepoint "ICBufferFull", Time since last: 4435294 ns, Reaching safepoint: 117303 ns, At safepoint: 18900 ns, Total: 136203 ns
[3.879s][info ][safepoint      ] Safepoint "ICBufferFull", Time since last: 8456881 ns, Reaching safepoint: 130703 ns, At safepoint: 15600 ns, Total: 146303 ns
[3.882s][info ][safepoint      ] Safepoint "ICBufferFull", Time since last: 3411773 ns, Reaching safepoint: 98802 ns, At safepoint: 15801 ns, Total: 114603 ns
[3.884s][info ][safepoint      ] Safepoint "ICBufferFull", Time since last: 1358829 ns, Reaching safepoint: 113202 ns, At safepoint: 17000 ns, Total: 130202 ns
[3.886s][info ][safepoint      ] Safepoint "ICBufferFull", Time since last: 1517033 ns, Reaching safepoint: 121702 ns, At safepoint: 22101 ns, Total: 143803 ns
[3.896s][info ][safepoint      ] Safepoint "ICBufferFull", Time since last: 10731729 ns, Reaching safepoint: 108103 ns, At safepoint: 19800 ns, Total: 127903 ns
[3.898s][info ][safepoint      ] Safepoint "ICBufferFull", Time since last: 1556833 ns, Reaching safepoint: 96402 ns, At safepoint: 22201 ns, Total: 118603 ns
[3.900s][info ][safepoint      ] Safepoint "ICBufferFull", Time since last: 1271527 ns, Reaching safepoint: 236505 ns, At safepoint: 17300 ns, Total: 253805 ns
[3.902s][info ][safepoint      ] Safepoint "ICBufferFull", Time since last: 1700537 ns, Reaching safepoint: 114502 ns, At safepoint: 21301 ns, Total: 135803 ns
[3.913s][info ][safepoint      ] Safepoint "ICBufferFull", Time since last: 11736351 ns, Reaching safepoint: 86601 ns, At safepoint: 24701 ns, Total: 111302 ns
[3.917s][info ][safepoint      ] Safepoint "ICBufferFull", Time since last: 3681179 ns, Reaching safepoint: 140403 ns, At safepoint: 18400 ns, Total: 158803 ns
[3.920s][info ][safepoint      ] Safepoint "ICBufferFull", Time since last: 2809560 ns, Reaching safepoint: 111802 ns, At safepoint: 20401 ns, Total: 132203 ns
[3.943s][info ][safepoint      ] Safepoint "ICBufferFull", Time since last: 22553482 ns, Reaching safepoint: 42701 ns, At safepoint: 2100 ns, Total: 44801 ns
[3.943s][info ][safepoint      ] Safepoint "ICBufferFull", Time since last: 90102 ns, Reaching safepoint: 85602 ns, At safepoint: 18900 ns, Total: 104502 ns
[3.943s][info ][safepoint      ] Safepoint "ICBufferFull", Time since last: 42201 ns, Reaching safepoint: 86502 ns, At safepoint: 20600 ns, Total: 107102 ns
[3.943s][info ][safepoint      ] Safepoint "ICBufferFull", Time since last: 50601 ns, Reaching safepoint: 88902 ns, At safepoint: 23301 ns, Total: 112203 ns
[3.943s][info ][safepoint      ] Safepoint "ICBufferFull", Time since last: 43101 ns, Reaching safepoint: 82701 ns, At safepoint: 23001 ns, Total: 105702 ns
[3.945s][info ][safepoint      ] Safepoint "ICBufferFull", Time since last: 1515632 ns, Reaching safepoint: 95002 ns, At safepoint: 22501 ns, Total: 117503 ns
[3.955s][info ][safepoint      ] Safepoint "ICBufferFull", Time since last: 10152717 ns, Reaching safepoint: 112902 ns, At safepoint: 14201 ns, Total: 127103 ns
[3.963s][info ][safepoint      ] Safepoint "ICBufferFull", Time since last: 7735065 ns, Reaching safepoint: 119802 ns, At safepoint: 14301 ns, Total: 134103 ns
[3.963s][info ][safepoint      ] Safepoint "ICBufferFull", Time since last: 54101 ns, Reaching safepoint: 83802 ns, At safepoint: 12400 ns, Total: 96202 ns
[3.972s][info ][safepoint      ] Safepoint "ICBufferFull", Time since last: 8390279 ns, Reaching safepoint: 127203 ns, At safepoint: 18000 ns, Total: 145203 ns
[3.982s][info ][safepoint      ] Safepoint "ICBufferFull", Time since last: 9527104 ns, Reaching safepoint: 134003 ns, At safepoint: 28401 ns, Total: 162404 ns
[3.983s][info ][safepoint      ] Safepoint "ICBufferFull", Time since last: 1801538 ns, Reaching safepoint: 107802 ns, At safepoint: 23101 ns, Total: 130903 ns
[3.985s][info ][safepoint      ] Safepoint "ICBufferFull", Time since last: 1611434 ns, Reaching safepoint: 103102 ns, At safepoint: 20001 ns, Total: 123103 ns
[3.987s][info ][safepoint      ] Safepoint "ICBufferFull", Time since last: 1945841 ns, Reaching safepoint: 206605 ns, At safepoint: 19100 ns, Total: 225705 ns
[4.059s][info ][safepoint      ] Safepoint "ICBufferFull", Time since last: 70830114 ns, Reaching safepoint: 1003122 ns, At safepoint: 27400 ns, Total: 1030522 ns
[4.136s][info ][safepoint      ] Safepoint "ICBufferFull", Time since last: 76773941 ns, Reaching safepoint: 166904 ns, At safepoint: 26700 ns, Total: 193604 ns
[4.148s][info ][safepoint      ] Safepoint "ICBufferFull", Time since last: 8072673 ns, Reaching safepoint: 3206668 ns, At safepoint: 32301 ns, Total: 3238969 ns
[4.156s][info ][safepoint      ] Safepoint "ICBufferFull", Time since last: 4383394 ns, Reaching safepoint: 4258791 ns, At safepoint: 32801 ns, Total: 4291592 ns
[4.165s][info ][safepoint      ] Safepoint "ICBufferFull", Time since last: 8766587 ns, Reaching safepoint: 137003 ns, At safepoint: 26600 ns, Total: 163603 ns
[4.169s][info ][safepoint      ] Safepoint "ICBufferFull", Time since last: 3540176 ns, Reaching safepoint: 342707 ns, At safepoint: 26101 ns, Total: 368808 ns
[4.179s][info ][safepoint      ] Safepoint "ICBufferFull", Time since last: 10156817 ns, Reaching safepoint: 136203 ns, At safepoint: 23701 ns, Total: 159904 ns
[4.187s][info ][safepoint      ] Safepoint "ICBufferFull", Time since last: 7308456 ns, Reaching safepoint: 123702 ns, At safepoint: 22901 ns, Total: 146603 ns
[4.201s][info ][safepoint      ] Safepoint "ICBufferFull", Time since last: 13992799 ns, Reaching safepoint: 121903 ns, At safepoint: 24000 ns, Total: 145903 ns
[4.220s][info ][safepoint      ] Safepoint "ICBufferFull", Time since last: 18523796 ns, Reaching safepoint: 272106 ns, At safepoint: 22300 ns, Total: 294406 ns
[4.223s][info ][safepoint      ] Safepoint "ICBufferFull", Time since last: 3495575 ns, Reaching safepoint: 121903 ns, At safepoint: 21200 ns, Total: 143103 ns
[4.232s][info ][safepoint      ] Safepoint "ICBufferFull", Time since last: 7887869 ns, Reaching safepoint: 281006 ns, At safepoint: 23300 ns, Total: 304306 ns
[4.247s][info ][safepoint      ] Safepoint "ICBufferFull", Time since last: 15134324 ns, Reaching safepoint: 127502 ns, At safepoint: 24101 ns, Total: 151603 ns
[4.258s][info ][gc,start       ] GC(4) Pause Young (Allocation Failure)
[4.382s][debug][gc,phases      ] GC(4) Scavenge 123.115ms
[4.382s][debug][gc,ref         ] GC(4) Skipped phase 1 of Reference Processing: no references
[4.382s][debug][gc,ref         ] GC(4) Skipped phase 3 of Reference Processing: no references
[4.382s][debug][gc,phases      ] GC(4) Reference Processing 0.467ms
[4.384s][debug][gc,phases      ] GC(4) Weak Processing 1.473ms
[4.384s][debug][gc,age         ] GC(4) Desired survivor size 536870912 bytes, new threshold 7 (max threshold 15)
[4.384s][info ][gc,heap        ] GC(4) PSYoungGen: 1097426K(1572864K)->153312K(1572864K) Eden: 1048576K(1048576K)->0K(1048576K) From: 48850K(524288K)->153312K(524288K)
[4.384s][info ][gc,heap        ] GC(4) ParOldGen: 5749K(6144K)->5757K(6144K)
[4.384s][info ][gc,metaspace   ] GC(4) Metaspace: 49034K(49472K)->49034K(49472K) NonClass: 41949K(42176K)->41949K(42176K) Class: 7085K(7296K)->7085K(7296K)
[4.384s][info ][gc             ] GC(4) Pause Young (Allocation Failure) 1077M->155M(1542M) 125.199ms
[4.384s][info ][gc,cpu         ] GC(4) User=0.44s Sys=0.05s Real=0.13s
[4.384s][info ][safepoint      ] Safepoint "ParallelGCFailedAllocation", Time since last: 11372343 ns, Reaching safepoint: 114502 ns, At safepoint: 125306878 ns, Total: 125421380 ns
[4.393s][info ][safepoint      ] Safepoint "ICBufferFull", Time since last: 9000593 ns, Reaching safepoint: 229005 ns, At safepoint: 24800 ns, Total: 253805 ns
[4.425s][info ][safepoint      ] Safepoint "ICBufferFull", Time since last: 32268290 ns, Reaching safepoint: 161103 ns, At safepoint: 23901 ns, Total: 185004 ns
[4.436s][info ][safepoint      ] Safepoint "ICBufferFull", Time since last: 10394322 ns, Reaching safepoint: 132803 ns, At safepoint: 27200 ns, Total: 160003 ns
[4.447s][info ][safepoint      ] Safepoint "ICBufferFull", Time since last: 10614027 ns, Reaching safepoint: 111403 ns, At safepoint: 25300 ns, Total: 136703 ns
[4.451s][info ][safepoint      ] Safepoint "ICBufferFull", Time since last: 3967285 ns, Reaching safepoint: 113502 ns, At safepoint: 21901 ns, Total: 135403 ns
[4.459s][info ][safepoint      ] Safepoint "ICBufferFull", Time since last: 5233912 ns, Reaching safepoint: 3238869 ns, At safepoint: 31501 ns, Total: 3270370 ns
[4.482s][info ][safepoint      ] Safepoint "ICBufferFull", Time since last: 20883346 ns, Reaching safepoint: 2105045 ns, At safepoint: 26000 ns, Total: 2131045 ns
[4.487s][info ][safepoint      ] Safepoint "ICBufferFull", Time since last: 4489496 ns, Reaching safepoint: 111603 ns, At safepoint: 26700 ns, Total: 138303 ns
[4.495s][info ][safepoint      ] Safepoint "ICBufferFull", Time since last: 4191590 ns, Reaching safepoint: 4284091 ns, At safepoint: 27901 ns, Total: 4311992 ns
[4.507s][info ][safepoint      ] Safepoint "ICBufferFull", Time since last: 11714050 ns, Reaching safepoint: 124503 ns, At safepoint: 24201 ns, Total: 148704 ns
[4.536s][info ][safepoint      ] Safepoint "ICBufferFull", Time since last: 28278704 ns, Reaching safepoint: 125603 ns, At safepoint: 22900 ns, Total: 148503 ns
[4.542s][info ][safepoint      ] Safepoint "ICBufferFull", Time since last: 6183432 ns, Reaching safepoint: 129003 ns, At safepoint: 30201 ns, Total: 159204 ns
[4.559s][info ][safepoint      ] Safepoint "ICBufferFull", Time since last: 16693557 ns, Reaching safepoint: 459909 ns, At safepoint: 21001 ns, Total: 480910 ns
[4.576s][info ][safepoint      ] Safepoint "ICBufferFull", Time since last: 14719614 ns, Reaching safepoint: 2194347 ns, At safepoint: 33001 ns, Total: 2227348 ns
[4.580s][info ][safepoint      ] Safepoint "ICBufferFull", Time since last: 3944184 ns, Reaching safepoint: 132103 ns, At safepoint: 27601 ns, Total: 159704 ns
[4.587s][info ][safepoint      ] Safepoint "ICBufferFull", Time since last: 4157889 ns, Reaching safepoint: 2117945 ns, At safepoint: 28200 ns, Total: 2146145 ns
[4.590s][info ][safepoint      ] Safepoint "ICBufferFull", Time since last: 3369172 ns, Reaching safepoint: 94102 ns, At safepoint: 23201 ns, Total: 117303 ns
[4.602s][info ][safepoint      ] Safepoint "ICBufferFull", Time since last: 11345142 ns, Reaching safepoint: 138303 ns, At safepoint: 24501 ns, Total: 162804 ns
[4.606s][info ][safepoint      ] Safepoint "ICBufferFull", Time since last: 4569598 ns, Reaching safepoint: 122202 ns, At safepoint: 22501 ns, Total: 144703 ns
[4.614s][info ][safepoint      ] Safepoint "ICBufferFull", Time since last: 7480360 ns, Reaching safepoint: 132902 ns, At safepoint: 29601 ns, Total: 162503 ns
[4.619s][info ][safepoint      ] Safepoint "ICBufferFull", Time since last: 4865204 ns, Reaching safepoint: 141103 ns, At safepoint: 23800 ns, Total: 164903 ns
[4.632s][info ][safepoint      ] Safepoint "ICBufferFull", Time since last: 5563819 ns, Reaching safepoint: 7485060 ns, At safepoint: 34401 ns, Total: 7519461 ns
[4.667s][info ][safepoint      ] Safepoint "ICBufferFull", Time since last: 35249653 ns, Reaching safepoint: 131703 ns, At safepoint: 24501 ns, Total: 156204 ns
[4.680s][info ][safepoint      ] Safepoint "ICBufferFull", Time since last: 10529025 ns, Reaching safepoint: 2183547 ns, At safepoint: 29100 ns, Total: 2212647 ns
[4.684s][info ][safepoint      ] Safepoint "ICBufferFull", Time since last: 3718880 ns, Reaching safepoint: 408008 ns, At safepoint: 26101 ns, Total: 434109 ns
[4.691s][info ][safepoint      ] Safepoint "ICBufferFull", Time since last: 6870147 ns, Reaching safepoint: 120602 ns, At safepoint: 24101 ns, Total: 144703 ns
[4.692s][info ][gc,start       ] GC(5) Pause Young (Allocation Failure)
[4.776s][debug][gc,phases      ] GC(5) Scavenge 84.208ms
[4.776s][debug][gc,ref         ] GC(5) Skipped phase 1 of Reference Processing: no references
[4.776s][debug][gc,ref         ] GC(5) Skipped phase 3 of Reference Processing: no references
[4.776s][debug][gc,phases      ] GC(5) Reference Processing 0.326ms
[4.778s][debug][gc,phases      ] GC(5) Weak Processing 1.602ms
[4.778s][debug][gc,age         ] GC(5) Desired survivor size 536870912 bytes, new threshold 7 (max threshold 15)
[4.778s][info ][gc,heap        ] GC(5) PSYoungGen: 1201888K(1572864K)->160712K(1572864K) Eden: 1048576K(1048576K)->0K(1048576K) From: 153312K(524288K)->160712K(524288K)
[4.778s][info ][gc,heap        ] GC(5) ParOldGen: 5757K(6144K)->5765K(6144K)
[4.778s][info ][gc,metaspace   ] GC(5) Metaspace: 49225K(49664K)->49225K(49664K) NonClass: 42128K(42368K)->42128K(42368K) Class: 7096K(7296K)->7096K(7296K)
[4.778s][info ][gc             ] GC(5) Pause Young (Allocation Failure) 1179M->162M(1542M) 86.260ms
[4.778s][info ][gc,cpu         ] GC(5) User=0.27s Sys=0.07s Real=0.08s
[4.778s][info ][safepoint      ] Safepoint "ParallelGCFailedAllocation", Time since last: 73101 ns, Reaching safepoint: 86902 ns, At safepoint: 86360146 ns, Total: 86447048 ns
[4.787s][info ][safepoint      ] Safepoint "ICBufferFull", Time since last: 9261898 ns, Reaching safepoint: 111802 ns, At safepoint: 25901 ns, Total: 137703 ns
[4.787s][info ][safepoint      ] Safepoint "ICBufferFull", Time since last: 80602 ns, Reaching safepoint: 95802 ns, At safepoint: 12900 ns, Total: 108702 ns
[4.792s][info ][safepoint      ] Safepoint "ICBufferFull", Time since last: 4260291 ns, Reaching safepoint: 126703 ns, At safepoint: 20300 ns, Total: 147003 ns
[4.807s][info ][safepoint      ] Safepoint "ICBufferFull", Time since last: 15250026 ns, Reaching safepoint: 127603 ns, At safepoint: 20200 ns, Total: 147803 ns
[4.811s][info ][safepoint      ] Safepoint "ICBufferFull", Time since last: 3178868 ns, Reaching safepoint: 123103 ns, At safepoint: 20300 ns, Total: 143403 ns
[4.818s][info ][safepoint      ] Safepoint "ICBufferFull", Time since last: 7006150 ns, Reaching safepoint: 104502 ns, At safepoint: 18601 ns, Total: 123103 ns
[4.818s][info ][safepoint      ] Safepoint "ICBufferFull", Time since last: 76001 ns, Reaching safepoint: 85502 ns, At safepoint: 19200 ns, Total: 104702 ns
[4.835s][info ][safepoint      ] Safepoint "ICBufferFull", Time since last: 15310228 ns, Reaching safepoint: 2119245 ns, At safepoint: 28501 ns, Total: 2147746 ns
[4.838s][info ][safepoint      ] Safepoint "ICBufferFull", Time since last: 2812260 ns, Reaching safepoint: 100102 ns, At safepoint: 28400 ns, Total: 128502 ns
[4.843s][info ][safepoint      ] Safepoint "ICBufferFull", Time since last: 2830961 ns, Reaching safepoint: 2143446 ns, At safepoint: 36100 ns, Total: 2179546 ns
[4.846s][info ][safepoint      ] Safepoint "ICBufferFull", Time since last: 2786160 ns, Reaching safepoint: 94502 ns, At safepoint: 20300 ns, Total: 114802 ns
[4.849s][info ][safepoint      ] Safepoint "ICBufferFull", Time since last: 2799560 ns, Reaching safepoint: 93302 ns, At safepoint: 24101 ns, Total: 117403 ns
[4.858s][info ][safepoint      ] Safepoint "ICBufferFull", Time since last: 5975928 ns, Reaching safepoint: 3224868 ns, At safepoint: 26701 ns, Total: 3251569 ns
[4.866s][info ][safepoint      ] Safepoint "ICBufferFull", Time since last: 7519461 ns, Reaching safepoint: 112802 ns, At safepoint: 23001 ns, Total: 135803 ns
[4.883s][info ][safepoint      ] Safepoint "ICBufferFull", Time since last: 16688956 ns, Reaching safepoint: 132203 ns, At safepoint: 20401 ns, Total: 152604 ns
[4.886s][info ][safepoint      ] Safepoint "ICBufferFull", Time since last: 2609855 ns, Reaching safepoint: 105603 ns, At safepoint: 22800 ns, Total: 128403 ns
[4.888s][info ][safepoint      ] Safepoint "ICBufferFull", Time since last: 2315450 ns, Reaching safepoint: 100302 ns, At safepoint: 21900 ns, Total: 122202 ns
[5.230s][info ][safepoint      ] Safepoint "ICBufferFull", Time since last: 341999609 ns, Reaching safepoint: 127703 ns, At safepoint: 18801 ns, Total: 146504 ns
[5.240s][info ][safepoint      ] Safepoint "ICBufferFull", Time since last: 9500103 ns, Reaching safepoint: 188604 ns, At safepoint: 21600 ns, Total: 210204 ns
[5.240s][info ][safepoint      ] Safepoint "ICBufferFull", Time since last: 62701 ns, Reaching safepoint: 98203 ns, At safepoint: 21800 ns, Total: 120003 ns
[5.240s][info ][safepoint      ] Safepoint "ICBufferFull", Time since last: 25901 ns, Reaching safepoint: 86801 ns, At safepoint: 23701 ns, Total: 110502 ns
[5.264s][info ][gc,start       ] GC(6) Pause Young (Allocation Failure)
[5.333s][debug][gc,phases      ] GC(6) Scavenge 69.418ms
[5.333s][debug][gc,ref         ] GC(6) Skipped phase 1 of Reference Processing: no references
[5.334s][debug][gc,ref         ] GC(6) Skipped phase 3 of Reference Processing: no references
[5.334s][debug][gc,phases      ] GC(6) Reference Processing 0.468ms
[5.336s][debug][gc,phases      ] GC(6) Weak Processing 2.121ms
[5.336s][debug][gc,age         ] GC(6) Desired survivor size 246415360 bytes, new threshold 6 (max threshold 15)
[5.336s][info ][gc,heap        ] GC(6) PSYoungGen: 1209288K(1572864K)->167102K(1572864K) Eden: 1048576K(1048576K)->0K(1048576K) From: 160712K(524288K)->167102K(524288K)
[5.336s][info ][gc,heap        ] GC(6) ParOldGen: 5765K(6144K)->5773K(6144K)
[5.336s][info ][gc,metaspace   ] GC(6) Metaspace: 50903K(51392K)->50903K(51392K) NonClass: 43561K(43840K)->43561K(43840K) Class: 7341K(7552K)->7341K(7552K)
[5.336s][info ][gc             ] GC(6) Pause Young (Allocation Failure) 1186M->168M(1542M) 72.169ms
[5.336s][info ][gc,cpu         ] GC(6) User=0.27s Sys=0.00s Real=0.07s
[5.336s][info ][safepoint      ] Safepoint "ParallelGCFailedAllocation", Time since last: 23266897 ns, Reaching safepoint: 127203 ns, At safepoint: 72277844 ns, Total: 72405047 ns
[5.707s][info ][gc,start       ] GC(7) Pause Young (Allocation Failure)
[5.810s][debug][gc,phases      ] GC(7) Scavenge 102.798ms
[5.810s][debug][gc,ref         ] GC(7) Skipped phase 1 of Reference Processing: no references
[5.811s][debug][gc,ref         ] GC(7) Skipped phase 3 of Reference Processing: no references
[5.811s][debug][gc,phases      ] GC(7) Reference Processing 0.353ms
[5.812s][debug][gc,phases      ] GC(7) Weak Processing 1.607ms
[5.812s][debug][gc,age         ] GC(7) Desired survivor size 260046848 bytes, new threshold 5 (max threshold 15)
[5.812s][info ][gc,heap        ] GC(7) PSYoungGen: 1215678K(1572864K)->170310K(1829888K) Eden: 1048576K(1048576K)->0K(1589248K) From: 167102K(524288K)->170310K(240640K)
[5.812s][info ][gc,heap        ] GC(7) ParOldGen: 5773K(6144K)->5781K(6144K)
[5.812s][info ][gc,metaspace   ] GC(7) Metaspace: 53122K(53568K)->53122K(53568K) NonClass: 45343K(45568K)->45343K(45568K) Class: 7778K(8000K)->7778K(8000K)
[5.812s][info ][gc             ] GC(7) Pause Young (Allocation Failure) 1192M->171M(1793M) 104.922ms
[5.812s][info ][gc,cpu         ] GC(7) User=0.32s Sys=0.11s Real=0.11s
[5.812s][info ][safepoint      ] Safepoint "ParallelGCFailedAllocation", Time since last: 371335936 ns, Reaching safepoint: 221805 ns, At safepoint: 105021544 ns, Total: 105243349 ns
[5.924s][info ][safepoint      ] Safepoint "ICBufferFull", Time since last: 95947151 ns, Reaching safepoint: 15896139 ns, At safepoint: 35901 ns, Total: 15932040 ns
[5.928s][info ][safepoint      ] Safepoint "ICBufferFull", Time since last: 3475074 ns, Reaching safepoint: 129603 ns, At safepoint: 24301 ns, Total: 153904 ns
[5.931s][info ][safepoint      ] Safepoint "ICBufferFull", Time since last: 3326571 ns, Reaching safepoint: 118702 ns, At safepoint: 21001 ns, Total: 139703 ns
[5.938s][info ][safepoint      ] Safepoint "ICBufferFull", Time since last: 6314635 ns, Reaching safepoint: 129102 ns, At safepoint: 25201 ns, Total: 154303 ns
[5.953s][info ][safepoint      ] Safepoint "ICBufferFull", Time since last: 14679914 ns, Reaching safepoint: 206204 ns, At safepoint: 37001 ns, Total: 243205 ns
[5.979s][info ][safepoint      ] Safepoint "ICBufferFull", Time since last: 26297762 ns, Reaching safepoint: 137703 ns, At safepoint: 29700 ns, Total: 167403 ns
[5.984s][info ][safepoint      ] Safepoint "ICBufferFull", Time since last: 4834304 ns, Reaching safepoint: 120202 ns, At safepoint: 31201 ns, Total: 151403 ns
[5.984s][info ][safepoint      ] Safepoint "ICBufferFull", Time since last: 57901 ns, Reaching safepoint: 90702 ns, At safepoint: 22801 ns, Total: 113503 ns
[5.985s][info ][safepoint      ] Safepoint "ICBufferFull", Time since last: 31500 ns, Reaching safepoint: 88202 ns, At safepoint: 23401 ns, Total: 111603 ns
[5.985s][info ][safepoint      ] Safepoint "ICBufferFull", Time since last: 54301 ns, Reaching safepoint: 86902 ns, At safepoint: 26600 ns, Total: 113502 ns
[5.985s][info ][safepoint      ] Safepoint "ICBufferFull", Time since last: 74202 ns, Reaching safepoint: 158703 ns, At safepoint: 25501 ns, Total: 184204 ns
[6.003s][info ][safepoint      ] Safepoint "ICBufferFull", Time since last: 18135587 ns, Reaching safepoint: 119603 ns, At safepoint: 29101 ns, Total: 148704 ns
[6.004s][info ][safepoint      ] Safepoint "ICBufferFull", Time since last: 69901 ns, Reaching safepoint: 97302 ns, At safepoint: 26001 ns, Total: 123303 ns
[6.004s][info ][safepoint      ] Safepoint "ICBufferFull", Time since last: 444209 ns, Reaching safepoint: 103002 ns, At safepoint: 45501 ns, Total: 148503 ns
[6.007s][info ][safepoint      ] Safepoint "ICBufferFull", Time since last: 2693558 ns, Reaching safepoint: 108302 ns, At safepoint: 27001 ns, Total: 135303 ns
[6.016s][info ][safepoint      ] Safepoint "ICBufferFull", Time since last: 8954491 ns, Reaching safepoint: 242805 ns, At safepoint: 29901 ns, Total: 272706 ns
[6.036s][info ][safepoint      ] Safepoint "ICBufferFull", Time since last: 15294327 ns, Reaching safepoint: 4324692 ns, At safepoint: 43401 ns, Total: 4368093 ns
[6.042s][info ][safepoint      ] Safepoint "ICBufferFull", Time since last: 6029329 ns, Reaching safepoint: 141403 ns, At safepoint: 28901 ns, Total: 170304 ns
[6.050s][info ][safepoint      ] Safepoint "ICBufferFull", Time since last: 7391458 ns, Reaching safepoint: 268905 ns, At safepoint: 35201 ns, Total: 304106 ns
[6.073s][info ][safepoint      ] Safepoint "ICBufferFull", Time since last: 23089594 ns, Reaching safepoint: 113802 ns, At safepoint: 23500 ns, Total: 137302 ns
[6.076s][info ][safepoint      ] Safepoint "ICBufferFull", Time since last: 80402 ns, Reaching safepoint: 3213369 ns, At safepoint: 31101 ns, Total: 3244470 ns
[6.083s][info ][safepoint      ] Safepoint "ICBufferFull", Time since last: 6910047 ns, Reaching safepoint: 109603 ns, At safepoint: 29600 ns, Total: 139203 ns
[6.084s][info ][safepoint      ] Safepoint "ICBufferFull", Time since last: 103502 ns, Reaching safepoint: 96802 ns, At safepoint: 32001 ns, Total: 128803 ns
[6.084s][info ][safepoint      ] Safepoint "ICBufferFull", Time since last: 178604 ns, Reaching safepoint: 108202 ns, At safepoint: 30901 ns, Total: 139103 ns
[6.084s][info ][safepoint      ] Safepoint "ICBufferFull", Time since last: 49901 ns, Reaching safepoint: 92502 ns, At safepoint: 25601 ns, Total: 118103 ns
[6.086s][info ][safepoint      ] Safepoint "ICBufferFull", Time since last: 1326628 ns, Reaching safepoint: 106102 ns, At safepoint: 25601 ns, Total: 131703 ns
[6.086s][info ][safepoint      ] Safepoint "ICBufferFull", Time since last: 93502 ns, Reaching safepoint: 116902 ns, At safepoint: 28101 ns, Total: 145003 ns
[6.088s][info ][safepoint      ] Safepoint "ICBufferFull", Time since last: 2398951 ns, Reaching safepoint: 112502 ns, At safepoint: 28301 ns, Total: 140803 ns
[6.088s][info ][safepoint      ] Safepoint "ICBufferFull", Time since last: 76602 ns, Reaching safepoint: 96502 ns, At safepoint: 27400 ns, Total: 123902 ns
[6.093s][info ][safepoint      ] Safepoint "ICBufferFull", Time since last: 4017586 ns, Reaching safepoint: 120503 ns, At safepoint: 31300 ns, Total: 151803 ns
[6.101s][info ][safepoint      ] Safepoint "ICBufferFull", Time since last: 6480939 ns, Reaching safepoint: 2149846 ns, At safepoint: 43501 ns, Total: 2193347 ns
[6.104s][info ][safepoint      ] Safepoint "ICBufferFull", Time since last: 2262948 ns, Reaching safepoint: 243305 ns, At safepoint: 35401 ns, Total: 278706 ns
[6.109s][info ][safepoint      ] Safepoint "ICBufferFull", Time since last: 4196690 ns, Reaching safepoint: 880719 ns, At safepoint: 29900 ns, Total: 910619 ns
[6.117s][info ][safepoint      ] Safepoint "ICBufferFull", Time since last: 7291356 ns, Reaching safepoint: 533011 ns, At safepoint: 32001 ns, Total: 565012 ns
[6.117s][info ][safepoint      ] Safepoint "ICBufferFull", Time since last: 68502 ns, Reaching safepoint: 96302 ns, At safepoint: 32200 ns, Total: 128502 ns
[6.117s][info ][safepoint      ] Safepoint "ICBufferFull", Time since last: 29501 ns, Reaching safepoint: 87002 ns, At safepoint: 26600 ns, Total: 113602 ns
[6.126s][info ][safepoint      ] Safepoint "ICBufferFull", Time since last: 8898591 ns, Reaching safepoint: 129902 ns, At safepoint: 21401 ns, Total: 151303 ns
[6.129s][info ][safepoint      ] Safepoint "ICBufferFull", Time since last: 2575955 ns, Reaching safepoint: 107002 ns, At safepoint: 32001 ns, Total: 139003 ns
[6.131s][info ][safepoint      ] Safepoint "ICBufferFull", Time since last: 2225547 ns, Reaching safepoint: 110703 ns, At safepoint: 26400 ns, Total: 137103 ns
[6.135s][info ][safepoint      ] Safepoint "ICBufferFull", Time since last: 3855983 ns, Reaching safepoint: 110902 ns, At safepoint: 31501 ns, Total: 142403 ns
[6.139s][info ][safepoint      ] Safepoint "ICBufferFull", Time since last: 3452174 ns, Reaching safepoint: 102302 ns, At safepoint: 34400 ns, Total: 136702 ns
[6.148s][info ][safepoint      ] Safepoint "ICBufferFull", Time since last: 8270277 ns, Reaching safepoint: 306807 ns, At safepoint: 39801 ns, Total: 346608 ns
[6.148s][info ][safepoint      ] Safepoint "ICBufferFull", Time since last: 43301 ns, Reaching safepoint: 89201 ns, At safepoint: 27001 ns, Total: 116202 ns
[6.163s][info ][safepoint      ] Safepoint "ICBufferFull", Time since last: 11506046 ns, Reaching safepoint: 4243891 ns, At safepoint: 47901 ns, Total: 4291792 ns
[6.557s][info ][safepoint      ] Safepoint "ParallelGCFailedAllocation", Time since last: 392831094 ns, Reaching safepoint: 216104 ns, At safepoint: 32401 ns, Total: 248505 ns
[6.560s][info ][gc,start       ] GC(8) Pause Young (GCLocker Initiated GC)
[6.645s][debug][gc,phases      ] GC(8) Scavenge 84.499ms
[6.645s][debug][gc,ref         ] GC(8) Skipped phase 1 of Reference Processing: no references
[6.645s][debug][gc,ref         ] GC(8) Skipped phase 3 of Reference Processing: no references
[6.645s][debug][gc,phases      ] GC(8) Reference Processing 0.230ms
[6.647s][debug][gc,phases      ] GC(8) Weak Processing 1.506ms
[6.647s][debug][gc,age         ] GC(8) Desired survivor size 249036800 bytes, new threshold 4 (max threshold 15)
[6.647s][info ][gc,heap        ] GC(8) PSYoungGen: 1759558K(1829888K)->134697K(1843200K) Eden: 1589248K(1589248K)->0K(1589248K) From: 170310K(240640K)->134697K(253952K)
[6.647s][info ][gc,heap        ] GC(8) ParOldGen: 5782K(6144K)->53965K(54272K)
[6.647s][info ][gc,metaspace   ] GC(8) Metaspace: 54253K(54720K)->54253K(54720K) NonClass: 46337K(46592K)->46337K(46592K) Class: 7916K(8128K)->7916K(8128K)
[6.647s][info ][gc             ] GC(8) Pause Young (GCLocker Initiated GC) 1723M->184M(1853M) 86.387ms
[6.647s][info ][gc,cpu         ] GC(8) User=0.34s Sys=0.00s Real=0.09s
[6.647s][debug][gc,phases      ] GC(9) Pre Compact 0.010ms
[6.647s][info ][gc,start       ] GC(9) Pause Full (Ergonomics)
[6.647s][info ][gc,phases,start] GC(9) Marking Phase
[6.723s][debug][gc,phases      ] GC(9) Par Mark 76.456ms
[6.723s][debug][gc,ref         ] GC(9) Skipped phase 1 of Reference Processing: no references
[6.723s][debug][gc,ref         ] GC(9) Skipped phase 3 of Reference Processing: no references
[6.723s][debug][gc,phases      ] GC(9) Reference Processing 0.180ms
[6.724s][debug][gc,phases      ] GC(9) Weak Processing 0.460ms
[6.724s][debug][gc,phases      ] GC(9) ClassLoaderData 0.160ms
[6.724s][debug][gc,phases      ] GC(9) Trigger cleanups 0.009ms
[6.734s][debug][gc,phases      ] GC(9) Class Unloading 9.994ms
[6.734s][info ][gc,phases      ] GC(9) Marking Phase 87.255ms
[6.734s][info ][gc,phases,start] GC(9) Summary Phase
[6.734s][info ][gc,phases      ] GC(9) Summary Phase 0.009ms
[6.734s][info ][gc,phases,start] GC(9) Adjust Roots
[6.750s][info ][gc,phases      ] GC(9) Adjust Roots 16.533ms
[6.751s][info ][gc,phases,start] GC(9) Compaction Phase
[7.461s][info ][gc,phases      ] GC(9) Compaction Phase 710.329ms
[7.461s][info ][gc,phases,start] GC(9) Post Compact
[7.462s][info ][gc,phases      ] GC(9) Post Compact 0.912ms
[7.462s][info ][gc,heap        ] GC(9) PSYoungGen: 134697K(1843200K)->133902K(1843200K) Eden: 0K(1589248K)->0K(1589248K) From: 134697K(253952K)->133902K(253952K)
[7.462s][info ][gc,heap        ] GC(9) ParOldGen: 53965K(54272K)->54207K(88576K)
[7.462s][info ][gc,metaspace   ] GC(9) Metaspace: 54253K(54720K)->54239K(54720K) NonClass: 46337K(46592K)->46327K(46592K) Class: 7916K(8128K)->7912K(8128K)
[7.462s][info ][gc             ] GC(9) Pause Full (Ergonomics) 184M->183M(1886M) 815.269ms
[7.462s][info ][gc,cpu         ] GC(9) User=2.01s Sys=0.02s Real=0.81s
[7.462s][info ][safepoint      ] Safepoint "ParallelGCSystemGC", Time since last: 3531876 ns, Reaching safepoint: 104602 ns, At safepoint: 901814870 ns, Total: 901919472 ns
[7.870s][info ][gc,start       ] GC(10) Pause Young (Allocation Failure)
[7.977s][debug][gc,phases      ] GC(10) Scavenge 107.294ms
[7.977s][debug][gc,ref         ] GC(10) Skipped phase 1 of Reference Processing: no references
[7.977s][debug][gc,ref         ] GC(10) Skipped phase 3 of Reference Processing: no references
[7.977s][debug][gc,phases      ] GC(10) Reference Processing 0.030ms
[7.978s][debug][gc,phases      ] GC(10) Weak Processing 1.024ms
[7.978s][debug][gc,age         ] GC(10) Desired survivor size 252706816 bytes, new threshold 5 (max threshold 15)
[7.978s][info ][gc,heap        ] GC(10) PSYoungGen: 1723150K(1843200K)->27390K(1846784K) Eden: 1589248K(1589248K)->0K(1603584K) From: 133902K(253952K)->27390K(243200K)
[7.978s][info ][gc,heap        ] GC(10) ParOldGen: 54208K(88576K)->163507K(163840K)
[7.978s][info ][gc,metaspace   ] GC(10) Metaspace: 54263K(54784K)->54263K(54784K) NonClass: 46351K(46656K)->46351K(46656K) Class: 7912K(8128K)->7912K(8128K)
[7.978s][info ][gc             ] GC(10) Pause Young (Allocation Failure) 1735M->186M(1963M) 108.477ms
[7.978s][info ][gc,cpu         ] GC(10) User=0.42s Sys=0.04s Real=0.11s
[7.978s][debug][gc,phases      ] GC(11) Pre Compact 0.010ms
[7.978s][info ][gc,start       ] GC(11) Pause Full (Ergonomics)
[7.978s][info ][gc,phases,start] GC(11) Marking Phase
[8.059s][debug][gc,phases      ] GC(11) Par Mark 80.598ms
[8.059s][debug][gc,ref         ] GC(11) Skipped phase 1 of Reference Processing: no references
[8.059s][debug][gc,ref         ] GC(11) Skipped phase 3 of Reference Processing: no references
[8.059s][debug][gc,phases      ] GC(11) Reference Processing 0.175ms
[8.060s][debug][gc,phases      ] GC(11) Weak Processing 0.429ms
[8.060s][debug][gc,phases      ] GC(11) ClassLoaderData 0.049ms
[8.060s][debug][gc,phases      ] GC(11) Trigger cleanups 0.000ms
[8.065s][debug][gc,phases      ] GC(11) Class Unloading 5.541ms
[8.065s][info ][gc,phases      ] GC(11) Marking Phase 86.919ms
[8.065s][info ][gc,phases,start] GC(11) Summary Phase
[8.065s][info ][gc,phases      ] GC(11) Summary Phase 0.008ms
[8.065s][info ][gc,phases,start] GC(11) Adjust Roots
[8.078s][info ][gc,phases      ] GC(11) Adjust Roots 12.477ms
[8.078s][info ][gc,phases,start] GC(11) Compaction Phase
[8.359s][info ][gc,phases      ] GC(11) Compaction Phase 280.592ms
[8.359s][info ][gc,phases,start] GC(11) Post Compact
[8.359s][info ][gc,phases      ] GC(11) Post Compact 0.470ms
[8.359s][info ][gc,heap        ] GC(11) PSYoungGen: 27390K(1846784K)->26773K(1846784K) Eden: 0K(1603584K)->0K(1603584K) From: 27390K(243200K)->26773K(243200K)
[8.359s][info ][gc,heap        ] GC(11) ParOldGen: 163507K(163840K)->163620K(247808K)
[8.359s][info ][gc,metaspace   ] GC(11) Metaspace: 54263K(54784K)->54263K(54784K) NonClass: 46351K(46656K)->46351K(46656K) Class: 7912K(8128K)->7912K(8128K)
[8.359s][info ][gc             ] GC(11) Pause Full (Ergonomics) 186M->185M(2045M) 380.759ms
[8.359s][info ][gc,cpu         ] GC(11) User=1.23s Sys=0.02s Real=0.38s
[8.359s][info ][safepoint      ] Safepoint "ParallelGCFailedAllocation", Time since last: 407643010 ns, Reaching safepoint: 230805 ns, At safepoint: 489417156 ns, Total: 489647961 ns
[8.841s][info ][gc,start       ] GC(12) Pause Young (Allocation Failure)
[8.873s][debug][gc,phases      ] GC(12) Scavenge 31.704ms
[8.873s][debug][gc,ref         ] GC(12) Skipped phase 1 of Reference Processing: no references
[8.873s][debug][gc,ref         ] GC(12) Skipped phase 3 of Reference Processing: no references
[8.873s][debug][gc,phases      ] GC(12) Reference Processing 0.085ms
[8.874s][debug][gc,phases      ] GC(12) Weak Processing 0.808ms
[8.874s][debug][gc,age         ] GC(12) Desired survivor size 252706816 bytes, new threshold 6 (max threshold 15)
[8.874s][info ][gc,heap        ] GC(12) PSYoungGen: 1630357K(1846784K)->29350K(1850368K) Eden: 1603584K(1603584K)->0K(1603584K) From: 26773K(243200K)->29350K(246784K)
[8.874s][info ][gc,heap        ] GC(12) ParOldGen: 163620K(247808K)->163628K(247808K)
[8.874s][info ][gc,metaspace   ] GC(12) Metaspace: 54271K(54784K)->54271K(54784K) NonClass: 46359K(46656K)->46359K(46656K) Class: 7912K(8128K)->7912K(8128K)
[8.874s][info ][gc             ] GC(12) Pause Young (Allocation Failure) 1751M->188M(2049M) 32.769ms
[8.874s][info ][gc,cpu         ] GC(12) User=0.14s Sys=0.00s Real=0.04s
[8.874s][info ][safepoint      ] Safepoint "ParallelGCFailedAllocation", Time since last: 481877296 ns, Reaching safepoint: 140803 ns, At safepoint: 32899702 ns, Total: 33040505 ns
[9.172s][info ][safepoint      ] Safepoint "ICBufferFull", Time since last: 297184950 ns, Reaching safepoint: 276306 ns, At safepoint: 22900 ns, Total: 299206 ns
[9.444s][info ][gc,start       ] GC(13) Pause Young (Allocation Failure)
[9.455s][debug][gc,phases      ] GC(13) Scavenge 10.361ms
[9.455s][debug][gc,ref         ] GC(13) Skipped phase 1 of Reference Processing: no references
[9.455s][debug][gc,ref         ] GC(13) Skipped phase 3 of Reference Processing: no references
[9.455s][debug][gc,phases      ] GC(13) Reference Processing 0.085ms
[9.455s][debug][gc,phases      ] GC(13) Weak Processing 0.577ms
[9.455s][debug][gc,age         ] GC(13) Desired survivor size 251133952 bytes, new threshold 7 (max threshold 15)
[9.456s][info ][gc,heap        ] GC(13) PSYoungGen: 1632934K(1850368K)->24862K(1851904K) Eden: 1603584K(1603584K)->0K(1605120K) From: 29350K(246784K)->24862K(246784K)
[9.456s][info ][gc,heap        ] GC(13) ParOldGen: 163628K(247808K)->163636K(247808K)
[9.456s][info ][gc,metaspace   ] GC(13) Metaspace: 55878K(56448K)->55878K(56448K) NonClass: 47737K(48064K)->47737K(48064K) Class: 8140K(8384K)->8140K(8384K)
[9.456s][info ][gc             ] GC(13) Pause Young (Allocation Failure) 1754M->184M(2050M) 11.177ms
[9.456s][info ][gc,cpu         ] GC(13) User=0.05s Sys=0.00s Real=0.01s
[9.456s][info ][safepoint      ] Safepoint "ParallelGCFailedAllocation", Time since last: 272424620 ns, Reaching safepoint: 203704 ns, At safepoint: 11274141 ns, Total: 11477845 ns
[9.900s][info ][safepoint      ] Safepoint "ICBufferFull", Time since last: 442863861 ns, Reaching safepoint: 1446731 ns, At safepoint: 29200 ns, Total: 1475931 ns
[9.952s][info ][gc,start       ] GC(14) Pause Young (Allocation Failure)
[9.963s][debug][gc,phases      ] GC(14) Scavenge 11.042ms
[9.963s][debug][gc,ref         ] GC(14) Skipped phase 1 of Reference Processing: no references
[9.963s][debug][gc,ref         ] GC(14) Skipped phase 3 of Reference Processing: no references
[9.963s][debug][gc,phases      ] GC(14) Reference Processing 0.105ms
[9.964s][debug][gc,phases      ] GC(14) Weak Processing 0.593ms
[9.964s][debug][gc,age         ] GC(14) Desired survivor size 246939648 bytes, new threshold 8 (max threshold 15)
[9.964s][info ][gc,heap        ] GC(14) PSYoungGen: 1629982K(1851904K)->26686K(1850368K) Eden: 1605120K(1605120K)->0K(1605120K) From: 24862K(246784K)->26686K(245248K)
[9.964s][info ][gc,heap        ] GC(14) ParOldGen: 163636K(247808K)->163644K(247808K)
[9.964s][info ][gc,metaspace   ] GC(14) Metaspace: 56256K(56832K)->56256K(56832K) NonClass: 48079K(48384K)->48079K(48384K) Class: 8177K(8448K)->8177K(8448K)
[9.964s][info ][gc             ] GC(14) Pause Young (Allocation Failure) 1751M->185M(2049M) 11.886ms
[9.964s][info ][gc,cpu         ] GC(14) User=0.05s Sys=0.00s Real=0.01s
[9.964s][info ][safepoint      ] Safepoint "ParallelGCFailedAllocation", Time since last: 48434635 ns, Reaching safepoint: 3256870 ns, At safepoint: 12004256 ns, Total: 15261126 ns
[10.301s][info ][safepoint      ] Safepoint "ICBufferFull", Time since last: 337584012 ns, Reaching safepoint: 228304 ns, At safepoint: 27701 ns, Total: 256005 ns
[10.428s][info ][gc,start       ] GC(15) Pause Young (Allocation Failure)
[10.442s][debug][gc,phases      ] GC(15) Scavenge 14.566ms
[10.443s][debug][gc,ref         ] GC(15) Skipped phase 1 of Reference Processing: no references
[10.443s][debug][gc,ref         ] GC(15) Skipped phase 3 of Reference Processing: no references
[10.443s][debug][gc,phases      ] GC(15) Reference Processing 0.076ms
[10.443s][debug][gc,phases      ] GC(15) Weak Processing 0.545ms
[10.443s][debug][gc,age         ] GC(15) Desired survivor size 241172480 bytes, new threshold 9 (max threshold 15)
[10.443s][info ][gc,heap        ] GC(15) PSYoungGen: 1631806K(1850368K)->29446K(1861632K) Eden: 1605120K(1605120K)->0K(1620480K) From: 26686K(245248K)->29446K(241152K)
[10.443s][info ][gc,heap        ] GC(15) ParOldGen: 163644K(247808K)->163652K(247808K)
[10.443s][info ][gc,metaspace   ] GC(15) Metaspace: 56277K(56832K)->56277K(56832K) NonClass: 48099K(48384K)->48099K(48384K) Class: 8178K(8448K)->8178K(8448K)
[10.443s][info ][gc             ] GC(15) Pause Young (Allocation Failure) 1753M->188M(2060M) 15.330ms
[10.443s][info ][gc,cpu         ] GC(15) User=0.05s Sys=0.00s Real=0.02s
[10.443s][info ][safepoint      ] Safepoint "ParallelGCFailedAllocation", Time since last: 126108194 ns, Reaching safepoint: 247205 ns, At safepoint: 15445030 ns, Total: 15692235 ns
[10.880s][info ][gc,start       ] GC(16) Pause Young (Allocation Failure)
[10.896s][debug][gc,phases      ] GC(16) Scavenge 15.705ms
[10.896s][debug][gc,ref         ] GC(16) Skipped phase 1 of Reference Processing: no references
[10.896s][debug][gc,ref         ] GC(16) Skipped phase 3 of Reference Processing: no references
[10.896s][debug][gc,phases      ] GC(16) Reference Processing 0.114ms
[10.896s][debug][gc,phases      ] GC(16) Weak Processing 0.543ms
[10.896s][debug][gc,age         ] GC(16) Desired survivor size 234356736 bytes, new threshold 10 (max threshold 15)
[10.896s][info ][gc,heap        ] GC(16) PSYoungGen: 1649926K(1861632K)->32062K(1856000K) Eden: 1620480K(1620480K)->0K(1620480K) From: 29446K(241152K)->32062K(235520K)
[10.896s][info ][gc,heap        ] GC(16) ParOldGen: 163652K(247808K)->163660K(247808K)
[10.896s][info ][gc,metaspace   ] GC(16) Metaspace: 56286K(56832K)->56286K(56832K) NonClass: 48107K(48384K)->48107K(48384K) Class: 8179K(8448K)->8179K(8448K)
[10.896s][info ][gc             ] GC(16) Pause Young (Allocation Failure) 1771M->191M(2054M) 16.498ms
[10.896s][info ][gc,cpu         ] GC(16) User=0.08s Sys=0.00s Real=0.02s
[10.897s][info ][safepoint      ] Safepoint "ParallelGCFailedAllocation", Time since last: 433342056 ns, Reaching safepoint: 3277771 ns, At safepoint: 16617454 ns, Total: 19895225 ns
[11.324s][info ][gc,start       ] GC(17) Pause Young (Allocation Failure)
[11.341s][debug][gc,phases      ] GC(17) Scavenge 16.552ms
[11.341s][debug][gc,ref         ] GC(17) Skipped phase 1 of Reference Processing: no references
[11.341s][debug][gc,ref         ] GC(17) Skipped phase 3 of Reference Processing: no references
[11.341s][debug][gc,phases      ] GC(17) Reference Processing 0.103ms
[11.341s][debug][gc,phases      ] GC(17) Weak Processing 0.584ms
[11.341s][debug][gc,age         ] GC(17) Desired survivor size 225443840 bytes, new threshold 11 (max threshold 15)
[11.341s][info ][gc,heap        ] GC(17) PSYoungGen: 1652542K(1856000K)->34982K(1876992K) Eden: 1620480K(1620480K)->0K(1648128K) From: 32062K(235520K)->34982K(228864K)
[11.341s][info ][gc,heap        ] GC(17) ParOldGen: 163660K(247808K)->163668K(247808K)
[11.341s][info ][gc,metaspace   ] GC(17) Metaspace: 56955K(57472K)->56955K(57472K) NonClass: 48659K(48896K)->48659K(48896K) Class: 8296K(8576K)->8296K(8576K)
[11.341s][info ][gc             ] GC(17) Pause Young (Allocation Failure) 1773M->193M(2075M) 17.379ms
[11.341s][info ][gc,cpu         ] GC(17) User=0.07s Sys=0.00s Real=0.01s
[11.341s][info ][safepoint      ] Safepoint "ParallelGCFailedAllocation", Time since last: 427251727 ns, Reaching safepoint: 235605 ns, At safepoint: 17488073 ns, Total: 17723678 ns
[11.883s][info ][gc,start       ] GC(18) Pause Young (Allocation Failure)
[11.901s][debug][gc,phases      ] GC(18) Scavenge 17.252ms
[11.901s][debug][gc,ref         ] GC(18) Skipped phase 1 of Reference Processing: no references
[11.901s][debug][gc,ref         ] GC(18) Skipped phase 3 of Reference Processing: no references
[11.901s][debug][gc,phases      ] GC(18) Reference Processing 0.093ms
[11.902s][debug][gc,phases      ] GC(18) Weak Processing 0.596ms
[11.902s][debug][gc,age         ] GC(18) Desired survivor size 217055232 bytes, new threshold 12 (max threshold 15)
[11.902s][info ][gc,heap        ] GC(18) PSYoungGen: 1683110K(1876992K)->35590K(1868288K) Eden: 1648128K(1648128K)->0K(1648128K) From: 34982K(228864K)->35590K(220160K)
[11.902s][info ][gc,heap        ] GC(18) ParOldGen: 163668K(247808K)->163676K(247808K)
[11.902s][info ][gc,metaspace   ] GC(18) Metaspace: 58627K(59136K)->58627K(59136K) NonClass: 50103K(50368K)->50103K(50368K) Class: 8523K(8768K)->8523K(8768K)
[11.902s][info ][gc             ] GC(18) Pause Young (Allocation Failure) 1803M->194M(2066M) 18.088ms
[11.902s][info ][gc,cpu         ] GC(18) User=0.08s Sys=0.00s Real=0.01s
[11.902s][info ][safepoint      ] Safepoint "ParallelGCFailedAllocation", Time since last: 541704370 ns, Reaching safepoint: 262706 ns, At safepoint: 18182388 ns, Total: 18445094 ns
[12.305s][info ][gc,start       ] GC(19) Pause Young (Allocation Failure)
[12.325s][debug][gc,phases      ] GC(19) Scavenge 19.714ms
[12.325s][debug][gc,ref         ] GC(19) Skipped phase 1 of Reference Processing: no references
[12.325s][debug][gc,ref         ] GC(19) Skipped phase 3 of Reference Processing: no references
[12.325s][debug][gc,phases      ] GC(19) Reference Processing 0.148ms
[12.325s][debug][gc,phases      ] GC(19) Weak Processing 0.673ms
[12.325s][debug][gc,age         ] GC(19) Desired survivor size 206569472 bytes, new threshold 13 (max threshold 15)
[12.325s][info ][gc,heap        ] GC(19) PSYoungGen: 1683718K(1868288K)->44007K(1895424K) Eden: 1648128K(1648128K)->0K(1683456K) From: 35590K(220160K)->44007K(211968K)
[12.325s][info ][gc,heap        ] GC(19) ParOldGen: 163676K(247808K)->163684K(247808K)
[12.325s][info ][gc,metaspace   ] GC(19) Metaspace: 61687K(62208K)->61687K(62208K) NonClass: 52798K(53056K)->52798K(53056K) Class: 8889K(9152K)->8889K(9152K)
[12.325s][info ][gc             ] GC(19) Pause Young (Allocation Failure) 1804M->202M(2093M) 20.684ms
[12.325s][info ][gc,cpu         ] GC(19) User=0.09s Sys=0.00s Real=0.02s
[12.326s][info ][safepoint      ] Safepoint "ParallelGCFailedAllocation", Time since last: 402894405 ns, Reaching safepoint: 225905 ns, At safepoint: 20796644 ns, Total: 21022549 ns
[12.865s][info ][gc,start       ] GC(20) Pause Young (Allocation Failure)
[12.926s][debug][gc,phases      ] GC(20) Scavenge 60.492ms
[12.926s][debug][gc,ref         ] GC(20) Skipped phase 1 of Reference Processing: no references
[12.926s][debug][gc,ref         ] GC(20) Skipped phase 3 of Reference Processing: no references
[12.926s][debug][gc,phases      ] GC(20) Reference Processing 0.137ms
[12.927s][debug][gc,phases      ] GC(20) Weak Processing 0.814ms
[12.927s][debug][gc,age         ] GC(20) Desired survivor size 206045184 bytes, new threshold 14 (max threshold 15)
[12.927s][info ][gc,heap        ] GC(20) PSYoungGen: 1727463K(1895424K)->100854K(1885184K) Eden: 1683456K(1683456K)->0K(1683456K) From: 44007K(211968K)->100854K(201728K)
[12.927s][info ][gc,heap        ] GC(20) ParOldGen: 163684K(247808K)->163692K(247808K)
[12.927s][info ][gc,metaspace   ] GC(20) Metaspace: 62403K(63040K)->62403K(63040K) NonClass: 53427K(53760K)->53427K(53760K) Class: 8976K(9280K)->8976K(9280K)
[12.927s][info ][gc             ] GC(20) Pause Young (Allocation Failure) 1846M->258M(2083M) 61.583ms
[12.927s][info ][gc,cpu         ] GC(20) User=0.21s Sys=0.03s Real=0.06s
[12.927s][info ][safepoint      ] Safepoint "ParallelGCFailedAllocation", Time since last: 538708306 ns, Reaching safepoint: 847618 ns, At safepoint: 61692217 ns, Total: 62539835 ns
[13.436s][info ][gc,start       ] GC(21) Pause Young (Allocation Failure)
[13.486s][debug][gc,phases      ] GC(21) Scavenge 49.796ms
[13.486s][debug][gc,ref         ] GC(21) Skipped phase 1 of Reference Processing: no references
[13.486s][debug][gc,ref         ] GC(21) Skipped phase 3 of Reference Processing: no references
[13.486s][debug][gc,phases      ] GC(21) Reference Processing 0.255ms
[13.487s][debug][gc,phases      ] GC(21) Weak Processing 0.902ms
[13.487s][debug][gc,age         ] GC(21) Desired survivor size 205520896 bytes, new threshold 15 (max threshold 15)
[13.487s][info ][gc,heap        ] GC(21) PSYoungGen: 1784310K(1885184K)->103574K(1896448K) Eden: 1683456K(1683456K)->0K(1695232K) From: 100854K(201728K)->103574K(201216K)
[13.487s][info ][gc,heap        ] GC(21) ParOldGen: 163692K(247808K)->163700K(247808K)
[13.487s][info ][gc,metaspace   ] GC(21) Metaspace: 63144K(63744K)->63144K(63744K) NonClass: 54074K(54400K)->54074K(54400K) Class: 9069K(9344K)->9069K(9344K)
[13.487s][info ][gc             ] GC(21) Pause Young (Allocation Failure) 1902M->261M(2094M) 51.117ms
[13.487s][info ][gc,cpu         ] GC(21) User=0.24s Sys=0.00s Real=0.05s
[13.487s][info ][safepoint      ] Safepoint "ParallelGCFailedAllocation", Time since last: 509100073 ns, Reaching safepoint: 258205 ns, At safepoint: 51237194 ns, Total: 51495399 ns
[14.024s][info ][gc,start       ] GC(22) Pause Young (Allocation Failure)
[14.071s][debug][gc,phases      ] GC(22) Scavenge 47.276ms
[14.071s][debug][gc,ref         ] GC(22) Skipped phase 1 of Reference Processing: no references
[14.071s][debug][gc,ref         ] GC(22) Skipped phase 3 of Reference Processing: no references
[14.071s][debug][gc,phases      ] GC(22) Reference Processing 0.143ms
[14.072s][debug][gc,phases      ] GC(22) Weak Processing 0.650ms
[14.072s][debug][gc,age         ] GC(22) Desired survivor size 206569472 bytes, new threshold 15 (max threshold 15)
[14.072s][info ][gc,heap        ] GC(22) PSYoungGen: 1798806K(1896448K)->110678K(1806336K) Eden: 1695232K(1695232K)->0K(1695232K) From: 103574K(201216K)->110678K(111104K)
[14.072s][info ][gc,heap        ] GC(22) ParOldGen: 163700K(247808K)->163708K(247808K)
[14.072s][info ][gc,metaspace   ] GC(22) Metaspace: 63347K(63936K)->63347K(63936K) NonClass: 54275K(54592K)->54275K(54592K) Class: 9071K(9344K)->9071K(9344K)
[14.072s][info ][gc             ] GC(22) Pause Young (Allocation Failure) 1916M->267M(2006M) 48.220ms
[14.072s][info ][gc,cpu         ] GC(22) User=0.18s Sys=0.01s Real=0.05s
[14.072s][info ][safepoint      ] Safepoint "ParallelGCFailedAllocation", Time since last: 536235052 ns, Reaching safepoint: 233105 ns, At safepoint: 48340232 ns, Total: 48573337 ns
[14.315s][info ][safepoint      ] Safepoint "ICBufferFull", Time since last: 242394676 ns, Reaching safepoint: 284706 ns, At safepoint: 23301 ns, Total: 308007 ns
[14.573s][info ][gc,start       ] GC(23) Pause Young (Allocation Failure)
[14.625s][debug][gc,phases      ] GC(23) Scavenge 52.163ms
[14.625s][debug][gc,ref         ] GC(23) Skipped phase 1 of Reference Processing: no references
[14.625s][debug][gc,ref         ] GC(23) Skipped phase 3 of Reference Processing: no references
[14.625s][debug][gc,phases      ] GC(23) Reference Processing 0.186ms
[14.626s][debug][gc,phases      ] GC(23) Weak Processing 0.824ms
[14.626s][debug][gc,age         ] GC(23) Desired survivor size 203948032 bytes, new threshold 15 (max threshold 15)
[14.626s][info ][gc,heap        ] GC(23) PSYoungGen: 1805910K(1806336K)->103600K(1897984K) Eden: 1695232K(1695232K)->0K(1696256K) From: 110678K(111104K)->103600K(201728K)
[14.626s][info ][gc,heap        ] GC(23) ParOldGen: 163708K(247808K)->173423K(247808K)
[14.626s][info ][gc,metaspace   ] GC(23) Metaspace: 63563K(64128K)->63563K(64128K) NonClass: 54473K(54784K)->54473K(54784K) Class: 9089K(9344K)->9089K(9344K)
[14.626s][info ][gc             ] GC(23) Pause Young (Allocation Failure) 1923M->270M(2095M) 53.332ms
[14.626s][info ][gc,cpu         ] GC(23) User=0.20s Sys=0.00s Real=0.05s
[14.626s][info ][safepoint      ] Safepoint "ParallelGCFailedAllocation", Time since last: 257897007 ns, Reaching safepoint: 201204 ns, At safepoint: 53460541 ns, Total: 53661745 ns
[15.091s][info ][gc,start       ] GC(24) Pause Young (Allocation Failure)
[15.134s][debug][gc,phases      ] GC(24) Scavenge 43.031ms
[15.134s][debug][gc,ref         ] GC(24) Skipped phase 1 of Reference Processing: no references
[15.134s][debug][gc,ref         ] GC(24) Skipped phase 3 of Reference Processing: no references
[15.134s][debug][gc,phases      ] GC(24) Reference Processing 0.098ms
[15.135s][debug][gc,phases      ] GC(24) Weak Processing 0.658ms
[15.135s][debug][gc,age         ] GC(24) Desired survivor size 202899456 bytes, new threshold 15 (max threshold 15)
[15.135s][info ][gc,heap        ] GC(24) PSYoungGen: 1799856K(1897984K)->108640K(1895424K) Eden: 1696256K(1696256K)->0K(1696256K) From: 103600K(201728K)->108640K(199168K)
[15.135s][info ][gc,heap        ] GC(24) ParOldGen: 173423K(247808K)->176127K(247808K)
[15.135s][info ][gc,metaspace   ] GC(24) Metaspace: 63620K(64192K)->63620K(64192K) NonClass: 54528K(54848K)->54528K(54848K) Class: 9092K(9344K)->9092K(9344K)
[15.135s][info ][gc             ] GC(24) Pause Young (Allocation Failure) 1927M->278M(2093M) 43.930ms
[15.135s][info ][gc,cpu         ] GC(24) User=0.17s Sys=0.00s Real=0.05s
[15.135s][info ][safepoint      ] Safepoint "ParallelGCFailedAllocation", Time since last: 464233013 ns, Reaching safepoint: 160404 ns, At safepoint: 44045440 ns, Total: 44205844 ns
[15.617s][info ][gc,start       ] GC(25) Pause Young (Allocation Failure)
[15.665s][debug][gc,phases      ] GC(25) Scavenge 47.337ms
[15.665s][debug][gc,ref         ] GC(25) Skipped phase 1 of Reference Processing: no references
[15.665s][debug][gc,ref         ] GC(25) Skipped phase 3 of Reference Processing: no references
[15.665s][debug][gc,phases      ] GC(25) Reference Processing 0.115ms
[15.666s][debug][gc,phases      ] GC(25) Weak Processing 0.795ms
[15.666s][debug][gc,age         ] GC(25) Desired survivor size 197132288 bytes, new threshold 15 (max threshold 15)
[15.666s][info ][gc,heap        ] GC(25) PSYoungGen: 1804896K(1895424K)->97888K(1904640K) Eden: 1696256K(1696256K)->0K(1706496K) From: 108640K(199168K)->97888K(198144K)
[15.666s][info ][gc,heap        ] GC(25) ParOldGen: 176127K(247808K)->185319K(247808K)
[15.666s][info ][gc,metaspace   ] GC(25) Metaspace: 63657K(64192K)->63657K(64192K) NonClass: 54564K(54848K)->54564K(54848K) Class: 9092K(9344K)->9092K(9344K)
[15.666s][info ][gc             ] GC(25) Pause Young (Allocation Failure) 1934M->276M(2102M) 48.417ms
[15.666s][info ][gc,cpu         ] GC(25) User=0.18s Sys=0.00s Real=0.05s
[15.666s][info ][safepoint      ] Safepoint "ParallelGCFailedAllocation", Time since last: 482163995 ns, Reaching safepoint: 235405 ns, At safepoint: 48555637 ns, Total: 48791042 ns
[16.148s][info ][gc,start       ] GC(26) Pause Young (Allocation Failure)
[16.178s][debug][gc,phases      ] GC(26) Scavenge 29.718ms
[16.178s][debug][gc,ref         ] GC(26) Skipped phase 1 of Reference Processing: no references
[16.178s][debug][gc,ref         ] GC(26) Skipped phase 3 of Reference Processing: no references
[16.178s][debug][gc,phases      ] GC(26) Reference Processing 0.092ms
[16.178s][debug][gc,phases      ] GC(26) Weak Processing 0.595ms
[16.178s][debug][gc,age         ] GC(26) Desired survivor size 187695104 bytes, new threshold 15 (max threshold 15)
[16.178s][info ][gc,heap        ] GC(26) PSYoungGen: 1804384K(1904640K)->88816K(1899008K) Eden: 1706496K(1706496K)->0K(1706496K) From: 97888K(198144K)->88816K(192512K)
[16.178s][info ][gc,heap        ] GC(26) ParOldGen: 185319K(247808K)->185911K(247808K)
[16.178s][info ][gc,metaspace   ] GC(26) Metaspace: 63682K(64192K)->63682K(64192K) NonClass: 54589K(54848K)->54589K(54848K) Class: 9092K(9344K)->9092K(9344K)
[16.178s][info ][gc             ] GC(26) Pause Young (Allocation Failure) 1943M->268M(2096M) 30.544ms
[16.178s][info ][gc,cpu         ] GC(26) User=0.11s Sys=0.00s Real=0.03s
[16.178s][info ][safepoint      ] Safepoint "ParallelGCFailedAllocation", Time since last: 479663341 ns, Reaching safepoint: 2180547 ns, At safepoint: 30666055 ns, Total: 32846602 ns
[16.695s][info ][gc,start       ] GC(27) Pause Young (Allocation Failure)
[16.718s][debug][gc,phases      ] GC(27) Scavenge 22.321ms
[16.718s][debug][gc,ref         ] GC(27) Skipped phase 1 of Reference Processing: no references
[16.718s][debug][gc,ref         ] GC(27) Skipped phase 3 of Reference Processing: no references
[16.718s][debug][gc,phases      ] GC(27) Reference Processing 0.180ms
[16.719s][debug][gc,phases      ] GC(27) Weak Processing 0.738ms
[16.719s][debug][gc,age         ] GC(27) Desired survivor size 180355072 bytes, new threshold 15 (max threshold 15)
[16.719s][info ][gc,heap        ] GC(27) PSYoungGen: 1795312K(1899008K)->67744K(1921024K) Eden: 1706496K(1706496K)->0K(1737728K) From: 88816K(192512K)->67744K(183296K)
[16.719s][info ][gc,heap        ] GC(27) ParOldGen: 185911K(247808K)->186327K(247808K)
[16.719s][info ][gc,metaspace   ] GC(27) Metaspace: 64206K(64768K)->64206K(64768K) NonClass: 55033K(55360K)->55033K(55360K) Class: 9173K(9408K)->9173K(9408K)
[16.719s][info ][gc             ] GC(27) Pause Young (Allocation Failure) 1934M->248M(2118M) 23.394ms
[16.719s][info ][gc,cpu         ] GC(27) User=0.10s Sys=0.00s Real=0.02s
[16.719s][info ][safepoint      ] Safepoint "ParallelGCFailedAllocation", Time since last: 516874935 ns, Reaching safepoint: 208204 ns, At safepoint: 23513402 ns, Total: 23721606 ns
[16.899s][info ][safepoint      ] Safepoint "ICBufferFull", Time since last: 178311107 ns, Reaching safepoint: 2190747 ns, At safepoint: 34600 ns, Total: 2225347 ns
[16.915s][info ][safepoint      ] Safepoint "ICBufferFull", Time since last: 11632649 ns, Reaching safepoint: 4258591 ns, At safepoint: 31800 ns, Total: 4290391 ns
[17.054s][info ][safepoint      ] Safepoint "ICBufferFull", Time since last: 126175594 ns, Reaching safepoint: 12749572 ns, At safepoint: 37201 ns, Total: 12786773 ns
[17.059s][info ][safepoint      ] Safepoint "ICBufferFull", Time since last: 4959206 ns, Reaching safepoint: 105202 ns, At safepoint: 20701 ns, Total: 125903 ns
[17.061s][info ][safepoint      ] Safepoint "ICBufferFull", Time since last: 945320 ns, Reaching safepoint: 149403 ns, At safepoint: 17100 ns, Total: 166503 ns
[17.082s][info ][safepoint      ] Safepoint "ICBufferFull", Time since last: 20071229 ns, Reaching safepoint: 916019 ns, At safepoint: 24901 ns, Total: 940920 ns
[17.100s][info ][safepoint      ] Safepoint "ICBufferFull", Time since last: 18454594 ns, Reaching safepoint: 142903 ns, At safepoint: 20400 ns, Total: 163303 ns
[17.102s][info ][safepoint      ] Safepoint "ICBufferFull", Time since last: 1409331 ns, Reaching safepoint: 111702 ns, At safepoint: 25200 ns, Total: 136902 ns
[17.103s][info ][safepoint      ] Safepoint "ICBufferFull", Time since last: 1269328 ns, Reaching safepoint: 189804 ns, At safepoint: 15900 ns, Total: 205704 ns
[17.115s][info ][safepoint      ] Safepoint "ICBufferFull", Time since last: 11943255 ns, Reaching safepoint: 126103 ns, At safepoint: 19000 ns, Total: 145103 ns
[17.132s][info ][safepoint      ] Safepoint "ICBufferFull", Time since last: 10867132 ns, Reaching safepoint: 5397415 ns, At safepoint: 29801 ns, Total: 5427216 ns
[17.147s][info ][safepoint      ] Safepoint "ICBufferFull", Time since last: 15065222 ns, Reaching safepoint: 132602 ns, At safepoint: 21401 ns, Total: 154003 ns
[17.162s][info ][safepoint      ] Safepoint "ICBufferFull", Time since last: 15303527 ns, Reaching safepoint: 138503 ns, At safepoint: 27800 ns, Total: 166303 ns
[17.164s][info ][safepoint      ] Safepoint "ICBufferFull", Time since last: 1114224 ns, Reaching safepoint: 96002 ns, At safepoint: 20400 ns, Total: 116402 ns
[17.197s][info ][safepoint      ] Safepoint "ICBufferFull", Time since last: 32829301 ns, Reaching safepoint: 141603 ns, At safepoint: 19401 ns, Total: 161004 ns
[17.199s][info ][safepoint      ] Safepoint "ICBufferFull", Time since last: 1857239 ns, Reaching safepoint: 110403 ns, At safepoint: 18600 ns, Total: 129003 ns
[17.212s][info ][safepoint      ] Safepoint "ICBufferFull", Time since last: 13592490 ns, Reaching safepoint: 120903 ns, At safepoint: 25000 ns, Total: 145903 ns
[17.213s][info ][safepoint      ] Safepoint "ICBufferFull", Time since last: 901920 ns, Reaching safepoint: 96402 ns, At safepoint: 19600 ns, Total: 116002 ns
[17.235s][info ][safepoint      ] Safepoint "ICBufferFull", Time since last: 15002220 ns, Reaching safepoint: 6423137 ns, At safepoint: 39301 ns, Total: 6462438 ns
[17.237s][info ][safepoint      ] Safepoint "ICBufferFull", Time since last: 1817639 ns, Reaching safepoint: 112203 ns, At safepoint: 25000 ns, Total: 137203 ns
[17.295s][info ][safepoint      ] Safepoint "ICBufferFull", Time since last: 58459148 ns, Reaching safepoint: 138703 ns, At safepoint: 28301 ns, Total: 167004 ns
[17.312s][info ][safepoint      ] Safepoint "ICBufferFull", Time since last: 13211982 ns, Reaching safepoint: 3222868 ns, At safepoint: 35801 ns, Total: 3258669 ns
[17.326s][info ][safepoint      ] Safepoint "ICBufferFull", Time since last: 13599790 ns, Reaching safepoint: 243606 ns, At safepoint: 23400 ns, Total: 267006 ns
[17.343s][info ][safepoint      ] Safepoint "ICBufferFull", Time since last: 17502074 ns, Reaching safepoint: 125202 ns, At safepoint: 28301 ns, Total: 153503 ns
[17.380s][info ][gc,start       ] GC(28) Pause Young (Allocation Failure)
[17.399s][debug][gc,phases      ] GC(28) Scavenge 19.701ms
[17.399s][debug][gc,ref         ] GC(28) Skipped phase 1 of Reference Processing: no references
[17.399s][debug][gc,ref         ] GC(28) Skipped phase 3 of Reference Processing: no references
[17.399s][debug][gc,phases      ] GC(28) Reference Processing 0.117ms
[17.400s][debug][gc,phases      ] GC(28) Weak Processing 0.596ms
[17.400s][debug][gc,age         ] GC(28) Desired survivor size 174063616 bytes, new threshold 15 (max threshold 15)
[17.400s][info ][gc,heap        ] GC(28) PSYoungGen: 1805472K(1921024K)->65648K(1913856K) Eden: 1737728K(1737728K)->0K(1737728K) From: 67744K(183296K)->65648K(176128K)
[17.400s][info ][gc,heap        ] GC(28) ParOldGen: 186327K(247808K)->188515K(247808K)
[17.400s][info ][gc,metaspace   ] GC(28) Metaspace: 65320K(65920K)->65320K(65920K) NonClass: 56027K(56384K)->56027K(56384K) Class: 9293K(9536K)->9293K(9536K)
[17.400s][info ][gc             ] GC(28) Pause Young (Allocation Failure) 1945M->248M(2111M) 20.568ms
[17.400s][info ][gc,cpu         ] GC(28) User=0.08s Sys=0.00s Real=0.02s
[17.400s][info ][safepoint      ] Safepoint "ParallelGCFailedAllocation", Time since last: 36022469 ns, Reaching safepoint: 141103 ns, At safepoint: 20690342 ns, Total: 20831445 ns
[17.447s][info ][safepoint      ] Safepoint "ICBufferFull", Time since last: 46917601 ns, Reaching safepoint: 194405 ns, At safepoint: 25900 ns, Total: 220305 ns
[17.491s][info ][safepoint      ] Safepoint "ICBufferFull", Time since last: 43189822 ns, Reaching safepoint: 139603 ns, At safepoint: 22801 ns, Total: 162404 ns
[17.540s][info ][safepoint      ] Safepoint "ICBufferFull", Time since last: 49141449 ns, Reaching safepoint: 166103 ns, At safepoint: 40301 ns, Total: 206404 ns
[17.599s][info ][safepoint      ] Safepoint "ICBufferFull", Time since last: 58573750 ns, Reaching safepoint: 149904 ns, At safepoint: 30300 ns, Total: 180204 ns
[17.644s][info ][safepoint      ] Safepoint "ICBufferFull", Time since last: 40973975 ns, Reaching safepoint: 4332592 ns, At safepoint: 36001 ns, Total: 4368593 ns
[17.766s][info ][safepoint      ] Safepoint "ICBufferFull", Time since last: 121245188 ns, Reaching safepoint: 174704 ns, At safepoint: 29001 ns, Total: 203705 ns
[17.802s][info ][safepoint      ] Safepoint "ICBufferFull", Time since last: 36747684 ns, Reaching safepoint: 141103 ns, At safepoint: 26501 ns, Total: 167604 ns
[17.869s][info ][gc,start       ] GC(29) Pause Young (Allocation Failure)
[17.890s][debug][gc,phases      ] GC(29) Scavenge 20.119ms
[17.890s][debug][gc,ref         ] GC(29) Skipped phase 1 of Reference Processing: no references
[17.890s][debug][gc,ref         ] GC(29) Skipped phase 3 of Reference Processing: no references
[17.890s][debug][gc,phases      ] GC(29) Reference Processing 0.117ms
[17.890s][debug][gc,phases      ] GC(29) Weak Processing 0.607ms
[17.890s][debug][gc,age         ] GC(29) Desired survivor size 167772160 bytes, new threshold 15 (max threshold 15)
[17.890s][info ][gc,heap        ] GC(29) PSYoungGen: 1803376K(1913856K)->64000K(1933312K) Eden: 1737728K(1737728K)->0K(1763328K) From: 65648K(176128K)->64000K(169984K)
[17.890s][info ][gc,heap        ] GC(29) ParOldGen: 188515K(247808K)->190315K(247808K)
[17.890s][info ][gc,metaspace   ] GC(29) Metaspace: 65470K(66048K)->65470K(66048K) NonClass: 56175K(56512K)->56175K(56512K) Class: 9294K(9536K)->9294K(9536K)
[17.890s][info ][gc             ] GC(29) Pause Young (Allocation Failure) 1945M->248M(2130M) 20.983ms
[17.890s][info ][gc,cpu         ] GC(29) User=0.08s Sys=0.00s Real=0.02s
[17.890s][info ][safepoint      ] Safepoint "ParallelGCFailedAllocation", Time since last: 66817126 ns, Reaching safepoint: 138403 ns, At safepoint: 21087350 ns, Total: 21225753 ns
[18.185s][info ][safepoint      ] Safepoint "ICBufferFull", Time since last: 294680691 ns, Reaching safepoint: 191504 ns, At safepoint: 22901 ns, Total: 214405 ns
[18.344s][info ][gc,start       ] GC(30) Pause Young (Allocation Failure)
[18.361s][debug][gc,phases      ] GC(30) Scavenge 16.570ms
[18.361s][debug][gc,ref         ] GC(30) Skipped phase 1 of Reference Processing: no references
[18.361s][debug][gc,ref         ] GC(30) Skipped phase 3 of Reference Processing: no references
[18.361s][debug][gc,phases      ] GC(30) Reference Processing 0.150ms
[18.361s][debug][gc,phases      ] GC(30) Weak Processing 0.782ms
[18.362s][debug][gc,age         ] GC(30) Desired survivor size 162004992 bytes, new threshold 15 (max threshold 15)
[18.362s][info ][gc,heap        ] GC(30) PSYoungGen: 1827328K(1933312K)->61488K(1927168K) Eden: 1763328K(1763328K)->0K(1763328K) From: 64000K(169984K)->61488K(163840K)
[18.362s][info ][gc,heap        ] GC(30) ParOldGen: 190315K(247808K)->193099K(247808K)
[18.362s][info ][gc,metaspace   ] GC(30) Metaspace: 65587K(66112K)->65587K(66112K) NonClass: 56292K(56576K)->56292K(56576K) Class: 9294K(9536K)->9294K(9536K)
[18.362s][info ][gc             ] GC(30) Pause Young (Allocation Failure) 1970M->248M(2124M) 17.687ms
[18.362s][info ][gc,cpu         ] GC(30) User=0.05s Sys=0.02s Real=0.01s
[18.362s][info ][safepoint      ] Safepoint "ParallelGCFailedAllocation", Time since last: 155225313 ns, Reaching safepoint: 3232269 ns, At safepoint: 17824380 ns, Total: 21056649 ns
[18.642s][info ][safepoint      ] Safepoint "ICBufferFull", Time since last: 279813973 ns, Reaching safepoint: 196404 ns, At safepoint: 24601 ns, Total: 221005 ns
[18.724s][info ][safepoint      ] Safepoint "ICBufferFull", Time since last: 82159954 ns, Reaching safepoint: 335907 ns, At safepoint: 25700 ns, Total: 361607 ns
[18.840s][info ][gc,start       ] GC(31) Pause Young (Allocation Failure)
[18.857s][debug][gc,phases      ] GC(31) Scavenge 16.156ms
[18.857s][debug][gc,ref         ] GC(31) Skipped phase 1 of Reference Processing: no references
[18.857s][debug][gc,ref         ] GC(31) Skipped phase 3 of Reference Processing: no references
[18.857s][debug][gc,phases      ] GC(31) Reference Processing 0.112ms
[18.857s][debug][gc,phases      ] GC(31) Weak Processing 0.670ms
[18.857s][debug][gc,age         ] GC(31) Desired survivor size 157286400 bytes, new threshold 15 (max threshold 15)
[18.857s][info ][gc,heap        ] GC(31) PSYoungGen: 1824816K(1927168K)->59024K(1943552K) Eden: 1763328K(1763328K)->0K(1785344K) From: 61488K(163840K)->59024K(158208K)
[18.857s][info ][gc,heap        ] GC(31) ParOldGen: 193099K(247808K)->195803K(247808K)
[18.857s][info ][gc,metaspace   ] GC(31) Metaspace: 66133K(66688K)->66133K(66688K) NonClass: 56790K(57088K)->56790K(57088K) Class: 9343K(9600K)->9343K(9600K)
[18.857s][info ][gc             ] GC(31) Pause Young (Allocation Failure) 1970M->248M(2140M) 17.084ms
[18.857s][info ][gc,cpu         ] GC(31) User=0.06s Sys=0.01s Real=0.02s
[18.857s][info ][safepoint      ] Safepoint "ParallelGCFailedAllocation", Time since last: 115911675 ns, Reaching safepoint: 131402 ns, At safepoint: 17194367 ns, Total: 17325769 ns
[19.238s][info ][safepoint      ] Safepoint "ICBufferFull", Time since last: 380415721 ns, Reaching safepoint: 378708 ns, At safepoint: 36000 ns, Total: 414708 ns
[19.371s][info ][gc,start       ] GC(32) Pause Young (Allocation Failure)
[19.388s][debug][gc,phases      ] GC(32) Scavenge 16.853ms
[19.388s][debug][gc,ref         ] GC(32) Skipped phase 1 of Reference Processing: no references
[19.388s][debug][gc,ref         ] GC(32) Skipped phase 3 of Reference Processing: no references
[19.388s][debug][gc,phases      ] GC(32) Reference Processing 0.188ms
[19.389s][debug][gc,phases      ] GC(32) Weak Processing 1.063ms
[19.389s][debug][gc,age         ] GC(32) Desired survivor size 152567808 bytes, new threshold 15 (max threshold 15)
[19.389s][info ][gc,heap        ] GC(32) PSYoungGen: 1844368K(1943552K)->57472K(1938944K) Eden: 1785344K(1785344K)->0K(1785344K) From: 59024K(158208K)->57472K(153600K)
[19.389s][info ][gc,heap        ] GC(32) ParOldGen: 195803K(247808K)->198675K(247808K)
[19.389s][info ][gc,metaspace   ] GC(32) Metaspace: 67797K(68416K)->67797K(68416K) NonClass: 58159K(58496K)->58159K(58496K) Class: 9638K(9920K)->9638K(9920K)
[19.389s][info ][gc             ] GC(32) Pause Young (Allocation Failure) 1992M->250M(2135M) 18.284ms
[19.389s][info ][gc,cpu         ] GC(32) User=0.06s Sys=0.00s Real=0.01s
[19.390s][info ][safepoint      ] Safepoint "ParallelGCFailedAllocation", Time since last: 132604631 ns, Reaching safepoint: 193804 ns, At safepoint: 18414993 ns, Total: 18608797 ns
[19.733s][info ][safepoint      ] Safepoint "ICBufferFull", Time since last: 343619534 ns, Reaching safepoint: 205204 ns, At safepoint: 29201 ns, Total: 234405 ns
[19.927s][info ][gc,start       ] GC(33) Pause Young (Allocation Failure)
[19.942s][debug][gc,phases      ] GC(33) Scavenge 15.701ms
[19.943s][debug][gc,ref         ] GC(33) Skipped phase 1 of Reference Processing: no references
[19.943s][debug][gc,ref         ] GC(33) Skipped phase 3 of Reference Processing: no references
[19.943s][debug][gc,phases      ] GC(33) Reference Processing 0.148ms
[19.944s][debug][gc,phases      ] GC(33) Weak Processing 0.908ms
[19.944s][debug][gc,age         ] GC(33) Desired survivor size 147324928 bytes, new threshold 15 (max threshold 15)
[19.944s][info ][gc,heap        ] GC(33) PSYoungGen: 1842816K(1938944K)->58603K(1953280K) Eden: 1785344K(1785344K)->0K(1804288K) From: 57472K(153600K)->58603K(148992K)
[19.944s][info ][gc,heap        ] GC(33) ParOldGen: 198675K(247808K)->199387K(247808K)
[19.944s][info ][gc,metaspace   ] GC(33) Metaspace: 71852K(72448K)->71852K(72448K) NonClass: 61713K(62016K)->61713K(62016K) Class: 10138K(10432K)->10138K(10432K)
[19.944s][info ][gc             ] GC(33) Pause Young (Allocation Failure) 1993M->251M(2149M) 16.943ms
[19.944s][info ][gc,cpu         ] GC(33) User=0.06s Sys=0.00s Real=0.02s
[19.944s][info ][safepoint      ] Safepoint "ParallelGCFailedAllocation", Time since last: 192282204 ns, Reaching safepoint: 1004322 ns, At safepoint: 17090064 ns, Total: 18094386 ns
[20.192s][info ][safepoint      ] Safepoint "ICBufferFull", Time since last: 247252978 ns, Reaching safepoint: 483710 ns, At safepoint: 24200 ns, Total: 507910 ns
[20.455s][info ][gc,start       ] GC(34) Pause Young (Allocation Failure)
[20.470s][debug][gc,phases      ] GC(34) Scavenge 14.768ms
[20.470s][debug][gc,ref         ] GC(34) Skipped phase 1 of Reference Processing: no references
[20.470s][debug][gc,ref         ] GC(34) Skipped phase 3 of Reference Processing: no references
[20.470s][debug][gc,phases      ] GC(34) Reference Processing 0.187ms
[20.471s][debug][gc,phases      ] GC(34) Weak Processing 0.936ms
[20.471s][debug][gc,age         ] GC(34) Desired survivor size 142082048 bytes, new threshold 15 (max threshold 15)
[20.471s][info ][gc,heap        ] GC(34) PSYoungGen: 1862891K(1953280K)->61200K(1948160K) Eden: 1804288K(1804288K)->0K(1804288K) From: 58603K(148992K)->61200K(143872K)
[20.471s][info ][gc,heap        ] GC(34) ParOldGen: 199387K(247808K)->203022K(247808K)
[20.471s][info ][gc,metaspace   ] GC(34) Metaspace: 73443K(74112K)->73443K(74112K) NonClass: 63111K(63488K)->63111K(63488K) Class: 10332K(10624K)->10332K(10624K)
[20.471s][info ][gc             ] GC(34) Pause Young (Allocation Failure) 2013M->258M(2144M) 16.071ms
[20.471s][info ][gc,cpu         ] GC(34) User=0.06s Sys=0.00s Real=0.02s
[20.471s][info ][safepoint      ] Safepoint "ParallelGCFailedAllocation", Time since last: 263420122 ns, Reaching safepoint: 312107 ns, At safepoint: 16205746 ns, Total: 16517853 ns
[20.717s][info ][safepoint      ] Safepoint "ICBufferFull", Time since last: 244828225 ns, Reaching safepoint: 708315 ns, At safepoint: 30501 ns, Total: 738816 ns
[20.908s][info ][safepoint      ] Safepoint "ICBufferFull", Time since last: 190252560 ns, Reaching safepoint: 252805 ns, At safepoint: 35001 ns, Total: 287806 ns
[20.908s][info ][safepoint      ] Safepoint "ICBufferFull", Time since last: 62101 ns, Reaching safepoint: 91602 ns, At safepoint: 26401 ns, Total: 118003 ns
[21.131s][info ][gc,start       ] GC(35) Pause Young (Allocation Failure)
[21.149s][debug][gc,phases      ] GC(35) Scavenge 18.690ms
[21.149s][debug][gc,ref         ] GC(35) Skipped phase 1 of Reference Processing: no references
[21.149s][debug][gc,ref         ] GC(35) Skipped phase 3 of Reference Processing: no references
[21.149s][debug][gc,phases      ] GC(35) Reference Processing 0.129ms
[21.150s][debug][gc,phases      ] GC(35) Weak Processing 0.776ms
[21.150s][debug][gc,age         ] GC(35) Desired survivor size 141033472 bytes, new threshold 15 (max threshold 15)
[21.150s][info ][gc,heap        ] GC(35) PSYoungGen: 1865488K(1948160K)->86575K(1959424K) Eden: 1804288K(1804288K)->0K(1820672K) From: 61200K(143872K)->86575K(138752K)
[21.150s][info ][gc,heap        ] GC(35) ParOldGen: 203022K(247808K)->206103K(247808K)
[21.150s][info ][gc,metaspace   ] GC(35) Metaspace: 74256K(74944K)->74256K(74944K) NonClass: 63848K(64192K)->63848K(64192K) Class: 10407K(10752K)->10407K(10752K)
[21.150s][info ][gc             ] GC(35) Pause Young (Allocation Failure) 2020M->285M(2155M) 19.768ms
[21.150s][info ][gc,cpu         ] GC(35) User=0.09s Sys=0.00s Real=0.02s
[21.150s][info ][safepoint      ] Safepoint "ParallelGCFailedAllocation", Time since last: 222494948 ns, Reaching safepoint: 243806 ns, At safepoint: 19901924 ns, Total: 20145730 ns
[21.632s][info ][gc,start       ] GC(36) Pause Young (Allocation Failure)
[21.649s][debug][gc,phases      ] GC(36) Scavenge 16.798ms
[21.649s][debug][gc,ref         ] GC(36) Skipped phase 1 of Reference Processing: no references
[21.649s][debug][gc,ref         ] GC(36) Skipped phase 3 of Reference Processing: no references
[21.649s][debug][gc,phases      ] GC(36) Reference Processing 0.077ms
[21.649s][debug][gc,phases      ] GC(36) Weak Processing 0.671ms
[21.649s][debug][gc,age         ] GC(36) Desired survivor size 138412032 bytes, new threshold 15 (max threshold 15)
[21.649s][info ][gc,heap        ] GC(36) PSYoungGen: 1907247K(1959424K)->83007K(1958400K) Eden: 1820672K(1820672K)->0K(1820672K) From: 86575K(138752K)->83007K(137728K)
[21.649s][info ][gc,heap        ] GC(36) ParOldGen: 206103K(247808K)->208938K(247808K)
[21.649s][info ][gc,metaspace   ] GC(36) Metaspace: 74411K(75136K)->74411K(75136K) NonClass: 63999K(64384K)->63999K(64384K) Class: 10412K(10752K)->10412K(10752K)
[21.650s][info ][gc             ] GC(36) Pause Young (Allocation Failure) 2063M->285M(2154M) 17.716ms
[21.650s][info ][gc,cpu         ] GC(36) User=0.07s Sys=0.00s Real=0.01s
[21.650s][info ][safepoint      ] Safepoint "ParallelGCFailedAllocation", Time since last: 479144525 ns, Reaching safepoint: 2215448 ns, At safepoint: 17854981 ns, Total: 20070429 ns
[22.126s][info ][safepoint      ] Safepoint "ICBufferFull", Time since last: 476162361 ns, Reaching safepoint: 209004 ns, At safepoint: 25601 ns, Total: 234605 ns
[22.194s][info ][gc,start       ] GC(37) Pause Young (Allocation Failure)
[22.211s][debug][gc,phases      ] GC(37) Scavenge 17.560ms
[22.211s][debug][gc,ref         ] GC(37) Skipped phase 1 of Reference Processing: no references
[22.211s][debug][gc,ref         ] GC(37) Skipped phase 3 of Reference Processing: no references
[22.211s][debug][gc,phases      ] GC(37) Reference Processing 0.090ms
[22.212s][debug][gc,phases      ] GC(37) Weak Processing 0.726ms
[22.212s][debug][gc,age         ] GC(37) Desired survivor size 132644864 bytes, new threshold 15 (max threshold 15)
[22.212s][info ][gc,heap        ] GC(37) PSYoungGen: 1903679K(1958400K)->75151K(1967616K) Eden: 1820672K(1820672K)->0K(1832448K) From: 83007K(137728K)->75151K(135168K)
[22.212s][info ][gc,heap        ] GC(37) ParOldGen: 208938K(247808K)->215144K(247808K)
[22.212s][info ][gc,metaspace   ] GC(37) Metaspace: 74579K(75264K)->74579K(75264K) NonClass: 64166K(64512K)->64166K(64512K) Class: 10413K(10752K)->10413K(10752K)
[22.212s][info ][gc             ] GC(37) Pause Young (Allocation Failure) 2063M->283M(2163M) 18.523ms
[22.212s][info ][gc,cpu         ] GC(37) User=0.09s Sys=0.01s Real=0.02s
[22.212s][info ][safepoint      ] Safepoint "ParallelGCFailedAllocation", Time since last: 67444939 ns, Reaching safepoint: 150003 ns, At safepoint: 18642498 ns, Total: 18792501 ns
[22.425s][info ][safepoint      ] Safepoint "ICBufferFull", Time since last: 210606194 ns, Reaching safepoint: 1657736 ns, At safepoint: 29100 ns, Total: 1686836 ns
[22.622s][info ][safepoint      ] Safepoint "ICBufferFull", Time since last: 197442813 ns, Reaching safepoint: 167504 ns, At safepoint: 25500 ns, Total: 193004 ns
[22.799s][info ][gc,start       ] GC(38) Pause Young (Allocation Failure)
[22.816s][debug][gc,phases      ] GC(38) Scavenge 16.301ms
[22.816s][debug][gc,ref         ] GC(38) Skipped phase 1 of Reference Processing: no references
[22.816s][debug][gc,ref         ] GC(38) Skipped phase 3 of Reference Processing: no references
[22.816s][debug][gc,phases      ] GC(38) Reference Processing 0.099ms
[22.817s][debug][gc,phases      ] GC(38) Weak Processing 0.722ms
[22.817s][debug][gc,age         ] GC(38) Desired survivor size 127926272 bytes, new threshold 15 (max threshold 15)
[22.817s][info ][gc,heap        ] GC(38) PSYoungGen: 1907599K(1967616K)->67810K(1961984K) Eden: 1832448K(1832448K)->0K(1832448K) From: 75151K(135168K)->67810K(129536K)
[22.817s][info ][gc,heap        ] GC(38) ParOldGen: 215144K(247808K)->223260K(247808K)
[22.817s][info ][gc,metaspace   ] GC(38) Metaspace: 74760K(75392K)->74760K(75392K) NonClass: 64337K(64640K)->64337K(64640K) Class: 10422K(10752K)->10422K(10752K)
[22.817s][info ][gc             ] GC(38) Pause Young (Allocation Failure) 2072M->284M(2158M) 17.268ms
[22.817s][info ][gc,cpu         ] GC(38) User=0.04s Sys=0.02s Real=0.02s
[22.817s][info ][safepoint      ] Safepoint "ParallelGCFailedAllocation", Time since last: 177107079 ns, Reaching safepoint: 173204 ns, At safepoint: 17390471 ns, Total: 17563675 ns
[22.951s][info ][safepoint      ] Safepoint "ICBufferFull", Time since last: 133789355 ns, Reaching safepoint: 691615 ns, At safepoint: 24300 ns, Total: 715915 ns
[23.239s][info ][safepoint      ] Safepoint "ICBufferFull", Time since last: 287452534 ns, Reaching safepoint: 461410 ns, At safepoint: 40101 ns, Total: 501511 ns
[23.368s][info ][gc,start       ] GC(39) Pause Young (Allocation Failure)
[23.383s][debug][gc,phases      ] GC(39) Scavenge 14.745ms
[23.383s][debug][gc,ref         ] GC(39) Skipped phase 1 of Reference Processing: no references
[23.383s][debug][gc,ref         ] GC(39) Skipped phase 3 of Reference Processing: no references
[23.383s][debug][gc,phases      ] GC(39) Reference Processing 0.085ms
[23.384s][debug][gc,phases      ] GC(39) Weak Processing 0.716ms
[23.384s][debug][gc,age         ] GC(39) Desired survivor size 125304832 bytes, new threshold 15 (max threshold 15)
[23.384s][info ][gc,heap        ] GC(39) PSYoungGen: 1900258K(1961984K)->59535K(1974784K) Eden: 1832448K(1832448K)->0K(1849856K) From: 67810K(129536K)->59535K(124928K)
[23.384s][info ][gc,heap        ] GC(39) ParOldGen: 223260K(247808K)->232543K(247808K)
[23.384s][info ][gc,metaspace   ] GC(39) Metaspace: 74954K(75648K)->74954K(75648K) NonClass: 64515K(64896K)->64515K(64896K) Class: 10439K(10752K)->10439K(10752K)
[23.384s][info ][gc             ] GC(39) Pause Young (Allocation Failure) 2073M->285M(2170M) 15.683ms
[23.384s][info ][gc,cpu         ] GC(39) User=0.06s Sys=0.00s Real=0.02s
[23.384s][debug][gc,phases      ] GC(40) Pre Compact 0.011ms
[23.384s][info ][gc,start       ] GC(40) Pause Full (Ergonomics)
[23.384s][info ][gc,phases,start] GC(40) Marking Phase
[23.482s][debug][gc,phases      ] GC(40) Par Mark 97.357ms
[23.482s][debug][gc,ref         ] GC(40) Skipped phase 1 of Reference Processing: no references
[23.482s][debug][gc,ref         ] GC(40) Skipped phase 3 of Reference Processing: no references
[23.482s][debug][gc,phases      ] GC(40) Reference Processing 0.319ms
[23.482s][debug][gc,phases      ] GC(40) Weak Processing 0.614ms
[23.483s][debug][gc,phases      ] GC(40) ClassLoaderData 0.064ms
[23.483s][debug][gc,phases      ] GC(40) Trigger cleanups 0.000ms
[23.494s][debug][gc,phases      ] GC(40) Class Unloading 11.545ms
[23.494s][info ][gc,phases      ] GC(40) Marking Phase 109.993ms
[23.494s][info ][gc,phases,start] GC(40) Summary Phase
[23.494s][info ][gc,phases      ] GC(40) Summary Phase 0.010ms
[23.494s][info ][gc,phases,start] GC(40) Adjust Roots
[23.513s][info ][gc,phases      ] GC(40) Adjust Roots 19.011ms
[23.513s][info ][gc,phases,start] GC(40) Compaction Phase
[23.699s][info ][gc,phases      ] GC(40) Compaction Phase 186.099ms
[23.699s][info ][gc,phases,start] GC(40) Post Compact
[23.701s][info ][gc,phases      ] GC(40) Post Compact 1.314ms
[23.701s][info ][gc,heap        ] GC(40) PSYoungGen: 59535K(1974784K)->55830K(1974784K) Eden: 0K(1849856K)->0K(1849856K) From: 59535K(124928K)->55830K(124928K)
[23.701s][info ][gc,heap        ] GC(40) ParOldGen: 232543K(247808K)->232147K(275456K)
[23.701s][info ][gc,metaspace   ] GC(40) Metaspace: 74954K(75648K)->74954K(75648K) NonClass: 64515K(64896K)->64515K(64896K) Class: 10439K(10752K)->10439K(10752K)
[23.701s][info ][gc             ] GC(40) Pause Full (Ergonomics) 285M->281M(2197M) 316.652ms
[23.701s][info ][gc,cpu         ] GC(40) User=1.13s Sys=0.01s Real=0.31s
[23.704s][info ][safepoint      ] Safepoint "ParallelGCFailedAllocation", Time since last: 128879349 ns, Reaching safepoint: 142103 ns, At safepoint: 335222853 ns, Total: 335364956 ns
[23.983s][info ][safepoint      ] Safepoint "ICBufferFull", Time since last: 279793870 ns, Reaching safepoint: 149703 ns, At safepoint: 21600 ns, Total: 171303 ns
[24.223s][info ][safepoint      ] Safepoint "ICBufferFull", Time since last: 239372308 ns, Reaching safepoint: 216304 ns, At safepoint: 45901 ns, Total: 262205 ns
[24.262s][info ][gc,start       ] GC(41) Pause Young (Allocation Failure)
[24.298s][debug][gc,phases      ] GC(41) Scavenge 35.664ms
[24.298s][debug][gc,ref         ] GC(41) Skipped phase 1 of Reference Processing: no references
[24.298s][debug][gc,ref         ] GC(41) Skipped phase 3 of Reference Processing: no references
[24.298s][debug][gc,phases      ] GC(41) Reference Processing 0.033ms
[24.298s][debug][gc,phases      ] GC(41) Weak Processing 0.538ms
[24.298s][debug][gc,age         ] GC(41) Desired survivor size 123731968 bytes, new threshold 15 (max threshold 15)
[24.298s][info ][gc,heap        ] GC(41) PSYoungGen: 1905686K(1974784K)->50118K(1972224K) Eden: 1849856K(1849856K)->0K(1849856K) From: 55830K(124928K)->50118K(122368K)
[24.298s][info ][gc,heap        ] GC(41) ParOldGen: 232147K(275456K)->239181K(275456K)
[24.298s][info ][gc,metaspace   ] GC(41) Metaspace: 75000K(75648K)->75000K(75648K) NonClass: 64555K(64896K)->64555K(64896K) Class: 10444K(10752K)->10444K(10752K)
[24.298s][info ][gc             ] GC(41) Pause Young (Allocation Failure) 2087M->282M(2195M) 36.356ms
[24.298s][info ][gc,cpu         ] GC(41) User=0.14s Sys=0.00s Real=0.04s
[24.298s][info ][safepoint      ] Safepoint "ParallelGCFailedAllocation", Time since last: 38762827 ns, Reaching safepoint: 124203 ns, At safepoint: 36480178 ns, Total: 36604381 ns
[24.507s][info ][safepoint      ] Safepoint "ICBufferFull", Time since last: 208406246 ns, Reaching safepoint: 202705 ns, At safepoint: 29800 ns, Total: 232505 ns
[24.739s][info ][safepoint      ] Safepoint "ICBufferFull", Time since last: 231700043 ns, Reaching safepoint: 177904 ns, At safepoint: 27401 ns, Total: 205305 ns
[24.847s][info ][gc,start       ] GC(42) Pause Young (Allocation Failure)
[24.858s][debug][gc,phases      ] GC(42) Scavenge 10.626ms
[24.858s][debug][gc,ref         ] GC(42) Skipped phase 1 of Reference Processing: no references
[24.858s][debug][gc,ref         ] GC(42) Skipped phase 3 of Reference Processing: no references
[24.858s][debug][gc,ref         ] GC(42) Skipped phase 4 of Reference Processing: no references
[24.858s][debug][gc,phases      ] GC(42) Reference Processing 0.038ms
[24.859s][debug][gc,phases      ] GC(42) Weak Processing 0.582ms
[24.859s][debug][gc,age         ] GC(42) Desired survivor size 123207680 bytes, new threshold 15 (max threshold 15)
[24.859s][info ][gc,heap        ] GC(42) PSYoungGen: 1899974K(1972224K)->42699K(1976832K) Eden: 1849856K(1849856K)->0K(1856000K) From: 50118K(122368K)->42699K(120832K)
[24.859s][info ][gc,heap        ] GC(42) ParOldGen: 239181K(275456K)->246864K(275456K)
[24.859s][info ][gc,metaspace   ] GC(42) Metaspace: 75030K(75648K)->75030K(75648K) NonClass: 64585K(64896K)->64585K(64896K) Class: 10444K(10752K)->10444K(10752K)
[24.859s][info ][gc             ] GC(42) Pause Young (Allocation Failure) 2089M->282M(2199M) 11.381ms
[24.859s][info ][gc,cpu         ] GC(42) User=0.04s Sys=0.00s Real=0.01s
[24.859s][info ][safepoint      ] Safepoint "ParallelGCFailedAllocation", Time since last: 106147464 ns, Reaching safepoint: 2151846 ns, At safepoint: 11497146 ns, Total: 13648992 ns
[25.136s][info ][safepoint      ] Safepoint "ICBufferFull", Time since last: 276759204 ns, Reaching safepoint: 200404 ns, At safepoint: 31601 ns, Total: 232005 ns
[25.389s][info ][gc,start       ] GC(43) Pause Young (Allocation Failure)
[25.398s][debug][gc,phases      ] GC(43) Scavenge 9.493ms
[25.398s][debug][gc,ref         ] GC(43) Skipped phase 1 of Reference Processing: no references
[25.398s][debug][gc,ref         ] GC(43) Skipped phase 3 of Reference Processing: no references
[25.398s][debug][gc,ref         ] GC(43) Skipped phase 4 of Reference Processing: no references
[25.398s][debug][gc,phases      ] GC(43) Reference Processing 0.053ms
[25.399s][debug][gc,phases      ] GC(43) Weak Processing 0.601ms
[25.399s][debug][gc,age         ] GC(43) Desired survivor size 122683392 bytes, new threshold 15 (max threshold 15)
[25.399s][info ][gc,heap        ] GC(43) PSYoungGen: 1898699K(1976832K)->39065K(1976320K) Eden: 1856000K(1856000K)->0K(1856000K) From: 42699K(120832K)->39065K(120320K)
[25.399s][info ][gc,heap        ] GC(43) ParOldGen: 246864K(275456K)->250763K(275456K)
[25.399s][info ][gc,metaspace   ] GC(43) Metaspace: 75084K(75712K)->75084K(75712K) NonClass: 64639K(64960K)->64639K(64960K) Class: 10445K(10752K)->10445K(10752K)
[25.399s][info ][gc             ] GC(43) Pause Young (Allocation Failure) 2095M->283M(2199M) 10.278ms
[25.399s][info ][gc,cpu         ] GC(43) User=0.04s Sys=0.00s Real=0.01s
[25.399s][info ][safepoint      ] Safepoint "ParallelGCFailedAllocation", Time since last: 251830172 ns, Reaching safepoint: 864119 ns, At safepoint: 10387721 ns, Total: 11251840 ns
[25.699s][info ][safepoint      ] Safepoint "ICBufferFull", Time since last: 300237605 ns, Reaching safepoint: 222305 ns, At safepoint: 24600 ns, Total: 246905 ns
[25.846s][info ][gc,start       ] GC(44) Pause Young (Allocation Failure)
[25.854s][debug][gc,phases      ] GC(44) Scavenge 7.464ms
[25.854s][debug][gc,ref         ] GC(44) Skipped phase 1 of Reference Processing: no references
[25.854s][debug][gc,ref         ] GC(44) Skipped phase 3 of Reference Processing: no references
[25.854s][debug][gc,ref         ] GC(44) Skipped phase 4 of Reference Processing: no references
[25.854s][debug][gc,phases      ] GC(44) Reference Processing 0.032ms
[25.855s][debug][gc,phases      ] GC(44) Weak Processing 0.624ms
[25.855s][debug][gc,age         ] GC(44) Desired survivor size 121634816 bytes, new threshold 15 (max threshold 15)
[25.855s][info ][gc,heap        ] GC(44) PSYoungGen: 1895065K(1976320K)->39030K(1978368K) Eden: 1856000K(1856000K)->0K(1858560K) From: 39065K(120320K)->39030K(119808K)
[25.855s][info ][gc,heap        ] GC(44) ParOldGen: 250763K(275456K)->251019K(275456K)
[25.855s][info ][gc,metaspace   ] GC(44) Metaspace: 75149K(75776K)->75149K(75776K) NonClass: 64703K(65024K)->64703K(65024K) Class: 10446K(10752K)->10446K(10752K)
[25.855s][info ][gc             ] GC(44) Pause Young (Allocation Failure) 2095M->283M(2201M) 8.278ms
[25.855s][info ][gc,cpu         ] GC(44) User=0.03s Sys=0.00s Real=0.01s
[25.855s][info ][safepoint      ] Safepoint "ParallelGCFailedAllocation", Time since last: 146700830 ns, Reaching safepoint: 182604 ns, At safepoint: 8396679 ns, Total: 8579283 ns
[26.283s][info ][safepoint      ] Safepoint "ICBufferFull", Time since last: 428283736 ns, Reaching safepoint: 210105 ns, At safepoint: 21700 ns, Total: 231805 ns
[26.384s][info ][gc,start       ] GC(45) Pause Young (Allocation Failure)
[26.394s][debug][gc,phases      ] GC(45) Scavenge 10.533ms
[26.394s][debug][gc,ref         ] GC(45) Skipped phase 1 of Reference Processing: no references
[26.394s][debug][gc,ref         ] GC(45) Skipped phase 3 of Reference Processing: no references
[26.394s][debug][gc,phases      ] GC(45) Reference Processing 0.032ms
[26.395s][debug][gc,phases      ] GC(45) Weak Processing 0.585ms
[26.395s][debug][gc,age         ] GC(45) Desired survivor size 119013376 bytes, new threshold 15 (max threshold 15)
[26.395s][info ][gc,heap        ] GC(45) PSYoungGen: 1897590K(1978368K)->40784K(1977344K) Eden: 1858560K(1858560K)->0K(1858560K) From: 39030K(119808K)->40784K(118784K)
[26.395s][info ][gc,heap        ] GC(45) ParOldGen: 251019K(275456K)->251163K(275456K)
[26.395s][info ][gc,metaspace   ] GC(45) Metaspace: 75198K(75840K)->75198K(75840K) NonClass: 64751K(65088K)->64751K(65088K) Class: 10446K(10752K)->10446K(10752K)
[26.395s][info ][gc             ] GC(45) Pause Young (Allocation Failure) 2098M->285M(2200M) 11.308ms
[26.395s][info ][gc,cpu         ] GC(45) User=0.05s Sys=0.00s Real=0.01s
[26.395s][info ][safepoint      ] Safepoint "ParallelGCFailedAllocation", Time since last: 96029548 ns, Reaching safepoint: 4292892 ns, At safepoint: 11433444 ns, Total: 15726336 ns
[26.715s][info ][safepoint      ] Safepoint "ICBufferFull", Time since last: 320241831 ns, Reaching safepoint: 285006 ns, At safepoint: 25900 ns, Total: 310906 ns
[26.900s][info ][gc,start       ] GC(46) Pause Young (Allocation Failure)
[26.909s][debug][gc,phases      ] GC(46) Scavenge 9.021ms
[26.909s][debug][gc,ref         ] GC(46) Skipped phase 1 of Reference Processing: no references
[26.909s][debug][gc,ref         ] GC(46) Skipped phase 3 of Reference Processing: no references
[26.909s][debug][gc,ref         ] GC(46) Skipped phase 4 of Reference Processing: no references
[26.909s][debug][gc,phases      ] GC(46) Reference Processing 0.029ms
[26.910s][debug][gc,phases      ] GC(46) Weak Processing 0.530ms
[26.910s][debug][gc,age         ] GC(46) Desired survivor size 116916224 bytes, new threshold 15 (max threshold 15)
[26.910s][info ][gc,heap        ] GC(46) PSYoungGen: 1899344K(1977344K)->40966K(1982976K) Eden: 1858560K(1858560K)->0K(1866752K) From: 40784K(118784K)->40966K(116224K)
[26.910s][info ][gc,heap        ] GC(46) ParOldGen: 251163K(275456K)->251243K(275456K)
[26.910s][info ][gc,metaspace   ] GC(46) Metaspace: 75248K(75904K)->75248K(75904K) NonClass: 64800K(65152K)->64800K(65152K) Class: 10447K(10752K)->10447K(10752K)
[26.910s][info ][gc             ] GC(46) Pause Young (Allocation Failure) 2100M->285M(2205M) 9.713ms
[26.910s][info ][gc,cpu         ] GC(46) User=0.04s Sys=0.00s Real=0.01s
[26.910s][info ][safepoint      ] Safepoint "ParallelGCFailedAllocation", Time since last: 182435092 ns, Reaching safepoint: 2179746 ns, At safepoint: 9838610 ns, Total: 12018356 ns
[27.223s][info ][safepoint      ] Safepoint "ICBufferFull", Time since last: 312666170 ns, Reaching safepoint: 207104 ns, At safepoint: 26301 ns, Total: 233405 ns
[27.442s][info ][gc,start       ] GC(47) Pause Young (Allocation Failure)
[27.451s][debug][gc,phases      ] GC(47) Scavenge 9.345ms
[27.451s][debug][gc,ref         ] GC(47) Skipped phase 1 of Reference Processing: no references
[27.452s][debug][gc,ref         ] GC(47) Skipped phase 3 of Reference Processing: no references
[27.452s][debug][gc,ref         ] GC(47) Skipped phase 4 of Reference Processing: no references
[27.452s][debug][gc,phases      ] GC(47) Reference Processing 0.039ms
[27.452s][debug][gc,phases      ] GC(47) Weak Processing 0.695ms
[27.452s][debug][gc,age         ] GC(47) Desired survivor size 113770496 bytes, new threshold 15 (max threshold 15)
[27.452s][info ][gc,heap        ] GC(47) PSYoungGen: 1907718K(1982976K)->41158K(1980928K) Eden: 1866752K(1866752K)->0K(1866752K) From: 40966K(116224K)->41158K(114176K)
[27.452s][info ][gc,heap        ] GC(47) ParOldGen: 251243K(275456K)->251371K(275456K)
[27.452s][info ][gc,metaspace   ] GC(47) Metaspace: 75278K(75904K)->75278K(75904K) NonClass: 64830K(65152K)->64830K(65152K) Class: 10447K(10752K)->10447K(10752K)
[27.452s][info ][gc             ] GC(47) Pause Young (Allocation Failure) 2108M->285M(2203M) 10.233ms
[27.452s][info ][gc,cpu         ] GC(47) User=0.03s Sys=0.01s Real=0.02s
[27.452s][info ][safepoint      ] Safepoint "ParallelGCFailedAllocation", Time since last: 218978570 ns, Reaching safepoint: 188504 ns, At safepoint: 10362321 ns, Total: 10550825 ns
[27.891s][info ][safepoint      ] Safepoint "ICBufferFull", Time since last: 438672257 ns, Reaching safepoint: 183903 ns, At safepoint: 25001 ns, Total: 208904 ns
[27.955s][info ][gc,start       ] GC(48) Pause Young (Allocation Failure)
[27.966s][debug][gc,phases      ] GC(48) Scavenge 10.946ms
[27.966s][debug][gc,ref         ] GC(48) Skipped phase 1 of Reference Processing: no references
[27.966s][debug][gc,ref         ] GC(48) Skipped phase 3 of Reference Processing: no references
[27.966s][debug][gc,phases      ] GC(48) Reference Processing 0.049ms
[27.967s][debug][gc,phases      ] GC(48) Weak Processing 0.706ms
[27.967s][debug][gc,age         ] GC(48) Desired survivor size 111149056 bytes, new threshold 15 (max threshold 15)
[27.967s][info ][gc,heap        ] GC(48) PSYoungGen: 1907910K(1980928K)->40566K(1988608K) Eden: 1866752K(1866752K)->0K(1877504K) From: 41158K(114176K)->40566K(111104K)
[27.967s][info ][gc,heap        ] GC(48) ParOldGen: 251371K(275456K)->252103K(275456K)
[27.967s][info ][gc,metaspace   ] GC(48) Metaspace: 75290K(75904K)->75290K(75904K) NonClass: 64841K(65152K)->64841K(65152K) Class: 10448K(10752K)->10448K(10752K)
[27.967s][info ][gc             ] GC(48) Pause Young (Allocation Failure) 2108M->285M(2211M) 11.883ms
[27.967s][info ][gc,cpu         ] GC(48) User=0.05s Sys=0.00s Real=0.01s
[27.967s][info ][safepoint      ] Safepoint "ParallelGCFailedAllocation", Time since last: 63273450 ns, Reaching safepoint: 692214 ns, At safepoint: 12014157 ns, Total: 12706371 ns
[28.321s][info ][safepoint      ] Safepoint "ICBufferFull", Time since last: 353140731 ns, Reaching safepoint: 180004 ns, At safepoint: 26001 ns, Total: 206005 ns
[28.472s][info ][gc,start       ] GC(49) Pause Young (Allocation Failure)
[28.481s][debug][gc,phases      ] GC(49) Scavenge 9.443ms
[28.481s][debug][gc,ref         ] GC(49) Skipped phase 1 of Reference Processing: no references
[28.481s][debug][gc,ref         ] GC(49) Skipped phase 3 of Reference Processing: no references
[28.481s][debug][gc,phases      ] GC(49) Reference Processing 0.033ms
[28.482s][debug][gc,phases      ] GC(49) Weak Processing 0.606ms
[28.482s][debug][gc,age         ] GC(49) Desired survivor size 108003328 bytes, new threshold 15 (max threshold 15)
[28.482s][info ][gc,heap        ] GC(49) PSYoungGen: 1918070K(1988608K)->39249K(1986048K) Eden: 1877504K(1877504K)->0K(1877504K) From: 40566K(111104K)->39249K(108544K)
[28.482s][info ][gc,heap        ] GC(49) ParOldGen: 252103K(275456K)->253725K(275456K)
[28.482s][info ][gc,metaspace   ] GC(49) Metaspace: 75334K(75968K)->75334K(75968K) NonClass: 64880K(65216K)->64880K(65216K) Class: 10454K(10752K)->10454K(10752K)
[28.482s][info ][gc             ] GC(49) Pause Young (Allocation Failure) 2119M->286M(2208M) 10.224ms
[28.482s][info ][gc,cpu         ] GC(49) User=0.05s Sys=0.00s Real=0.00s
[28.482s][info ][safepoint      ] Safepoint "ParallelGCFailedAllocation", Time since last: 150762615 ns, Reaching safepoint: 144103 ns, At safepoint: 10331120 ns, Total: 10475223 ns
[29.040s][info ][gc,start       ] GC(50) Pause Young (Allocation Failure)
[29.053s][debug][gc,phases      ] GC(50) Scavenge 12.756ms
[29.053s][debug][gc,ref         ] GC(50) Skipped phase 1 of Reference Processing: no references
[29.053s][debug][gc,ref         ] GC(50) Skipped phase 3 of Reference Processing: no references
[29.053s][debug][gc,phases      ] GC(50) Reference Processing 0.027ms
[29.054s][debug][gc,phases      ] GC(50) Weak Processing 0.577ms
[29.054s][debug][gc,age         ] GC(50) Desired survivor size 103284736 bytes, new threshold 15 (max threshold 15)
[29.054s][info ][gc,heap        ] GC(50) PSYoungGen: 1916753K(1986048K)->49136K(1996288K) Eden: 1877504K(1877504K)->0K(1890816K) From: 39249K(108544K)->49136K(105472K)
[29.054s][info ][gc,heap        ] GC(50) ParOldGen: 253725K(275456K)->254315K(275456K)
[29.054s][info ][gc,metaspace   ] GC(50) Metaspace: 75368K(75968K)->75368K(75968K) NonClass: 64914K(65216K)->64914K(65216K) Class: 10454K(10752K)->10454K(10752K)
[29.054s][info ][gc             ] GC(50) Pause Young (Allocation Failure) 2119M->296M(2218M) 13.518ms
[29.054s][info ][gc,cpu         ] GC(50) User=0.06s Sys=0.00s Real=0.02s
[29.054s][info ][safepoint      ] Safepoint "ParallelGCFailedAllocation", Time since last: 558319208 ns, Reaching safepoint: 224405 ns, At safepoint: 13645291 ns, Total: 13869696 ns
[29.269s][info ][safepoint      ] Safepoint "ICBufferFull", Time since last: 214636277 ns, Reaching safepoint: 179104 ns, At safepoint: 27900 ns, Total: 207004 ns
[29.511s][info ][safepoint      ] Safepoint "ICBufferFull", Time since last: 242199265 ns, Reaching safepoint: 160204 ns, At safepoint: 27800 ns, Total: 188004 ns
[29.623s][info ][gc,start       ] GC(51) Pause Young (Allocation Failure)
[29.637s][debug][gc,phases      ] GC(51) Scavenge 14.572ms
[29.637s][debug][gc,ref         ] GC(51) Skipped phase 1 of Reference Processing: no references
[29.637s][debug][gc,ref         ] GC(51) Skipped phase 3 of Reference Processing: no references
[29.637s][debug][gc,phases      ] GC(51) Reference Processing 0.033ms
[29.638s][debug][gc,phases      ] GC(51) Weak Processing 0.797ms
[29.638s][debug][gc,age         ] GC(51) Desired survivor size 105381888 bytes, new threshold 15 (max threshold 15)
[29.638s][info ][gc,heap        ] GC(51) PSYoungGen: 1939952K(1996288K)->13488K(1991680K) Eden: 1890816K(1890816K)->0K(1890816K) From: 49136K(105472K)->13488K(100864K)
[29.638s][info ][gc,heap        ] GC(51) ParOldGen: 254315K(275456K)->287651K(292352K)
[29.638s][info ][gc,metaspace   ] GC(51) Metaspace: 75435K(76032K)->75435K(76032K) NonClass: 64979K(65280K)->64979K(65280K) Class: 10455K(10752K)->10455K(10752K)
[29.638s][info ][gc             ] GC(51) Pause Young (Allocation Failure) 2142M->294M(2230M) 15.590ms
[29.638s][info ][gc,cpu         ] GC(51) User=0.05s Sys=0.00s Real=0.02s
[29.638s][debug][gc,phases      ] GC(52) Pre Compact 0.018ms
[29.638s][info ][gc,start       ] GC(52) Pause Full (Ergonomics)
[29.638s][info ][gc,phases,start] GC(52) Marking Phase
[29.741s][debug][gc,phases      ] GC(52) Par Mark 102.912ms
[29.741s][debug][gc,ref         ] GC(52) Skipped phase 1 of Reference Processing: no references
[29.742s][debug][gc,ref         ] GC(52) Skipped phase 3 of Reference Processing: no references
[29.742s][debug][gc,phases      ] GC(52) Reference Processing 0.387ms
[29.742s][debug][gc,phases      ] GC(52) Weak Processing 0.587ms
[29.742s][debug][gc,phases      ] GC(52) ClassLoaderData 0.064ms
[29.742s][debug][gc,phases      ] GC(52) Trigger cleanups 0.000ms
[29.757s][debug][gc,phases      ] GC(52) Class Unloading 14.576ms
[29.757s][info ][gc,phases      ] GC(52) Marking Phase 118.643ms
[29.757s][info ][gc,phases,start] GC(52) Summary Phase
[29.757s][info ][gc,phases      ] GC(52) Summary Phase 0.008ms
[29.757s][info ][gc,phases,start] GC(52) Adjust Roots
[29.769s][info ][gc,phases      ] GC(52) Adjust Roots 12.407ms
[29.769s][info ][gc,phases,start] GC(52) Compaction Phase
[29.868s][info ][gc,phases      ] GC(52) Compaction Phase 99.080ms
[29.868s][info ][gc,phases,start] GC(52) Post Compact
[29.869s][info ][gc,phases      ] GC(52) Post Compact 0.799ms
[29.869s][info ][gc,heap        ] GC(52) PSYoungGen: 13488K(1991680K)->7074K(1991680K) Eden: 0K(1890816K)->0K(1890816K) From: 13488K(100864K)->7074K(100864K)
[29.869s][info ][gc,heap        ] GC(52) ParOldGen: 287651K(292352K)->292158K(355328K)
[29.869s][info ][gc,metaspace   ] GC(52) Metaspace: 75435K(76032K)->75435K(76032K) NonClass: 64979K(65280K)->64979K(65280K) Class: 10455K(10752K)->10455K(10752K)
[29.869s][info ][gc             ] GC(52) Pause Full (Ergonomics) 294M->292M(2292M) 231.186ms
[29.869s][info ][gc,cpu         ] GC(52) User=0.94s Sys=0.00s Real=0.23s
[29.911s][info ][safepoint      ] Safepoint "ParallelGCFailedAllocation", Time since last: 111184571 ns, Reaching safepoint: 127103 ns, At safepoint: 288575954 ns, Total: 288703057 ns
[30.338s][info ][gc,start       ] GC(53) Pause Young (Allocation Failure)
[30.372s][debug][gc,phases      ] GC(53) Scavenge 33.793ms
[30.372s][debug][gc,ref         ] GC(53) Skipped phase 1 of Reference Processing: no references
[30.372s][debug][gc,ref         ] GC(53) Skipped phase 3 of Reference Processing: no references
[30.372s][debug][gc,phases      ] GC(53) Reference Processing 0.023ms
[30.372s][debug][gc,phases      ] GC(53) Weak Processing 0.552ms
[30.372s][debug][gc,age         ] GC(53) Desired survivor size 106430464 bytes, new threshold 15 (max threshold 15)
[30.372s][info ][gc,heap        ] GC(53) PSYoungGen: 1897890K(1991680K)->9600K(1992192K) Eden: 1890816K(1890816K)->0K(1889280K) From: 7074K(100864K)->9600K(102912K)
[30.372s][info ][gc,heap        ] GC(53) ParOldGen: 292158K(355328K)->292366K(355328K)
[30.372s][info ][gc,metaspace   ] GC(53) Metaspace: 75485K(76096K)->75485K(76096K) NonClass: 65026K(65344K)->65026K(65344K) Class: 10458K(10752K)->10458K(10752K)
[30.373s][info ][gc             ] GC(53) Pause Young (Allocation Failure) 2138M->294M(2292M) 34.516ms
[30.373s][info ][gc,cpu         ] GC(53) User=0.13s Sys=0.00s Real=0.04s
[30.373s][info ][safepoint      ] Safepoint "ParallelGCFailedAllocation", Time since last: 426613297 ns, Reaching safepoint: 206105 ns, At safepoint: 34622538 ns, Total: 34828643 ns
[30.824s][info ][safepoint      ] Safepoint "ICBufferFull", Time since last: 451347524 ns, Reaching safepoint: 180004 ns, At safepoint: 20500 ns, Total: 200504 ns
[31.003s][info ][safepoint      ] Safepoint "ICBufferFull", Time since last: 178266102 ns, Reaching safepoint: 170003 ns, At safepoint: 21901 ns, Total: 191904 ns
[31.014s][info ][gc,start       ] GC(54) Pause Young (Allocation Failure)
[31.027s][debug][gc,phases      ] GC(54) Scavenge 13.501ms
[31.028s][debug][gc,ref         ] GC(54) Skipped phase 1 of Reference Processing: no references
[31.028s][debug][gc,ref         ] GC(54) Skipped phase 3 of Reference Processing: no references
[31.028s][debug][gc,ref         ] GC(54) Skipped phase 4 of Reference Processing: no references
[31.028s][debug][gc,phases      ] GC(54) Reference Processing 0.025ms
[31.028s][debug][gc,phases      ] GC(54) Weak Processing 0.567ms
[31.028s][debug][gc,age         ] GC(54) Desired survivor size 105381888 bytes, new threshold 15 (max threshold 15)
[31.028s][info ][gc,heap        ] GC(54) PSYoungGen: 1898880K(1992192K)->17272K(1993216K) Eden: 1889280K(1889280K)->0K(1889280K) From: 9600K(102912K)->17272K(103936K)
[31.028s][info ][gc,heap        ] GC(54) ParOldGen: 292366K(355328K)->292622K(355328K)
[31.028s][info ][gc,metaspace   ] GC(54) Metaspace: 75525K(76160K)->75525K(76160K) NonClass: 65066K(65408K)->65066K(65408K) Class: 10458K(10752K)->10458K(10752K)
[31.028s][info ][gc             ] GC(54) Pause Young (Allocation Failure) 2139M->302M(2293M) 14.229ms
[31.028s][info ][gc,cpu         ] GC(54) User=0.04s Sys=0.00s Real=0.01s
[31.028s][info ][safepoint      ] Safepoint "ParallelGCFailedAllocation", Time since last: 11204539 ns, Reaching safepoint: 122202 ns, At safepoint: 14347806 ns, Total: 14470008 ns
[31.491s][info ][safepoint      ] Safepoint "ICBufferFull", Time since last: 459914306 ns, Reaching safepoint: 3188168 ns, At safepoint: 36501 ns, Total: 3224669 ns
[31.626s][info ][gc,start       ] GC(55) Pause Young (Allocation Failure)
[31.636s][debug][gc,phases      ] GC(55) Scavenge 9.781ms
[31.636s][debug][gc,ref         ] GC(55) Skipped phase 1 of Reference Processing: no references
[31.636s][debug][gc,ref         ] GC(55) Skipped phase 3 of Reference Processing: no references
[31.636s][debug][gc,ref         ] GC(55) Skipped phase 4 of Reference Processing: no references
[31.636s][debug][gc,phases      ] GC(55) Reference Processing 0.025ms
[31.636s][debug][gc,phases      ] GC(55) Weak Processing 0.507ms
[31.636s][debug][gc,age         ] GC(55) Desired survivor size 103284736 bytes, new threshold 15 (max threshold 15)
[31.636s][info ][gc,heap        ] GC(55) PSYoungGen: 1906552K(1993216K)->17424K(1996288K) Eden: 1889280K(1889280K)->0K(1893376K) From: 17272K(103936K)->17424K(102912K)
[31.636s][info ][gc,heap        ] GC(55) ParOldGen: 292622K(355328K)->292654K(355328K)
[31.636s][info ][gc,metaspace   ] GC(55) Metaspace: 75539K(76224K)->75539K(76224K) NonClass: 65080K(65472K)->65080K(65472K) Class: 10458K(10752K)->10458K(10752K)
[31.636s][info ][gc             ] GC(55) Pause Young (Allocation Failure) 2147M->302M(2296M) 10.456ms
[31.636s][info ][gc,cpu         ] GC(55) User=0.02s Sys=0.01s Real=0.01s
[31.636s][info ][safepoint      ] Safepoint "ParallelGCFailedAllocation", Time since last: 132057016 ns, Reaching safepoint: 2182846 ns, At safepoint: 10578826 ns, Total: 12761672 ns
[32.105s][info ][safepoint      ] Safepoint "ICBufferFull", Time since last: 468311885 ns, Reaching safepoint: 196904 ns, At safepoint: 28301 ns, Total: 225205 ns
[32.105s][info ][safepoint      ] Safepoint "ICBufferFull", Time since last: 97302 ns, Reaching safepoint: 103502 ns, At safepoint: 20901 ns, Total: 124403 ns
[32.316s][info ][safepoint      ] Safepoint "ParallelGCFailedAllocation", Time since last: 201209189 ns, Reaching safepoint: 9648506 ns, At safepoint: 45501 ns, Total: 9694007 ns
[32.324s][info ][gc,start       ] GC(56) Pause Young (Allocation Failure)
[32.346s][debug][gc,phases      ] GC(56) Scavenge 22.872ms
[32.347s][debug][gc,ref         ] GC(56) Skipped phase 1 of Reference Processing: no references
[32.347s][debug][gc,ref         ] GC(56) Skipped phase 3 of Reference Processing: no references
[32.347s][debug][gc,ref         ] GC(56) Skipped phase 4 of Reference Processing: no references
[32.347s][debug][gc,phases      ] GC(56) Reference Processing 0.024ms
[32.347s][debug][gc,phases      ] GC(56) Weak Processing 0.565ms
[32.347s][debug][gc,age         ] GC(56) Desired survivor size 98566144 bytes, new threshold 15 (max threshold 15)
[32.347s][info ][gc,heap        ] GC(56) PSYoungGen: 1910800K(1996288K)->32024K(1994240K) Eden: 1893376K(1893376K)->0K(1893376K) From: 17424K(102912K)->32024K(100864K)
[32.347s][info ][gc,heap        ] GC(56) ParOldGen: 292655K(355328K)->292687K(355328K)
[32.347s][info ][gc,metaspace   ] GC(56) Metaspace: 75568K(76224K)->75568K(76224K) NonClass: 65109K(65472K)->65109K(65472K) Class: 10458K(10752K)->10458K(10752K)
[32.347s][info ][gc             ] GC(56) Pause Young (Allocation Failure) 2151M->317M(2294M) 23.609ms
[32.347s][info ][gc,cpu         ] GC(56) User=0.08s Sys=0.00s Real=0.02s
[32.347s][info ][safepoint      ] Safepoint "ParallelGCFailedAllocation", Time since last: 7324256 ns, Reaching safepoint: 317107 ns, At safepoint: 23718106 ns, Total: 24035213 ns
[32.816s][info ][safepoint      ] Safepoint "ICBufferFull", Time since last: 468178081 ns, Reaching safepoint: 218505 ns, At safepoint: 25400 ns, Total: 243905 ns
[33.068s][info ][safepoint      ] Safepoint "ICBufferFull", Time since last: 251811769 ns, Reaching safepoint: 197604 ns, At safepoint: 21000 ns, Total: 218604 ns
[33.198s][info ][gc,start       ] GC(57) Pause Young (Allocation Failure)
[33.220s][debug][gc,phases      ] GC(57) Scavenge 21.565ms
[33.220s][debug][gc,ref         ] GC(57) Skipped phase 1 of Reference Processing: no references
[33.220s][debug][gc,ref         ] GC(57) Skipped phase 3 of Reference Processing: no references
[33.220s][debug][gc,phases      ] GC(57) Reference Processing 0.025ms
[33.220s][debug][gc,phases      ] GC(57) Weak Processing 0.531ms
[33.220s][debug][gc,age         ] GC(57) Desired survivor size 94896128 bytes, new threshold 15 (max threshold 15)
[33.220s][info ][gc,heap        ] GC(57) PSYoungGen: 1925400K(1994240K)->25312K(2004480K) Eden: 1893376K(1893376K)->0K(1908224K) From: 32024K(100864K)->25312K(96256K)
[33.220s][info ][gc,heap        ] GC(57) ParOldGen: 292687K(355328K)->292743K(355328K)
[33.220s][info ][gc,metaspace   ] GC(57) Metaspace: 75671K(76352K)->75671K(76352K) NonClass: 65206K(65600K)->65206K(65600K) Class: 10464K(10752K)->10464K(10752K)
[33.220s][info ][gc             ] GC(57) Pause Young (Allocation Failure) 2166M->310M(2304M) 22.235ms
[33.220s][info ][gc,cpu         ] GC(57) User=0.06s Sys=0.00s Real=0.02s
[33.220s][info ][safepoint      ] Safepoint "ParallelGCFailedAllocation", Time since last: 128062631 ns, Reaching safepoint: 2161646 ns, At safepoint: 22349976 ns, Total: 24511622 ns
[33.527s][info ][safepoint      ] Safepoint "ICBufferFull", Time since last: 306972044 ns, Reaching safepoint: 214705 ns, At safepoint: 19800 ns, Total: 234505 ns
[33.883s][info ][gc,start       ] GC(58) Pause Young (Allocation Failure)
[33.896s][debug][gc,phases      ] GC(58) Scavenge 12.351ms
[33.896s][debug][gc,ref         ] GC(58) Skipped phase 1 of Reference Processing: no references
[33.896s][debug][gc,ref         ] GC(58) Skipped phase 3 of Reference Processing: no references
[33.896s][debug][gc,phases      ] GC(58) Reference Processing 0.023ms
[33.896s][debug][gc,phases      ] GC(58) Weak Processing 0.549ms
[33.896s][debug][gc,age         ] GC(58) Desired survivor size 92798976 bytes, new threshold 15 (max threshold 15)
[33.896s][info ][gc,heap        ] GC(58) PSYoungGen: 1933536K(2004480K)->16800K(2000896K) Eden: 1908224K(1908224K)->0K(1908224K) From: 25312K(96256K)->16800K(92672K)
[33.896s][info ][gc,heap        ] GC(58) ParOldGen: 292743K(355328K)->292855K(355328K)
[33.896s][info ][gc,metaspace   ] GC(58) Metaspace: 75761K(76352K)->75761K(76352K) NonClass: 65296K(65600K)->65296K(65600K) Class: 10464K(10752K)->10464K(10752K)
[33.896s][info ][gc             ] GC(58) Pause Young (Allocation Failure) 2174M->302M(2301M) 13.053ms
[33.896s][info ][gc,cpu         ] GC(58) User=0.04s Sys=0.00s Real=0.01s
[33.897s][info ][safepoint      ] Safepoint "ParallelGCFailedAllocation", Time since last: 353654239 ns, Reaching safepoint: 2205447 ns, At safepoint: 13183381 ns, Total: 15388828 ns
[34.396s][info ][safepoint      ] Safepoint "ICBufferFull", Time since last: 499573050 ns, Reaching safepoint: 163503 ns, At safepoint: 22301 ns, Total: 185804 ns
[34.489s][info ][gc,start       ] GC(59) Pause Young (Allocation Failure)
[34.501s][debug][gc,phases      ] GC(59) Scavenge 12.738ms
[34.501s][debug][gc,ref         ] GC(59) Skipped phase 1 of Reference Processing: no references
[34.501s][debug][gc,ref         ] GC(59) Skipped phase 3 of Reference Processing: no references
[34.501s][debug][gc,phases      ] GC(59) Reference Processing 0.029ms
[34.502s][debug][gc,phases      ] GC(59) Weak Processing 0.676ms
[34.502s][debug][gc,age         ] GC(59) Desired survivor size 90701824 bytes, new threshold 15 (max threshold 15)
[34.502s][info ][gc,heap        ] GC(59) PSYoungGen: 1925024K(2000896K)->17072K(2008576K) Eden: 1908224K(1908224K)->0K(1917952K) From: 16800K(92672K)->17072K(90624K)
[34.502s][info ][gc,heap        ] GC(59) ParOldGen: 292855K(355328K)->292911K(355328K)
[34.502s][info ][gc,metaspace   ] GC(59) Metaspace: 75761K(76352K)->75761K(76352K) NonClass: 65297K(65600K)->65297K(65600K) Class: 10464K(10752K)->10464K(10752K)
[34.502s][info ][gc             ] GC(59) Pause Young (Allocation Failure) 2165M->302M(2308M) 13.573ms
[34.502s][info ][gc,cpu         ] GC(59) User=0.04s Sys=0.00s Real=0.01s
[34.502s][info ][safepoint      ] Safepoint "ParallelGCFailedAllocation", Time since last: 91276345 ns, Reaching safepoint: 1033222 ns, At safepoint: 13698592 ns, Total: 14731814 ns
[35.063s][info ][gc,start       ] GC(60) Pause Young (Allocation Failure)
[35.079s][debug][gc,phases      ] GC(60) Scavenge 15.910ms
[35.079s][debug][gc,ref         ] GC(60) Skipped phase 1 of Reference Processing: no references
[35.079s][debug][gc,ref         ] GC(60) Skipped phase 3 of Reference Processing: no references
[35.079s][debug][gc,phases      ] GC(60) Reference Processing 0.032ms
[35.080s][debug][gc,phases      ] GC(60) Weak Processing 0.557ms
[35.080s][debug][gc,age         ] GC(60) Desired survivor size 87556096 bytes, new threshold 15 (max threshold 15)
[35.080s][info ][gc,heap        ] GC(60) PSYoungGen: 1935024K(2008576K)->17264K(2006528K) Eden: 1917952K(1917952K)->0K(1917952K) From: 17072K(90624K)->17264K(88576K)
[35.080s][info ][gc,heap        ] GC(60) ParOldGen: 292911K(355328K)->292943K(355328K)
[35.080s][info ][gc,metaspace   ] GC(60) Metaspace: 75764K(76352K)->75764K(76352K) NonClass: 65299K(65600K)->65299K(65600K) Class: 10464K(10752K)->10464K(10752K)
[35.080s][info ][gc             ] GC(60) Pause Young (Allocation Failure) 2175M->302M(2306M) 16.620ms
[35.080s][info ][gc,cpu         ] GC(60) User=0.06s Sys=0.00s Real=0.01s
[35.080s][info ][safepoint      ] Safepoint "ParallelGCFailedAllocation", Time since last: 557827091 ns, Reaching safepoint: 3254469 ns, At safepoint: 16745957 ns, Total: 20000426 ns
[35.536s][info ][safepoint      ] Safepoint "ICBufferFull", Time since last: 453095458 ns, Reaching safepoint: 2800460 ns, At safepoint: 31500 ns, Total: 2831960 ns
[35.755s][info ][gc,start       ] GC(61) Pause Young (Allocation Failure)
[35.784s][debug][gc,phases      ] GC(61) Scavenge 28.814ms
[35.784s][debug][gc,ref         ] GC(61) Skipped phase 1 of Reference Processing: no references
[35.784s][debug][gc,ref         ] GC(61) Skipped phase 3 of Reference Processing: no references
[35.784s][debug][gc,phases      ] GC(61) Reference Processing 0.030ms
[35.785s][debug][gc,phases      ] GC(61) Weak Processing 0.689ms
[35.785s][debug][gc,age         ] GC(61) Desired survivor size 84934656 bytes, new threshold 15 (max threshold 15)
[35.785s][info ][gc,heap        ] GC(61) PSYoungGen: 1935216K(2006528K)->17264K(2014208K) Eden: 1917952K(1917952K)->0K(1928704K) From: 17264K(88576K)->17264K(85504K)
[35.785s][info ][gc,heap        ] GC(61) ParOldGen: 292943K(355328K)->293303K(355328K)
[35.785s][info ][gc,metaspace   ] GC(61) Metaspace: 75764K(76352K)->75764K(76352K) NonClass: 65299K(65600K)->65299K(65600K) Class: 10464K(10752K)->10464K(10752K)
[35.785s][info ][gc             ] GC(61) Pause Young (Allocation Failure) 2175M->303M(2314M) 29.693ms
[35.785s][info ][gc,cpu         ] GC(61) User=0.05s Sys=0.00s Real=0.03s
[35.785s][info ][safepoint      ] Safepoint "ParallelGCFailedAllocation", Time since last: 215101585 ns, Reaching safepoint: 4093287 ns, At safepoint: 29820736 ns, Total: 33914023 ns
[36.048s][info ][safepoint      ] Safepoint "ICBufferFull", Time since last: 254151517 ns, Reaching safepoint: 8633584 ns, At safepoint: 288106 ns, Total: 8921690 ns
[36.348s][info ][safepoint      ] Safepoint "ICBufferFull", Time since last: 296478619 ns, Reaching safepoint: 3269370 ns, At safepoint: 27100 ns, Total: 3296470 ns
[36.675s][info ][gc,start       ] GC(62) Pause Young (Allocation Failure)
[36.714s][debug][gc,phases      ] GC(62) Scavenge 39.698ms
[36.714s][debug][gc,ref         ] GC(62) Skipped phase 1 of Reference Processing: no references
[36.714s][debug][gc,ref         ] GC(62) Skipped phase 3 of Reference Processing: no references
[36.714s][debug][gc,ref         ] GC(62) Skipped phase 4 of Reference Processing: no references
[36.714s][debug][gc,phases      ] GC(62) Reference Processing 0.033ms
[36.715s][debug][gc,phases      ] GC(62) Weak Processing 0.637ms
[36.715s][debug][gc,age         ] GC(62) Desired survivor size 81788928 bytes, new threshold 15 (max threshold 15)
[36.715s][info ][gc,heap        ] GC(62) PSYoungGen: 1945968K(2014208K)->17520K(2011648K) Eden: 1928704K(1928704K)->0K(1928704K) From: 17264K(85504K)->17520K(82944K)
[36.715s][info ][gc,heap        ] GC(62) ParOldGen: 293303K(355328K)->293367K(355328K)
[36.715s][info ][gc,metaspace   ] GC(62) Metaspace: 75820K(76416K)->75820K(76416K) NonClass: 65355K(65664K)->65355K(65664K) Class: 10464K(10752K)->10464K(10752K)
[36.715s][info ][gc             ] GC(62) Pause Young (Allocation Failure) 2186M->303M(2311M) 40.521ms
[36.715s][info ][gc,cpu         ] GC(62) User=0.04s Sys=0.00s Real=0.04s
[36.715s][info ][safepoint      ] Safepoint "ParallelGCFailedAllocation", Time since last: 316120337 ns, Reaching safepoint: 10430523 ns, At safepoint: 40678267 ns, Total: 51108790 ns
[36.839s][info ][safepoint      ] Safepoint "ICBufferFull", Time since last: 124021843 ns, Reaching safepoint: 242805 ns, At safepoint: 27801 ns, Total: 270606 ns
[37.051s][info ][safepoint      ] Safepoint "ICBufferFull", Time since last: 211719412 ns, Reaching safepoint: 205104 ns, At safepoint: 19601 ns, Total: 224705 ns
[37.383s][info ][safepoint      ] Safepoint "ICBufferFull", Time since last: 331499664 ns, Reaching safepoint: 115903 ns, At safepoint: 13900 ns, Total: 129803 ns
[37.654s][info ][safepoint      ] Safepoint "ICBufferFull", Time since last: 264158429 ns, Reaching safepoint: 7206354 ns, At safepoint: 30201 ns, Total: 7236555 ns
[37.695s][info ][gc,start       ] GC(63) Pause Young (Allocation Failure)
[37.734s][debug][gc,phases      ] GC(63) Scavenge 38.868ms
[37.734s][debug][gc,ref         ] GC(63) Skipped phase 1 of Reference Processing: no references
[37.734s][debug][gc,ref         ] GC(63) Skipped phase 3 of Reference Processing: no references
[37.734s][debug][gc,phases      ] GC(63) Reference Processing 0.030ms
[37.735s][debug][gc,phases      ] GC(63) Weak Processing 0.611ms
[37.735s][debug][gc,age         ] GC(63) Desired survivor size 78643200 bytes, new threshold 15 (max threshold 15)
[37.735s][info ][gc,heap        ] GC(63) PSYoungGen: 1946224K(2011648K)->17808K(2020352K) Eden: 1928704K(1928704K)->0K(1940480K) From: 17520K(82944K)->17808K(79872K)
[37.735s][info ][gc,heap        ] GC(63) ParOldGen: 293367K(355328K)->293439K(355328K)
[37.735s][info ][gc,metaspace   ] GC(63) Metaspace: 75857K(76608K)->75857K(76608K) NonClass: 65390K(65792K)->65390K(65792K) Class: 10467K(10816K)->10467K(10816K)
[37.735s][info ][gc             ] GC(63) Pause Young (Allocation Failure) 2187M->303M(2320M) 39.661ms
[37.735s][info ][gc,cpu         ] GC(63) User=0.06s Sys=0.00s Real=0.04s
[37.735s][info ][safepoint      ] Safepoint "ParallelGCFailedAllocation", Time since last: 32738897 ns, Reaching safepoint: 8061472 ns, At safepoint: 39791548 ns, Total: 47853020 ns
[37.991s][info ][safepoint      ] Safepoint "ICBufferFull", Time since last: 252634884 ns, Reaching safepoint: 3805481 ns, At safepoint: 31201 ns, Total: 3836682 ns
[38.311s][info ][safepoint      ] Safepoint "ICBufferFull", Time since last: 312102850 ns, Reaching safepoint: 7372658 ns, At safepoint: 33700 ns, Total: 7406358 ns
[38.589s][info ][safepoint      ] Safepoint "ICBufferFull", Time since last: 273031418 ns, Reaching safepoint: 5463617 ns, At safepoint: 35400 ns, Total: 5499017 ns
[38.683s][info ][gc,start       ] GC(64) Pause Young (Allocation Failure)
[38.711s][debug][gc,phases      ] GC(64) Scavenge 28.376ms
[38.711s][debug][gc,ref         ] GC(64) Skipped phase 1 of Reference Processing: no references
[38.711s][debug][gc,ref         ] GC(64) Skipped phase 3 of Reference Processing: no references
[38.711s][debug][gc,ref         ] GC(64) Skipped phase 4 of Reference Processing: no references
[38.711s][debug][gc,phases      ] GC(64) Reference Processing 0.034ms
[38.712s][debug][gc,phases      ] GC(64) Weak Processing 0.698ms
[38.712s][debug][gc,age         ] GC(64) Desired survivor size 75497472 bytes, new threshold 15 (max threshold 15)
[38.712s][info ][gc,heap        ] GC(64) PSYoungGen: 1958288K(2020352K)->18160K(2017280K) Eden: 1940480K(1940480K)->0K(1940480K) From: 17808K(79872K)->18160K(76800K)
[38.712s][info ][gc,heap        ] GC(64) ParOldGen: 293439K(355328K)->293487K(355328K)
[38.712s][info ][gc,metaspace   ] GC(64) Metaspace: 75871K(76608K)->75871K(76608K) NonClass: 65403K(65792K)->65403K(65792K) Class: 10467K(10816K)->10467K(10816K)
[38.712s][info ][gc             ] GC(64) Pause Young (Allocation Failure) 2198M->304M(2317M) 29.268ms
[38.712s][info ][gc,cpu         ] GC(64) User=0.07s Sys=0.00s Real=0.04s
[38.712s][info ][safepoint      ] Safepoint "ParallelGCFailedAllocation", Time since last: 92306167 ns, Reaching safepoint: 1110924 ns, At safepoint: 29395126 ns, Total: 30506050 ns
[38.986s][info ][safepoint      ] Safepoint "ICBufferFull", Time since last: 273316124 ns, Reaching safepoint: 134403 ns, At safepoint: 13501 ns, Total: 147904 ns
[39.338s][info ][safepoint      ] Safepoint "ICBufferFull", Time since last: 351605292 ns, Reaching safepoint: 147803 ns, At safepoint: 28300 ns, Total: 176103 ns
[39.576s][info ][gc,start       ] GC(65) Pause Young (Allocation Failure)
[39.608s][debug][gc,phases      ] GC(65) Scavenge 32.085ms
[39.608s][debug][gc,ref         ] GC(65) Skipped phase 1 of Reference Processing: no references
[39.608s][debug][gc,ref         ] GC(65) Skipped phase 3 of Reference Processing: no references
[39.608s][debug][gc,ref         ] GC(65) Skipped phase 4 of Reference Processing: no references
[39.608s][debug][gc,phases      ] GC(65) Reference Processing 0.186ms
[39.609s][debug][gc,phases      ] GC(65) Weak Processing 0.847ms
[39.609s][debug][gc,age         ] GC(65) Desired survivor size 72351744 bytes, new threshold 15 (max threshold 15)
[39.609s][info ][gc,heap        ] GC(65) PSYoungGen: 1958640K(2017280K)->18416K(2026496K) Eden: 1940480K(1940480K)->0K(1952768K) From: 18160K(76800K)->18416K(73728K)
[39.609s][info ][gc,heap        ] GC(65) ParOldGen: 293487K(355328K)->293575K(355328K)
[39.609s][info ][gc,metaspace   ] GC(65) Metaspace: 75875K(76608K)->75875K(76608K) NonClass: 65407K(65792K)->65407K(65792K) Class: 10467K(10816K)->10467K(10816K)
[39.609s][info ][gc             ] GC(65) Pause Young (Allocation Failure) 2199M->304M(2326M) 33.270ms
[39.609s][info ][gc,cpu         ] GC(65) User=0.05s Sys=0.00s Real=0.03s
[39.609s][info ][safepoint      ] Safepoint "ParallelGCFailedAllocation", Time since last: 233659779 ns, Reaching safepoint: 4475995 ns, At safepoint: 33414112 ns, Total: 37890107 ns
[39.886s][info ][safepoint      ] Safepoint "ICBufferFull", Time since last: 276250186 ns, Reaching safepoint: 214905 ns, At safepoint: 12500 ns, Total: 227405 ns
[40.185s][info ][safepoint      ] Safepoint "ICBufferFull", Time since last: 299116673 ns, Reaching safepoint: 150203 ns, At safepoint: 13901 ns, Total: 164104 ns
[40.435s][info ][safepoint      ] Safepoint "ICBufferFull", Time since last: 248348491 ns, Reaching safepoint: 2031843 ns, At safepoint: 19801 ns, Total: 2051644 ns
[40.535s][info ][gc,start       ] GC(66) Pause Young (Allocation Failure)
[40.567s][debug][gc,phases      ] GC(66) Scavenge 31.864ms
[40.567s][debug][gc,ref         ] GC(66) Skipped phase 1 of Reference Processing: no references
[40.567s][debug][gc,ref         ] GC(66) Skipped phase 3 of Reference Processing: no references
[40.567s][debug][gc,ref         ] GC(66) Skipped phase 4 of Reference Processing: no references
[40.567s][debug][gc,phases      ] GC(66) Reference Processing 0.033ms
[40.568s][debug][gc,phases      ] GC(66) Weak Processing 0.654ms
[40.568s][debug][gc,age         ] GC(66) Desired survivor size 68681728 bytes, new threshold 15 (max threshold 15)
[40.568s][info ][gc,heap        ] GC(66) PSYoungGen: 1971184K(2026496K)->18528K(2023424K) Eden: 1952768K(1952768K)->0K(1952768K) From: 18416K(73728K)->18528K(70656K)
[40.568s][info ][gc,heap        ] GC(66) ParOldGen: 293575K(355328K)->293923K(355328K)
[40.568s][info ][gc,metaspace   ] GC(66) Metaspace: 75879K(76608K)->75879K(76608K) NonClass: 65411K(65792K)->65411K(65792K) Class: 10467K(10816K)->10467K(10816K)
[40.568s][info ][gc             ] GC(66) Pause Young (Allocation Failure) 2211M->305M(2323M) 32.711ms
[40.568s][info ][gc,cpu         ] GC(66) User=0.05s Sys=0.00s Real=0.03s
[40.568s][info ][safepoint      ] Safepoint "ParallelGCFailedAllocation", Time since last: 93236186 ns, Reaching safepoint: 6695643 ns, At safepoint: 32840299 ns, Total: 39535942 ns
[40.808s][info ][safepoint      ] Safepoint "ICBufferFull", Time since last: 232563155 ns, Reaching safepoint: 7314456 ns, At safepoint: 39301 ns, Total: 7353757 ns
[41.140s][info ][safepoint      ] Safepoint "ICBufferFull", Time since last: 328766504 ns, Reaching safepoint: 3242769 ns, At safepoint: 27001 ns, Total: 3269770 ns
[41.550s][info ][safepoint      ] Safepoint "ICBufferFull", Time since last: 396011636 ns, Reaching safepoint: 14209003 ns, At safepoint: 39301 ns, Total: 14248304 ns
[41.688s][info ][gc,start       ] GC(67) Pause Young (Allocation Failure)
[41.708s][debug][gc,phases      ] GC(67) Scavenge 19.989ms
[41.708s][debug][gc,ref         ] GC(67) Skipped phase 1 of Reference Processing: no references
[41.708s][debug][gc,ref         ] GC(67) Skipped phase 3 of Reference Processing: no references
[41.708s][debug][gc,ref         ] GC(67) Skipped phase 4 of Reference Processing: no references
[41.708s][debug][gc,phases      ] GC(67) Reference Processing 0.035ms
[41.708s][debug][gc,phases      ] GC(67) Weak Processing 0.673ms
[41.708s][debug][gc,age         ] GC(67) Desired survivor size 66060288 bytes, new threshold 15 (max threshold 15)
[41.708s][info ][gc,heap        ] GC(67) PSYoungGen: 1971296K(2023424K)->18608K(2032640K) Eden: 1952768K(1952768K)->0K(1965568K) From: 18528K(70656K)->18608K(67072K)
[41.708s][info ][gc,heap        ] GC(67) ParOldGen: 293923K(355328K)->294299K(355328K)
[41.708s][info ][gc,metaspace   ] GC(67) Metaspace: 75888K(76608K)->75888K(76608K) NonClass: 65420K(65792K)->65420K(65792K) Class: 10467K(10816K)->10467K(10816K)
[41.708s][info ][gc             ] GC(67) Pause Young (Allocation Failure) 2212M->305M(2332M) 20.861ms
[41.708s][info ][gc,cpu         ] GC(67) User=0.04s Sys=0.02s Real=0.02s
[41.708s][info ][safepoint      ] Safepoint "ParallelGCFailedAllocation", Time since last: 137138921 ns, Reaching safepoint: 105003 ns, At safepoint: 20989447 ns, Total: 21094450 ns
[41.948s][info ][safepoint      ] Safepoint "ICBufferFull", Time since last: 232516353 ns, Reaching safepoint: 6642642 ns, At safepoint: 33100 ns, Total: 6675742 ns
[42.243s][info ][safepoint      ] Safepoint "ICBufferFull", Time since last: 294473973 ns, Reaching safepoint: 959521 ns, At safepoint: 39201 ns, Total: 998722 ns
[42.544s][info ][safepoint      ] Safepoint "ICBufferFull", Time since last: 293456351 ns, Reaching safepoint: 7705164 ns, At safepoint: 40201 ns, Total: 7745365 ns
[42.720s][info ][gc,start       ] GC(68) Pause Young (Allocation Failure)
[42.751s][debug][gc,phases      ] GC(68) Scavenge 30.825ms
[42.751s][debug][gc,ref         ] GC(68) Skipped phase 1 of Reference Processing: no references
[42.751s][debug][gc,ref         ] GC(68) Skipped phase 3 of Reference Processing: no references
[42.751s][debug][gc,phases      ] GC(68) Reference Processing 0.028ms
[42.752s][debug][gc,phases      ] GC(68) Weak Processing 0.655ms
[42.752s][debug][gc,age         ] GC(68) Desired survivor size 62914560 bytes, new threshold 15 (max threshold 15)
[42.752s][info ][gc,heap        ] GC(68) PSYoungGen: 1984176K(2032640K)->17984K(2030080K) Eden: 1965568K(1965568K)->0K(1965568K) From: 18608K(67072K)->17984K(64512K)
[42.752s][info ][gc,heap        ] GC(68) ParOldGen: 294299K(355328K)->295443K(355328K)
[42.752s][info ][gc,metaspace   ] GC(68) Metaspace: 75908K(76608K)->75908K(76608K) NonClass: 65440K(65792K)->65440K(65792K) Class: 10467K(10816K)->10467K(10816K)
[42.752s][info ][gc             ] GC(68) Pause Young (Allocation Failure) 2225M->306M(2329M) 31.655ms
[42.752s][info ][gc,cpu         ] GC(68) User=0.05s Sys=0.01s Real=0.04s
[42.752s][info ][safepoint      ] Safepoint "ParallelGCFailedAllocation", Time since last: 169660914 ns, Reaching safepoint: 6231433 ns, At safepoint: 31788877 ns, Total: 38020310 ns
[43.055s][info ][safepoint      ] Safepoint "ICBufferFull", Time since last: 290173581 ns, Reaching safepoint: 12816073 ns, At safepoint: 43301 ns, Total: 12859374 ns
[43.348s][info ][safepoint      ] Safepoint "ICBufferFull", Time since last: 285071372 ns, Reaching safepoint: 7423058 ns, At safepoint: 36101 ns, Total: 7459159 ns
[43.597s][info ][safepoint      ] Safepoint "ICBufferFull", Time since last: 249579216 ns, Reaching safepoint: 321007 ns, At safepoint: 14600 ns, Total: 335607 ns
[43.840s][info ][gc,start       ] GC(69) Pause Young (Allocation Failure)
[43.870s][debug][gc,phases      ] GC(69) Scavenge 30.456ms
[43.870s][debug][gc,ref         ] GC(69) Skipped phase 1 of Reference Processing: no references
[43.870s][debug][gc,ref         ] GC(69) Skipped phase 3 of Reference Processing: no references
[43.870s][debug][gc,ref         ] GC(69) Skipped phase 4 of Reference Processing: no references
[43.870s][debug][gc,phases      ] GC(69) Reference Processing 0.034ms
[43.871s][debug][gc,phases      ] GC(69) Weak Processing 0.788ms
[43.871s][debug][gc,age         ] GC(69) Desired survivor size 60817408 bytes, new threshold 15 (max threshold 15)
[43.871s][info ][gc,heap        ] GC(69) PSYoungGen: 1983552K(2030080K)->15920K(2037760K) Eden: 1965568K(1965568K)->0K(1976320K) From: 17984K(64512K)->15920K(61440K)
[43.871s][info ][gc,heap        ] GC(69) ParOldGen: 295443K(355328K)->298037K(355328K)
[43.871s][info ][gc,metaspace   ] GC(69) Metaspace: 75921K(76608K)->75921K(76608K) NonClass: 65453K(65792K)->65453K(65792K) Class: 10467K(10816K)->10467K(10816K)
[43.871s][info ][gc             ] GC(69) Pause Young (Allocation Failure) 2225M->306M(2337M) 31.438ms
[43.871s][info ][gc,cpu         ] GC(69) User=0.06s Sys=0.00s Real=0.03s
[43.871s][info ][safepoint      ] Safepoint "ParallelGCFailedAllocation", Time since last: 235538717 ns, Reaching safepoint: 6444837 ns, At safepoint: 31569472 ns, Total: 38014309 ns
[44.095s][info ][safepoint      ] Safepoint "ICBufferFull", Time since last: 213372345 ns, Reaching safepoint: 10749429 ns, At safepoint: 27301 ns, Total: 10776730 ns
[44.451s][info ][safepoint      ] Safepoint "ICBufferFull", Time since last: 344666941 ns, Reaching safepoint: 11306740 ns, At safepoint: 33801 ns, Total: 11340541 ns
[44.793s][info ][safepoint      ] Safepoint "ICBufferFull", Time since last: 333778509 ns, Reaching safepoint: 7931169 ns, At safepoint: 38101 ns, Total: 7969270 ns
[45.000s][info ][gc,start       ] GC(70) Pause Young (Allocation Failure)
[45.042s][debug][gc,phases      ] GC(70) Scavenge 41.917ms
[45.042s][debug][gc,ref         ] GC(70) Skipped phase 1 of Reference Processing: no references
[45.042s][debug][gc,ref         ] GC(70) Skipped phase 3 of Reference Processing: no references
[45.042s][debug][gc,phases      ] GC(70) Reference Processing 0.026ms
[45.043s][debug][gc,phases      ] GC(70) Weak Processing 0.749ms
[45.043s][debug][gc,age         ] GC(70) Desired survivor size 58195968 bytes, new threshold 15 (max threshold 15)
[45.043s][info ][gc,heap        ] GC(70) PSYoungGen: 1992240K(2037760K)->16224K(2035712K) Eden: 1976320K(1976320K)->0K(1976320K) From: 15920K(61440K)->16224K(59392K)
[45.043s][info ][gc,heap        ] GC(70) ParOldGen: 298037K(355328K)->298357K(355328K)
[45.043s][info ][gc,metaspace   ] GC(70) Metaspace: 75942K(76672K)->75942K(76672K) NonClass: 65474K(65856K)->65474K(65856K) Class: 10467K(10816K)->10467K(10816K)
[45.043s][info ][gc             ] GC(70) Pause Young (Allocation Failure) 2236M->307M(2335M) 42.853ms
[45.043s][info ][gc,cpu         ] GC(70) User=0.05s Sys=0.00s Real=0.05s
[45.043s][info ][safepoint      ] Safepoint "ParallelGCFailedAllocation", Time since last: 198164620 ns, Reaching safepoint: 9157795 ns, At safepoint: 42991816 ns, Total: 52149611 ns
[45.312s][info ][safepoint      ] Safepoint "ICBufferFull", Time since last: 265918763 ns, Reaching safepoint: 3148867 ns, At safepoint: 21101 ns, Total: 3169968 ns
[45.644s][info ][safepoint      ] Safepoint "ICBufferFull", Time since last: 320255220 ns, Reaching safepoint: 11624747 ns, At safepoint: 27401 ns, Total: 11652148 ns
[45.995s][info ][safepoint      ] Safepoint "ICBufferFull", Time since last: 337465887 ns, Reaching safepoint: 13446286 ns, At safepoint: 27901 ns, Total: 13474187 ns
[46.328s][info ][gc,start       ] GC(71) Pause Young (Allocation Failure)
[46.363s][debug][gc,phases      ] GC(71) Scavenge 35.599ms
[46.363s][debug][gc,ref         ] GC(71) Skipped phase 1 of Reference Processing: no references
[46.363s][debug][gc,ref         ] GC(71) Skipped phase 3 of Reference Processing: no references
[46.363s][debug][gc,ref         ] GC(71) Skipped phase 4 of Reference Processing: no references
[46.363s][debug][gc,phases      ] GC(71) Reference Processing 0.030ms
[46.364s][debug][gc,phases      ] GC(71) Weak Processing 0.678ms
[46.364s][debug][gc,age         ] GC(71) Desired survivor size 57147392 bytes, new threshold 15 (max threshold 15)
[46.364s][info ][gc,heap        ] GC(71) PSYoungGen: 1992544K(2035712K)->7648K(2041344K) Eden: 1976320K(1976320K)->0K(1984512K) From: 16224K(59392K)->7648K(56832K)
[46.364s][info ][gc,heap        ] GC(71) ParOldGen: 298357K(355328K)->307637K(355328K)
[46.364s][info ][gc,metaspace   ] GC(71) Metaspace: 75950K(76672K)->75950K(76672K) NonClass: 65483K(65856K)->65483K(65856K) Class: 10467K(10816K)->10467K(10816K)
[46.364s][info ][gc             ] GC(71) Pause Young (Allocation Failure) 2237M->307M(2340M) 36.449ms
[46.364s][info ][gc,cpu         ] GC(71) User=0.06s Sys=0.00s Real=0.04s
[46.364s][info ][safepoint      ] Safepoint "ParallelGCFailedAllocation", Time since last: 319289899 ns, Reaching safepoint: 12958276 ns, At safepoint: 36575579 ns, Total: 49533855 ns
[46.627s][info ][safepoint      ] Safepoint "ICBufferFull", Time since last: 255140933 ns, Reaching safepoint: 8010870 ns, At safepoint: 35401 ns, Total: 8046271 ns
[46.943s][info ][safepoint      ] Safepoint "ICBufferFull", Time since last: 307736453 ns, Reaching safepoint: 8252876 ns, At safepoint: 38301 ns, Total: 8291177 ns
[47.239s][info ][safepoint      ] Safepoint "ICBufferFull", Time since last: 290881894 ns, Reaching safepoint: 5071008 ns, At safepoint: 31300 ns, Total: 5102308 ns
[47.547s][info ][safepoint      ] Safepoint "ICBufferFull", Time since last: 304206778 ns, Reaching safepoint: 3742580 ns, At safepoint: 34500 ns, Total: 3777080 ns
[47.637s][info ][gc,start       ] GC(72) Pause Young (Allocation Failure)
[47.658s][debug][gc,phases      ] GC(72) Scavenge 20.959ms
[47.658s][debug][gc,ref         ] GC(72) Skipped phase 1 of Reference Processing: no references
[47.658s][debug][gc,ref         ] GC(72) Skipped phase 3 of Reference Processing: no references
[47.658s][debug][gc,ref         ] GC(72) Skipped phase 4 of Reference Processing: no references
[47.658s][debug][gc,phases      ] GC(72) Reference Processing 0.029ms
[47.659s][debug][gc,phases      ] GC(72) Weak Processing 0.709ms
[47.659s][debug][gc,age         ] GC(72) Desired survivor size 56098816 bytes, new threshold 15 (max threshold 15)
[47.659s][info ][gc,heap        ] GC(72) PSYoungGen: 1992160K(2041344K)->7568K(2040320K) Eden: 1984512K(1984512K)->0K(1984512K) From: 7648K(56832K)->7568K(55808K)
[47.659s][info ][gc,heap        ] GC(72) ParOldGen: 307637K(355328K)->308893K(355328K)
[47.659s][info ][gc,metaspace   ] GC(72) Metaspace: 75956K(76672K)->75956K(76672K) NonClass: 65489K(65856K)->65489K(65856K) Class: 10467K(10816K)->10467K(10816K)
[47.659s][info ][gc             ] GC(72) Pause Young (Allocation Failure) 2245M->309M(2339M) 21.847ms
[47.659s][info ][gc,cpu         ] GC(72) User=0.04s Sys=0.00s Real=0.02s
[47.659s][info ][safepoint      ] Safepoint "ParallelGCFailedAllocation", Time since last: 74116578 ns, Reaching safepoint: 16047842 ns, At safepoint: 21976168 ns, Total: 38024010 ns
[47.946s][info ][safepoint      ] Safepoint "ICBufferFull", Time since last: 275350363 ns, Reaching safepoint: 10964633 ns, At safepoint: 33301 ns, Total: 10997934 ns
[48.240s][info ][safepoint      ] Safepoint "ICBufferFull", Time since last: 294139763 ns, Reaching safepoint: 69901 ns, At safepoint: 2801 ns, Total: 72702 ns
[48.509s][info ][safepoint      ] Safepoint "ICBufferFull", Time since last: 268889524 ns, Reaching safepoint: 190504 ns, At safepoint: 4201 ns, Total: 194705 ns
[48.738s][info ][safepoint      ] Safepoint "ICBufferFull", Time since last: 227956253 ns, Reaching safepoint: 1422130 ns, At safepoint: 10700 ns, Total: 1432830 ns
[49.036s][info ][safepoint      ] Safepoint "ICBufferFull", Time since last: 297640137 ns, Reaching safepoint: 80802 ns, At safepoint: 3800 ns, Total: 84602 ns
[49.384s][info ][safepoint      ] Safepoint "ICBufferFull", Time since last: 347926507 ns, Reaching safepoint: 52002 ns, At safepoint: 7100 ns, Total: 59102 ns
[49.739s][info ][safepoint      ] Safepoint "ICBufferFull", Time since last: 355044758 ns, Reaching safepoint: 73302 ns, At safepoint: 3200 ns, Total: 76502 ns
[50.036s][info ][safepoint      ] Safepoint "ICBufferFull", Time since last: 296384310 ns, Reaching safepoint: 65101 ns, At safepoint: 6200 ns, Total: 71301 ns
[50.359s][info ][safepoint      ] Safepoint "ICBufferFull", Time since last: 322264261 ns, Reaching safepoint: 688014 ns, At safepoint: 5600 ns, Total: 693614 ns
[50.683s][info ][safepoint      ] Safepoint "ICBufferFull", Time since last: 324011598 ns, Reaching safepoint: 78801 ns, At safepoint: 8800 ns, Total: 87601 ns
[50.983s][info ][safepoint      ] Safepoint "ICBufferFull", Time since last: 300086889 ns, Reaching safepoint: 105702 ns, At safepoint: 5900 ns, Total: 111602 ns
[51.256s][info ][safepoint      ] Safepoint "ICBufferFull", Time since last: 272607303 ns, Reaching safepoint: 73701 ns, At safepoint: 4800 ns, Total: 78501 ns
[51.633s][info ][safepoint      ] Safepoint "ICBufferFull", Time since last: 377222930 ns, Reaching safepoint: 68001 ns, At safepoint: 4200 ns, Total: 72201 ns
[51.936s][info ][safepoint      ] Safepoint "ICBufferFull", Time since last: 303064451 ns, Reaching safepoint: 60902 ns, At safepoint: 8000 ns, Total: 68902 ns
[52.283s][info ][safepoint      ] Safepoint "ICBufferFull", Time since last: 346737880 ns, Reaching safepoint: 53501 ns, At safepoint: 3700 ns, Total: 57201 ns
[52.584s][info ][safepoint      ] Safepoint "ICBufferFull", Time since last: 301319713 ns, Reaching safepoint: 68302 ns, At safepoint: 12100 ns, Total: 80402 ns
[52.935s][info ][safepoint      ] Safepoint "ICBufferFull", Time since last: 350394658 ns, Reaching safepoint: 44601 ns, At safepoint: 5000 ns, Total: 49601 ns
[53.284s][info ][safepoint      ] Safepoint "ICBufferFull", Time since last: 349007128 ns, Reaching safepoint: 163503 ns, At safepoint: 11301 ns, Total: 174804 ns
[53.683s][info ][safepoint      ] Safepoint "ICBufferFull", Time since last: 399025892 ns, Reaching safepoint: 55701 ns, At safepoint: 4500 ns, Total: 60201 ns
[54.033s][info ][safepoint      ] Safepoint "ICBufferFull", Time since last: 350047950 ns, Reaching safepoint: 53301 ns, At safepoint: 7800 ns, Total: 61101 ns
[54.383s][info ][safepoint      ] Safepoint "ICBufferFull", Time since last: 349711042 ns, Reaching safepoint: 91202 ns, At safepoint: 9300 ns, Total: 100502 ns
[54.733s][info ][safepoint      ] Safepoint "ICBufferFull", Time since last: 349802044 ns, Reaching safepoint: 79102 ns, At safepoint: 7000 ns, Total: 86102 ns
[54.986s][info ][safepoint      ] Safepoint "ICBufferFull", Time since last: 253135687 ns, Reaching safepoint: 90602 ns, At safepoint: 4400 ns, Total: 95002 ns
[55.334s][info ][safepoint      ] Safepoint "ICBufferFull", Time since last: 348094707 ns, Reaching safepoint: 62901 ns, At safepoint: 8201 ns, Total: 71102 ns
[55.686s][info ][safepoint      ] Safepoint "ICBufferFull", Time since last: 351610681 ns, Reaching safepoint: 65502 ns, At safepoint: 3900 ns, Total: 69402 ns
[56.084s][info ][safepoint      ] Safepoint "ICBufferFull", Time since last: 398212273 ns, Reaching safepoint: 64501 ns, At safepoint: 13101 ns, Total: 77602 ns
[56.583s][info ][safepoint      ] Safepoint "ICBufferFull", Time since last: 498551407 ns, Reaching safepoint: 62902 ns, At safepoint: 8500 ns, Total: 71402 ns
[57.007s][info ][safepoint      ] Safepoint "ICBufferFull", Time since last: 424144224 ns, Reaching safepoint: 76702 ns, At safepoint: 11800 ns, Total: 88502 ns
[58.007s][info ][safepoint      ] Safepoint "Cleanup", Time since last: 1000102578 ns, Reaching safepoint: 175203 ns, At safepoint: 17901 ns, Total: 193104 ns
[59.268s][info ][safepoint      ] Safepoint "Cleanup", Time since last: 1260123707 ns, Reaching safepoint: 195004 ns, At safepoint: 10200 ns, Total: 205204 ns
[60.268s][info ][safepoint      ] Safepoint "Cleanup", Time since last: 1000096974 ns, Reaching safepoint: 57001 ns, At safepoint: 5300 ns, Total: 62301 ns
[61.268s][info ][safepoint      ] Safepoint "Cleanup", Time since last: 1000348577 ns, Reaching safepoint: 69801 ns, At safepoint: 3500 ns, Total: 73301 ns
[62.268s][info ][safepoint      ] Safepoint "Cleanup", Time since last: 1000105071 ns, Reaching safepoint: 92802 ns, At safepoint: 4500 ns, Total: 97302 ns
[63.269s][info ][safepoint      ] Safepoint "Cleanup", Time since last: 1000105968 ns, Reaching safepoint: 64401 ns, At safepoint: 6601 ns, Total: 71002 ns
[63.337s][info ][gc,start       ] GC(73) Pause Young (Allocation Failure)
[63.366s][debug][gc,phases      ] GC(73) Scavenge 28.037ms
[63.366s][debug][gc,ref         ] GC(73) Skipped phase 1 of Reference Processing: no references
[63.366s][debug][gc,ref         ] GC(73) Skipped phase 3 of Reference Processing: no references
[63.366s][debug][gc,ref         ] GC(73) Skipped phase 4 of Reference Processing: no references
[63.366s][debug][gc,phases      ] GC(73) Reference Processing 0.029ms
[63.366s][debug][gc,phases      ] GC(73) Weak Processing 0.671ms
[63.366s][debug][gc,age         ] GC(73) Desired survivor size 54525952 bytes, new threshold 15 (max threshold 15)
[63.366s][info ][gc,heap        ] GC(73) PSYoungGen: 1992080K(2040320K)->8240K(2043904K) Eden: 1984512K(1984512K)->0K(1989120K) From: 7568K(55808K)->8240K(54784K)
[63.366s][info ][gc,heap        ] GC(73) ParOldGen: 308893K(355328K)->309181K(355328K)
[63.366s][info ][gc,metaspace   ] GC(73) Metaspace: 76010K(76672K)->76010K(76672K) NonClass: 65542K(65856K)->65542K(65856K) Class: 10468K(10816K)->10468K(10816K)
[63.366s][info ][gc             ] GC(73) Pause Young (Allocation Failure) 2247M->309M(2343M) 28.910ms
[63.366s][info ][gc,cpu         ] GC(73) User=0.02s Sys=0.00s Real=0.03s
[63.366s][info ][safepoint      ] Safepoint "ParallelGCFailedAllocation", Time since last: 68725861 ns, Reaching safepoint: 130503 ns, At safepoint: 29011917 ns, Total: 29142420 ns
[64.367s][info ][safepoint      ] Safepoint "Cleanup", Time since last: 1000092666 ns, Reaching safepoint: 102502 ns, At safepoint: 4200 ns, Total: 106702 ns
[65.367s][info ][safepoint      ] Safepoint "Cleanup", Time since last: 1000100765 ns, Reaching safepoint: 70801 ns, At safepoint: 4300 ns, Total: 75101 ns
[66.367s][info ][safepoint      ] Safepoint "Cleanup", Time since last: 1000102663 ns, Reaching safepoint: 105503 ns, At safepoint: 3500 ns, Total: 109003 ns
[67.367s][info ][safepoint      ] Safepoint "Cleanup", Time since last: 1000099661 ns, Reaching safepoint: 80102 ns, At safepoint: 11900 ns, Total: 92002 ns
[68.367s][info ][safepoint      ] Safepoint "Cleanup", Time since last: 1000086659 ns, Reaching safepoint: 103002 ns, At safepoint: 6500 ns, Total: 109502 ns
[69.368s][info ][safepoint      ] Safepoint "Cleanup", Time since last: 1000110058 ns, Reaching safepoint: 89302 ns, At safepoint: 8200 ns, Total: 97502 ns
[70.371s][info ][safepoint      ] Safepoint "Cleanup", Time since last: 1003519729 ns, Reaching safepoint: 69802 ns, At safepoint: 5800 ns, Total: 75602 ns
[71.371s][info ][safepoint      ] Safepoint "Cleanup", Time since last: 1000118055 ns, Reaching safepoint: 76301 ns, At safepoint: 11300 ns, Total: 87601 ns
[72.372s][info ][safepoint      ] Safepoint "Cleanup", Time since last: 1000116554 ns, Reaching safepoint: 61701 ns, At safepoint: 9300 ns, Total: 71001 ns
[73.372s][info ][safepoint      ] Safepoint "Cleanup", Time since last: 1000109851 ns, Reaching safepoint: 59101 ns, At safepoint: 10601 ns, Total: 69702 ns
[75.336s][info ][safepoint      ] Safepoint "Cleanup", Time since last: 1963610019 ns, Reaching safepoint: 200205 ns, At safepoint: 13600 ns, Total: 213805 ns
[76.336s][info ][safepoint      ] Safepoint "Cleanup", Time since last: 1000110046 ns, Reaching safepoint: 132303 ns, At safepoint: 11300 ns, Total: 143603 ns
[77.336s][info ][safepoint      ] Safepoint "Cleanup", Time since last: 1000097244 ns, Reaching safepoint: 119403 ns, At safepoint: 8700 ns, Total: 128103 ns
[78.425s][info ][safepoint      ] Safepoint "Cleanup", Time since last: 1088370117 ns, Reaching safepoint: 157304 ns, At safepoint: 10600 ns, Total: 167904 ns
[79.425s][info ][safepoint      ] Safepoint "Cleanup", Time since last: 1000111241 ns, Reaching safepoint: 66601 ns, At safepoint: 8601 ns, Total: 75202 ns
[80.425s][info ][safepoint      ] Safepoint "Cleanup", Time since last: 1000113839 ns, Reaching safepoint: 63401 ns, At safepoint: 11201 ns, Total: 74602 ns
[81.425s][info ][safepoint      ] Safepoint "Cleanup", Time since last: 1000116037 ns, Reaching safepoint: 70302 ns, At safepoint: 8500 ns, Total: 78802 ns
[82.425s][info ][safepoint      ] Safepoint "Cleanup", Time since last: 1000108936 ns, Reaching safepoint: 64401 ns, At safepoint: 4201 ns, Total: 68602 ns
[83.426s][info ][safepoint      ] Safepoint "Cleanup", Time since last: 1000087433 ns, Reaching safepoint: 78002 ns, At safepoint: 12300 ns, Total: 90302 ns
[84.426s][info ][safepoint      ] Safepoint "Cleanup", Time since last: 1000115333 ns, Reaching safepoint: 67802 ns, At safepoint: 8800 ns, Total: 76602 ns
[85.426s][info ][safepoint      ] Safepoint "Cleanup", Time since last: 1000111731 ns, Reaching safepoint: 67201 ns, At safepoint: 6800 ns, Total: 74001 ns
[86.426s][info ][safepoint      ] Safepoint "Cleanup", Time since last: 1000113230 ns, Reaching safepoint: 56101 ns, At safepoint: 4500 ns, Total: 60601 ns
[87.426s][info ][safepoint      ] Safepoint "Cleanup", Time since last: 1000108128 ns, Reaching safepoint: 63201 ns, At safepoint: 8400 ns, Total: 71601 ns
[88.426s][info ][safepoint      ] Safepoint "Cleanup", Time since last: 1000137927 ns, Reaching safepoint: 58401 ns, At safepoint: 10201 ns, Total: 68602 ns
[89.427s][info ][safepoint      ] Safepoint "Cleanup", Time since last: 1000109024 ns, Reaching safepoint: 64701 ns, At safepoint: 11601 ns, Total: 76302 ns
[90.427s][info ][safepoint      ] Safepoint "Cleanup", Time since last: 1000109522 ns, Reaching safepoint: 64602 ns, At safepoint: 3800 ns, Total: 68402 ns
[91.384s][info ][gc,start       ] GC(74) Pause Young (Allocation Failure)
[91.391s][debug][gc,phases      ] GC(74) Scavenge 6.645ms
[91.391s][debug][gc,ref         ] GC(74) Skipped phase 1 of Reference Processing: no references
[91.391s][debug][gc,ref         ] GC(74) Skipped phase 3 of Reference Processing: no references
[91.391s][debug][gc,phases      ] GC(74) Reference Processing 0.033ms
[91.391s][debug][gc,phases      ] GC(74) Weak Processing 0.608ms
[91.391s][debug][gc,age         ] GC(74) Desired survivor size 52953088 bytes, new threshold 15 (max threshold 15)
[91.391s][info ][gc,heap        ] GC(74) PSYoungGen: 1997360K(2043904K)->8272K(2042368K) Eden: 1989120K(1989120K)->0K(1989120K) From: 8240K(54784K)->8272K(53248K)
[91.391s][info ][gc,heap        ] GC(74) ParOldGen: 309181K(355328K)->309509K(355328K)
[91.391s][info ][gc,metaspace   ] GC(74) Metaspace: 76155K(76864K)->76155K(76864K) NonClass: 65666K(66048K)->65666K(66048K) Class: 10489K(10816K)->10489K(10816K)
[91.391s][info ][gc             ] GC(74) Pause Young (Allocation Failure) 2252M->310M(2341M) 7.418ms
[91.391s][info ][gc,cpu         ] GC(74) User=0.03s Sys=0.00s Real=0.01s
[91.391s][info ][safepoint      ] Safepoint "ParallelGCFailedAllocation", Time since last: 957059208 ns, Reaching safepoint: 54001 ns, At safepoint: 7507559 ns, Total: 7561560 ns
[92.392s][info ][safepoint      ] Safepoint "Cleanup", Time since last: 1000083819 ns, Reaching safepoint: 64201 ns, At safepoint: 11201 ns, Total: 75402 ns
[93.392s][info ][safepoint      ] Safepoint "Cleanup", Time since last: 1000114718 ns, Reaching safepoint: 51701 ns, At safepoint: 8700 ns, Total: 60401 ns
[94.392s][info ][safepoint      ] Safepoint "Cleanup", Time since last: 1000106216 ns, Reaching safepoint: 62102 ns, At safepoint: 14500 ns, Total: 76602 ns
[95.392s][info ][safepoint      ] Safepoint "Cleanup", Time since last: 1000104614 ns, Reaching safepoint: 85802 ns, At safepoint: 14701 ns, Total: 100503 ns
[96.392s][info ][safepoint      ] Safepoint "Cleanup", Time since last: 1000117513 ns, Reaching safepoint: 64001 ns, At safepoint: 32001 ns, Total: 96002 ns
[98.393s][info ][safepoint      ] Safepoint "Cleanup", Time since last: 2000133819 ns, Reaching safepoint: 56602 ns, At safepoint: 3800 ns, Total: 60402 ns
[100.035s][info ][safepoint      ] Safepoint "Cleanup", Time since last: 1642049620 ns, Reaching safepoint: 102002 ns, At safepoint: 9200 ns, Total: 111202 ns
[101.035s][info ][safepoint      ] Safepoint "Cleanup", Time since last: 1000102906 ns, Reaching safepoint: 122802 ns, At safepoint: 8401 ns, Total: 131203 ns
[102.035s][info ][safepoint      ] Safepoint "Cleanup", Time since last: 1000127504 ns, Reaching safepoint: 52101 ns, At safepoint: 10500 ns, Total: 62601 ns
[103.035s][info ][safepoint      ] Safepoint "Cleanup", Time since last: 1000119303 ns, Reaching safepoint: 151703 ns, At safepoint: 8500 ns, Total: 160203 ns
[104.036s][info ][safepoint      ] Safepoint "Cleanup", Time since last: 1000104501 ns, Reaching safepoint: 120203 ns, At safepoint: 10400 ns, Total: 130603 ns
[105.036s][info ][safepoint      ] Safepoint "Cleanup", Time since last: 1000115699 ns, Reaching safepoint: 117603 ns, At safepoint: 7600 ns, Total: 125203 ns
[106.036s][info ][safepoint      ] Safepoint "Cleanup", Time since last: 1000112398 ns, Reaching safepoint: 112302 ns, At safepoint: 6300 ns, Total: 118602 ns
[108.036s][info ][safepoint      ] Safepoint "Cleanup", Time since last: 2000173290 ns, Reaching safepoint: 119902 ns, At safepoint: 6200 ns, Total: 126102 ns
[109.037s][info ][safepoint      ] Safepoint "Cleanup", Time since last: 1000116693 ns, Reaching safepoint: 127503 ns, At safepoint: 10300 ns, Total: 137803 ns
[110.037s][info ][safepoint      ] Safepoint "Cleanup", Time since last: 1000129092 ns, Reaching safepoint: 121602 ns, At safepoint: 6201 ns, Total: 127803 ns
[113.037s][info ][safepoint      ] Safepoint "Cleanup", Time since last: 3000249762 ns, Reaching safepoint: 119303 ns, At safepoint: 10500 ns, Total: 129803 ns
[113.786s][info ][gc,start       ] GC(75) Pause Young (Allocation Failure)
[113.793s][debug][gc,phases      ] GC(75) Scavenge 6.900ms
[113.793s][debug][gc,ref         ] GC(75) Skipped phase 1 of Reference Processing: no references
[113.793s][debug][gc,ref         ] GC(75) Skipped phase 3 of Reference Processing: no references
[113.793s][debug][gc,phases      ] GC(75) Reference Processing 0.027ms
[113.793s][debug][gc,phases      ] GC(75) Weak Processing 0.592ms
[113.793s][debug][gc,age         ] GC(75) Desired survivor size 50855936 bytes, new threshold 15 (max threshold 15)
[113.793s][info ][gc,heap        ] GC(75) PSYoungGen: 1997392K(2042368K)->7952K(2047488K) Eden: 1989120K(1989120K)->0K(1995776K) From: 8272K(53248K)->7952K(51712K)
[113.793s][info ][gc,heap        ] GC(75) ParOldGen: 309509K(355328K)->309821K(355328K)
[113.793s][info ][gc,metaspace   ] GC(75) Metaspace: 76213K(76864K)->76213K(76864K) NonClass: 65721K(66048K)->65721K(66048K) Class: 10491K(10816K)->10491K(10816K)
[113.793s][info ][gc             ] GC(75) Pause Young (Allocation Failure) 2252M->310M(2346M) 7.658ms
[113.793s][info ][gc,cpu         ] GC(75) User=0.03s Sys=0.00s Real=0.01s
[113.793s][info ][safepoint      ] Safepoint "ParallelGCFailedAllocation", Time since last: 748256850 ns, Reaching safepoint: 52901 ns, At safepoint: 7747465 ns, Total: 7800366 ns
[114.794s][info ][safepoint      ] Safepoint "Cleanup", Time since last: 1000084883 ns, Reaching safepoint: 50801 ns, At safepoint: 8100 ns, Total: 58901 ns
[115.794s][info ][safepoint      ] Safepoint "Cleanup", Time since last: 1000107282 ns, Reaching safepoint: 53801 ns, At safepoint: 15301 ns, Total: 69102 ns
[116.794s][info ][safepoint      ] Safepoint "Cleanup", Time since last: 1000104980 ns, Reaching safepoint: 70502 ns, At safepoint: 7500 ns, Total: 78002 ns
[117.794s][info ][safepoint      ] Safepoint "Cleanup", Time since last: 1000114679 ns, Reaching safepoint: 191804 ns, At safepoint: 11901 ns, Total: 203705 ns
[118.794s][info ][safepoint      ] Safepoint "Cleanup", Time since last: 1000106677 ns, Reaching safepoint: 113203 ns, At safepoint: 8100 ns, Total: 121303 ns
[119.795s][info ][safepoint      ] Safepoint "Cleanup", Time since last: 1000111976 ns, Reaching safepoint: 103502 ns, At safepoint: 8800 ns, Total: 112302 ns
[120.795s][info ][safepoint      ] Safepoint "Cleanup", Time since last: 1000087674 ns, Reaching safepoint: 87302 ns, At safepoint: 7200 ns, Total: 94502 ns
[121.795s][info ][safepoint      ] Safepoint "Cleanup", Time since last: 1000081673 ns, Reaching safepoint: 89802 ns, At safepoint: 5900 ns, Total: 95702 ns
[122.795s][info ][safepoint      ] Safepoint "Cleanup", Time since last: 1000071870 ns, Reaching safepoint: 68702 ns, At safepoint: 8600 ns, Total: 77302 ns
[123.795s][info ][safepoint      ] Safepoint "Cleanup", Time since last: 1000103570 ns, Reaching safepoint: 49801 ns, At safepoint: 6800 ns, Total: 56601 ns
[124.796s][info ][safepoint      ] Safepoint "Cleanup", Time since last: 1000112968 ns, Reaching safepoint: 53602 ns, At safepoint: 4600 ns, Total: 58202 ns
[125.796s][info ][safepoint      ] Safepoint "Cleanup", Time since last: 1000119567 ns, Reaching safepoint: 71001 ns, At safepoint: 7900 ns, Total: 78901 ns
[126.796s][info ][safepoint      ] Safepoint "Cleanup", Time since last: 1000109266 ns, Reaching safepoint: 41201 ns, At safepoint: 5200 ns, Total: 46401 ns
[128.106s][info ][safepoint      ] Safepoint "Cleanup", Time since last: 1309971420 ns, Reaching safepoint: 39201 ns, At safepoint: 4600 ns, Total: 43801 ns
[129.106s][info ][safepoint      ] Safepoint "Cleanup", Time since last: 1000119662 ns, Reaching safepoint: 117803 ns, At safepoint: 7200 ns, Total: 125003 ns
[130.106s][info ][safepoint      ] Safepoint "Cleanup", Time since last: 1000137561 ns, Reaching safepoint: 134803 ns, At safepoint: 12300 ns, Total: 147103 ns
[131.107s][info ][safepoint      ] Safepoint "Cleanup", Time since last: 1000119359 ns, Reaching safepoint: 63901 ns, At safepoint: 4900 ns, Total: 68801 ns
[132.346s][info ][safepoint      ] Safepoint "Cleanup", Time since last: 1239719026 ns, Reaching safepoint: 44801 ns, At safepoint: 9301 ns, Total: 54102 ns
[134.347s][info ][safepoint      ] Safepoint "Cleanup", Time since last: 2000166608 ns, Reaching safepoint: 55501 ns, At safepoint: 10300 ns, Total: 65801 ns
[135.347s][info ][safepoint      ] Safepoint "Cleanup", Time since last: 1000113153 ns, Reaching safepoint: 69201 ns, At safepoint: 10900 ns, Total: 80101 ns
[136.347s][info ][safepoint      ] Safepoint "Cleanup", Time since last: 1000109451 ns, Reaching safepoint: 55301 ns, At safepoint: 6200 ns, Total: 61501 ns
[136.783s][info ][gc,start       ] GC(76) Pause Young (Allocation Failure)
[136.790s][debug][gc,phases      ] GC(76) Scavenge 6.824ms
[136.790s][debug][gc,ref         ] GC(76) Skipped phase 1 of Reference Processing: no references
[136.790s][debug][gc,ref         ] GC(76) Skipped phase 3 of Reference Processing: no references
[136.790s][debug][gc,phases      ] GC(76) Reference Processing 0.034ms
[136.791s][debug][gc,phases      ] GC(76) Weak Processing 0.833ms
[136.791s][debug][gc,age         ] GC(76) Desired survivor size 49283072 bytes, new threshold 15 (max threshold 15)
[136.791s][info ][gc,heap        ] GC(76) PSYoungGen: 2003728K(2047488K)->7856K(2045440K) Eden: 1995776K(1995776K)->0K(1995776K) From: 7952K(51712K)->7856K(49664K)
[136.791s][info ][gc,heap        ] GC(76) ParOldGen: 309821K(355328K)->310173K(355328K)
[136.791s][info ][gc,metaspace   ] GC(76) Metaspace: 76424K(77120K)->76424K(77120K) NonClass: 65917K(66304K)->65917K(66304K) Class: 10506K(10816K)->10506K(10816K)
[136.791s][info ][gc             ] GC(76) Pause Young (Allocation Failure) 2259M->310M(2344M) 7.831ms
[136.791s][info ][gc,cpu         ] GC(76) User=0.02s Sys=0.00s Real=0.01s
[136.791s][info ][safepoint      ] Safepoint "ParallelGCFailedAllocation", Time since last: 436433830 ns, Reaching safepoint: 29500 ns, At safepoint: 7918668 ns, Total: 7948168 ns
[138.792s][info ][safepoint      ] Safepoint "Cleanup", Time since last: 2000159695 ns, Reaching safepoint: 52101 ns, At safepoint: 3700 ns, Total: 55801 ns
[139.792s][info ][safepoint      ] Safepoint "Cleanup", Time since last: 1000109346 ns, Reaching safepoint: 70001 ns, At safepoint: 10500 ns, Total: 80501 ns
[141.792s][info ][safepoint      ] Safepoint "Cleanup", Time since last: 2000153986 ns, Reaching safepoint: 54401 ns, At safepoint: 3000 ns, Total: 57401 ns
[144.792s][info ][safepoint      ] Safepoint "Cleanup", Time since last: 3000240718 ns, Reaching safepoint: 49401 ns, At safepoint: 6100 ns, Total: 55501 ns
[145.792s][info ][safepoint      ] Safepoint "Cleanup", Time since last: 1000125037 ns, Reaching safepoint: 64102 ns, At safepoint: 19900 ns, Total: 84002 ns
[146.793s][info ][safepoint      ] Safepoint "Cleanup", Time since last: 1000110335 ns, Reaching safepoint: 65602 ns, At safepoint: 3000 ns, Total: 68602 ns
[147.793s][info ][safepoint      ] Safepoint "Cleanup", Time since last: 1000107834 ns, Reaching safepoint: 51401 ns, At safepoint: 12700 ns, Total: 64101 ns
[150.793s][info ][safepoint      ] Safepoint "Cleanup", Time since last: 3000234491 ns, Reaching safepoint: 51301 ns, At safepoint: 5200 ns, Total: 56501 ns
[152.793s][info ][safepoint      ] Safepoint "Cleanup", Time since last: 2000196255 ns, Reaching safepoint: 46801 ns, At safepoint: 3300 ns, Total: 50101 ns
[156.794s][info ][safepoint      ] Safepoint "Cleanup", Time since last: 4000313289 ns, Reaching safepoint: 61202 ns, At safepoint: 8000 ns, Total: 69202 ns
[157.794s][info ][safepoint      ] Safepoint "Cleanup", Time since last: 1000093919 ns, Reaching safepoint: 55001 ns, At safepoint: 5800 ns, Total: 60801 ns
[157.834s][info ][gc,start       ] GC(77) Pause Young (Allocation Failure)
[157.840s][debug][gc,phases      ] GC(77) Scavenge 6.465ms
[157.840s][debug][gc,ref         ] GC(77) Skipped phase 1 of Reference Processing: no references
[157.840s][debug][gc,ref         ] GC(77) Skipped phase 3 of Reference Processing: no references
[157.840s][debug][gc,phases      ] GC(77) Reference Processing 0.031ms
[157.841s][debug][gc,phases      ] GC(77) Weak Processing 0.587ms
[157.841s][debug][gc,age         ] GC(77) Desired survivor size 47185920 bytes, new threshold 15 (max threshold 15)
[157.841s][info ][gc,heap        ] GC(77) PSYoungGen: 2003632K(2045440K)->7360K(2051072K) Eden: 1995776K(1995776K)->0K(2002944K) From: 7856K(49664K)->7360K(48128K)
[157.841s][info ][gc,heap        ] GC(77) ParOldGen: 310173K(355328K)->310617K(355328K)
[157.841s][info ][gc,metaspace   ] GC(77) Metaspace: 76481K(77120K)->76481K(77120K) NonClass: 65974K(66304K)->65974K(66304K) Class: 10506K(10816K)->10506K(10816K)
[157.841s][info ][gc             ] GC(77) Pause Young (Allocation Failure) 2259M->310M(2350M) 7.236ms
[157.841s][info ][gc,cpu         ] GC(77) User=0.02s Sys=0.00s Real=0.00s
[157.841s][info ][safepoint      ] Safepoint "ParallelGCFailedAllocation", Time since last: 39566736 ns, Reaching safepoint: 51101 ns, At safepoint: 7314454 ns, Total: 7365555 ns
[158.841s][info ][safepoint      ] Safepoint "Cleanup", Time since last: 1000050017 ns, Reaching safepoint: 61901 ns, At safepoint: 5900 ns, Total: 67801 ns
[159.841s][info ][safepoint      ] Safepoint "Cleanup", Time since last: 1000106217 ns, Reaching safepoint: 59801 ns, At safepoint: 3800 ns, Total: 63601 ns
[160.841s][info ][safepoint      ] Safepoint "Cleanup", Time since last: 1000086415 ns, Reaching safepoint: 46001 ns, At safepoint: 3600 ns, Total: 49601 ns
[161.361s][info ][safepoint      ] Safepoint "ICBufferFull", Time since last: 519922576 ns, Reaching safepoint: 233005 ns, At safepoint: 21201 ns, Total: 254206 ns
[162.362s][info ][safepoint      ] Safepoint "Cleanup", Time since last: 1000126013 ns, Reaching safepoint: 170704 ns, At safepoint: 14500 ns, Total: 185204 ns
[163.362s][info ][safepoint      ] Safepoint "Cleanup", Time since last: 1000119012 ns, Reaching safepoint: 168003 ns, At safepoint: 11700 ns, Total: 179703 ns
[164.362s][info ][safepoint      ] Safepoint "Cleanup", Time since last: 1000113811 ns, Reaching safepoint: 66001 ns, At safepoint: 6700 ns, Total: 72701 ns
[165.362s][info ][safepoint      ] Safepoint "Cleanup", Time since last: 1000126809 ns, Reaching safepoint: 76202 ns, At safepoint: 7700 ns, Total: 83902 ns
[166.363s][info ][safepoint      ] Safepoint "Cleanup", Time since last: 1000126607 ns, Reaching safepoint: 78802 ns, At safepoint: 7300 ns, Total: 86102 ns
[167.363s][info ][safepoint      ] Safepoint "Cleanup", Time since last: 1000113506 ns, Reaching safepoint: 65602 ns, At safepoint: 8800 ns, Total: 74402 ns
[168.363s][info ][safepoint      ] Safepoint "Cleanup", Time since last: 1000112104 ns, Reaching safepoint: 48201 ns, At safepoint: 6600 ns, Total: 54801 ns
[169.363s][info ][safepoint      ] Safepoint "Cleanup", Time since last: 1000123804 ns, Reaching safepoint: 54601 ns, At safepoint: 4000 ns, Total: 58601 ns
[170.363s][info ][safepoint      ] Safepoint "Cleanup", Time since last: 1000119402 ns, Reaching safepoint: 51401 ns, At safepoint: 3200 ns, Total: 54601 ns
[171.364s][info ][safepoint      ] Safepoint "Cleanup", Time since last: 1000119800 ns, Reaching safepoint: 62202 ns, At safepoint: 8300 ns, Total: 70502 ns
[172.364s][info ][safepoint      ] Safepoint "Cleanup", Time since last: 1000111799 ns, Reaching safepoint: 52801 ns, At safepoint: 3400 ns, Total: 56201 ns
[173.364s][info ][safepoint      ] Safepoint "Cleanup", Time since last: 1000112698 ns, Reaching safepoint: 48801 ns, At safepoint: 3300 ns, Total: 52101 ns
[175.364s][info ][safepoint      ] Safepoint "Cleanup", Time since last: 2000184490 ns, Reaching safepoint: 63801 ns, At safepoint: 9200 ns, Total: 73001 ns
[176.364s][info ][safepoint      ] Safepoint "Cleanup", Time since last: 1000085893 ns, Reaching safepoint: 59401 ns, At safepoint: 9600 ns, Total: 69001 ns
[177.742s][info ][safepoint      ] Safepoint "Cleanup", Time since last: 1377350948 ns, Reaching safepoint: 79701 ns, At safepoint: 10101 ns, Total: 89802 ns
[180.361s][info ][safepoint      ] Safepoint "Cleanup", Time since last: 2619492936 ns, Reaching safepoint: 67901 ns, At safepoint: 11500 ns, Total: 79401 ns
[181.362s][info ][safepoint      ] Safepoint "Cleanup", Time since last: 1000115287 ns, Reaching safepoint: 93302 ns, At safepoint: 7300 ns, Total: 100602 ns
[182.362s][info ][safepoint      ] Safepoint "Cleanup", Time since last: 1000111685 ns, Reaching safepoint: 57201 ns, At safepoint: 8501 ns, Total: 65702 ns
[183.362s][info ][safepoint      ] Safepoint "Cleanup", Time since last: 1000109983 ns, Reaching safepoint: 56101 ns, At safepoint: 6001 ns, Total: 62102 ns
[184.362s][info ][safepoint      ] Safepoint "Cleanup", Time since last: 1000104782 ns, Reaching safepoint: 116802 ns, At safepoint: 10100 ns, Total: 126902 ns
[185.362s][info ][safepoint      ] Safepoint "Cleanup", Time since last: 1000102981 ns, Reaching safepoint: 56201 ns, At safepoint: 17101 ns, Total: 73302 ns
[186.362s][info ][safepoint      ] Safepoint "Cleanup", Time since last: 1000066678 ns, Reaching safepoint: 71302 ns, At safepoint: 8400 ns, Total: 79702 ns
[188.363s][info ][safepoint      ] Safepoint "Cleanup", Time since last: 2000171154 ns, Reaching safepoint: 58001 ns, At safepoint: 15601 ns, Total: 73602 ns
[188.904s][info ][gc,start       ] GC(78) Pause Young (Allocation Failure)
[188.916s][debug][gc,phases      ] GC(78) Scavenge 11.377ms
[188.916s][debug][gc,ref         ] GC(78) Skipped phase 1 of Reference Processing: no references
[188.916s][debug][gc,ref         ] GC(78) Skipped phase 3 of Reference Processing: no references
[188.916s][debug][gc,phases      ] GC(78) Reference Processing 0.041ms
[188.916s][debug][gc,phases      ] GC(78) Weak Processing 0.613ms
[188.916s][debug][gc,age         ] GC(78) Desired survivor size 48234496 bytes, new threshold 15 (max threshold 15)
[188.916s][info ][gc,heap        ] GC(78) PSYoungGen: 2010304K(2051072K)->26352K(2049024K) Eden: 2002944K(2002944K)->0K(2002944K) From: 7360K(48128K)->26352K(46080K)
[188.916s][info ][gc,heap        ] GC(78) ParOldGen: 310617K(355328K)->311009K(355328K)
[188.916s][info ][gc,metaspace   ] GC(78) Metaspace: 76560K(77184K)->76560K(77184K) NonClass: 66051K(66368K)->66051K(66368K) Class: 10508K(10816K)->10508K(10816K)
[188.916s][info ][gc             ] GC(78) Pause Young (Allocation Failure) 2266M->329M(2348M) 12.178ms
[188.916s][info ][gc,cpu         ] GC(78) User=0.05s Sys=0.00s Real=0.01s
[188.916s][info ][safepoint      ] Safepoint "ParallelGCFailedAllocation", Time since last: 541318007 ns, Reaching safepoint: 81802 ns, At safepoint: 12285759 ns, Total: 12367561 ns
[189.917s][info ][safepoint      ] Safepoint "Cleanup", Time since last: 1000085174 ns, Reaching safepoint: 89802 ns, At safepoint: 6800 ns, Total: 96602 ns
[190.917s][info ][safepoint      ] Safepoint "Cleanup", Time since last: 1000107573 ns, Reaching safepoint: 68702 ns, At safepoint: 17100 ns, Total: 85802 ns
[191.917s][info ][safepoint      ] Safepoint "Cleanup", Time since last: 1000104472 ns, Reaching safepoint: 61802 ns, At safepoint: 6700 ns, Total: 68502 ns
[192.917s][info ][safepoint      ] Safepoint "Cleanup", Time since last: 1000109870 ns, Reaching safepoint: 47501 ns, At safepoint: 7101 ns, Total: 54602 ns
[193.917s][info ][safepoint      ] Safepoint "Cleanup", Time since last: 1000108669 ns, Reaching safepoint: 55201 ns, At safepoint: 3300 ns, Total: 58501 ns
[194.918s][info ][safepoint      ] Safepoint "Cleanup", Time since last: 1000115568 ns, Reaching safepoint: 139803 ns, At safepoint: 13901 ns, Total: 153704 ns
[195.918s][info ][safepoint      ] Safepoint "Cleanup", Time since last: 1000104266 ns, Reaching safepoint: 50801 ns, At safepoint: 4400 ns, Total: 55201 ns
[197.918s][info ][safepoint      ] Safepoint "Cleanup", Time since last: 2000170129 ns, Reaching safepoint: 55901 ns, At safepoint: 11500 ns, Total: 67401 ns
[199.918s][info ][safepoint      ] Safepoint "Cleanup", Time since last: 2000192324 ns, Reaching safepoint: 51701 ns, At safepoint: 10100 ns, Total: 61801 ns
[200.918s][info ][safepoint      ] Safepoint "Cleanup", Time since last: 1000101060 ns, Reaching safepoint: 54101 ns, At safepoint: 6900 ns, Total: 61001 ns
[202.436s][info ][safepoint      ] Safepoint "Cleanup", Time since last: 1517794859 ns, Reaching safepoint: 117603 ns, At safepoint: 8100 ns, Total: 125703 ns
[203.436s][info ][safepoint      ] Safepoint "Cleanup", Time since last: 1000113957 ns, Reaching safepoint: 54701 ns, At safepoint: 4700 ns, Total: 59401 ns
[204.437s][info ][safepoint      ] Safepoint "Cleanup", Time since last: 1000104455 ns, Reaching safepoint: 54902 ns, At safepoint: 7800 ns, Total: 62702 ns
[206.437s][info ][safepoint      ] Safepoint "Cleanup", Time since last: 2000168206 ns, Reaching safepoint: 139803 ns, At safepoint: 17100 ns, Total: 156903 ns
[207.437s][info ][safepoint      ] Safepoint "Cleanup", Time since last: 1000106351 ns, Reaching safepoint: 44401 ns, At safepoint: 3500 ns, Total: 47901 ns
[208.443s][info ][safepoint      ] Safepoint "Cleanup", Time since last: 1000103251 ns, Reaching safepoint: 6018826 ns, At safepoint: 15201 ns, Total: 6034027 ns
[209.450s][info ][safepoint      ] Safepoint "Cleanup", Time since last: 1000105648 ns, Reaching safepoint: 6190231 ns, At safepoint: 25400 ns, Total: 6215631 ns
[210.450s][info ][safepoint      ] Safepoint "Cleanup", Time since last: 1000110748 ns, Reaching safepoint: 56501 ns, At safepoint: 12100 ns, Total: 68601 ns
[211.450s][info ][safepoint      ] Safepoint "Cleanup", Time since last: 1000155048 ns, Reaching safepoint: 124902 ns, At safepoint: 10900 ns, Total: 135802 ns
[212.450s][info ][safepoint      ] Safepoint "Cleanup", Time since last: 1000118346 ns, Reaching safepoint: 59101 ns, At safepoint: 10000 ns, Total: 69101 ns
[216.451s][info ][safepoint      ] Safepoint "Cleanup", Time since last: 4000258264 ns, Reaching safepoint: 75001 ns, At safepoint: 8000 ns, Total: 83001 ns
[217.451s][info ][safepoint      ] Safepoint "Cleanup", Time since last: 1000103139 ns, Reaching safepoint: 53301 ns, At safepoint: 7900 ns, Total: 61201 ns
[218.451s][info ][safepoint      ] Safepoint "Cleanup", Time since last: 1000119138 ns, Reaching safepoint: 65101 ns, At safepoint: 9500 ns, Total: 74601 ns
[220.805s][info ][gc,start       ] GC(79) Pause Young (Allocation Failure)
[220.830s][debug][gc,phases      ] GC(79) Scavenge 24.749ms
[220.830s][debug][gc,ref         ] GC(79) Skipped phase 1 of Reference Processing: no references
[220.830s][debug][gc,ref         ] GC(79) Skipped phase 3 of Reference Processing: no references
[220.830s][debug][gc,phases      ] GC(79) Reference Processing 0.047ms
[220.831s][debug][gc,phases      ] GC(79) Weak Processing 0.675ms
[220.831s][debug][gc,age         ] GC(79) Desired survivor size 50855936 bytes, new threshold 15 (max threshold 15)
[220.831s][info ][gc,heap        ] GC(79) PSYoungGen: 2029296K(2049024K)->30832K(2044928K) Eden: 2002944K(2002944K)->0K(1997824K) From: 26352K(46080K)->30832K(47104K)
[220.831s][info ][gc,heap        ] GC(79) ParOldGen: 311009K(355328K)->311433K(355328K)
[220.831s][info ][gc,metaspace   ] GC(79) Metaspace: 76626K(77312K)->76626K(77312K) NonClass: 66116K(66496K)->66116K(66496K) Class: 10510K(10816K)->10510K(10816K)
[220.831s][info ][gc             ] GC(79) Pause Young (Allocation Failure) 2285M->334M(2344M) 25.631ms
[220.831s][info ][gc,cpu         ] GC(79) User=0.05s Sys=0.02s Real=0.02s
[220.831s][info ][safepoint      ] Safepoint "ParallelGCFailedAllocation", Time since last: 2353997512 ns, Reaching safepoint: 34001 ns, At safepoint: 25759941 ns, Total: 25793942 ns
[221.831s][info ][safepoint      ] Safepoint "Cleanup", Time since last: 1000100133 ns, Reaching safepoint: 81002 ns, At safepoint: 11400 ns, Total: 92402 ns
[223.831s][info ][safepoint      ] Safepoint "Cleanup", Time since last: 2000198862 ns, Reaching safepoint: 72602 ns, At safepoint: 12300 ns, Total: 84902 ns
[224.831s][info ][safepoint      ] Safepoint "Cleanup", Time since last: 1000129029 ns, Reaching safepoint: 54202 ns, At safepoint: 8400 ns, Total: 62602 ns
[226.733s][info ][safepoint      ] Safepoint "ICBufferFull", Time since last: 1900888866 ns, Reaching safepoint: 261406 ns, At safepoint: 9500 ns, Total: 270906 ns
[226.733s][info ][safepoint      ] Safepoint "ICBufferFull", Time since last: 65101 ns, Reaching safepoint: 102302 ns, At safepoint: 9001 ns, Total: 111303 ns
[227.733s][info ][safepoint      ] Safepoint "Cleanup", Time since last: 1000087925 ns, Reaching safepoint: 146703 ns, At safepoint: 12000 ns, Total: 158703 ns
[228.733s][info ][safepoint      ] Safepoint "Cleanup", Time since last: 1000106624 ns, Reaching safepoint: 110703 ns, At safepoint: 7200 ns, Total: 117903 ns
[229.733s][info ][safepoint      ] Safepoint "Cleanup", Time since last: 1000112523 ns, Reaching safepoint: 116503 ns, At safepoint: 9700 ns, Total: 126203 ns
[230.734s][info ][safepoint      ] Safepoint "Cleanup", Time since last: 1000106422 ns, Reaching safepoint: 112802 ns, At safepoint: 12800 ns, Total: 125602 ns
[231.734s][info ][safepoint      ] Safepoint "Cleanup", Time since last: 1000103821 ns, Reaching safepoint: 54501 ns, At safepoint: 13700 ns, Total: 68201 ns
[232.734s][info ][safepoint      ] Safepoint "Cleanup", Time since last: 1000112320 ns, Reaching safepoint: 48601 ns, At safepoint: 9900 ns, Total: 58501 ns
[235.734s][info ][safepoint      ] Safepoint "Cleanup", Time since last: 3000257449 ns, Reaching safepoint: 58301 ns, At safepoint: 8801 ns, Total: 67102 ns
[236.735s][info ][safepoint      ] Safepoint "Cleanup", Time since last: 1000108414 ns, Reaching safepoint: 89902 ns, At safepoint: 8400 ns, Total: 98302 ns
[238.735s][info ][safepoint      ] Safepoint "Cleanup", Time since last: 2000188125 ns, Reaching safepoint: 126602 ns, At safepoint: 9001 ns, Total: 135603 ns
[240.735s][info ][safepoint      ] Safepoint "Cleanup", Time since last: 2000146818 ns, Reaching safepoint: 130103 ns, At safepoint: 7600 ns, Total: 137703 ns
[241.735s][info ][safepoint      ] Safepoint "Cleanup", Time since last: 1000109609 ns, Reaching safepoint: 118602 ns, At safepoint: 7400 ns, Total: 126002 ns
[242.736s][info ][safepoint      ] Safepoint "Cleanup", Time since last: 1000121508 ns, Reaching safepoint: 116002 ns, At safepoint: 5900 ns, Total: 121902 ns
[243.736s][info ][safepoint      ] Safepoint "Cleanup", Time since last: 1000114806 ns, Reaching safepoint: 121703 ns, At safepoint: 7700 ns, Total: 129403 ns
[244.736s][info ][safepoint      ] Safepoint "Cleanup", Time since last: 1000103004 ns, Reaching safepoint: 112903 ns, At safepoint: 11900 ns, Total: 124803 ns
[246.736s][info ][safepoint      ] Safepoint "Cleanup", Time since last: 2000179805 ns, Reaching safepoint: 50501 ns, At safepoint: 12100 ns, Total: 62601 ns
[249.737s][info ][safepoint      ] Safepoint "Cleanup", Time since last: 3000243198 ns, Reaching safepoint: 58901 ns, At safepoint: 9501 ns, Total: 68402 ns
[250.737s][info ][safepoint      ] Safepoint "Cleanup", Time since last: 1000120497 ns, Reaching safepoint: 54001 ns, At safepoint: 7401 ns, Total: 61402 ns
[253.137s][info ][safepoint      ] Safepoint "Cleanup", Time since last: 2399853880 ns, Reaching safepoint: 116203 ns, At safepoint: 9400 ns, Total: 125603 ns
[255.994s][info ][safepoint      ] Safepoint "Cleanup", Time since last: 2856858165 ns, Reaching safepoint: 43101 ns, At safepoint: 8600 ns, Total: 51701 ns
[256.381s][info ][gc,start       ] GC(80) Pause Young (Allocation Failure)
[256.388s][debug][gc,phases      ] GC(80) Scavenge 6.713ms
[256.388s][debug][gc,ref         ] GC(80) Skipped phase 1 of Reference Processing: no references
[256.388s][debug][gc,phases      ] GC(80) Reference Processing 0.060ms
[256.389s][debug][gc,phases      ] GC(80) Weak Processing 0.542ms
[256.389s][debug][gc,age         ] GC(80) Desired survivor size 51380224 bytes, new threshold 15 (max threshold 15)
[256.389s][info ][gc,heap        ] GC(80) PSYoungGen: 2028656K(2044928K)->27141K(2025472K) Eden: 1997824K(1997824K)->0K(1997824K) From: 30832K(47104K)->27141K(27648K)
[256.389s][info ][gc,heap        ] GC(80) ParOldGen: 311433K(355328K)->311825K(355328K)
[256.389s][info ][gc,metaspace   ] GC(80) Metaspace: 76717K(77312K)->76717K(77312K) NonClass: 66206K(66496K)->66206K(66496K) Class: 10511K(10816K)->10511K(10816K)
[256.389s][info ][gc             ] GC(80) Pause Young (Allocation Failure) 2285M->331M(2325M) 7.471ms
[256.389s][info ][gc,cpu         ] GC(80) User=0.02s Sys=0.00s Real=0.01s
[256.389s][info ][safepoint      ] Safepoint "ParallelGCFailedAllocation", Time since last: 387602435 ns, Reaching safepoint: 95302 ns, At safepoint: 7575059 ns, Total: 7670361 ns
[260.389s][info ][safepoint      ] Safepoint "Cleanup", Time since last: 4000270248 ns, Reaching safepoint: 55601 ns, At safepoint: 8300 ns, Total: 63901 ns
[261.389s][info ][safepoint      ] Safepoint "Cleanup", Time since last: 1000096385 ns, Reaching safepoint: 44301 ns, At safepoint: 5600 ns, Total: 49901 ns
[264.191s][info ][safepoint      ] Safepoint "Cleanup", Time since last: 2801531677 ns, Reaching safepoint: 106902 ns, At safepoint: 9001 ns, Total: 115903 ns
[267.191s][info ][safepoint      ] Safepoint "Cleanup", Time since last: 3000252136 ns, Reaching safepoint: 54401 ns, At safepoint: 3600 ns, Total: 58001 ns
[268.192s][info ][safepoint      ] Safepoint "Cleanup", Time since last: 1000068676 ns, Reaching safepoint: 64501 ns, At safepoint: 7601 ns, Total: 72102 ns
[282.193s][info ][safepoint      ] Safepoint "Cleanup", Time since last: 14000949344 ns, Reaching safepoint: 54601 ns, At safepoint: 4100 ns, Total: 58701 ns
[283.193s][info ][safepoint      ] Safepoint "Cleanup", Time since last: 1000107060 ns, Reaching safepoint: 48001 ns, At safepoint: 6200 ns, Total: 54201 ns
[287.334s][info ][gc,start       ] GC(81) Pause Young (Allocation Failure)
[287.340s][debug][gc,phases      ] GC(81) Scavenge 6.801ms
[287.341s][debug][gc,ref         ] GC(81) Skipped phase 1 of Reference Processing: no references
[287.341s][debug][gc,ref         ] GC(81) Skipped phase 3 of Reference Processing: no references
[287.341s][debug][gc,phases      ] GC(81) Reference Processing 0.040ms
[287.341s][debug][gc,phases      ] GC(81) Weak Processing 0.663ms
[287.341s][debug][gc,age         ] GC(81) Desired survivor size 51380224 bytes, new threshold 15 (max threshold 15)
[287.341s][info ][gc,heap        ] GC(81) PSYoungGen: 2024965K(2025472K)->26581K(2046976K) Eden: 1997824K(1997824K)->0K(1996800K) From: 27141K(27648K)->26581K(50176K)
[287.341s][info ][gc,heap        ] GC(81) ParOldGen: 311825K(355328K)->312233K(355328K)
[287.341s][info ][gc,metaspace   ] GC(81) Metaspace: 76725K(77376K)->76725K(77376K) NonClass: 66214K(66560K)->66214K(66560K) Class: 10511K(10816K)->10511K(10816K)
[287.341s][info ][gc             ] GC(81) Pause Young (Allocation Failure) 2282M->330M(2346M) 7.653ms
[287.341s][info ][gc,cpu         ] GC(81) User=0.02s Sys=0.00s Real=0.00s
[287.341s][info ][safepoint      ] Safepoint "ParallelGCFailedAllocation", Time since last: 4140810369 ns, Reaching safepoint: 80602 ns, At safepoint: 7760263 ns, Total: 7840865 ns
[290.342s][info ][safepoint      ] Safepoint "Cleanup", Time since last: 3000247757 ns, Reaching safepoint: 56401 ns, At safepoint: 11200 ns, Total: 67601 ns
[291.342s][info ][safepoint      ] Safepoint "Cleanup", Time since last: 1000075150 ns, Reaching safepoint: 51502 ns, At safepoint: 5400 ns, Total: 56902 ns
[297.342s][info ][safepoint      ] Safepoint "Cleanup", Time since last: 6000430876 ns, Reaching safepoint: 41401 ns, At safepoint: 3000 ns, Total: 44401 ns
[298.342s][info ][safepoint      ] Safepoint "Cleanup", Time since last: 1000120944 ns, Reaching safepoint: 52101 ns, At safepoint: 7000 ns, Total: 59101 ns
[301.343s][info ][safepoint      ] Safepoint "Cleanup", Time since last: 3000241021 ns, Reaching safepoint: 65601 ns, At safepoint: 9000 ns, Total: 74601 ns
[302.343s][info ][safepoint      ] Safepoint "Cleanup", Time since last: 1000060538 ns, Reaching safepoint: 75102 ns, At safepoint: 8300 ns, Total: 83402 ns
[304.343s][info ][safepoint      ] Safepoint "Cleanup", Time since last: 2000211374 ns, Reaching safepoint: 102002 ns, At safepoint: 8300 ns, Total: 110302 ns
[305.343s][info ][safepoint      ] Safepoint "Cleanup", Time since last: 1000131236 ns, Reaching safepoint: 58401 ns, At safepoint: 10000 ns, Total: 68401 ns
[307.344s][info ][safepoint      ] Safepoint "Cleanup", Time since last: 2000179167 ns, Reaching safepoint: 65102 ns, At safepoint: 9500 ns, Total: 74602 ns
[308.344s][info ][safepoint      ] Safepoint "Cleanup", Time since last: 1000087732 ns, Reaching safepoint: 55801 ns, At safepoint: 5300 ns, Total: 61101 ns
[309.344s][info ][safepoint      ] Safepoint "Cleanup", Time since last: 1000104631 ns, Reaching safepoint: 55301 ns, At safepoint: 7100 ns, Total: 62401 ns
[309.835s][info ][gc,start       ] GC(82) Pause Young (Allocation Failure)
[309.845s][debug][gc,phases      ] GC(82) Scavenge 9.991ms
[309.845s][debug][gc,ref         ] GC(82) Skipped phase 1 of Reference Processing: no references
[309.845s][debug][gc,ref         ] GC(82) Skipped phase 3 of Reference Processing: no references
[309.845s][debug][gc,phases      ] GC(82) Reference Processing 0.040ms
[309.846s][debug][gc,phases      ] GC(82) Weak Processing 0.578ms
[309.846s][debug][gc,age         ] GC(82) Desired survivor size 55574528 bytes, new threshold 15 (max threshold 15)
[309.846s][info ][gc,heap        ] GC(82) PSYoungGen: 2023381K(2046976K)->38675K(2035712K) Eden: 1996800K(1996800K)->0K(1996800K) From: 26581K(50176K)->38675K(38912K)
[309.846s][info ][gc,heap        ] GC(82) ParOldGen: 312233K(355328K)->312713K(355328K)
[309.846s][info ][gc,metaspace   ] GC(82) Metaspace: 76902K(77504K)->76902K(77504K) NonClass: 66377K(66688K)->66377K(66688K) Class: 10524K(10816K)->10524K(10816K)
[309.846s][info ][gc             ] GC(82) Pause Young (Allocation Failure) 2280M->343M(2335M) 10.750ms
[309.846s][info ][gc,cpu         ] GC(82) User=0.04s Sys=0.00s Real=0.01s
[309.846s][info ][safepoint      ] Safepoint "ParallelGCFailedAllocation", Time since last: 491123679 ns, Reaching safepoint: 49501 ns, At safepoint: 10845827 ns, Total: 10895328 ns
[310.846s][info ][safepoint      ] Safepoint "Cleanup", Time since last: 1000108329 ns, Reaching safepoint: 82002 ns, At safepoint: 12600 ns, Total: 94602 ns
[311.846s][info ][safepoint      ] Safepoint "Cleanup", Time since last: 1000092628 ns, Reaching safepoint: 54602 ns, At safepoint: 8900 ns, Total: 63502 ns
[312.847s][info ][safepoint      ] Safepoint "Cleanup", Time since last: 1000102827 ns, Reaching safepoint: 53701 ns, At safepoint: 6700 ns, Total: 60401 ns
[314.532s][info ][safepoint      ] Safepoint "Cleanup", Time since last: 1685257462 ns, Reaching safepoint: 104602 ns, At safepoint: 7901 ns, Total: 112503 ns
[315.532s][info ][safepoint      ] Safepoint "Cleanup", Time since last: 1000119224 ns, Reaching safepoint: 133803 ns, At safepoint: 16001 ns, Total: 149804 ns
[316.532s][info ][safepoint      ] Safepoint "Cleanup", Time since last: 1000112623 ns, Reaching safepoint: 128203 ns, At safepoint: 11500 ns, Total: 139703 ns
[317.533s][info ][safepoint      ] Safepoint "Cleanup", Time since last: 1000115723 ns, Reaching safepoint: 77701 ns, At safepoint: 9001 ns, Total: 86702 ns
[318.533s][info ][safepoint      ] Safepoint "Cleanup", Time since last: 1000113921 ns, Reaching safepoint: 66502 ns, At safepoint: 8500 ns, Total: 75002 ns
[319.533s][info ][safepoint      ] Safepoint "Cleanup", Time since last: 1000104220 ns, Reaching safepoint: 125703 ns, At safepoint: 8000 ns, Total: 133703 ns
[320.533s][info ][safepoint      ] Safepoint "Cleanup", Time since last: 1000113119 ns, Reaching safepoint: 136003 ns, At safepoint: 8000 ns, Total: 144003 ns
[321.534s][info ][safepoint      ] Safepoint "Cleanup", Time since last: 1000111219 ns, Reaching safepoint: 60101 ns, At safepoint: 30501 ns, Total: 90602 ns
[322.534s][info ][safepoint      ] Safepoint "Cleanup", Time since last: 1000113617 ns, Reaching safepoint: 147403 ns, At safepoint: 10100 ns, Total: 157503 ns
[324.534s][info ][safepoint      ] Safepoint "Cleanup", Time since last: 2000182831 ns, Reaching safepoint: 125503 ns, At safepoint: 7200 ns, Total: 132703 ns
[326.534s][info ][safepoint      ] Safepoint "Cleanup", Time since last: 2000194727 ns, Reaching safepoint: 113202 ns, At safepoint: 10500 ns, Total: 123702 ns
[328.535s][info ][safepoint      ] Safepoint "Cleanup", Time since last: 2000151822 ns, Reaching safepoint: 118603 ns, At safepoint: 9000 ns, Total: 127603 ns
[329.535s][info ][safepoint      ] Safepoint "Cleanup", Time since last: 1000106310 ns, Reaching safepoint: 99702 ns, At safepoint: 8600 ns, Total: 108302 ns
[330.535s][info ][safepoint      ] Safepoint "Cleanup", Time since last: 1000071508 ns, Reaching safepoint: 134903 ns, At safepoint: 8700 ns, Total: 143603 ns
[330.536s][info ][gc,start       ] GC(83) Pause Young (Allocation Failure)
[330.545s][debug][gc,phases      ] GC(83) Scavenge 8.832ms
[330.545s][debug][gc,ref         ] GC(83) Skipped phase 1 of Reference Processing: no references
[330.545s][debug][gc,ref         ] GC(83) Skipped phase 3 of Reference Processing: no references
[330.545s][debug][gc,phases      ] GC(83) Reference Processing 0.050ms
[330.546s][debug][gc,phases      ] GC(83) Weak Processing 0.556ms
[330.546s][debug][gc,age         ] GC(83) Desired survivor size 58720256 bytes, new threshold 15 (max threshold 15)
[330.546s][info ][gc,heap        ] GC(83) PSYoungGen: 2035475K(2035712K)->38293K(2036736K) Eden: 1996800K(1996800K)->0K(1982464K) From: 38675K(38912K)->38293K(54272K)
[330.546s][info ][gc,heap        ] GC(83) ParOldGen: 312713K(355328K)->313217K(355328K)
[330.546s][info ][gc,metaspace   ] GC(83) Metaspace: 77145K(77824K)->77145K(77824K) NonClass: 66578K(66944K)->66578K(66944K) Class: 10566K(10880K)->10566K(10880K)
[330.546s][info ][gc             ] GC(83) Pause Young (Allocation Failure) 2293M->343M(2336M) 9.565ms
[330.546s][info ][gc,cpu         ] GC(83) User=0.03s Sys=0.00s Real=0.01s
[330.546s][info ][safepoint      ] Safepoint "ParallelGCFailedAllocation", Time since last: 1127224 ns, Reaching safepoint: 120002 ns, At safepoint: 9656902 ns, Total: 9776904 ns
[331.597s][info ][safepoint      ] Safepoint "Cleanup", Time since last: 1050618164 ns, Reaching safepoint: 117603 ns, At safepoint: 17000 ns, Total: 134603 ns
[332.597s][info ][safepoint      ] Safepoint "Cleanup", Time since last: 1000101907 ns, Reaching safepoint: 62001 ns, At safepoint: 7200 ns, Total: 69201 ns
[333.597s][info ][safepoint      ] Safepoint "Cleanup", Time since last: 1000111606 ns, Reaching safepoint: 37501 ns, At safepoint: 3100 ns, Total: 40601 ns
[334.597s][info ][safepoint      ] Safepoint "Cleanup", Time since last: 1000070504 ns, Reaching safepoint: 53301 ns, At safepoint: 5900 ns, Total: 59201 ns
[335.597s][info ][safepoint      ] Safepoint "Cleanup", Time since last: 1000103004 ns, Reaching safepoint: 55901 ns, At safepoint: 3100 ns, Total: 59001 ns
[336.598s][info ][safepoint      ] Safepoint "Cleanup", Time since last: 1000108703 ns, Reaching safepoint: 46101 ns, At safepoint: 3900 ns, Total: 50001 ns
[338.598s][info ][safepoint      ] Safepoint "Cleanup", Time since last: 2000165402 ns, Reaching safepoint: 154503 ns, At safepoint: 12700 ns, Total: 167203 ns
[339.598s][info ][safepoint      ] Safepoint "Cleanup", Time since last: 1000102400 ns, Reaching safepoint: 79702 ns, At safepoint: 7200 ns, Total: 86902 ns
[340.598s][info ][safepoint      ] Safepoint "Cleanup", Time since last: 1000094699 ns, Reaching safepoint: 47201 ns, At safepoint: 8100 ns, Total: 55301 ns
[341.598s][info ][safepoint      ] Safepoint "Cleanup", Time since last: 1000107397 ns, Reaching safepoint: 52402 ns, At safepoint: 4400 ns, Total: 56802 ns
[342.599s][info ][safepoint      ] Safepoint "Cleanup", Time since last: 1000102896 ns, Reaching safepoint: 58302 ns, At safepoint: 7700 ns, Total: 66002 ns
[343.599s][info ][safepoint      ] Safepoint "Cleanup", Time since last: 1000111196 ns, Reaching safepoint: 57201 ns, At safepoint: 9700 ns, Total: 66901 ns
[344.599s][info ][safepoint      ] Safepoint "Cleanup", Time since last: 1000103995 ns, Reaching safepoint: 47101 ns, At safepoint: 3400 ns, Total: 50501 ns
[345.599s][info ][safepoint      ] Safepoint "Cleanup", Time since last: 1000050092 ns, Reaching safepoint: 50001 ns, At safepoint: 6801 ns, Total: 56802 ns
[346.599s][info ][safepoint      ] Safepoint "Cleanup", Time since last: 1000108192 ns, Reaching safepoint: 55702 ns, At safepoint: 12300 ns, Total: 68002 ns
[348.599s][info ][safepoint      ] Safepoint "Cleanup", Time since last: 2000169982 ns, Reaching safepoint: 46301 ns, At safepoint: 3100 ns, Total: 49401 ns
[349.600s][info ][safepoint      ] Safepoint "Cleanup", Time since last: 1000098989 ns, Reaching safepoint: 48801 ns, At safepoint: 7700 ns, Total: 56501 ns
[350.600s][info ][safepoint      ] Safepoint "Cleanup", Time since last: 1000102589 ns, Reaching safepoint: 49701 ns, At safepoint: 6000 ns, Total: 55701 ns
[351.600s][info ][safepoint      ] Safepoint "Cleanup", Time since last: 1000101788 ns, Reaching safepoint: 61101 ns, At safepoint: 10001 ns, Total: 71102 ns
[352.600s][info ][safepoint      ] Safepoint "Cleanup", Time since last: 1000106287 ns, Reaching safepoint: 47200 ns, At safepoint: 7401 ns, Total: 54601 ns
[352.683s][info ][gc,start       ] GC(84) Pause Young (Allocation Failure)
[352.693s][debug][gc,phases      ] GC(84) Scavenge 9.229ms
[352.693s][debug][gc,ref         ] GC(84) Skipped phase 1 of Reference Processing: no references
[352.693s][debug][gc,ref         ] GC(84) Skipped phase 3 of Reference Processing: no references
[352.693s][debug][gc,phases      ] GC(84) Reference Processing 0.055ms
[352.693s][debug][gc,phases      ] GC(84) Weak Processing 0.612ms
[352.693s][debug][gc,age         ] GC(84) Desired survivor size 61341696 bytes, new threshold 15 (max threshold 15)
[352.693s][info ][gc,heap        ] GC(84) PSYoungGen: 2020757K(2036736K)->39029K(2021888K) Eden: 1982464K(1982464K)->0K(1982464K) From: 38293K(54272K)->39029K(39424K)
[352.693s][info ][gc,heap        ] GC(84) ParOldGen: 313217K(355328K)->313777K(355328K)
[352.693s][info ][gc,metaspace   ] GC(84) Metaspace: 77216K(77888K)->77216K(77888K) NonClass: 66647K(67008K)->66647K(67008K) Class: 10569K(10880K)->10569K(10880K)
[352.693s][info ][gc             ] GC(84) Pause Young (Allocation Failure) 2279M->344M(2321M) 10.047ms
[352.693s][info ][gc,cpu         ] GC(84) User=0.04s Sys=0.00s Real=0.01s
[352.693s][info ][safepoint      ] Safepoint "ParallelGCFailedAllocation", Time since last: 83117835 ns, Reaching safepoint: 56102 ns, At safepoint: 10143311 ns, Total: 10199413 ns
[353.694s][info ][safepoint      ] Safepoint "Cleanup", Time since last: 1000083586 ns, Reaching safepoint: 46101 ns, At safepoint: 4000 ns, Total: 50101 ns
[354.694s][info ][safepoint      ] Safepoint "Cleanup", Time since last: 1000112485 ns, Reaching safepoint: 51001 ns, At safepoint: 7500 ns, Total: 58501 ns
[355.938s][info ][safepoint      ] Safepoint "Cleanup", Time since last: 1244073278 ns, Reaching safepoint: 143403 ns, At safepoint: 11500 ns, Total: 154903 ns
[356.938s][info ][safepoint      ] Safepoint "Cleanup", Time since last: 1000112083 ns, Reaching safepoint: 60101 ns, At safepoint: 9801 ns, Total: 69902 ns
[357.938s][info ][safepoint      ] Safepoint "Cleanup", Time since last: 1000092881 ns, Reaching safepoint: 48101 ns, At safepoint: 5500 ns, Total: 53601 ns
[358.938s][info ][safepoint      ] Safepoint "Cleanup", Time since last: 1000102481 ns, Reaching safepoint: 50201 ns, At safepoint: 4500 ns, Total: 54701 ns
[360.939s][info ][safepoint      ] Safepoint "Cleanup", Time since last: 2000167357 ns, Reaching safepoint: 44801 ns, At safepoint: 3100 ns, Total: 47901 ns
[361.939s][info ][safepoint      ] Safepoint "Cleanup", Time since last: 1000101678 ns, Reaching safepoint: 50901 ns, At safepoint: 17301 ns, Total: 68202 ns
[362.939s][info ][safepoint      ] Safepoint "Cleanup", Time since last: 1000113477 ns, Reaching safepoint: 51301 ns, At safepoint: 9200 ns, Total: 60501 ns
[364.939s][info ][safepoint      ] Safepoint "Cleanup", Time since last: 2000150749 ns, Reaching safepoint: 49001 ns, At safepoint: 3300 ns, Total: 52301 ns
[365.939s][info ][safepoint      ] Safepoint "Cleanup", Time since last: 1000104574 ns, Reaching safepoint: 54301 ns, At safepoint: 11401 ns, Total: 65702 ns
[366.940s][info ][safepoint      ] Safepoint "Cleanup", Time since last: 1000109473 ns, Reaching safepoint: 58501 ns, At safepoint: 4700 ns, Total: 63201 ns
[367.940s][info ][safepoint      ] Safepoint "Cleanup", Time since last: 1000105072 ns, Reaching safepoint: 56601 ns, At safepoint: 15801 ns, Total: 72402 ns
[368.940s][info ][safepoint      ] Safepoint "Cleanup", Time since last: 1000109671 ns, Reaching safepoint: 45601 ns, At safepoint: 6800 ns, Total: 52401 ns
[369.940s][info ][safepoint      ] Safepoint "Cleanup", Time since last: 1000107470 ns, Reaching safepoint: 49101 ns, At safepoint: 4100 ns, Total: 53201 ns
[370.940s][info ][safepoint      ] Safepoint "Cleanup", Time since last: 1000111970 ns, Reaching safepoint: 56101 ns, At safepoint: 13800 ns, Total: 69901 ns
[371.940s][info ][safepoint      ] Safepoint "Cleanup", Time since last: 1000087368 ns, Reaching safepoint: 74901 ns, At safepoint: 13201 ns, Total: 88102 ns
[372.941s][info ][safepoint      ] Safepoint "Cleanup", Time since last: 1000103167 ns, Reaching safepoint: 52101 ns, At safepoint: 5700 ns, Total: 57801 ns
[373.439s][info ][gc,start       ] GC(85) Pause Young (Allocation Failure)
[373.448s][debug][gc,phases      ] GC(85) Scavenge 9.669ms
[373.448s][debug][gc,ref         ] GC(85) Skipped phase 1 of Reference Processing: no references
[373.449s][debug][gc,ref         ] GC(85) Skipped phase 3 of Reference Processing: no references
[373.449s][debug][gc,phases      ] GC(85) Reference Processing 0.060ms
[373.449s][debug][gc,phases      ] GC(85) Weak Processing 0.556ms
[373.449s][debug][gc,age         ] GC(85) Desired survivor size 62914560 bytes, new threshold 15 (max threshold 15)
[373.449s][info ][gc,heap        ] GC(85) PSYoungGen: 2021493K(2021888K)->38293K(2034176K) Eden: 1982464K(1982464K)->0K(1974272K) From: 39029K(39424K)->38293K(59904K)
[373.449s][info ][gc,heap        ] GC(85) ParOldGen: 313777K(355328K)->314433K(355328K)
[373.449s][info ][gc,metaspace   ] GC(85) Metaspace: 77316K(78016K)->77316K(78016K) NonClass: 66738K(67136K)->66738K(67136K) Class: 10578K(10880K)->10578K(10880K)
[373.449s][info ][gc             ] GC(85) Pause Young (Allocation Failure) 2280M->344M(2333M) 10.429ms
[373.449s][info ][gc,cpu         ] GC(85) User=0.04s Sys=0.00s Real=0.01s
[373.449s][info ][safepoint      ] Safepoint "ParallelGCFailedAllocation", Time since last: 498096193 ns, Reaching safepoint: 48101 ns, At safepoint: 10525419 ns, Total: 10573520 ns
[374.449s][info ][safepoint      ] Safepoint "Cleanup", Time since last: 1000083266 ns, Reaching safepoint: 54001 ns, At safepoint: 10400 ns, Total: 64401 ns
[375.450s][info ][safepoint      ] Safepoint "Cleanup", Time since last: 1000100765 ns, Reaching safepoint: 47901 ns, At safepoint: 5200 ns, Total: 53101 ns
[376.450s][info ][safepoint      ] Safepoint "Cleanup", Time since last: 1000094964 ns, Reaching safepoint: 52701 ns, At safepoint: 3400 ns, Total: 56101 ns
[377.450s][info ][safepoint      ] Safepoint "Cleanup", Time since last: 1000102163 ns, Reaching safepoint: 65401 ns, At safepoint: 6000 ns, Total: 71401 ns
[378.450s][info ][safepoint      ] Safepoint "Cleanup", Time since last: 1000112263 ns, Reaching safepoint: 53301 ns, At safepoint: 8600 ns, Total: 61901 ns
[380.450s][info ][safepoint      ] Safepoint "Cleanup", Time since last: 2000169721 ns, Reaching safepoint: 65501 ns, At safepoint: 11300 ns, Total: 76801 ns
[381.450s][info ][safepoint      ] Safepoint "Cleanup", Time since last: 1000106660 ns, Reaching safepoint: 50001 ns, At safepoint: 11600 ns, Total: 61601 ns
[382.451s][info ][safepoint      ] Safepoint "Cleanup", Time since last: 1000111558 ns, Reaching safepoint: 93702 ns, At safepoint: 5800 ns, Total: 99502 ns
[383.451s][info ][safepoint      ] Safepoint "Cleanup", Time since last: 1000099958 ns, Reaching safepoint: 55401 ns, At safepoint: 9200 ns, Total: 64601 ns
[384.451s][info ][safepoint      ] Safepoint "Cleanup", Time since last: 1000103357 ns, Reaching safepoint: 48901 ns, At safepoint: 5500 ns, Total: 54401 ns
[385.451s][info ][safepoint      ] Safepoint "Cleanup", Time since last: 1000106356 ns, Reaching safepoint: 48301 ns, At safepoint: 3200 ns, Total: 51501 ns
[386.451s][info ][safepoint      ] Safepoint "Cleanup", Time since last: 1000088854 ns, Reaching safepoint: 46001 ns, At safepoint: 5400 ns, Total: 51401 ns
[388.451s][info ][safepoint      ] Safepoint "Cleanup", Time since last: 2000158106 ns, Reaching safepoint: 64301 ns, At safepoint: 11200 ns, Total: 75501 ns
[389.452s][info ][safepoint      ] Safepoint "Cleanup", Time since last: 1000090052 ns, Reaching safepoint: 42101 ns, At safepoint: 10700 ns, Total: 52801 ns
[390.452s][info ][safepoint      ] Safepoint "Cleanup", Time since last: 1000104951 ns, Reaching safepoint: 46801 ns, At safepoint: 3700 ns, Total: 50501 ns
[391.452s][info ][safepoint      ] Safepoint "Cleanup", Time since last: 1000091850 ns, Reaching safepoint: 222605 ns, At safepoint: 9300 ns, Total: 231905 ns
[393.452s][info ][safepoint      ] Safepoint "Cleanup", Time since last: 2000166797 ns, Reaching safepoint: 54501 ns, At safepoint: 7600 ns, Total: 62101 ns
[394.452s][info ][safepoint      ] Safepoint "Cleanup", Time since last: 1000093647 ns, Reaching safepoint: 63801 ns, At safepoint: 5600 ns, Total: 69401 ns
[395.453s][info ][safepoint      ] Safepoint "Cleanup", Time since last: 1000108647 ns, Reaching safepoint: 46901 ns, At safepoint: 8000 ns, Total: 54901 ns
[396.786s][info ][gc,start       ] GC(86) Pause Young (Allocation Failure)
[396.794s][debug][gc,phases      ] GC(86) Scavenge 7.998ms
[396.794s][debug][gc,ref         ] GC(86) Skipped phase 1 of Reference Processing: no references
[396.794s][debug][gc,ref         ] GC(86) Skipped phase 3 of Reference Processing: no references
[396.794s][debug][gc,phases      ] GC(86) Reference Processing 0.051ms
[396.795s][debug][gc,phases      ] GC(86) Weak Processing 0.513ms
[396.795s][debug][gc,age         ] GC(86) Desired survivor size 63438848 bytes, new threshold 15 (max threshold 15)
[396.795s][info ][gc,heap        ] GC(86) PSYoungGen: 2012565K(2034176K)->37509K(2012160K) Eden: 1974272K(1974272K)->0K(1974272K) From: 38293K(59904K)->37509K(37888K)
[396.795s][info ][gc,heap        ] GC(86) ParOldGen: 314433K(355328K)->315153K(355328K)
[396.795s][info ][gc,metaspace   ] GC(86) Metaspace: 77338K(78016K)->77338K(78016K) NonClass: 66759K(67136K)->66759K(67136K) Class: 10578K(10880K)->10578K(10880K)
[396.795s][info ][gc             ] GC(86) Pause Young (Allocation Failure) 2272M->344M(2312M) 8.690ms
[396.795s][info ][gc,cpu         ] GC(86) User=0.04s Sys=0.00s Real=0.01s
[396.795s][info ][safepoint      ] Safepoint "ParallelGCFailedAllocation", Time since last: 1333482794 ns, Reaching safepoint: 111103 ns, At safepoint: 8774783 ns, Total: 8885886 ns
[397.795s][info ][safepoint      ] Safepoint "Cleanup", Time since last: 1000089044 ns, Reaching safepoint: 48401 ns, At safepoint: 5800 ns, Total: 54201 ns
[398.795s][info ][safepoint      ] Safepoint "Cleanup", Time since last: 1000067343 ns, Reaching safepoint: 65301 ns, At safepoint: 4300 ns, Total: 69601 ns
[400.244s][info ][safepoint      ] Safepoint "Cleanup", Time since last: 1448890395 ns, Reaching safepoint: 64602 ns, At safepoint: 5700 ns, Total: 70302 ns
[401.244s][info ][safepoint      ] Safepoint "Cleanup", Time since last: 1000107241 ns, Reaching safepoint: 69502 ns, At safepoint: 10500 ns, Total: 80002 ns
[402.245s][info ][safepoint      ] Safepoint "Cleanup", Time since last: 1000108840 ns, Reaching safepoint: 48701 ns, At safepoint: 10701 ns, Total: 59402 ns
[403.245s][info ][safepoint      ] Safepoint "Cleanup", Time since last: 1000104939 ns, Reaching safepoint: 55801 ns, At safepoint: 6000 ns, Total: 61801 ns
[404.245s][info ][safepoint      ] Safepoint "Cleanup", Time since last: 1000101739 ns, Reaching safepoint: 58001 ns, At safepoint: 3300 ns, Total: 61301 ns
[405.245s][info ][safepoint      ] Safepoint "Cleanup", Time since last: 1000105738 ns, Reaching safepoint: 57201 ns, At safepoint: 9300 ns, Total: 66501 ns
[410.246s][info ][safepoint      ] Safepoint "Cleanup", Time since last: 5000357373 ns, Reaching safepoint: 62501 ns, At safepoint: 32501 ns, Total: 95002 ns
[412.246s][info ][safepoint      ] Safepoint "Cleanup", Time since last: 2000174763 ns, Reaching safepoint: 53701 ns, At safepoint: 13500 ns, Total: 67201 ns
[413.246s][info ][safepoint      ] Safepoint "Cleanup", Time since last: 1000097531 ns, Reaching safepoint: 46001 ns, At safepoint: 7900 ns, Total: 53901 ns
[415.246s][info ][safepoint      ] Safepoint "Cleanup", Time since last: 2000182859 ns, Reaching safepoint: 48801 ns, At safepoint: 10800 ns, Total: 59601 ns
[416.246s][info ][safepoint      ] Safepoint "Cleanup", Time since last: 1000101728 ns, Reaching safepoint: 51701 ns, At safepoint: 6100 ns, Total: 57801 ns
[417.072s][info ][gc,start       ] GC(87) Pause Young (Allocation Failure)
[417.081s][debug][gc,phases      ] GC(87) Scavenge 8.922ms
[417.081s][debug][gc,ref         ] GC(87) Skipped phase 1 of Reference Processing: no references
[417.081s][debug][gc,ref         ] GC(87) Skipped phase 3 of Reference Processing: no references
[417.081s][debug][gc,phases      ] GC(87) Reference Processing 0.055ms
[417.082s][debug][gc,phases      ] GC(87) Weak Processing 0.576ms
[417.082s][debug][gc,age         ] GC(87) Desired survivor size 63438848 bytes, new threshold 15 (max threshold 15)
[417.082s][info ][gc,heap        ] GC(87) PSYoungGen: 2011781K(2012160K)->36389K(2035200K) Eden: 1974272K(1974272K)->0K(1973248K) From: 37509K(37888K)->36389K(61952K)
[417.082s][info ][gc,heap        ] GC(87) ParOldGen: 315153K(355328K)->316289K(355328K)
[417.082s][info ][gc,metaspace   ] GC(87) Metaspace: 77369K(78016K)->77369K(78016K) NonClass: 66787K(67136K)->66787K(67136K) Class: 10582K(10880K)->10582K(10880K)
[417.082s][info ][gc             ] GC(87) Pause Young (Allocation Failure) 2272M->344M(2334M) 9.691ms
[417.082s][info ][gc,cpu         ] GC(87) User=0.04s Sys=0.00s Real=0.00s
[417.082s][info ][safepoint      ] Safepoint "ParallelGCFailedAllocation", Time since last: 825415089 ns, Reaching safepoint: 40601 ns, At safepoint: 9781104 ns, Total: 9821705 ns
[419.047s][info ][safepoint      ] Safepoint "Cleanup", Time since last: 1964887217 ns, Reaching safepoint: 59201 ns, At safepoint: 11500 ns, Total: 70701 ns
[420.047s][info ][safepoint      ] Safepoint "Cleanup", Time since last: 1000105625 ns, Reaching safepoint: 49501 ns, At safepoint: 6000 ns, Total: 55501 ns
[422.047s][info ][safepoint      ] Safepoint "Cleanup", Time since last: 2000152746 ns, Reaching safepoint: 50501 ns, At safepoint: 15801 ns, Total: 66302 ns
[423.047s][info ][safepoint      ] Safepoint "Cleanup", Time since last: 1000106122 ns, Reaching safepoint: 64101 ns, At safepoint: 5200 ns, Total: 69301 ns
[424.047s][info ][safepoint      ] Safepoint "Cleanup", Time since last: 1000106622 ns, Reaching safepoint: 58201 ns, At safepoint: 7200 ns, Total: 65401 ns
[425.048s][info ][safepoint      ] Safepoint "Cleanup", Time since last: 1000106321 ns, Reaching safepoint: 132603 ns, At safepoint: 13100 ns, Total: 145703 ns
[426.048s][info ][safepoint      ] Safepoint "Cleanup", Time since last: 1000111520 ns, Reaching safepoint: 52801 ns, At safepoint: 3400 ns, Total: 56201 ns
[428.048s][info ][safepoint      ] Safepoint "Cleanup", Time since last: 2000170336 ns, Reaching safepoint: 46901 ns, At safepoint: 5500 ns, Total: 52401 ns
[429.048s][info ][safepoint      ] Safepoint "Cleanup", Time since last: 1000104317 ns, Reaching safepoint: 60402 ns, At safepoint: 7200 ns, Total: 67602 ns
[431.048s][info ][safepoint      ] Safepoint "Cleanup", Time since last: 2000147430 ns, Reaching safepoint: 37401 ns, At safepoint: 3800 ns, Total: 41201 ns
[434.049s][info ][safepoint      ] Safepoint "Cleanup", Time since last: 3000225540 ns, Reaching safepoint: 49301 ns, At safepoint: 5900 ns, Total: 55201 ns
[438.049s][info ][safepoint      ] Safepoint "Cleanup", Time since last: 4000250240 ns, Reaching safepoint: 50001 ns, At safepoint: 8900 ns, Total: 58901 ns
[438.735s][info ][gc,start       ] GC(88) Pause Young (Allocation Failure)
[438.743s][debug][gc,phases      ] GC(88) Scavenge 8.137ms
[438.743s][debug][gc,ref         ] GC(88) Skipped phase 1 of Reference Processing: no references
[438.743s][debug][gc,ref         ] GC(88) Skipped phase 3 of Reference Processing: no references
[438.743s][debug][gc,phases      ] GC(88) Reference Processing 0.043ms
[438.744s][debug][gc,phases      ] GC(88) Weak Processing 0.599ms
[438.744s][debug][gc,age         ] GC(88) Desired survivor size 62914560 bytes, new threshold 15 (max threshold 15)
[438.744s][info ][gc,heap        ] GC(88) PSYoungGen: 2009637K(2035200K)->35363K(2035200K) Eden: 1973248K(1973248K)->0K(1973248K) From: 36389K(61952K)->35363K(61952K)
[438.744s][info ][gc,heap        ] GC(88) ParOldGen: 316289K(355328K)->317313K(355328K)
[438.744s][info ][gc,metaspace   ] GC(88) Metaspace: 77388K(78080K)->77388K(78080K) NonClass: 66806K(67200K)->66806K(67200K) Class: 10582K(10880K)->10582K(10880K)
[438.744s][info ][gc             ] GC(88) Pause Young (Allocation Failure) 2271M->344M(2334M) 8.944ms
[438.744s][info ][gc,cpu         ] GC(88) User=0.03s Sys=0.00s Real=0.01s
[438.744s][info ][safepoint      ] Safepoint "ParallelGCFailedAllocation", Time since last: 685993874 ns, Reaching safepoint: 92602 ns, At safepoint: 9031187 ns, Total: 9123789 ns
[439.744s][info ][safepoint      ] Safepoint "Cleanup", Time since last: 1000085208 ns, Reaching safepoint: 47101 ns, At safepoint: 7500 ns, Total: 54601 ns
[440.744s][info ][safepoint      ] Safepoint "Cleanup", Time since last: 1000100908 ns, Reaching safepoint: 45201 ns, At safepoint: 15900 ns, Total: 61101 ns
[448.745s][info ][safepoint      ] Safepoint "Cleanup", Time since last: 8000469322 ns, Reaching safepoint: 43101 ns, At safepoint: 9000 ns, Total: 52101 ns
[449.745s][info ][safepoint      ] Safepoint "Cleanup", Time since last: 1000075900 ns, Reaching safepoint: 38101 ns, At safepoint: 3200 ns, Total: 41301 ns
[450.745s][info ][safepoint      ] Safepoint "Cleanup", Time since last: 1000102999 ns, Reaching safepoint: 58601 ns, At safepoint: 4300 ns, Total: 62901 ns
[451.745s][info ][safepoint      ] Safepoint "Cleanup", Time since last: 1000100799 ns, Reaching safepoint: 52401 ns, At safepoint: 5700 ns, Total: 58101 ns
[452.745s][info ][safepoint      ] Safepoint "Cleanup", Time since last: 1000098897 ns, Reaching safepoint: 68102 ns, At safepoint: 5900 ns, Total: 74002 ns
[453.746s][info ][safepoint      ] Safepoint "Cleanup", Time since last: 1000085896 ns, Reaching safepoint: 47301 ns, At safepoint: 6401 ns, Total: 53702 ns
[455.746s][info ][safepoint      ] Safepoint "Cleanup", Time since last: 2000173290 ns, Reaching safepoint: 49901 ns, At safepoint: 6100 ns, Total: 56001 ns
[458.746s][info ][safepoint      ] Safepoint "Cleanup", Time since last: 3000243080 ns, Reaching safepoint: 45501 ns, At safepoint: 9400 ns, Total: 54901 ns
[459.746s][info ][safepoint      ] Safepoint "Cleanup", Time since last: 1000107892 ns, Reaching safepoint: 48801 ns, At safepoint: 6200 ns, Total: 55001 ns
[460.746s][info ][safepoint      ] Safepoint "Cleanup", Time since last: 1000105091 ns, Reaching safepoint: 51201 ns, At safepoint: 5500 ns, Total: 56701 ns
[461.747s][info ][safepoint      ] Safepoint "Cleanup", Time since last: 1000111591 ns, Reaching safepoint: 45901 ns, At safepoint: 2800 ns, Total: 48701 ns
[462.747s][info ][safepoint      ] Safepoint "Cleanup", Time since last: 1000216192 ns, Reaching safepoint: 112302 ns, At safepoint: 6901 ns, Total: 119203 ns
[463.134s][info ][gc,start       ] GC(89) Pause Young (Allocation Failure)
[463.142s][debug][gc,phases      ] GC(89) Scavenge 7.971ms
[463.142s][debug][gc,ref         ] GC(89) Skipped phase 1 of Reference Processing: no references
[463.142s][debug][gc,ref         ] GC(89) Skipped phase 3 of Reference Processing: no references
[463.142s][debug][gc,phases      ] GC(89) Reference Processing 0.036ms
[463.142s][debug][gc,phases      ] GC(89) Weak Processing 0.558ms
[463.142s][debug][gc,age         ] GC(89) Desired survivor size 61865984 bytes, new threshold 15 (max threshold 15)
[463.142s][info ][gc,heap        ] GC(89) PSYoungGen: 2008611K(2035200K)->35061K(2036736K) Eden: 1973248K(1973248K)->0K(1975296K) From: 35363K(61952K)->35061K(61440K)
[463.142s][info ][gc,heap        ] GC(89) ParOldGen: 317313K(355328K)->317617K(355328K)
[463.142s][info ][gc,metaspace   ] GC(89) Metaspace: 77391K(78080K)->77391K(78080K) NonClass: 66809K(67200K)->66809K(67200K) Class: 10582K(10880K)->10582K(10880K)
[463.142s][info ][gc             ] GC(89) Pause Young (Allocation Failure) 2271M->344M(2336M) 8.723ms
[463.142s][info ][gc,cpu         ] GC(89) User=0.03s Sys=0.00s Real=0.00s
[463.142s][info ][safepoint      ] Safepoint "ParallelGCFailedAllocation", Time since last: 386475933 ns, Reaching safepoint: 109203 ns, At safepoint: 8807583 ns, Total: 8916786 ns
[467.143s][info ][safepoint      ] Safepoint "Cleanup", Time since last: 4000206845 ns, Reaching safepoint: 65801 ns, At safepoint: 5500 ns, Total: 71301 ns
[468.143s][info ][safepoint      ] Safepoint "Cleanup", Time since last: 1000101986 ns, Reaching safepoint: 47001 ns, At safepoint: 10400 ns, Total: 57401 ns
[471.143s][info ][safepoint      ] Safepoint "Cleanup", Time since last: 3000231050 ns, Reaching safepoint: 45101 ns, At safepoint: 3900 ns, Total: 49001 ns
[473.143s][info ][safepoint      ] Safepoint "Cleanup", Time since last: 2000177563 ns, Reaching safepoint: 42001 ns, At safepoint: 8300 ns, Total: 50301 ns
[475.144s][info ][safepoint      ] Safepoint "Cleanup", Time since last: 2000181660 ns, Reaching safepoint: 46601 ns, At safepoint: 3500 ns, Total: 50101 ns
[476.144s][info ][safepoint      ] Safepoint "Cleanup", Time since last: 1000097879 ns, Reaching safepoint: 47801 ns, At safepoint: 8900 ns, Total: 56701 ns
[478.144s][info ][safepoint      ] Safepoint "Cleanup", Time since last: 2000174556 ns, Reaching safepoint: 51101 ns, At safepoint: 3700 ns, Total: 54801 ns
[480.144s][info ][safepoint      ] Safepoint "Cleanup", Time since last: 2000121151 ns, Reaching safepoint: 43601 ns, At safepoint: 14800 ns, Total: 58401 ns
[482.144s][info ][safepoint      ] Safepoint "Cleanup", Time since last: 2000168449 ns, Reaching safepoint: 50901 ns, At safepoint: 3300 ns, Total: 54201 ns
[483.144s][info ][safepoint      ] Safepoint "Cleanup", Time since last: 1000107274 ns, Reaching safepoint: 47701 ns, At safepoint: 8101 ns, Total: 55802 ns
[484.145s][info ][safepoint      ] Safepoint "Cleanup", Time since last: 1000107073 ns, Reaching safepoint: 57501 ns, At safepoint: 7200 ns, Total: 64701 ns
[485.145s][info ][safepoint      ] Safepoint "Cleanup", Time since last: 1000106272 ns, Reaching safepoint: 51601 ns, At safepoint: 9701 ns, Total: 61302 ns
[485.166s][info ][gc,start       ] GC(90) Pause Young (Allocation Failure)
[485.173s][debug][gc,phases      ] GC(90) Scavenge 6.316ms
[485.173s][debug][gc,ref         ] GC(90) Skipped phase 1 of Reference Processing: no references
[485.173s][debug][gc,ref         ] GC(90) Skipped phase 3 of Reference Processing: no references
[485.173s][debug][gc,phases      ] GC(90) Reference Processing 0.044ms
[485.173s][debug][gc,phases      ] GC(90) Weak Processing 0.729ms
[485.173s][debug][gc,age         ] GC(90) Desired survivor size 60817408 bytes, new threshold 15 (max threshold 15)
[485.173s][info ][gc,heap        ] GC(90) PSYoungGen: 2010357K(2036736K)->35059K(2035712K) Eden: 1975296K(1975296K)->0K(1975296K) From: 35061K(61440K)->35059K(60416K)
[485.173s][info ][gc,heap        ] GC(90) ParOldGen: 317617K(355328K)->317649K(355328K)
[485.173s][info ][gc,metaspace   ] GC(90) Metaspace: 77424K(78080K)->77424K(78080K) NonClass: 66842K(67200K)->66842K(67200K) Class: 10582K(10880K)->10582K(10880K)
[485.173s][info ][gc             ] GC(90) Pause Young (Allocation Failure) 2273M->344M(2335M) 7.250ms
[485.174s][info ][gc,cpu         ] GC(90) User=0.03s Sys=0.00s Real=0.01s
[485.174s][info ][safepoint      ] Safepoint "ParallelGCFailedAllocation", Time since last: 21380944 ns, Reaching safepoint: 24900 ns, At safepoint: 7338953 ns, Total: 7363853 ns
[486.174s][info ][safepoint      ] Safepoint "Cleanup", Time since last: 1000095271 ns, Reaching safepoint: 59801 ns, At safepoint: 8300 ns, Total: 68101 ns
[489.174s][info ][safepoint      ] Safepoint "Cleanup", Time since last: 3000270010 ns, Reaching safepoint: 46901 ns, At safepoint: 3200 ns, Total: 50101 ns
[491.174s][info ][safepoint      ] Safepoint "Cleanup", Time since last: 2000171135 ns, Reaching safepoint: 50801 ns, At safepoint: 3900 ns, Total: 54701 ns
[492.174s][info ][safepoint      ] Safepoint "Cleanup", Time since last: 1000073767 ns, Reaching safepoint: 49401 ns, At safepoint: 4400 ns, Total: 53801 ns
[493.175s][info ][safepoint      ] Safepoint "Cleanup", Time since last: 1000111066 ns, Reaching safepoint: 61102 ns, At safepoint: 13100 ns, Total: 74202 ns
[496.175s][info ][safepoint      ] Safepoint "Cleanup", Time since last: 3000251593 ns, Reaching safepoint: 53701 ns, At safepoint: 3200 ns, Total: 56901 ns
[497.175s][info ][safepoint      ] Safepoint "Cleanup", Time since last: 1000108764 ns, Reaching safepoint: 45001 ns, At safepoint: 5200 ns, Total: 50201 ns
[498.175s][info ][safepoint      ] Safepoint "Cleanup", Time since last: 1000107062 ns, Reaching safepoint: 54301 ns, At safepoint: 5701 ns, Total: 60002 ns
[499.175s][info ][safepoint      ] Safepoint "Cleanup", Time since last: 1000101261 ns, Reaching safepoint: 51801 ns, At safepoint: 11901 ns, Total: 63702 ns
[500.176s][info ][safepoint      ] Safepoint "Cleanup", Time since last: 1000101661 ns, Reaching safepoint: 51901 ns, At safepoint: 3400 ns, Total: 55301 ns
[501.176s][info ][safepoint      ] Safepoint "Cleanup", Time since last: 1000117861 ns, Reaching safepoint: 59201 ns, At safepoint: 8100 ns, Total: 67301 ns
[503.176s][info ][safepoint      ] Safepoint "Cleanup", Time since last: 2000171918 ns, Reaching safepoint: 53501 ns, At safepoint: 34101 ns, Total: 87602 ns
[504.176s][info ][safepoint      ] Safepoint "Cleanup", Time since last: 1000082057 ns, Reaching safepoint: 53001 ns, At safepoint: 8501 ns, Total: 61502 ns
[506.176s][info ][safepoint      ] Safepoint "Cleanup", Time since last: 2000170613 ns, Reaching safepoint: 48901 ns, At safepoint: 3000 ns, Total: 51901 ns
[506.333s][info ][gc,start       ] GC(91) Pause Young (Allocation Failure)
[506.340s][debug][gc,phases      ] GC(91) Scavenge 7.086ms
[506.340s][debug][gc,ref         ] GC(91) Skipped phase 1 of Reference Processing: no references
[506.340s][debug][gc,ref         ] GC(91) Skipped phase 3 of Reference Processing: no references
[506.340s][debug][gc,phases      ] GC(91) Reference Processing 0.040ms
[506.340s][debug][gc,phases      ] GC(91) Weak Processing 0.570ms
[506.340s][debug][gc,age         ] GC(91) Desired survivor size 59768832 bytes, new threshold 15 (max threshold 15)
[506.341s][info ][gc,heap        ] GC(91) PSYoungGen: 2010355K(2035712K)->34837K(2038784K) Eden: 1975296K(1975296K)->0K(1979392K) From: 35059K(60416K)->34837K(59392K)
[506.341s][info ][gc,heap        ] GC(91) ParOldGen: 317649K(355328K)->317721K(355328K)
[506.341s][info ][gc,metaspace   ] GC(91) Metaspace: 77437K(78144K)->77437K(78144K) NonClass: 66853K(67264K)->66853K(67264K) Class: 10583K(10880K)->10583K(10880K)
[506.341s][info ][gc             ] GC(91) Pause Young (Allocation Failure) 2273M->344M(2338M) 7.828ms
[506.341s][info ][gc,cpu         ] GC(91) User=0.03s Sys=0.00s Real=0.00s
[506.341s][info ][safepoint      ] Safepoint "ParallelGCFailedAllocation", Time since last: 156301644 ns, Reaching safepoint: 28701 ns, At safepoint: 7905564 ns, Total: 7934265 ns
[507.341s][info ][safepoint      ] Safepoint "Cleanup", Time since last: 1000081155 ns, Reaching safepoint: 45601 ns, At safepoint: 6000 ns, Total: 51601 ns
[511.341s][info ][safepoint      ] Safepoint "Cleanup", Time since last: 4000290114 ns, Reaching safepoint: 49301 ns, At safepoint: 3200 ns, Total: 52501 ns
[513.341s][info ][safepoint      ] Safepoint "Cleanup", Time since last: 2000118602 ns, Reaching safepoint: 43701 ns, At safepoint: 8200 ns, Total: 51901 ns
[514.341s][info ][safepoint      ] Safepoint "Cleanup", Time since last: 1000078550 ns, Reaching safepoint: 48401 ns, At safepoint: 5300 ns, Total: 53701 ns
[517.342s][info ][safepoint      ] Safepoint "Cleanup", Time since last: 3000236947 ns, Reaching safepoint: 53501 ns, At safepoint: 10600 ns, Total: 64101 ns
[518.342s][info ][safepoint      ] Safepoint "Cleanup", Time since last: 1000131849 ns, Reaching safepoint: 56001 ns, At safepoint: 4000 ns, Total: 60001 ns
[520.342s][info ][safepoint      ] Safepoint "Cleanup", Time since last: 2000176293 ns, Reaching safepoint: 53301 ns, At safepoint: 5501 ns, Total: 58802 ns
[521.342s][info ][safepoint      ] Safepoint "Cleanup", Time since last: 1000079645 ns, Reaching safepoint: 35101 ns, At safepoint: 2800 ns, Total: 37901 ns
[523.342s][info ][safepoint      ] Safepoint "Cleanup", Time since last: 2000161788 ns, Reaching safepoint: 50501 ns, At safepoint: 8601 ns, Total: 59102 ns
[526.343s][info ][safepoint      ] Safepoint "Cleanup", Time since last: 3000112725 ns, Reaching safepoint: 48401 ns, At safepoint: 6700 ns, Total: 55101 ns
[529.136s][info ][gc,start       ] GC(92) Pause Young (Allocation Failure)
[529.142s][debug][gc,phases      ] GC(92) Scavenge 6.269ms
[529.142s][debug][gc,ref         ] GC(92) Skipped phase 1 of Reference Processing: no references
[529.142s][debug][gc,ref         ] GC(92) Skipped phase 3 of Reference Processing: no references
[529.142s][debug][gc,phases      ] GC(92) Reference Processing 0.036ms
[529.143s][debug][gc,phases      ] GC(92) Weak Processing 0.648ms
[529.143s][debug][gc,age         ] GC(92) Desired survivor size 58720256 bytes, new threshold 15 (max threshold 15)
[529.143s][info ][gc,heap        ] GC(92) PSYoungGen: 2014229K(2038784K)->34949K(2037760K) Eden: 1979392K(1979392K)->0K(1979392K) From: 34837K(59392K)->34949K(58368K)
[529.143s][info ][gc,heap        ] GC(92) ParOldGen: 317721K(355328K)->317745K(355328K)
[529.143s][info ][gc,metaspace   ] GC(92) Metaspace: 77442K(78144K)->77442K(78144K) NonClass: 66858K(67264K)->66858K(67264K) Class: 10583K(10880K)->10583K(10880K)
[529.143s][info ][gc             ] GC(92) Pause Young (Allocation Failure) 2277M->344M(2337M) 7.103ms
[529.143s][info ][gc,cpu         ] GC(92) User=0.02s Sys=0.00s Real=0.00s
[529.143s][info ][safepoint      ] Safepoint "ParallelGCFailedAllocation", Time since last: 2793083825 ns, Reaching safepoint: 50201 ns, At safepoint: 7179549 ns, Total: 7229750 ns
[531.143s][info ][safepoint      ] Safepoint "Cleanup", Time since last: 2000142178 ns, Reaching safepoint: 67501 ns, At safepoint: 16600 ns, Total: 84101 ns
[532.564s][info ][safepoint      ] Safepoint "Cleanup", Time since last: 1420661359 ns, Reaching safepoint: 81202 ns, At safepoint: 6300 ns, Total: 87502 ns
[534.564s][info ][safepoint      ] Safepoint "Cleanup", Time since last: 2000176173 ns, Reaching safepoint: 69602 ns, At safepoint: 7900 ns, Total: 77502 ns
[535.564s][info ][safepoint      ] Safepoint "Cleanup", Time since last: 1000108936 ns, Reaching safepoint: 118402 ns, At safepoint: 11701 ns, Total: 130103 ns
[536.565s][info ][safepoint      ] Safepoint "Cleanup", Time since last: 1000105635 ns, Reaching safepoint: 49201 ns, At safepoint: 3300 ns, Total: 52501 ns
[539.565s][info ][safepoint      ] Safepoint "Cleanup", Time since last: 3000246901 ns, Reaching safepoint: 128502 ns, At safepoint: 11601 ns, Total: 140103 ns
[542.565s][info ][safepoint      ] Safepoint "Cleanup", Time since last: 3000252094 ns, Reaching safepoint: 59901 ns, At safepoint: 10600 ns, Total: 70501 ns
[549.566s][info ][safepoint      ] Safepoint "Cleanup", Time since last: 7000503195 ns, Reaching safepoint: 53701 ns, At safepoint: 6101 ns, Total: 59802 ns
[550.483s][info ][gc,start       ] GC(93) Pause Young (Allocation Failure)
[550.490s][debug][gc,phases      ] GC(93) Scavenge 6.948ms
[550.490s][debug][gc,ref         ] GC(93) Skipped phase 1 of Reference Processing: no references
[550.490s][debug][gc,ref         ] GC(93) Skipped phase 3 of Reference Processing: no references
[550.490s][debug][gc,phases      ] GC(93) Reference Processing 0.043ms
[550.491s][debug][gc,phases      ] GC(93) Weak Processing 0.636ms
[550.491s][debug][gc,age         ] GC(93) Desired survivor size 56623104 bytes, new threshold 15 (max threshold 15)
[550.491s][info ][gc,heap        ] GC(93) PSYoungGen: 2014341K(2037760K)->32530K(2041856K) Eden: 1979392K(1979392K)->0K(1984512K) From: 34949K(58368K)->32530K(57344K)
[550.491s][info ][gc,heap        ] GC(93) ParOldGen: 317745K(355328K)->320489K(355328K)
[550.491s][info ][gc,metaspace   ] GC(93) Metaspace: 77463K(78144K)->77463K(78144K) NonClass: 66878K(67264K)->66878K(67264K) Class: 10585K(10880K)->10585K(10880K)
[550.491s][info ][gc             ] GC(93) Pause Young (Allocation Failure) 2277M->344M(2341M) 7.795ms
[550.491s][info ][gc,cpu         ] GC(93) User=0.02s Sys=0.00s Real=0.01s
[550.491s][info ][safepoint      ] Safepoint "ParallelGCFailedAllocation", Time since last: 917558015 ns, Reaching safepoint: 28500 ns, At safepoint: 7875764 ns, Total: 7904264 ns
[556.492s][info ][safepoint      ] Safepoint "Cleanup", Time since last: 6000397736 ns, Reaching safepoint: 44201 ns, At safepoint: 8900 ns, Total: 53101 ns
[557.492s][info ][safepoint      ] Safepoint "Cleanup", Time since last: 1000115722 ns, Reaching safepoint: 44501 ns, At safepoint: 7700 ns, Total: 52201 ns
[558.492s][info ][safepoint      ] Safepoint "Cleanup", Time since last: 1000103321 ns, Reaching safepoint: 61001 ns, At safepoint: 7500 ns, Total: 68501 ns
[559.492s][info ][safepoint      ] Safepoint "Cleanup", Time since last: 1000058519 ns, Reaching safepoint: 51401 ns, At safepoint: 8100 ns, Total: 59501 ns
[561.492s][info ][safepoint      ] Safepoint "Cleanup", Time since last: 2000167337 ns, Reaching safepoint: 42501 ns, At safepoint: 3300 ns, Total: 45801 ns
[562.493s][info ][safepoint      ] Safepoint "Cleanup", Time since last: 1000101818 ns, Reaching safepoint: 42501 ns, At safepoint: 5600 ns, Total: 48101 ns
[565.493s][info ][safepoint      ] Safepoint "Cleanup", Time since last: 3000227849 ns, Reaching safepoint: 49801 ns, At safepoint: 30600 ns, Total: 80401 ns
[571.493s][info ][safepoint      ] Safepoint "Cleanup", Time since last: 6000424179 ns, Reaching safepoint: 91502 ns, At safepoint: 9900 ns, Total: 101402 ns
[573.182s][info ][gc,start       ] GC(94) Pause Young (Allocation Failure)
[573.187s][debug][gc,phases      ] GC(94) Scavenge 4.240ms
[573.187s][debug][gc,ref         ] GC(94) Skipped phase 1 of Reference Processing: no references
[573.187s][debug][gc,ref         ] GC(94) Skipped phase 3 of Reference Processing: no references
[573.187s][debug][gc,phases      ] GC(94) Reference Processing 0.027ms
[573.187s][debug][gc,phases      ] GC(94) Weak Processing 0.604ms
[573.187s][debug][gc,age         ] GC(94) Desired survivor size 56098816 bytes, new threshold 15 (max threshold 15)
[573.187s][info ][gc,heap        ] GC(94) PSYoungGen: 2017042K(2041856K)->19474K(2039808K) Eden: 1984512K(1984512K)->0K(1984512K) From: 32530K(57344K)->19474K(55296K)
[573.187s][info ][gc,heap        ] GC(94) ParOldGen: 320489K(355328K)->320638K(355328K)
[573.187s][info ][gc,metaspace   ] GC(94) Metaspace: 77484K(78144K)->77484K(78144K) NonClass: 66899K(67264K)->66899K(67264K) Class: 10585K(10880K)->10585K(10880K)
[573.187s][info ][gc             ] GC(94) Pause Young (Allocation Failure) 2282M->332M(2339M) 5.003ms
[573.187s][info ][gc,cpu         ] GC(94) User=0.01s Sys=0.00s Real=0.01s
[573.188s][info ][safepoint      ] Safepoint "ParallelGCFailedAllocation", Time since last: 1689032279 ns, Reaching safepoint: 27500 ns, At safepoint: 5087806 ns, Total: 5115306 ns
[575.188s][info ][safepoint      ] Safepoint "Cleanup", Time since last: 2000155219 ns, Reaching safepoint: 46701 ns, At safepoint: 3000 ns, Total: 49701 ns
[576.188s][info ][safepoint      ] Safepoint "Cleanup", Time since last: 1000101509 ns, Reaching safepoint: 50301 ns, At safepoint: 5100 ns, Total: 55401 ns
[577.188s][info ][safepoint      ] Safepoint "Cleanup", Time since last: 1000109409 ns, Reaching safepoint: 50901 ns, At safepoint: 7600 ns, Total: 58501 ns
[578.188s][info ][safepoint      ] Safepoint "Cleanup", Time since last: 1000112508 ns, Reaching safepoint: 51201 ns, At safepoint: 9700 ns, Total: 60901 ns
[579.188s][info ][safepoint      ] Safepoint "Cleanup", Time since last: 1000104208 ns, Reaching safepoint: 56701 ns, At safepoint: 10500 ns, Total: 67201 ns
[581.189s][info ][safepoint      ] Safepoint "Cleanup", Time since last: 2000181012 ns, Reaching safepoint: 155203 ns, At safepoint: 13201 ns, Total: 168404 ns
[586.189s][info ][safepoint      ] Safepoint "Cleanup", Time since last: 5000287916 ns, Reaching safepoint: 57301 ns, At safepoint: 3200 ns, Total: 60501 ns
[589.189s][info ][safepoint      ] Safepoint "Cleanup", Time since last: 3000242904 ns, Reaching safepoint: 44701 ns, At safepoint: 9300 ns, Total: 54001 ns
[598.546s][info ][gc,start       ] GC(95) Pause Young (Allocation Failure)
[598.554s][debug][gc,phases      ] GC(95) Scavenge 7.324ms
[598.554s][debug][gc,ref         ] GC(95) Skipped phase 1 of Reference Processing: no references
[598.554s][debug][gc,ref         ] GC(95) Skipped phase 3 of Reference Processing: no references
[598.554s][debug][gc,phases      ] GC(95) Reference Processing 0.037ms
[598.554s][debug][gc,phases      ] GC(95) Weak Processing 0.659ms
[598.554s][debug][gc,age         ] GC(95) Desired survivor size 56098816 bytes, new threshold 15 (max threshold 15)
[598.554s][info ][gc,heap        ] GC(95) PSYoungGen: 2003986K(2039808K)->15104K(2042368K) Eden: 1984512K(1984512K)->0K(1987584K) From: 19474K(55296K)->15104K(54784K)
[598.554s][info ][gc,heap        ] GC(95) ParOldGen: 320638K(355328K)->337775K(355328K)
[598.555s][info ][gc,metaspace   ] GC(95) Metaspace: 77512K(78144K)->77512K(78144K) NonClass: 66924K(67264K)->66924K(67264K) Class: 10588K(10880K)->10588K(10880K)
[598.555s][info ][gc             ] GC(95) Pause Young (Allocation Failure) 2270M->344M(2341M) 8.169ms
[598.555s][info ][gc,cpu         ] GC(95) User=0.03s Sys=0.00s Real=0.01s
[598.555s][info ][safepoint      ] Safepoint "ParallelGCFailedAllocation", Time since last: 9356813446 ns, Reaching safepoint: 116102 ns, At safepoint: 8278472 ns, Total: 8394574 ns
[599.555s][info ][safepoint      ] Safepoint "Cleanup", Time since last: 1000083694 ns, Reaching safepoint: 55601 ns, At safepoint: 16500 ns, Total: 72101 ns
[600.555s][info ][safepoint      ] Safepoint "Cleanup", Time since last: 1000112095 ns, Reaching safepoint: 53801 ns, At safepoint: 10100 ns, Total: 63901 ns
[601.555s][info ][safepoint      ] Safepoint "Cleanup", Time since last: 1000119094 ns, Reaching safepoint: 57001 ns, At safepoint: 3600 ns, Total: 60601 ns
[604.555s][info ][safepoint      ] Safepoint "Cleanup", Time since last: 3000246676 ns, Reaching safepoint: 68501 ns, At safepoint: 12100 ns, Total: 80601 ns
[607.556s][info ][safepoint      ] Safepoint "Cleanup", Time since last: 3000233570 ns, Reaching safepoint: 128403 ns, At safepoint: 13400 ns, Total: 141803 ns
[608.556s][info ][safepoint      ] Safepoint "Cleanup", Time since last: 1000100789 ns, Reaching safepoint: 62702 ns, At safepoint: 4500 ns, Total: 67202 ns
[612.556s][info ][safepoint      ] Safepoint "Cleanup", Time since last: 4000325549 ns, Reaching safepoint: 59502 ns, At safepoint: 5900 ns, Total: 65402 ns
[614.557s][info ][safepoint      ] Safepoint "Cleanup", Time since last: 2000184671 ns, Reaching safepoint: 66402 ns, At safepoint: 12200 ns, Total: 78602 ns
[616.557s][info ][safepoint      ] Safepoint "Cleanup", Time since last: 2000188069 ns, Reaching safepoint: 46401 ns, At safepoint: 3300 ns, Total: 49701 ns
[617.557s][info ][safepoint      ] Safepoint "Cleanup", Time since last: 1000115685 ns, Reaching safepoint: 63301 ns, At safepoint: 5700 ns, Total: 69001 ns
[618.557s][info ][safepoint      ] Safepoint "Cleanup", Time since last: 1000112484 ns, Reaching safepoint: 67801 ns, At safepoint: 7200 ns, Total: 75001 ns
[619.557s][info ][safepoint      ] Safepoint "Cleanup", Time since last: 1000105183 ns, Reaching safepoint: 50001 ns, At safepoint: 3300 ns, Total: 53301 ns
[620.792s][info ][gc,start       ] GC(96) Pause Young (Allocation Failure)
[620.797s][debug][gc,phases      ] GC(96) Scavenge 4.319ms
[620.797s][debug][gc,ref         ] GC(96) Skipped phase 1 of Reference Processing: no references
[620.797s][debug][gc,ref         ] GC(96) Skipped phase 3 of Reference Processing: no references
[620.797s][debug][gc,phases      ] GC(96) Reference Processing 0.044ms
[620.797s][debug][gc,phases      ] GC(96) Weak Processing 0.524ms
[620.797s][debug][gc,age         ] GC(96) Desired survivor size 57147392 bytes, new threshold 15 (max threshold 15)
[620.797s][info ][gc,heap        ] GC(96) PSYoungGen: 2002688K(2042368K)->7312K(1995264K) Eden: 1987584K(1987584K)->0K(1987584K) From: 15104K(54784K)->7312K(7680K)
[620.797s][info ][gc,heap        ] GC(96) ParOldGen: 337775K(355328K)->337807K(355328K)
[620.797s][info ][gc,metaspace   ] GC(96) Metaspace: 77526K(78144K)->77526K(78144K) NonClass: 66937K(67264K)->66937K(67264K) Class: 10588K(10880K)->10588K(10880K)
[620.797s][info ][gc             ] GC(96) Pause Young (Allocation Failure) 2285M->337M(2295M) 5.035ms
[620.797s][info ][gc,cpu         ] GC(96) User=0.01s Sys=0.00s Real=0.00s
[620.797s][info ][safepoint      ] Safepoint "ParallelGCFailedAllocation", Time since last: 1234910938 ns, Reaching safepoint: 38701 ns, At safepoint: 5121906 ns, Total: 5160607 ns
[623.798s][info ][safepoint      ] Safepoint "Cleanup", Time since last: 3000213141 ns, Reaching safepoint: 44901 ns, At safepoint: 3500 ns, Total: 48401 ns
[625.798s][info ][safepoint      ] Safepoint "Cleanup", Time since last: 2000168958 ns, Reaching safepoint: 55101 ns, At safepoint: 7601 ns, Total: 62702 ns
[627.798s][info ][safepoint      ] Safepoint "Cleanup", Time since last: 2000175556 ns, Reaching safepoint: 188604 ns, At safepoint: 20400 ns, Total: 209004 ns
[629.516s][info ][safepoint      ] Safepoint "Cleanup", Time since last: 1717496810 ns, Reaching safepoint: 105502 ns, At safepoint: 10400 ns, Total: 115902 ns
[636.516s][info ][safepoint      ] Safepoint "Cleanup", Time since last: 7000475819 ns, Reaching safepoint: 54501 ns, At safepoint: 4900 ns, Total: 59401 ns
[637.517s][info ][safepoint      ] Safepoint "Cleanup", Time since last: 1000091572 ns, Reaching safepoint: 45501 ns, At safepoint: 3700 ns, Total: 49201 ns
[639.662s][info ][safepoint      ] Safepoint "Cleanup", Time since last: 2145617849 ns, Reaching safepoint: 42701 ns, At safepoint: 3300 ns, Total: 46001 ns
[643.663s][info ][safepoint      ] Safepoint "Cleanup", Time since last: 4000322478 ns, Reaching safepoint: 65902 ns, At safepoint: 9900 ns, Total: 75802 ns
[644.663s][info ][safepoint      ] Safepoint "Cleanup", Time since last: 1000101868 ns, Reaching safepoint: 47701 ns, At safepoint: 5300 ns, Total: 53001 ns
[646.136s][info ][gc,start       ] GC(97) Pause Young (Allocation Failure)
[646.147s][debug][gc,phases      ] GC(97) Scavenge 10.622ms
[646.147s][debug][gc,ref         ] GC(97) Skipped phase 1 of Reference Processing: no references
[646.147s][debug][gc,ref         ] GC(97) Skipped phase 3 of Reference Processing: no references
[646.147s][debug][gc,phases      ] GC(97) Reference Processing 0.033ms
[646.148s][debug][gc,phases      ] GC(97) Weak Processing 0.670ms
[646.148s][debug][gc,age         ] GC(97) Desired survivor size 56098816 bytes, new threshold 15 (max threshold 15)
[646.148s][info ][gc,heap        ] GC(97) PSYoungGen: 1994896K(1995264K)->14400K(2042368K) Eden: 1987584K(1987584K)->0K(1986560K) From: 7312K(7680K)->14400K(55808K)
[646.148s][info ][gc,heap        ] GC(97) ParOldGen: 337807K(355328K)->337931K(355328K)
[646.148s][info ][gc,metaspace   ] GC(97) Metaspace: 77541K(78208K)->77541K(78208K) NonClass: 66952K(67328K)->66952K(67328K) Class: 10588K(10880K)->10588K(10880K)
[646.148s][info ][gc             ] GC(97) Pause Young (Allocation Failure) 2278M->344M(2341M) 11.461ms
[646.148s][info ][gc,cpu         ] GC(97) User=0.03s Sys=0.00s Real=0.01s
[646.148s][info ][safepoint      ] Safepoint "ParallelGCFailedAllocation", Time since last: 1473197745 ns, Reaching safepoint: 41001 ns, At safepoint: 11558139 ns, Total: 11599140 ns
[647.148s][info ][safepoint      ] Safepoint "Cleanup", Time since last: 1000083367 ns, Reaching safepoint: 63101 ns, At safepoint: 6600 ns, Total: 69701 ns
[648.148s][info ][safepoint      ] Safepoint "Cleanup", Time since last: 1000096967 ns, Reaching safepoint: 133703 ns, At safepoint: 10100 ns, Total: 143803 ns
[649.148s][info ][safepoint      ] Safepoint "Cleanup", Time since last: 1000109066 ns, Reaching safepoint: 56401 ns, At safepoint: 6600 ns, Total: 63001 ns
[650.148s][info ][safepoint      ] Safepoint "Cleanup", Time since last: 1000092266 ns, Reaching safepoint: 58501 ns, At safepoint: 8600 ns, Total: 67101 ns
[652.149s][info ][safepoint      ] Safepoint "Cleanup", Time since last: 2000161929 ns, Reaching safepoint: 46201 ns, At safepoint: 6500 ns, Total: 52701 ns
[653.149s][info ][safepoint      ] Safepoint "Cleanup", Time since last: 1000100164 ns, Reaching safepoint: 117602 ns, At safepoint: 5200 ns, Total: 122802 ns
[654.149s][info ][safepoint      ] Safepoint "Cleanup", Time since last: 1000096163 ns, Reaching safepoint: 47601 ns, At safepoint: 3800 ns, Total: 51401 ns
[655.149s][info ][safepoint      ] Safepoint "Cleanup", Time since last: 1000095163 ns, Reaching safepoint: 50801 ns, At safepoint: 4000 ns, Total: 54801 ns
[665.150s][info ][safepoint      ] Safepoint "Cleanup", Time since last: 10000573489 ns, Reaching safepoint: 46901 ns, At safepoint: 10801 ns, Total: 57702 ns
[666.150s][info ][safepoint      ] Safepoint "Cleanup", Time since last: 1000098456 ns, Reaching safepoint: 65302 ns, At safepoint: 5800 ns, Total: 71102 ns
[667.150s][info ][safepoint      ] Safepoint "Cleanup", Time since last: 1000106556 ns, Reaching safepoint: 45901 ns, At safepoint: 3300 ns, Total: 49201 ns
[668.150s][info ][safepoint      ] Safepoint "Cleanup", Time since last: 1000106456 ns, Reaching safepoint: 44501 ns, At safepoint: 2600 ns, Total: 47101 ns
[669.150s][info ][safepoint      ] Safepoint "Cleanup", Time since last: 1000104656 ns, Reaching safepoint: 46301 ns, At safepoint: 3600 ns, Total: 49901 ns
[670.151s][info ][safepoint      ] Safepoint "Cleanup", Time since last: 1000111655 ns, Reaching safepoint: 53901 ns, At safepoint: 10600 ns, Total: 64501 ns
[671.151s][info ][safepoint      ] Safepoint "Cleanup", Time since last: 1000111655 ns, Reaching safepoint: 52401 ns, At safepoint: 9200 ns, Total: 61601 ns
[671.935s][info ][gc,start       ] GC(98) Pause Young (Allocation Failure)
[671.940s][debug][gc,phases      ] GC(98) Scavenge 5.150ms
[671.940s][debug][gc,ref         ] GC(98) Skipped phase 1 of Reference Processing: no references
[671.940s][debug][gc,ref         ] GC(98) Skipped phase 3 of Reference Processing: no references
[671.940s][debug][gc,phases      ] GC(98) Reference Processing 0.026ms
[671.940s][debug][gc,phases      ] GC(98) Weak Processing 0.536ms
[671.940s][debug][gc,age         ] GC(98) Desired survivor size 55050240 bytes, new threshold 15 (max threshold 15)
[671.941s][info ][gc,heap        ] GC(98) PSYoungGen: 2000960K(2042368K)->14304K(2041344K) Eden: 1986560K(1986560K)->0K(1986560K) From: 14400K(55808K)->14304K(54784K)
[671.941s][info ][gc,heap        ] GC(98) ParOldGen: 337931K(355328K)->338035K(355328K)
[671.941s][info ][gc,metaspace   ] GC(98) Metaspace: 77561K(78272K)->77561K(78272K) NonClass: 66970K(67328K)->66970K(67328K) Class: 10590K(10944K)->10590K(10944K)
[671.941s][info ][gc             ] GC(98) Pause Young (Allocation Failure) 2284M->344M(2340M) 5.852ms
[671.941s][info ][gc,cpu         ] GC(98) User=0.02s Sys=0.00s Real=0.00s
[671.941s][info ][safepoint      ] Safepoint "ParallelGCFailedAllocation", Time since last: 783871788 ns, Reaching safepoint: 51701 ns, At safepoint: 5940023 ns, Total: 5991724 ns
[672.941s][info ][safepoint      ] Safepoint "Cleanup", Time since last: 1000058452 ns, Reaching safepoint: 63202 ns, At safepoint: 6900 ns, Total: 70102 ns
[673.941s][info ][safepoint      ] Safepoint "Cleanup", Time since last: 1000105453 ns, Reaching safepoint: 49201 ns, At safepoint: 9300 ns, Total: 58501 ns
[674.941s][info ][safepoint      ] Safepoint "Cleanup", Time since last: 1000105852 ns, Reaching safepoint: 46101 ns, At safepoint: 4800 ns, Total: 50901 ns
[676.941s][info ][safepoint      ] Safepoint "Cleanup", Time since last: 2000164102 ns, Reaching safepoint: 51201 ns, At safepoint: 6400 ns, Total: 57601 ns
[680.942s][info ][safepoint      ] Safepoint "Cleanup", Time since last: 4000274697 ns, Reaching safepoint: 47201 ns, At safepoint: 3301 ns, Total: 50502 ns
[687.942s][info ][safepoint      ] Safepoint "Cleanup", Time since last: 7000505925 ns, Reaching safepoint: 51601 ns, At safepoint: 35801 ns, Total: 87402 ns
[695.943s][info ][safepoint      ] Safepoint "Cleanup", Time since last: 8000567741 ns, Reaching safepoint: 47001 ns, At safepoint: 6400 ns, Total: 53401 ns
[696.083s][info ][gc,start       ] GC(99) Pause Young (Allocation Failure)
[696.089s][debug][gc,phases      ] GC(99) Scavenge 5.370ms
[696.089s][debug][gc,ref         ] GC(99) Skipped phase 1 of Reference Processing: no references
[696.089s][debug][gc,ref         ] GC(99) Skipped phase 3 of Reference Processing: no references
[696.089s][debug][gc,phases      ] GC(99) Reference Processing 0.025ms
[696.089s][debug][gc,phases      ] GC(99) Weak Processing 0.547ms
[696.089s][debug][gc,age         ] GC(99) Desired survivor size 53477376 bytes, new threshold 15 (max threshold 15)
[696.089s][info ][gc,heap        ] GC(99) PSYoungGen: 2000864K(2041344K)->15616K(2044928K) Eden: 1986560K(1986560K)->0K(1991168K) From: 14304K(54784K)->15616K(53760K)
[696.089s][info ][gc,heap        ] GC(99) ParOldGen: 338035K(355328K)->338227K(355328K)
[696.089s][info ][gc,metaspace   ] GC(99) Metaspace: 77572K(78272K)->77572K(78272K) NonClass: 66981K(67328K)->66981K(67328K) Class: 10590K(10944K)->10590K(10944K)
[696.089s][info ][gc             ] GC(99) Pause Young (Allocation Failure) 2284M->345M(2344M) 6.091ms
[696.089s][info ][gc,cpu         ] GC(99) User=0.03s Sys=0.01s Real=0.00s
[696.089s][info ][safepoint      ] Safepoint "ParallelGCFailedAllocation", Time since last: 140380898 ns, Reaching safepoint: 58201 ns, At safepoint: 6218328 ns, Total: 6276529 ns
[699.090s][info ][safepoint      ] Safepoint "Cleanup", Time since last: 3000207319 ns, Reaching safepoint: 55502 ns, At safepoint: 4500 ns, Total: 60002 ns
[704.090s][info ][safepoint      ] Safepoint "Cleanup", Time since last: 5000368989 ns, Reaching safepoint: 53101 ns, At safepoint: 6800 ns, Total: 59901 ns
[705.090s][info ][safepoint      ] Safepoint "Cleanup", Time since last: 1000105337 ns, Reaching safepoint: 65202 ns, At safepoint: 7500 ns, Total: 72702 ns
[710.091s][info ][safepoint      ] Safepoint "Cleanup", Time since last: 5000350774 ns, Reaching safepoint: 113603 ns, At safepoint: 10900 ns, Total: 124503 ns
[712.091s][info ][safepoint      ] Safepoint "Cleanup", Time since last: 2000154166 ns, Reaching safepoint: 50301 ns, At safepoint: 7301 ns, Total: 57602 ns
[713.091s][info ][safepoint      ] Safepoint "Cleanup", Time since last: 1000114933 ns, Reaching safepoint: 45701 ns, At safepoint: 3300 ns, Total: 49001 ns
[717.092s][info ][safepoint      ] Safepoint "Cleanup", Time since last: 4000254124 ns, Reaching safepoint: 72702 ns, At safepoint: 9700 ns, Total: 82402 ns
[717.786s][info ][gc,start       ] GC(100) Pause Young (Allocation Failure)
[717.791s][debug][gc,phases      ] GC(100) Scavenge 5.701ms
[717.791s][debug][gc,ref         ] GC(100) Skipped phase 1 of Reference Processing: no references
[717.791s][debug][gc,ref         ] GC(100) Skipped phase 3 of Reference Processing: no references
[717.791s][debug][gc,phases      ] GC(100) Reference Processing 0.035ms
[717.792s][debug][gc,phases      ] GC(100) Weak Processing 0.551ms
[717.792s][debug][gc,age         ] GC(100) Desired survivor size 51904512 bytes, new threshold 15 (max threshold 15)
[717.792s][info ][gc,heap        ] GC(100) PSYoungGen: 2006784K(2044928K)->15392K(2043392K) Eden: 1991168K(1991168K)->0K(1991168K) From: 15616K(53760K)->15392K(52224K)
[717.792s][info ][gc,heap        ] GC(100) ParOldGen: 338227K(355328K)->338275K(355328K)
[717.792s][info ][gc,metaspace   ] GC(100) Metaspace: 77581K(78272K)->77581K(78272K) NonClass: 66990K(67328K)->66990K(67328K) Class: 10590K(10944K)->10590K(10944K)
[717.792s][info ][gc             ] GC(100) Pause Young (Allocation Failure) 2290M->345M(2342M) 6.428ms
[717.792s][info ][gc,cpu         ] GC(100) User=0.03s Sys=0.00s Real=0.01s
[717.792s][info ][safepoint      ] Safepoint "ParallelGCFailedAllocation", Time since last: 693991616 ns, Reaching safepoint: 31001 ns, At safepoint: 6516134 ns, Total: 6547135 ns
[718.792s][info ][safepoint      ] Safepoint "Cleanup", Time since last: 1000103130 ns, Reaching safepoint: 63002 ns, At safepoint: 5600 ns, Total: 68602 ns
[719.792s][info ][safepoint      ] Safepoint "Cleanup", Time since last: 1000102530 ns, Reaching safepoint: 110302 ns, At safepoint: 7900 ns, Total: 118202 ns
[720.793s][info ][safepoint      ] Safepoint "Cleanup", Time since last: 1000100529 ns, Reaching safepoint: 55802 ns, At safepoint: 8300 ns, Total: 64102 ns
[721.793s][info ][safepoint      ] Safepoint "Cleanup", Time since last: 1000105542 ns, Reaching safepoint: 56401 ns, At safepoint: 9600 ns, Total: 66001 ns
[722.793s][info ][safepoint      ] Safepoint "Cleanup", Time since last: 1000092540 ns, Reaching safepoint: 76101 ns, At safepoint: 5400 ns, Total: 81501 ns
[724.793s][info ][safepoint      ] Safepoint "Cleanup", Time since last: 2000151683 ns, Reaching safepoint: 39201 ns, At safepoint: 5600 ns, Total: 44801 ns
[729.793s][info ][safepoint      ] Safepoint "Cleanup", Time since last: 5000285221 ns, Reaching safepoint: 51301 ns, At safepoint: 5800 ns, Total: 57101 ns
[733.794s][info ][safepoint      ] Safepoint "Cleanup", Time since last: 4000296856 ns, Reaching safepoint: 40200 ns, At safepoint: 3901 ns, Total: 44101 ns
[734.794s][info ][safepoint      ] Safepoint "Cleanup", Time since last: 1000100886 ns, Reaching safepoint: 53401 ns, At safepoint: 5600 ns, Total: 59001 ns
[740.794s][info ][safepoint      ] Safepoint "Cleanup", Time since last: 6000377086 ns, Reaching safepoint: 47801 ns, At safepoint: 8500 ns, Total: 56301 ns
[742.795s][info ][safepoint      ] Safepoint "Cleanup", Time since last: 2000170953 ns, Reaching safepoint: 51501 ns, At safepoint: 29500 ns, Total: 81001 ns
[743.283s][info ][gc,start       ] GC(101) Pause Young (Allocation Failure)
[743.288s][debug][gc,phases      ] GC(101) Scavenge 5.081ms
[743.288s][debug][gc,ref         ] GC(101) Skipped phase 1 of Reference Processing: no references
[743.288s][debug][gc,ref         ] GC(101) Skipped phase 3 of Reference Processing: no references
[743.288s][debug][gc,phases      ] GC(101) Reference Processing 0.026ms
[743.289s][debug][gc,phases      ] GC(101) Weak Processing 0.574ms
[743.289s][debug][gc,age         ] GC(101) Desired survivor size 49807360 bytes, new threshold 15 (max threshold 15)
[743.289s][info ][gc,heap        ] GC(101) PSYoungGen: 2006560K(2043392K)->17312K(2048512K) Eden: 1991168K(1991168K)->0K(1997824K) From: 15392K(52224K)->17312K(50688K)
[743.289s][info ][gc,heap        ] GC(101) ParOldGen: 338275K(355328K)->338307K(355328K)
[743.289s][info ][gc,metaspace   ] GC(101) Metaspace: 77602K(78336K)->77602K(78336K) NonClass: 67011K(67392K)->67011K(67392K) Class: 10591K(10944K)->10591K(10944K)
[743.289s][info ][gc             ] GC(101) Pause Young (Allocation Failure) 2289M->347M(2347M) 5.809ms
[743.289s][info ][gc,cpu         ] GC(101) User=0.02s Sys=0.00s Real=0.01s
[743.289s][info ][safepoint      ] Safepoint "ParallelGCFailedAllocation", Time since last: 488296490 ns, Reaching safepoint: 31401 ns, At safepoint: 5892524 ns, Total: 5923925 ns
[746.289s][info ][safepoint      ] Safepoint "Cleanup", Time since last: 3000215817 ns, Reaching safepoint: 47101 ns, At safepoint: 8300 ns, Total: 55401 ns
[747.289s][info ][safepoint      ] Safepoint "Cleanup", Time since last: 1000101571 ns, Reaching safepoint: 59401 ns, At safepoint: 12000 ns, Total: 71401 ns
[755.290s][info ][safepoint      ] Safepoint "Cleanup", Time since last: 8000561614 ns, Reaching safepoint: 61901 ns, At safepoint: 7900 ns, Total: 69801 ns
[756.290s][info ][safepoint      ] Safepoint "Cleanup", Time since last: 1000115860 ns, Reaching safepoint: 58501 ns, At safepoint: 3700 ns, Total: 62201 ns
[767.296s][info ][safepoint      ] Safepoint "Cleanup", Time since last: 11005454963 ns, Reaching safepoint: 66502 ns, At safepoint: 8500 ns, Total: 75002 ns
[767.933s][info ][gc,start       ] GC(102) Pause Young (Allocation Failure)
[767.943s][debug][gc,phases      ] GC(102) Scavenge 9.650ms
[767.943s][debug][gc,ref         ] GC(102) Skipped phase 1 of Reference Processing: no references
[767.943s][debug][gc,ref         ] GC(102) Skipped phase 3 of Reference Processing: no references
[767.943s][debug][gc,phases      ] GC(102) Reference Processing 0.031ms
[767.944s][debug][gc,phases      ] GC(102) Weak Processing 0.809ms
[767.944s][debug][gc,age         ] GC(102) Desired survivor size 48234496 bytes, new threshold 15 (max threshold 15)
[767.944s][info ][gc,heap        ] GC(102) PSYoungGen: 2015136K(2048512K)->17184K(2046464K) Eden: 1997824K(1997824K)->0K(1997824K) From: 17312K(50688K)->17184K(48640K)
[767.944s][info ][gc,heap        ] GC(102) ParOldGen: 338307K(355328K)->338331K(355328K)
[767.944s][info ][gc,metaspace   ] GC(102) Metaspace: 77613K(78336K)->77613K(78336K) NonClass: 67022K(67392K)->67022K(67392K) Class: 10591K(10944K)->10591K(10944K)
[767.944s][info ][gc             ] GC(102) Pause Young (Allocation Failure) 2298M->347M(2345M) 10.675ms
[767.944s][info ][gc,cpu         ] GC(102) User=0.02s Sys=0.00s Real=0.01s
[767.944s][info ][safepoint      ] Safepoint "ParallelGCFailedAllocation", Time since last: 637666618 ns, Reaching safepoint: 42401 ns, At safepoint: 10781927 ns, Total: 10824328 ns
[768.944s][info ][safepoint      ] Safepoint "Cleanup", Time since last: 1000095444 ns, Reaching safepoint: 53701 ns, At safepoint: 7700 ns, Total: 61401 ns
[771.945s][info ][safepoint      ] Safepoint "Cleanup", Time since last: 3000234524 ns, Reaching safepoint: 54001 ns, At safepoint: 9000 ns, Total: 63001 ns
[772.945s][info ][safepoint      ] Safepoint "Cleanup", Time since last: 1000110339 ns, Reaching safepoint: 53001 ns, At safepoint: 4001 ns, Total: 57002 ns
[773.945s][info ][safepoint      ] Safepoint "Cleanup", Time since last: 1000112438 ns, Reaching safepoint: 66301 ns, At safepoint: 10600 ns, Total: 76901 ns
[778.945s][info ][safepoint      ] Safepoint "Cleanup", Time since last: 5000380270 ns, Reaching safepoint: 51901 ns, At safepoint: 11600 ns, Total: 63501 ns
[779.946s][info ][safepoint      ] Safepoint "Cleanup", Time since last: 1000096931 ns, Reaching safepoint: 149003 ns, At safepoint: 11501 ns, Total: 160504 ns
[780.946s][info ][safepoint      ] Safepoint "Cleanup", Time since last: 1000116930 ns, Reaching safepoint: 64201 ns, At safepoint: 3900 ns, Total: 68101 ns
[781.946s][info ][safepoint      ] Safepoint "Cleanup", Time since last: 1000092529 ns, Reaching safepoint: 67201 ns, At safepoint: 15300 ns, Total: 82501 ns
[782.946s][info ][safepoint      ] Safepoint "Cleanup", Time since last: 1000121628 ns, Reaching safepoint: 60102 ns, At safepoint: 4100 ns, Total: 64202 ns
[783.946s][info ][safepoint      ] Safepoint "Cleanup", Time since last: 1000114426 ns, Reaching safepoint: 52501 ns, At safepoint: 6100 ns, Total: 58601 ns
[789.947s][info ][safepoint      ] Safepoint "Cleanup", Time since last: 6000448131 ns, Reaching safepoint: 60601 ns, At safepoint: 4600 ns, Total: 65201 ns
[790.947s][info ][safepoint      ] Safepoint "Cleanup", Time since last: 1000118019 ns, Reaching safepoint: 48201 ns, At safepoint: 4900 ns, Total: 53101 ns
[792.129s][info ][safepoint      ] Safepoint "Cleanup", Time since last: 1181418727 ns, Reaching safepoint: 63701 ns, At safepoint: 6401 ns, Total: 70102 ns
[794.437s][info ][gc,start       ] GC(103) Pause Young (Allocation Failure)
[794.442s][debug][gc,phases      ] GC(103) Scavenge 5.169ms
[794.442s][debug][gc,ref         ] GC(103) Skipped phase 1 of Reference Processing: no references
[794.442s][debug][gc,ref         ] GC(103) Skipped phase 3 of Reference Processing: no references
[794.442s][debug][gc,phases      ] GC(103) Reference Processing 0.024ms
[794.443s][debug][gc,phases      ] GC(103) Weak Processing 0.545ms
[794.443s][debug][gc,age         ] GC(103) Desired survivor size 46137344 bytes, new threshold 15 (max threshold 15)
[794.443s][info ][gc,heap        ] GC(103) PSYoungGen: 2015008K(2046464K)->16992K(2052096K) Eden: 1997824K(1997824K)->0K(2004992K) From: 17184K(48640K)->16992K(47104K)
[794.443s][info ][gc,heap        ] GC(103) ParOldGen: 338331K(355328K)->338347K(355328K)
[794.443s][info ][gc,metaspace   ] GC(103) Metaspace: 77620K(78336K)->77620K(78336K) NonClass: 67029K(67392K)->67029K(67392K) Class: 10591K(10944K)->10591K(10944K)
[794.443s][info ][gc             ] GC(103) Pause Young (Allocation Failure) 2298M->347M(2351M) 5.888ms
[794.443s][info ][gc,cpu         ] GC(103) User=0.03s Sys=0.00s Real=0.00s
[794.443s][info ][safepoint      ] Safepoint "ParallelGCFailedAllocation", Time since last: 2308372905 ns, Reaching safepoint: 103402 ns, At safepoint: 5984126 ns, Total: 6087528 ns
[795.443s][info ][safepoint      ] Safepoint "Cleanup", Time since last: 1000081013 ns, Reaching safepoint: 48301 ns, At safepoint: 7300 ns, Total: 55601 ns
[796.443s][info ][safepoint      ] Safepoint "Cleanup", Time since last: 1000104412 ns, Reaching safepoint: 43501 ns, At safepoint: 2800 ns, Total: 46301 ns
[797.443s][info ][safepoint      ] Safepoint "Cleanup", Time since last: 1000090110 ns, Reaching safepoint: 53301 ns, At safepoint: 10601 ns, Total: 63902 ns
[800.444s][info ][safepoint      ] Safepoint "Cleanup", Time since last: 3000226924 ns, Reaching safepoint: 43501 ns, At safepoint: 8000 ns, Total: 51501 ns
[803.444s][info ][safepoint      ] Safepoint "Cleanup", Time since last: 3000230814 ns, Reaching safepoint: 43301 ns, At safepoint: 5500 ns, Total: 48801 ns
[804.444s][info ][safepoint      ] Safepoint "Cleanup", Time since last: 1000100403 ns, Reaching safepoint: 48701 ns, At safepoint: 15500 ns, Total: 64201 ns
[806.444s][info ][safepoint      ] Safepoint "Cleanup", Time since last: 2000159302 ns, Reaching safepoint: 46401 ns, At safepoint: 7300 ns, Total: 53701 ns
[814.445s][info ][safepoint      ] Safepoint "Cleanup", Time since last: 8000535560 ns, Reaching safepoint: 63301 ns, At safepoint: 24901 ns, Total: 88202 ns
[820.285s][info ][gc,start       ] GC(104) Pause Young (Allocation Failure)
[820.290s][debug][gc,phases      ] GC(104) Scavenge 5.162ms
[820.290s][debug][gc,ref         ] GC(104) Skipped phase 1 of Reference Processing: no references
[820.290s][debug][gc,ref         ] GC(104) Skipped phase 3 of Reference Processing: no references
[820.290s][debug][gc,phases      ] GC(104) Reference Processing 0.023ms
[820.291s][debug][gc,phases      ] GC(104) Weak Processing 0.557ms
[820.291s][debug][gc,age         ] GC(104) Desired survivor size 44564480 bytes, new threshold 15 (max threshold 15)
[820.291s][info ][gc,heap        ] GC(104) PSYoungGen: 2021984K(2052096K)->17056K(2050048K) Eden: 2004992K(2004992K)->0K(2004992K) From: 16992K(47104K)->17056K(45056K)
[820.291s][info ][gc,heap        ] GC(104) ParOldGen: 338347K(355328K)->338363K(355328K)
[820.291s][info ][gc,metaspace   ] GC(104) Metaspace: 77625K(78336K)->77625K(78336K) NonClass: 67033K(67392K)->67033K(67392K) Class: 10591K(10944K)->10591K(10944K)
[820.291s][info ][gc             ] GC(104) Pause Young (Allocation Failure) 2305M->347M(2349M) 5.895ms
[820.291s][info ][gc,cpu         ] GC(104) User=0.02s Sys=0.00s Real=0.00s
[820.291s][info ][safepoint      ] Safepoint "ParallelGCFailedAllocation", Time since last: 5839801954 ns, Reaching safepoint: 25601 ns, At safepoint: 5969525 ns, Total: 5995126 ns
[830.292s][info ][safepoint      ] Safepoint "Cleanup", Time since last: 10000674589 ns, Reaching safepoint: 44101 ns, At safepoint: 3100 ns, Total: 47201 ns
[837.292s][info ][safepoint      ] Safepoint "Cleanup", Time since last: 7000490590 ns, Reaching safepoint: 56301 ns, At safepoint: 6900 ns, Total: 63201 ns
[843.293s][info ][safepoint      ] Safepoint "Cleanup", Time since last: 6000419579 ns, Reaching safepoint: 44801 ns, At safepoint: 5600 ns, Total: 50401 ns
[844.293s][info ][safepoint      ] Safepoint "Cleanup", Time since last: 1000122461 ns, Reaching safepoint: 39801 ns, At safepoint: 4700 ns, Total: 44501 ns
[845.784s][info ][gc,start       ] GC(105) Pause Young (Allocation Failure)
[845.789s][debug][gc,phases      ] GC(105) Scavenge 4.801ms
[845.789s][debug][gc,ref         ] GC(105) Skipped phase 1 of Reference Processing: no references
[845.789s][debug][gc,ref         ] GC(105) Skipped phase 3 of Reference Processing: no references
[845.789s][debug][gc,ref         ] GC(105) Skipped phase 4 of Reference Processing: no references
[845.789s][debug][gc,phases      ] GC(105) Reference Processing 0.041ms
[845.790s][debug][gc,phases      ] GC(105) Weak Processing 0.584ms
[845.790s][debug][gc,age         ] GC(105) Desired survivor size 42991616 bytes, new threshold 15 (max threshold 15)
[845.790s][info ][gc,heap        ] GC(105) PSYoungGen: 2022048K(2050048K)->16992K(2055168K) Eden: 2004992K(2004992K)->0K(2011648K) From: 17056K(45056K)->16992K(43520K)
[845.790s][info ][gc,heap        ] GC(105) ParOldGen: 338363K(355328K)->338379K(355328K)
[845.790s][info ][gc,metaspace   ] GC(105) Metaspace: 77633K(78336K)->77633K(78336K) NonClass: 67042K(67392K)->67042K(67392K) Class: 10591K(10944K)->10591K(10944K)
[845.790s][info ][gc             ] GC(105) Pause Young (Allocation Failure) 2305M->347M(2354M) 5.575ms
[845.790s][info ][gc,cpu         ] GC(105) User=0.02s Sys=0.00s Real=0.00s
[845.790s][info ][safepoint      ] Safepoint "ParallelGCFailedAllocation", Time since last: 1491549358 ns, Reaching safepoint: 32500 ns, At safepoint: 5655919 ns, Total: 5688419 ns
[847.790s][info ][safepoint      ] Safepoint "Cleanup", Time since last: 2000141713 ns, Reaching safepoint: 47001 ns, At safepoint: 6900 ns, Total: 53901 ns
[848.790s][info ][safepoint      ] Safepoint "Cleanup", Time since last: 1000099056 ns, Reaching safepoint: 55701 ns, At safepoint: 8400 ns, Total: 64101 ns
[854.791s][info ][safepoint      ] Safepoint "Cleanup", Time since last: 6000394207 ns, Reaching safepoint: 60002 ns, At safepoint: 10800 ns, Total: 70802 ns
[857.791s][info ][safepoint      ] Safepoint "Cleanup", Time since last: 3000209040 ns, Reaching safepoint: 44701 ns, At safepoint: 11500 ns, Total: 56201 ns
[859.791s][info ][safepoint      ] Safepoint "Cleanup", Time since last: 2000135289 ns, Reaching safepoint: 48001 ns, At safepoint: 8500 ns, Total: 56501 ns
[860.791s][info ][safepoint      ] Safepoint "Cleanup", Time since last: 1000112044 ns, Reaching safepoint: 46201 ns, At safepoint: 5200 ns, Total: 51401 ns
[873.983s][info ][gc,start       ] GC(106) Pause Young (Allocation Failure)
[873.985s][debug][gc,phases      ] GC(106) Scavenge 2.508ms
[873.985s][debug][gc,ref         ] GC(106) Skipped phase 1 of Reference Processing: no references
[873.985s][debug][gc,ref         ] GC(106) Skipped phase 3 of Reference Processing: no references
[873.985s][debug][gc,phases      ] GC(106) Reference Processing 0.020ms
[873.986s][debug][gc,phases      ] GC(106) Weak Processing 0.489ms
[873.986s][debug][gc,age         ] GC(106) Desired survivor size 44040192 bytes, new threshold 15 (max threshold 15)
[873.986s][info ][gc,heap        ] GC(106) PSYoungGen: 2028640K(2055168K)->1216K(2053632K) Eden: 2011648K(2011648K)->0K(2011648K) From: 16992K(43520K)->1216K(41984K)
[873.986s][info ][gc,heap        ] GC(106) ParOldGen: 338379K(355328K)->338448K(355328K)
[873.986s][info ][gc,metaspace   ] GC(106) Metaspace: 77645K(78336K)->77645K(78336K) NonClass: 67054K(67392K)->67054K(67392K) Class: 10591K(10944K)->10591K(10944K)
[873.986s][info ][gc             ] GC(106) Pause Young (Allocation Failure) 2311M->331M(2352M) 3.155ms
[873.986s][info ][gc,cpu         ] GC(106) User=0.01s Sys=0.00s Real=0.01s
[873.986s][info ][safepoint      ] Safepoint "ParallelGCFailedAllocation", Time since last: 13191092846 ns, Reaching safepoint: 47801 ns, At safepoint: 3244367 ns, Total: 3292168 ns
[882.986s][info ][safepoint      ] Safepoint "Cleanup", Time since last: 9000545723 ns, Reaching safepoint: 54701 ns, At safepoint: 6400 ns, Total: 61101 ns
[885.987s][info ][safepoint      ] Safepoint "Cleanup", Time since last: 3000234358 ns, Reaching safepoint: 109702 ns, At safepoint: 8500 ns, Total: 118202 ns
[892.987s][info ][safepoint      ] Safepoint "Cleanup", Time since last: 7000485801 ns, Reaching safepoint: 43901 ns, At safepoint: 13300 ns, Total: 57201 ns
[901.083s][info ][gc,start       ] GC(107) Pause Young (Allocation Failure)
[901.086s][debug][gc,phases      ] GC(107) Scavenge 2.564ms
[901.086s][debug][gc,ref         ] GC(107) Skipped phase 1 of Reference Processing: no references
[901.086s][debug][gc,ref         ] GC(107) Skipped phase 3 of Reference Processing: no references
[901.086s][debug][gc,phases      ] GC(107) Reference Processing 0.019ms
[901.087s][debug][gc,phases      ] GC(107) Weak Processing 0.493ms
[901.087s][debug][gc,age         ] GC(107) Desired survivor size 44564480 bytes, new threshold 15 (max threshold 15)
[901.087s][info ][gc,heap        ] GC(107) PSYoungGen: 2012864K(2053632K)->1504K(2053120K) Eden: 2011648K(2011648K)->0K(2010112K) From: 1216K(41984K)->1504K(43008K)
[901.087s][info ][gc,heap        ] GC(107) ParOldGen: 338448K(355328K)->338472K(355328K)
[901.087s][info ][gc,metaspace   ] GC(107) Metaspace: 77650K(78336K)->77650K(78336K) NonClass: 67059K(67392K)->67059K(67392K) Class: 10591K(10944K)->10591K(10944K)
[901.087s][info ][gc             ] GC(107) Pause Young (Allocation Failure) 2296M->332M(2352M) 3.203ms
[901.087s][info ][gc,cpu         ] GC(107) User=0.01s Sys=0.00s Real=0.00s
[901.087s][info ][safepoint      ] Safepoint "ParallelGCFailedAllocation", Time since last: 8096029355 ns, Reaching safepoint: 113502 ns, At safepoint: 3286769 ns, Total: 3400271 ns
[915.088s][info ][safepoint      ] Safepoint "Cleanup", Time since last: 14000892459 ns, Reaching safepoint: 51201 ns, At safepoint: 9300 ns, Total: 60501 ns
[917.088s][info ][safepoint      ] Safepoint "Cleanup", Time since last: 2000191581 ns, Reaching safepoint: 62701 ns, At safepoint: 7200 ns, Total: 69901 ns
[918.088s][info ][safepoint      ] Safepoint "Cleanup", Time since last: 1000094389 ns, Reaching safepoint: 49101 ns, At safepoint: 12701 ns, Total: 61802 ns
[926.089s][info ][safepoint      ] Safepoint "Cleanup", Time since last: 8000549476 ns, Reaching safepoint: 51201 ns, At safepoint: 7700 ns, Total: 58901 ns
[930.089s][info ][safepoint      ] Safepoint "Cleanup", Time since last: 4000250617 ns, Reaching safepoint: 45601 ns, At safepoint: 3200 ns, Total: 48801 ns
[931.089s][info ][safepoint      ] Safepoint "Cleanup", Time since last: 1000120378 ns, Reaching safepoint: 46201 ns, At safepoint: 7600 ns, Total: 53801 ns
[936.434s][info ][gc,start       ] GC(108) Pause Young (Allocation Failure)
[936.436s][debug][gc,phases      ] GC(108) Scavenge 2.432ms
[936.436s][debug][gc,ref         ] GC(108) Skipped phase 1 of Reference Processing: no references
[936.436s][debug][gc,ref         ] GC(108) Skipped phase 3 of Reference Processing: no references
[936.436s][debug][gc,phases      ] GC(108) Reference Processing 0.032ms
[936.437s][debug][gc,phases      ] GC(108) Weak Processing 0.531ms
[936.437s][debug][gc,age         ] GC(108) Desired survivor size 44564480 bytes, new threshold 15 (max threshold 15)
[936.437s][info ][gc,heap        ] GC(108) PSYoungGen: 2011616K(2053120K)->1376K(2053632K) Eden: 2010112K(2010112K)->0K(2010112K) From: 1504K(43008K)->1376K(43520K)
[936.437s][info ][gc,heap        ] GC(108) ParOldGen: 338472K(355328K)->338524K(355328K)
[936.437s][info ][gc,metaspace   ] GC(108) Metaspace: 77659K(78336K)->77659K(78336K) NonClass: 67068K(67392K)->67068K(67392K) Class: 10591K(10944K)->10591K(10944K)
[936.437s][info ][gc             ] GC(108) Pause Young (Allocation Failure) 2295M->331M(2352M) 3.116ms
[936.437s][info ][gc,cpu         ] GC(108) User=0.00s Sys=0.00s Real=0.00s
[936.437s][info ][safepoint      ] Safepoint "ParallelGCFailedAllocation", Time since last: 5344598157 ns, Reaching safepoint: 26501 ns, At safepoint: 3215867 ns, Total: 3242368 ns
[937.437s][info ][safepoint      ] Safepoint "Cleanup", Time since last: 1000088272 ns, Reaching safepoint: 48101 ns, At safepoint: 7600 ns, Total: 55701 ns
[938.437s][info ][safepoint      ] Safepoint "Cleanup", Time since last: 1000107572 ns, Reaching safepoint: 59101 ns, At safepoint: 8000 ns, Total: 67101 ns
[950.438s][info ][safepoint      ] Safepoint "Cleanup", Time since last: 12000826983 ns, Reaching safepoint: 50001 ns, At safepoint: 5800 ns, Total: 55801 ns
[955.439s][info ][safepoint      ] Safepoint "Cleanup", Time since last: 5000388291 ns, Reaching safepoint: 47601 ns, At safepoint: 4100 ns, Total: 51701 ns
[956.439s][info ][safepoint      ] Safepoint "Cleanup", Time since last: 1000105356 ns, Reaching safepoint: 78802 ns, At safepoint: 9300 ns, Total: 88102 ns
[957.439s][info ][safepoint      ] Safepoint "Cleanup", Time since last: 1000110256 ns, Reaching safepoint: 46501 ns, At safepoint: 3300 ns, Total: 49801 ns
[958.439s][info ][safepoint      ] Safepoint "Cleanup", Time since last: 1000090854 ns, Reaching safepoint: 45001 ns, At safepoint: 8400 ns, Total: 53401 ns
[960.934s][info ][gc,start       ] GC(109) Pause Young (Allocation Failure)
[960.940s][debug][gc,phases      ] GC(109) Scavenge 5.089ms
[960.940s][debug][gc,ref         ] GC(109) Skipped phase 1 of Reference Processing: no references
[960.940s][debug][gc,ref         ] GC(109) Skipped phase 3 of Reference Processing: no references
[960.940s][debug][gc,phases      ] GC(109) Reference Processing 0.027ms
[960.940s][debug][gc,phases      ] GC(109) Weak Processing 0.626ms
[960.940s][debug][gc,age         ] GC(109) Desired survivor size 41418752 bytes, new threshold 15 (max threshold 15)
[960.940s][info ][gc,heap        ] GC(109) PSYoungGen: 2011488K(2053632K)->14432K(2056704K) Eden: 2010112K(2010112K)->0K(2013184K) From: 1376K(43520K)->14432K(43520K)
[960.940s][info ][gc,heap        ] GC(109) ParOldGen: 338524K(355328K)->338568K(355328K)
[960.940s][info ][gc,metaspace   ] GC(109) Metaspace: 77688K(78400K)->77688K(78400K) NonClass: 67097K(67456K)->67097K(67456K) Class: 10591K(10944K)->10591K(10944K)
[960.940s][info ][gc             ] GC(109) Pause Young (Allocation Failure) 2294M->344M(2355M) 5.888ms
[960.940s][info ][gc,cpu         ] GC(109) User=0.02s Sys=0.00s Real=0.00s
[960.940s][info ][safepoint      ] Safepoint "ParallelGCFailedAllocation", Time since last: 2495172527 ns, Reaching safepoint: 115502 ns, At safepoint: 5978625 ns, Total: 6094127 ns
[961.941s][info ][safepoint      ] Safepoint "Cleanup", Time since last: 1000084451 ns, Reaching safepoint: 54102 ns, At safepoint: 9700 ns, Total: 63802 ns
[962.941s][info ][safepoint      ] Safepoint "Cleanup", Time since last: 1000104951 ns, Reaching safepoint: 43601 ns, At safepoint: 2900 ns, Total: 46501 ns
[964.941s][info ][safepoint      ] Safepoint "Cleanup", Time since last: 2000182399 ns, Reaching safepoint: 40700 ns, At safepoint: 3700 ns, Total: 44400 ns
[966.941s][info ][safepoint      ] Safepoint "Cleanup", Time since last: 2000180296 ns, Reaching safepoint: 41501 ns, At safepoint: 28900 ns, Total: 70401 ns
[968.941s][info ][safepoint      ] Safepoint "Cleanup", Time since last: 2000175993 ns, Reaching safepoint: 47201 ns, At safepoint: 5900 ns, Total: 53101 ns
[970.942s][info ][safepoint      ] Safepoint "Cleanup", Time since last: 2000172389 ns, Reaching safepoint: 42201 ns, At safepoint: 8100 ns, Total: 50301 ns
[974.942s][info ][safepoint      ] Safepoint "Cleanup", Time since last: 4000310667 ns, Reaching safepoint: 48901 ns, At safepoint: 5600 ns, Total: 54501 ns
[976.942s][info ][safepoint      ] Safepoint "Cleanup", Time since last: 2000172180 ns, Reaching safepoint: 48801 ns, At safepoint: 3000 ns, Total: 51801 ns
[979.942s][info ][safepoint      ] Safepoint "Cleanup", Time since last: 3000190811 ns, Reaching safepoint: 47201 ns, At safepoint: 3100 ns, Total: 50301 ns
[980.943s][info ][safepoint      ] Safepoint "Cleanup", Time since last: 1000102837 ns, Reaching safepoint: 48301 ns, At safepoint: 4100 ns, Total: 52401 ns
[982.943s][info ][safepoint      ] Safepoint "Cleanup", Time since last: 2000184670 ns, Reaching safepoint: 56701 ns, At safepoint: 5500 ns, Total: 62201 ns
[983.943s][info ][safepoint      ] Safepoint "Cleanup", Time since last: 1000102034 ns, Reaching safepoint: 42501 ns, At safepoint: 3100 ns, Total: 45601 ns
[984.943s][info ][safepoint      ] Safepoint "Cleanup", Time since last: 1000075733 ns, Reaching safepoint: 41101 ns, At safepoint: 2700 ns, Total: 43801 ns
[987.634s][info ][gc,start       ] GC(110) Pause Young (Allocation Failure)
[987.639s][debug][gc,phases      ] GC(110) Scavenge 5.005ms
[987.639s][debug][gc,ref         ] GC(110) Skipped phase 1 of Reference Processing: no references
[987.639s][debug][gc,ref         ] GC(110) Skipped phase 3 of Reference Processing: no references
[987.639s][debug][gc,phases      ] GC(110) Reference Processing 0.022ms
[987.640s][debug][gc,phases      ] GC(110) Weak Processing 0.572ms
[987.640s][debug][gc,age         ] GC(110) Desired survivor size 39321600 bytes, new threshold 15 (max threshold 15)
[987.640s][info ][gc,heap        ] GC(110) PSYoungGen: 2027616K(2056704K)->15904K(2053632K) Eden: 2013184K(2013184K)->0K(2013184K) From: 14432K(43520K)->15904K(40448K)
[987.640s][info ][gc,heap        ] GC(110) ParOldGen: 338568K(355328K)->338592K(355328K)
[987.640s][info ][gc,metaspace   ] GC(110) Metaspace: 77700K(78400K)->77700K(78400K) NonClass: 67109K(67456K)->67109K(67456K) Class: 10591K(10944K)->10591K(10944K)
[987.640s][info ][gc             ] GC(110) Pause Young (Allocation Failure) 2310M->346M(2352M) 5.762ms
[987.640s][info ][gc,cpu         ] GC(110) User=0.01s Sys=0.00s Real=0.00s
[987.640s][info ][safepoint      ] Safepoint "ParallelGCFailedAllocation", Time since last: 2690781648 ns, Reaching safepoint: 108502 ns, At safepoint: 5859522 ns, Total: 5968024 ns
[989.640s][info ][safepoint      ] Safepoint "Cleanup", Time since last: 2000150259 ns, Reaching safepoint: 121502 ns, At safepoint: 29701 ns, Total: 151203 ns
[994.641s][info ][safepoint      ] Safepoint "Cleanup", Time since last: 5000355533 ns, Reaching safepoint: 50101 ns, At safepoint: 3500 ns, Total: 53601 ns
[995.641s][info ][safepoint      ] Safepoint "Cleanup", Time since last: 1000108425 ns, Reaching safepoint: 50401 ns, At safepoint: 6101 ns, Total: 56502 ns
[998.641s][info ][safepoint      ] Safepoint "Cleanup", Time since last: 3000226768 ns, Reaching safepoint: 49101 ns, At safepoint: 4100 ns, Total: 53201 ns
[999.641s][info ][safepoint      ] Safepoint "Cleanup", Time since last: 1000100122 ns, Reaching safepoint: 72902 ns, At safepoint: 11900 ns, Total: 84802 ns
[1003.642s][info ][safepoint      ] Safepoint "Cleanup", Time since last: 4000287677 ns, Reaching safepoint: 53801 ns, At safepoint: 6401 ns, Total: 60202 ns
[1008.642s][info ][safepoint      ] Safepoint "Cleanup", Time since last: 5000350779 ns, Reaching safepoint: 56501 ns, At safepoint: 7801 ns, Total: 64302 ns
[1009.748s][info ][gc,start       ] GC(111) Pause Young (Allocation Failure)
[1009.754s][debug][gc,phases      ] GC(111) Scavenge 5.599ms
[1009.754s][debug][gc,ref         ] GC(111) Skipped phase 1 of Reference Processing: no references
[1009.754s][debug][gc,ref         ] GC(111) Skipped phase 3 of Reference Processing: no references
[1009.754s][debug][gc,phases      ] GC(111) Reference Processing 0.029ms
[1009.755s][debug][gc,phases      ] GC(111) Weak Processing 0.702ms
[1009.755s][debug][gc,age         ] GC(111) Desired survivor size 37224448 bytes, new threshold 15 (max threshold 15)
[1009.755s][info ][gc,heap        ] GC(111) PSYoungGen: 2029088K(2053632K)->15104K(2060800K) Eden: 2013184K(2013184K)->0K(2022400K) From: 15904K(40448K)->15104K(38400K)
[1009.755s][info ][gc,heap        ] GC(111) ParOldGen: 338592K(355328K)->338728K(355328K)
[1009.755s][info ][gc,metaspace   ] GC(111) Metaspace: 77722K(78400K)->77722K(78400K) NonClass: 67130K(67456K)->67130K(67456K) Class: 10591K(10944K)->10591K(10944K)
[1009.755s][info ][gc             ] GC(111) Pause Young (Allocation Failure) 2312M->345M(2359M) 6.499ms
[1009.755s][info ][gc,cpu         ] GC(111) User=0.03s Sys=0.00s Real=0.01s
[1009.755s][info ][safepoint      ] Safepoint "ParallelGCFailedAllocation", Time since last: 1106046319 ns, Reaching safepoint: 26700 ns, At safepoint: 6590838 ns, Total: 6617538 ns
[1012.755s][info ][safepoint      ] Safepoint "Cleanup", Time since last: 3000216536 ns, Reaching safepoint: 56801 ns, At safepoint: 5700 ns, Total: 62501 ns
[1013.755s][info ][safepoint      ] Safepoint "Cleanup", Time since last: 1000111412 ns, Reaching safepoint: 60301 ns, At safepoint: 10500 ns, Total: 70801 ns
[1014.755s][info ][safepoint      ] Safepoint "Cleanup", Time since last: 1000124711 ns, Reaching safepoint: 44301 ns, At safepoint: 3200 ns, Total: 47501 ns
[1015.755s][info ][safepoint      ] Safepoint "Cleanup", Time since last: 1000108910 ns, Reaching safepoint: 56701 ns, At safepoint: 6200 ns, Total: 62901 ns
[1030.757s][info ][safepoint      ] Safepoint "Cleanup", Time since last: 15000970448 ns, Reaching safepoint: 54801 ns, At safepoint: 9501 ns, Total: 64302 ns
[1031.757s][info ][safepoint      ] Safepoint "Cleanup", Time since last: 1000113598 ns, Reaching safepoint: 58901 ns, At safepoint: 5300 ns, Total: 64201 ns
[1032.757s][info ][safepoint      ] Safepoint "Cleanup", Time since last: 1000108898 ns, Reaching safepoint: 54201 ns, At safepoint: 2900 ns, Total: 57101 ns
[1033.757s][info ][safepoint      ] Safepoint "Cleanup", Time since last: 1000104797 ns, Reaching safepoint: 44501 ns, At safepoint: 3200 ns, Total: 47701 ns
[1034.757s][info ][safepoint      ] Safepoint "Cleanup", Time since last: 1000100596 ns, Reaching safepoint: 55601 ns, At safepoint: 5800 ns, Total: 61401 ns
[1034.933s][info ][gc,start       ] GC(112) Pause Young (Allocation Failure)
[1034.938s][debug][gc,phases      ] GC(112) Scavenge 4.720ms
[1034.938s][debug][gc,ref         ] GC(112) Skipped phase 1 of Reference Processing: no references
[1034.938s][debug][gc,ref         ] GC(112) Skipped phase 3 of Reference Processing: no references
[1034.938s][debug][gc,phases      ] GC(112) Reference Processing 0.027ms
[1034.939s][debug][gc,phases      ] GC(112) Weak Processing 0.549ms
[1034.939s][debug][gc,age         ] GC(112) Desired survivor size 35127296 bytes, new threshold 15 (max threshold 15)
[1034.939s][info ][gc,heap        ] GC(112) PSYoungGen: 2037504K(2060800K)->14816K(2058752K) Eden: 2022400K(2022400K)->0K(2022400K) From: 15104K(38400K)->14816K(36352K)
[1034.939s][info ][gc,heap        ] GC(112) ParOldGen: 338728K(355328K)->338760K(355328K)
[1034.939s][info ][gc,metaspace   ] GC(112) Metaspace: 77740K(78464K)->77740K(78464K) NonClass: 67149K(67520K)->67149K(67520K) Class: 10591K(10944K)->10591K(10944K)
[1034.939s][info ][gc             ] GC(112) Pause Young (Allocation Failure) 2320M->345M(2357M) 5.428ms
[1034.939s][info ][gc,cpu         ] GC(112) User=0.02s Sys=0.00s Real=0.00s
[1034.939s][info ][safepoint      ] Safepoint "ParallelGCFailedAllocation", Time since last: 175900258 ns, Reaching safepoint: 115002 ns, At safepoint: 5515815 ns, Total: 5630817 ns
[1038.939s][info ][safepoint      ] Safepoint "Cleanup", Time since last: 4000247873 ns, Reaching safepoint: 57701 ns, At safepoint: 10200 ns, Total: 67901 ns
[1040.939s][info ][safepoint      ] Safepoint "Cleanup", Time since last: 2000152783 ns, Reaching safepoint: 51801 ns, At safepoint: 2901 ns, Total: 54702 ns
[1042.939s][info ][safepoint      ] Safepoint "Cleanup", Time since last: 2000168980 ns, Reaching safepoint: 49301 ns, At safepoint: 11800 ns, Total: 61101 ns
[1045.940s][info ][safepoint      ] Safepoint "Cleanup", Time since last: 3000210365 ns, Reaching safepoint: 49301 ns, At safepoint: 13100 ns, Total: 62401 ns
[1046.940s][info ][safepoint      ] Safepoint "Cleanup", Time since last: 1000103688 ns, Reaching safepoint: 59601 ns, At safepoint: 7900 ns, Total: 67501 ns
[1047.940s][info ][safepoint      ] Safepoint "Cleanup", Time since last: 1000102487 ns, Reaching safepoint: 51101 ns, At safepoint: 3800 ns, Total: 54901 ns
[1049.940s][info ][safepoint      ] Safepoint "Cleanup", Time since last: 2000176471 ns, Reaching safepoint: 57701 ns, At safepoint: 3500 ns, Total: 61201 ns
[1051.941s][info ][safepoint      ] Safepoint "Cleanup", Time since last: 2000169868 ns, Reaching safepoint: 43901 ns, At safepoint: 7900 ns, Total: 51801 ns
[1059.941s][info ][safepoint      ] Safepoint "Cleanup", Time since last: 8000566443 ns, Reaching safepoint: 48701 ns, At safepoint: 5400 ns, Total: 54101 ns
[1061.010s][info ][gc,start       ] GC(113) Pause Young (Allocation Failure)
[1061.015s][debug][gc,phases      ] GC(113) Scavenge 5.060ms
[1061.015s][debug][gc,ref         ] GC(113) Skipped phase 1 of Reference Processing: no references
[1061.015s][debug][gc,ref         ] GC(113) Skipped phase 3 of Reference Processing: no references
[1061.015s][debug][gc,phases      ] GC(113) Reference Processing 0.043ms
[1061.016s][debug][gc,phases      ] GC(113) Weak Processing 0.549ms
[1061.016s][debug][gc,age         ] GC(113) Desired survivor size 33030144 bytes, new threshold 15 (max threshold 15)
[1061.016s][info ][gc,heap        ] GC(113) PSYoungGen: 2037216K(2058752K)->14784K(2064896K) Eden: 2022400K(2022400K)->0K(2030592K) From: 14816K(36352K)->14784K(34304K)
[1061.016s][info ][gc,heap        ] GC(113) ParOldGen: 338760K(355328K)->338800K(355328K)
[1061.016s][info ][gc,metaspace   ] GC(113) Metaspace: 77741K(78464K)->77741K(78464K) NonClass: 67150K(67520K)->67150K(67520K) Class: 10591K(10944K)->10591K(10944K)
[1061.016s][info ][gc             ] GC(113) Pause Young (Allocation Failure) 2320M->345M(2363M) 5.787ms
[1061.016s][info ][gc,cpu         ] GC(113) User=0.02s Sys=0.00s Real=0.01s
[1061.016s][info ][safepoint      ] Safepoint "ParallelGCFailedAllocation", Time since last: 1068832305 ns, Reaching safepoint: 30201 ns, At safepoint: 5878222 ns, Total: 5908423 ns
[1062.016s][info ][safepoint      ] Safepoint "Cleanup", Time since last: 1000084777 ns, Reaching safepoint: 45501 ns, At safepoint: 4200 ns, Total: 49701 ns
[1063.016s][info ][safepoint      ] Safepoint "Cleanup", Time since last: 1000100876 ns, Reaching safepoint: 48201 ns, At safepoint: 4401 ns, Total: 52602 ns
[1075.017s][info ][safepoint      ] Safepoint "Cleanup", Time since last: 12000795856 ns, Reaching safepoint: 48501 ns, At safepoint: 6500 ns, Total: 55001 ns
[1076.017s][info ][safepoint      ] Safepoint "Cleanup", Time since last: 1000107368 ns, Reaching safepoint: 47301 ns, At safepoint: 2900 ns, Total: 50201 ns
[1077.017s][info ][safepoint      ] Safepoint "Cleanup", Time since last: 1000105368 ns, Reaching safepoint: 59401 ns, At safepoint: 10700 ns, Total: 70101 ns
[1078.018s][info ][safepoint      ] Safepoint "Cleanup", Time since last: 1000110367 ns, Reaching safepoint: 43001 ns, At safepoint: 3300 ns, Total: 46301 ns
[1086.018s][info ][safepoint      ] Safepoint "Cleanup", Time since last: 8000546203 ns, Reaching safepoint: 54201 ns, At safepoint: 6100 ns, Total: 60301 ns
[1087.018s][info ][safepoint      ] Safepoint "Cleanup", Time since last: 1000108561 ns, Reaching safepoint: 61401 ns, At safepoint: 5800 ns, Total: 67201 ns
[1087.684s][info ][gc,start       ] GC(114) Pause Young (Allocation Failure)
[1087.688s][debug][gc,phases      ] GC(114) Scavenge 4.180ms
[1087.688s][debug][gc,ref         ] GC(114) Skipped phase 1 of Reference Processing: no references
[1087.688s][debug][gc,ref         ] GC(114) Skipped phase 3 of Reference Processing: no references
[1087.688s][debug][gc,phases      ] GC(114) Reference Processing 0.023ms
[1087.689s][debug][gc,phases      ] GC(114) Weak Processing 0.532ms
[1087.689s][debug][gc,age         ] GC(114) Desired survivor size 31457280 bytes, new threshold 15 (max threshold 15)
[1087.689s][info ][gc,heap        ] GC(114) PSYoungGen: 2045376K(2064896K)->14784K(2062848K) Eden: 2030592K(2030592K)->0K(2030592K) From: 14784K(34304K)->14784K(32256K)
[1087.689s][info ][gc,heap        ] GC(114) ParOldGen: 338800K(355328K)->338824K(355328K)
[1087.689s][info ][gc,metaspace   ] GC(114) Metaspace: 77745K(78464K)->77745K(78464K) NonClass: 67153K(67520K)->67153K(67520K) Class: 10591K(10944K)->10591K(10944K)
[1087.689s][info ][gc             ] GC(114) Pause Young (Allocation Failure) 2328M->345M(2361M) 4.885ms
[1087.689s][info ][gc,cpu         ] GC(114) User=0.02s Sys=0.00s Real=0.00s
[1087.689s][info ][safepoint      ] Safepoint "ParallelGCFailedAllocation", Time since last: 665444214 ns, Reaching safepoint: 101602 ns, At safepoint: 4969303 ns, Total: 5070905 ns
[1089.689s][info ][safepoint      ] Safepoint "Cleanup", Time since last: 2000147917 ns, Reaching safepoint: 132703 ns, At safepoint: 16001 ns, Total: 148704 ns
[1096.690s][info ][safepoint      ] Safepoint "Cleanup", Time since last: 7000458189 ns, Reaching safepoint: 44401 ns, At safepoint: 3000 ns, Total: 47401 ns
[1098.690s][info ][safepoint      ] Safepoint "Cleanup", Time since last: 2000170807 ns, Reaching safepoint: 29800 ns, At safepoint: 3201 ns, Total: 33001 ns
[1108.691s][info ][safepoint      ] Safepoint "Cleanup", Time since last: 10000769893 ns, Reaching safepoint: 39401 ns, At safepoint: 2900 ns, Total: 42301 ns
[1113.859s][info ][gc,start       ] GC(115) Pause Young (Allocation Failure)
[1113.864s][debug][gc,phases      ] GC(115) Scavenge 5.079ms
[1113.864s][debug][gc,ref         ] GC(115) Skipped phase 1 of Reference Processing: no references
[1113.864s][debug][gc,ref         ] GC(115) Skipped phase 3 of Reference Processing: no references
[1113.864s][debug][gc,ref         ] GC(115) Skipped phase 4 of Reference Processing: no references
[1113.864s][debug][gc,phases      ] GC(115) Reference Processing 0.032ms
[1113.865s][debug][gc,phases      ] GC(115) Weak Processing 0.638ms
[1113.865s][debug][gc,age         ] GC(115) Desired survivor size 29884416 bytes, new threshold 15 (max threshold 15)
[1113.865s][info ][gc,heap        ] GC(115) PSYoungGen: 2045376K(2062848K)->14720K(2067968K) Eden: 2030592K(2030592K)->0K(2037248K) From: 14784K(32256K)->14720K(30720K)
[1113.865s][info ][gc,heap        ] GC(115) ParOldGen: 338824K(355328K)->338848K(355328K)
[1113.865s][info ][gc,metaspace   ] GC(115) Metaspace: 77752K(78464K)->77752K(78464K) NonClass: 67160K(67520K)->67160K(67520K) Class: 10591K(10944K)->10591K(10944K)
[1113.865s][info ][gc             ] GC(115) Pause Young (Allocation Failure) 2328M->345M(2366M) 5.889ms
[1113.865s][info ][gc,cpu         ] GC(115) User=0.02s Sys=0.00s Real=0.01s
[1113.865s][info ][safepoint      ] Safepoint "ParallelGCFailedAllocation", Time since last: 5168030200 ns, Reaching safepoint: 39901 ns, At safepoint: 5983024 ns, Total: 6022925 ns
[1114.867s][info ][safepoint      ] Safepoint "Cleanup", Time since last: 1000090543 ns, Reaching safepoint: 2175246 ns, At safepoint: 10000 ns, Total: 2185246 ns
[1117.867s][info ][safepoint      ] Safepoint "Cleanup", Time since last: 3000252325 ns, Reaching safepoint: 121102 ns, At safepoint: 9501 ns, Total: 130603 ns
[1124.871s][info ][safepoint      ] Safepoint "Cleanup", Time since last: 7003603533 ns, Reaching safepoint: 55001 ns, At safepoint: 3300 ns, Total: 58301 ns
[1132.872s][info ][safepoint      ] Safepoint "Cleanup", Time since last: 8000513871 ns, Reaching safepoint: 48201 ns, At safepoint: 8300 ns, Total: 56501 ns
[1134.872s][info ][safepoint      ] Safepoint "Cleanup", Time since last: 2000181463 ns, Reaching safepoint: 51801 ns, At safepoint: 3100 ns, Total: 54901 ns
[1135.872s][info ][safepoint      ] Safepoint "Cleanup", Time since last: 1000116831 ns, Reaching safepoint: 46501 ns, At safepoint: 3600 ns, Total: 50101 ns
[1136.872s][info ][safepoint      ] Safepoint "Cleanup", Time since last: 1000091730 ns, Reaching safepoint: 50501 ns, At safepoint: 2900 ns, Total: 53401 ns
[1136.891s][info ][gc,start       ] GC(116) Pause Young (Allocation Failure)
[1136.895s][debug][gc,phases      ] GC(116) Scavenge 3.902ms
[1136.895s][debug][gc,ref         ] GC(116) Skipped phase 1 of Reference Processing: no references
[1136.895s][debug][gc,ref         ] GC(116) Skipped phase 3 of Reference Processing: no references
[1136.895s][debug][gc,ref         ] GC(116) Skipped phase 4 of Reference Processing: no references
[1136.895s][debug][gc,phases      ] GC(116) Reference Processing 0.034ms
[1136.895s][debug][gc,phases      ] GC(116) Weak Processing 0.572ms
[1136.895s][debug][gc,age         ] GC(116) Desired survivor size 28311552 bytes, new threshold 15 (max threshold 15)
[1136.895s][info ][gc,heap        ] GC(116) PSYoungGen: 2051968K(2067968K)->14752K(2066432K) Eden: 2037248K(2037248K)->0K(2037248K) From: 14720K(30720K)->14752K(29184K)
[1136.895s][info ][gc,heap        ] GC(116) ParOldGen: 338848K(355328K)->338880K(355328K)
[1136.895s][info ][gc,metaspace   ] GC(116) Metaspace: 77764K(78464K)->77764K(78464K) NonClass: 67172K(67520K)->67172K(67520K) Class: 10591K(10944K)->10591K(10944K)
[1136.895s][info ][gc             ] GC(116) Pause Young (Allocation Failure) 2334M->345M(2365M) 4.651ms
[1136.895s][info ][gc,cpu         ] GC(116) User=0.02s Sys=0.00s Real=0.01s
[1136.895s][info ][safepoint      ] Safepoint "ParallelGCFailedAllocation", Time since last: 18509984 ns, Reaching safepoint: 31600 ns, At safepoint: 4730098 ns, Total: 4761698 ns
[1137.896s][info ][safepoint      ] Safepoint "Cleanup", Time since last: 1000240633 ns, Reaching safepoint: 42101 ns, At safepoint: 2800 ns, Total: 44901 ns
[1140.896s][info ][safepoint      ] Safepoint "Cleanup", Time since last: 3000218083 ns, Reaching safepoint: 55001 ns, At safepoint: 8800 ns, Total: 63801 ns
[1141.896s][info ][safepoint      ] Safepoint "Cleanup", Time since last: 1000100728 ns, Reaching safepoint: 43901 ns, At safepoint: 3900 ns, Total: 47801 ns
[1144.896s][info ][safepoint      ] Safepoint "Cleanup", Time since last: 3000243577 ns, Reaching safepoint: 45801 ns, At safepoint: 3000 ns, Total: 48801 ns
[1146.897s][info ][safepoint      ] Safepoint "Cleanup", Time since last: 2000154348 ns, Reaching safepoint: 38001 ns, At safepoint: 2600 ns, Total: 40601 ns
[1147.897s][info ][safepoint      ] Safepoint "Cleanup", Time since last: 1000101424 ns, Reaching safepoint: 38001 ns, At safepoint: 3100 ns, Total: 41101 ns
[1151.838s][info ][gc,start       ] GC(117) Pause Young (Allocation Failure)
[1151.843s][debug][gc,phases      ] GC(117) Scavenge 5.243ms
[1151.843s][debug][gc,ref         ] GC(117) Skipped phase 1 of Reference Processing: no references
[1151.843s][debug][gc,ref         ] GC(117) Skipped phase 3 of Reference Processing: no references
[1151.843s][debug][gc,ref         ] GC(117) Skipped phase 4 of Reference Processing: no references
[1151.843s][debug][gc,phases      ] GC(117) Reference Processing 0.029ms
[1151.843s][debug][gc,phases      ] GC(117) Weak Processing 0.544ms
[1151.843s][debug][gc,age         ] GC(117) Desired survivor size 27262976 bytes, new threshold 15 (max threshold 15)
[1151.843s][info ][gc,heap        ] GC(117) PSYoungGen: 2052000K(2066432K)->14752K(2070528K) Eden: 2037248K(2037248K)->0K(2042880K) From: 14752K(29184K)->14752K(27648K)
[1151.843s][info ][gc,heap        ] GC(117) ParOldGen: 338880K(355328K)->338912K(355328K)
[1151.843s][info ][gc,metaspace   ] GC(117) Metaspace: 77781K(78464K)->77781K(78464K) NonClass: 67190K(67520K)->67190K(67520K) Class: 10591K(10944K)->10591K(10944K)
[1151.844s][info ][gc             ] GC(117) Pause Young (Allocation Failure) 2334M->345M(2369M) 5.948ms
[1151.844s][info ][gc,cpu         ] GC(117) User=0.02s Sys=0.00s Real=0.01s
[1151.844s][info ][safepoint      ] Safepoint "ParallelGCFailedAllocation", Time since last: 3940673852 ns, Reaching safepoint: 41600 ns, At safepoint: 6119827 ns, Total: 6161427 ns
[1153.844s][info ][safepoint      ] Safepoint "Cleanup", Time since last: 2000153341 ns, Reaching safepoint: 45301 ns, At safepoint: 2900 ns, Total: 48201 ns
[1155.844s][info ][safepoint      ] Safepoint "Cleanup", Time since last: 2000171438 ns, Reaching safepoint: 44801 ns, At safepoint: 3000 ns, Total: 47801 ns
[1159.844s][info ][safepoint      ] Safepoint "Cleanup", Time since last: 4000271569 ns, Reaching safepoint: 50001 ns, At safepoint: 10900 ns, Total: 60901 ns
[1161.845s][info ][safepoint      ] Safepoint "Cleanup", Time since last: 2000166932 ns, Reaching safepoint: 56201 ns, At safepoint: 2700 ns, Total: 58901 ns
[1164.845s][info ][safepoint      ] Safepoint "Cleanup", Time since last: 3000225243 ns, Reaching safepoint: 43701 ns, At safepoint: 2600 ns, Total: 46301 ns
[1165.845s][info ][safepoint      ] Safepoint "Cleanup", Time since last: 1000108614 ns, Reaching safepoint: 43401 ns, At safepoint: 2700 ns, Total: 46101 ns
[1170.682s][info ][gc,start       ] GC(118) Pause Young (Allocation Failure)
[1170.687s][debug][gc,phases      ] GC(118) Scavenge 4.239ms
[1170.687s][debug][gc,ref         ] GC(118) Skipped phase 1 of Reference Processing: no references
[1170.687s][debug][gc,ref         ] GC(118) Skipped phase 3 of Reference Processing: no references
[1170.687s][debug][gc,phases      ] GC(118) Reference Processing 0.041ms
[1170.687s][debug][gc,phases      ] GC(118) Weak Processing 0.620ms
[1170.687s][debug][gc,age         ] GC(118) Desired survivor size 26214400 bytes, new threshold 15 (max threshold 15)
[1170.687s][info ][gc,heap        ] GC(118) PSYoungGen: 2057632K(2070528K)->14720K(2069504K) Eden: 2042880K(2042880K)->0K(2042880K) From: 14752K(27648K)->14720K(26624K)
[1170.688s][info ][gc,heap        ] GC(118) ParOldGen: 338912K(355328K)->338952K(355328K)
[1170.688s][info ][gc,metaspace   ] GC(118) Metaspace: 77789K(78464K)->77789K(78464K) NonClass: 67197K(67520K)->67197K(67520K) Class: 10591K(10944K)->10591K(10944K)
[1170.688s][info ][gc             ] GC(118) Pause Young (Allocation Failure) 2340M->345M(2368M) 5.021ms
[1170.688s][info ][gc,cpu         ] GC(118) User=0.02s Sys=0.00s Real=0.01s
[1170.688s][info ][safepoint      ] Safepoint "ParallelGCFailedAllocation", Time since last: 4837434184 ns, Reaching safepoint: 41801 ns, At safepoint: 5106605 ns, Total: 5148406 ns
[1180.688s][info ][safepoint      ] Safepoint "Cleanup", Time since last: 10000681475 ns, Reaching safepoint: 44501 ns, At safepoint: 2700 ns, Total: 47201 ns
[1185.689s][info ][safepoint      ] Safepoint "Cleanup", Time since last: 5000352517 ns, Reaching safepoint: 45301 ns, At safepoint: 3000 ns, Total: 48301 ns
[1186.689s][info ][safepoint      ] Safepoint "Cleanup", Time since last: 1000111803 ns, Reaching safepoint: 50001 ns, At safepoint: 3200 ns, Total: 53201 ns
[1187.935s][info ][gc,start       ] GC(119) Pause Young (Allocation Failure)
[1187.939s][debug][gc,phases      ] GC(119) Scavenge 4.560ms
[1187.940s][debug][gc,ref         ] GC(119) Skipped phase 1 of Reference Processing: no references
[1187.940s][debug][gc,ref         ] GC(119) Skipped phase 3 of Reference Processing: no references
[1187.940s][debug][gc,phases      ] GC(119) Reference Processing 0.033ms
[1187.940s][debug][gc,phases      ] GC(119) Weak Processing 0.589ms
[1187.940s][debug][gc,age         ] GC(119) Desired survivor size 25165824 bytes, new threshold 15 (max threshold 15)
[1187.940s][info ][gc,heap        ] GC(119) PSYoungGen: 2057600K(2069504K)->14752K(2072576K) Eden: 2042880K(2042880K)->0K(2046976K) From: 14720K(26624K)->14752K(25600K)
[1187.940s][info ][gc,heap        ] GC(119) ParOldGen: 338952K(355328K)->338976K(355328K)
[1187.940s][info ][gc,metaspace   ] GC(119) Metaspace: 77791K(78464K)->77791K(78464K) NonClass: 67199K(67520K)->67199K(67520K) Class: 10591K(10944K)->10591K(10944K)
[1187.940s][info ][gc             ] GC(119) Pause Young (Allocation Failure) 2340M->345M(2371M) 5.313ms
[1187.940s][info ][gc,cpu         ] GC(119) User=0.00s Sys=0.01s Real=0.00s
[1187.940s][info ][safepoint      ] Safepoint "ParallelGCFailedAllocation", Time since last: 1245862789 ns, Reaching safepoint: 120503 ns, At safepoint: 5401111 ns, Total: 5521614 ns
[1190.940s][info ][safepoint      ] Safepoint "Cleanup", Time since last: 3000191900 ns, Reaching safepoint: 39201 ns, At safepoint: 3400 ns, Total: 42601 ns
[1191.941s][info ][safepoint      ] Safepoint "Cleanup", Time since last: 1000102720 ns, Reaching safepoint: 50801 ns, At safepoint: 5400 ns, Total: 56201 ns
[1198.941s][info ][safepoint      ] Safepoint "Cleanup", Time since last: 7000421991 ns, Reaching safepoint: 44801 ns, At safepoint: 3100 ns, Total: 47901 ns
[1203.942s][info ][safepoint      ] Safepoint "Cleanup", Time since last: 5000364734 ns, Reaching safepoint: 48801 ns, At safepoint: 5900 ns, Total: 54701 ns
[1216.942s][info ][safepoint      ] Safepoint "Cleanup", Time since last: 13000862342 ns, Reaching safepoint: 71102 ns, At safepoint: 11500 ns, Total: 82602 ns
[1217.203s][info ][gc,start       ] GC(120) Pause Young (Allocation Failure)
[1217.219s][debug][gc,phases      ] GC(120) Scavenge 15.892ms
[1217.219s][debug][gc,ref         ] GC(120) Skipped phase 1 of Reference Processing: no references
[1217.219s][debug][gc,ref         ] GC(120) Skipped phase 3 of Reference Processing: no references
[1217.219s][debug][gc,phases      ] GC(120) Reference Processing 0.035ms
[1217.220s][debug][gc,phases      ] GC(120) Weak Processing 0.790ms
[1217.220s][debug][gc,age         ] GC(120) Desired survivor size 26214400 bytes, new threshold 15 (max threshold 15)
[1217.220s][info ][gc,heap        ] GC(120) PSYoungGen: 2061728K(2072576K)->2016K(2071552K) Eden: 2046976K(2046976K)->0K(2046976K) From: 14752K(25600K)->2016K(24576K)
[1217.220s][info ][gc,heap        ] GC(120) ParOldGen: 338976K(355328K)->339008K(355328K)
[1217.220s][info ][gc,metaspace   ] GC(120) Metaspace: 77799K(78464K)->77799K(78464K) NonClass: 67207K(67520K)->67207K(67520K) Class: 10591K(10944K)->10591K(10944K)
[1217.220s][info ][gc             ] GC(120) Pause Young (Allocation Failure) 2344M->333M(2370M) 16.915ms
[1217.220s][info ][gc,cpu         ] GC(120) User=0.02s Sys=0.00s Real=0.01s
[1217.220s][info ][safepoint      ] Safepoint "ParallelGCFailedAllocation", Time since last: 260651960 ns, Reaching safepoint: 42701 ns, At safepoint: 17011349 ns, Total: 17054050 ns
[1230.223s][info ][safepoint      ] Safepoint "Cleanup", Time since last: 13002503641 ns, Reaching safepoint: 78901 ns, At safepoint: 12701 ns, Total: 91602 ns
[1245.883s][info ][gc,start       ] GC(121) Pause Young (Allocation Failure)
[1245.888s][debug][gc,phases      ] GC(121) Scavenge 5.345ms
[1245.888s][debug][gc,ref         ] GC(121) Skipped phase 1 of Reference Processing: no references
[1245.889s][debug][gc,ref         ] GC(121) Skipped phase 3 of Reference Processing: no references
[1245.889s][debug][gc,phases      ] GC(121) Reference Processing 0.026ms
[1245.889s][debug][gc,phases      ] GC(121) Weak Processing 0.596ms
[1245.889s][debug][gc,age         ] GC(121) Desired survivor size 25690112 bytes, new threshold 15 (max threshold 15)
[1245.889s][info ][gc,heap        ] GC(121) PSYoungGen: 2048992K(2071552K)->14624K(2072064K) Eden: 2046976K(2046976K)->0K(2046464K) From: 2016K(24576K)->14624K(25600K)
[1245.889s][info ][gc,heap        ] GC(121) ParOldGen: 339008K(355328K)->339112K(355328K)
[1245.889s][info ][gc,metaspace   ] GC(121) Metaspace: 77799K(78464K)->77799K(78464K) NonClass: 67207K(67520K)->67207K(67520K) Class: 10591K(10944K)->10591K(10944K)
[1245.889s][info ][gc             ] GC(121) Pause Young (Allocation Failure) 2332M->345M(2370M) 6.133ms
[1245.889s][info ][gc,cpu         ] GC(121) User=0.02s Sys=0.01s Real=0.01s
[1245.889s][info ][safepoint      ] Safepoint "ParallelGCFailedAllocation", Time since last: 15660185039 ns, Reaching safepoint: 43301 ns, At safepoint: 6214728 ns, Total: 6258029 ns
[1249.890s][info ][safepoint      ] Safepoint "Cleanup", Time since last: 4000275829 ns, Reaching safepoint: 53201 ns, At safepoint: 11800 ns, Total: 65001 ns
[1258.890s][info ][safepoint      ] Safepoint "Cleanup", Time since last: 9000573504 ns, Reaching safepoint: 60001 ns, At safepoint: 10600 ns, Total: 70601 ns
[1266.891s][info ][safepoint      ] Safepoint "Cleanup", Time since last: 8000551336 ns, Reaching safepoint: 47101 ns, At safepoint: 6300 ns, Total: 53401 ns
[1275.547s][info ][gc,start       ] GC(122) Pause Young (Allocation Failure)
[1275.550s][debug][gc,phases      ] GC(122) Scavenge 2.083ms
[1275.550s][debug][gc,ref         ] GC(122) Skipped phase 1 of Reference Processing: no references
[1275.550s][debug][gc,ref         ] GC(122) Skipped phase 3 of Reference Processing: no references
[1275.550s][debug][gc,phases      ] GC(122) Reference Processing 0.020ms
[1275.550s][debug][gc,phases      ] GC(122) Weak Processing 0.505ms
[1275.550s][debug][gc,age         ] GC(122) Desired survivor size 26738688 bytes, new threshold 15 (max threshold 15)
[1275.550s][info ][gc,heap        ] GC(122) PSYoungGen: 2061088K(2072064K)->1152K(2048000K) Eden: 2046464K(2046464K)->0K(2046464K) From: 14624K(25600K)->1152K(1536K)
[1275.550s][info ][gc,heap        ] GC(122) ParOldGen: 339112K(355328K)->339128K(355328K)
[1275.550s][info ][gc,metaspace   ] GC(122) Metaspace: 77803K(78464K)->77803K(78464K) NonClass: 67211K(67520K)->67211K(67520K) Class: 10591K(10944K)->10591K(10944K)
[1275.550s][info ][gc             ] GC(122) Pause Young (Allocation Failure) 2343M->332M(2347M) 2.743ms
[1275.550s][info ][gc,cpu         ] GC(122) User=0.01s Sys=0.00s Real=0.00s
[1275.550s][info ][safepoint      ] Safepoint "ParallelGCFailedAllocation", Time since last: 8656609406 ns, Reaching safepoint: 29701 ns, At safepoint: 2844158 ns, Total: 2873859 ns
[1289.605s][info ][safepoint      ] Safepoint "Cleanup", Time since last: 14054572913 ns, Reaching safepoint: 92002 ns, At safepoint: 10000 ns, Total: 102002 ns
[1302.983s][info ][gc,start       ] GC(123) Pause Young (Allocation Failure)
[1302.988s][debug][gc,phases      ] GC(123) Scavenge 4.877ms
[1302.988s][debug][gc,ref         ] GC(123) Skipped phase 1 of Reference Processing: no references
[1302.988s][debug][gc,ref         ] GC(123) Skipped phase 3 of Reference Processing: no references
[1302.988s][debug][gc,phases      ] GC(123) Reference Processing 0.024ms
[1302.989s][debug][gc,phases      ] GC(123) Weak Processing 0.532ms
[1302.989s][debug][gc,age         ] GC(123) Desired survivor size 25690112 bytes, new threshold 15 (max threshold 15)
[1302.989s][info ][gc,heap        ] GC(123) PSYoungGen: 2047616K(2048000K)->14016K(2072064K) Eden: 2046464K(2046464K)->0K(2045952K) From: 1152K(1536K)->14016K(26112K)
[1302.989s][info ][gc,heap        ] GC(123) ParOldGen: 339128K(355328K)->339160K(355328K)
[1302.989s][info ][gc,metaspace   ] GC(123) Metaspace: 77804K(78464K)->77804K(78464K) NonClass: 67212K(67520K)->67212K(67520K) Class: 10591K(10944K)->10591K(10944K)
[1302.989s][info ][gc             ] GC(123) Pause Young (Allocation Failure) 2330M->344M(2370M) 5.567ms
[1302.989s][info ][gc,cpu         ] GC(123) User=0.02s Sys=0.00s Real=0.01s
[1302.989s][info ][safepoint      ] Safepoint "ParallelGCFailedAllocation", Time since last: 13377991977 ns, Reaching safepoint: 37501 ns, At safepoint: 5662117 ns, Total: 5699618 ns
[1305.989s][info ][safepoint      ] Safepoint "Cleanup", Time since last: 3000218241 ns, Reaching safepoint: 120002 ns, At safepoint: 14300 ns, Total: 134302 ns
[1309.989s][info ][safepoint      ] Safepoint "Cleanup", Time since last: 4000244885 ns, Reaching safepoint: 48501 ns, At safepoint: 5800 ns, Total: 54301 ns
[1316.290s][info ][safepoint      ] Safepoint "Cleanup", Time since last: 6300335835 ns, Reaching safepoint: 111502 ns, At safepoint: 11300 ns, Total: 122802 ns
[1317.290s][info ][safepoint      ] Safepoint "Cleanup", Time since last: 1000106146 ns, Reaching safepoint: 114702 ns, At safepoint: 8200 ns, Total: 122902 ns
[1319.290s][info ][safepoint      ] Safepoint "Cleanup", Time since last: 2000173090 ns, Reaching safepoint: 37201 ns, At safepoint: 3000 ns, Total: 40201 ns
[1323.334s][info ][gc,start       ] GC(124) Pause Young (Allocation Failure)
[1323.338s][debug][gc,phases      ] GC(124) Scavenge 4.009ms
[1323.338s][debug][gc,ref         ] GC(124) Skipped phase 1 of Reference Processing: no references
[1323.338s][debug][gc,ref         ] GC(124) Skipped phase 3 of Reference Processing: no references
[1323.338s][debug][gc,phases      ] GC(124) Reference Processing 0.023ms
[1323.339s][debug][gc,phases      ] GC(124) Weak Processing 0.552ms
[1323.339s][debug][gc,age         ] GC(124) Desired survivor size 25690112 bytes, new threshold 15 (max threshold 15)
[1323.339s][info ][gc,heap        ] GC(124) PSYoungGen: 2059968K(2072064K)->15744K(2071040K) Eden: 2045952K(2045952K)->0K(2045952K) From: 14016K(26112K)->15744K(25088K)
[1323.339s][info ][gc,heap        ] GC(124) ParOldGen: 339160K(355328K)->339192K(355328K)
[1323.339s][info ][gc,metaspace   ] GC(124) Metaspace: 77805K(78464K)->77805K(78464K) NonClass: 67213K(67520K)->67213K(67520K) Class: 10591K(10944K)->10591K(10944K)
[1323.339s][info ][gc             ] GC(124) Pause Young (Allocation Failure) 2342M->346M(2369M) 4.725ms
[1323.339s][info ][gc,cpu         ] GC(124) User=0.02s Sys=0.00s Real=0.00s
[1323.339s][info ][safepoint      ] Safepoint "ParallelGCFailedAllocation", Time since last: 4043834071 ns, Reaching safepoint: 34201 ns, At safepoint: 4812198 ns, Total: 4846399 ns
[1325.339s][info ][safepoint      ] Safepoint "Cleanup", Time since last: 2000146388 ns, Reaching safepoint: 116902 ns, At safepoint: 7200 ns, Total: 124102 ns
[1331.340s][info ][safepoint      ] Safepoint "Cleanup", Time since last: 6000414158 ns, Reaching safepoint: 103802 ns, At safepoint: 9900 ns, Total: 113702 ns
[1336.340s][info ][safepoint      ] Safepoint "Cleanup", Time since last: 5000223308 ns, Reaching safepoint: 45300 ns, At safepoint: 3201 ns, Total: 48501 ns
[1341.115s][info ][gc,start       ] GC(125) Pause Young (Allocation Failure)
[1341.120s][debug][gc,phases      ] GC(125) Scavenge 4.732ms
[1341.120s][debug][gc,ref         ] GC(125) Skipped phase 1 of Reference Processing: no references
[1341.120s][debug][gc,ref         ] GC(125) Skipped phase 3 of Reference Processing: no references
[1341.120s][debug][gc,phases      ] GC(125) Reference Processing 0.022ms
[1341.120s][debug][gc,phases      ] GC(125) Weak Processing 0.523ms
[1341.120s][debug][gc,age         ] GC(125) Desired survivor size 25690112 bytes, new threshold 15 (max threshold 15)
[1341.120s][info ][gc,heap        ] GC(125) PSYoungGen: 2061696K(2071040K)->15392K(2072064K) Eden: 2045952K(2045952K)->0K(2046976K) From: 15744K(25088K)->15392K(25088K)
[1341.120s][info ][gc,heap        ] GC(125) ParOldGen: 339192K(355328K)->339208K(355328K)
[1341.120s][info ][gc,metaspace   ] GC(125) Metaspace: 77807K(78464K)->77807K(78464K) NonClass: 67215K(67520K)->67215K(67520K) Class: 10591K(10944K)->10591K(10944K)
[1341.120s][info ][gc             ] GC(125) Pause Young (Allocation Failure) 2344M->346M(2370M) 5.408ms
[1341.120s][info ][gc,cpu         ] GC(125) User=0.02s Sys=0.01s Real=0.00s
[1341.120s][info ][safepoint      ] Safepoint "ParallelGCFailedAllocation", Time since last: 4775005077 ns, Reaching safepoint: 34801 ns, At safepoint: 5495613 ns, Total: 5530414 ns
[1343.121s][info ][safepoint      ] Safepoint "Cleanup", Time since last: 2000113581 ns, Reaching safepoint: 46300 ns, At safepoint: 2601 ns, Total: 48901 ns
[1356.122s][info ][safepoint      ] Safepoint "Cleanup", Time since last: 13000885912 ns, Reaching safepoint: 32301 ns, At safepoint: 28400 ns, Total: 60701 ns
[1357.122s][info ][safepoint      ] Safepoint "Cleanup", Time since last: 1000101139 ns, Reaching safepoint: 117803 ns, At safepoint: 10800 ns, Total: 128603 ns
[1361.593s][info ][gc,start       ] GC(126) Pause Young (Allocation Failure)
[1361.598s][debug][gc,phases      ] GC(126) Scavenge 5.240ms
[1361.598s][debug][gc,ref         ] GC(126) Skipped phase 1 of Reference Processing: no references
[1361.598s][debug][gc,ref         ] GC(126) Skipped phase 3 of Reference Processing: no references
[1361.598s][debug][gc,phases      ] GC(126) Reference Processing 0.026ms
[1361.599s][debug][gc,phases      ] GC(126) Weak Processing 0.568ms
[1361.599s][debug][gc,age         ] GC(126) Desired survivor size 25165824 bytes, new threshold 15 (max threshold 15)
[1361.599s][info ][gc,heap        ] GC(126) PSYoungGen: 2062368K(2072064K)->15616K(2072064K) Eden: 2046976K(2046976K)->0K(2046976K) From: 15392K(25088K)->15616K(25088K)
[1361.599s][info ][gc,heap        ] GC(126) ParOldGen: 339208K(355328K)->339232K(355328K)
[1361.599s][info ][gc,metaspace   ] GC(126) Metaspace: 77809K(78464K)->77809K(78464K) NonClass: 67217K(67520K)->67217K(67520K) Class: 10591K(10944K)->10591K(10944K)
[1361.599s][info ][gc             ] GC(126) Pause Young (Allocation Failure) 2345M->346M(2370M) 5.983ms
[1361.599s][info ][gc,cpu         ] GC(126) User=0.02s Sys=0.00s Real=0.00s
[1361.599s][info ][safepoint      ] Safepoint "ParallelGCFailedAllocation", Time since last: 4471067320 ns, Reaching safepoint: 124303 ns, At safepoint: 6096625 ns, Total: 6220928 ns
[1365.600s][info ][safepoint      ] Safepoint "Cleanup", Time since last: 4000279449 ns, Reaching safepoint: 112602 ns, At safepoint: 8801 ns, Total: 121403 ns
[1380.601s][info ][safepoint      ] Safepoint "Cleanup", Time since last: 15000915134 ns, Reaching safepoint: 56401 ns, At safepoint: 10501 ns, Total: 66902 ns
[1380.984s][info ][gc,start       ] GC(127) Pause Young (Allocation Failure)
[1380.988s][debug][gc,phases      ] GC(127) Scavenge 4.027ms
[1380.988s][debug][gc,ref         ] GC(127) Skipped phase 1 of Reference Processing: no references
[1380.988s][debug][gc,ref         ] GC(127) Skipped phase 3 of Reference Processing: no references
[1380.988s][debug][gc,phases      ] GC(127) Reference Processing 0.045ms
[1380.989s][debug][gc,phases      ] GC(127) Weak Processing 0.566ms
[1380.989s][debug][gc,age         ] GC(127) Desired survivor size 24641536 bytes, new threshold 15 (max threshold 15)
[1380.989s][info ][gc,heap        ] GC(127) PSYoungGen: 2062592K(2072064K)->14944K(2073088K) Eden: 2046976K(2046976K)->0K(2048512K) From: 15616K(25088K)->14944K(24576K)
[1380.989s][info ][gc,heap        ] GC(127) ParOldGen: 339232K(355328K)->339248K(355328K)
[1380.989s][info ][gc,metaspace   ] GC(127) Metaspace: 77810K(78464K)->77810K(78464K) NonClass: 67218K(67520K)->67218K(67520K) Class: 10591K(10944K)->10591K(10944K)
[1380.989s][info ][gc             ] GC(127) Pause Young (Allocation Failure) 2345M->345M(2371M) 4.777ms
[1380.989s][info ][gc,cpu         ] GC(127) User=0.02s Sys=0.00s Real=0.00s
[1380.989s][info ][safepoint      ] Safepoint "ParallelGCFailedAllocation", Time since last: 383718879 ns, Reaching safepoint: 38600 ns, At safepoint: 4866300 ns, Total: 4904900 ns
[1385.346s][info ][safepoint      ] Safepoint "Cleanup", Time since last: 4356818258 ns, Reaching safepoint: 54902 ns, At safepoint: 3700 ns, Total: 58602 ns
[1388.346s][info ][safepoint      ] Safepoint "Cleanup", Time since last: 3000224301 ns, Reaching safepoint: 41401 ns, At safepoint: 4600 ns, Total: 46001 ns
[1397.347s][info ][safepoint      ] Safepoint "Cleanup", Time since last: 9000566695 ns, Reaching safepoint: 49401 ns, At safepoint: 12900 ns, Total: 62301 ns
[1399.886s][info ][gc,start       ] GC(128) Pause Young (Allocation Failure)
[1399.890s][debug][gc,phases      ] GC(128) Scavenge 4.592ms
[1399.890s][debug][gc,ref         ] GC(128) Skipped phase 1 of Reference Processing: no references
[1399.890s][debug][gc,ref         ] GC(128) Skipped phase 3 of Reference Processing: no references
[1399.890s][debug][gc,phases      ] GC(128) Reference Processing 0.026ms
[1399.891s][debug][gc,phases      ] GC(128) Weak Processing 0.619ms
[1399.891s][debug][gc,age         ] GC(128) Desired survivor size 25165824 bytes, new threshold 15 (max threshold 15)
[1399.891s][info ][gc,heap        ] GC(128) PSYoungGen: 2063456K(2073088K)->17088K(2072576K) Eden: 2048512K(2048512K)->0K(2048512K) From: 14944K(24576K)->17088K(24064K)
[1399.891s][info ][gc,heap        ] GC(128) ParOldGen: 339248K(355328K)->339281K(355328K)
[1399.891s][info ][gc,metaspace   ] GC(128) Metaspace: 77812K(78464K)->77812K(78464K) NonClass: 67220K(67520K)->67220K(67520K) Class: 10591K(10944K)->10591K(10944K)
[1399.891s][info ][gc             ] GC(128) Pause Young (Allocation Failure) 2346M->348M(2371M) 5.378ms
[1399.891s][info ][gc,cpu         ] GC(128) User=0.02s Sys=0.00s Real=0.00s
[1399.891s][info ][safepoint      ] Safepoint "ParallelGCFailedAllocation", Time since last: 2538490517 ns, Reaching safepoint: 110002 ns, At safepoint: 5472513 ns, Total: 5582515 ns
[1409.892s][info ][safepoint      ] Safepoint "Cleanup", Time since last: 10000653510 ns, Reaching safepoint: 52801 ns, At safepoint: 35101 ns, Total: 87902 ns
[1411.892s][info ][safepoint      ] Safepoint "Cleanup", Time since last: 2000156861 ns, Reaching safepoint: 40001 ns, At safepoint: 2600 ns, Total: 42601 ns
[1417.892s][info ][safepoint      ] Safepoint "Cleanup", Time since last: 6000368777 ns, Reaching safepoint: 47401 ns, At safepoint: 7400 ns, Total: 54801 ns
[1424.696s][info ][gc,start       ] GC(129) Pause Young (Allocation Failure)
[1424.701s][debug][gc,phases      ] GC(129) Scavenge 5.168ms
[1424.701s][debug][gc,ref         ] GC(129) Skipped phase 1 of Reference Processing: no references
[1424.702s][debug][gc,ref         ] GC(129) Skipped phase 3 of Reference Processing: no references
[1424.702s][debug][gc,phases      ] GC(129) Reference Processing 0.025ms
[1424.702s][debug][gc,phases      ] GC(129) Weak Processing 0.584ms
[1424.702s][debug][gc,age         ] GC(129) Desired survivor size 25165824 bytes, new threshold 15 (max threshold 15)
[1424.702s][info ][gc,heap        ] GC(129) PSYoungGen: 2065600K(2072576K)->16736K(2072576K) Eden: 2048512K(2048512K)->0K(2048000K) From: 17088K(24064K)->16736K(24576K)
[1424.702s][info ][gc,heap        ] GC(129) ParOldGen: 339281K(355328K)->339305K(355328K)
[1424.702s][info ][gc,metaspace   ] GC(129) Metaspace: 77815K(78528K)->77815K(78528K) NonClass: 67223K(67584K)->67223K(67584K) Class: 10591K(10944K)->10591K(10944K)
[1424.702s][info ][gc             ] GC(129) Pause Young (Allocation Failure) 2348M->347M(2371M) 5.929ms
[1424.702s][info ][gc,cpu         ] GC(129) User=0.02s Sys=0.00s Real=0.00s
[1424.702s][info ][safepoint      ] Safepoint "ParallelGCFailedAllocation", Time since last: 6803824665 ns, Reaching safepoint: 33701 ns, At safepoint: 6021824 ns, Total: 6055525 ns
[1425.702s][info ][safepoint      ] Safepoint "Cleanup", Time since last: 1000056528 ns, Reaching safepoint: 52201 ns, At safepoint: 8700 ns, Total: 60901 ns
[1430.703s][info ][safepoint      ] Safepoint "Cleanup", Time since last: 5000274938 ns, Reaching safepoint: 59601 ns, At safepoint: 15401 ns, Total: 75002 ns
[1446.704s][info ][safepoint      ] Safepoint "Cleanup", Time since last: 16000976821 ns, Reaching safepoint: 112502 ns, At safepoint: 35301 ns, Total: 147803 ns
[1450.311s][info ][gc,start       ] GC(130) Pause Young (Allocation Failure)
[1450.316s][debug][gc,phases      ] GC(130) Scavenge 5.418ms
[1450.316s][debug][gc,ref         ] GC(130) Skipped phase 1 of Reference Processing: no references
[1450.316s][debug][gc,ref         ] GC(130) Skipped phase 3 of Reference Processing: no references
[1450.316s][debug][gc,phases      ] GC(130) Reference Processing 0.024ms
[1450.317s][debug][gc,phases      ] GC(130) Weak Processing 0.535ms
[1450.317s][debug][gc,age         ] GC(130) Desired survivor size 24117248 bytes, new threshold 15 (max threshold 15)
[1450.317s][info ][gc,heap        ] GC(130) PSYoungGen: 2064736K(2072576K)->14592K(2072576K) Eden: 2048000K(2048000K)->0K(2048000K) From: 16736K(24576K)->14592K(24576K)
[1450.317s][info ][gc,heap        ] GC(130) ParOldGen: 339305K(355328K)->339313K(355328K)
[1450.317s][info ][gc,metaspace   ] GC(130) Metaspace: 77819K(78528K)->77819K(78528K) NonClass: 67227K(67584K)->67227K(67584K) Class: 10591K(10944K)->10591K(10944K)
[1450.317s][info ][gc             ] GC(130) Pause Young (Allocation Failure) 2347M->345M(2371M) 6.117ms
[1450.317s][info ][gc,cpu         ] GC(130) User=0.02s Sys=0.00s Real=0.01s
[1450.317s][info ][safepoint      ] Safepoint "ParallelGCFailedAllocation", Time since last: 3606630221 ns, Reaching safepoint: 58501 ns, At safepoint: 6210328 ns, Total: 6268829 ns
[1458.317s][info ][safepoint      ] Safepoint "Cleanup", Time since last: 8000523395 ns, Reaching safepoint: 53801 ns, At safepoint: 4600 ns, Total: 58401 ns
[1465.318s][info ][safepoint      ] Safepoint "Cleanup", Time since last: 7000497164 ns, Reaching safepoint: 47001 ns, At safepoint: 2800 ns, Total: 49801 ns
[1468.318s][info ][safepoint      ] Safepoint "Cleanup", Time since last: 3000231569 ns, Reaching safepoint: 54902 ns, At safepoint: 27400 ns, Total: 82302 ns
[1472.318s][info ][safepoint      ] Safepoint "Cleanup", Time since last: 4000242589 ns, Reaching safepoint: 50801 ns, At safepoint: 4600 ns, Total: 55401 ns
[1473.319s][info ][safepoint      ] Safepoint "Cleanup", Time since last: 1000106823 ns, Reaching safepoint: 44201 ns, At safepoint: 3600 ns, Total: 47801 ns
[1474.635s][info ][gc,start       ] GC(131) Pause Young (Allocation Failure)
[1474.640s][debug][gc,phases      ] GC(131) Scavenge 4.427ms
[1474.640s][debug][gc,ref         ] GC(131) Skipped phase 1 of Reference Processing: no references
[1474.640s][debug][gc,ref         ] GC(131) Skipped phase 3 of Reference Processing: no references
[1474.640s][debug][gc,phases      ] GC(131) Reference Processing 0.025ms
[1474.640s][debug][gc,phases      ] GC(131) Weak Processing 0.534ms
[1474.640s][debug][gc,age         ] GC(131) Desired survivor size 23068672 bytes, new threshold 15 (max threshold 15)
[1474.640s][info ][gc,heap        ] GC(131) PSYoungGen: 2062592K(2072576K)->14272K(2074624K) Eden: 2048000K(2048000K)->0K(2051072K) From: 14592K(24576K)->14272K(23552K)
[1474.640s][info ][gc,heap        ] GC(131) ParOldGen: 339313K(355328K)->339345K(355328K)
[1474.640s][info ][gc,metaspace   ] GC(131) Metaspace: 77819K(78528K)->77819K(78528K) NonClass: 67228K(67584K)->67228K(67584K) Class: 10591K(10944K)->10591K(10944K)
[1474.640s][info ][gc             ] GC(131) Pause Young (Allocation Failure) 2345M->345M(2373M) 5.153ms
[1474.640s][info ][gc,cpu         ] GC(131) User=0.02s Sys=0.00s Real=0.00s
[1474.640s][info ][safepoint      ] Safepoint "ParallelGCFailedAllocation", Time since last: 1316447514 ns, Reaching safepoint: 102602 ns, At safepoint: 5238308 ns, Total: 5340910 ns
[1491.641s][info ][safepoint      ] Safepoint "Cleanup", Time since last: 17001037651 ns, Reaching safepoint: 43701 ns, At safepoint: 3400 ns, Total: 47101 ns
[1498.642s][info ][safepoint      ] Safepoint "Cleanup", Time since last: 7000522255 ns, Reaching safepoint: 117902 ns, At safepoint: 6001 ns, Total: 123903 ns
[1498.655s][info ][gc,start       ] GC(132) Pause Young (Allocation Failure)
[1498.661s][debug][gc,phases      ] GC(132) Scavenge 5.520ms
[1498.661s][debug][gc,ref         ] GC(132) Skipped phase 1 of Reference Processing: no references
[1498.661s][debug][gc,ref         ] GC(132) Skipped phase 3 of Reference Processing: no references
[1498.661s][debug][gc,phases      ] GC(132) Reference Processing 0.023ms
[1498.661s][debug][gc,phases      ] GC(132) Weak Processing 0.550ms
[1498.661s][debug][gc,age         ] GC(132) Desired survivor size 23068672 bytes, new threshold 15 (max threshold 15)
[1498.661s][info ][gc,heap        ] GC(132) PSYoungGen: 2065344K(2074624K)->16224K(2073600K) Eden: 2051072K(2051072K)->0K(2051072K) From: 14272K(23552K)->16224K(22528K)
[1498.661s][info ][gc,heap        ] GC(132) ParOldGen: 339345K(355328K)->339369K(355328K)
[1498.661s][info ][gc,metaspace   ] GC(132) Metaspace: 77825K(78528K)->77825K(78528K) NonClass: 67233K(67584K)->67233K(67584K) Class: 10591K(10944K)->10591K(10944K)
[1498.661s][info ][gc             ] GC(132) Pause Young (Allocation Failure) 2348M->347M(2372M) 6.235ms
[1498.661s][info ][gc,cpu         ] GC(132) User=0.02s Sys=0.00s Real=0.00s
[1498.661s][info ][safepoint      ] Safepoint "ParallelGCFailedAllocation", Time since last: 12214556 ns, Reaching safepoint: 738916 ns, At safepoint: 6357333 ns, Total: 7096249 ns
[1501.662s][info ][safepoint      ] Safepoint "Cleanup", Time since last: 3000238544 ns, Reaching safepoint: 59602 ns, At safepoint: 4600 ns, Total: 64202 ns
[1517.663s][info ][safepoint      ] Safepoint "Cleanup", Time since last: 16001152188 ns, Reaching safepoint: 60701 ns, At safepoint: 7200 ns, Total: 67901 ns
[1524.789s][info ][gc,start       ] GC(133) Pause Young (Allocation Failure)
[1524.794s][debug][gc,phases      ] GC(133) Scavenge 4.857ms
[1524.794s][debug][gc,ref         ] GC(133) Skipped phase 1 of Reference Processing: no references
[1524.794s][debug][gc,ref         ] GC(133) Skipped phase 3 of Reference Processing: no references
[1524.794s][debug][gc,phases      ] GC(133) Reference Processing 0.027ms
[1524.794s][debug][gc,phases      ] GC(133) Weak Processing 0.585ms
[1524.794s][debug][gc,age         ] GC(133) Desired survivor size 22544384 bytes, new threshold 15 (max threshold 15)
[1524.794s][info ][gc,heap        ] GC(133) PSYoungGen: 2067296K(2073600K)->15296K(2075136K) Eden: 2051072K(2051072K)->0K(2052608K) From: 16224K(22528K)->15296K(22528K)
[1524.794s][info ][gc,heap        ] GC(133) ParOldGen: 339369K(355328K)->339393K(355328K)
[1524.794s][info ][gc,metaspace   ] GC(133) Metaspace: 77830K(78528K)->77830K(78528K) NonClass: 67239K(67584K)->67239K(67584K) Class: 10591K(10944K)->10591K(10944K)
[1524.794s][info ][gc             ] GC(133) Pause Young (Allocation Failure) 2350M->346M(2373M) 5.611ms
[1524.794s][info ][gc,cpu         ] GC(133) User=0.02s Sys=0.00s Real=0.01s
[1524.794s][info ][safepoint      ] Safepoint "ParallelGCFailedAllocation", Time since last: 7125671133 ns, Reaching safepoint: 41801 ns, At safepoint: 5709819 ns, Total: 5751620 ns
[1525.795s][info ][safepoint      ] Safepoint "Cleanup", Time since last: 1000061001 ns, Reaching safepoint: 52702 ns, At safepoint: 9500 ns, Total: 62202 ns
[1526.795s][info ][safepoint      ] Safepoint "Cleanup", Time since last: 1000082401 ns, Reaching safepoint: 45401 ns, At safepoint: 2700 ns, Total: 48101 ns
[1533.795s][info ][safepoint      ] Safepoint "Cleanup", Time since last: 7000421487 ns, Reaching safepoint: 70502 ns, At safepoint: 4600 ns, Total: 75102 ns
[1536.795s][info ][safepoint      ] Safepoint "Cleanup", Time since last: 3000248787 ns, Reaching safepoint: 56501 ns, At safepoint: 8300 ns, Total: 64801 ns
[1542.796s][info ][safepoint      ] Safepoint "Cleanup", Time since last: 6000452055 ns, Reaching safepoint: 39701 ns, At safepoint: 2800 ns, Total: 42501 ns
[1550.771s][info ][gc,start       ] GC(134) Pause Young (Allocation Failure)
[1550.779s][debug][gc,phases      ] GC(134) Scavenge 8.535ms
[1550.779s][debug][gc,ref         ] GC(134) Skipped phase 1 of Reference Processing: no references
[1550.779s][debug][gc,ref         ] GC(134) Skipped phase 3 of Reference Processing: no references
[1550.779s][debug][gc,phases      ] GC(134) Reference Processing 0.030ms
[1550.780s][debug][gc,phases      ] GC(134) Weak Processing 0.926ms
[1550.780s][debug][gc,age         ] GC(134) Desired survivor size 22020096 bytes, new threshold 15 (max threshold 15)
[1550.780s][info ][gc,heap        ] GC(134) PSYoungGen: 2067904K(2075136K)->15456K(2074624K) Eden: 2052608K(2052608K)->0K(2052608K) From: 15296K(22528K)->15456K(22016K)
[1550.780s][info ][gc,heap        ] GC(134) ParOldGen: 339393K(355328K)->339417K(355328K)
[1550.780s][info ][gc,metaspace   ] GC(134) Metaspace: 77835K(78528K)->77835K(78528K) NonClass: 67243K(67584K)->67243K(67584K) Class: 10591K(10944K)->10591K(10944K)
[1550.780s][info ][gc             ] GC(134) Pause Young (Allocation Failure) 2350M->346M(2373M) 9.679ms
[1550.780s][info ][gc,cpu         ] GC(134) User=0.02s Sys=0.00s Real=0.01s
[1550.780s][info ][safepoint      ] Safepoint "ParallelGCFailedAllocation", Time since last: 7974462163 ns, Reaching safepoint: 112202 ns, At safepoint: 9803504 ns, Total: 9915706 ns
[1553.781s][info ][safepoint      ] Safepoint "Cleanup", Time since last: 3000222955 ns, Reaching safepoint: 58601 ns, At safepoint: 7700 ns, Total: 66301 ns
[1566.782s][info ][safepoint      ] Safepoint "Cleanup", Time since last: 13000969442 ns, Reaching safepoint: 81102 ns, At safepoint: 11300 ns, Total: 92402 ns
[1569.782s][info ][safepoint      ] Safepoint "Cleanup", Time since last: 3000217826 ns, Reaching safepoint: 89602 ns, At safepoint: 9400 ns, Total: 99002 ns
[1577.082s][info ][gc,start       ] GC(135) Pause Young (Allocation Failure)
[1577.090s][debug][gc,phases      ] GC(135) Scavenge 7.936ms
[1577.090s][debug][gc,ref         ] GC(135) Skipped phase 1 of Reference Processing: no references
[1577.090s][debug][gc,ref         ] GC(135) Skipped phase 3 of Reference Processing: no references
[1577.090s][debug][gc,phases      ] GC(135) Reference Processing 0.029ms
[1577.090s][debug][gc,phases      ] GC(135) Weak Processing 0.603ms
[1577.090s][debug][gc,age         ] GC(135) Desired survivor size 22020096 bytes, new threshold 15 (max threshold 15)
[1577.090s][info ][gc,heap        ] GC(135) PSYoungGen: 2068064K(2074624K)->15424K(2075648K) Eden: 2052608K(2052608K)->0K(2054144K) From: 15456K(22016K)->15424K(21504K)
[1577.090s][info ][gc,heap        ] GC(135) ParOldGen: 339417K(355328K)->339449K(355328K)
[1577.090s][info ][gc,metaspace   ] GC(135) Metaspace: 77838K(78528K)->77838K(78528K) NonClass: 67246K(67584K)->67246K(67584K) Class: 10591K(10944K)->10591K(10944K)
[1577.090s][info ][gc             ] GC(135) Pause Young (Allocation Failure) 2351M->346M(2374M) 8.729ms
[1577.090s][info ][gc,cpu         ] GC(135) User=0.02s Sys=0.00s Real=0.01s
[1577.090s][info ][safepoint      ] Safepoint "ParallelGCFailedAllocation", Time since last: 7299525517 ns, Reaching safepoint: 40001 ns, At safepoint: 8822283 ns, Total: 8862284 ns
[1579.091s][info ][safepoint      ] Safepoint "Cleanup", Time since last: 2000191941 ns, Reaching safepoint: 54901 ns, At safepoint: 8000 ns, Total: 62901 ns
[1580.091s][info ][safepoint      ] Safepoint "Cleanup", Time since last: 1000110470 ns, Reaching safepoint: 59901 ns, At safepoint: 3500 ns, Total: 63401 ns
[1584.091s][info ][safepoint      ] Safepoint "Cleanup", Time since last: 4000260669 ns, Reaching safepoint: 67401 ns, At safepoint: 15400 ns, Total: 82801 ns
[1586.091s][info ][safepoint      ] Safepoint "Cleanup", Time since last: 2000176132 ns, Reaching safepoint: 45201 ns, At safepoint: 2700 ns, Total: 47901 ns
[1590.092s][info ][safepoint      ] Safepoint "Cleanup", Time since last: 4000300156 ns, Reaching safepoint: 50602 ns, At safepoint: 32800 ns, Total: 83402 ns
[1592.092s][info ][safepoint      ] Safepoint "Cleanup", Time since last: 2000156125 ns, Reaching safepoint: 44801 ns, At safepoint: 2700 ns, Total: 47501 ns
[1604.719s][info ][gc,start       ] GC(136) Pause Young (Allocation Failure)
[1604.724s][debug][gc,phases      ] GC(136) Scavenge 4.368ms
[1604.724s][debug][gc,ref         ] GC(136) Skipped phase 1 of Reference Processing: no references
[1604.724s][debug][gc,ref         ] GC(136) Skipped phase 3 of Reference Processing: no references
[1604.724s][debug][gc,phases      ] GC(136) Reference Processing 0.023ms
[1604.724s][debug][gc,phases      ] GC(136) Weak Processing 0.566ms
[1604.724s][debug][gc,age         ] GC(136) Desired survivor size 21495808 bytes, new threshold 15 (max threshold 15)
[1604.724s][info ][gc,heap        ] GC(136) PSYoungGen: 2069568K(2075648K)->15264K(2075648K) Eden: 2054144K(2054144K)->0K(2054144K) From: 15424K(21504K)->15264K(21504K)
[1604.724s][info ][gc,heap        ] GC(136) ParOldGen: 339449K(355328K)->339465K(355328K)
[1604.724s][info ][gc,metaspace   ] GC(136) Metaspace: 77844K(78528K)->77844K(78528K) NonClass: 67252K(67584K)->67252K(67584K) Class: 10591K(10944K)->10591K(10944K)
[1604.724s][info ][gc             ] GC(136) Pause Young (Allocation Failure) 2352M->346M(2374M) 5.121ms
[1604.724s][info ][gc,cpu         ] GC(136) User=0.02s Sys=0.00s Real=0.01s
[1604.724s][info ][safepoint      ] Safepoint "ParallelGCFailedAllocation", Time since last: 12627170098 ns, Reaching safepoint: 121103 ns, At safepoint: 5208508 ns, Total: 5329611 ns
[1605.725s][info ][safepoint      ] Safepoint "Cleanup", Time since last: 1000089855 ns, Reaching safepoint: 49401 ns, At safepoint: 3900 ns, Total: 53301 ns
[1623.726s][info ][safepoint      ] Safepoint "Cleanup", Time since last: 18001129085 ns, Reaching safepoint: 40500 ns, At safepoint: 2601 ns, Total: 43101 ns
[1627.726s][info ][safepoint      ] Safepoint "Cleanup", Time since last: 4000299374 ns, Reaching safepoint: 48701 ns, At safepoint: 4100 ns, Total: 52801 ns
[1628.900s][info ][gc,start       ] GC(137) Pause Young (Allocation Failure)
[1628.906s][debug][gc,phases      ] GC(137) Scavenge 6.487ms
[1628.906s][debug][gc,ref         ] GC(137) Skipped phase 1 of Reference Processing: no references
[1628.906s][debug][gc,ref         ] GC(137) Skipped phase 3 of Reference Processing: no references
[1628.906s][debug][gc,phases      ] GC(137) Reference Processing 0.028ms
[1628.907s][debug][gc,phases      ] GC(137) Weak Processing 0.657ms
[1628.907s][debug][gc,age         ] GC(137) Desired survivor size 20971520 bytes, new threshold 15 (max threshold 15)
[1628.907s][info ][gc,heap        ] GC(137) PSYoungGen: 2069408K(2075648K)->15232K(2076672K) Eden: 2054144K(2054144K)->0K(2055680K) From: 15264K(21504K)->15232K(20992K)
[1628.907s][info ][gc,heap        ] GC(137) ParOldGen: 339465K(355328K)->339481K(355328K)
[1628.907s][info ][gc,metaspace   ] GC(137) Metaspace: 77846K(78528K)->77846K(78528K) NonClass: 67254K(67584K)->67254K(67584K) Class: 10591K(10944K)->10591K(10944K)
[1628.907s][info ][gc             ] GC(137) Pause Young (Allocation Failure) 2352M->346M(2375M) 7.314ms
[1628.907s][info ][gc,cpu         ] GC(137) User=0.02s Sys=0.00s Real=0.01s
[1628.907s][info ][safepoint      ] Safepoint "ParallelGCFailedAllocation", Time since last: 1173303235 ns, Reaching safepoint: 35701 ns, At safepoint: 7411153 ns, Total: 7446854 ns
[1647.908s][info ][safepoint      ] Safepoint "Cleanup", Time since last: 19001408103 ns, Reaching safepoint: 44901 ns, At safepoint: 3300 ns, Total: 48201 ns
[1657.334s][info ][gc,start       ] GC(138) Pause Young (Allocation Failure)
[1657.338s][debug][gc,phases      ] GC(138) Scavenge 3.861ms
[1657.338s][debug][gc,ref         ] GC(138) Skipped phase 1 of Reference Processing: no references
[1657.338s][debug][gc,ref         ] GC(138) Skipped phase 2 of Reference Processing: no references
[1657.338s][debug][gc,ref         ] GC(138) Skipped phase 3 of Reference Processing: no references
[1657.338s][debug][gc,ref         ] GC(138) Skipped phase 4 of Reference Processing: no references
[1657.338s][debug][gc,phases      ] GC(138) Reference Processing 0.029ms
[1657.339s][debug][gc,phases      ] GC(138) Weak Processing 0.589ms
[1657.339s][debug][gc,age         ] GC(138) Desired survivor size 20447232 bytes, new threshold 15 (max threshold 15)
[1657.339s][info ][gc,heap        ] GC(138) PSYoungGen: 2070912K(2076672K)->15104K(2076160K) Eden: 2055680K(2055680K)->0K(2055680K) From: 15232K(20992K)->15104K(20480K)
[1657.339s][info ][gc,heap        ] GC(138) ParOldGen: 339481K(355328K)->339513K(355328K)
[1657.339s][info ][gc,metaspace   ] GC(138) Metaspace: 77850K(78528K)->77850K(78528K) NonClass: 67258K(67584K)->67258K(67584K) Class: 10591K(10944K)->10591K(10944K)
[1657.339s][info ][gc             ] GC(138) Pause Young (Allocation Failure) 2353M->346M(2374M) 4.637ms
[1657.339s][info ][gc,cpu         ] GC(138) User=0.02s Sys=0.00s Real=0.00s
[1657.339s][info ][safepoint      ] Safepoint "ParallelGCFailedAllocation", Time since last: 9426040386 ns, Reaching safepoint: 53201 ns, At safepoint: 4744999 ns, Total: 4798200 ns
[1676.340s][info ][safepoint      ] Safepoint "Cleanup", Time since last: 19001210630 ns, Reaching safepoint: 46601 ns, At safepoint: 8800 ns, Total: 55401 ns
[1678.341s][info ][safepoint      ] Safepoint "Cleanup", Time since last: 2000166136 ns, Reaching safepoint: 38301 ns, At safepoint: 3200 ns, Total: 41501 ns
[1685.957s][info ][gc,start       ] GC(139) Pause Young (Allocation Failure)
[1685.963s][debug][gc,phases      ] GC(139) Scavenge 5.304ms
[1685.963s][debug][gc,ref         ] GC(139) Skipped phase 1 of Reference Processing: no references
[1685.963s][debug][gc,ref         ] GC(139) Skipped phase 2 of Reference Processing: no references
[1685.963s][debug][gc,ref         ] GC(139) Skipped phase 3 of Reference Processing: no references
[1685.963s][debug][gc,ref         ] GC(139) Skipped phase 4 of Reference Processing: no references
[1685.963s][debug][gc,phases      ] GC(139) Reference Processing 0.024ms
[1685.964s][debug][gc,phases      ] GC(139) Weak Processing 0.706ms
[1685.964s][debug][gc,age         ] GC(139) Desired survivor size 19922944 bytes, new threshold 15 (max threshold 15)
[1685.964s][info ][gc,heap        ] GC(139) PSYoungGen: 2070784K(2076160K)->15104K(2077696K) Eden: 2055680K(2055680K)->0K(2057728K) From: 15104K(20480K)->15104K(19968K)
[1685.964s][info ][gc,heap        ] GC(139) ParOldGen: 339513K(355328K)->339545K(355328K)
[1685.964s][info ][gc,metaspace   ] GC(139) Metaspace: 77854K(78592K)->77854K(78592K) NonClass: 67262K(67648K)->67262K(67648K) Class: 10591K(10944K)->10591K(10944K)
[1685.964s][info ][gc             ] GC(139) Pause Young (Allocation Failure) 2353M->346M(2376M) 6.198ms
[1685.964s][info ][gc,cpu         ] GC(139) User=0.02s Sys=0.00s Real=0.01s
[1685.964s][info ][safepoint      ] Safepoint "ParallelGCFailedAllocation", Time since last: 7616656972 ns, Reaching safepoint: 41601 ns, At safepoint: 6296630 ns, Total: 6338231 ns
[1686.964s][info ][safepoint      ] Safepoint "Cleanup", Time since last: 1000091914 ns, Reaching safepoint: 117702 ns, At safepoint: 15301 ns, Total: 133003 ns
[1717.933s][info ][gc,start       ] GC(140) Pause Young (Allocation Failure)
[1717.935s][debug][gc,phases      ] GC(140) Scavenge 2.027ms
[1717.935s][debug][gc,ref         ] GC(140) Skipped phase 1 of Reference Processing: no references
[1717.935s][debug][gc,ref         ] GC(140) Skipped phase 3 of Reference Processing: no references
[1717.935s][debug][gc,phases      ] GC(140) Reference Processing 0.035ms
[1717.935s][debug][gc,phases      ] GC(140) Weak Processing 0.496ms
[1717.935s][debug][gc,age         ] GC(140) Desired survivor size 22020096 bytes, new threshold 15 (max threshold 15)
[1717.935s][info ][gc,heap        ] GC(140) PSYoungGen: 2072832K(2077696K)->1984K(2059776K) Eden: 2057728K(2057728K)->0K(2057728K) From: 15104K(19968K)->1984K(2048K)
[1717.935s][info ][gc,heap        ] GC(140) ParOldGen: 339545K(355328K)->339569K(355328K)
[1717.935s][info ][gc,metaspace   ] GC(140) Metaspace: 77861K(78592K)->77861K(78592K) NonClass: 67269K(67648K)->67269K(67648K) Class: 10591K(10944K)->10591K(10944K)
[1717.935s][info ][gc             ] GC(140) Pause Young (Allocation Failure) 2355M->333M(2358M) 2.664ms
[1717.935s][info ][gc,cpu         ] GC(140) User=0.01s Sys=0.00s Real=0.00s
[1717.935s][info ][safepoint      ] Safepoint "ParallelGCFailedAllocation", Time since last: 30968768400 ns, Reaching safepoint: 45501 ns, At safepoint: 2763157 ns, Total: 2808658 ns
[1725.936s][info ][safepoint      ] Safepoint "Cleanup", Time since last: 8000546780 ns, Reaching safepoint: 53201 ns, At safepoint: 11300 ns, Total: 64501 ns
[1753.523s][info ][gc,start       ] GC(141) Pause Young (Allocation Failure)
[1753.525s][debug][gc,phases      ] GC(141) Scavenge 2.132ms
[1753.525s][debug][gc,ref         ] GC(141) Skipped phase 1 of Reference Processing: no references
[1753.525s][debug][gc,ref         ] GC(141) Skipped phase 3 of Reference Processing: no references
[1753.525s][debug][gc,phases      ] GC(141) Reference Processing 0.020ms
[1753.525s][debug][gc,phases      ] GC(141) Weak Processing 0.531ms
[1753.525s][debug][gc,age         ] GC(141) Desired survivor size 23068672 bytes, new threshold 15 (max threshold 15)
[1753.525s][info ][gc,heap        ] GC(141) PSYoungGen: 2059712K(2059776K)->1984K(2073600K) Eden: 2057728K(2057728K)->0K(2052096K) From: 1984K(2048K)->1984K(21504K)
[1753.525s][info ][gc,heap        ] GC(141) ParOldGen: 339569K(355328K)->339593K(355328K)
[1753.525s][info ][gc,metaspace   ] GC(141) Metaspace: 77866K(78592K)->77866K(78592K) NonClass: 67274K(67648K)->67274K(67648K) Class: 10591K(10944K)->10591K(10944K)
[1753.525s][info ][gc             ] GC(141) Pause Young (Allocation Failure) 2343M->333M(2372M) 2.808ms
[1753.525s][info ][gc,cpu         ] GC(141) User=0.01s Sys=0.00s Real=0.01s
[1753.525s][info ][safepoint      ] Safepoint "ParallelGCFailedAllocation", Time since last: 27586485724 ns, Reaching safepoint: 28100 ns, At safepoint: 2922561 ns, Total: 2950661 ns
[1754.526s][info ][safepoint      ] Safepoint "Cleanup", Time since last: 1000035683 ns, Reaching safepoint: 60001 ns, At safepoint: 3100 ns, Total: 63101 ns
[1755.526s][info ][safepoint      ] Safepoint "Cleanup", Time since last: 1000111385 ns, Reaching safepoint: 117902 ns, At safepoint: 11201 ns, Total: 129103 ns
[1756.526s][info ][safepoint      ] Safepoint "Cleanup", Time since last: 1000104584 ns, Reaching safepoint: 47500 ns, At safepoint: 7801 ns, Total: 55301 ns
[1765.527s][info ][safepoint      ] Safepoint "Cleanup", Time since last: 9000579629 ns, Reaching safepoint: 54102 ns, At safepoint: 4000 ns, Total: 58102 ns
[1767.527s][info ][safepoint      ] Safepoint "Cleanup", Time since last: 2000171958 ns, Reaching safepoint: 41201 ns, At safepoint: 3200 ns, Total: 44401 ns
[1779.832s][info ][gc,start       ] GC(142) Pause Young (Allocation Failure)
[1779.837s][debug][gc,phases      ] GC(142) Scavenge 4.716ms
[1779.837s][debug][gc,ref         ] GC(142) Skipped phase 1 of Reference Processing: no references
[1779.837s][debug][gc,ref         ] GC(142) Skipped phase 3 of Reference Processing: no references
[1779.837s][debug][gc,phases      ] GC(142) Reference Processing 0.023ms
[1779.838s][debug][gc,phases      ] GC(142) Weak Processing 0.616ms
[1779.838s][debug][gc,age         ] GC(142) Desired survivor size 22544384 bytes, new threshold 15 (max threshold 15)
[1779.838s][info ][gc,heap        ] GC(142) PSYoungGen: 2054080K(2073600K)->13632K(2074624K) Eden: 2052096K(2052096K)->0K(2052096K) From: 1984K(21504K)->13632K(22528K)
[1779.838s][info ][gc,heap        ] GC(142) ParOldGen: 339593K(355328K)->339601K(355328K)
[1779.838s][info ][gc,metaspace   ] GC(142) Metaspace: 77882K(78592K)->77882K(78592K) NonClass: 67290K(67648K)->67290K(67648K) Class: 10591K(10944K)->10591K(10944K)
[1779.838s][info ][gc             ] GC(142) Pause Young (Allocation Failure) 2337M->344M(2373M) 5.517ms
[1779.838s][info ][gc,cpu         ] GC(142) User=0.02s Sys=0.00s Real=0.00s
[1779.838s][info ][safepoint      ] Safepoint "ParallelGCFailedAllocation", Time since last: 12305535714 ns, Reaching safepoint: 45301 ns, At safepoint: 5614916 ns, Total: 5660217 ns
[1783.838s][info ][safepoint      ] Safepoint "Cleanup", Time since last: 4000276292 ns, Reaching safepoint: 40901 ns, At safepoint: 3000 ns, Total: 43901 ns
[1792.839s][info ][safepoint      ] Safepoint "Cleanup", Time since last: 9000705736 ns, Reaching safepoint: 57301 ns, At safepoint: 7600 ns, Total: 64901 ns
[1802.840s][info ][safepoint      ] Safepoint "Cleanup", Time since last: 10000658869 ns, Reaching safepoint: 57501 ns, At safepoint: 5600 ns, Total: 63101 ns
[1807.840s][info ][safepoint      ] Safepoint "Cleanup", Time since last: 5000359321 ns, Reaching safepoint: 43501 ns, At safepoint: 28700 ns, Total: 72201 ns
[1807.884s][info ][gc,start       ] GC(143) Pause Young (Allocation Failure)
[1807.889s][debug][gc,phases      ] GC(143) Scavenge 4.594ms
[1807.889s][debug][gc,ref         ] GC(143) Skipped phase 1 of Reference Processing: no references
[1807.889s][debug][gc,ref         ] GC(143) Skipped phase 3 of Reference Processing: no references
[1807.889s][debug][gc,phases      ] GC(143) Reference Processing 0.041ms
[1807.889s][debug][gc,phases      ] GC(143) Weak Processing 0.592ms
[1807.889s][debug][gc,age         ] GC(143) Desired survivor size 22544384 bytes, new threshold 15 (max threshold 15)
[1807.889s][info ][gc,heap        ] GC(143) PSYoungGen: 2065728K(2074624K)->15520K(2075136K) Eden: 2052096K(2052096K)->0K(2053120K) From: 13632K(22528K)->15520K(22016K)
[1807.889s][info ][gc,heap        ] GC(143) ParOldGen: 339601K(355328K)->339625K(355328K)
[1807.889s][info ][gc,metaspace   ] GC(143) Metaspace: 77882K(78592K)->77882K(78592K) NonClass: 67291K(67648K)->67291K(67648K) Class: 10591K(10944K)->10591K(10944K)
[1807.889s][info ][gc             ] GC(143) Pause Young (Allocation Failure) 2348M->346M(2373M) 5.364ms
[1807.889s][info ][gc,cpu         ] GC(143) User=0.02s Sys=0.00s Real=0.00s
[1807.889s][info ][safepoint      ] Safepoint "ParallelGCFailedAllocation", Time since last: 43659102 ns, Reaching safepoint: 46901 ns, At safepoint: 5457113 ns, Total: 5504014 ns
[1814.890s][info ][safepoint      ] Safepoint "Cleanup", Time since last: 7000450033 ns, Reaching safepoint: 56501 ns, At safepoint: 8500 ns, Total: 65001 ns
[1815.890s][info ][safepoint      ] Safepoint "Cleanup", Time since last: 1000106761 ns, Reaching safepoint: 68502 ns, At safepoint: 8100 ns, Total: 76602 ns
[1816.890s][info ][safepoint      ] Safepoint "Cleanup", Time since last: 1000093660 ns, Reaching safepoint: 44501 ns, At safepoint: 3300 ns, Total: 47801 ns
[1818.890s][info ][safepoint      ] Safepoint "Cleanup", Time since last: 2000133919 ns, Reaching safepoint: 45301 ns, At safepoint: 2800 ns, Total: 48101 ns
[1878.894s][info ][safepoint      ] Safepoint "Cleanup", Time since last: 60003799023 ns, Reaching safepoint: 63501 ns, At safepoint: 3600 ns, Total: 67101 ns
[1892.896s][info ][safepoint      ] Safepoint "Cleanup", Time since last: 14001120516 ns, Reaching safepoint: 59502 ns, At safepoint: 2400 ns, Total: 61902 ns
[1895.896s][info ][safepoint      ] Safepoint "Cleanup", Time since last: 3000233402 ns, Reaching safepoint: 50401 ns, At safepoint: 5500 ns, Total: 55901 ns
[1906.161s][info ][gc,start       ] GC(144) Pause Young (Allocation Failure)
[1906.164s][debug][gc,phases      ] GC(144) Scavenge 2.585ms
[1906.164s][debug][gc,ref         ] GC(144) Skipped phase 1 of Reference Processing: no references
[1906.164s][debug][gc,ref         ] GC(144) Skipped phase 3 of Reference Processing: no references
[1906.164s][debug][gc,phases      ] GC(144) Reference Processing 0.041ms
[1906.164s][debug][gc,phases      ] GC(144) Weak Processing 0.530ms
[1906.164s][debug][gc,age         ] GC(144) Desired survivor size 23592960 bytes, new threshold 15 (max threshold 15)
[1906.164s][info ][gc,heap        ] GC(144) PSYoungGen: 2068640K(2075136K)->1856K(2055168K) Eden: 2053120K(2053120K)->0K(2053120K) From: 15520K(22016K)->1856K(2048K)
[1906.164s][info ][gc,heap        ] GC(144) ParOldGen: 339625K(355328K)->339657K(355328K)
[1906.164s][info ][gc,metaspace   ] GC(144) Metaspace: 77894K(78656K)->77894K(78656K) NonClass: 67302K(67712K)->67302K(67712K) Class: 10591K(10944K)->10591K(10944K)
[1906.164s][info ][gc             ] GC(144) Pause Young (Allocation Failure) 2351M->333M(2354M) 3.283ms
[1906.164s][info ][gc,cpu         ] GC(144) User=0.01s Sys=0.00s Real=0.01s
[1906.164s][info ][safepoint      ] Safepoint "ParallelGCFailedAllocation", Time since last: 10265127775 ns, Reaching safepoint: 45301 ns, At safepoint: 3375670 ns, Total: 3420971 ns
[2043.291s][info ][gc,start       ] GC(145) Pause Young (Allocation Failure)
[2043.295s][debug][gc,phases      ] GC(145) Scavenge 3.954ms
[2043.295s][debug][gc,ref         ] GC(145) Skipped phase 1 of Reference Processing: no references
[2043.295s][debug][gc,ref         ] GC(145) Skipped phase 2 of Reference Processing: no references
[2043.295s][debug][gc,ref         ] GC(145) Skipped phase 3 of Reference Processing: no references
[2043.295s][debug][gc,ref         ] GC(145) Skipped phase 4 of Reference Processing: no references
[2043.295s][debug][gc,phases      ] GC(145) Reference Processing 0.028ms
[2043.296s][debug][gc,phases      ] GC(145) Weak Processing 0.679ms
[2043.296s][debug][gc,age         ] GC(145) Desired survivor size 24117248 bytes, new threshold 15 (max threshold 15)
[2043.296s][info ][gc,heap        ] GC(145) PSYoungGen: 2054976K(2055168K)->1856K(2073088K) Eden: 2053120K(2053120K)->0K(2050048K) From: 1856K(2048K)->1856K(23040K)
[2043.296s][info ][gc,heap        ] GC(145) ParOldGen: 339657K(355328K)->339681K(355328K)
[2043.296s][info ][gc,metaspace   ] GC(145) Metaspace: 77894K(78656K)->77894K(78656K) NonClass: 67302K(67712K)->67302K(67712K) Class: 10591K(10944K)->10591K(10944K)
[2043.296s][info ][gc             ] GC(145) Pause Young (Allocation Failure) 2338M->333M(2371M) 4.805ms
[2043.296s][info ][gc,cpu         ] GC(145) User=0.01s Sys=0.00s Real=0.00s
[2043.296s][info ][safepoint      ] Safepoint "ParallelGCFailedAllocation", Time since last: 137126802969 ns, Reaching safepoint: 44601 ns, At safepoint: 4933403 ns, Total: 4978004 ns
[2118.029s][info ][gc,heap,exit   ] Heap
[2118.029s][info ][gc,heap,exit   ]  PSYoungGen      total 2073088K, used 1168028K [0x0000000780000000, 0x0000000800000000, 0x0000000800000000)
[2118.029s][info ][gc,heap,exit   ]   eden space 2050048K, 56% used [0x0000000780000000,0x00000007c72d71e8,0x00000007fd200000)
[2118.029s][info ][gc,heap,exit   ]   from space 23040K, 8% used [0x00000007fe980000,0x00000007feb500a8,0x0000000800000000)
[2118.029s][info ][gc,heap,exit   ]   to   space 23552K, 0% used [0x00000007fd200000,0x00000007fd200000,0x00000007fe900000)
[2118.029s][info ][gc,heap,exit   ]  ParOldGen       total 355328K, used 339681K [0x0000000740000000, 0x0000000755b00000, 0x0000000780000000)
[2118.029s][info ][gc,heap,exit   ]   object space 355328K, 95% used [0x0000000740000000,0x0000000754bb8408,0x0000000755b00000)
[2118.029s][info ][gc,heap,exit   ]  Metaspace       used 77925K, committed 78656K, reserved 1122304K
[2118.029s][info ][gc,heap,exit   ]   class space    used 10594K, committed 10944K, reserved 1048576K
