[0.003s][info][gc] Using Parallel
[0.004s][info][gc,init] Version: 16.0.2+7 (release)
[0.004s][info][gc,init] CPUs: 8 total, 8 available
[0.004s][info][gc,init] Memory: 32117M
[0.004s][info][gc,init] Large Page Support: Disabled
[0.004s][info][gc,init] NUMA Support: Disabled
[0.004s][info][gc,init] Compressed Oops: Enabled (Zero based)
[0.004s][info][gc,init] Alignments: Space 512K, Generation 512K, Heap 2M
[0.004s][info][gc,init] Heap Min Capacity: 2054M
[0.004s][info][gc,init] Heap Initial Capacity: 2054M
[0.004s][info][gc,init] Heap Max Capacity: 3G
[0.004s][info][gc,init] Pre-touch: Disabled
[0.004s][info][gc,init] Parallel Workers: 4
[0.004s][info][gc,metaspace] CDS disabled.
[0.004s][info][gc,metaspace] Compressed class space mapped at: 0x0000000800000000-0x0000000840000000, reserved size: 1073741824
[0.004s][info][gc,metaspace] Narrow klass base: 0x0000000800000000, Narrow klass shift: 0, Narrow klass range: 0x40000000
[0.472s][info][safepoint   ] Safepoint "ICBufferFull", Time since last: 446970331 ns, Reaching safepoint: 125103 ns, At safepoint: 4500 ns, Total: 129603 ns
[0.729s][info][gc,start    ] GC(0) Pause Young (Metadata GC Threshold)
[0.734s][debug][gc,phases   ] GC(0) Scavenge 4.590ms
[0.734s][debug][gc,ref      ] GC(0) Skipped phase 1 of Reference Processing: no references
[0.734s][debug][gc,ref      ] GC(0) Skipped phase 3 of Reference Processing: no references
[0.734s][debug][gc,phases   ] GC(0) Reference Processing 0.103ms
[0.734s][debug][gc,phases   ] GC(0) Weak Processing 0.260ms
[0.734s][debug][gc,age      ] GC(0) Desired survivor size 536870912 bytes, new threshold 7 (max threshold 15)
[0.734s][info ][gc,heap     ] GC(0) PSYoungGen: 178013K(1572864K)->18084K(1572864K) Eden: 178013K(1048576K)->0K(1048576K) From: 0K(524288K)->18084K(524288K)
[0.734s][info ][gc,heap     ] GC(0) ParOldGen: 0K(6144K)->80K(6144K)
[0.734s][info ][gc,metaspace] GC(0) Metaspace: 20984K(21248K)->20984K(21248K) NonClass: 18619K(18752K)->18619K(18752K) Class: 2365K(2496K)->2365K(2496K)
[0.734s][info ][gc          ] GC(0) Pause Young (Metadata GC Threshold) 173M->17M(1542M) 5.292ms
[0.734s][info ][gc,cpu      ] GC(0) User=0.01s Sys=0.02s Real=0.01s
[0.734s][debug][gc,phases   ] GC(1) Pre Compact 0.010ms
[0.734s][info ][gc,start    ] GC(1) Pause Full (Metadata GC Threshold)
[0.734s][info ][gc,phases,start] GC(1) Marking Phase
[0.738s][debug][gc,phases      ] GC(1) Par Mark 3.025ms
[0.738s][debug][gc,ref         ] GC(1) Skipped phase 1 of Reference Processing: no references
[0.738s][debug][gc,ref         ] GC(1) Skipped phase 3 of Reference Processing: no references
[0.738s][debug][gc,phases      ] GC(1) Reference Processing 0.030ms
[0.738s][debug][gc,phases      ] GC(1) Weak Processing 0.093ms
[0.738s][debug][gc,phases      ] GC(1) ClassLoaderData 0.009ms
[0.738s][debug][gc,phases      ] GC(1) Trigger cleanups 0.000ms
[0.739s][debug][gc,phases      ] GC(1) Class Unloading 1.517ms
[0.739s][info ][gc,phases      ] GC(1) Marking Phase 4.778ms
[0.739s][info ][gc,phases,start] GC(1) Summary Phase
[0.739s][info ][gc,phases      ] GC(1) Summary Phase 0.005ms
[0.739s][info ][gc,phases,start] GC(1) Adjust Roots
[0.742s][info ][gc,phases      ] GC(1) Adjust Roots 2.316ms
[0.742s][info ][gc,phases,start] GC(1) Compaction Phase
[0.747s][info ][gc,phases      ] GC(1) Compaction Phase 5.468ms
[0.747s][info ][gc,phases,start] GC(1) Post Compact
[0.747s][info ][gc,phases      ] GC(1) Post Compact 0.395ms
[0.747s][info ][gc,heap        ] GC(1) PSYoungGen: 18084K(1572864K)->12393K(1572864K) Eden: 0K(1048576K)->0K(1048576K) From: 18084K(524288K)->12393K(524288K)
[0.747s][info ][gc,heap        ] GC(1) ParOldGen: 80K(6144K)->5682K(6144K)
[0.748s][info ][gc,metaspace   ] GC(1) Metaspace: 20984K(21248K)->20984K(21248K) NonClass: 18619K(18752K)->18619K(18752K) Class: 2365K(2496K)->2365K(2496K)
[0.748s][info ][gc             ] GC(1) Pause Full (Metadata GC Threshold) 17M->17M(1542M) 13.058ms
[0.748s][info ][gc,cpu         ] GC(1) User=0.05s Sys=0.00s Real=0.01s
[0.748s][info ][safepoint      ] Safepoint "CollectForMetadataAllocation", Time since last: 256720034 ns, Reaching safepoint: 97602 ns, At safepoint: 18450227 ns, Total: 18547829 ns
[0.932s][info ][safepoint      ] Safepoint "ICBufferFull", Time since last: 183925551 ns, Reaching safepoint: 60601 ns, At safepoint: 4601 ns, Total: 65202 ns
[0.942s][info ][safepoint      ] Safepoint "ICBufferFull", Time since last: 10392540 ns, Reaching safepoint: 47601 ns, At safepoint: 2000 ns, Total: 49601 ns
[0.949s][info ][safepoint      ] Safepoint "ICBufferFull", Time since last: 7407571 ns, Reaching safepoint: 58602 ns, At safepoint: 6800 ns, Total: 65402 ns
[0.965s][info ][safepoint      ] Safepoint "ICBufferFull", Time since last: 15773464 ns, Reaching safepoint: 49101 ns, At safepoint: 2001 ns, Total: 51102 ns
[0.970s][info ][safepoint      ] Safepoint "ICBufferFull", Time since last: 4488903 ns, Reaching safepoint: 30401 ns, At safepoint: 2700 ns, Total: 33101 ns
[0.975s][info ][safepoint      ] Safepoint "ICBufferFull", Time since last: 4970115 ns, Reaching safepoint: 59501 ns, At safepoint: 6400 ns, Total: 65901 ns
[0.979s][info ][safepoint      ] Safepoint "ICBufferFull", Time since last: 4336801 ns, Reaching safepoint: 43301 ns, At safepoint: 4700 ns, Total: 48001 ns
[0.984s][info ][safepoint      ] Safepoint "ICBufferFull", Time since last: 4645407 ns, Reaching safepoint: 40401 ns, At safepoint: 7200 ns, Total: 47601 ns
[0.988s][info ][safepoint      ] Safepoint "ICBufferFull", Time since last: 4284999 ns, Reaching safepoint: 90102 ns, At safepoint: 6701 ns, Total: 96803 ns
[0.996s][info ][safepoint      ] Safepoint "ICBufferFull", Time since last: 7257267 ns, Reaching safepoint: 53902 ns, At safepoint: 4400 ns, Total: 58302 ns
[0.996s][info ][safepoint      ] Safepoint "ICBufferFull", Time since last: 545012 ns, Reaching safepoint: 17501 ns, At safepoint: 1200 ns, Total: 18701 ns
[0.997s][info ][safepoint      ] Safepoint "ICBufferFull", Time since last: 568213 ns, Reaching safepoint: 85902 ns, At safepoint: 4400 ns, Total: 90302 ns
[1.072s][info ][safepoint      ] Safepoint "ICBufferFull", Time since last: 74690026 ns, Reaching safepoint: 101203 ns, At safepoint: 2300 ns, Total: 103503 ns
[1.073s][info ][safepoint      ] Safepoint "ICBufferFull", Time since last: 1524735 ns, Reaching safepoint: 39401 ns, At safepoint: 5200 ns, Total: 44601 ns
[1.074s][info ][safepoint      ] Safepoint "ICBufferFull", Time since last: 893021 ns, Reaching safepoint: 40201 ns, At safepoint: 2400 ns, Total: 42601 ns
[1.075s][info ][safepoint      ] Safepoint "ICBufferFull", Time since last: 1090425 ns, Reaching safepoint: 20400 ns, At safepoint: 7301 ns, Total: 27701 ns
[1.076s][info ][safepoint      ] Safepoint "ICBufferFull", Time since last: 1118025 ns, Reaching safepoint: 54202 ns, At safepoint: 6100 ns, Total: 60302 ns
[1.077s][info ][safepoint      ] Safepoint "ICBufferFull", Time since last: 931821 ns, Reaching safepoint: 94003 ns, At safepoint: 6700 ns, Total: 100703 ns
[1.079s][info ][safepoint      ] Safepoint "ICBufferFull", Time since last: 1180727 ns, Reaching safepoint: 97302 ns, At safepoint: 6100 ns, Total: 103402 ns
[1.080s][info ][safepoint      ] Safepoint "ICBufferFull", Time since last: 827020 ns, Reaching safepoint: 17100 ns, At safepoint: 1200 ns, Total: 18300 ns
[1.081s][info ][safepoint      ] Safepoint "ICBufferFull", Time since last: 1072725 ns, Reaching safepoint: 26400 ns, At safepoint: 5901 ns, Total: 32301 ns
[1.082s][info ][safepoint      ] Safepoint "ICBufferFull", Time since last: 897120 ns, Reaching safepoint: 43101 ns, At safepoint: 1700 ns, Total: 44801 ns
[1.083s][info ][safepoint      ] Safepoint "ICBufferFull", Time since last: 1108026 ns, Reaching safepoint: 21800 ns, At safepoint: 5801 ns, Total: 27601 ns
[1.084s][info ][safepoint      ] Safepoint "ICBufferFull", Time since last: 1199927 ns, Reaching safepoint: 22001 ns, At safepoint: 1500 ns, Total: 23501 ns
[1.085s][info ][safepoint      ] Safepoint "ICBufferFull", Time since last: 1349731 ns, Reaching safepoint: 33601 ns, At safepoint: 1400 ns, Total: 35001 ns
[1.086s][info ][safepoint      ] Safepoint "ICBufferFull", Time since last: 536612 ns, Reaching safepoint: 169604 ns, At safepoint: 9000 ns, Total: 178604 ns
[1.089s][info ][safepoint      ] Safepoint "ICBufferFull", Time since last: 2295253 ns, Reaching safepoint: 113903 ns, At safepoint: 9700 ns, Total: 123603 ns
[1.097s][info ][safepoint      ] Safepoint "ICBufferFull", Time since last: 8747502 ns, Reaching safepoint: 139404 ns, At safepoint: 7400 ns, Total: 146804 ns
[1.102s][info ][safepoint      ] Safepoint "ICBufferFull", Time since last: 3955691 ns, Reaching safepoint: 321508 ns, At safepoint: 11000 ns, Total: 332508 ns
[1.128s][info ][safepoint      ] Safepoint "ICBufferFull", Time since last: 26189505 ns, Reaching safepoint: 84502 ns, At safepoint: 2600 ns, Total: 87102 ns
[1.133s][info ][safepoint      ] Safepoint "ICBufferFull", Time since last: 5036117 ns, Reaching safepoint: 106302 ns, At safepoint: 8800 ns, Total: 115102 ns
[1.174s][info ][safepoint      ] Safepoint "ICBufferFull", Time since last: 40303132 ns, Reaching safepoint: 217505 ns, At safepoint: 9500 ns, Total: 227005 ns
[1.178s][info ][safepoint      ] Safepoint "ICBufferFull", Time since last: 772218 ns, Reaching safepoint: 3274276 ns, At safepoint: 12100 ns, Total: 3286376 ns
[1.185s][info ][safepoint      ] Safepoint "ICBufferFull", Time since last: 6935861 ns, Reaching safepoint: 117302 ns, At safepoint: 6200 ns, Total: 123502 ns
[1.233s][info ][safepoint      ] Safepoint "ICBufferFull", Time since last: 48117513 ns, Reaching safepoint: 49901 ns, At safepoint: 5000 ns, Total: 54901 ns
[1.245s][info ][safepoint      ] Safepoint "ICBufferFull", Time since last: 11504166 ns, Reaching safepoint: 57501 ns, At safepoint: 2100 ns, Total: 59601 ns
[1.246s][info ][safepoint      ] Safepoint "ICBufferFull", Time since last: 1301530 ns, Reaching safepoint: 29301 ns, At safepoint: 1200 ns, Total: 30501 ns
[1.247s][info ][safepoint      ] Safepoint "ICBufferFull", Time since last: 1554736 ns, Reaching safepoint: 22500 ns, At safepoint: 1201 ns, Total: 23701 ns
[1.249s][info ][safepoint      ] Safepoint "ICBufferFull", Time since last: 1088925 ns, Reaching safepoint: 33200 ns, At safepoint: 1000 ns, Total: 34200 ns
[1.251s][info ][safepoint      ] Safepoint "ICBufferFull", Time since last: 2023947 ns, Reaching safepoint: 16601 ns, At safepoint: 5400 ns, Total: 22001 ns
[1.253s][info ][safepoint      ] Safepoint "ICBufferFull", Time since last: 2108248 ns, Reaching safepoint: 31601 ns, At safepoint: 1300 ns, Total: 32901 ns
[1.254s][info ][safepoint      ] Safepoint "ICBufferFull", Time since last: 778718 ns, Reaching safepoint: 38001 ns, At safepoint: 800 ns, Total: 38801 ns
[1.254s][info ][safepoint      ] Safepoint "ICBufferFull", Time since last: 488211 ns, Reaching safepoint: 17201 ns, At safepoint: 900 ns, Total: 18101 ns
[1.255s][info ][safepoint      ] Safepoint "ICBufferFull", Time since last: 880220 ns, Reaching safepoint: 19901 ns, At safepoint: 1100 ns, Total: 21001 ns
[1.257s][info ][safepoint      ] Safepoint "ICBufferFull", Time since last: 2047847 ns, Reaching safepoint: 46001 ns, At safepoint: 2600 ns, Total: 48601 ns
[1.258s][info ][safepoint      ] Safepoint "ICBufferFull", Time since last: 970423 ns, Reaching safepoint: 36100 ns, At safepoint: 2100 ns, Total: 38200 ns
[1.259s][info ][safepoint      ] Safepoint "ICBufferFull", Time since last: 775118 ns, Reaching safepoint: 16901 ns, At safepoint: 1300 ns, Total: 18201 ns
[1.260s][info ][safepoint      ] Safepoint "ICBufferFull", Time since last: 1003923 ns, Reaching safepoint: 84102 ns, At safepoint: 5200 ns, Total: 89302 ns
[1.262s][info ][safepoint      ] Safepoint "ICBufferFull", Time since last: 1897544 ns, Reaching safepoint: 32901 ns, At safepoint: 5900 ns, Total: 38801 ns
[1.264s][info ][safepoint      ] Safepoint "ICBufferFull", Time since last: 1829942 ns, Reaching safepoint: 105103 ns, At safepoint: 3900 ns, Total: 109003 ns
[1.265s][info ][safepoint      ] Safepoint "ICBufferFull", Time since last: 899720 ns, Reaching safepoint: 97903 ns, At safepoint: 3900 ns, Total: 101803 ns
[1.266s][info ][safepoint      ] Safepoint "ICBufferFull", Time since last: 1536235 ns, Reaching safepoint: 35501 ns, At safepoint: 3800 ns, Total: 39301 ns
[1.268s][info ][safepoint      ] Safepoint "ICBufferFull", Time since last: 1957445 ns, Reaching safepoint: 30201 ns, At safepoint: 1500 ns, Total: 31701 ns
[1.271s][info ][safepoint      ] Safepoint "ICBufferFull", Time since last: 2225352 ns, Reaching safepoint: 38201 ns, At safepoint: 1600 ns, Total: 39801 ns
[1.277s][info ][safepoint      ] Safepoint "ICBufferFull", Time since last: 5996338 ns, Reaching safepoint: 61402 ns, At safepoint: 4600 ns, Total: 66002 ns
[1.281s][info ][safepoint      ] Safepoint "ICBufferFull", Time since last: 4267298 ns, Reaching safepoint: 29201 ns, At safepoint: 1700 ns, Total: 30901 ns
[1.284s][info ][safepoint      ] Safepoint "ICBufferFull", Time since last: 2877867 ns, Reaching safepoint: 15400 ns, At safepoint: 1900 ns, Total: 17300 ns
[1.284s][info ][safepoint      ] Safepoint "ICBufferFull", Time since last: 511012 ns, Reaching safepoint: 15500 ns, At safepoint: 1400 ns, Total: 16900 ns
[1.286s][info ][safepoint      ] Safepoint "ICBufferFull", Time since last: 1457034 ns, Reaching safepoint: 71502 ns, At safepoint: 5700 ns, Total: 77202 ns
[1.288s][info ][safepoint      ] Safepoint "ICBufferFull", Time since last: 1646738 ns, Reaching safepoint: 101402 ns, At safepoint: 4500 ns, Total: 105902 ns
[1.289s][info ][safepoint      ] Safepoint "ICBufferFull", Time since last: 1403933 ns, Reaching safepoint: 23200 ns, At safepoint: 4400 ns, Total: 27600 ns
[1.291s][info ][safepoint      ] Safepoint "ICBufferFull", Time since last: 1474134 ns, Reaching safepoint: 89802 ns, At safepoint: 4201 ns, Total: 94003 ns
[1.292s][info ][safepoint      ] Safepoint "ICBufferFull", Time since last: 1457533 ns, Reaching safepoint: 24001 ns, At safepoint: 7900 ns, Total: 31901 ns
[1.295s][info ][safepoint      ] Safepoint "ICBufferFull", Time since last: 2551259 ns, Reaching safepoint: 24900 ns, At safepoint: 1901 ns, Total: 26801 ns
[1.296s][info ][safepoint      ] Safepoint "ICBufferFull", Time since last: 1407932 ns, Reaching safepoint: 32401 ns, At safepoint: 1700 ns, Total: 34101 ns
[1.298s][info ][safepoint      ] Safepoint "ICBufferFull", Time since last: 1386332 ns, Reaching safepoint: 23000 ns, At safepoint: 4201 ns, Total: 27201 ns
[1.299s][info ][safepoint      ] Safepoint "ICBufferFull", Time since last: 1628537 ns, Reaching safepoint: 20501 ns, At safepoint: 1300 ns, Total: 21801 ns
[1.301s][info ][safepoint      ] Safepoint "ICBufferFull", Time since last: 1830342 ns, Reaching safepoint: 37901 ns, At safepoint: 5300 ns, Total: 43201 ns
[1.303s][info ][safepoint      ] Safepoint "ICBufferFull", Time since last: 2145250 ns, Reaching safepoint: 40401 ns, At safepoint: 1900 ns, Total: 42301 ns
[1.305s][info ][safepoint      ] Safepoint "ICBufferFull", Time since last: 1711839 ns, Reaching safepoint: 31201 ns, At safepoint: 1400 ns, Total: 32601 ns
[1.308s][info ][safepoint      ] Safepoint "ICBufferFull", Time since last: 2616560 ns, Reaching safepoint: 33701 ns, At safepoint: 2100 ns, Total: 35801 ns
[1.317s][info ][safepoint      ] Safepoint "ICBufferFull", Time since last: 9599822 ns, Reaching safepoint: 43001 ns, At safepoint: 2000 ns, Total: 45001 ns
[1.319s][info ][safepoint      ] Safepoint "ICBufferFull", Time since last: 1193028 ns, Reaching safepoint: 27600 ns, At safepoint: 1400 ns, Total: 29000 ns
[1.320s][info ][safepoint      ] Safepoint "ICBufferFull", Time since last: 1522136 ns, Reaching safepoint: 22500 ns, At safepoint: 1500 ns, Total: 24000 ns
[1.321s][info ][safepoint      ] Safepoint "ICBufferFull", Time since last: 511912 ns, Reaching safepoint: 18600 ns, At safepoint: 900 ns, Total: 19500 ns
[1.322s][info ][safepoint      ] Safepoint "ICBufferFull", Time since last: 1699540 ns, Reaching safepoint: 23400 ns, At safepoint: 1400 ns, Total: 24800 ns
[1.327s][info ][safepoint      ] Safepoint "ICBufferFull", Time since last: 4195397 ns, Reaching safepoint: 43701 ns, At safepoint: 2000 ns, Total: 45701 ns
[1.330s][info ][safepoint      ] Safepoint "ICBufferFull", Time since last: 3105572 ns, Reaching safepoint: 24501 ns, At safepoint: 1300 ns, Total: 25801 ns
[1.335s][info ][safepoint      ] Safepoint "ICBufferFull", Time since last: 5012816 ns, Reaching safepoint: 37700 ns, At safepoint: 1600 ns, Total: 39300 ns
[1.336s][info ][safepoint      ] Safepoint "ICBufferFull", Time since last: 1426533 ns, Reaching safepoint: 88503 ns, At safepoint: 3900 ns, Total: 92403 ns
[1.337s][info ][safepoint      ] Safepoint "ICBufferFull", Time since last: 515612 ns, Reaching safepoint: 86502 ns, At safepoint: 5000 ns, Total: 91502 ns
[1.340s][info ][safepoint      ] Safepoint "ICBufferFull", Time since last: 2749063 ns, Reaching safepoint: 47001 ns, At safepoint: 2600 ns, Total: 49601 ns
[1.341s][info ][safepoint      ] Safepoint "ICBufferFull", Time since last: 945722 ns, Reaching safepoint: 28001 ns, At safepoint: 1300 ns, Total: 29301 ns
[1.343s][info ][safepoint      ] Safepoint "ICBufferFull", Time since last: 2534058 ns, Reaching safepoint: 19401 ns, At safepoint: 4500 ns, Total: 23901 ns
[1.344s][info ][safepoint      ] Safepoint "ICBufferFull", Time since last: 514412 ns, Reaching safepoint: 25700 ns, At safepoint: 901 ns, Total: 26601 ns
[1.346s][info ][safepoint      ] Safepoint "ICBufferFull", Time since last: 1780841 ns, Reaching safepoint: 31600 ns, At safepoint: 2400 ns, Total: 34000 ns
[1.347s][info ][safepoint      ] Safepoint "ICBufferFull", Time since last: 1577037 ns, Reaching safepoint: 33801 ns, At safepoint: 1900 ns, Total: 35701 ns
[1.348s][info ][safepoint      ] Safepoint "ICBufferFull", Time since last: 515512 ns, Reaching safepoint: 23800 ns, At safepoint: 1600 ns, Total: 25400 ns
[1.351s][info ][safepoint      ] Safepoint "ICBufferFull", Time since last: 3441080 ns, Reaching safepoint: 29200 ns, At safepoint: 2901 ns, Total: 32101 ns
[1.367s][info ][safepoint      ] Safepoint "ICBufferFull", Time since last: 15920668 ns, Reaching safepoint: 55601 ns, At safepoint: 2700 ns, Total: 58301 ns
[1.368s][info ][safepoint      ] Safepoint "ICBufferFull", Time since last: 587713 ns, Reaching safepoint: 20001 ns, At safepoint: 5300 ns, Total: 25301 ns
[1.384s][info ][safepoint      ] Safepoint "ICBufferFull", Time since last: 15949369 ns, Reaching safepoint: 54801 ns, At safepoint: 1500 ns, Total: 56301 ns
[1.385s][info ][safepoint      ] Safepoint "ICBufferFull", Time since last: 974423 ns, Reaching safepoint: 30400 ns, At safepoint: 1100 ns, Total: 31500 ns
[1.386s][info ][safepoint      ] Safepoint "ICBufferFull", Time since last: 721317 ns, Reaching safepoint: 21600 ns, At safepoint: 3801 ns, Total: 25401 ns
[1.386s][info ][safepoint      ] Safepoint "ICBufferFull", Time since last: 717716 ns, Reaching safepoint: 24501 ns, At safepoint: 1700 ns, Total: 26201 ns
[1.388s][info ][safepoint      ] Safepoint "ICBufferFull", Time since last: 1649838 ns, Reaching safepoint: 22600 ns, At safepoint: 800 ns, Total: 23400 ns
[1.390s][info ][safepoint      ] Safepoint "ICBufferFull", Time since last: 1741141 ns, Reaching safepoint: 13600 ns, At safepoint: 800 ns, Total: 14400 ns
[1.391s][info ][safepoint      ] Safepoint "ICBufferFull", Time since last: 815019 ns, Reaching safepoint: 30401 ns, At safepoint: 800 ns, Total: 31201 ns
[1.391s][info ][safepoint      ] Safepoint "ICBufferFull", Time since last: 764117 ns, Reaching safepoint: 12101 ns, At safepoint: 700 ns, Total: 12801 ns
[1.392s][info ][safepoint      ] Safepoint "ICBufferFull", Time since last: 919421 ns, Reaching safepoint: 28700 ns, At safepoint: 1500 ns, Total: 30200 ns
[1.395s][info ][safepoint      ] Safepoint "ICBufferFull", Time since last: 2352955 ns, Reaching safepoint: 35901 ns, At safepoint: 7200 ns, Total: 43101 ns
[1.396s][info ][safepoint      ] Safepoint "ICBufferFull", Time since last: 807419 ns, Reaching safepoint: 24100 ns, At safepoint: 4200 ns, Total: 28300 ns
[1.397s][info ][safepoint      ] Safepoint "ICBufferFull", Time since last: 1023424 ns, Reaching safepoint: 28601 ns, At safepoint: 1900 ns, Total: 30501 ns
[1.401s][info ][safepoint      ] Safepoint "ICBufferFull", Time since last: 4003892 ns, Reaching safepoint: 49001 ns, At safepoint: 6200 ns, Total: 55201 ns
[1.402s][info ][safepoint      ] Safepoint "ICBufferFull", Time since last: 960123 ns, Reaching safepoint: 112102 ns, At safepoint: 9900 ns, Total: 122002 ns
[1.403s][info ][safepoint      ] Safepoint "ICBufferFull", Time since last: 1295030 ns, Reaching safepoint: 21601 ns, At safepoint: 1200 ns, Total: 22801 ns
[1.404s][info ][safepoint      ] Safepoint "ICBufferFull", Time since last: 497911 ns, Reaching safepoint: 27801 ns, At safepoint: 1200 ns, Total: 29001 ns
[1.405s][info ][safepoint      ] Safepoint "ICBufferFull", Time since last: 1691039 ns, Reaching safepoint: 39901 ns, At safepoint: 2800 ns, Total: 42701 ns
[1.408s][info ][safepoint      ] Safepoint "ICBufferFull", Time since last: 2128349 ns, Reaching safepoint: 52202 ns, At safepoint: 2400 ns, Total: 54602 ns
[1.409s][info ][safepoint      ] Safepoint "ICBufferFull", Time since last: 1329930 ns, Reaching safepoint: 23101 ns, At safepoint: 1400 ns, Total: 24501 ns
[1.410s][info ][safepoint      ] Safepoint "ICBufferFull", Time since last: 1260029 ns, Reaching safepoint: 21401 ns, At safepoint: 1500 ns, Total: 22901 ns
[1.411s][info ][safepoint      ] Safepoint "ICBufferFull", Time since last: 1254729 ns, Reaching safepoint: 19800 ns, At safepoint: 3000 ns, Total: 22800 ns
[1.413s][info ][safepoint      ] Safepoint "ICBufferFull", Time since last: 1250729 ns, Reaching safepoint: 14600 ns, At safepoint: 5300 ns, Total: 19900 ns
[1.414s][info ][safepoint      ] Safepoint "ICBufferFull", Time since last: 1233429 ns, Reaching safepoint: 16600 ns, At safepoint: 1100 ns, Total: 17700 ns
[1.415s][info ][safepoint      ] Safepoint "ICBufferFull", Time since last: 1440534 ns, Reaching safepoint: 13500 ns, At safepoint: 1200 ns, Total: 14700 ns
[1.417s][info ][safepoint      ] Safepoint "ICBufferFull", Time since last: 1247229 ns, Reaching safepoint: 16300 ns, At safepoint: 6700 ns, Total: 23000 ns
[1.418s][info ][safepoint      ] Safepoint "ICBufferFull", Time since last: 1340131 ns, Reaching safepoint: 21501 ns, At safepoint: 1800 ns, Total: 23301 ns
[1.419s][info ][safepoint      ] Safepoint "ICBufferFull", Time since last: 1197928 ns, Reaching safepoint: 19200 ns, At safepoint: 1200 ns, Total: 20400 ns
[1.421s][info ][safepoint      ] Safepoint "ICBufferFull", Time since last: 1210228 ns, Reaching safepoint: 17600 ns, At safepoint: 5801 ns, Total: 23401 ns
[1.422s][info ][safepoint      ] Safepoint "ICBufferFull", Time since last: 1688039 ns, Reaching safepoint: 33000 ns, At safepoint: 4900 ns, Total: 37900 ns
[1.424s][info ][safepoint      ] Safepoint "ICBufferFull", Time since last: 1461334 ns, Reaching safepoint: 36601 ns, At safepoint: 5700 ns, Total: 42301 ns
[1.425s][info ][safepoint      ] Safepoint "ICBufferFull", Time since last: 1234229 ns, Reaching safepoint: 26300 ns, At safepoint: 900 ns, Total: 27200 ns
[1.427s][info ][safepoint      ] Safepoint "ICBufferFull", Time since last: 1962446 ns, Reaching safepoint: 26300 ns, At safepoint: 900 ns, Total: 27200 ns
[1.428s][info ][safepoint      ] Safepoint "ICBufferFull", Time since last: 510212 ns, Reaching safepoint: 26601 ns, At safepoint: 800 ns, Total: 27401 ns
[1.429s][info ][safepoint      ] Safepoint "ICBufferFull", Time since last: 1499734 ns, Reaching safepoint: 25901 ns, At safepoint: 1200 ns, Total: 27101 ns
[1.431s][info ][safepoint      ] Safepoint "ICBufferFull", Time since last: 2083348 ns, Reaching safepoint: 27101 ns, At safepoint: 1200 ns, Total: 28301 ns
[1.432s][info ][safepoint      ] Safepoint "ICBufferFull", Time since last: 996323 ns, Reaching safepoint: 27801 ns, At safepoint: 6100 ns, Total: 33901 ns
[1.433s][info ][safepoint      ] Safepoint "ICBufferFull", Time since last: 1177627 ns, Reaching safepoint: 31501 ns, At safepoint: 1900 ns, Total: 33401 ns
[1.435s][info ][safepoint      ] Safepoint "ICBufferFull", Time since last: 1495334 ns, Reaching safepoint: 16201 ns, At safepoint: 1100 ns, Total: 17301 ns
[1.435s][info ][safepoint      ] Safepoint "ICBufferFull", Time since last: 521712 ns, Reaching safepoint: 13700 ns, At safepoint: 900 ns, Total: 14600 ns
[1.437s][info ][safepoint      ] Safepoint "ICBufferFull", Time since last: 1289930 ns, Reaching safepoint: 17300 ns, At safepoint: 1100 ns, Total: 18400 ns
[1.438s][info ][safepoint      ] Safepoint "ICBufferFull", Time since last: 1551136 ns, Reaching safepoint: 16801 ns, At safepoint: 1200 ns, Total: 18001 ns
[1.439s][info ][safepoint      ] Safepoint "ICBufferFull", Time since last: 727016 ns, Reaching safepoint: 13401 ns, At safepoint: 800 ns, Total: 14201 ns
[1.441s][info ][safepoint      ] Safepoint "ICBufferFull", Time since last: 1436033 ns, Reaching safepoint: 29301 ns, At safepoint: 2100 ns, Total: 31401 ns
[1.442s][info ][safepoint      ] Safepoint "ICBufferFull", Time since last: 1359931 ns, Reaching safepoint: 15300 ns, At safepoint: 1400 ns, Total: 16700 ns
[1.443s][info ][safepoint      ] Safepoint "ICBufferFull", Time since last: 825820 ns, Reaching safepoint: 30000 ns, At safepoint: 800 ns, Total: 30800 ns
[1.444s][info ][safepoint      ] Safepoint "ICBufferFull", Time since last: 949622 ns, Reaching safepoint: 16901 ns, At safepoint: 1000 ns, Total: 17901 ns
[1.445s][info ][safepoint      ] Safepoint "ICBufferFull", Time since last: 958822 ns, Reaching safepoint: 14900 ns, At safepoint: 900 ns, Total: 15800 ns
[1.446s][info ][safepoint      ] Safepoint "ICBufferFull", Time since last: 1000223 ns, Reaching safepoint: 16601 ns, At safepoint: 1200 ns, Total: 17801 ns
[1.447s][info ][safepoint      ] Safepoint "ICBufferFull", Time since last: 965322 ns, Reaching safepoint: 17200 ns, At safepoint: 1200 ns, Total: 18400 ns
[1.448s][info ][safepoint      ] Safepoint "ICBufferFull", Time since last: 978623 ns, Reaching safepoint: 101802 ns, At safepoint: 8001 ns, Total: 109803 ns
[1.449s][info ][safepoint      ] Safepoint "ICBufferFull", Time since last: 724216 ns, Reaching safepoint: 15401 ns, At safepoint: 1300 ns, Total: 16701 ns
[1.449s][info ][safepoint      ] Safepoint "ICBufferFull", Time since last: 726217 ns, Reaching safepoint: 15500 ns, At safepoint: 900 ns, Total: 16400 ns
[1.450s][info ][safepoint      ] Safepoint "ICBufferFull", Time since last: 734917 ns, Reaching safepoint: 20900 ns, At safepoint: 1100 ns, Total: 22000 ns
[1.629s][info ][safepoint      ] Safepoint "ICBufferFull", Time since last: 178652030 ns, Reaching safepoint: 147704 ns, At safepoint: 9300 ns, Total: 157004 ns
[1.882s][info ][safepoint      ] Safepoint "ICBufferFull", Time since last: 252468436 ns, Reaching safepoint: 189204 ns, At safepoint: 5600 ns, Total: 194804 ns
[1.911s][info ][gc,start       ] GC(2) Pause Young (Metadata GC Threshold)
[1.941s][debug][gc,phases      ] GC(2) Scavenge 29.926ms
[1.941s][debug][gc,ref         ] GC(2) Skipped phase 1 of Reference Processing: no references
[1.942s][debug][gc,ref         ] GC(2) Skipped phase 3 of Reference Processing: no references
[1.942s][debug][gc,phases      ] GC(2) Reference Processing 0.203ms
[1.942s][debug][gc,phases      ] GC(2) Weak Processing 0.590ms
[1.942s][debug][gc,age         ] GC(2) Desired survivor size 536870912 bytes, new threshold 7 (max threshold 15)
[1.942s][info ][gc,heap        ] GC(2) PSYoungGen: 446319K(1572864K)->49153K(1572864K) Eden: 433926K(1048576K)->0K(1048576K) From: 12393K(524288K)->49153K(524288K)
[1.942s][info ][gc,heap        ] GC(2) ParOldGen: 5682K(6144K)->5690K(6144K)
[1.942s][info ][gc,metaspace   ] GC(2) Metaspace: 35006K(35392K)->35006K(35392K) NonClass: 30631K(30848K)->30631K(30848K) Class: 4374K(4544K)->4374K(4544K)
[1.942s][info ][gc             ] GC(2) Pause Young (Metadata GC Threshold) 441M->53M(1542M) 30.845ms
[1.942s][info ][gc,cpu         ] GC(2) User=0.12s Sys=0.04s Real=0.03s
[1.942s][debug][gc,phases      ] GC(3) Pre Compact 0.009ms
[1.942s][info ][gc,start       ] GC(3) Pause Full (Metadata GC Threshold)
[1.942s][info ][gc,phases,start] GC(3) Marking Phase
[1.959s][debug][gc,phases      ] GC(3) Par Mark 16.673ms
[1.959s][debug][gc,ref         ] GC(3) Skipped phase 1 of Reference Processing: no references
[1.959s][debug][gc,ref         ] GC(3) Skipped phase 3 of Reference Processing: no references
[1.959s][debug][gc,phases      ] GC(3) Reference Processing 0.087ms
[1.960s][debug][gc,phases      ] GC(3) Weak Processing 0.302ms
[1.960s][debug][gc,phases      ] GC(3) ClassLoaderData 0.029ms
[1.960s][debug][gc,phases      ] GC(3) Trigger cleanups 0.000ms
[1.964s][debug][gc,phases      ] GC(3) Class Unloading 4.458ms
[1.964s][info ][gc,phases      ] GC(3) Marking Phase 21.648ms
[1.964s][info ][gc,phases,start] GC(3) Summary Phase
[1.964s][info ][gc,phases      ] GC(3) Summary Phase 0.007ms
[1.964s][info ][gc,phases,start] GC(3) Adjust Roots
[1.974s][info ][gc,phases      ] GC(3) Adjust Roots 9.583ms
[1.974s][info ][gc,phases,start] GC(3) Compaction Phase
[2.207s][info ][gc,phases      ] GC(3) Compaction Phase 233.149ms
[2.207s][info ][gc,phases,start] GC(3) Post Compact
[2.207s][info ][gc,phases      ] GC(3) Post Compact 0.548ms
[2.207s][info ][gc,heap        ] GC(3) PSYoungGen: 49153K(1572864K)->48507K(1572864K) Eden: 0K(1048576K)->0K(1048576K) From: 49153K(524288K)->48507K(524288K)
[2.207s][info ][gc,heap        ] GC(3) ParOldGen: 5690K(6144K)->6092K(6144K)
[2.207s][info ][gc,metaspace   ] GC(3) Metaspace: 35006K(35392K)->35006K(35392K) NonClass: 30631K(30848K)->30631K(30848K) Class: 4374K(4544K)->4374K(4544K)
[2.207s][info ][gc             ] GC(3) Pause Full (Metadata GC Threshold) 53M->53M(1542M) 265.078ms
[2.207s][info ][gc,cpu         ] GC(3) User=0.57s Sys=0.00s Real=0.26s
[2.207s][info ][safepoint      ] Safepoint "CollectForMetadataAllocation", Time since last: 29813589 ns, Reaching safepoint: 67902 ns, At safepoint: 296056344 ns, Total: 296124246 ns
[2.488s][info ][safepoint      ] Safepoint "ICBufferFull", Time since last: 280176477 ns, Reaching safepoint: 189404 ns, At safepoint: 12001 ns, Total: 201405 ns
[2.689s][info ][safepoint      ] Safepoint "ICBufferFull", Time since last: 200765841 ns, Reaching safepoint: 254206 ns, At safepoint: 16500 ns, Total: 270706 ns
[2.689s][info ][safepoint      ] Safepoint "ICBufferFull", Time since last: 66802 ns, Reaching safepoint: 97702 ns, At safepoint: 22300 ns, Total: 120002 ns
[2.762s][info ][safepoint      ] Safepoint "ICBufferFull", Time since last: 72486176 ns, Reaching safepoint: 197705 ns, At safepoint: 16100 ns, Total: 213805 ns
[2.864s][info ][safepoint      ] Safepoint "ICBufferFull", Time since last: 101192639 ns, Reaching safepoint: 974323 ns, At safepoint: 22200 ns, Total: 996523 ns
[2.957s][info ][safepoint      ] Safepoint "ICBufferFull", Time since last: 92387236 ns, Reaching safepoint: 282007 ns, At safepoint: 11600 ns, Total: 293607 ns
[2.957s][info ][safepoint      ] Safepoint "ICBufferFull", Time since last: 83602 ns, Reaching safepoint: 96902 ns, At safepoint: 21401 ns, Total: 118303 ns
[2.957s][info ][safepoint      ] Safepoint "ICBufferFull", Time since last: 39700 ns, Reaching safepoint: 147004 ns, At safepoint: 21600 ns, Total: 168604 ns
[2.958s][info ][safepoint      ] Safepoint "ICBufferFull", Time since last: 1052525 ns, Reaching safepoint: 103202 ns, At safepoint: 20501 ns, Total: 123703 ns
[2.959s][info ][safepoint      ] Safepoint "ICBufferFull", Time since last: 478311 ns, Reaching safepoint: 109602 ns, At safepoint: 15000 ns, Total: 124602 ns
[2.960s][info ][safepoint      ] Safepoint "ICBufferFull", Time since last: 1048125 ns, Reaching safepoint: 96302 ns, At safepoint: 18900 ns, Total: 115202 ns
[3.122s][info ][safepoint      ] Safepoint "ICBufferFull", Time since last: 158686369 ns, Reaching safepoint: 3281076 ns, At safepoint: 35301 ns, Total: 3316377 ns
[3.157s][info ][safepoint      ] Safepoint "ICBufferFull", Time since last: 34812404 ns, Reaching safepoint: 183105 ns, At safepoint: 21500 ns, Total: 204605 ns
[3.163s][info ][safepoint      ] Safepoint "ICBufferFull", Time since last: 5770434 ns, Reaching safepoint: 118102 ns, At safepoint: 24001 ns, Total: 142103 ns
[3.167s][info ][safepoint      ] Safepoint "ICBufferFull", Time since last: 4134896 ns, Reaching safepoint: 119102 ns, At safepoint: 15701 ns, Total: 134803 ns
[3.170s][info ][safepoint      ] Safepoint "ICBufferFull", Time since last: 2002246 ns, Reaching safepoint: 262806 ns, At safepoint: 37401 ns, Total: 300207 ns
[3.172s][info ][safepoint      ] Safepoint "ICBufferFull", Time since last: 1873043 ns, Reaching safepoint: 95902 ns, At safepoint: 18501 ns, Total: 114403 ns
[3.173s][info ][safepoint      ] Safepoint "ICBufferFull", Time since last: 1766041 ns, Reaching safepoint: 109902 ns, At safepoint: 21301 ns, Total: 131203 ns
[3.177s][info ][safepoint      ] Safepoint "ICBufferFull", Time since last: 3306876 ns, Reaching safepoint: 66802 ns, At safepoint: 14300 ns, Total: 81102 ns
[3.179s][info ][safepoint      ] Safepoint "ICBufferFull", Time since last: 2487758 ns, Reaching safepoint: 84401 ns, At safepoint: 21001 ns, Total: 105402 ns
[3.182s][info ][safepoint      ] Safepoint "ICBufferFull", Time since last: 2627061 ns, Reaching safepoint: 105502 ns, At safepoint: 16000 ns, Total: 121502 ns
[3.184s][info ][safepoint      ] Safepoint "ICBufferFull", Time since last: 1826743 ns, Reaching safepoint: 97302 ns, At safepoint: 21700 ns, Total: 119002 ns
[3.189s][info ][safepoint      ] Safepoint "ICBufferFull", Time since last: 5178220 ns, Reaching safepoint: 115803 ns, At safepoint: 21100 ns, Total: 136903 ns
[3.192s][info ][safepoint      ] Safepoint "ICBufferFull", Time since last: 2804565 ns, Reaching safepoint: 107703 ns, At safepoint: 21700 ns, Total: 129403 ns
[3.194s][info ][safepoint      ] Safepoint "ICBufferFull", Time since last: 1827442 ns, Reaching safepoint: 91803 ns, At safepoint: 17100 ns, Total: 108903 ns
[3.196s][info ][safepoint      ] Safepoint "ICBufferFull", Time since last: 1559936 ns, Reaching safepoint: 92502 ns, At safepoint: 21201 ns, Total: 113703 ns
[3.198s][info ][safepoint      ] Safepoint "ICBufferFull", Time since last: 1510335 ns, Reaching safepoint: 104602 ns, At safepoint: 22700 ns, Total: 127302 ns
[3.199s][info ][safepoint      ] Safepoint "ICBufferFull", Time since last: 1448134 ns, Reaching safepoint: 91702 ns, At safepoint: 19901 ns, Total: 111603 ns
[3.203s][info ][safepoint      ] Safepoint "ICBufferFull", Time since last: 3869189 ns, Reaching safepoint: 129403 ns, At safepoint: 28301 ns, Total: 157704 ns
[3.206s][info ][safepoint      ] Safepoint "ICBufferFull", Time since last: 2728363 ns, Reaching safepoint: 108202 ns, At safepoint: 18101 ns, Total: 126303 ns
[3.210s][info ][safepoint      ] Safepoint "ICBufferFull", Time since last: 3525281 ns, Reaching safepoint: 108303 ns, At safepoint: 24900 ns, Total: 133203 ns
[3.214s][info ][safepoint      ] Safepoint "ICBufferFull", Time since last: 4530805 ns, Reaching safepoint: 102202 ns, At safepoint: 27501 ns, Total: 129703 ns
[3.216s][info ][safepoint      ] Safepoint "ICBufferFull", Time since last: 1480234 ns, Reaching safepoint: 117003 ns, At safepoint: 26100 ns, Total: 143103 ns
[3.219s][info ][safepoint      ] Safepoint "ICBufferFull", Time since last: 2552660 ns, Reaching safepoint: 102002 ns, At safepoint: 22700 ns, Total: 124702 ns
[3.222s][info ][safepoint      ] Safepoint "ICBufferFull", Time since last: 2712563 ns, Reaching safepoint: 117703 ns, At safepoint: 26600 ns, Total: 144303 ns
[3.224s][info ][safepoint      ] Safepoint "ICBufferFull", Time since last: 2282153 ns, Reaching safepoint: 100103 ns, At safepoint: 23700 ns, Total: 123803 ns
[3.226s][info ][safepoint      ] Safepoint "ICBufferFull", Time since last: 1897144 ns, Reaching safepoint: 96902 ns, At safepoint: 22401 ns, Total: 119303 ns
[3.228s][info ][safepoint      ] Safepoint "ICBufferFull", Time since last: 1683039 ns, Reaching safepoint: 241305 ns, At safepoint: 42301 ns, Total: 283606 ns
[3.230s][info ][safepoint      ] Safepoint "ICBufferFull", Time since last: 2177350 ns, Reaching safepoint: 109703 ns, At safepoint: 26401 ns, Total: 136104 ns
[3.234s][info ][safepoint      ] Safepoint "ICBufferFull", Time since last: 4093294 ns, Reaching safepoint: 127303 ns, At safepoint: 23001 ns, Total: 150304 ns
[3.238s][info ][safepoint      ] Safepoint "ICBufferFull", Time since last: 3360777 ns, Reaching safepoint: 116603 ns, At safepoint: 23101 ns, Total: 139704 ns
[3.240s][info ][safepoint      ] Safepoint "ICBufferFull", Time since last: 1433933 ns, Reaching safepoint: 101502 ns, At safepoint: 27201 ns, Total: 128703 ns
[3.243s][info ][safepoint      ] Safepoint "ICBufferFull", Time since last: 3647884 ns, Reaching safepoint: 114803 ns, At safepoint: 22800 ns, Total: 137603 ns
[3.245s][info ][safepoint      ] Safepoint "ICBufferFull", Time since last: 1505935 ns, Reaching safepoint: 97402 ns, At safepoint: 17101 ns, Total: 114503 ns
[3.246s][info ][safepoint      ] Safepoint "ICBufferFull", Time since last: 1420533 ns, Reaching safepoint: 92902 ns, At safepoint: 21100 ns, Total: 114002 ns
[3.248s][info ][safepoint      ] Safepoint "ICBufferFull", Time since last: 1639838 ns, Reaching safepoint: 97102 ns, At safepoint: 17201 ns, Total: 114303 ns
[3.262s][info ][safepoint      ] Safepoint "ICBufferFull", Time since last: 13656516 ns, Reaching safepoint: 116402 ns, At safepoint: 22501 ns, Total: 138903 ns
[3.264s][info ][safepoint      ] Safepoint "ICBufferFull", Time since last: 2271652 ns, Reaching safepoint: 107503 ns, At safepoint: 22800 ns, Total: 130303 ns
[3.267s][info ][safepoint      ] Safepoint "ICBufferFull", Time since last: 2190351 ns, Reaching safepoint: 104702 ns, At safepoint: 12401 ns, Total: 117103 ns
[3.268s][info ][safepoint      ] Safepoint "ICBufferFull", Time since last: 1489234 ns, Reaching safepoint: 92002 ns, At safepoint: 14100 ns, Total: 106102 ns
[3.270s][info ][safepoint      ] Safepoint "ICBufferFull", Time since last: 2077249 ns, Reaching safepoint: 92102 ns, At safepoint: 13200 ns, Total: 105302 ns
[3.272s][info ][safepoint      ] Safepoint "ICBufferFull", Time since last: 1641038 ns, Reaching safepoint: 100502 ns, At safepoint: 26101 ns, Total: 126603 ns
[3.274s][info ][safepoint      ] Safepoint "ICBufferFull", Time since last: 1360231 ns, Reaching safepoint: 100703 ns, At safepoint: 19900 ns, Total: 120603 ns
[3.275s][info ][safepoint      ] Safepoint "ICBufferFull", Time since last: 1579037 ns, Reaching safepoint: 103802 ns, At safepoint: 18900 ns, Total: 122702 ns
[3.277s][info ][safepoint      ] Safepoint "ICBufferFull", Time since last: 1828943 ns, Reaching safepoint: 113002 ns, At safepoint: 21501 ns, Total: 134503 ns
[3.289s][info ][safepoint      ] Safepoint "ICBufferFull", Time since last: 11845774 ns, Reaching safepoint: 116902 ns, At safepoint: 22701 ns, Total: 139603 ns
[3.291s][info ][safepoint      ] Safepoint "ICBufferFull", Time since last: 1579436 ns, Reaching safepoint: 98003 ns, At safepoint: 17300 ns, Total: 115303 ns
[3.297s][info ][safepoint      ] Safepoint "ICBufferFull", Time since last: 5669631 ns, Reaching safepoint: 122903 ns, At safepoint: 23200 ns, Total: 146103 ns
[3.298s][info ][safepoint      ] Safepoint "ICBufferFull", Time since last: 1370032 ns, Reaching safepoint: 64202 ns, At safepoint: 16500 ns, Total: 80702 ns
[3.303s][info ][safepoint      ] Safepoint "ICBufferFull", Time since last: 4153696 ns, Reaching safepoint: 115103 ns, At safepoint: 20200 ns, Total: 135303 ns
[3.307s][info ][safepoint      ] Safepoint "ICBufferFull", Time since last: 4608607 ns, Reaching safepoint: 147803 ns, At safepoint: 15801 ns, Total: 163604 ns
[3.310s][info ][safepoint      ] Safepoint "ICBufferFull", Time since last: 2126249 ns, Reaching safepoint: 100102 ns, At safepoint: 18700 ns, Total: 118802 ns
[3.313s][info ][safepoint      ] Safepoint "ICBufferFull", Time since last: 3141273 ns, Reaching safepoint: 109403 ns, At safepoint: 13500 ns, Total: 122903 ns
[3.314s][info ][safepoint      ] Safepoint "ICBufferFull", Time since last: 1116326 ns, Reaching safepoint: 96502 ns, At safepoint: 15400 ns, Total: 111902 ns
[3.316s][info ][safepoint      ] Safepoint "ICBufferFull", Time since last: 1556236 ns, Reaching safepoint: 95202 ns, At safepoint: 21301 ns, Total: 116503 ns
[3.318s][info ][safepoint      ] Safepoint "ICBufferFull", Time since last: 2298753 ns, Reaching safepoint: 109403 ns, At safepoint: 19800 ns, Total: 129203 ns
[3.320s][info ][safepoint      ] Safepoint "ICBufferFull", Time since last: 1896344 ns, Reaching safepoint: 73402 ns, At safepoint: 22600 ns, Total: 96002 ns
[3.323s][info ][safepoint      ] Safepoint "ICBufferFull", Time since last: 2623861 ns, Reaching safepoint: 91702 ns, At safepoint: 19500 ns, Total: 111202 ns
[3.326s][info ][safepoint      ] Safepoint "ICBufferFull", Time since last: 2718963 ns, Reaching safepoint: 89202 ns, At safepoint: 17101 ns, Total: 106303 ns
[3.328s][info ][safepoint      ] Safepoint "ICBufferFull", Time since last: 2403855 ns, Reaching safepoint: 106603 ns, At safepoint: 20600 ns, Total: 127203 ns
[3.331s][info ][safepoint      ] Safepoint "ICBufferFull", Time since last: 1893044 ns, Reaching safepoint: 912521 ns, At safepoint: 20101 ns, Total: 932622 ns
[3.338s][info ][safepoint      ] Safepoint "ICBufferFull", Time since last: 6398447 ns, Reaching safepoint: 101903 ns, At safepoint: 17000 ns, Total: 118903 ns
[3.339s][info ][safepoint      ] Safepoint "ICBufferFull", Time since last: 1541936 ns, Reaching safepoint: 110102 ns, At safepoint: 20001 ns, Total: 130103 ns
[3.341s][info ][safepoint      ] Safepoint "ICBufferFull", Time since last: 1499335 ns, Reaching safepoint: 102802 ns, At safepoint: 13700 ns, Total: 116502 ns
[3.342s][info ][safepoint      ] Safepoint "ICBufferFull", Time since last: 1289230 ns, Reaching safepoint: 101202 ns, At safepoint: 25301 ns, Total: 126503 ns
[3.345s][info ][safepoint      ] Safepoint "ICBufferFull", Time since last: 2892767 ns, Reaching safepoint: 112402 ns, At safepoint: 18801 ns, Total: 131203 ns
[3.366s][info ][safepoint      ] Safepoint "ICBufferFull", Time since last: 20015263 ns, Reaching safepoint: 172704 ns, At safepoint: 22400 ns, Total: 195104 ns
[3.421s][info ][safepoint      ] Safepoint "ICBufferFull", Time since last: 55347580 ns, Reaching safepoint: 198004 ns, At safepoint: 32301 ns, Total: 230305 ns
[3.429s][info ][safepoint      ] Safepoint "ICBufferFull", Time since last: 7284368 ns, Reaching safepoint: 148204 ns, At safepoint: 28500 ns, Total: 176704 ns
[3.440s][info ][safepoint      ] Safepoint "ICBufferFull", Time since last: 11233360 ns, Reaching safepoint: 276207 ns, At safepoint: 25100 ns, Total: 301307 ns
[3.448s][info ][safepoint      ] Safepoint "ICBufferFull", Time since last: 7996785 ns, Reaching safepoint: 102802 ns, At safepoint: 25801 ns, Total: 128603 ns
[3.458s][info ][safepoint      ] Safepoint "ICBufferFull", Time since last: 8899106 ns, Reaching safepoint: 401309 ns, At safepoint: 22201 ns, Total: 423510 ns
[3.468s][info ][safepoint      ] Safepoint "ICBufferFull", Time since last: 10266037 ns, Reaching safepoint: 104702 ns, At safepoint: 25001 ns, Total: 129703 ns
[3.491s][info ][safepoint      ] Safepoint "ICBufferFull", Time since last: 23084034 ns, Reaching safepoint: 200004 ns, At safepoint: 24701 ns, Total: 224705 ns
[3.502s][info ][safepoint      ] Safepoint "ICBufferFull", Time since last: 10624445 ns, Reaching safepoint: 132403 ns, At safepoint: 23301 ns, Total: 155704 ns
[3.508s][info ][safepoint      ] Safepoint "ICBufferFull", Time since last: 5538228 ns, Reaching safepoint: 140303 ns, At safepoint: 25801 ns, Total: 166104 ns
[3.512s][info ][safepoint      ] Safepoint "ICBufferFull", Time since last: 3960891 ns, Reaching safepoint: 130203 ns, At safepoint: 25501 ns, Total: 155704 ns
[3.515s][info ][safepoint      ] Safepoint "ICBufferFull", Time since last: 3264375 ns, Reaching safepoint: 104503 ns, At safepoint: 19100 ns, Total: 123603 ns
[3.519s][info ][safepoint      ] Safepoint "ICBufferFull", Time since last: 3562883 ns, Reaching safepoint: 121902 ns, At safepoint: 22901 ns, Total: 144803 ns
[3.526s][info ][safepoint      ] Safepoint "ICBufferFull", Time since last: 6544751 ns, Reaching safepoint: 133403 ns, At safepoint: 21901 ns, Total: 155304 ns
[3.538s][info ][safepoint      ] Safepoint "ICBufferFull", Time since last: 12196682 ns, Reaching safepoint: 123203 ns, At safepoint: 25200 ns, Total: 148403 ns
[3.547s][info ][safepoint      ] Safepoint "ICBufferFull", Time since last: 9236514 ns, Reaching safepoint: 131203 ns, At safepoint: 22800 ns, Total: 154003 ns
[3.554s][info ][safepoint      ] Safepoint "ICBufferFull", Time since last: 5726833 ns, Reaching safepoint: 435410 ns, At safepoint: 22100 ns, Total: 457510 ns
[3.566s][info ][safepoint      ] Safepoint "ICBufferFull", Time since last: 9175213 ns, Reaching safepoint: 3190473 ns, At safepoint: 28301 ns, Total: 3218774 ns
[3.572s][info ][safepoint      ] Safepoint "ICBufferFull", Time since last: 5619830 ns, Reaching safepoint: 140303 ns, At safepoint: 25001 ns, Total: 165304 ns
[3.578s][info ][safepoint      ] Safepoint "ICBufferFull", Time since last: 5888236 ns, Reaching safepoint: 84702 ns, At safepoint: 27000 ns, Total: 111702 ns
[3.590s][info ][safepoint      ] Safepoint "ICBufferFull", Time since last: 11855574 ns, Reaching safepoint: 116703 ns, At safepoint: 24101 ns, Total: 140804 ns
[3.618s][info ][safepoint      ] Safepoint "ICBufferFull", Time since last: 26769219 ns, Reaching safepoint: 1020623 ns, At safepoint: 27201 ns, Total: 1047824 ns
[3.622s][info ][safepoint      ] Safepoint "ICBufferFull", Time since last: 4023793 ns, Reaching safepoint: 113502 ns, At safepoint: 24901 ns, Total: 138403 ns
[3.627s][info ][safepoint      ] Safepoint "ICBufferFull", Time since last: 5075317 ns, Reaching safepoint: 145204 ns, At safepoint: 28600 ns, Total: 173804 ns
[3.638s][info ][safepoint      ] Safepoint "ICBufferFull", Time since last: 10614246 ns, Reaching safepoint: 113602 ns, At safepoint: 20401 ns, Total: 134003 ns
[3.662s][info ][safepoint      ] Safepoint "ICBufferFull", Time since last: 20622477 ns, Reaching safepoint: 3219574 ns, At safepoint: 31101 ns, Total: 3250675 ns
[3.671s][info ][safepoint      ] Safepoint "ICBufferFull", Time since last: 9367916 ns, Reaching safepoint: 138604 ns, At safepoint: 20800 ns, Total: 159404 ns
[3.679s][info ][safepoint      ] Safepoint "ICBufferFull", Time since last: 7342970 ns, Reaching safepoint: 129103 ns, At safepoint: 23700 ns, Total: 152803 ns
[3.684s][info ][safepoint      ] Safepoint "ICBufferFull", Time since last: 5251422 ns, Reaching safepoint: 138603 ns, At safepoint: 22400 ns, Total: 161003 ns
[3.689s][info ][safepoint      ] Safepoint "ICBufferFull", Time since last: 4955815 ns, Reaching safepoint: 131603 ns, At safepoint: 23601 ns, Total: 155204 ns
[3.696s][info ][safepoint      ] Safepoint "ICBufferFull", Time since last: 6176342 ns, Reaching safepoint: 188805 ns, At safepoint: 24800 ns, Total: 213605 ns
[3.709s][debug][gc,phases      ] GC(4) Pre Compact 0.025ms
[3.709s][info ][gc,start       ] GC(4) Pause Full (Ergonomics)
[3.709s][info ][gc,phases,start] GC(4) Marking Phase
[3.801s][debug][gc,phases      ] GC(4) Par Mark 92.208ms
[3.801s][debug][gc,ref         ] GC(4) Skipped phase 1 of Reference Processing: no references
[3.802s][debug][gc,ref         ] GC(4) Skipped phase 3 of Reference Processing: no references
[3.802s][debug][gc,phases      ] GC(4) Reference Processing 0.743ms
[3.802s][debug][gc,phases      ] GC(4) Weak Processing 0.472ms
[3.802s][debug][gc,phases      ] GC(4) ClassLoaderData 0.174ms
[3.802s][debug][gc,phases      ] GC(4) Trigger cleanups 0.001ms
[3.813s][debug][gc,phases      ] GC(4) Class Unloading 10.314ms
[3.813s][info ][gc,phases      ] GC(4) Marking Phase 103.894ms
[3.813s][info ][gc,phases,start] GC(4) Summary Phase
[3.813s][info ][gc,phases      ] GC(4) Summary Phase 0.024ms
[3.813s][info ][gc,phases,start] GC(4) Adjust Roots
[3.829s][info ][gc,phases      ] GC(4) Adjust Roots 16.099ms
[3.829s][info ][gc,phases,start] GC(4) Compaction Phase
[4.043s][info ][gc,phases      ] GC(4) Compaction Phase 213.836ms
[4.043s][info ][gc,phases,start] GC(4) Post Compact
[4.046s][info ][gc,phases      ] GC(4) Post Compact 3.489ms
[4.046s][info ][gc,heap        ] GC(4) PSYoungGen: 1097083K(1572864K)->150698K(1572864K) Eden: 1048576K(1048576K)->150698K(1048576K) From: 48507K(524288K)->0K(524288K)
[4.046s][info ][gc,heap        ] GC(4) ParOldGen: 6092K(6144K)->6070K(18944K)
[4.046s][info ][gc,metaspace   ] GC(4) Metaspace: 49221K(49792K)->49196K(49792K) NonClass: 42118K(42432K)->42100K(42432K) Class: 7103K(7360K)->7096K(7360K)
[4.046s][info ][gc             ] GC(4) Pause Full (Ergonomics) 1077M->153M(1554M) 337.560ms
[4.046s][info ][gc,cpu         ] GC(4) User=1.15s Sys=0.03s Real=0.34s
[4.046s][info ][safepoint      ] Safepoint "ParallelGCFailedAllocation", Time since last: 12889198 ns, Reaching safepoint: 129603 ns, At safepoint: 337738909 ns, Total: 337868512 ns
[4.067s][info ][safepoint      ] Safepoint "ICBufferFull", Time since last: 14365532 ns, Reaching safepoint: 997823 ns, At safepoint: 5099118 ns, Total: 6096941 ns
[4.071s][info ][safepoint      ] Safepoint "ICBufferFull", Time since last: 3967191 ns, Reaching safepoint: 129303 ns, At safepoint: 31401 ns, Total: 160704 ns
[4.075s][info ][safepoint      ] Safepoint "ICBufferFull", Time since last: 3805888 ns, Reaching safepoint: 132103 ns, At safepoint: 20401 ns, Total: 152504 ns
[4.079s][info ][safepoint      ] Safepoint "ICBufferFull", Time since last: 3908990 ns, Reaching safepoint: 148103 ns, At safepoint: 28701 ns, Total: 176804 ns
[4.088s][info ][safepoint      ] Safepoint "ICBufferFull", Time since last: 8864605 ns, Reaching safepoint: 311507 ns, At safepoint: 11901 ns, Total: 323408 ns
[4.088s][info ][safepoint      ] Safepoint "ICBufferFull", Time since last: 74201 ns, Reaching safepoint: 81302 ns, At safepoint: 21901 ns, Total: 103203 ns
[4.089s][info ][safepoint      ] Safepoint "ICBufferFull", Time since last: 50401 ns, Reaching safepoint: 81702 ns, At safepoint: 19700 ns, Total: 101402 ns
[4.089s][info ][safepoint      ] Safepoint "ICBufferFull", Time since last: 42701 ns, Reaching safepoint: 83202 ns, At safepoint: 18600 ns, Total: 101802 ns
[4.090s][info ][safepoint      ] Safepoint "ICBufferFull", Time since last: 713417 ns, Reaching safepoint: 104402 ns, At safepoint: 35301 ns, Total: 139703 ns
[4.109s][info ][safepoint      ] Safepoint "ICBufferFull", Time since last: 15261553 ns, Reaching safepoint: 4278599 ns, At safepoint: 32201 ns, Total: 4310800 ns
[4.112s][info ][safepoint      ] Safepoint "ICBufferFull", Time since last: 3128672 ns, Reaching safepoint: 132003 ns, At safepoint: 27001 ns, Total: 159004 ns
[4.116s][info ][safepoint      ] Safepoint "ICBufferFull", Time since last: 3462680 ns, Reaching safepoint: 132803 ns, At safepoint: 27600 ns, Total: 160403 ns
[4.125s][info ][safepoint      ] Safepoint "ICBufferFull", Time since last: 8881306 ns, Reaching safepoint: 111402 ns, At safepoint: 27201 ns, Total: 138603 ns
[4.129s][info ][safepoint      ] Safepoint "ICBufferFull", Time since last: 3355478 ns, Reaching safepoint: 111902 ns, At safepoint: 24301 ns, Total: 136203 ns
[4.143s][info ][safepoint      ] Safepoint "ICBufferFull", Time since last: 14727440 ns, Reaching safepoint: 118903 ns, At safepoint: 26201 ns, Total: 145104 ns
[4.147s][info ][safepoint      ] Safepoint "ICBufferFull", Time since last: 3006869 ns, Reaching safepoint: 100002 ns, At safepoint: 25601 ns, Total: 125603 ns
[4.150s][info ][safepoint      ] Safepoint "ICBufferFull", Time since last: 3089271 ns, Reaching safepoint: 95403 ns, At safepoint: 20600 ns, Total: 116003 ns
[4.154s][info ][safepoint      ] Safepoint "ICBufferFull", Time since last: 3597283 ns, Reaching safepoint: 234206 ns, At safepoint: 22400 ns, Total: 256606 ns
[4.165s][info ][safepoint      ] Safepoint "ICBufferFull", Time since last: 10967354 ns, Reaching safepoint: 137903 ns, At safepoint: 27401 ns, Total: 165304 ns
[4.168s][info ][safepoint      ] Safepoint "ICBufferFull", Time since last: 2877766 ns, Reaching safepoint: 111803 ns, At safepoint: 23100 ns, Total: 134903 ns
[4.210s][info ][safepoint      ] Safepoint "ICBufferFull", Time since last: 42100374 ns, Reaching safepoint: 152103 ns, At safepoint: 25701 ns, Total: 177804 ns
[4.239s][info ][gc,start       ] GC(5) Pause Young (Allocation Failure)
[4.331s][debug][gc,phases      ] GC(5) Scavenge 91.950ms
[4.332s][debug][gc,ref         ] GC(5) Skipped phase 1 of Reference Processing: no references
[4.332s][debug][gc,ref         ] GC(5) Skipped phase 3 of Reference Processing: no references
[4.332s][debug][gc,phases      ] GC(5) Reference Processing 0.255ms
[4.333s][debug][gc,phases      ] GC(5) Weak Processing 1.245ms
[4.333s][debug][gc,age         ] GC(5) Desired survivor size 536870912 bytes, new threshold 7 (max threshold 15)
[4.333s][info ][gc,heap        ] GC(5) PSYoungGen: 1048576K(1572864K)->153904K(1572864K) Eden: 1048576K(1048576K)->0K(1048576K) From: 0K(524288K)->153904K(524288K)
[4.333s][info ][gc,heap        ] GC(5) ParOldGen: 6070K(18944K)->6078K(18944K)
[4.333s][info ][gc,metaspace   ] GC(5) Metaspace: 49541K(49984K)->49541K(49984K) NonClass: 42375K(42624K)->42375K(42624K) Class: 7166K(7360K)->7166K(7360K)
[4.333s][info ][gc             ] GC(5) Pause Young (Allocation Failure) 1029M->156M(1554M) 93.601ms
[4.333s][info ][gc,cpu         ] GC(5) User=0.31s Sys=0.06s Real=0.10s
[4.333s][info ][safepoint      ] Safepoint "ParallelGCFailedAllocation", Time since last: 29014171 ns, Reaching safepoint: 404609 ns, At safepoint: 93725267 ns, Total: 94129876 ns
[4.577s][info ][gc,start       ] GC(6) Pause Young (Allocation Failure)
[4.663s][debug][gc,phases      ] GC(6) Scavenge 86.338ms
[4.663s][debug][gc,ref         ] GC(6) Skipped phase 1 of Reference Processing: no references
[4.663s][debug][gc,ref         ] GC(6) Skipped phase 3 of Reference Processing: no references
[4.663s][debug][gc,phases      ] GC(6) Reference Processing 0.264ms
[4.665s][debug][gc,phases      ] GC(6) Weak Processing 1.443ms
[4.665s][debug][gc,age         ] GC(6) Desired survivor size 536870912 bytes, new threshold 7 (max threshold 15)
[4.665s][info ][gc,heap        ] GC(6) PSYoungGen: 1202480K(1572864K)->163288K(1572864K) Eden: 1048576K(1048576K)->0K(1048576K) From: 153904K(524288K)->163288K(524288K)
[4.665s][info ][gc,heap        ] GC(6) ParOldGen: 6078K(18944K)->6086K(18944K)
[4.665s][info ][gc,metaspace   ] GC(6) Metaspace: 50559K(51072K)->50559K(51072K) NonClass: 43260K(43520K)->43260K(43520K) Class: 7298K(7552K)->7298K(7552K)
[4.665s][info ][gc             ] GC(6) Pause Young (Allocation Failure) 1180M->165M(1554M) 88.190ms
[4.665s][info ][gc,cpu         ] GC(6) User=0.30s Sys=0.05s Real=0.09s
[4.665s][info ][safepoint      ] Safepoint "ParallelGCFailedAllocation", Time since last: 243377827 ns, Reaching safepoint: 213505 ns, At safepoint: 88313641 ns, Total: 88527146 ns
[4.930s][info ][gc,start       ] GC(7) Pause Young (Allocation Failure)
[4.997s][debug][gc,phases      ] GC(7) Scavenge 67.776ms
[4.998s][debug][gc,ref         ] GC(7) Skipped phase 1 of Reference Processing: no references
[4.998s][debug][gc,ref         ] GC(7) Skipped phase 3 of Reference Processing: no references
[4.998s][debug][gc,phases      ] GC(7) Reference Processing 0.349ms
[4.999s][debug][gc,phases      ] GC(7) Weak Processing 1.374ms
[4.999s][debug][gc,age         ] GC(7) Desired survivor size 247463936 bytes, new threshold 8 (max threshold 15)
[4.999s][info ][gc,heap        ] GC(7) PSYoungGen: 1211864K(1572864K)->166126K(1855488K) Eden: 1048576K(1048576K)->0K(1331200K) From: 163288K(524288K)->166126K(524288K)
[4.999s][info ][gc,heap        ] GC(7) ParOldGen: 6086K(18944K)->6094K(18944K)
[4.999s][info ][gc,metaspace   ] GC(7) Metaspace: 52771K(53248K)->52771K(53248K) NonClass: 45019K(45248K)->45019K(45248K) Class: 7752K(8000K)->7752K(8000K)
[4.999s][info ][gc             ] GC(7) Pause Young (Allocation Failure) 1189M->168M(1830M) 69.642ms
[4.999s][info ][gc,cpu         ] GC(7) User=0.26s Sys=0.02s Real=0.06s
[4.999s][info ][safepoint      ] Safepoint "ParallelGCFailedAllocation", Time since last: 264371713 ns, Reaching safepoint: 184404 ns, At safepoint: 69752713 ns, Total: 69937117 ns
[5.462s][info ][safepoint      ] Safepoint "ICBufferFull", Time since last: 462402791 ns, Reaching safepoint: 616014 ns, At safepoint: 38201 ns, Total: 654215 ns
[5.532s][info ][gc,start       ] GC(8) Pause Young (Allocation Failure)
[5.619s][debug][gc,phases      ] GC(8) Scavenge 86.746ms
[5.619s][debug][gc,ref         ] GC(8) Skipped phase 1 of Reference Processing: no references
[5.620s][debug][gc,ref         ] GC(8) Skipped phase 3 of Reference Processing: no references
[5.620s][debug][gc,phases      ] GC(8) Reference Processing 0.551ms
[5.622s][debug][gc,phases      ] GC(8) Weak Processing 2.335ms
[5.622s][debug][gc,age         ] GC(8) Desired survivor size 265289728 bytes, new threshold 9 (max threshold 15)
[5.622s][info ][gc,heap        ] GC(8) PSYoungGen: 1497326K(1855488K)->178362K(1572864K) Eden: 1331200K(1331200K)->0K(1331200K) From: 166126K(524288K)->178362K(241664K)
[5.622s][info ][gc,heap        ] GC(8) ParOldGen: 6094K(18944K)->6102K(18944K)
[5.622s][info ][gc,metaspace   ] GC(8) Metaspace: 54086K(54528K)->54086K(54528K) NonClass: 46164K(46400K)->46164K(46400K) Class: 7921K(8128K)->7921K(8128K)
[5.622s][info ][gc             ] GC(8) Pause Young (Allocation Failure) 1468M->180M(1554M) 89.916ms
[5.622s][info ][gc,cpu         ] GC(8) User=0.31s Sys=0.04s Real=0.09s
[5.622s][info ][safepoint      ] Safepoint "ParallelGCFailedAllocation", Time since last: 69812614 ns, Reaching safepoint: 156304 ns, At safepoint: 90030682 ns, Total: 90186986 ns
[5.992s][info ][gc,start       ] GC(9) Pause Young (Allocation Failure)
[6.085s][debug][gc,phases      ] GC(9) Scavenge 93.324ms
[6.085s][debug][gc,ref         ] GC(9) Skipped phase 1 of Reference Processing: no references
[6.085s][debug][gc,ref         ] GC(9) Skipped phase 3 of Reference Processing: no references
[6.085s][debug][gc,phases      ] GC(9) Reference Processing 0.286ms
[6.087s][debug][gc,phases      ] GC(9) Weak Processing 1.405ms
[6.087s][debug][gc,age         ] GC(9) Desired survivor size 278396928 bytes, new threshold 10 (max threshold 15)
[6.087s][info ][gc,heap        ] GC(9) PSYoungGen: 1509562K(1572864K)->185074K(1812480K) Eden: 1331200K(1331200K)->0K(1553408K) From: 178362K(241664K)->185074K(259072K)
[6.087s][info ][gc,heap        ] GC(9) ParOldGen: 6102K(18944K)->6110K(18944K)
[6.087s][info ][gc,metaspace   ] GC(9) Metaspace: 54237K(54720K)->54237K(54720K) NonClass: 46316K(46592K)->46316K(46592K) Class: 7921K(8128K)->7921K(8128K)
[6.087s][info ][gc             ] GC(9) Pause Young (Allocation Failure) 1480M->186M(1788M) 95.155ms
[6.087s][info ][gc,cpu         ] GC(9) User=0.29s Sys=0.10s Real=0.09s
[6.087s][info ][safepoint      ] Safepoint "ParallelGCFailedAllocation", Time since last: 369025332 ns, Reaching safepoint: 158204 ns, At safepoint: 95270003 ns, Total: 95428207 ns
[6.397s][info ][gc,start       ] GC(10) Pause Young (Allocation Failure)
[6.478s][debug][gc,phases      ] GC(10) Scavenge 80.919ms
[6.478s][debug][gc,ref         ] GC(10) Skipped phase 1 of Reference Processing: no references
[6.479s][debug][gc,ref         ] GC(10) Skipped phase 3 of Reference Processing: no references
[6.479s][debug][gc,phases      ] GC(10) Reference Processing 0.488ms
[6.481s][debug][gc,phases      ] GC(10) Weak Processing 1.822ms
[6.481s][debug][gc,age         ] GC(10) Desired survivor size 286785536 bytes, new threshold 11 (max threshold 15)
[6.481s][info ][gc,heap        ] GC(10) PSYoungGen: 1738482K(1812480K)->186962K(1740800K) Eden: 1553408K(1553408K)->0K(1553408K) From: 185074K(259072K)->186962K(187392K)
[6.481s][info ][gc,heap        ] GC(10) ParOldGen: 6110K(18944K)->6110K(18944K)
[6.481s][info ][gc,metaspace   ] GC(10) Metaspace: 54363K(54848K)->54363K(54848K) NonClass: 46415K(46656K)->46415K(46656K) Class: 7948K(8192K)->7948K(8192K)
[6.481s][info ][gc             ] GC(10) Pause Young (Allocation Failure) 1703M->188M(1718M) 83.394ms
[6.481s][info ][gc,cpu         ] GC(10) User=0.41s Sys=0.00s Real=0.08s
[6.481s][info ][safepoint      ] Safepoint "ParallelGCFailedAllocation", Time since last: 310327475 ns, Reaching safepoint: 220205 ns, At safepoint: 83523532 ns, Total: 83743737 ns
[6.794s][info ][gc,start       ] GC(11) Pause Young (Allocation Failure)
[6.870s][debug][gc,phases      ] GC(11) Scavenge 75.405ms
[6.870s][debug][gc,ref         ] GC(11) Skipped phase 1 of Reference Processing: no references
[6.870s][debug][gc,ref         ] GC(11) Skipped phase 3 of Reference Processing: no references
[6.870s][debug][gc,phases      ] GC(11) Reference Processing 0.291ms
[6.871s][debug][gc,phases      ] GC(11) Weak Processing 1.237ms
[6.871s][debug][gc,age         ] GC(11) Desired survivor size 290979840 bytes, new threshold 11 (max threshold 15)
[6.871s][info ][gc,heap        ] GC(11) PSYoungGen: 1740370K(1740800K)->186634K(1808896K) Eden: 1553408K(1553408K)->0K(1528832K) From: 186962K(187392K)->186634K(280064K)
[6.871s][info ][gc,heap        ] GC(11) ParOldGen: 6110K(18944K)->6118K(18944K)
[6.871s][info ][gc,metaspace   ] GC(11) Metaspace: 55091K(55616K)->55091K(55616K) NonClass: 47052K(47360K)->47052K(47360K) Class: 8038K(8256K)->8038K(8256K)
[6.871s][info ][gc             ] GC(11) Pause Young (Allocation Failure) 1705M->188M(1785M) 77.094ms
[6.871s][info ][gc,cpu         ] GC(11) User=0.31s Sys=0.00s Real=0.08s
[6.872s][info ][safepoint      ] Safepoint "ParallelGCFailedAllocation", Time since last: 313177841 ns, Reaching safepoint: 207505 ns, At safepoint: 77216286 ns, Total: 77423791 ns
[7.210s][info ][gc,start       ] GC(12) Pause Young (Allocation Failure)
[7.283s][debug][gc,phases      ] GC(12) Scavenge 73.170ms
[7.283s][debug][gc,ref         ] GC(12) Skipped phase 1 of Reference Processing: no references
[7.283s][debug][gc,ref         ] GC(12) Skipped phase 3 of Reference Processing: no references
[7.283s][debug][gc,phases      ] GC(12) Reference Processing 0.311ms
[7.285s][debug][gc,phases      ] GC(12) Weak Processing 1.457ms
[7.285s][debug][gc,age         ] GC(12) Desired survivor size 292028416 bytes, new threshold 11 (max threshold 15)
[7.285s][info ][gc,heap        ] GC(12) PSYoungGen: 1715466K(1808896K)->182626K(1711616K) Eden: 1528832K(1528832K)->0K(1528832K) From: 186634K(280064K)->182626K(182784K)
[7.285s][info ][gc,heap        ] GC(12) ParOldGen: 6118K(18944K)->6126K(18944K)
[7.285s][info ][gc,metaspace   ] GC(12) Metaspace: 55896K(56384K)->55896K(56384K) NonClass: 47747K(48000K)->47747K(48000K) Class: 8149K(8384K)->8149K(8384K)
[7.285s][info ][gc             ] GC(12) Pause Young (Allocation Failure) 1681M->184M(1690M) 75.074ms
[7.285s][info ][gc,cpu         ] GC(12) User=0.29s Sys=0.00s Real=0.07s
[7.285s][info ][safepoint      ] Safepoint "ParallelGCFailedAllocation", Time since last: 337647007 ns, Reaching safepoint: 582314 ns, At safepoint: 75186138 ns, Total: 75768452 ns
[7.621s][info ][gc,start       ] GC(13) Pause Young (Allocation Failure)
[7.694s][debug][gc,phases      ] GC(13) Scavenge 72.937ms
[7.694s][debug][gc,ref         ] GC(13) Skipped phase 1 of Reference Processing: no references
[7.695s][debug][gc,ref         ] GC(13) Skipped phase 3 of Reference Processing: no references
[7.695s][debug][gc,phases      ] GC(13) Reference Processing 0.318ms
[7.696s][debug][gc,phases      ] GC(13) Weak Processing 1.406ms
[7.696s][debug][gc,age         ] GC(13) Desired survivor size 292028416 bytes, new threshold 11 (max threshold 15)
[7.696s][info ][gc,heap        ] GC(13) PSYoungGen: 1711458K(1711616K)->183306K(1811968K) Eden: 1528832K(1528832K)->0K(1526784K) From: 182626K(182784K)->183306K(285184K)
[7.696s][info ][gc,heap        ] GC(13) ParOldGen: 6126K(18944K)->6134K(18944K)
[7.696s][info ][gc,metaspace   ] GC(13) Metaspace: 56209K(56768K)->56209K(56768K) NonClass: 48028K(48320K)->48028K(48320K) Class: 8180K(8448K)->8180K(8448K)
[7.696s][info ][gc             ] GC(13) Pause Young (Allocation Failure) 1677M->185M(1788M) 74.806ms
[7.696s][info ][gc,cpu         ] GC(13) User=0.30s Sys=0.01s Real=0.08s
[7.696s][info ][safepoint      ] Safepoint "ParallelGCFailedAllocation", Time since last: 336120973 ns, Reaching safepoint: 270006 ns, At safepoint: 74924733 ns, Total: 75194739 ns
[8.014s][info ][gc,start       ] GC(14) Pause Young (Allocation Failure)
[8.083s][debug][gc,phases      ] GC(14) Scavenge 69.274ms
[8.084s][debug][gc,ref         ] GC(14) Skipped phase 1 of Reference Processing: no references
[8.084s][debug][gc,ref         ] GC(14) Skipped phase 3 of Reference Processing: no references
[8.084s][debug][gc,phases      ] GC(14) Reference Processing 0.300ms
[8.085s][debug][gc,phases      ] GC(14) Weak Processing 1.434ms
[8.085s][debug][gc,age         ] GC(14) Desired survivor size 286261248 bytes, new threshold 11 (max threshold 15)
[8.085s][info ][gc,heap        ] GC(14) PSYoungGen: 1710090K(1811968K)->172310K(1811968K) Eden: 1526784K(1526784K)->0K(1526784K) From: 183306K(285184K)->172310K(285184K)
[8.085s][info ][gc,heap        ] GC(14) ParOldGen: 6134K(18944K)->18317K(18944K)
[8.085s][info ][gc,metaspace   ] GC(14) Metaspace: 56258K(56768K)->56258K(56768K) NonClass: 48075K(48320K)->48075K(48320K) Class: 8182K(8448K)->8182K(8448K)
[8.085s][info ][gc             ] GC(14) Pause Young (Allocation Failure) 1676M->186M(1788M) 71.168ms
[8.085s][info ][gc,cpu         ] GC(14) User=0.28s Sys=0.00s Real=0.07s
[8.085s][debug][gc,phases      ] GC(15) Pre Compact 0.011ms
[8.085s][info ][gc,start       ] GC(15) Pause Full (Ergonomics)
[8.085s][info ][gc,phases,start] GC(15) Marking Phase
[8.156s][debug][gc,phases      ] GC(15) Par Mark 70.578ms
[8.156s][debug][gc,ref         ] GC(15) Skipped phase 1 of Reference Processing: no references
[8.156s][debug][gc,ref         ] GC(15) Skipped phase 3 of Reference Processing: no references
[8.156s][debug][gc,phases      ] GC(15) Reference Processing 0.157ms
[8.157s][debug][gc,phases      ] GC(15) Weak Processing 0.477ms
[8.157s][debug][gc,phases      ] GC(15) ClassLoaderData 0.055ms
[8.157s][debug][gc,phases      ] GC(15) Trigger cleanups 0.000ms
[8.163s][debug][gc,phases      ] GC(15) Class Unloading 6.343ms
[8.163s][info ][gc,phases      ] GC(15) Marking Phase 77.708ms
[8.163s][info ][gc,phases,start] GC(15) Summary Phase
[8.163s][info ][gc,phases      ] GC(15) Summary Phase 0.009ms
[8.163s][info ][gc,phases,start] GC(15) Adjust Roots
[8.181s][info ][gc,phases      ] GC(15) Adjust Roots 18.020ms
[8.181s][info ][gc,phases,start] GC(15) Compaction Phase
[8.894s][info ][gc,phases      ] GC(15) Compaction Phase 712.603ms
[8.894s][info ][gc,phases,start] GC(15) Post Compact
[8.895s][info ][gc,phases      ] GC(15) Post Compact 0.979ms
[8.895s][info ][gc,heap        ] GC(15) PSYoungGen: 172310K(1811968K)->171472K(1811968K) Eden: 0K(1526784K)->0K(1526784K) From: 172310K(285184K)->171472K(285184K)
[8.895s][info ][gc,heap        ] GC(15) ParOldGen: 18317K(18944K)->18747K(41984K)
[8.895s][info ][gc,metaspace   ] GC(15) Metaspace: 56258K(56768K)->56258K(56768K) NonClass: 48075K(48320K)->48075K(48320K) Class: 8182K(8448K)->8182K(8448K)
[8.895s][info ][gc             ] GC(15) Pause Full (Ergonomics) 186M->185M(1810M) 809.517ms
[8.895s][info ][gc,cpu         ] GC(15) User=1.95s Sys=0.02s Real=0.81s
[8.900s][info ][safepoint      ] Safepoint "ParallelGCFailedAllocation", Time since last: 317096032 ns, Reaching safepoint: 769018 ns, At safepoint: 885514078 ns, Total: 886283096 ns
[8.912s][info ][safepoint      ] Safepoint "ICBufferFull", Time since last: 11771472 ns, Reaching safepoint: 120803 ns, At safepoint: 30101 ns, Total: 150904 ns
[9.209s][info ][safepoint      ] Safepoint "ICBufferFull", Time since last: 297073670 ns, Reaching safepoint: 248106 ns, At safepoint: 26000 ns, Total: 274106 ns
[9.241s][info ][gc,start       ] GC(16) Pause Young (Allocation Failure)
[9.318s][debug][gc,phases      ] GC(16) Scavenge 77.049ms
[9.318s][debug][gc,ref         ] GC(16) Skipped phase 1 of Reference Processing: no references
[9.319s][debug][gc,ref         ] GC(16) Skipped phase 3 of Reference Processing: no references
[9.319s][debug][gc,phases      ] GC(16) Reference Processing 0.220ms
[9.320s][debug][gc,phases      ] GC(16) Weak Processing 1.365ms
[9.320s][debug][gc,age         ] GC(16) Desired survivor size 276299776 bytes, new threshold 12 (max threshold 15)
[9.320s][info ][gc,heap        ] GC(16) PSYoungGen: 1698256K(1811968K)->137257K(1827328K) Eden: 1526784K(1526784K)->0K(1547776K) From: 171472K(285184K)->137257K(279552K)
[9.320s][info ][gc,heap        ] GC(16) ParOldGen: 18747K(41984K)->54407K(54784K)
[9.320s][info ][gc,metaspace   ] GC(16) Metaspace: 56271K(56832K)->56271K(56832K) NonClass: 48087K(48384K)->48087K(48384K) Class: 8183K(8448K)->8183K(8448K)
[9.320s][info ][gc             ] GC(16) Pause Young (Allocation Failure) 1676M->187M(1838M) 78.780ms
[9.320s][info ][gc,cpu         ] GC(16) User=0.30s Sys=0.01s Real=0.08s
[9.320s][debug][gc,phases      ] GC(17) Pre Compact 0.010ms
[9.320s][info ][gc,start       ] GC(17) Pause Full (Ergonomics)
[9.320s][info ][gc,phases,start] GC(17) Marking Phase
[9.399s][debug][gc,phases      ] GC(17) Par Mark 78.703ms
[9.399s][debug][gc,ref         ] GC(17) Skipped phase 1 of Reference Processing: no references
[9.399s][debug][gc,ref         ] GC(17) Skipped phase 3 of Reference Processing: no references
[9.399s][debug][gc,phases      ] GC(17) Reference Processing 0.184ms
[9.400s][debug][gc,phases      ] GC(17) Weak Processing 0.503ms
[9.400s][debug][gc,phases      ] GC(17) ClassLoaderData 0.052ms
[9.400s][debug][gc,phases      ] GC(17) Trigger cleanups 0.000ms
[9.406s][debug][gc,phases      ] GC(17) Class Unloading 6.356ms
[9.406s][info ][gc,phases      ] GC(17) Marking Phase 85.900ms
[9.406s][info ][gc,phases,start] GC(17) Summary Phase
[9.406s][info ][gc,phases      ] GC(17) Summary Phase 0.008ms
[9.406s][info ][gc,phases,start] GC(17) Adjust Roots
[9.423s][info ][gc,phases      ] GC(17) Adjust Roots 16.841ms
[9.423s][info ][gc,phases,start] GC(17) Compaction Phase
[10.041s][info ][gc,phases      ] GC(17) Compaction Phase 618.244ms
[10.041s][info ][gc,phases,start] GC(17) Post Compact
[10.042s][info ][gc,phases      ] GC(17) Post Compact 0.552ms
[10.042s][info ][gc,heap        ] GC(17) PSYoungGen: 137257K(1827328K)->136516K(1827328K) Eden: 0K(1547776K)->0K(1547776K) From: 137257K(279552K)->136516K(279552K)
[10.042s][info ][gc,heap        ] GC(17) ParOldGen: 54407K(54784K)->54719K(98304K)
[10.042s][info ][gc,metaspace   ] GC(17) Metaspace: 56271K(56832K)->56271K(56832K) NonClass: 48087K(48384K)->48087K(48384K) Class: 8183K(8448K)->8183K(8448K)
[10.042s][info ][gc             ] GC(17) Pause Full (Ergonomics) 187M->186M(1880M) 721.777ms
[10.042s][info ][gc,cpu         ] GC(17) User=1.69s Sys=0.01s Real=0.73s
[10.042s][info ][safepoint      ] Safepoint "ParallelGCFailedAllocation", Time since last: 32094943 ns, Reaching safepoint: 134503 ns, At safepoint: 800695517 ns, Total: 800830020 ns
[10.338s][info ][gc,start       ] GC(18) Pause Young (Allocation Failure)
[10.398s][debug][gc,phases      ] GC(18) Scavenge 59.999ms
[10.398s][debug][gc,ref         ] GC(18) Skipped phase 1 of Reference Processing: no references
[10.399s][debug][gc,ref         ] GC(18) Skipped phase 3 of Reference Processing: no references
[10.399s][debug][gc,ref         ] GC(18) Skipped phase 4 of Reference Processing: no references
[10.399s][debug][gc,phases      ] GC(18) Reference Processing 0.107ms
[10.400s][debug][gc,phases      ] GC(18) Weak Processing 1.076ms
[10.400s][debug][gc,age         ] GC(18) Desired survivor size 265814016 bytes, new threshold 13 (max threshold 15)
[10.400s][info ][gc,heap        ] GC(18) PSYoungGen: 1684292K(1827328K)->138441K(1817600K) Eden: 1547776K(1547776K)->0K(1547776K) From: 136516K(279552K)->138441K(269824K)
[10.400s][info ][gc,heap        ] GC(18) ParOldGen: 54719K(98304K)->54727K(98304K)
[10.400s][info ][gc,metaspace   ] GC(18) Metaspace: 56276K(56832K)->56276K(56832K) NonClass: 48092K(48384K)->48092K(48384K) Class: 8183K(8448K)->8183K(8448K)
[10.400s][info ][gc             ] GC(18) Pause Young (Allocation Failure) 1698M->188M(1871M) 61.316ms
[10.400s][info ][gc,cpu         ] GC(18) User=0.24s Sys=0.00s Real=0.06s
[10.400s][info ][safepoint      ] Safepoint "ParallelGCFailedAllocation", Time since last: 296267152 ns, Reaching safepoint: 176005 ns, At safepoint: 61427520 ns, Total: 61603525 ns
[10.684s][info ][gc,start       ] GC(19) Pause Young (Allocation Failure)
[10.743s][debug][gc,phases      ] GC(19) Scavenge 58.587ms
[10.743s][debug][gc,ref         ] GC(19) Skipped phase 1 of Reference Processing: no references
[10.743s][debug][gc,ref         ] GC(19) Skipped phase 3 of Reference Processing: no references
[10.743s][debug][gc,ref         ] GC(19) Skipped phase 4 of Reference Processing: no references
[10.743s][debug][gc,phases      ] GC(19) Reference Processing 0.099ms
[10.744s][debug][gc,phases      ] GC(19) Weak Processing 0.976ms
[10.744s][debug][gc,age         ] GC(19) Desired survivor size 256376832 bytes, new threshold 14 (max threshold 15)
[10.744s][info ][gc,heap        ] GC(19) PSYoungGen: 1686217K(1817600K)->140057K(1846784K) Eden: 1547776K(1547776K)->0K(1587200K) From: 138441K(269824K)->140057K(259584K)
[10.744s][info ][gc,heap        ] GC(19) ParOldGen: 54727K(98304K)->54735K(98304K)
[10.744s][info ][gc,metaspace   ] GC(19) Metaspace: 56287K(56896K)->56287K(56896K) NonClass: 48102K(48448K)->48102K(48448K) Class: 8185K(8448K)->8185K(8448K)
[10.744s][info ][gc             ] GC(19) Pause Young (Allocation Failure) 1700M->190M(1899M) 59.814ms
[10.744s][info ][gc,cpu         ] GC(19) User=0.23s Sys=0.00s Real=0.06s
[10.744s][info ][safepoint      ] Safepoint "ParallelGCFailedAllocation", Time since last: 283974468 ns, Reaching safepoint: 148604 ns, At safepoint: 59924585 ns, Total: 60073189 ns
[11.013s][info ][gc,start       ] GC(20) Pause Young (Allocation Failure)
[11.068s][debug][gc,phases      ] GC(20) Scavenge 55.214ms
[11.068s][debug][gc,ref         ] GC(20) Skipped phase 1 of Reference Processing: no references
[11.069s][debug][gc,ref         ] GC(20) Skipped phase 3 of Reference Processing: no references
[11.069s][debug][gc,ref         ] GC(20) Skipped phase 4 of Reference Processing: no references
[11.069s][debug][gc,phases      ] GC(20) Reference Processing 0.160ms
[11.070s][debug][gc,phases      ] GC(20) Weak Processing 0.983ms
[11.070s][debug][gc,age         ] GC(20) Desired survivor size 246939648 bytes, new threshold 15 (max threshold 15)
[11.070s][info ][gc,heap        ] GC(20) PSYoungGen: 1727257K(1846784K)->142505K(1837568K) Eden: 1587200K(1587200K)->0K(1587200K) From: 140057K(259584K)->142505K(250368K)
[11.070s][info ][gc,heap        ] GC(20) ParOldGen: 54735K(98304K)->54743K(98304K)
[11.070s][info ][gc,metaspace   ] GC(20) Metaspace: 56303K(56896K)->56303K(56896K) NonClass: 48116K(48448K)->48116K(48448K) Class: 8186K(8448K)->8186K(8448K)
[11.070s][info ][gc             ] GC(20) Pause Young (Allocation Failure) 1740M->192M(1890M) 56.495ms
[11.070s][info ][gc,cpu         ] GC(20) User=0.22s Sys=0.00s Real=0.06s
[11.070s][info ][safepoint      ] Safepoint "ParallelGCFailedAllocation", Time since last: 268866819 ns, Reaching safepoint: 458811 ns, At safepoint: 56608709 ns, Total: 57067520 ns
[11.382s][info ][safepoint      ] Safepoint "ParallelGCFailedAllocation", Time since last: 311713510 ns, Reaching safepoint: 198704 ns, At safepoint: 31601 ns, Total: 230305 ns
[11.383s][info ][gc,start       ] GC(21) Pause Young (GCLocker Initiated GC)
[11.445s][debug][gc,phases      ] GC(21) Scavenge 62.152ms
[11.445s][debug][gc,ref         ] GC(21) Skipped phase 1 of Reference Processing: no references
[11.445s][debug][gc,ref         ] GC(21) Skipped phase 3 of Reference Processing: no references
[11.445s][debug][gc,phases      ] GC(21) Reference Processing 0.117ms
[11.446s][debug][gc,phases      ] GC(21) Weak Processing 1.029ms
[11.446s][debug][gc,age         ] GC(21) Desired survivor size 238026752 bytes, new threshold 15 (max threshold 15)
[11.446s][info ][gc,heap        ] GC(21) PSYoungGen: 1729705K(1837568K)->144071K(1864704K) Eden: 1587200K(1587200K)->0K(1623552K) From: 142505K(250368K)->144071K(241152K)
[11.446s][info ][gc,heap        ] GC(21) ParOldGen: 54743K(98304K)->54743K(98304K)
[11.446s][info ][gc,metaspace   ] GC(21) Metaspace: 56622K(57216K)->56622K(57216K) NonClass: 48382K(48704K)->48382K(48704K) Class: 8239K(8512K)->8239K(8512K)
[11.446s][info ][gc             ] GC(21) Pause Young (GCLocker Initiated GC) 1742M->194M(1917M) 63.431ms
[11.446s][info ][gc,cpu         ] GC(21) User=0.26s Sys=0.00s Real=0.06s
[11.446s][info ][safepoint      ] Safepoint "ParallelGCSystemGC", Time since last: 989123 ns, Reaching safepoint: 100202 ns, At safepoint: 63528370 ns, Total: 63628572 ns
[11.815s][info ][gc,start       ] GC(22) Pause Young (Allocation Failure)
[11.908s][debug][gc,phases      ] GC(22) Scavenge 92.938ms
[11.908s][debug][gc,ref         ] GC(22) Skipped phase 1 of Reference Processing: no references
[11.908s][debug][gc,ref         ] GC(22) Skipped phase 3 of Reference Processing: no references
[11.908s][debug][gc,phases      ] GC(22) Reference Processing 0.125ms
[11.909s][debug][gc,phases      ] GC(22) Weak Processing 1.090ms
[11.909s][debug][gc,age         ] GC(22) Desired survivor size 247988224 bytes, new threshold 15 (max threshold 15)
[11.909s][info ][gc,heap        ] GC(22) PSYoungGen: 1767623K(1864704K)->41238K(1665024K) Eden: 1623552K(1623552K)->0K(1623552K) From: 144071K(241152K)->41238K(41472K)
[11.909s][info ][gc,heap        ] GC(22) ParOldGen: 54744K(98304K)->158474K(158720K)
[11.909s][info ][gc,metaspace   ] GC(22) Metaspace: 57712K(58304K)->57712K(58304K) NonClass: 49314K(49600K)->49314K(49600K) Class: 8397K(8704K)->8397K(8704K)
[11.909s][info ][gc             ] GC(22) Pause Young (Allocation Failure) 1779M->195M(1781M) 94.311ms
[11.909s][info ][gc,cpu         ] GC(22) User=0.35s Sys=0.02s Real=0.09s
[11.909s][debug][gc,phases      ] GC(23) Pre Compact 0.011ms
[11.909s][info ][gc,start       ] GC(23) Pause Full (Ergonomics)
[11.909s][info ][gc,phases,start] GC(23) Marking Phase
[11.985s][debug][gc,phases      ] GC(23) Par Mark 76.411ms
[11.985s][debug][gc,ref         ] GC(23) Skipped phase 1 of Reference Processing: no references
[11.986s][debug][gc,ref         ] GC(23) Skipped phase 3 of Reference Processing: no references
[11.986s][debug][gc,phases      ] GC(23) Reference Processing 0.246ms
[11.986s][debug][gc,phases      ] GC(23) Weak Processing 0.488ms
[11.986s][debug][gc,phases      ] GC(23) ClassLoaderData 0.053ms
[11.986s][debug][gc,phases      ] GC(23) Trigger cleanups 0.000ms
[11.993s][debug][gc,phases      ] GC(23) Class Unloading 6.542ms
[11.993s][info ][gc,phases      ] GC(23) Marking Phase 83.811ms
[11.993s][info ][gc,phases,start] GC(23) Summary Phase
[11.993s][info ][gc,phases      ] GC(23) Summary Phase 0.007ms
[11.993s][info ][gc,phases,start] GC(23) Adjust Roots
[12.007s][info ][gc,phases      ] GC(23) Adjust Roots 14.305ms
[12.007s][info ][gc,phases,start] GC(23) Compaction Phase
[12.300s][info ][gc,phases      ] GC(23) Compaction Phase 293.202ms
[12.300s][info ][gc,phases,start] GC(23) Post Compact
[12.301s][info ][gc,phases      ] GC(23) Post Compact 0.619ms
[12.301s][info ][gc,heap        ] GC(23) PSYoungGen: 41238K(1665024K)->40573K(1665024K) Eden: 0K(1623552K)->0K(1623552K) From: 41238K(41472K)->40573K(41472K)
[12.301s][info ][gc,heap        ] GC(23) ParOldGen: 158474K(158720K)->158498K(247296K)
[12.301s][info ][gc,metaspace   ] GC(23) Metaspace: 57712K(58304K)->57712K(58304K) NonClass: 49314K(49600K)->49314K(49600K) Class: 8397K(8704K)->8397K(8704K)
[12.301s][info ][gc             ] GC(23) Pause Full (Ergonomics) 195M->194M(1867M) 392.205ms
[12.301s][info ][gc,cpu         ] GC(23) User=1.21s Sys=0.01s Real=0.39s
[12.308s][info ][safepoint      ] Safepoint "ParallelGCFailedAllocation", Time since last: 367992311 ns, Reaching safepoint: 279106 ns, At safepoint: 493008204 ns, Total: 493287310 ns
[12.657s][info ][gc,start       ] GC(24) Pause Young (Allocation Failure)
[12.698s][debug][gc,phases      ] GC(24) Scavenge 41.527ms
[12.698s][debug][gc,ref         ] GC(24) Skipped phase 1 of Reference Processing: no references
[12.698s][debug][gc,ref         ] GC(24) Skipped phase 3 of Reference Processing: no references
[12.698s][debug][gc,phases      ] GC(24) Reference Processing 0.107ms
[12.699s][debug][gc,phases      ] GC(24) Weak Processing 0.614ms
[12.699s][debug][gc,age         ] GC(24) Desired survivor size 255852544 bytes, new threshold 15 (max threshold 15)
[12.699s][info ][gc,heap        ] GC(24) PSYoungGen: 1664125K(1665024K)->30936K(1839616K) Eden: 1623552K(1623552K)->0K(1597440K) From: 40573K(41472K)->30936K(242176K)
[12.699s][info ][gc,heap        ] GC(24) ParOldGen: 158498K(247296K)->169836K(247296K)
[12.699s][info ][gc,metaspace   ] GC(24) Metaspace: 61090K(61632K)->61090K(61632K) NonClass: 52272K(52544K)->52272K(52544K) Class: 8817K(9088K)->8817K(9088K)
[12.699s][info ][gc             ] GC(24) Pause Young (Allocation Failure) 1779M->196M(2038M) 42.386ms
[12.699s][info ][gc,cpu         ] GC(24) User=0.16s Sys=0.01s Real=0.04s
[12.699s][info ][safepoint      ] Safepoint "ParallelGCFailedAllocation", Time since last: 348901270 ns, Reaching safepoint: 198705 ns, At safepoint: 42496283 ns, Total: 42694988 ns
[13.028s][info ][gc,start       ] GC(25) Pause Young (Allocation Failure)
[13.044s][debug][gc,phases      ] GC(25) Scavenge 15.917ms
[13.044s][debug][gc,ref         ] GC(25) Skipped phase 1 of Reference Processing: no references
[13.044s][debug][gc,ref         ] GC(25) Skipped phase 3 of Reference Processing: no references
[13.044s][debug][gc,phases      ] GC(25) Reference Processing 0.122ms
[13.045s][debug][gc,phases      ] GC(25) Weak Processing 0.630ms
[13.045s][debug][gc,age         ] GC(25) Desired survivor size 258998272 bytes, new threshold 15 (max threshold 15)
[13.045s][info ][gc,heap        ] GC(25) PSYoungGen: 1628376K(1839616K)->33504K(1631232K) Eden: 1597440K(1597440K)->0K(1597440K) From: 30936K(242176K)->33504K(33792K)
[13.045s][info ][gc,heap        ] GC(25) ParOldGen: 169836K(247296K)->172725K(247296K)
[13.045s][info ][gc,metaspace   ] GC(25) Metaspace: 62088K(62656K)->62088K(62656K) NonClass: 53137K(53440K)->53137K(53440K) Class: 8950K(9216K)->8950K(9216K)
[13.045s][info ][gc             ] GC(25) Pause Young (Allocation Failure) 1756M->201M(1834M) 16.821ms
[13.045s][info ][gc,cpu         ] GC(25) User=0.06s Sys=0.01s Real=0.02s
[13.045s][info ][safepoint      ] Safepoint "ParallelGCFailedAllocation", Time since last: 328692303 ns, Reaching safepoint: 165204 ns, At safepoint: 16942792 ns, Total: 17107996 ns
[13.356s][info ][gc,start       ] GC(26) Pause Young (Allocation Failure)
[13.411s][debug][gc,phases      ] GC(26) Scavenge 55.163ms
[13.411s][debug][gc,ref         ] GC(26) Skipped phase 1 of Reference Processing: no references
[13.411s][debug][gc,ref         ] GC(26) Skipped phase 3 of Reference Processing: no references
[13.411s][debug][gc,phases      ] GC(26) Reference Processing 0.093ms
[13.412s][debug][gc,phases      ] GC(26) Weak Processing 0.569ms
[13.412s][debug][gc,age         ] GC(26) Desired survivor size 252182528 bytes, new threshold 15 (max threshold 15)
[13.412s][info ][gc,heap        ] GC(26) PSYoungGen: 1630944K(1631232K)->76160K(1850880K) Eden: 1597440K(1597440K)->0K(1597952K) From: 33504K(33792K)->76160K(252928K)
[13.412s][info ][gc,heap        ] GC(26) ParOldGen: 172725K(247296K)->183401K(247296K)
[13.412s][info ][gc,metaspace   ] GC(26) Metaspace: 62180K(62720K)->62180K(62720K) NonClass: 53222K(53504K)->53222K(53504K) Class: 8957K(9216K)->8957K(9216K)
[13.412s][info ][gc             ] GC(26) Pause Young (Allocation Failure) 1761M->253M(2049M) 55.961ms
[13.412s][info ][gc,cpu         ] GC(26) User=0.20s Sys=0.00s Real=0.06s
[13.412s][info ][safepoint      ] Safepoint "ParallelGCFailedAllocation", Time since last: 310749388 ns, Reaching safepoint: 153804 ns, At safepoint: 56087097 ns, Total: 56240901 ns
[13.815s][info ][gc,start       ] GC(27) Pause Young (Allocation Failure)
[13.861s][debug][gc,phases      ] GC(27) Scavenge 46.142ms
[13.861s][debug][gc,ref         ] GC(27) Skipped phase 1 of Reference Processing: no references
[13.861s][debug][gc,ref         ] GC(27) Skipped phase 3 of Reference Processing: no references
[13.861s][debug][gc,phases      ] GC(27) Reference Processing 0.160ms
[13.862s][debug][gc,phases      ] GC(27) Weak Processing 0.739ms
[13.862s][debug][gc,age         ] GC(27) Desired survivor size 244318208 bytes, new threshold 15 (max threshold 15)
[13.862s][info ][gc,heap        ] GC(27) PSYoungGen: 1674112K(1850880K)->82512K(1844224K) Eden: 1597952K(1597952K)->0K(1597952K) From: 76160K(252928K)->82512K(246272K)
[13.862s][info ][gc,heap        ] GC(27) ParOldGen: 183401K(247296K)->185881K(247296K)
[13.862s][info ][gc,metaspace   ] GC(27) Metaspace: 63009K(63616K)->63009K(63616K) NonClass: 53957K(54272K)->53957K(54272K) Class: 9051K(9344K)->9051K(9344K)
[13.862s][info ][gc             ] GC(27) Pause Young (Allocation Failure) 1813M->262M(2042M) 47.204ms
[13.862s][info ][gc,cpu         ] GC(27) User=0.18s Sys=0.00s Real=0.05s
[13.862s][info ][safepoint      ] Safepoint "ParallelGCFailedAllocation", Time since last: 402908220 ns, Reaching safepoint: 217805 ns, At safepoint: 47333795 ns, Total: 47551600 ns
[14.178s][info ][gc,start       ] GC(28) Pause Young (Allocation Failure)
[14.218s][debug][gc,phases      ] GC(28) Scavenge 40.193ms
[14.218s][debug][gc,ref         ] GC(28) Skipped phase 1 of Reference Processing: no references
[14.218s][debug][gc,ref         ] GC(28) Skipped phase 3 of Reference Processing: no references
[14.218s][debug][gc,phases      ] GC(28) Reference Processing 0.120ms
[14.219s][debug][gc,phases      ] GC(28) Weak Processing 0.584ms
[14.219s][debug][gc,age         ] GC(28) Desired survivor size 234356736 bytes, new threshold 15 (max threshold 15)
[14.219s][info ][gc,heap        ] GC(28) PSYoungGen: 1680464K(1844224K)->89200K(1868288K) Eden: 1597952K(1597952K)->0K(1629696K) From: 82512K(246272K)->89200K(238592K)
[14.219s][info ][gc,heap        ] GC(28) ParOldGen: 185881K(247296K)->186265K(247296K)
[14.219s][info ][gc,metaspace   ] GC(28) Metaspace: 63327K(63872K)->63327K(63872K) NonClass: 54248K(54528K)->54248K(54528K) Class: 9078K(9344K)->9078K(9344K)
[14.219s][info ][gc             ] GC(28) Pause Young (Allocation Failure) 1822M->269M(2066M) 41.048ms
[14.219s][info ][gc,cpu         ] GC(28) User=0.16s Sys=0.00s Real=0.04s
[14.219s][info ][safepoint      ] Safepoint "ParallelGCFailedAllocation", Time since last: 315341095 ns, Reaching safepoint: 217005 ns, At safepoint: 41169752 ns, Total: 41386757 ns
[14.613s][info ][gc,start       ] GC(29) Pause Young (Allocation Failure)
[14.657s][debug][gc,phases      ] GC(29) Scavenge 43.333ms
[14.657s][debug][gc,ref         ] GC(29) Skipped phase 1 of Reference Processing: no references
[14.657s][debug][gc,ref         ] GC(29) Skipped phase 3 of Reference Processing: no references
[14.657s][debug][gc,phases      ] GC(29) Reference Processing 0.192ms
[14.658s][debug][gc,phases      ] GC(29) Weak Processing 0.839ms
[14.658s][debug][gc,age         ] GC(29) Desired survivor size 224395264 bytes, new threshold 15 (max threshold 15)
[14.658s][info ][gc,heap        ] GC(29) PSYoungGen: 1718896K(1868288K)->95376K(1858560K) Eden: 1629696K(1629696K)->0K(1629696K) From: 89200K(238592K)->95376K(228864K)
[14.658s][info ][gc,heap        ] GC(29) ParOldGen: 186265K(247296K)->187517K(247296K)
[14.658s][info ][gc,metaspace   ] GC(29) Metaspace: 63599K(64128K)->63599K(64128K) NonClass: 54499K(54784K)->54499K(54784K) Class: 9099K(9344K)->9099K(9344K)
[14.658s][info ][gc             ] GC(29) Pause Young (Allocation Failure) 1860M->276M(2056M) 44.531ms
[14.658s][info ][gc,cpu         ] GC(29) User=0.17s Sys=0.01s Real=0.04s
[14.658s][info ][safepoint      ] Safepoint "ParallelGCFailedAllocation", Time since last: 393790910 ns, Reaching safepoint: 505312 ns, At safepoint: 44667733 ns, Total: 45173045 ns
[14.938s][info ][safepoint      ] Safepoint "ICBufferFull", Time since last: 279180359 ns, Reaching safepoint: 482611 ns, At safepoint: 26200 ns, Total: 508811 ns
[15.002s][info ][gc,start       ] GC(30) Pause Young (Allocation Failure)
[15.042s][debug][gc,phases      ] GC(30) Scavenge 40.272ms
[15.042s][debug][gc,ref         ] GC(30) Skipped phase 1 of Reference Processing: no references
[15.043s][debug][gc,ref         ] GC(30) Skipped phase 3 of Reference Processing: no references
[15.043s][debug][gc,phases      ] GC(30) Reference Processing 0.124ms
[15.043s][debug][gc,phases      ] GC(30) Weak Processing 0.541ms
[15.043s][debug][gc,age         ] GC(30) Desired survivor size 213909504 bytes, new threshold 15 (max threshold 15)
[15.043s][info ][gc,heap        ] GC(30) PSYoungGen: 1725072K(1858560K)->99792K(1888256K) Eden: 1629696K(1629696K)->0K(1669120K) From: 95376K(228864K)->99792K(219136K)
[15.043s][info ][gc,heap        ] GC(30) ParOldGen: 187517K(247296K)->188485K(247296K)
[15.043s][info ][gc,metaspace   ] GC(30) Metaspace: 63635K(64192K)->63635K(64192K) NonClass: 54535K(54848K)->54535K(54848K) Class: 9099K(9344K)->9099K(9344K)
[15.043s][info ][gc             ] GC(30) Pause Young (Allocation Failure) 1867M->281M(2085M) 41.076ms
[15.043s][info ][gc,cpu         ] GC(30) User=0.17s Sys=0.00s Real=0.04s
[15.043s][info ][safepoint      ] Safepoint "ParallelGCFailedAllocation", Time since last: 64111984 ns, Reaching safepoint: 123102 ns, At safepoint: 41180353 ns, Total: 41303455 ns
[15.382s][info ][gc,start       ] GC(31) Pause Young (Allocation Failure)
[15.422s][debug][gc,phases      ] GC(31) Scavenge 40.027ms
[15.422s][debug][gc,ref         ] GC(31) Skipped phase 1 of Reference Processing: no references
[15.422s][debug][gc,ref         ] GC(31) Skipped phase 3 of Reference Processing: no references
[15.422s][debug][gc,phases      ] GC(31) Reference Processing 0.089ms
[15.423s][debug][gc,phases      ] GC(31) Weak Processing 0.580ms
[15.423s][debug][gc,age         ] GC(31) Desired survivor size 204472320 bytes, new threshold 15 (max threshold 15)
[15.423s][info ][gc,heap        ] GC(31) PSYoungGen: 1768912K(1888256K)->100928K(1878016K) Eden: 1669120K(1669120K)->0K(1669120K) From: 99792K(219136K)->100928K(208896K)
[15.423s][info ][gc,heap        ] GC(31) ParOldGen: 188485K(247296K)->189005K(247296K)
[15.423s][info ][gc,metaspace   ] GC(31) Metaspace: 63644K(64192K)->63644K(64192K) NonClass: 54544K(54848K)->54544K(54848K) Class: 9099K(9344K)->9099K(9344K)
[15.423s][info ][gc             ] GC(31) Pause Young (Allocation Failure) 1911M->283M(2075M) 40.824ms
[15.423s][info ][gc,cpu         ] GC(31) User=0.14s Sys=0.02s Real=0.04s
[15.423s][info ][safepoint      ] Safepoint "ParallelGCFailedAllocation", Time since last: 335548163 ns, Reaching safepoint: 3293476 ns, At safepoint: 40933347 ns, Total: 44226823 ns
[15.765s][info ][gc,start       ] GC(32) Pause Young (Allocation Failure)
[15.796s][debug][gc,phases      ] GC(32) Scavenge 30.283ms
[15.796s][debug][gc,ref         ] GC(32) Skipped phase 1 of Reference Processing: no references
[15.796s][debug][gc,ref         ] GC(32) Skipped phase 3 of Reference Processing: no references
[15.796s][debug][gc,phases      ] GC(32) Reference Processing 0.101ms
[15.796s][debug][gc,phases      ] GC(32) Weak Processing 0.620ms
[15.796s][debug][gc,age         ] GC(32) Desired survivor size 196608000 bytes, new threshold 15 (max threshold 15)
[15.796s][info ][gc,heap        ] GC(32) PSYoungGen: 1770048K(1878016K)->93968K(1905152K) Eden: 1669120K(1669120K)->0K(1705472K) From: 100928K(208896K)->93968K(199680K)
[15.796s][info ][gc,heap        ] GC(32) ParOldGen: 189005K(247296K)->190237K(247296K)
[15.796s][info ][gc,metaspace   ] GC(32) Metaspace: 63666K(64192K)->63666K(64192K) NonClass: 54566K(54848K)->54566K(54848K) Class: 9099K(9344K)->9099K(9344K)
[15.796s][info ][gc             ] GC(32) Pause Young (Allocation Failure) 1913M->277M(2102M) 31.142ms
[15.796s][info ][gc,cpu         ] GC(32) User=0.12s Sys=0.00s Real=0.03s
[15.796s][info ][safepoint      ] Safepoint "ParallelGCFailedAllocation", Time since last: 342058014 ns, Reaching safepoint: 124502 ns, At safepoint: 31241123 ns, Total: 31365625 ns
[16.000s][info ][safepoint      ] Safepoint "ICBufferFull", Time since last: 203150500 ns, Reaching safepoint: 236406 ns, At safepoint: 22800 ns, Total: 259206 ns
[16.011s][info ][safepoint      ] Safepoint "ICBufferFull", Time since last: 11542467 ns, Reaching safepoint: 120603 ns, At safepoint: 31901 ns, Total: 152504 ns
[16.206s][info ][gc,start       ] GC(33) Pause Young (Allocation Failure)
[16.229s][debug][gc,phases      ] GC(33) Scavenge 23.758ms
[16.229s][debug][gc,ref         ] GC(33) Skipped phase 1 of Reference Processing: no references
[16.230s][debug][gc,ref         ] GC(33) Skipped phase 3 of Reference Processing: no references
[16.230s][debug][gc,phases      ] GC(33) Reference Processing 0.129ms
[16.230s][debug][gc,phases      ] GC(33) Weak Processing 0.547ms
[16.230s][debug][gc,age         ] GC(33) Desired survivor size 191365120 bytes, new threshold 15 (max threshold 15)
[16.230s][info ][gc,heap        ] GC(33) PSYoungGen: 1799440K(1905152K)->82176K(1897472K) Eden: 1705472K(1705472K)->0K(1705472K) From: 93968K(199680K)->82176K(192000K)
[16.230s][info ][gc,heap        ] GC(33) ParOldGen: 190237K(247296K)->191245K(247296K)
[16.230s][info ][gc,metaspace   ] GC(33) Metaspace: 63697K(64256K)->63697K(64256K) NonClass: 54597K(54912K)->54597K(54912K) Class: 9099K(9344K)->9099K(9344K)
[16.230s][info ][gc             ] GC(33) Pause Young (Allocation Failure) 1943M->267M(2094M) 24.558ms
[16.230s][info ][gc,cpu         ] GC(33) User=0.08s Sys=0.01s Real=0.03s
[16.230s][info ][safepoint      ] Safepoint "ParallelGCFailedAllocation", Time since last: 191875739 ns, Reaching safepoint: 2177150 ns, At safepoint: 24722072 ns, Total: 26899222 ns
[16.559s][info ][safepoint      ] Safepoint "ICBufferFull", Time since last: 328072191 ns, Reaching safepoint: 225705 ns, At safepoint: 26501 ns, Total: 252206 ns
[16.564s][info ][gc,start       ] GC(34) Pause Young (Allocation Failure)
[16.579s][debug][gc,phases      ] GC(34) Scavenge 15.688ms
[16.579s][debug][gc,ref         ] GC(34) Skipped phase 1 of Reference Processing: no references
[16.580s][debug][gc,ref         ] GC(34) Skipped phase 3 of Reference Processing: no references
[16.580s][debug][gc,phases      ] GC(34) Reference Processing 0.139ms
[16.580s][debug][gc,phases      ] GC(34) Weak Processing 0.614ms
[16.580s][debug][gc,age         ] GC(34) Desired survivor size 189792256 bytes, new threshold 15 (max threshold 15)
[16.580s][info ][gc,heap        ] GC(34) PSYoungGen: 1787648K(1897472K)->62464K(1911808K) Eden: 1705472K(1705472K)->0K(1724928K) From: 82176K(192000K)->62464K(186880K)
[16.580s][info ][gc,heap        ] GC(34) ParOldGen: 191245K(247296K)->192957K(247296K)
[16.580s][info ][gc,metaspace   ] GC(34) Metaspace: 64229K(64768K)->64229K(64768K) NonClass: 55048K(55360K)->55048K(55360K) Class: 9180K(9408K)->9180K(9408K)
[16.580s][info ][gc             ] GC(34) Pause Young (Allocation Failure) 1932M->249M(2108M) 16.585ms
[16.580s][info ][gc,cpu         ] GC(34) User=0.07s Sys=0.00s Real=0.01s
[16.580s][info ][safepoint      ] Safepoint "ParallelGCFailedAllocation", Time since last: 4617006 ns, Reaching safepoint: 447911 ns, At safepoint: 16695586 ns, Total: 17143497 ns
[16.686s][info ][safepoint      ] Safepoint "ICBufferFull", Time since last: 105613543 ns, Reaching safepoint: 163104 ns, At safepoint: 25401 ns, Total: 188505 ns
[16.718s][info ][safepoint      ] Safepoint "ICBufferFull", Time since last: 24034256 ns, Reaching safepoint: 7426172 ns, At safepoint: 32700 ns, Total: 7458872 ns
[16.719s][info ][safepoint      ] Safepoint "ICBufferFull", Time since last: 1514935 ns, Reaching safepoint: 116203 ns, At safepoint: 17801 ns, Total: 134004 ns
[16.801s][info ][safepoint      ] Safepoint "ICBufferFull", Time since last: 81820693 ns, Reaching safepoint: 182304 ns, At safepoint: 25800 ns, Total: 208104 ns
[16.814s][info ][safepoint      ] Safepoint "ICBufferFull", Time since last: 9478620 ns, Reaching safepoint: 3181673 ns, At safepoint: 35501 ns, Total: 3217174 ns
[16.817s][info ][safepoint      ] Safepoint "ICBufferFull", Time since last: 2390155 ns, Reaching safepoint: 124503 ns, At safepoint: 29701 ns, Total: 154204 ns
[16.818s][info ][safepoint      ] Safepoint "ICBufferFull", Time since last: 923721 ns, Reaching safepoint: 477611 ns, At safepoint: 20101 ns, Total: 497712 ns
[16.850s][info ][safepoint      ] Safepoint "ICBufferFull", Time since last: 29677587 ns, Reaching safepoint: 2169850 ns, At safepoint: 22200 ns, Total: 2192050 ns
[16.852s][info ][safepoint      ] Safepoint "ICBufferFull", Time since last: 1601937 ns, Reaching safepoint: 207405 ns, At safepoint: 23301 ns, Total: 230706 ns
[16.854s][info ][safepoint      ] Safepoint "ICBufferFull", Time since last: 1325430 ns, Reaching safepoint: 1090426 ns, At safepoint: 21800 ns, Total: 1112226 ns
[16.865s][info ][safepoint      ] Safepoint "ICBufferFull", Time since last: 10817150 ns, Reaching safepoint: 141304 ns, At safepoint: 21300 ns, Total: 162604 ns
[16.882s][info ][safepoint      ] Safepoint "ICBufferFull", Time since last: 16600684 ns, Reaching safepoint: 124403 ns, At safepoint: 20000 ns, Total: 144403 ns
[16.896s][info ][safepoint      ] Safepoint "ICBufferFull", Time since last: 13587715 ns, Reaching safepoint: 405709 ns, At safepoint: 21101 ns, Total: 426810 ns
[16.897s][info ][safepoint      ] Safepoint "ICBufferFull", Time since last: 840419 ns, Reaching safepoint: 106703 ns, At safepoint: 17300 ns, Total: 124003 ns
[16.910s][info ][safepoint      ] Safepoint "ICBufferFull", Time since last: 12324385 ns, Reaching safepoint: 495812 ns, At safepoint: 16300 ns, Total: 512112 ns
[16.923s][info ][safepoint      ] Safepoint "ICBufferFull", Time since last: 13624615 ns, Reaching safepoint: 118603 ns, At safepoint: 19900 ns, Total: 138503 ns
[16.925s][info ][safepoint      ] Safepoint "ICBufferFull", Time since last: 1721640 ns, Reaching safepoint: 109303 ns, At safepoint: 20200 ns, Total: 129503 ns
[16.926s][info ][safepoint      ] Safepoint "ICBufferFull", Time since last: 862120 ns, Reaching safepoint: 109803 ns, At safepoint: 23700 ns, Total: 133503 ns
[16.930s][info ][safepoint      ] Safepoint "ICBufferFull", Time since last: 3152773 ns, Reaching safepoint: 136303 ns, At safepoint: 24301 ns, Total: 160604 ns
[16.939s][info ][safepoint      ] Safepoint "ICBufferFull", Time since last: 9691024 ns, Reaching safepoint: 127803 ns, At safepoint: 21001 ns, Total: 148804 ns
[16.959s][info ][safepoint      ] Safepoint "ICBufferFull", Time since last: 19511451 ns, Reaching safepoint: 139703 ns, At safepoint: 19401 ns, Total: 159104 ns
[16.960s][info ][safepoint      ] Safepoint "ICBufferFull", Time since last: 944122 ns, Reaching safepoint: 93002 ns, At safepoint: 14800 ns, Total: 107802 ns
[16.963s][info ][safepoint      ] Safepoint "ICBufferFull", Time since last: 2601360 ns, Reaching safepoint: 113103 ns, At safepoint: 16300 ns, Total: 129403 ns
[16.987s][info ][safepoint      ] Safepoint "ICBufferFull", Time since last: 23855052 ns, Reaching safepoint: 118903 ns, At safepoint: 23501 ns, Total: 142404 ns
[16.988s][info ][safepoint      ] Safepoint "ICBufferFull", Time since last: 965322 ns, Reaching safepoint: 95502 ns, At safepoint: 26401 ns, Total: 121903 ns
[16.989s][info ][safepoint      ] Safepoint "ICBufferFull", Time since last: 1350631 ns, Reaching safepoint: 93902 ns, At safepoint: 21801 ns, Total: 115703 ns
[16.990s][info ][safepoint      ] Safepoint "ICBufferFull", Time since last: 705916 ns, Reaching safepoint: 85402 ns, At safepoint: 21200 ns, Total: 106602 ns
[17.022s][info ][safepoint      ] Safepoint "ICBufferFull", Time since last: 31294824 ns, Reaching safepoint: 139504 ns, At safepoint: 26200 ns, Total: 165704 ns
[17.023s][info ][safepoint      ] Safepoint "ICBufferFull", Time since last: 1391333 ns, Reaching safepoint: 82001 ns, At safepoint: 16601 ns, Total: 98602 ns
[17.025s][info ][safepoint      ] Safepoint "ICBufferFull", Time since last: 1433933 ns, Reaching safepoint: 98102 ns, At safepoint: 17901 ns, Total: 116003 ns
[17.026s][info ][safepoint      ] Safepoint "ICBufferFull", Time since last: 751117 ns, Reaching safepoint: 105302 ns, At safepoint: 18601 ns, Total: 123903 ns
[17.029s][info ][safepoint      ] Safepoint "ICBufferFull", Time since last: 2933068 ns, Reaching safepoint: 102602 ns, At safepoint: 21001 ns, Total: 123603 ns
[17.088s][info ][safepoint      ] Safepoint "ICBufferFull", Time since last: 59519077 ns, Reaching safepoint: 147503 ns, At safepoint: 25901 ns, Total: 173404 ns
[17.098s][info ][safepoint      ] Safepoint "ICBufferFull", Time since last: 9360316 ns, Reaching safepoint: 119703 ns, At safepoint: 24201 ns, Total: 143904 ns
[17.106s][info ][gc,start       ] GC(35) Pause Young (Allocation Failure)
[17.120s][debug][gc,phases      ] GC(35) Scavenge 14.303ms
[17.120s][debug][gc,ref         ] GC(35) Skipped phase 1 of Reference Processing: no references
[17.120s][debug][gc,ref         ] GC(35) Skipped phase 3 of Reference Processing: no references
[17.120s][debug][gc,phases      ] GC(35) Reference Processing 0.150ms
[17.121s][debug][gc,phases      ] GC(35) Weak Processing 0.623ms
[17.121s][debug][gc,age         ] GC(35) Desired survivor size 187695104 bytes, new threshold 15 (max threshold 15)
[17.121s][info ][gc,heap        ] GC(35) PSYoungGen: 1787392K(1911808K)->60016K(1910272K) Eden: 1724928K(1724928K)->0K(1724928K) From: 62464K(186880K)->60016K(185344K)
[17.121s][info ][gc,heap        ] GC(35) ParOldGen: 192957K(247296K)->194637K(247296K)
[17.121s][info ][gc,metaspace   ] GC(35) Metaspace: 65310K(65920K)->65310K(65920K) NonClass: 56010K(56384K)->56010K(56384K) Class: 9300K(9536K)->9300K(9536K)
[17.121s][info ][gc             ] GC(35) Pause Young (Allocation Failure) 1933M->248M(2107M) 15.241ms
[17.121s][info ][gc,cpu         ] GC(35) User=0.07s Sys=0.00s Real=0.01s
[17.121s][info ][safepoint      ] Safepoint "ParallelGCFailedAllocation", Time since last: 7690378 ns, Reaching safepoint: 101802 ns, At safepoint: 15333555 ns, Total: 15435357 ns
[17.122s][info ][safepoint      ] Safepoint "ICBufferFull", Time since last: 967422 ns, Reaching safepoint: 93502 ns, At safepoint: 20901 ns, Total: 114403 ns
[17.136s][info ][safepoint      ] Safepoint "ICBufferFull", Time since last: 14185628 ns, Reaching safepoint: 124103 ns, At safepoint: 25000 ns, Total: 149103 ns
[17.158s][info ][safepoint      ] Safepoint "ICBufferFull", Time since last: 18268423 ns, Reaching safepoint: 3230275 ns, At safepoint: 35401 ns, Total: 3265676 ns
[17.160s][info ][safepoint      ] Safepoint "ICBufferFull", Time since last: 1424133 ns, Reaching safepoint: 111902 ns, At safepoint: 22301 ns, Total: 134203 ns
[17.161s][info ][safepoint      ] Safepoint "ICBufferFull", Time since last: 1209028 ns, Reaching safepoint: 95402 ns, At safepoint: 26901 ns, Total: 122303 ns
[17.162s][info ][safepoint      ] Safepoint "ICBufferFull", Time since last: 736717 ns, Reaching safepoint: 95802 ns, At safepoint: 25200 ns, Total: 121002 ns
[17.172s][info ][safepoint      ] Safepoint "ICBufferFull", Time since last: 10491043 ns, Reaching safepoint: 128003 ns, At safepoint: 23401 ns, Total: 151404 ns
[17.174s][info ][safepoint      ] Safepoint "ICBufferFull", Time since last: 1781741 ns, Reaching safepoint: 100202 ns, At safepoint: 27101 ns, Total: 127303 ns
[17.176s][info ][safepoint      ] Safepoint "ICBufferFull", Time since last: 1445833 ns, Reaching safepoint: 566913 ns, At safepoint: 26101 ns, Total: 593014 ns
[17.177s][info ][safepoint      ] Safepoint "ICBufferFull", Time since last: 769818 ns, Reaching safepoint: 160704 ns, At safepoint: 20700 ns, Total: 181404 ns
[17.194s][info ][safepoint      ] Safepoint "ICBufferFull", Time since last: 13172105 ns, Reaching safepoint: 3205874 ns, At safepoint: 26001 ns, Total: 3231875 ns
[17.210s][info ][safepoint      ] Safepoint "ICBufferFull", Time since last: 13016901 ns, Reaching safepoint: 3227774 ns, At safepoint: 33801 ns, Total: 3261575 ns
[17.212s][info ][safepoint      ] Safepoint "ICBufferFull", Time since last: 1711840 ns, Reaching safepoint: 111902 ns, At safepoint: 21701 ns, Total: 133603 ns
[17.226s][info ][safepoint      ] Safepoint "ICBufferFull", Time since last: 13773919 ns, Reaching safepoint: 124402 ns, At safepoint: 25401 ns, Total: 149803 ns
[17.229s][info ][safepoint      ] Safepoint "ICBufferFull", Time since last: 2749964 ns, Reaching safepoint: 111202 ns, At safepoint: 25101 ns, Total: 136303 ns
[17.268s][info ][safepoint      ] Safepoint "ICBufferFull", Time since last: 39739919 ns, Reaching safepoint: 130603 ns, At safepoint: 25101 ns, Total: 155704 ns
[17.270s][info ][safepoint      ] Safepoint "ICBufferFull", Time since last: 1128726 ns, Reaching safepoint: 108303 ns, At safepoint: 19900 ns, Total: 128203 ns
[17.271s][info ][safepoint      ] Safepoint "ICBufferFull", Time since last: 1274029 ns, Reaching safepoint: 110303 ns, At safepoint: 22301 ns, Total: 132604 ns
[17.272s][info ][safepoint      ] Safepoint "ICBufferFull", Time since last: 693716 ns, Reaching safepoint: 90902 ns, At safepoint: 17900 ns, Total: 108802 ns
[17.303s][info ][safepoint      ] Safepoint "ICBufferFull", Time since last: 28949270 ns, Reaching safepoint: 2166150 ns, At safepoint: 30501 ns, Total: 2196651 ns
[17.322s][info ][safepoint      ] Safepoint "ICBufferFull", Time since last: 18463027 ns, Reaching safepoint: 136803 ns, At safepoint: 30301 ns, Total: 167104 ns
[17.324s][info ][safepoint      ] Safepoint "ICBufferFull", Time since last: 1800541 ns, Reaching safepoint: 103403 ns, At safepoint: 25100 ns, Total: 128503 ns
[17.325s][info ][safepoint      ] Safepoint "ICBufferFull", Time since last: 837220 ns, Reaching safepoint: 93202 ns, At safepoint: 19900 ns, Total: 113102 ns
[17.348s][info ][safepoint      ] Safepoint "ICBufferFull", Time since last: 22849029 ns, Reaching safepoint: 121803 ns, At safepoint: 22800 ns, Total: 144603 ns
[17.354s][info ][safepoint      ] Safepoint "ICBufferFull", Time since last: 4496304 ns, Reaching safepoint: 2128850 ns, At safepoint: 22500 ns, Total: 2151350 ns
[17.361s][info ][safepoint      ] Safepoint "ICBufferFull", Time since last: 6542952 ns, Reaching safepoint: 220405 ns, At safepoint: 25600 ns, Total: 246005 ns
[17.362s][info ][safepoint      ] Safepoint "ICBufferFull", Time since last: 938922 ns, Reaching safepoint: 87002 ns, At safepoint: 23301 ns, Total: 110303 ns
[17.365s][info ][safepoint      ] Safepoint "ICBufferFull", Time since last: 2436956 ns, Reaching safepoint: 97402 ns, At safepoint: 24001 ns, Total: 121403 ns
[17.402s][info ][safepoint      ] Safepoint "ICBufferFull", Time since last: 36847452 ns, Reaching safepoint: 165804 ns, At safepoint: 20401 ns, Total: 186205 ns
[17.403s][info ][safepoint      ] Safepoint "ICBufferFull", Time since last: 1075625 ns, Reaching safepoint: 95602 ns, At safepoint: 21100 ns, Total: 116702 ns
[17.404s][info ][safepoint      ] Safepoint "ICBufferFull", Time since last: 1112126 ns, Reaching safepoint: 94002 ns, At safepoint: 22201 ns, Total: 116203 ns
[17.410s][info ][safepoint      ] Safepoint "ICBufferFull", Time since last: 2096148 ns, Reaching safepoint: 4245798 ns, At safepoint: 30901 ns, Total: 4276699 ns
[17.451s][info ][safepoint      ] Safepoint "ICBufferFull", Time since last: 40513337 ns, Reaching safepoint: 205105 ns, At safepoint: 24201 ns, Total: 229306 ns
[17.453s][info ][safepoint      ] Safepoint "ICBufferFull", Time since last: 1108825 ns, Reaching safepoint: 168104 ns, At safepoint: 21801 ns, Total: 189905 ns
[17.454s][info ][safepoint      ] Safepoint "ICBufferFull", Time since last: 1776441 ns, Reaching safepoint: 103202 ns, At safepoint: 19501 ns, Total: 122703 ns
[17.458s][info ][safepoint      ] Safepoint "ICBufferFull", Time since last: 810719 ns, Reaching safepoint: 3191873 ns, At safepoint: 29201 ns, Total: 3221074 ns
[17.499s][info ][safepoint      ] Safepoint "ICBufferFull", Time since last: 40791344 ns, Reaching safepoint: 133803 ns, At safepoint: 24401 ns, Total: 158204 ns
[17.515s][info ][safepoint      ] Safepoint "ICBufferFull", Time since last: 15640861 ns, Reaching safepoint: 133904 ns, At safepoint: 28300 ns, Total: 162204 ns
[17.517s][info ][safepoint      ] Safepoint "ICBufferFull", Time since last: 1696839 ns, Reaching safepoint: 99503 ns, At safepoint: 19600 ns, Total: 119103 ns
[17.518s][info ][safepoint      ] Safepoint "ICBufferFull", Time since last: 881321 ns, Reaching safepoint: 91302 ns, At safepoint: 21200 ns, Total: 112502 ns
[17.521s][info ][safepoint      ] Safepoint "ICBufferFull", Time since last: 2477558 ns, Reaching safepoint: 103502 ns, At safepoint: 23900 ns, Total: 127402 ns
[17.530s][info ][gc,start       ] GC(36) Pause Young (Allocation Failure)
[17.544s][debug][gc,phases      ] GC(36) Scavenge 13.986ms
[17.544s][debug][gc,ref         ] GC(36) Skipped phase 1 of Reference Processing: no references
[17.544s][debug][gc,ref         ] GC(36) Skipped phase 3 of Reference Processing: no references
[17.544s][debug][gc,phases      ] GC(36) Reference Processing 0.156ms
[17.545s][debug][gc,phases      ] GC(36) Weak Processing 0.618ms
[17.545s][debug][gc,age         ] GC(36) Desired survivor size 185073664 bytes, new threshold 15 (max threshold 15)
[17.545s][info ][gc,heap        ] GC(36) PSYoungGen: 1784944K(1910272K)->57680K(1916416K) Eden: 1724928K(1724928K)->0K(1733120K) From: 60016K(185344K)->57680K(183296K)
[17.545s][info ][gc,heap        ] GC(36) ParOldGen: 194637K(247296K)->197101K(247296K)
[17.545s][info ][gc,metaspace   ] GC(36) Metaspace: 65488K(66048K)->65488K(66048K) NonClass: 56188K(56512K)->56188K(56512K) Class: 9300K(9536K)->9300K(9536K)
[17.545s][info ][gc             ] GC(36) Pause Young (Allocation Failure) 1933M->248M(2113M) 14.916ms
[17.545s][info ][gc,cpu         ] GC(36) User=0.07s Sys=0.00s Real=0.01s
[17.545s][info ][safepoint      ] Safepoint "ParallelGCFailedAllocation", Time since last: 8964908 ns, Reaching safepoint: 114903 ns, At safepoint: 15050048 ns, Total: 15164951 ns
[17.558s][info ][safepoint      ] Safepoint "ICBufferFull", Time since last: 12840897 ns, Reaching safepoint: 130803 ns, At safepoint: 18500 ns, Total: 149303 ns
[17.560s][info ][safepoint      ] Safepoint "ICBufferFull", Time since last: 1724640 ns, Reaching safepoint: 181804 ns, At safepoint: 22301 ns, Total: 204105 ns
[17.561s][info ][safepoint      ] Safepoint "ICBufferFull", Time since last: 850020 ns, Reaching safepoint: 108802 ns, At safepoint: 21001 ns, Total: 129803 ns
[17.576s][info ][safepoint      ] Safepoint "ICBufferFull", Time since last: 15307154 ns, Reaching safepoint: 115002 ns, At safepoint: 25701 ns, Total: 140703 ns
[17.601s][info ][safepoint      ] Safepoint "ICBufferFull", Time since last: 24902176 ns, Reaching safepoint: 271707 ns, At safepoint: 25500 ns, Total: 297207 ns
[17.603s][info ][safepoint      ] Safepoint "ICBufferFull", Time since last: 1201128 ns, Reaching safepoint: 112002 ns, At safepoint: 22401 ns, Total: 134403 ns
[17.606s][info ][safepoint      ] Safepoint "ICBufferFull", Time since last: 1145326 ns, Reaching safepoint: 2112549 ns, At safepoint: 22001 ns, Total: 2134550 ns
[17.610s][info ][safepoint      ] Safepoint "ICBufferFull", Time since last: 2281853 ns, Reaching safepoint: 2109948 ns, At safepoint: 54502 ns, Total: 2164450 ns
[17.659s][info ][safepoint      ] Safepoint "ICBufferFull", Time since last: 48340418 ns, Reaching safepoint: 163704 ns, At safepoint: 26701 ns, Total: 190405 ns
[17.665s][info ][safepoint      ] Safepoint "ICBufferFull", Time since last: 5775833 ns, Reaching safepoint: 108103 ns, At safepoint: 30500 ns, Total: 138603 ns
[17.666s][info ][safepoint      ] Safepoint "ICBufferFull", Time since last: 1583337 ns, Reaching safepoint: 96902 ns, At safepoint: 26501 ns, Total: 123403 ns
[17.667s][info ][safepoint      ] Safepoint "ICBufferFull", Time since last: 797918 ns, Reaching safepoint: 93103 ns, At safepoint: 20600 ns, Total: 113703 ns
[17.725s][info ][safepoint      ] Safepoint "ICBufferFull", Time since last: 57398028 ns, Reaching safepoint: 123203 ns, At safepoint: 26101 ns, Total: 149304 ns
[17.754s][info ][safepoint      ] Safepoint "ICBufferFull", Time since last: 27003424 ns, Reaching safepoint: 2140350 ns, At safepoint: 33201 ns, Total: 2173551 ns
[17.813s][info ][safepoint      ] Safepoint "ICBufferFull", Time since last: 58892762 ns, Reaching safepoint: 157604 ns, At safepoint: 29201 ns, Total: 186805 ns
[17.947s][info ][gc,start       ] GC(37) Pause Young (Allocation Failure)
[17.960s][debug][gc,phases      ] GC(37) Scavenge 13.252ms
[17.960s][debug][gc,ref         ] GC(37) Skipped phase 1 of Reference Processing: no references
[17.960s][debug][gc,ref         ] GC(37) Skipped phase 3 of Reference Processing: no references
[17.960s][debug][gc,phases      ] GC(37) Reference Processing 0.168ms
[17.961s][debug][gc,phases      ] GC(37) Weak Processing 0.753ms
[17.961s][debug][gc,age         ] GC(37) Desired survivor size 181403648 bytes, new threshold 15 (max threshold 15)
[17.961s][info ][gc,heap        ] GC(37) PSYoungGen: 1790800K(1916416K)->56208K(1913856K) Eden: 1733120K(1733120K)->0K(1733120K) From: 57680K(183296K)->56208K(180736K)
[17.961s][info ][gc,heap        ] GC(37) ParOldGen: 197101K(247296K)->198693K(247296K)
[17.961s][info ][gc,metaspace   ] GC(37) Metaspace: 65609K(66176K)->65609K(66176K) NonClass: 56308K(56640K)->56308K(56640K) Class: 9301K(9536K)->9301K(9536K)
[17.961s][info ][gc             ] GC(37) Pause Young (Allocation Failure) 1941M->248M(2110M) 14.341ms
[17.961s][info ][gc,cpu         ] GC(37) User=0.05s Sys=0.00s Real=0.01s
[17.961s][info ][safepoint      ] Safepoint "ParallelGCFailedAllocation", Time since last: 133574190 ns, Reaching safepoint: 155004 ns, At safepoint: 14448534 ns, Total: 14603538 ns
[18.302s][info ][gc,start       ] GC(38) Pause Young (Allocation Failure)
[18.317s][debug][gc,phases      ] GC(38) Scavenge 14.866ms
[18.317s][debug][gc,ref         ] GC(38) Skipped phase 1 of Reference Processing: no references
[18.317s][debug][gc,ref         ] GC(38) Skipped phase 3 of Reference Processing: no references
[18.317s][debug][gc,phases      ] GC(38) Reference Processing 0.067ms
[18.318s][debug][gc,phases      ] GC(38) Weak Processing 0.683ms
[18.318s][debug][gc,age         ] GC(38) Desired survivor size 177733632 bytes, new threshold 15 (max threshold 15)
[18.318s][info ][gc,heap        ] GC(38) PSYoungGen: 1789328K(1913856K)->55840K(1923584K) Eden: 1733120K(1733120K)->0K(1746432K) From: 56208K(180736K)->55840K(177152K)
[18.318s][info ][gc,heap        ] GC(38) ParOldGen: 198693K(247296K)->199297K(247296K)
[18.318s][info ][gc,metaspace   ] GC(38) Metaspace: 65693K(66304K)->65693K(66304K) NonClass: 56392K(56768K)->56392K(56768K) Class: 9301K(9536K)->9301K(9536K)
[18.318s][info ][gc             ] GC(38) Pause Young (Allocation Failure) 1941M->249M(2120M) 15.791ms
[18.318s][info ][gc,cpu         ] GC(38) User=0.06s Sys=0.00s Real=0.01s
[18.318s][info ][safepoint      ] Safepoint "ParallelGCFailedAllocation", Time since last: 340497079 ns, Reaching safepoint: 270106 ns, At safepoint: 15913768 ns, Total: 16183874 ns
[18.690s][info ][gc,start       ] GC(39) Pause Young (Allocation Failure)
[18.703s][debug][gc,phases      ] GC(39) Scavenge 13.086ms
[18.703s][debug][gc,ref         ] GC(39) Skipped phase 1 of Reference Processing: no references
[18.703s][debug][gc,ref         ] GC(39) Skipped phase 3 of Reference Processing: no references
[18.703s][debug][gc,phases      ] GC(39) Reference Processing 0.126ms
[18.704s][debug][gc,phases      ] GC(39) Weak Processing 0.783ms
[18.704s][debug][gc,age         ] GC(39) Desired survivor size 174063616 bytes, new threshold 15 (max threshold 15)
[18.704s][info ][gc,heap        ] GC(39) PSYoungGen: 1802272K(1923584K)->54432K(1920000K) Eden: 1746432K(1746432K)->0K(1746432K) From: 55840K(177152K)->54432K(173568K)
[18.704s][info ][gc,heap        ] GC(39) ParOldGen: 199297K(247296K)->200890K(247296K)
[18.704s][info ][gc,metaspace   ] GC(39) Metaspace: 65789K(66368K)->65789K(66368K) NonClass: 56488K(56832K)->56488K(56832K) Class: 9301K(9536K)->9301K(9536K)
[18.704s][info ][gc             ] GC(39) Pause Young (Allocation Failure) 1954M->249M(2116M) 14.164ms
[18.704s][info ][gc,cpu         ] GC(39) User=0.06s Sys=0.00s Real=0.01s
[18.704s][info ][safepoint      ] Safepoint "ParallelGCFailedAllocation", Time since last: 371269591 ns, Reaching safepoint: 170904 ns, At safepoint: 14315331 ns, Total: 14486235 ns
[19.026s][info ][gc,start       ] GC(40) Pause Young (Allocation Failure)
[19.039s][debug][gc,phases      ] GC(40) Scavenge 12.782ms
[19.039s][debug][gc,ref         ] GC(40) Skipped phase 1 of Reference Processing: no references
[19.039s][debug][gc,ref         ] GC(40) Skipped phase 3 of Reference Processing: no references
[19.039s][debug][gc,phases      ] GC(40) Reference Processing 0.078ms
[19.039s][debug][gc,phases      ] GC(40) Weak Processing 0.582ms
[19.039s][debug][gc,age         ] GC(40) Desired survivor size 170393600 bytes, new threshold 15 (max threshold 15)
[19.039s][info ][gc,heap        ] GC(40) PSYoungGen: 1800864K(1920000K)->49328K(1930752K) Eden: 1746432K(1746432K)->0K(1760768K) From: 54432K(173568K)->49328K(169984K)
[19.039s][info ][gc,heap        ] GC(40) ParOldGen: 200890K(247296K)->206062K(247296K)
[19.039s][info ][gc,metaspace   ] GC(40) Metaspace: 65819K(66368K)->65819K(66368K) NonClass: 56518K(56832K)->56518K(56832K) Class: 9301K(9536K)->9301K(9536K)
[19.039s][info ][gc             ] GC(40) Pause Young (Allocation Failure) 1954M->249M(2127M) 13.592ms
[19.039s][info ][gc,cpu         ] GC(40) User=0.06s Sys=0.00s Real=0.01s
[19.039s][info ][safepoint      ] Safepoint "ParallelGCFailedAllocation", Time since last: 319795900 ns, Reaching safepoint: 2140350 ns, At safepoint: 13713717 ns, Total: 15854067 ns
[19.417s][info ][gc,start       ] GC(41) Pause Young (Allocation Failure)
[19.429s][debug][gc,phases      ] GC(41) Scavenge 11.921ms
[19.429s][debug][gc,ref         ] GC(41) Skipped phase 1 of Reference Processing: no references
[19.429s][debug][gc,ref         ] GC(41) Skipped phase 3 of Reference Processing: no references
[19.429s][debug][gc,phases      ] GC(41) Reference Processing 0.130ms
[19.429s][debug][gc,phases      ] GC(41) Weak Processing 0.604ms
[19.429s][debug][gc,age         ] GC(41) Desired survivor size 166199296 bytes, new threshold 15 (max threshold 15)
[19.430s][info ][gc,heap        ] GC(41) PSYoungGen: 1810096K(1930752K)->49520K(1927168K) Eden: 1760768K(1760768K)->0K(1760768K) From: 49328K(169984K)->49520K(166400K)
[19.430s][info ][gc,heap        ] GC(41) ParOldGen: 206062K(247296K)->206454K(247296K)
[19.430s][info ][gc,metaspace   ] GC(41) Metaspace: 67399K(68032K)->67399K(68032K) NonClass: 57822K(58176K)->57822K(58176K) Class: 9577K(9856K)->9577K(9856K)
[19.430s][info ][gc             ] GC(41) Pause Young (Allocation Failure) 1968M->249M(2123M) 12.844ms
[19.430s][info ][gc,cpu         ] GC(41) User=0.06s Sys=0.00s Real=0.02s
[19.430s][info ][safepoint      ] Safepoint "ParallelGCFailedAllocation", Time since last: 377006124 ns, Reaching safepoint: 194004 ns, At safepoint: 12984601 ns, Total: 13178605 ns
[19.761s][info ][gc,start       ] GC(42) Pause Young (Allocation Failure)
[19.772s][debug][gc,phases      ] GC(42) Scavenge 11.028ms
[19.772s][debug][gc,ref         ] GC(42) Skipped phase 1 of Reference Processing: no references
[19.772s][debug][gc,ref         ] GC(42) Skipped phase 3 of Reference Processing: no references
[19.772s][debug][gc,phases      ] GC(42) Reference Processing 0.070ms
[19.772s][debug][gc,phases      ] GC(42) Weak Processing 0.594ms
[19.772s][debug][gc,age         ] GC(42) Desired survivor size 162004992 bytes, new threshold 15 (max threshold 15)
[19.772s][info ][gc,heap        ] GC(42) PSYoungGen: 1810288K(1927168K)->47280K(1938944K) Eden: 1760768K(1760768K)->0K(1776640K) From: 49520K(166400K)->47280K(162304K)
[19.772s][info ][gc,heap        ] GC(42) ParOldGen: 206454K(247296K)->209211K(247296K)
[19.772s][info ][gc,metaspace   ] GC(42) Metaspace: 67748K(68288K)->67748K(68288K) NonClass: 58123K(58432K)->58123K(58432K) Class: 9625K(9856K)->9625K(9856K)
[19.772s][info ][gc             ] GC(42) Pause Young (Allocation Failure) 1969M->250M(2135M) 11.832ms
[19.772s][info ][gc,cpu         ] GC(42) User=0.04s Sys=0.00s Real=0.02s
[19.773s][info ][safepoint      ] Safepoint "ParallelGCFailedAllocation", Time since last: 330201641 ns, Reaching safepoint: 692216 ns, At safepoint: 11952176 ns, Total: 12644392 ns
[20.066s][info ][safepoint      ] Safepoint "ICBufferFull", Time since last: 293315688 ns, Reaching safepoint: 206105 ns, At safepoint: 25700 ns, Total: 231805 ns
[20.162s][info ][gc,start       ] GC(43) Pause Young (Allocation Failure)
[20.174s][debug][gc,phases      ] GC(43) Scavenge 11.653ms
[20.174s][debug][gc,ref         ] GC(43) Skipped phase 1 of Reference Processing: no references
[20.174s][debug][gc,ref         ] GC(43) Skipped phase 3 of Reference Processing: no references
[20.174s][debug][gc,phases      ] GC(43) Reference Processing 0.086ms
[20.175s][debug][gc,phases      ] GC(43) Weak Processing 0.625ms
[20.175s][debug][gc,age         ] GC(43) Desired survivor size 158334976 bytes, new threshold 15 (max threshold 15)
[20.175s][info ][gc,heap        ] GC(43) PSYoungGen: 1823920K(1938944K)->44096K(1934848K) Eden: 1776640K(1776640K)->0K(1776640K) From: 47280K(162304K)->44096K(158208K)
[20.175s][info ][gc,heap        ] GC(43) ParOldGen: 209211K(247296K)->214189K(247296K)
[20.175s][info ][gc,metaspace   ] GC(43) Metaspace: 69509K(70144K)->69509K(70144K) NonClass: 59694K(60032K)->59694K(60032K) Class: 9815K(10112K)->9815K(10112K)
[20.175s][info ][gc             ] GC(43) Pause Young (Allocation Failure) 1985M->252M(2131M) 12.504ms
[20.175s][info ][gc,cpu         ] GC(43) User=0.04s Sys=0.00s Real=0.01s
[20.175s][info ][safepoint      ] Safepoint "ParallelGCFailedAllocation", Time since last: 94070177 ns, Reaching safepoint: 2217151 ns, At safepoint: 12625993 ns, Total: 14843144 ns
[20.499s][info ][safepoint      ] Safepoint "ICBufferFull", Time since last: 323077676 ns, Reaching safepoint: 741317 ns, At safepoint: 33301 ns, Total: 774618 ns
[20.551s][info ][gc,start       ] GC(44) Pause Young (Allocation Failure)
[20.563s][debug][gc,phases      ] GC(44) Scavenge 12.799ms
[20.563s][debug][gc,ref         ] GC(44) Skipped phase 1 of Reference Processing: no references
[20.563s][debug][gc,ref         ] GC(44) Skipped phase 3 of Reference Processing: no references
[20.563s][debug][gc,phases      ] GC(44) Reference Processing 0.057ms
[20.564s][debug][gc,phases      ] GC(44) Weak Processing 0.615ms
[20.564s][debug][gc,age         ] GC(44) Desired survivor size 155189248 bytes, new threshold 15 (max threshold 15)
[20.564s][info ][gc,heap        ] GC(44) PSYoungGen: 1820736K(1934848K)->36310K(1945600K) Eden: 1776640K(1776640K)->0K(1790976K) From: 44096K(158208K)->36310K(154624K)
[20.564s][info ][gc,heap        ] GC(44) ParOldGen: 214189K(247296K)->223602K(247296K)
[20.564s][info ][gc,metaspace   ] GC(44) Metaspace: 72346K(72960K)->72346K(72960K) NonClass: 62161K(62464K)->62161K(62464K) Class: 10185K(10496K)->10185K(10496K)
[20.564s][info ][gc             ] GC(44) Pause Young (Allocation Failure) 1987M->253M(2141M) 13.606ms
[20.564s][info ][gc,cpu         ] GC(44) User=0.05s Sys=0.01s Real=0.01s
[20.564s][info ][safepoint      ] Safepoint "ParallelGCFailedAllocation", Time since last: 51523792 ns, Reaching safepoint: 137404 ns, At safepoint: 13721017 ns, Total: 13858421 ns
[20.767s][info ][safepoint      ] Safepoint "ICBufferFull", Time since last: 202180879 ns, Reaching safepoint: 254106 ns, At safepoint: 28800 ns, Total: 282906 ns
[20.839s][info ][safepoint      ] Safepoint "ICBufferFull", Time since last: 70960542 ns, Reaching safepoint: 1025124 ns, At safepoint: 30601 ns, Total: 1055725 ns
[20.917s][info ][safepoint      ] Safepoint "ICBufferFull", Time since last: 77889202 ns, Reaching safepoint: 286007 ns, At safepoint: 23801 ns, Total: 309808 ns
[20.917s][info ][safepoint      ] Safepoint "ICBufferFull", Time since last: 134203 ns, Reaching safepoint: 106902 ns, At safepoint: 23001 ns, Total: 129903 ns
[20.964s][info ][gc,start       ] GC(45) Pause Young (Allocation Failure)
[20.977s][debug][gc,phases      ] GC(45) Scavenge 12.202ms
[20.977s][debug][gc,ref         ] GC(45) Skipped phase 1 of Reference Processing: no references
[20.977s][debug][gc,ref         ] GC(45) Skipped phase 3 of Reference Processing: no references
[20.977s][debug][gc,phases      ] GC(45) Reference Processing 0.080ms
[20.977s][debug][gc,phases      ] GC(45) Weak Processing 0.657ms
[20.977s][debug][gc,age         ] GC(45) Desired survivor size 152043520 bytes, new threshold 15 (max threshold 15)
[20.977s][info ][gc,heap        ] GC(45) PSYoungGen: 1827286K(1945600K)->35020K(1942528K) Eden: 1790976K(1790976K)->0K(1790976K) From: 36310K(154624K)->35020K(151552K)
[20.977s][info ][gc,heap        ] GC(45) ParOldGen: 223602K(247296K)->232068K(247296K)
[20.977s][info ][gc,metaspace   ] GC(45) Metaspace: 73627K(74240K)->73627K(74240K) NonClass: 63275K(63616K)->63275K(63616K) Class: 10351K(10624K)->10351K(10624K)
[20.977s][info ][gc             ] GC(45) Pause Young (Allocation Failure) 2002M->260M(2138M) 13.077ms
[20.977s][info ][gc,cpu         ] GC(45) User=0.05s Sys=0.00s Real=0.01s
[20.977s][debug][gc,phases      ] GC(46) Pre Compact 0.010ms
[20.977s][info ][gc,start       ] GC(46) Pause Full (Ergonomics)
[20.977s][info ][gc,phases,start] GC(46) Marking Phase
[21.072s][debug][gc,phases      ] GC(46) Par Mark 94.208ms
[21.072s][debug][gc,ref         ] GC(46) Skipped phase 1 of Reference Processing: no references
[21.072s][debug][gc,ref         ] GC(46) Skipped phase 3 of Reference Processing: no references
[21.072s][debug][gc,phases      ] GC(46) Reference Processing 0.362ms
[21.073s][debug][gc,phases      ] GC(46) Weak Processing 0.599ms
[21.073s][debug][gc,phases      ] GC(46) ClassLoaderData 0.061ms
[21.073s][debug][gc,phases      ] GC(46) Trigger cleanups 0.000ms
[21.083s][debug][gc,phases      ] GC(46) Class Unloading 9.942ms
[21.083s][info ][gc,phases      ] GC(46) Marking Phase 105.295ms
[21.083s][info ][gc,phases,start] GC(46) Summary Phase
[21.083s][info ][gc,phases      ] GC(46) Summary Phase 0.025ms
[21.083s][info ][gc,phases,start] GC(46) Adjust Roots
[21.100s][info ][gc,phases      ] GC(46) Adjust Roots 16.957ms
[21.100s][info ][gc,phases,start] GC(46) Compaction Phase
[21.264s][info ][gc,phases      ] GC(46) Compaction Phase 164.441ms
[21.264s][info ][gc,phases,start] GC(46) Post Compact
[21.265s][info ][gc,phases      ] GC(46) Post Compact 1.156ms
[21.266s][info ][gc,heap        ] GC(46) PSYoungGen: 35020K(1942528K)->16174K(1942528K) Eden: 0K(1790976K)->0K(1790976K) From: 35020K(151552K)->16174K(151552K)
[21.266s][info ][gc,heap        ] GC(46) ParOldGen: 232068K(247296K)->246847K(315904K)
[21.266s][info ][gc,metaspace   ] GC(46) Metaspace: 73627K(74240K)->73627K(74240K) NonClass: 63275K(63616K)->63275K(63616K) Class: 10351K(10624K)->10351K(10624K)
[21.266s][info ][gc             ] GC(46) Pause Full (Ergonomics) 260M->256M(2205M) 288.166ms
[21.266s][info ][gc,cpu         ] GC(46) User=1.04s Sys=0.00s Real=0.29s
[21.294s][info ][safepoint      ] Safepoint "ParallelGCFailedAllocation", Time since last: 46979187 ns, Reaching safepoint: 181104 ns, At safepoint: 329226019 ns, Total: 329407123 ns
[21.620s][info ][gc,start       ] GC(47) Pause Young (Allocation Failure)
[21.657s][debug][gc,phases      ] GC(47) Scavenge 36.496ms
[21.657s][debug][gc,ref         ] GC(47) Skipped phase 1 of Reference Processing: no references
[21.657s][debug][gc,ref         ] GC(47) Skipped phase 3 of Reference Processing: no references
[21.657s][debug][gc,phases      ] GC(47) Reference Processing 0.035ms
[21.657s][debug][gc,phases      ] GC(47) Weak Processing 0.594ms
[21.657s][debug][gc,age         ] GC(47) Desired survivor size 146800640 bytes, new threshold 15 (max threshold 15)
[21.657s][info ][gc,heap        ] GC(47) PSYoungGen: 1807150K(1942528K)->41876K(1953792K) Eden: 1790976K(1790976K)->0K(1805312K) From: 16174K(151552K)->41876K(148480K)
[21.657s][info ][gc,heap        ] GC(47) ParOldGen: 246847K(315904K)->251361K(315904K)
[21.657s][info ][gc,metaspace   ] GC(47) Metaspace: 73689K(74368K)->73689K(74368K) NonClass: 63316K(63680K)->63316K(63680K) Class: 10372K(10688K)->10372K(10688K)
[21.657s][info ][gc             ] GC(47) Pause Young (Allocation Failure) 2005M->286M(2216M) 37.258ms
[21.657s][info ][gc,cpu         ] GC(47) User=0.17s Sys=0.00s Real=0.04s
[21.658s][info ][safepoint      ] Safepoint "ParallelGCFailedAllocation", Time since last: 326440455 ns, Reaching safepoint: 209805 ns, At safepoint: 37393665 ns, Total: 37603470 ns
[21.762s][info ][safepoint      ] Safepoint "ICBufferFull", Time since last: 104370816 ns, Reaching safepoint: 238505 ns, At safepoint: 26701 ns, Total: 265206 ns
[21.971s][info ][safepoint      ] Safepoint "ICBufferFull", Time since last: 208724730 ns, Reaching safepoint: 226006 ns, At safepoint: 24900 ns, Total: 250906 ns
[22.135s][info ][gc,start       ] GC(48) Pause Young (Allocation Failure)
[22.145s][debug][gc,phases      ] GC(48) Scavenge 10.450ms
[22.145s][debug][gc,ref         ] GC(48) Skipped phase 1 of Reference Processing: no references
[22.145s][debug][gc,ref         ] GC(48) Skipped phase 3 of Reference Processing: no references
[22.145s][debug][gc,phases      ] GC(48) Reference Processing 0.037ms
[22.146s][debug][gc,phases      ] GC(48) Weak Processing 0.571ms
[22.146s][debug][gc,age         ] GC(48) Desired survivor size 142082048 bytes, new threshold 15 (max threshold 15)
[22.146s][info ][gc,heap        ] GC(48) PSYoungGen: 1847188K(1953792K)->40539K(1948672K) Eden: 1805312K(1805312K)->0K(1805312K) From: 41876K(148480K)->40539K(143360K)
[22.146s][info ][gc,heap        ] GC(48) ParOldGen: 251361K(315904K)->254920K(315904K)
[22.146s][info ][gc,metaspace   ] GC(48) Metaspace: 74259K(74880K)->74259K(74880K) NonClass: 63846K(64192K)->63846K(64192K) Class: 10413K(10688K)->10413K(10688K)
[22.146s][info ][gc             ] GC(48) Pause Young (Allocation Failure) 2049M->288M(2211M) 11.209ms
[22.146s][info ][gc,cpu         ] GC(48) User=0.06s Sys=0.00s Real=0.01s
[22.146s][info ][safepoint      ] Safepoint "ParallelGCFailedAllocation", Time since last: 160097505 ns, Reaching safepoint: 3232675 ns, At safepoint: 11322862 ns, Total: 14555537 ns
[22.403s][info ][safepoint      ] Safepoint "ICBufferFull", Time since last: 256483336 ns, Reaching safepoint: 198205 ns, At safepoint: 19100 ns, Total: 217305 ns
[22.569s][info ][gc,start       ] GC(49) Pause Young (Allocation Failure)
[22.579s][debug][gc,phases      ] GC(49) Scavenge 9.172ms
[22.579s][debug][gc,ref         ] GC(49) Skipped phase 1 of Reference Processing: no references
[22.579s][debug][gc,ref         ] GC(49) Skipped phase 3 of Reference Processing: no references
[22.579s][debug][gc,phases      ] GC(49) Reference Processing 0.035ms
[22.579s][debug][gc,phases      ] GC(49) Weak Processing 0.717ms
[22.579s][debug][gc,age         ] GC(49) Desired survivor size 138412032 bytes, new threshold 15 (max threshold 15)
[22.579s][info ][gc,heap        ] GC(49) PSYoungGen: 1845851K(1948672K)->34550K(1961984K) Eden: 1805312K(1805312K)->0K(1823232K) From: 40539K(143360K)->34550K(138752K)
[22.580s][info ][gc,heap        ] GC(49) ParOldGen: 254920K(315904K)->259004K(315904K)
[22.580s][info ][gc,metaspace   ] GC(49) Metaspace: 74490K(75136K)->74490K(75136K) NonClass: 64058K(64384K)->64058K(64384K) Class: 10432K(10752K)->10432K(10752K)
[22.580s][info ][gc             ] GC(49) Pause Young (Allocation Failure) 2051M->286M(2224M) 10.057ms
[22.580s][info ][gc,cpu         ] GC(49) User=0.03s Sys=0.00s Real=0.01s
[22.580s][info ][safepoint      ] Safepoint "ParallelGCFailedAllocation", Time since last: 166726459 ns, Reaching safepoint: 161304 ns, At safepoint: 10160535 ns, Total: 10321839 ns
[22.867s][info ][safepoint      ] Safepoint "ICBufferFull", Time since last: 287225048 ns, Reaching safepoint: 160303 ns, At safepoint: 27401 ns, Total: 187704 ns
[22.981s][info ][gc,start       ] GC(50) Pause Young (Allocation Failure)
[22.990s][debug][gc,phases      ] GC(50) Scavenge 8.096ms
[22.990s][debug][gc,ref         ] GC(50) Skipped phase 1 of Reference Processing: no references
[22.990s][debug][gc,ref         ] GC(50) Skipped phase 3 of Reference Processing: no references
[22.990s][debug][gc,phases      ] GC(50) Reference Processing 0.031ms
[22.990s][debug][gc,phases      ] GC(50) Weak Processing 0.566ms
[22.990s][debug][gc,age         ] GC(50) Desired survivor size 134217728 bytes, new threshold 15 (max threshold 15)
[22.990s][info ][gc,heap        ] GC(50) PSYoungGen: 1857782K(1961984K)->33750K(1958400K) Eden: 1823232K(1823232K)->0K(1823232K) From: 34550K(138752K)->33750K(135168K)
[22.990s][info ][gc,heap        ] GC(50) ParOldGen: 259004K(315904K)->260489K(315904K)
[22.990s][info ][gc,metaspace   ] GC(50) Metaspace: 74592K(75264K)->74592K(75264K) NonClass: 64159K(64512K)->64159K(64512K) Class: 10432K(10752K)->10432K(10752K)
[22.990s][info ][gc             ] GC(50) Pause Young (Allocation Failure) 2067M->287M(2221M) 8.834ms
[22.990s][info ][gc,cpu         ] GC(50) User=0.03s Sys=0.01s Real=0.02s
[22.990s][info ][safepoint      ] Safepoint "ParallelGCFailedAllocation", Time since last: 114314646 ns, Reaching safepoint: 136303 ns, At safepoint: 8947507 ns, Total: 9083810 ns
[23.111s][info ][safepoint      ] Safepoint "ICBufferFull", Time since last: 119910775 ns, Reaching safepoint: 180404 ns, At safepoint: 24401 ns, Total: 204805 ns
[23.370s][info ][gc,start       ] GC(51) Pause Young (Allocation Failure)
[23.380s][debug][gc,phases      ] GC(51) Scavenge 10.331ms
[23.380s][debug][gc,ref         ] GC(51) Skipped phase 1 of Reference Processing: no references
[23.380s][debug][gc,ref         ] GC(51) Skipped phase 3 of Reference Processing: no references
[23.380s][debug][gc,phases      ] GC(51) Reference Processing 0.033ms
[23.381s][debug][gc,phases      ] GC(51) Weak Processing 0.568ms
[23.381s][debug][gc,age         ] GC(51) Desired survivor size 129499136 bytes, new threshold 15 (max threshold 15)
[23.381s][info ][gc,heap        ] GC(51) PSYoungGen: 1856982K(1958400K)->34902K(1970688K) Eden: 1823232K(1823232K)->0K(1839616K) From: 33750K(135168K)->34902K(131072K)
[23.381s][info ][gc,heap        ] GC(51) ParOldGen: 260489K(315904K)->260561K(315904K)
[23.381s][info ][gc,metaspace   ] GC(51) Metaspace: 74715K(75392K)->74715K(75392K) NonClass: 64279K(64640K)->64279K(64640K) Class: 10435K(10752K)->10435K(10752K)
[23.381s][info ][gc             ] GC(51) Pause Young (Allocation Failure) 2067M->288M(2233M) 11.089ms
[23.381s][info ][gc,cpu         ] GC(51) User=0.05s Sys=0.00s Real=0.00s
[23.381s][info ][safepoint      ] Safepoint "ParallelGCFailedAllocation", Time since last: 259217300 ns, Reaching safepoint: 198704 ns, At safepoint: 11193859 ns, Total: 11392563 ns
[23.772s][info ][gc,start       ] GC(52) Pause Young (Allocation Failure)
[23.781s][debug][gc,phases      ] GC(52) Scavenge 9.515ms
[23.781s][debug][gc,ref         ] GC(52) Skipped phase 1 of Reference Processing: no references
[23.781s][debug][gc,ref         ] GC(52) Skipped phase 3 of Reference Processing: no references
[23.781s][debug][gc,phases      ] GC(52) Reference Processing 0.031ms
[23.782s][debug][gc,phases      ] GC(52) Weak Processing 0.585ms
[23.782s][debug][gc,age         ] GC(52) Desired survivor size 125304832 bytes, new threshold 15 (max threshold 15)
[23.782s][info ][gc,heap        ] GC(52) PSYoungGen: 1874518K(1970688K)->35094K(1966080K) Eden: 1839616K(1839616K)->0K(1839616K) From: 34902K(131072K)->35094K(126464K)
[23.782s][info ][gc,heap        ] GC(52) ParOldGen: 260561K(315904K)->260569K(315904K)
[23.782s][info ][gc,metaspace   ] GC(52) Metaspace: 74740K(75392K)->74740K(75392K) NonClass: 64304K(64640K)->64304K(64640K) Class: 10435K(10752K)->10435K(10752K)
[23.782s][info ][gc             ] GC(52) Pause Young (Allocation Failure) 2085M->288M(2228M) 10.275ms
[23.782s][info ][gc,cpu         ] GC(52) User=0.05s Sys=0.00s Real=0.01s
[23.782s][info ][safepoint      ] Safepoint "ParallelGCFailedAllocation", Time since last: 390511839 ns, Reaching safepoint: 178904 ns, At safepoint: 10386240 ns, Total: 10565144 ns
[24.184s][info ][gc,start       ] GC(53) Pause Young (Allocation Failure)
[24.194s][debug][gc,phases      ] GC(53) Scavenge 9.344ms
[24.194s][debug][gc,ref         ] GC(53) Skipped phase 1 of Reference Processing: no references
[24.194s][debug][gc,ref         ] GC(53) Skipped phase 3 of Reference Processing: no references
[24.194s][debug][gc,phases      ] GC(53) Reference Processing 0.031ms
[24.194s][debug][gc,phases      ] GC(53) Weak Processing 0.581ms
[24.194s][debug][gc,age         ] GC(53) Desired survivor size 120586240 bytes, new threshold 15 (max threshold 15)
[24.194s][info ][gc,heap        ] GC(53) PSYoungGen: 1874710K(1966080K)->35334K(1979392K) Eden: 1839616K(1839616K)->0K(1857024K) From: 35094K(126464K)->35334K(122368K)
[24.194s][info ][gc,heap        ] GC(53) ParOldGen: 260569K(315904K)->260577K(315904K)
[24.194s][info ][gc,metaspace   ] GC(53) Metaspace: 74763K(75392K)->74763K(75392K) NonClass: 64327K(64640K)->64327K(64640K) Class: 10435K(10752K)->10435K(10752K)
[24.194s][info ][gc             ] GC(53) Pause Young (Allocation Failure) 2085M->288M(2241M) 10.073ms
[24.194s][info ][gc,cpu         ] GC(53) User=0.05s Sys=0.00s Real=0.01s
[24.194s][info ][safepoint      ] Safepoint "ParallelGCFailedAllocation", Time since last: 401797101 ns, Reaching safepoint: 140003 ns, At safepoint: 10179235 ns, Total: 10319238 ns
[24.572s][info ][gc,start       ] GC(54) Pause Young (Allocation Failure)
[24.581s][debug][gc,phases      ] GC(54) Scavenge 8.881ms
[24.581s][debug][gc,ref         ] GC(54) Skipped phase 1 of Reference Processing: no references
[24.581s][debug][gc,ref         ] GC(54) Skipped phase 3 of Reference Processing: no references
[24.581s][debug][gc,phases      ] GC(54) Reference Processing 0.030ms
[24.581s][debug][gc,phases      ] GC(54) Weak Processing 0.566ms
[24.581s][debug][gc,age         ] GC(54) Desired survivor size 115867648 bytes, new threshold 15 (max threshold 15)
[24.581s][info ][gc,heap        ] GC(54) PSYoungGen: 1892358K(1979392K)->35526K(1974784K) Eden: 1857024K(1857024K)->0K(1857024K) From: 35334K(122368K)->35526K(117760K)
[24.581s][info ][gc,heap        ] GC(54) ParOldGen: 260577K(315904K)->260585K(315904K)
[24.582s][info ][gc,metaspace   ] GC(54) Metaspace: 74772K(75392K)->74772K(75392K) NonClass: 64336K(64640K)->64336K(64640K) Class: 10435K(10752K)->10435K(10752K)
[24.582s][info ][gc             ] GC(54) Pause Young (Allocation Failure) 2102M->289M(2237M) 9.648ms
[24.582s][info ][gc,cpu         ] GC(54) User=0.04s Sys=0.00s Real=0.01s
[24.582s][info ][safepoint      ] Safepoint "ParallelGCFailedAllocation", Time since last: 377277633 ns, Reaching safepoint: 253006 ns, At safepoint: 9762226 ns, Total: 10015232 ns
[24.946s][info ][gc,start       ] GC(55) Pause Young (Allocation Failure)
[24.955s][debug][gc,phases      ] GC(55) Scavenge 9.061ms
[24.955s][debug][gc,ref         ] GC(55) Skipped phase 1 of Reference Processing: no references
[24.955s][debug][gc,ref         ] GC(55) Skipped phase 3 of Reference Processing: no references
[24.955s][debug][gc,phases      ] GC(55) Reference Processing 0.043ms
[24.956s][debug][gc,phases      ] GC(55) Weak Processing 0.729ms
[24.956s][debug][gc,age         ] GC(55) Desired survivor size 111149056 bytes, new threshold 15 (max threshold 15)
[24.956s][info ][gc,heap        ] GC(55) PSYoungGen: 1892550K(1974784K)->35659K(1988608K) Eden: 1857024K(1857024K)->0K(1875456K) From: 35526K(117760K)->35659K(113152K)
[24.956s][info ][gc,heap        ] GC(55) ParOldGen: 260585K(315904K)->260593K(315904K)
[24.956s][info ][gc,metaspace   ] GC(55) Metaspace: 74786K(75456K)->74786K(75456K) NonClass: 64350K(64704K)->64350K(64704K) Class: 10435K(10752K)->10435K(10752K)
[24.956s][info ][gc             ] GC(55) Pause Young (Allocation Failure) 2102M->289M(2250M) 10.004ms
[24.956s][info ][gc,cpu         ] GC(55) User=0.04s Sys=0.00s Real=0.01s
[24.956s][info ][safepoint      ] Safepoint "ParallelGCFailedAllocation", Time since last: 363820621 ns, Reaching safepoint: 195605 ns, At safepoint: 10115334 ns, Total: 10310939 ns
[25.216s][info ][safepoint      ] Safepoint "ICBufferFull", Time since last: 260107721 ns, Reaching safepoint: 205905 ns, At safepoint: 30100 ns, Total: 236005 ns
[25.372s][info ][gc,start       ] GC(56) Pause Young (Allocation Failure)
[25.382s][debug][gc,phases      ] GC(56) Scavenge 9.837ms
[25.382s][debug][gc,ref         ] GC(56) Skipped phase 1 of Reference Processing: no references
[25.382s][debug][gc,ref         ] GC(56) Skipped phase 3 of Reference Processing: no references
[25.382s][debug][gc,phases      ] GC(56) Reference Processing 0.029ms
[25.382s][debug][gc,phases      ] GC(56) Weak Processing 0.569ms
[25.382s][debug][gc,age         ] GC(56) Desired survivor size 106430464 bytes, new threshold 15 (max threshold 15)
[25.382s][info ][gc,heap        ] GC(56) PSYoungGen: 1911115K(1988608K)->36319K(1984000K) Eden: 1875456K(1875456K)->0K(1875456K) From: 35659K(113152K)->36319K(108544K)
[25.382s][info ][gc,heap        ] GC(56) ParOldGen: 260593K(315904K)->260601K(315904K)
[25.382s][info ][gc,metaspace   ] GC(56) Metaspace: 74802K(75456K)->74802K(75456K) NonClass: 64366K(64704K)->64366K(64704K) Class: 10435K(10752K)->10435K(10752K)
[25.382s][info ][gc             ] GC(56) Pause Young (Allocation Failure) 2120M->289M(2246M) 10.580ms
[25.382s][info ][gc,cpu         ] GC(56) User=0.05s Sys=0.00s Real=0.01s
[25.382s][info ][safepoint      ] Safepoint "ParallelGCFailedAllocation", Time since last: 155529100 ns, Reaching safepoint: 170404 ns, At safepoint: 10693248 ns, Total: 10863652 ns
[25.738s][info ][gc,start       ] GC(57) Pause Young (Allocation Failure)
[25.749s][debug][gc,phases      ] GC(57) Scavenge 10.526ms
[25.749s][debug][gc,ref         ] GC(57) Skipped phase 1 of Reference Processing: no references
[25.749s][debug][gc,ref         ] GC(57) Skipped phase 3 of Reference Processing: no references
[25.749s][debug][gc,phases      ] GC(57) Reference Processing 0.034ms
[25.749s][debug][gc,phases      ] GC(57) Weak Processing 0.618ms
[25.749s][debug][gc,age         ] GC(57) Desired survivor size 102236160 bytes, new threshold 15 (max threshold 15)
[25.749s][info ][gc,heap        ] GC(57) PSYoungGen: 1911775K(1984000K)->36966K(1997312K) Eden: 1875456K(1875456K)->0K(1893376K) From: 36319K(108544K)->36966K(103936K)
[25.749s][info ][gc,heap        ] GC(57) ParOldGen: 260601K(315904K)->260705K(315904K)
[25.749s][info ][gc,metaspace   ] GC(57) Metaspace: 74809K(75456K)->74809K(75456K) NonClass: 64373K(64704K)->64373K(64704K) Class: 10435K(10752K)->10435K(10752K)
[25.749s][info ][gc             ] GC(57) Pause Young (Allocation Failure) 2121M->290M(2259M) 11.340ms
[25.749s][info ][gc,cpu         ] GC(57) User=0.04s Sys=0.00s Real=0.01s
[25.750s][info ][safepoint      ] Safepoint "ParallelGCFailedAllocation", Time since last: 351268931 ns, Reaching safepoint: 4322500 ns, At safepoint: 11471066 ns, Total: 15793566 ns
[25.879s][info ][safepoint      ] Safepoint "ICBufferFull", Time since last: 129290993 ns, Reaching safepoint: 269806 ns, At safepoint: 20400 ns, Total: 290206 ns
[26.121s][info ][gc,start       ] GC(58) Pause Young (Allocation Failure)
[26.133s][debug][gc,phases      ] GC(58) Scavenge 12.118ms
[26.133s][debug][gc,ref         ] GC(58) Skipped phase 1 of Reference Processing: no references
[26.134s][debug][gc,ref         ] GC(58) Skipped phase 3 of Reference Processing: no references
[26.134s][debug][gc,phases      ] GC(58) Reference Processing 0.060ms
[26.134s][debug][gc,phases      ] GC(58) Weak Processing 0.616ms
[26.134s][debug][gc,age         ] GC(58) Desired survivor size 97517568 bytes, new threshold 15 (max threshold 15)
[26.134s][info ][gc,heap        ] GC(58) PSYoungGen: 1930342K(1997312K)->38031K(1993216K) Eden: 1893376K(1893376K)->0K(1893376K) From: 36966K(103936K)->38031K(99840K)
[26.134s][info ][gc,heap        ] GC(58) ParOldGen: 260705K(315904K)->260721K(315904K)
[26.134s][info ][gc,metaspace   ] GC(58) Metaspace: 74814K(75456K)->74814K(75456K) NonClass: 64377K(64704K)->64377K(64704K) Class: 10436K(10752K)->10436K(10752K)
[26.134s][info ][gc             ] GC(58) Pause Young (Allocation Failure) 2139M->291M(2255M) 12.939ms
[26.134s][info ][gc,cpu         ] GC(58) User=0.06s Sys=0.00s Real=0.02s
[26.134s][info ][safepoint      ] Safepoint "ParallelGCFailedAllocation", Time since last: 242021703 ns, Reaching safepoint: 102702 ns, At safepoint: 13049602 ns, Total: 13152304 ns
[26.498s][info ][safepoint      ] Safepoint "ICBufferFull", Time since last: 363599417 ns, Reaching safepoint: 182005 ns, At safepoint: 23200 ns, Total: 205205 ns
[26.590s][info ][gc,start       ] GC(59) Pause Young (Allocation Failure)
[26.603s][debug][gc,phases      ] GC(59) Scavenge 12.936ms
[26.603s][debug][gc,ref         ] GC(59) Skipped phase 1 of Reference Processing: no references
[26.603s][debug][gc,ref         ] GC(59) Skipped phase 3 of Reference Processing: no references
[26.603s][debug][gc,phases      ] GC(59) Reference Processing 0.037ms
[26.603s][debug][gc,phases      ] GC(59) Weak Processing 0.623ms
[26.603s][debug][gc,age         ] GC(59) Desired survivor size 93323264 bytes, new threshold 15 (max threshold 15)
[26.603s][info ][gc,heap        ] GC(59) PSYoungGen: 1931407K(1993216K)->38543K(2006016K) Eden: 1893376K(1893376K)->0K(1910784K) From: 38031K(99840K)->38543K(95232K)
[26.603s][info ][gc,heap        ] GC(59) ParOldGen: 260721K(315904K)->261569K(315904K)
[26.603s][info ][gc,metaspace   ] GC(59) Metaspace: 74836K(75456K)->74836K(75456K) NonClass: 64399K(64704K)->64399K(64704K) Class: 10436K(10752K)->10436K(10752K)
[26.603s][info ][gc             ] GC(59) Pause Young (Allocation Failure) 2140M->293M(2267M) 13.733ms
[26.603s][info ][gc,cpu         ] GC(59) User=0.03s Sys=0.02s Real=0.01s
[26.603s][info ][safepoint      ] Safepoint "ParallelGCFailedAllocation", Time since last: 91291513 ns, Reaching safepoint: 91103 ns, At safepoint: 13852420 ns, Total: 13943523 ns
[26.948s][info ][safepoint      ] Safepoint "ICBufferFull", Time since last: 344331671 ns, Reaching safepoint: 186105 ns, At safepoint: 24400 ns, Total: 210505 ns
[26.990s][info ][gc,start       ] GC(60) Pause Young (Allocation Failure)
[27.001s][debug][gc,phases      ] GC(60) Scavenge 10.669ms
[27.001s][debug][gc,ref         ] GC(60) Skipped phase 1 of Reference Processing: no references
[27.001s][debug][gc,ref         ] GC(60) Skipped phase 3 of Reference Processing: no references
[27.001s][debug][gc,phases      ] GC(60) Reference Processing 0.061ms
[27.001s][debug][gc,phases      ] GC(60) Weak Processing 0.555ms
[27.001s][debug][gc,age         ] GC(60) Desired survivor size 89653248 bytes, new threshold 15 (max threshold 15)
[27.001s][info ][gc,heap        ] GC(60) PSYoungGen: 1949327K(2006016K)->38112K(2001920K) Eden: 1910784K(1910784K)->0K(1910784K) From: 38543K(95232K)->38112K(91136K)
[27.001s][info ][gc,heap        ] GC(60) ParOldGen: 261569K(315904K)->262609K(315904K)
[27.001s][info ][gc,metaspace   ] GC(60) Metaspace: 74874K(75520K)->74874K(75520K) NonClass: 64435K(64768K)->64435K(64768K) Class: 10439K(10752K)->10439K(10752K)
[27.001s][info ][gc             ] GC(60) Pause Young (Allocation Failure) 2159M->293M(2263M) 11.429ms
[27.001s][info ][gc,cpu         ] GC(60) User=0.04s Sys=0.01s Real=0.00s
[27.001s][info ][safepoint      ] Safepoint "ParallelGCFailedAllocation", Time since last: 41919671 ns, Reaching safepoint: 123902 ns, At safepoint: 11541168 ns, Total: 11665070 ns
[27.398s][info ][safepoint      ] Safepoint "ICBufferFull", Time since last: 396145871 ns, Reaching safepoint: 180104 ns, At safepoint: 30501 ns, Total: 210605 ns
[27.461s][info ][gc,start       ] GC(61) Pause Young (Allocation Failure)
[27.482s][debug][gc,phases      ] GC(61) Scavenge 20.393ms
[27.482s][debug][gc,ref         ] GC(61) Skipped phase 1 of Reference Processing: no references
[27.482s][debug][gc,ref         ] GC(61) Skipped phase 3 of Reference Processing: no references
[27.482s][debug][gc,phases      ] GC(61) Reference Processing 0.034ms
[27.482s][debug][gc,phases      ] GC(61) Weak Processing 0.595ms
[27.482s][debug][gc,age         ] GC(61) Desired survivor size 86507520 bytes, new threshold 15 (max threshold 15)
[27.482s][info ][gc,heap        ] GC(61) PSYoungGen: 1948896K(2001920K)->46592K(2012672K) Eden: 1910784K(1910784K)->0K(1925120K) From: 38112K(91136K)->46592K(87552K)
[27.482s][info ][gc,heap        ] GC(61) ParOldGen: 262609K(315904K)->263093K(315904K)
[27.482s][info ][gc,metaspace   ] GC(61) Metaspace: 74914K(75520K)->74914K(75520K) NonClass: 64474K(64768K)->64474K(64768K) Class: 10439K(10752K)->10439K(10752K)
[27.482s][info ][gc             ] GC(61) Pause Young (Allocation Failure) 2159M->302M(2274M) 21.161ms
[27.482s][info ][gc,cpu         ] GC(61) User=0.07s Sys=0.01s Real=0.03s
[27.482s][info ][safepoint      ] Safepoint "ParallelGCFailedAllocation", Time since last: 63124061 ns, Reaching safepoint: 211405 ns, At safepoint: 21273592 ns, Total: 21484997 ns
[27.886s][info ][gc,start       ] GC(62) Pause Young (Allocation Failure)
[27.903s][debug][gc,phases      ] GC(62) Scavenge 16.828ms
[27.903s][debug][gc,ref         ] GC(62) Skipped phase 1 of Reference Processing: no references
[27.903s][debug][gc,ref         ] GC(62) Skipped phase 3 of Reference Processing: no references
[27.903s][debug][gc,phases      ] GC(62) Reference Processing 0.030ms
[27.904s][debug][gc,phases      ] GC(62) Weak Processing 0.533ms
[27.904s][debug][gc,age         ] GC(62) Desired survivor size 86507520 bytes, new threshold 15 (max threshold 15)
[27.904s][info ][gc,heap        ] GC(62) PSYoungGen: 1971712K(2012672K)->19168K(2009600K) Eden: 1925120K(1925120K)->0K(1925120K) From: 46592K(87552K)->19168K(84480K)
[27.904s][info ][gc,heap        ] GC(62) ParOldGen: 263093K(315904K)->291951K(315904K)
[27.904s][info ][gc,metaspace   ] GC(62) Metaspace: 74915K(75520K)->74915K(75520K) NonClass: 64475K(64768K)->64475K(64768K) Class: 10439K(10752K)->10439K(10752K)
[27.904s][info ][gc             ] GC(62) Pause Young (Allocation Failure) 2182M->303M(2271M) 17.527ms
[27.904s][info ][gc,cpu         ] GC(62) User=0.05s Sys=0.01s Real=0.02s
[27.904s][info ][safepoint      ] Safepoint "ParallelGCFailedAllocation", Time since last: 403713847 ns, Reaching safepoint: 196204 ns, At safepoint: 17642608 ns, Total: 17838812 ns
[28.248s][info ][safepoint      ] Safepoint "ICBufferFull", Time since last: 343988864 ns, Reaching safepoint: 188005 ns, At safepoint: 27300 ns, Total: 215305 ns
[28.271s][info ][gc,start       ] GC(63) Pause Young (Allocation Failure)
[28.283s][debug][gc,phases      ] GC(63) Scavenge 12.015ms
[28.283s][debug][gc,ref         ] GC(63) Skipped phase 1 of Reference Processing: no references
[28.283s][debug][gc,ref         ] GC(63) Skipped phase 3 of Reference Processing: no references
[28.283s][debug][gc,ref         ] GC(63) Skipped phase 4 of Reference Processing: no references
[28.283s][debug][gc,phases      ] GC(63) Reference Processing 0.024ms
[28.284s][debug][gc,phases      ] GC(63) Weak Processing 0.547ms
[28.284s][debug][gc,age         ] GC(63) Desired survivor size 85983232 bytes, new threshold 15 (max threshold 15)
[28.284s][info ][gc,heap        ] GC(63) PSYoungGen: 1944288K(2009600K)->18720K(2013184K) Eden: 1925120K(1925120K)->0K(1928704K) From: 19168K(84480K)->18720K(84480K)
[28.284s][info ][gc,heap        ] GC(63) ParOldGen: 291951K(315904K)->292727K(315904K)
[28.284s][info ][gc,metaspace   ] GC(63) Metaspace: 74918K(75520K)->74918K(75520K) NonClass: 64478K(64768K)->64478K(64768K) Class: 10439K(10752K)->10439K(10752K)
[28.284s][info ][gc             ] GC(63) Pause Young (Allocation Failure) 2183M->304M(2274M) 12.712ms
[28.284s][info ][gc,cpu         ] GC(63) User=0.05s Sys=0.00s Real=0.01s
[28.284s][info ][safepoint      ] Safepoint "ParallelGCFailedAllocation", Time since last: 22976932 ns, Reaching safepoint: 134103 ns, At safepoint: 12827297 ns, Total: 12961400 ns
[28.677s][info ][gc,start       ] GC(64) Pause Young (Allocation Failure)
[28.690s][debug][gc,phases      ] GC(64) Scavenge 13.254ms
[28.690s][debug][gc,ref         ] GC(64) Skipped phase 1 of Reference Processing: no references
[28.690s][debug][gc,ref         ] GC(64) Skipped phase 3 of Reference Processing: no references
[28.690s][debug][gc,ref         ] GC(64) Skipped phase 4 of Reference Processing: no references
[28.690s][debug][gc,phases      ] GC(64) Reference Processing 0.029ms
[28.691s][debug][gc,phases      ] GC(64) Weak Processing 0.538ms
[28.691s][debug][gc,age         ] GC(64) Desired survivor size 84410368 bytes, new threshold 15 (max threshold 15)
[28.691s][info ][gc,heap        ] GC(64) PSYoungGen: 1947424K(2013184K)->18624K(2012672K) Eden: 1928704K(1928704K)->0K(1928704K) From: 18720K(84480K)->18624K(83968K)
[28.691s][info ][gc,heap        ] GC(64) ParOldGen: 292727K(315904K)->293167K(315904K)
[28.691s][info ][gc,metaspace   ] GC(64) Metaspace: 74921K(75520K)->74921K(75520K) NonClass: 64481K(64768K)->64481K(64768K) Class: 10439K(10752K)->10439K(10752K)
[28.691s][info ][gc             ] GC(64) Pause Young (Allocation Failure) 2187M->304M(2274M) 13.965ms
[28.691s][info ][gc,cpu         ] GC(64) User=0.04s Sys=0.01s Real=0.02s
[28.691s][info ][safepoint      ] Safepoint "ParallelGCFailedAllocation", Time since last: 392254782 ns, Reaching safepoint: 632515 ns, At safepoint: 14077925 ns, Total: 14710440 ns
[29.085s][info ][gc,start       ] GC(65) Pause Young (Allocation Failure)
[29.098s][debug][gc,phases      ] GC(65) Scavenge 12.649ms
[29.098s][debug][gc,ref         ] GC(65) Skipped phase 1 of Reference Processing: no references
[29.098s][debug][gc,ref         ] GC(65) Skipped phase 3 of Reference Processing: no references
[29.098s][debug][gc,ref         ] GC(65) Skipped phase 4 of Reference Processing: no references
[29.098s][debug][gc,phases      ] GC(65) Reference Processing 0.028ms
[29.098s][debug][gc,phases      ] GC(65) Weak Processing 0.520ms
[29.098s][debug][gc,age         ] GC(65) Desired survivor size 83361792 bytes, new threshold 15 (max threshold 15)
[29.098s][info ][gc,heap        ] GC(65) PSYoungGen: 1947328K(2012672K)->18000K(2015744K) Eden: 1928704K(1928704K)->0K(1933312K) From: 18624K(83968K)->18000K(82432K)
[29.098s][info ][gc,heap        ] GC(65) ParOldGen: 293167K(315904K)->294092K(315904K)
[29.098s][info ][gc,metaspace   ] GC(65) Metaspace: 74923K(75584K)->74923K(75584K) NonClass: 64484K(64832K)->64484K(64832K) Class: 10439K(10752K)->10439K(10752K)
[29.099s][info ][gc             ] GC(65) Pause Young (Allocation Failure) 2187M->304M(2277M) 13.333ms
[29.099s][info ][gc,cpu         ] GC(65) User=0.05s Sys=0.00s Real=0.01s
[29.099s][info ][safepoint      ] Safepoint "ParallelGCFailedAllocation", Time since last: 393884520 ns, Reaching safepoint: 162004 ns, At safepoint: 13469511 ns, Total: 13631515 ns
[29.490s][info ][gc,start       ] GC(66) Pause Young (Allocation Failure)
[29.503s][debug][gc,phases      ] GC(66) Scavenge 12.978ms
[29.503s][debug][gc,ref         ] GC(66) Skipped phase 1 of Reference Processing: no references
[29.503s][debug][gc,ref         ] GC(66) Skipped phase 2 of Reference Processing: no references
[29.503s][debug][gc,ref         ] GC(66) Skipped phase 3 of Reference Processing: no references
[29.503s][debug][gc,ref         ] GC(66) Skipped phase 4 of Reference Processing: no references
[29.503s][debug][gc,phases      ] GC(66) Reference Processing 0.022ms
[29.503s][debug][gc,phases      ] GC(66) Weak Processing 0.536ms
[29.503s][debug][gc,age         ] GC(66) Desired survivor size 81788928 bytes, new threshold 15 (max threshold 15)
[29.504s][info ][gc,heap        ] GC(66) PSYoungGen: 1951312K(2015744K)->16608K(2014720K) Eden: 1933312K(1933312K)->0K(1933312K) From: 18000K(82432K)->16608K(81408K)
[29.504s][info ][gc,heap        ] GC(66) ParOldGen: 294092K(315904K)->295768K(315904K)
[29.504s][info ][gc,metaspace   ] GC(66) Metaspace: 74976K(75584K)->74976K(75584K) NonClass: 64537K(64832K)->64537K(64832K) Class: 10439K(10752K)->10439K(10752K)
[29.504s][info ][gc             ] GC(66) Pause Young (Allocation Failure) 2192M->305M(2276M) 13.696ms
[29.504s][info ][gc,cpu         ] GC(66) User=0.06s Sys=0.01s Real=0.01s
[29.504s][info ][safepoint      ] Safepoint "ParallelGCFailedAllocation", Time since last: 391039654 ns, Reaching safepoint: 148904 ns, At safepoint: 13811519 ns, Total: 13960423 ns
[29.906s][info ][gc,start       ] GC(67) Pause Young (Allocation Failure)
[29.918s][debug][gc,phases      ] GC(67) Scavenge 11.297ms
[29.918s][debug][gc,ref         ] GC(67) Skipped phase 1 of Reference Processing: no references
[29.918s][debug][gc,ref         ] GC(67) Skipped phase 2 of Reference Processing: no references
[29.918s][debug][gc,ref         ] GC(67) Skipped phase 3 of Reference Processing: no references
[29.918s][debug][gc,ref         ] GC(67) Skipped phase 4 of Reference Processing: no references
[29.918s][debug][gc,phases      ] GC(67) Reference Processing 0.029ms
[29.919s][debug][gc,phases      ] GC(67) Weak Processing 0.733ms
[29.919s][debug][gc,age         ] GC(67) Desired survivor size 79691776 bytes, new threshold 15 (max threshold 15)
[29.919s][info ][gc,heap        ] GC(67) PSYoungGen: 1949920K(2014720K)->16736K(2019328K) Eden: 1933312K(1933312K)->0K(1939456K) From: 16608K(81408K)->16736K(79872K)
[29.919s][info ][gc,heap        ] GC(67) ParOldGen: 295768K(315904K)->296008K(315904K)
[29.919s][info ][gc,metaspace   ] GC(67) Metaspace: 74987K(75648K)->74987K(75648K) NonClass: 64547K(64896K)->64547K(64896K) Class: 10439K(10752K)->10439K(10752K)
[29.919s][info ][gc             ] GC(67) Pause Young (Allocation Failure) 2193M->305M(2280M) 12.225ms
[29.919s][info ][gc,cpu         ] GC(67) User=0.06s Sys=0.00s Real=0.01s
[29.919s][info ][safepoint      ] Safepoint "ParallelGCFailedAllocation", Time since last: 400533474 ns, Reaching safepoint: 2169050 ns, At safepoint: 12371787 ns, Total: 14540837 ns
[30.248s][info ][safepoint      ] Safepoint "ICBufferFull", Time since last: 329432728 ns, Reaching safepoint: 196304 ns, At safepoint: 25901 ns, Total: 222205 ns
[30.324s][info ][gc,start       ] GC(68) Pause Young (Allocation Failure)
[30.334s][debug][gc,phases      ] GC(68) Scavenge 10.232ms
[30.334s][debug][gc,ref         ] GC(68) Skipped phase 1 of Reference Processing: no references
[30.334s][debug][gc,ref         ] GC(68) Skipped phase 3 of Reference Processing: no references
[30.334s][debug][gc,phases      ] GC(68) Reference Processing 0.021ms
[30.335s][debug][gc,phases      ] GC(68) Weak Processing 0.510ms
[30.335s][debug][gc,age         ] GC(68) Desired survivor size 77594624 bytes, new threshold 15 (max threshold 15)
[30.335s][info ][gc,heap        ] GC(68) PSYoungGen: 1956192K(2019328K)->16896K(2017280K) Eden: 1939456K(1939456K)->0K(1939456K) From: 16736K(79872K)->16896K(77824K)
[30.335s][info ][gc,heap        ] GC(68) ParOldGen: 296008K(315904K)->296224K(315904K)
[30.335s][info ][gc,metaspace   ] GC(68) Metaspace: 75012K(75712K)->75012K(75712K) NonClass: 64569K(64960K)->64569K(64960K) Class: 10443K(10752K)->10443K(10752K)
[30.335s][info ][gc             ] GC(68) Pause Young (Allocation Failure) 2199M->305M(2278M) 10.926ms
[30.335s][info ][gc,cpu         ] GC(68) User=0.04s Sys=0.00s Real=0.01s
[30.335s][info ][safepoint      ] Safepoint "ParallelGCFailedAllocation", Time since last: 75361245 ns, Reaching safepoint: 61701 ns, At safepoint: 11036056 ns, Total: 11097757 ns
[30.699s][info ][safepoint      ] Safepoint "ICBufferFull", Time since last: 364086430 ns, Reaching safepoint: 174604 ns, At safepoint: 29901 ns, Total: 204505 ns
[30.741s][info ][gc,start       ] GC(69) Pause Young (Allocation Failure)
[30.751s][debug][gc,phases      ] GC(69) Scavenge 10.228ms
[30.751s][debug][gc,ref         ] GC(69) Skipped phase 1 of Reference Processing: no references
[30.751s][debug][gc,ref         ] GC(69) Skipped phase 3 of Reference Processing: no references
[30.751s][debug][gc,phases      ] GC(69) Reference Processing 0.024ms
[30.752s][debug][gc,phases      ] GC(69) Weak Processing 0.581ms
[30.752s][debug][gc,age         ] GC(69) Desired survivor size 74973184 bytes, new threshold 15 (max threshold 15)
[30.752s][info ][gc,heap        ] GC(69) PSYoungGen: 1956352K(2017280K)->16960K(2023936K) Eden: 1939456K(1939456K)->0K(1948160K) From: 16896K(77824K)->16960K(75776K)
[30.752s][info ][gc,heap        ] GC(69) ParOldGen: 296224K(315904K)->296472K(315904K)
[30.752s][info ][gc,metaspace   ] GC(69) Metaspace: 75042K(75712K)->75042K(75712K) NonClass: 64597K(64960K)->64597K(64960K) Class: 10445K(10752K)->10445K(10752K)
[30.752s][info ][gc             ] GC(69) Pause Young (Allocation Failure) 2199M->306M(2285M) 10.982ms
[30.752s][info ][gc,cpu         ] GC(69) User=0.04s Sys=0.00s Real=0.02s
[30.752s][info ][safepoint      ] Safepoint "ParallelGCFailedAllocation", Time since last: 41417259 ns, Reaching safepoint: 135503 ns, At safepoint: 11084656 ns, Total: 11220159 ns
[31.181s][info ][gc,start       ] GC(70) Pause Young (Allocation Failure)
[31.193s][debug][gc,phases      ] GC(70) Scavenge 11.807ms
[31.193s][debug][gc,ref         ] GC(70) Skipped phase 1 of Reference Processing: no references
[31.193s][debug][gc,ref         ] GC(70) Skipped phase 3 of Reference Processing: no references
[31.193s][debug][gc,ref         ] GC(70) Skipped phase 4 of Reference Processing: no references
[31.193s][debug][gc,phases      ] GC(70) Reference Processing 0.022ms
[31.194s][debug][gc,phases      ] GC(70) Weak Processing 0.587ms
[31.194s][debug][gc,age         ] GC(70) Desired survivor size 72351744 bytes, new threshold 15 (max threshold 15)
[31.194s][info ][gc,heap        ] GC(70) PSYoungGen: 1965120K(2023936K)->17152K(2021376K) Eden: 1948160K(1948160K)->0K(1948160K) From: 16960K(75776K)->17152K(73216K)
[31.194s][info ][gc,heap        ] GC(70) ParOldGen: 296472K(315904K)->296664K(315904K)
[31.194s][info ][gc,metaspace   ] GC(70) Metaspace: 75053K(75712K)->75053K(75712K) NonClass: 64608K(64960K)->64608K(64960K) Class: 10445K(10752K)->10445K(10752K)
[31.194s][info ][gc             ] GC(70) Pause Young (Allocation Failure) 2208M->306M(2282M) 12.537ms
[31.194s][info ][gc,cpu         ] GC(70) User=0.04s Sys=0.00s Real=0.02s
[31.194s][info ][safepoint      ] Safepoint "ParallelGCFailedAllocation", Time since last: 429217939 ns, Reaching safepoint: 166204 ns, At safepoint: 12653893 ns, Total: 12820097 ns
[31.598s][info ][safepoint      ] Safepoint "ICBufferFull", Time since last: 402004809 ns, Reaching safepoint: 2205251 ns, At safepoint: 32000 ns, Total: 2237251 ns
[31.666s][info ][gc,start       ] GC(71) Pause Young (Allocation Failure)
[31.678s][debug][gc,phases      ] GC(71) Scavenge 11.826ms
[31.678s][debug][gc,ref         ] GC(71) Skipped phase 1 of Reference Processing: no references
[31.678s][debug][gc,ref         ] GC(71) Skipped phase 3 of Reference Processing: no references
[31.678s][debug][gc,phases      ] GC(71) Reference Processing 0.036ms
[31.678s][debug][gc,phases      ] GC(71) Weak Processing 0.550ms
[31.678s][debug][gc,age         ] GC(71) Desired survivor size 69730304 bytes, new threshold 15 (max threshold 15)
[31.678s][info ][gc,heap        ] GC(71) PSYoungGen: 1965312K(2021376K)->17152K(2029056K) Eden: 1948160K(1948160K)->0K(1958400K) From: 17152K(73216K)->17152K(70656K)
[31.678s][info ][gc,heap        ] GC(71) ParOldGen: 296664K(315904K)->297248K(315904K)
[31.678s][info ][gc,metaspace   ] GC(71) Metaspace: 75103K(75712K)->75103K(75712K) NonClass: 64655K(64960K)->64655K(64960K) Class: 10447K(10752K)->10447K(10752K)
[31.678s][info ][gc             ] GC(71) Pause Young (Allocation Failure) 2208M->307M(2290M) 12.544ms
[31.678s][info ][gc,cpu         ] GC(71) User=0.04s Sys=0.00s Real=0.01s
[31.678s][info ][safepoint      ] Safepoint "ParallelGCFailedAllocation", Time since last: 66677844 ns, Reaching safepoint: 965823 ns, At safepoint: 12655193 ns, Total: 13621016 ns
[32.048s][info ][safepoint      ] Safepoint "ICBufferFull", Time since last: 369404254 ns, Reaching safepoint: 181204 ns, At safepoint: 27701 ns, Total: 208905 ns
[32.210s][info ][gc,start       ] GC(72) Pause Young (Allocation Failure)
[32.229s][debug][gc,phases      ] GC(72) Scavenge 18.810ms
[32.229s][debug][gc,ref         ] GC(72) Skipped phase 1 of Reference Processing: no references
[32.229s][debug][gc,ref         ] GC(72) Skipped phase 3 of Reference Processing: no references
[32.229s][debug][gc,ref         ] GC(72) Skipped phase 4 of Reference Processing: no references
[32.229s][debug][gc,phases      ] GC(72) Reference Processing 0.029ms
[32.230s][debug][gc,phases      ] GC(72) Weak Processing 0.766ms
[32.230s][debug][gc,age         ] GC(72) Desired survivor size 67108864 bytes, new threshold 15 (max threshold 15)
[32.230s][info ][gc,heap        ] GC(72) PSYoungGen: 1975552K(2029056K)->17168K(2026496K) Eden: 1958400K(1958400K)->0K(1958400K) From: 17152K(70656K)->17168K(68096K)
[32.230s][info ][gc,heap        ] GC(72) ParOldGen: 297248K(315904K)->298040K(315904K)
[32.230s][info ][gc,metaspace   ] GC(72) Metaspace: 75140K(75776K)->75140K(75776K) NonClass: 64692K(65024K)->64692K(65024K) Class: 10447K(10752K)->10447K(10752K)
[32.230s][info ][gc             ] GC(72) Pause Young (Allocation Failure) 2219M->307M(2287M) 19.763ms
[32.230s][info ][gc,cpu         ] GC(72) User=0.05s Sys=0.00s Real=0.02s
[32.230s][info ][safepoint      ] Safepoint "ParallelGCFailedAllocation", Time since last: 155650104 ns, Reaching safepoint: 6428949 ns, At safepoint: 19896661 ns, Total: 26325610 ns
[32.699s][info ][safepoint      ] Safepoint "ICBufferFull", Time since last: 468465748 ns, Reaching safepoint: 156804 ns, At safepoint: 20200 ns, Total: 177004 ns
[32.730s][info ][gc,start       ] GC(73) Pause Young (Allocation Failure)
[32.742s][debug][gc,phases      ] GC(73) Scavenge 12.144ms
[32.742s][debug][gc,ref         ] GC(73) Skipped phase 1 of Reference Processing: no references
[32.742s][debug][gc,ref         ] GC(73) Skipped phase 3 of Reference Processing: no references
[32.742s][debug][gc,phases      ] GC(73) Reference Processing 0.021ms
[32.743s][debug][gc,phases      ] GC(73) Weak Processing 0.588ms
[32.743s][debug][gc,age         ] GC(73) Desired survivor size 64487424 bytes, new threshold 15 (max threshold 15)
[32.743s][info ][gc,heap        ] GC(73) PSYoungGen: 1975568K(2026496K)->16576K(2034176K) Eden: 1958400K(1958400K)->0K(1968640K) From: 17168K(68096K)->16576K(65536K)
[32.743s][info ][gc,heap        ] GC(73) ParOldGen: 298040K(315904K)->299096K(315904K)
[32.743s][info ][gc,metaspace   ] GC(73) Metaspace: 75175K(75776K)->75175K(75776K) NonClass: 64726K(65024K)->64726K(65024K) Class: 10448K(10752K)->10448K(10752K)
[32.743s][info ][gc             ] GC(73) Pause Young (Allocation Failure) 2220M->308M(2295M) 12.884ms
[32.743s][info ][gc,cpu         ] GC(73) User=0.05s Sys=0.00s Real=0.01s
[32.743s][info ][safepoint      ] Safepoint "ParallelGCFailedAllocation", Time since last: 31013418 ns, Reaching safepoint: 126903 ns, At safepoint: 12985401 ns, Total: 13112304 ns
[33.200s][info ][gc,start       ] GC(74) Pause Young (Allocation Failure)
[33.212s][debug][gc,phases      ] GC(74) Scavenge 11.229ms
[33.212s][debug][gc,ref         ] GC(74) Skipped phase 1 of Reference Processing: no references
[33.212s][debug][gc,ref         ] GC(74) Skipped phase 3 of Reference Processing: no references
[33.212s][debug][gc,ref         ] GC(74) Skipped phase 4 of Reference Processing: no references
[33.212s][debug][gc,phases      ] GC(74) Reference Processing 0.022ms
[33.212s][debug][gc,phases      ] GC(74) Weak Processing 0.514ms
[33.212s][debug][gc,age         ] GC(74) Desired survivor size 62390272 bytes, new threshold 15 (max threshold 15)
[33.212s][info ][gc,heap        ] GC(74) PSYoungGen: 1985216K(2034176K)->15760K(2031616K) Eden: 1968640K(1968640K)->0K(1968640K) From: 16576K(65536K)->15760K(62976K)
[33.212s][info ][gc,heap        ] GC(74) ParOldGen: 299096K(315904K)->300464K(315904K)
[33.212s][info ][gc,metaspace   ] GC(74) Metaspace: 75185K(75840K)->75185K(75840K) NonClass: 64737K(65088K)->64737K(65088K) Class: 10448K(10752K)->10448K(10752K)
[33.212s][info ][gc             ] GC(74) Pause Young (Allocation Failure) 2230M->308M(2292M) 11.878ms
[33.212s][info ][gc,cpu         ] GC(74) User=0.05s Sys=0.00s Real=0.02s
[33.212s][info ][safepoint      ] Safepoint "ParallelGCFailedAllocation", Time since last: 457485394 ns, Reaching safepoint: 159204 ns, At safepoint: 11984277 ns, Total: 12143481 ns
[33.631s][info ][gc,start       ] GC(75) Pause Young (Allocation Failure)
[33.641s][debug][gc,phases      ] GC(75) Scavenge 10.426ms
[33.641s][debug][gc,ref         ] GC(75) Skipped phase 1 of Reference Processing: no references
[33.641s][debug][gc,ref         ] GC(75) Skipped phase 3 of Reference Processing: no references
[33.641s][debug][gc,ref         ] GC(75) Skipped phase 4 of Reference Processing: no references
[33.641s][debug][gc,phases      ] GC(75) Reference Processing 0.022ms
[33.642s][debug][gc,phases      ] GC(75) Weak Processing 0.562ms
[33.642s][debug][gc,age         ] GC(75) Desired survivor size 59768832 bytes, new threshold 15 (max threshold 15)
[33.642s][info ][gc,heap        ] GC(75) PSYoungGen: 1984400K(2031616K)->15680K(2038784K) Eden: 1968640K(1968640K)->0K(1977856K) From: 15760K(62976K)->15680K(60928K)
[33.642s][info ][gc,heap        ] GC(75) ParOldGen: 300464K(315904K)->301096K(315904K)
[33.642s][info ][gc,metaspace   ] GC(75) Metaspace: 75231K(75904K)->75231K(75904K) NonClass: 64782K(65152K)->64782K(65152K) Class: 10448K(10752K)->10448K(10752K)
[33.642s][info ][gc             ] GC(75) Pause Young (Allocation Failure) 2231M->309M(2299M) 11.127ms
[33.642s][info ][gc,cpu         ] GC(75) User=0.05s Sys=0.00s Real=0.01s
[33.642s][info ][safepoint      ] Safepoint "ParallelGCFailedAllocation", Time since last: 418166785 ns, Reaching safepoint: 159803 ns, At safepoint: 11237160 ns, Total: 11396963 ns
[34.066s][info ][gc,start       ] GC(76) Pause Young (Allocation Failure)
[34.086s][debug][gc,phases      ] GC(76) Scavenge 19.999ms
[34.086s][debug][gc,ref         ] GC(76) Skipped phase 1 of Reference Processing: no references
[34.086s][debug][gc,ref         ] GC(76) Skipped phase 3 of Reference Processing: no references
[34.086s][debug][gc,ref         ] GC(76) Skipped phase 4 of Reference Processing: no references
[34.086s][debug][gc,phases      ] GC(76) Reference Processing 0.028ms
[34.087s][debug][gc,phases      ] GC(76) Weak Processing 0.779ms
[34.087s][debug][gc,age         ] GC(76) Desired survivor size 59244544 bytes, new threshold 15 (max threshold 15)
[34.087s][info ][gc,heap        ] GC(76) PSYoungGen: 1993536K(2038784K)->7344K(2036224K) Eden: 1977856K(1977856K)->0K(1977856K) From: 15680K(60928K)->7344K(58368K)
[34.087s][info ][gc,heap        ] GC(76) ParOldGen: 301096K(315904K)->310080K(315904K)
[34.087s][info ][gc,metaspace   ] GC(76) Metaspace: 75232K(75904K)->75232K(75904K) NonClass: 64784K(65152K)->64784K(65152K) Class: 10448K(10752K)->10448K(10752K)
[34.087s][info ][gc             ] GC(76) Pause Young (Allocation Failure) 2240M->309M(2297M) 20.963ms
[34.087s][info ][gc,cpu         ] GC(76) User=0.05s Sys=0.00s Real=0.02s
[34.087s][debug][gc,phases      ] GC(77) Pre Compact 0.017ms
[34.087s][info ][gc,start       ] GC(77) Pause Full (Ergonomics)
[34.087s][info ][gc,phases,start] GC(77) Marking Phase
[34.212s][debug][gc,phases      ] GC(77) Par Mark 125.611ms
[34.212s][debug][gc,ref         ] GC(77) Skipped phase 1 of Reference Processing: no references
[34.213s][debug][gc,phases      ] GC(77) Reference Processing 0.470ms
[34.214s][debug][gc,phases      ] GC(77) Weak Processing 0.714ms
[34.214s][debug][gc,phases      ] GC(77) ClassLoaderData 0.066ms
[34.214s][debug][gc,phases      ] GC(77) Trigger cleanups 0.000ms
[34.229s][debug][gc,phases      ] GC(77) Class Unloading 15.563ms
[34.229s][info ][gc,phases      ] GC(77) Marking Phase 142.527ms
[34.229s][info ][gc,phases,start] GC(77) Summary Phase
[34.229s][info ][gc,phases      ] GC(77) Summary Phase 0.018ms
[34.229s][info ][gc,phases,start] GC(77) Adjust Roots
[34.245s][info ][gc,phases      ] GC(77) Adjust Roots 15.427ms
[34.245s][info ][gc,phases,start] GC(77) Compaction Phase
[34.355s][info ][gc,phases      ] GC(77) Compaction Phase 110.479ms
[34.355s][info ][gc,phases,start] GC(77) Post Compact
[34.356s][info ][gc,phases      ] GC(77) Post Compact 1.017ms
[34.356s][info ][gc,heap        ] GC(77) PSYoungGen: 7344K(2036224K)->0K(2039296K) Eden: 0K(1977856K)->0K(1981440K) From: 7344K(58368K)->0K(57856K)
[34.356s][info ][gc,heap        ] GC(77) ParOldGen: 310080K(315904K)->295413K(374272K)
[34.356s][info ][gc,metaspace   ] GC(77) Metaspace: 75232K(75904K)->75232K(75904K) NonClass: 64784K(65152K)->64784K(65152K) Class: 10448K(10752K)->10448K(10752K)
[34.356s][info ][gc             ] GC(77) Pause Full (Ergonomics) 309M->288M(2357M) 269.750ms
[34.356s][info ][gc,cpu         ] GC(77) User=0.91s Sys=0.00s Real=0.27s
[34.357s][info ][safepoint      ] Safepoint "ParallelGCFailedAllocation", Time since last: 422928195 ns, Reaching safepoint: 849220 ns, At safepoint: 290933238 ns, Total: 291782458 ns
[34.598s][info ][safepoint      ] Safepoint "ICBufferFull", Time since last: 241506293 ns, Reaching safepoint: 166404 ns, At safepoint: 19900 ns, Total: 186304 ns
[35.005s][info ][gc,start       ] GC(78) Pause Young (Allocation Failure)
[35.011s][debug][gc,phases      ] GC(78) Scavenge 5.888ms
[35.011s][debug][gc,ref         ] GC(78) Skipped phase 1 of Reference Processing: no references
[35.011s][debug][gc,ref         ] GC(78) Skipped phase 2 of Reference Processing: no references
[35.011s][debug][gc,ref         ] GC(78) Skipped phase 3 of Reference Processing: no references
[35.011s][debug][gc,ref         ] GC(78) Skipped phase 4 of Reference Processing: no references
[35.011s][debug][gc,phases      ] GC(78) Reference Processing 0.034ms
[35.012s][debug][gc,phases      ] GC(78) Weak Processing 0.824ms
[35.012s][debug][gc,age         ] GC(78) Desired survivor size 58720256 bytes, new threshold 15 (max threshold 15)
[35.012s][info ][gc,heap        ] GC(78) PSYoungGen: 1981440K(2039296K)->896K(2039296K) Eden: 1981440K(1981440K)->0K(1981440K) From: 0K(57856K)->896K(57856K)
[35.012s][info ][gc,heap        ] GC(78) ParOldGen: 295413K(374272K)->295421K(374272K)
[35.012s][info ][gc,metaspace   ] GC(78) Metaspace: 75254K(75904K)->75254K(75904K) NonClass: 64803K(65152K)->64803K(65152K) Class: 10450K(10752K)->10450K(10752K)
[35.012s][info ][gc             ] GC(78) Pause Young (Allocation Failure) 2223M->289M(2357M) 6.911ms
[35.012s][info ][gc,cpu         ] GC(78) User=0.02s Sys=0.00s Real=0.01s
[35.012s][info ][safepoint      ] Safepoint "ParallelGCFailedAllocation", Time since last: 397006295 ns, Reaching safepoint: 9365217 ns, At safepoint: 7055763 ns, Total: 16420980 ns
[35.558s][info ][safepoint      ] Safepoint "ICBufferFull", Time since last: 541886351 ns, Reaching safepoint: 4054693 ns, At safepoint: 21301 ns, Total: 4075994 ns
[35.699s][info ][gc,start       ] GC(79) Pause Young (Allocation Failure)
[35.712s][debug][gc,phases      ] GC(79) Scavenge 13.266ms
[35.712s][debug][gc,ref         ] GC(79) Skipped phase 1 of Reference Processing: no references
[35.712s][debug][gc,ref         ] GC(79) Skipped phase 2 of Reference Processing: no references
[35.712s][debug][gc,ref         ] GC(79) Skipped phase 3 of Reference Processing: no references
[35.712s][debug][gc,ref         ] GC(79) Skipped phase 4 of Reference Processing: no references
[35.712s][debug][gc,phases      ] GC(79) Reference Processing 0.031ms
[35.713s][debug][gc,phases      ] GC(79) Weak Processing 0.665ms
[35.713s][debug][gc,age         ] GC(79) Desired survivor size 57671680 bytes, new threshold 15 (max threshold 15)
[35.713s][info ][gc,heap        ] GC(79) PSYoungGen: 1982336K(2039296K)->2496K(2040832K) Eden: 1981440K(1981440K)->0K(1983488K) From: 896K(57856K)->2496K(57344K)
[35.713s][info ][gc,heap        ] GC(79) ParOldGen: 295421K(374272K)->295421K(374272K)
[35.713s][info ][gc,metaspace   ] GC(79) Metaspace: 75269K(75904K)->75269K(75904K) NonClass: 64818K(65152K)->64818K(65152K) Class: 10450K(10752K)->10450K(10752K)
[35.713s][info ][gc             ] GC(79) Pause Young (Allocation Failure) 2224M->290M(2358M) 14.126ms
[35.713s][info ][gc,cpu         ] GC(79) User=0.01s Sys=0.00s Real=0.02s
[35.713s][info ][safepoint      ] Safepoint "ParallelGCFailedAllocation", Time since last: 140862262 ns, Reaching safepoint: 235906 ns, At safepoint: 14245130 ns, Total: 14481036 ns
[36.303s][info ][safepoint      ] Safepoint "ICBufferFull", Time since last: 589932164 ns, Reaching safepoint: 95302 ns, At safepoint: 9700 ns, Total: 105002 ns
[37.303s][info ][safepoint      ] Safepoint "Cleanup", Time since last: 1000100868 ns, Reaching safepoint: 85802 ns, At safepoint: 8500 ns, Total: 94302 ns
[38.312s][info ][safepoint      ] Safepoint "Cleanup", Time since last: 1002338926 ns, Reaching safepoint: 6139643 ns, At safepoint: 7700 ns, Total: 6147343 ns
[39.312s][info ][safepoint      ] Safepoint "Cleanup", Time since last: 1000104976 ns, Reaching safepoint: 77402 ns, At safepoint: 5900 ns, Total: 83302 ns
[40.209s][info ][safepoint      ] Safepoint "ICBufferFull", Time since last: 896724881 ns, Reaching safepoint: 327408 ns, At safepoint: 18100 ns, Total: 345508 ns
[40.216s][info ][safepoint      ] Safepoint "ICBufferFull", Time since last: 6750157 ns, Reaching safepoint: 212705 ns, At safepoint: 7700 ns, Total: 220405 ns
[40.218s][info ][safepoint      ] Safepoint "ICBufferFull", Time since last: 2338054 ns, Reaching safepoint: 52501 ns, At safepoint: 12100 ns, Total: 64601 ns
[40.220s][info ][safepoint      ] Safepoint "ICBufferFull", Time since last: 1988847 ns, Reaching safepoint: 40300 ns, At safepoint: 5301 ns, Total: 45601 ns
[40.221s][info ][safepoint      ] Safepoint "ICBufferFull", Time since last: 49801 ns, Reaching safepoint: 89402 ns, At safepoint: 5200 ns, Total: 94602 ns
[40.221s][info ][safepoint      ] Safepoint "ICBufferFull", Time since last: 850820 ns, Reaching safepoint: 82702 ns, At safepoint: 5400 ns, Total: 88102 ns
[40.222s][info ][safepoint      ] Safepoint "ICBufferFull", Time since last: 37301 ns, Reaching safepoint: 188304 ns, At safepoint: 4500 ns, Total: 192804 ns
[40.231s][info ][safepoint      ] Safepoint "ICBufferFull", Time since last: 8803204 ns, Reaching safepoint: 128703 ns, At safepoint: 3700 ns, Total: 132403 ns
[40.232s][info ][safepoint      ] Safepoint "ICBufferFull", Time since last: 823919 ns, Reaching safepoint: 140804 ns, At safepoint: 3400 ns, Total: 144204 ns
[40.233s][info ][safepoint      ] Safepoint "ICBufferFull", Time since last: 795918 ns, Reaching safepoint: 136903 ns, At safepoint: 8000 ns, Total: 144903 ns
[40.234s][info ][safepoint      ] Safepoint "ICBufferFull", Time since last: 945022 ns, Reaching safepoint: 258506 ns, At safepoint: 7100 ns, Total: 265606 ns
[40.235s][info ][safepoint      ] Safepoint "ICBufferFull", Time since last: 998724 ns, Reaching safepoint: 211004 ns, At safepoint: 7001 ns, Total: 218005 ns
[40.238s][info ][safepoint      ] Safepoint "ICBufferFull", Time since last: 3058771 ns, Reaching safepoint: 100702 ns, At safepoint: 3100 ns, Total: 103802 ns
[40.240s][info ][safepoint      ] Safepoint "ICBufferFull", Time since last: 1741340 ns, Reaching safepoint: 98403 ns, At safepoint: 7200 ns, Total: 105603 ns
[40.244s][info ][safepoint      ] Safepoint "ICBufferFull", Time since last: 4180197 ns, Reaching safepoint: 110302 ns, At safepoint: 8100 ns, Total: 118402 ns
[40.248s][info ][safepoint      ] Safepoint "ICBufferFull", Time since last: 3473081 ns, Reaching safepoint: 101802 ns, At safepoint: 5600 ns, Total: 107402 ns
[40.254s][info ][safepoint      ] Safepoint "ICBufferFull", Time since last: 5697832 ns, Reaching safepoint: 48602 ns, At safepoint: 5300 ns, Total: 53902 ns
[40.257s][info ][safepoint      ] Safepoint "ICBufferFull", Time since last: 2411756 ns, Reaching safepoint: 642814 ns, At safepoint: 5201 ns, Total: 648015 ns
[40.262s][info ][safepoint      ] Safepoint "ICBufferFull", Time since last: 849319 ns, Reaching safepoint: 4457604 ns, At safepoint: 11700 ns, Total: 4469304 ns
[40.263s][info ][safepoint      ] Safepoint "ICBufferFull", Time since last: 1186727 ns, Reaching safepoint: 111603 ns, At safepoint: 5900 ns, Total: 117503 ns
[40.264s][info ][safepoint      ] Safepoint "ICBufferFull", Time since last: 1011523 ns, Reaching safepoint: 22201 ns, At safepoint: 2000 ns, Total: 24201 ns
[40.266s][info ][safepoint      ] Safepoint "ICBufferFull", Time since last: 1408033 ns, Reaching safepoint: 24200 ns, At safepoint: 1700 ns, Total: 25900 ns
[40.266s][info ][safepoint      ] Safepoint "ICBufferFull", Time since last: 636015 ns, Reaching safepoint: 19800 ns, At safepoint: 1601 ns, Total: 21401 ns
[40.268s][info ][safepoint      ] Safepoint "ICBufferFull", Time since last: 1579236 ns, Reaching safepoint: 104003 ns, At safepoint: 8100 ns, Total: 112103 ns
[40.269s][info ][safepoint      ] Safepoint "ICBufferFull", Time since last: 809018 ns, Reaching safepoint: 100603 ns, At safepoint: 5500 ns, Total: 106103 ns
[40.270s][info ][safepoint      ] Safepoint "ICBufferFull", Time since last: 919821 ns, Reaching safepoint: 32701 ns, At safepoint: 5500 ns, Total: 38201 ns
[40.271s][info ][safepoint      ] Safepoint "ICBufferFull", Time since last: 913421 ns, Reaching safepoint: 111603 ns, At safepoint: 6300 ns, Total: 117903 ns
[40.272s][info ][safepoint      ] Safepoint "ICBufferFull", Time since last: 1280030 ns, Reaching safepoint: 29300 ns, At safepoint: 8101 ns, Total: 37401 ns
[40.273s][info ][safepoint      ] Safepoint "ICBufferFull", Time since last: 894320 ns, Reaching safepoint: 207405 ns, At safepoint: 8400 ns, Total: 215805 ns
[40.274s][info ][safepoint      ] Safepoint "ICBufferFull", Time since last: 833020 ns, Reaching safepoint: 43401 ns, At safepoint: 5700 ns, Total: 49101 ns
[40.279s][info ][safepoint      ] Safepoint "ICBufferFull", Time since last: 4568006 ns, Reaching safepoint: 37100 ns, At safepoint: 1600 ns, Total: 38700 ns
[40.280s][info ][safepoint      ] Safepoint "ICBufferFull", Time since last: 1335031 ns, Reaching safepoint: 35701 ns, At safepoint: 1700 ns, Total: 37401 ns
[40.283s][info ][safepoint      ] Safepoint "ICBufferFull", Time since last: 2592360 ns, Reaching safepoint: 40801 ns, At safepoint: 3200 ns, Total: 44001 ns
[40.284s][info ][safepoint      ] Safepoint "ICBufferFull", Time since last: 627215 ns, Reaching safepoint: 24500 ns, At safepoint: 1701 ns, Total: 26201 ns
[40.284s][info ][safepoint      ] Safepoint "ICBufferFull", Time since last: 770417 ns, Reaching safepoint: 21701 ns, At safepoint: 1700 ns, Total: 23401 ns
[40.286s][info ][safepoint      ] Safepoint "ICBufferFull", Time since last: 1214128 ns, Reaching safepoint: 26401 ns, At safepoint: 6200 ns, Total: 32601 ns
[40.286s][info ][safepoint      ] Safepoint "ICBufferFull", Time since last: 782118 ns, Reaching safepoint: 23500 ns, At safepoint: 1301 ns, Total: 24801 ns
[40.287s][info ][safepoint      ] Safepoint "ICBufferFull", Time since last: 741417 ns, Reaching safepoint: 26800 ns, At safepoint: 2700 ns, Total: 29500 ns
[40.288s][info ][safepoint      ] Safepoint "ICBufferFull", Time since last: 798619 ns, Reaching safepoint: 32101 ns, At safepoint: 2400 ns, Total: 34501 ns
[40.298s][info ][safepoint      ] Safepoint "ICBufferFull", Time since last: 9946830 ns, Reaching safepoint: 51401 ns, At safepoint: 3800 ns, Total: 55201 ns
[40.299s][info ][safepoint      ] Safepoint "ICBufferFull", Time since last: 799419 ns, Reaching safepoint: 30301 ns, At safepoint: 2800 ns, Total: 33101 ns
[40.301s][info ][safepoint      ] Safepoint "ICBufferFull", Time since last: 1786641 ns, Reaching safepoint: 34301 ns, At safepoint: 2000 ns, Total: 36301 ns
[40.314s][info ][safepoint      ] Safepoint "ICBufferFull", Time since last: 13468112 ns, Reaching safepoint: 57701 ns, At safepoint: 3901 ns, Total: 61602 ns
[40.315s][info ][safepoint      ] Safepoint "ICBufferFull", Time since last: 766217 ns, Reaching safepoint: 28101 ns, At safepoint: 1300 ns, Total: 29401 ns
[40.316s][info ][safepoint      ] Safepoint "ICBufferFull", Time since last: 753017 ns, Reaching safepoint: 25301 ns, At safepoint: 3500 ns, Total: 28801 ns
[40.317s][info ][safepoint      ] Safepoint "ICBufferFull", Time since last: 857420 ns, Reaching safepoint: 61901 ns, At safepoint: 9401 ns, Total: 71302 ns
[40.322s][info ][safepoint      ] Safepoint "ICBufferFull", Time since last: 773218 ns, Reaching safepoint: 4080594 ns, At safepoint: 8400 ns, Total: 4088994 ns
[40.326s][info ][safepoint      ] Safepoint "ICBufferFull", Time since last: 1553936 ns, Reaching safepoint: 3193974 ns, At safepoint: 10301 ns, Total: 3204275 ns
[40.330s][info ][safepoint      ] Safepoint "ICBufferFull", Time since last: 3799188 ns, Reaching safepoint: 44101 ns, At safepoint: 6900 ns, Total: 51001 ns
[40.338s][info ][safepoint      ] Safepoint "ICBufferFull", Time since last: 7856182 ns, Reaching safepoint: 55601 ns, At safepoint: 8600 ns, Total: 64201 ns
[40.349s][info ][safepoint      ] Safepoint "ICBufferFull", Time since last: 10502644 ns, Reaching safepoint: 53801 ns, At safepoint: 9800 ns, Total: 63601 ns
[40.359s][info ][safepoint      ] Safepoint "ICBufferFull", Time since last: 10044433 ns, Reaching safepoint: 69802 ns, At safepoint: 4300 ns, Total: 74102 ns
[40.360s][info ][safepoint      ] Safepoint "ICBufferFull", Time since last: 882420 ns, Reaching safepoint: 32401 ns, At safepoint: 1700 ns, Total: 34101 ns
[40.361s][info ][safepoint      ] Safepoint "ICBufferFull", Time since last: 792518 ns, Reaching safepoint: 31001 ns, At safepoint: 3700 ns, Total: 34701 ns
[40.361s][info ][safepoint      ] Safepoint "ICBufferFull", Time since last: 767418 ns, Reaching safepoint: 28401 ns, At safepoint: 2000 ns, Total: 30401 ns
[40.362s][info ][safepoint      ] Safepoint "ICBufferFull", Time since last: 827819 ns, Reaching safepoint: 32101 ns, At safepoint: 1900 ns, Total: 34001 ns
[40.364s][info ][safepoint      ] Safepoint "ICBufferFull", Time since last: 1778341 ns, Reaching safepoint: 37401 ns, At safepoint: 2200 ns, Total: 39601 ns
[40.370s][info ][safepoint      ] Safepoint "ICBufferFull", Time since last: 4866013 ns, Reaching safepoint: 679215 ns, At safepoint: 5700 ns, Total: 684915 ns
[40.374s][info ][safepoint      ] Safepoint "ICBufferFull", Time since last: 3249376 ns, Reaching safepoint: 712216 ns, At safepoint: 3000 ns, Total: 715216 ns
[40.384s][info ][safepoint      ] Safepoint "ICBufferFull", Time since last: 5424426 ns, Reaching safepoint: 4940515 ns, At safepoint: 6500 ns, Total: 4947015 ns
[40.391s][info ][safepoint      ] Safepoint "ICBufferFull", Time since last: 6586452 ns, Reaching safepoint: 34401 ns, At safepoint: 3200 ns, Total: 37601 ns
[40.396s][info ][safepoint      ] Safepoint "ICBufferFull", Time since last: 914121 ns, Reaching safepoint: 4249299 ns, At safepoint: 7100 ns, Total: 4256399 ns
[40.397s][info ][safepoint      ] Safepoint "ICBufferFull", Time since last: 1636438 ns, Reaching safepoint: 36801 ns, At safepoint: 5500 ns, Total: 42301 ns
[40.400s][info ][safepoint      ] Safepoint "ICBufferFull", Time since last: 2891467 ns, Reaching safepoint: 28601 ns, At safepoint: 1300 ns, Total: 29901 ns
[40.401s][info ][safepoint      ] Safepoint "ICBufferFull", Time since last: 898920 ns, Reaching safepoint: 24901 ns, At safepoint: 1500 ns, Total: 26401 ns
[40.403s][info ][safepoint      ] Safepoint "ICBufferFull", Time since last: 1454334 ns, Reaching safepoint: 25600 ns, At safepoint: 2200 ns, Total: 27800 ns
[40.406s][info ][safepoint      ] Safepoint "ICBufferFull", Time since last: 1917145 ns, Reaching safepoint: 1808142 ns, At safepoint: 11800 ns, Total: 1819942 ns
[40.412s][info ][safepoint      ] Safepoint "ICBufferFull", Time since last: 1005223 ns, Reaching safepoint: 4172397 ns, At safepoint: 19000 ns, Total: 4191397 ns
[40.419s][info ][safepoint      ] Safepoint "ICBufferFull", Time since last: 1033424 ns, Reaching safepoint: 5962139 ns, At safepoint: 14000 ns, Total: 5976139 ns
[40.423s][info ][safepoint      ] Safepoint "ICBufferFull", Time since last: 2486358 ns, Reaching safepoint: 2265352 ns, At safepoint: 12900 ns, Total: 2278252 ns
[40.429s][info ][safepoint      ] Safepoint "ICBufferFull", Time since last: 978723 ns, Reaching safepoint: 4665108 ns, At safepoint: 11100 ns, Total: 4676208 ns
[40.430s][info ][safepoint      ] Safepoint "ICBufferFull", Time since last: 900521 ns, Reaching safepoint: 36601 ns, At safepoint: 1600 ns, Total: 38201 ns
[40.432s][info ][safepoint      ] Safepoint "ICBufferFull", Time since last: 1823042 ns, Reaching safepoint: 34001 ns, At safepoint: 4300 ns, Total: 38301 ns
[40.439s][info ][safepoint      ] Safepoint "ICBufferFull", Time since last: 1320231 ns, Reaching safepoint: 5337924 ns, At safepoint: 9200 ns, Total: 5347124 ns
[40.443s][info ][safepoint      ] Safepoint "ICBufferFull", Time since last: 888820 ns, Reaching safepoint: 3140173 ns, At safepoint: 4900 ns, Total: 3145073 ns
[40.454s][info ][safepoint      ] Safepoint "ICBufferFull", Time since last: 6958862 ns, Reaching safepoint: 3999792 ns, At safepoint: 12001 ns, Total: 4011793 ns
[40.459s][info ][safepoint      ] Safepoint "ICBufferFull", Time since last: 5781134 ns, Reaching safepoint: 43701 ns, At safepoint: 2100 ns, Total: 45801 ns
[40.460s][info ][safepoint      ] Safepoint "ICBufferFull", Time since last: 868020 ns, Reaching safepoint: 33000 ns, At safepoint: 1700 ns, Total: 34700 ns
[40.466s][info ][safepoint      ] Safepoint "ICBufferFull", Time since last: 6031240 ns, Reaching safepoint: 40201 ns, At safepoint: 2200 ns, Total: 42401 ns
[40.468s][info ][safepoint      ] Safepoint "ICBufferFull", Time since last: 1588337 ns, Reaching safepoint: 28601 ns, At safepoint: 1500 ns, Total: 30101 ns
[40.473s][info ][safepoint      ] Safepoint "ICBufferFull", Time since last: 5297723 ns, Reaching safepoint: 29100 ns, At safepoint: 1500 ns, Total: 30600 ns
[40.486s][info ][safepoint      ] Safepoint "ICBufferFull", Time since last: 12860298 ns, Reaching safepoint: 319308 ns, At safepoint: 4200 ns, Total: 323508 ns
[40.492s][info ][safepoint      ] Safepoint "ICBufferFull", Time since last: 4699209 ns, Reaching safepoint: 1148326 ns, At safepoint: 10501 ns, Total: 1158827 ns
[40.495s][info ][safepoint      ] Safepoint "ICBufferFull", Time since last: 2126149 ns, Reaching safepoint: 42101 ns, At safepoint: 2700 ns, Total: 44801 ns
[40.500s][info ][safepoint      ] Safepoint "ICBufferFull", Time since last: 5331823 ns, Reaching safepoint: 45801 ns, At safepoint: 2901 ns, Total: 48702 ns
[40.502s][info ][safepoint      ] Safepoint "ICBufferFull", Time since last: 1662038 ns, Reaching safepoint: 32001 ns, At safepoint: 1900 ns, Total: 33901 ns
[40.506s][info ][safepoint      ] Safepoint "ICBufferFull", Time since last: 1733040 ns, Reaching safepoint: 2289353 ns, At safepoint: 3900 ns, Total: 2293253 ns
[40.509s][info ][safepoint      ] Safepoint "ICBufferFull", Time since last: 3770988 ns, Reaching safepoint: 45401 ns, At safepoint: 2900 ns, Total: 48301 ns
[40.514s][info ][safepoint      ] Safepoint "ICBufferFull", Time since last: 4110995 ns, Reaching safepoint: 37501 ns, At safepoint: 6800 ns, Total: 44301 ns
[40.515s][info ][safepoint      ] Safepoint "ICBufferFull", Time since last: 1123626 ns, Reaching safepoint: 233105 ns, At safepoint: 5801 ns, Total: 238906 ns
[40.523s][info ][safepoint      ] Safepoint "ICBufferFull", Time since last: 7592276 ns, Reaching safepoint: 76601 ns, At safepoint: 3700 ns, Total: 80301 ns
[40.536s][info ][safepoint      ] Safepoint "ICBufferFull", Time since last: 13302009 ns, Reaching safepoint: 49501 ns, At safepoint: 4000 ns, Total: 53501 ns
[40.538s][info ][safepoint      ] Safepoint "ICBufferFull", Time since last: 2271353 ns, Reaching safepoint: 33500 ns, At safepoint: 3400 ns, Total: 36900 ns
[40.539s][info ][safepoint      ] Safepoint "ICBufferFull", Time since last: 761018 ns, Reaching safepoint: 24701 ns, At safepoint: 1400 ns, Total: 26101 ns
[40.544s][info ][safepoint      ] Safepoint "ICBufferFull", Time since last: 5084917 ns, Reaching safepoint: 35701 ns, At safepoint: 1900 ns, Total: 37601 ns
[40.545s][info ][safepoint      ] Safepoint "ICBufferFull", Time since last: 786319 ns, Reaching safepoint: 31900 ns, At safepoint: 1800 ns, Total: 33700 ns
[40.546s][info ][safepoint      ] Safepoint "ICBufferFull", Time since last: 850020 ns, Reaching safepoint: 95002 ns, At safepoint: 3700 ns, Total: 98702 ns
[40.551s][info ][safepoint      ] Safepoint "ICBufferFull", Time since last: 4584707 ns, Reaching safepoint: 35100 ns, At safepoint: 1900 ns, Total: 37000 ns
[40.553s][info ][safepoint      ] Safepoint "ICBufferFull", Time since last: 2236652 ns, Reaching safepoint: 34201 ns, At safepoint: 1600 ns, Total: 35801 ns
[40.555s][info ][safepoint      ] Safepoint "ICBufferFull", Time since last: 2508958 ns, Reaching safepoint: 27101 ns, At safepoint: 1700 ns, Total: 28801 ns
[40.558s][info ][safepoint      ] Safepoint "ICBufferFull", Time since last: 2568959 ns, Reaching safepoint: 30201 ns, At safepoint: 1900 ns, Total: 32101 ns
[40.561s][info ][safepoint      ] Safepoint "ICBufferFull", Time since last: 2840366 ns, Reaching safepoint: 40401 ns, At safepoint: 2000 ns, Total: 42401 ns
[40.562s][info ][safepoint      ] Safepoint "ICBufferFull", Time since last: 851720 ns, Reaching safepoint: 21700 ns, At safepoint: 1300 ns, Total: 23000 ns
[40.566s][info ][safepoint      ] Safepoint "ICBufferFull", Time since last: 4436603 ns, Reaching safepoint: 31101 ns, At safepoint: 1900 ns, Total: 33001 ns
[40.568s][info ][safepoint      ] Safepoint "ICBufferFull", Time since last: 1545936 ns, Reaching safepoint: 38501 ns, At safepoint: 2300 ns, Total: 40801 ns
[40.569s][info ][safepoint      ] Safepoint "ICBufferFull", Time since last: 713516 ns, Reaching safepoint: 550013 ns, At safepoint: 3700 ns, Total: 553713 ns
[40.571s][info ][safepoint      ] Safepoint "ICBufferFull", Time since last: 1483134 ns, Reaching safepoint: 24501 ns, At safepoint: 2100 ns, Total: 26601 ns
[40.572s][info ][safepoint      ] Safepoint "ICBufferFull", Time since last: 1419733 ns, Reaching safepoint: 31201 ns, At safepoint: 2800 ns, Total: 34001 ns
[40.573s][info ][safepoint      ] Safepoint "ICBufferFull", Time since last: 881720 ns, Reaching safepoint: 28501 ns, At safepoint: 5700 ns, Total: 34201 ns
[40.576s][info ][safepoint      ] Safepoint "ICBufferFull", Time since last: 2556059 ns, Reaching safepoint: 38701 ns, At safepoint: 2100 ns, Total: 40801 ns
[40.577s][info ][safepoint      ] Safepoint "ICBufferFull", Time since last: 1386232 ns, Reaching safepoint: 113703 ns, At safepoint: 8700 ns, Total: 122403 ns
[40.582s][info ][safepoint      ] Safepoint "ICBufferFull", Time since last: 4413102 ns, Reaching safepoint: 31501 ns, At safepoint: 2100 ns, Total: 33601 ns
[40.586s][info ][safepoint      ] Safepoint "ICBufferFull", Time since last: 4571806 ns, Reaching safepoint: 36401 ns, At safepoint: 6200 ns, Total: 42601 ns
[40.592s][info ][safepoint      ] Safepoint "ICBufferFull", Time since last: 6346747 ns, Reaching safepoint: 27801 ns, At safepoint: 2200 ns, Total: 30001 ns
[40.594s][info ][safepoint      ] Safepoint "ICBufferFull", Time since last: 1419633 ns, Reaching safepoint: 31400 ns, At safepoint: 4101 ns, Total: 35501 ns
[40.595s][info ][safepoint      ] Safepoint "ICBufferFull", Time since last: 1308630 ns, Reaching safepoint: 31101 ns, At safepoint: 1900 ns, Total: 33001 ns
[40.602s][info ][safepoint      ] Safepoint "ICBufferFull", Time since last: 1891443 ns, Reaching safepoint: 4354301 ns, At safepoint: 7601 ns, Total: 4361902 ns
[40.656s][info ][safepoint      ] Safepoint "ICBufferFull", Time since last: 51984204 ns, Reaching safepoint: 2302654 ns, At safepoint: 4600 ns, Total: 2307254 ns
[41.320s][info ][safepoint      ] Safepoint "ICBufferFull", Time since last: 664106024 ns, Reaching safepoint: 222905 ns, At safepoint: 9600 ns, Total: 232505 ns
[42.320s][info ][safepoint      ] Safepoint "Cleanup", Time since last: 1000102140 ns, Reaching safepoint: 100203 ns, At safepoint: 11500 ns, Total: 111703 ns
[43.321s][info ][safepoint      ] Safepoint "Cleanup", Time since last: 1000114244 ns, Reaching safepoint: 60501 ns, At safepoint: 12700 ns, Total: 73201 ns
[44.321s][info ][safepoint      ] Safepoint "Cleanup", Time since last: 1000100459 ns, Reaching safepoint: 102803 ns, At safepoint: 8600 ns, Total: 111403 ns
[45.321s][info ][safepoint      ] Safepoint "Cleanup", Time since last: 1000099661 ns, Reaching safepoint: 82902 ns, At safepoint: 7000 ns, Total: 89902 ns
[46.321s][info ][safepoint      ] Safepoint "Cleanup", Time since last: 1000108963 ns, Reaching safepoint: 60102 ns, At safepoint: 9000 ns, Total: 69102 ns
[46.849s][info ][safepoint      ] Safepoint "ICBufferFull", Time since last: 527471206 ns, Reaching safepoint: 261206 ns, At safepoint: 11700 ns, Total: 272906 ns
[47.849s][info ][safepoint      ] Safepoint "Cleanup", Time since last: 1000103867 ns, Reaching safepoint: 198004 ns, At safepoint: 10901 ns, Total: 208905 ns
[48.849s][info ][safepoint      ] Safepoint "Cleanup", Time since last: 1000108368 ns, Reaching safepoint: 141203 ns, At safepoint: 8500 ns, Total: 149703 ns
[49.850s][info ][safepoint      ] Safepoint "Cleanup", Time since last: 1000065170 ns, Reaching safepoint: 71002 ns, At safepoint: 10000 ns, Total: 81002 ns
[50.850s][info ][safepoint      ] Safepoint "Cleanup", Time since last: 1000100772 ns, Reaching safepoint: 62002 ns, At safepoint: 13800 ns, Total: 75802 ns
[51.850s][info ][safepoint      ] Safepoint "Cleanup", Time since last: 1000100574 ns, Reaching safepoint: 135503 ns, At safepoint: 8401 ns, Total: 143904 ns
[53.091s][info ][safepoint      ] Safepoint "Cleanup", Time since last: 1240748757 ns, Reaching safepoint: 271906 ns, At safepoint: 15501 ns, Total: 287407 ns
[54.127s][info ][safepoint      ] Safepoint "Cleanup", Time since last: 1036172600 ns, Reaching safepoint: 136603 ns, At safepoint: 9601 ns, Total: 146204 ns
[55.128s][info ][safepoint      ] Safepoint "Cleanup", Time since last: 1000092880 ns, Reaching safepoint: 48902 ns, At safepoint: 8100 ns, Total: 57002 ns
[56.128s][info ][safepoint      ] Safepoint "Cleanup", Time since last: 1000093583 ns, Reaching safepoint: 56601 ns, At safepoint: 6500 ns, Total: 63101 ns
[57.128s][info ][safepoint      ] Safepoint "Cleanup", Time since last: 1000093485 ns, Reaching safepoint: 74902 ns, At safepoint: 10000 ns, Total: 84902 ns
[58.128s][info ][safepoint      ] Safepoint "Cleanup", Time since last: 1000088287 ns, Reaching safepoint: 51301 ns, At safepoint: 9000 ns, Total: 60301 ns
[59.128s][info ][safepoint      ] Safepoint "Cleanup", Time since last: 1000087789 ns, Reaching safepoint: 78202 ns, At safepoint: 14400 ns, Total: 92602 ns
[60.128s][info ][safepoint      ] Safepoint "Cleanup", Time since last: 1000093991 ns, Reaching safepoint: 110903 ns, At safepoint: 7000 ns, Total: 117903 ns
[60.704s][info ][safepoint      ] Safepoint "ICBufferFull", Time since last: 575672520 ns, Reaching safepoint: 221905 ns, At safepoint: 14300 ns, Total: 236205 ns
[61.813s][info ][safepoint      ] Safepoint "Cleanup", Time since last: 1108070255 ns, Reaching safepoint: 849820 ns, At safepoint: 9200 ns, Total: 859020 ns
[62.813s][info ][safepoint      ] Safepoint "Cleanup", Time since last: 1000110397 ns, Reaching safepoint: 93402 ns, At safepoint: 6200 ns, Total: 99602 ns
[63.814s][info ][safepoint      ] Safepoint "Cleanup", Time since last: 1000072598 ns, Reaching safepoint: 147103 ns, At safepoint: 9200 ns, Total: 156303 ns
[64.814s][info ][safepoint      ] Safepoint "Cleanup", Time since last: 1000108301 ns, Reaching safepoint: 102702 ns, At safepoint: 7901 ns, Total: 110603 ns
[65.814s][info ][safepoint      ] Safepoint "Cleanup", Time since last: 1000100602 ns, Reaching safepoint: 91002 ns, At safepoint: 5300 ns, Total: 96302 ns
[66.814s][info ][safepoint      ] Safepoint "Cleanup", Time since last: 1000097305 ns, Reaching safepoint: 73601 ns, At safepoint: 10801 ns, Total: 84402 ns
[67.814s][info ][safepoint      ] Safepoint "Cleanup", Time since last: 1000099506 ns, Reaching safepoint: 76602 ns, At safepoint: 8200 ns, Total: 84802 ns
[68.815s][info ][safepoint      ] Safepoint "Cleanup", Time since last: 1000096708 ns, Reaching safepoint: 66602 ns, At safepoint: 7200 ns, Total: 73802 ns
[69.815s][info ][safepoint      ] Safepoint "Cleanup", Time since last: 1000105310 ns, Reaching safepoint: 88702 ns, At safepoint: 9301 ns, Total: 98003 ns
[70.815s][info ][safepoint      ] Safepoint "Cleanup", Time since last: 1000095812 ns, Reaching safepoint: 130203 ns, At safepoint: 7600 ns, Total: 137803 ns
[71.815s][info ][safepoint      ] Safepoint "Cleanup", Time since last: 1000097714 ns, Reaching safepoint: 60502 ns, At safepoint: 12300 ns, Total: 72802 ns
[72.815s][info ][safepoint      ] Safepoint "Cleanup", Time since last: 1000131617 ns, Reaching safepoint: 77302 ns, At safepoint: 10500 ns, Total: 87802 ns
[73.248s][info ][gc,start       ] GC(80) Pause Young (Allocation Failure)
[73.261s][debug][gc,phases      ] GC(80) Scavenge 12.531ms
[73.261s][debug][gc,ref         ] GC(80) Skipped phase 1 of Reference Processing: no references
[73.261s][debug][gc,phases      ] GC(80) Reference Processing 0.124ms
[73.262s][debug][gc,phases      ] GC(80) Weak Processing 0.743ms
[73.262s][debug][gc,age         ] GC(80) Desired survivor size 63438848 bytes, new threshold 15 (max threshold 15)
[73.262s][info ][gc,heap        ] GC(80) PSYoungGen: 1985984K(2040832K)->43171K(2027008K) Eden: 1983488K(1983488K)->0K(1983488K) From: 2496K(57344K)->43171K(43520K)
[73.262s][info ][gc,heap        ] GC(80) ParOldGen: 295421K(374272K)->295429K(374272K)
[73.262s][info ][gc,metaspace   ] GC(80) Metaspace: 76482K(77120K)->76482K(77120K) NonClass: 65940K(66304K)->65940K(66304K) Class: 10541K(10816K)->10541K(10816K)
[73.262s][info ][gc             ] GC(80) Pause Young (Allocation Failure) 2227M->330M(2345M) 13.567ms
[73.262s][info ][gc,cpu         ] GC(80) User=0.05s Sys=0.00s Real=0.02s
[73.262s][info ][safepoint      ] Safepoint "ParallelGCFailedAllocation", Time since last: 432760174 ns, Reaching safepoint: 50101 ns, At safepoint: 13672512 ns, Total: 13722613 ns
[74.262s][info ][safepoint      ] Safepoint "Cleanup", Time since last: 1000083918 ns, Reaching safepoint: 57702 ns, At safepoint: 6400 ns, Total: 64102 ns
[75.262s][info ][safepoint      ] Safepoint "Cleanup", Time since last: 1000111521 ns, Reaching safepoint: 58301 ns, At safepoint: 6101 ns, Total: 64402 ns
[76.262s][info ][safepoint      ] Safepoint "Cleanup", Time since last: 1000105223 ns, Reaching safepoint: 65201 ns, At safepoint: 11800 ns, Total: 77001 ns
[77.536s][info ][safepoint      ] Safepoint "Cleanup", Time since last: 1273384863 ns, Reaching safepoint: 263506 ns, At safepoint: 10500 ns, Total: 274006 ns
[78.537s][info ][safepoint      ] Safepoint "Cleanup", Time since last: 1000126128 ns, Reaching safepoint: 201205 ns, At safepoint: 7300 ns, Total: 208505 ns
[79.537s][info ][safepoint      ] Safepoint "Cleanup", Time since last: 1000150430 ns, Reaching safepoint: 83802 ns, At safepoint: 12600 ns, Total: 96402 ns
[80.537s][info ][safepoint      ] Safepoint "Cleanup", Time since last: 1000114132 ns, Reaching safepoint: 71902 ns, At safepoint: 6800 ns, Total: 78702 ns
[81.537s][info ][safepoint      ] Safepoint "Cleanup", Time since last: 1000103733 ns, Reaching safepoint: 72502 ns, At safepoint: 7500 ns, Total: 80002 ns
[82.537s][info ][safepoint      ] Safepoint "Cleanup", Time since last: 1000107235 ns, Reaching safepoint: 62902 ns, At safepoint: 9900 ns, Total: 72802 ns
[83.537s][info ][safepoint      ] Safepoint "Cleanup", Time since last: 1000103337 ns, Reaching safepoint: 52101 ns, At safepoint: 5600 ns, Total: 57701 ns
[84.538s][info ][safepoint      ] Safepoint "Cleanup", Time since last: 1000111239 ns, Reaching safepoint: 185505 ns, At safepoint: 11600 ns, Total: 197105 ns
[86.058s][info ][safepoint      ] Safepoint "Cleanup", Time since last: 1520358623 ns, Reaching safepoint: 149704 ns, At safepoint: 11800 ns, Total: 161504 ns
[87.058s][info ][safepoint      ] Safepoint "Cleanup", Time since last: 1000065943 ns, Reaching safepoint: 61401 ns, At safepoint: 6000 ns, Total: 67401 ns
[88.059s][info ][safepoint      ] Safepoint "Cleanup", Time since last: 1000103746 ns, Reaching safepoint: 67002 ns, At safepoint: 7000 ns, Total: 74002 ns
[89.059s][info ][safepoint      ] Safepoint "Cleanup", Time since last: 1000085947 ns, Reaching safepoint: 55501 ns, At safepoint: 8700 ns, Total: 64201 ns
[90.059s][info ][safepoint      ] Safepoint "Cleanup", Time since last: 1000067949 ns, Reaching safepoint: 46801 ns, At safepoint: 2400 ns, Total: 49201 ns
[91.059s][info ][safepoint      ] Safepoint "Cleanup", Time since last: 1000101652 ns, Reaching safepoint: 52201 ns, At safepoint: 2700 ns, Total: 54901 ns
[92.059s][info ][safepoint      ] Safepoint "Cleanup", Time since last: 1000104953 ns, Reaching safepoint: 85702 ns, At safepoint: 5400 ns, Total: 91102 ns
[93.059s][info ][safepoint      ] Safepoint "Cleanup", Time since last: 1000098855 ns, Reaching safepoint: 69002 ns, At safepoint: 10500 ns, Total: 79502 ns
[94.060s][info ][safepoint      ] Safepoint "Cleanup", Time since last: 1000102857 ns, Reaching safepoint: 56401 ns, At safepoint: 8801 ns, Total: 65202 ns
[96.060s][info ][safepoint      ] Safepoint "Cleanup", Time since last: 2000176018 ns, Reaching safepoint: 74702 ns, At safepoint: 7200 ns, Total: 81902 ns
[97.060s][info ][safepoint      ] Safepoint "Cleanup", Time since last: 1000113463 ns, Reaching safepoint: 249206 ns, At safepoint: 4300 ns, Total: 253506 ns
[98.060s][info ][safepoint      ] Safepoint "Cleanup", Time since last: 1000129265 ns, Reaching safepoint: 61401 ns, At safepoint: 6701 ns, Total: 68102 ns
[99.061s][info ][safepoint      ] Safepoint "Cleanup", Time since last: 1000095166 ns, Reaching safepoint: 78402 ns, At safepoint: 15900 ns, Total: 94302 ns
[100.061s][info ][safepoint      ] Safepoint "Cleanup", Time since last: 1000108468 ns, Reaching safepoint: 79802 ns, At safepoint: 10700 ns, Total: 90502 ns
[101.061s][info ][safepoint      ] Safepoint "Cleanup", Time since last: 1000108070 ns, Reaching safepoint: 59302 ns, At safepoint: 4300 ns, Total: 63602 ns
[102.061s][info ][safepoint      ] Safepoint "Cleanup", Time since last: 1000101372 ns, Reaching safepoint: 51501 ns, At safepoint: 9600 ns, Total: 61101 ns
[105.061s][info ][safepoint      ] Safepoint "Cleanup", Time since last: 3000230025 ns, Reaching safepoint: 53501 ns, At safepoint: 7000 ns, Total: 60501 ns
[106.062s][info ][safepoint      ] Safepoint "Cleanup", Time since last: 1000115180 ns, Reaching safepoint: 75302 ns, At safepoint: 5100 ns, Total: 80402 ns
[107.063s][info ][safepoint      ] Safepoint "Cleanup", Time since last: 1001580915 ns, Reaching safepoint: 65701 ns, At safepoint: 9700 ns, Total: 75401 ns
[110.064s][info ][safepoint      ] Safepoint "Cleanup", Time since last: 3000238653 ns, Reaching safepoint: 137503 ns, At safepoint: 10000 ns, Total: 147503 ns
[111.066s][info ][safepoint      ] Safepoint "Cleanup", Time since last: 1000118989 ns, Reaching safepoint: 2172750 ns, At safepoint: 14200 ns, Total: 2186950 ns
[112.066s][info ][safepoint      ] Safepoint "Cleanup", Time since last: 1000120291 ns, Reaching safepoint: 204804 ns, At safepoint: 14101 ns, Total: 218905 ns
[115.067s][info ][safepoint      ] Safepoint "Cleanup", Time since last: 3000247380 ns, Reaching safepoint: 64701 ns, At safepoint: 9800 ns, Total: 74501 ns
[117.067s][info ][safepoint      ] Safepoint "Cleanup", Time since last: 2000177396 ns, Reaching safepoint: 172704 ns, At safepoint: 10001 ns, Total: 182705 ns
[117.154s][info ][gc,start       ] GC(81) Pause Young (Allocation Failure)
[117.186s][debug][gc,phases      ] GC(81) Scavenge 31.252ms
[117.186s][debug][gc,ref         ] GC(81) Skipped phase 1 of Reference Processing: no references
[117.186s][debug][gc,phases      ] GC(81) Reference Processing 0.104ms
[117.187s][debug][gc,phases      ] GC(81) Weak Processing 0.747ms
[117.187s][debug][gc,age         ] GC(81) Desired survivor size 74448896 bytes, new threshold 15 (max threshold 15)
[117.187s][info ][gc,heap        ] GC(81) PSYoungGen: 2026659K(2027008K)->60651K(2013696K) Eden: 1983488K(1983488K)->0K(1951744K) From: 43171K(43520K)->60651K(61952K)
[117.187s][info ][gc,heap        ] GC(81) ParOldGen: 295429K(374272K)->295437K(374272K)
[117.187s][info ][gc,metaspace   ] GC(81) Metaspace: 76760K(77440K)->76760K(77440K) NonClass: 66188K(66560K)->66188K(66560K) Class: 10571K(10880K)->10571K(10880K)
[117.187s][info ][gc             ] GC(81) Pause Young (Allocation Failure) 2267M->347M(2332M) 32.275ms
[117.187s][info ][gc,cpu         ] GC(81) User=0.05s Sys=0.01s Real=0.03s
[117.187s][info ][safepoint      ] Safepoint "ParallelGCFailedAllocation", Time since last: 87282498 ns, Reaching safepoint: 49401 ns, At safepoint: 32393142 ns, Total: 32442543 ns
[118.187s][info ][safepoint      ] Safepoint "Cleanup", Time since last: 1000090901 ns, Reaching safepoint: 68702 ns, At safepoint: 9900 ns, Total: 78602 ns
[119.187s][info ][safepoint      ] Safepoint "Cleanup", Time since last: 1000112803 ns, Reaching safepoint: 111403 ns, At safepoint: 8000 ns, Total: 119403 ns
[120.187s][info ][safepoint      ] Safepoint "Cleanup", Time since last: 1000118305 ns, Reaching safepoint: 85902 ns, At safepoint: 10400 ns, Total: 96302 ns
[121.187s][info ][safepoint      ] Safepoint "Cleanup", Time since last: 1000115507 ns, Reaching safepoint: 55101 ns, At safepoint: 5900 ns, Total: 61001 ns
[122.188s][info ][safepoint      ] Safepoint "Cleanup", Time since last: 1000120109 ns, Reaching safepoint: 106902 ns, At safepoint: 10501 ns, Total: 117403 ns
[123.188s][info ][safepoint      ] Safepoint "Cleanup", Time since last: 1000109110 ns, Reaching safepoint: 61601 ns, At safepoint: 5001 ns, Total: 66602 ns
[124.188s][info ][safepoint      ] Safepoint "Cleanup", Time since last: 1000123512 ns, Reaching safepoint: 98902 ns, At safepoint: 9500 ns, Total: 108402 ns
[126.188s][info ][safepoint      ] Safepoint "Cleanup", Time since last: 2000189029 ns, Reaching safepoint: 60201 ns, At safepoint: 10801 ns, Total: 71002 ns
[127.189s][info ][safepoint      ] Safepoint "Cleanup", Time since last: 1000105617 ns, Reaching safepoint: 85302 ns, At safepoint: 8600 ns, Total: 93902 ns
[128.189s][info ][safepoint      ] Safepoint "Cleanup", Time since last: 1000115119 ns, Reaching safepoint: 80402 ns, At safepoint: 7600 ns, Total: 88002 ns
[129.959s][info ][safepoint      ] Safepoint "Cleanup", Time since last: 1769740861 ns, Reaching safepoint: 936221 ns, At safepoint: 11700 ns, Total: 947921 ns
[130.960s][info ][safepoint      ] Safepoint "Cleanup", Time since last: 1000113724 ns, Reaching safepoint: 60402 ns, At safepoint: 15100 ns, Total: 75502 ns
[132.961s][info ][safepoint      ] Safepoint "Cleanup", Time since last: 2000186352 ns, Reaching safepoint: 758918 ns, At safepoint: 8800 ns, Total: 767718 ns
[134.961s][info ][safepoint      ] Safepoint "Cleanup", Time since last: 2000203260 ns, Reaching safepoint: 75101 ns, At safepoint: 8001 ns, Total: 83102 ns
[135.961s][info ][safepoint      ] Safepoint "Cleanup", Time since last: 1000114832 ns, Reaching safepoint: 70602 ns, At safepoint: 13100 ns, Total: 83702 ns
[136.961s][info ][safepoint      ] Safepoint "Cleanup", Time since last: 1000109035 ns, Reaching safepoint: 57401 ns, At safepoint: 11100 ns, Total: 68501 ns
[138.099s][info ][safepoint      ] Safepoint "Cleanup", Time since last: 1137355084 ns, Reaching safepoint: 152603 ns, At safepoint: 8801 ns, Total: 161404 ns
[139.099s][info ][safepoint      ] Safepoint "Cleanup", Time since last: 1000109438 ns, Reaching safepoint: 120902 ns, At safepoint: 9401 ns, Total: 130303 ns
[140.099s][info ][safepoint      ] Safepoint "Cleanup", Time since last: 1000107139 ns, Reaching safepoint: 116803 ns, At safepoint: 17500 ns, Total: 134303 ns
[141.099s][info ][safepoint      ] Safepoint "Cleanup", Time since last: 1000130442 ns, Reaching safepoint: 53902 ns, At safepoint: 11100 ns, Total: 65002 ns
[142.100s][info ][safepoint      ] Safepoint "Cleanup", Time since last: 1000125443 ns, Reaching safepoint: 112703 ns, At safepoint: 5600 ns, Total: 118303 ns
[144.100s][info ][safepoint      ] Safepoint "Cleanup", Time since last: 2000170390 ns, Reaching safepoint: 101603 ns, At safepoint: 6600 ns, Total: 108203 ns
[145.100s][info ][safepoint      ] Safepoint "Cleanup", Time since last: 1000109648 ns, Reaching safepoint: 113303 ns, At safepoint: 11300 ns, Total: 124603 ns
[146.100s][info ][safepoint      ] Safepoint "Cleanup", Time since last: 1000113350 ns, Reaching safepoint: 120403 ns, At safepoint: 8800 ns, Total: 129203 ns
[147.101s][info ][safepoint      ] Safepoint "Cleanup", Time since last: 1000124752 ns, Reaching safepoint: 115103 ns, At safepoint: 7700 ns, Total: 122803 ns
[148.101s][info ][safepoint      ] Safepoint "Cleanup", Time since last: 1000108353 ns, Reaching safepoint: 123803 ns, At safepoint: 10100 ns, Total: 133903 ns
[149.101s][info ][safepoint      ] Safepoint "Cleanup", Time since last: 1000105755 ns, Reaching safepoint: 120203 ns, At safepoint: 5200 ns, Total: 125403 ns
[156.102s][info ][safepoint      ] Safepoint "Cleanup", Time since last: 7000498626 ns, Reaching safepoint: 45201 ns, At safepoint: 7000 ns, Total: 52201 ns
[156.763s][info ][gc,start       ] GC(82) Pause Young (Allocation Failure)
[156.773s][debug][gc,phases      ] GC(82) Scavenge 9.810ms
[156.773s][debug][gc,ref         ] GC(82) Skipped phase 1 of Reference Processing: no references
[156.773s][debug][gc,ref         ] GC(82) Skipped phase 3 of Reference Processing: no references
[156.773s][debug][gc,phases      ] GC(82) Reference Processing 0.059ms
[156.774s][debug][gc,phases      ] GC(82) Weak Processing 0.647ms
[156.774s][debug][gc,age         ] GC(82) Desired survivor size 83886080 bytes, new threshold 15 (max threshold 15)
[156.774s][info ][gc,heap        ] GC(82) PSYoungGen: 2012395K(2013696K)->61416K(2013184K) Eden: 1951744K(1951744K)->0K(1951744K) From: 60651K(61952K)->61416K(61440K)
[156.774s][info ][gc,heap        ] GC(82) ParOldGen: 295437K(374272K)->295445K(374272K)
[156.774s][info ][gc,metaspace   ] GC(82) Metaspace: 76874K(77504K)->76874K(77504K) NonClass: 66300K(66624K)->66300K(66624K) Class: 10573K(10880K)->10573K(10880K)
[156.774s][info ][gc             ] GC(82) Pause Young (Allocation Failure) 2253M->348M(2331M) 10.667ms
[156.774s][info ][gc,cpu         ] GC(82) User=0.04s Sys=0.00s Real=0.01s
[156.774s][info ][safepoint      ] Safepoint "ParallelGCFailedAllocation", Time since last: 661335488 ns, Reaching safepoint: 38401 ns, At safepoint: 10754547 ns, Total: 10792948 ns
[157.774s][info ][safepoint      ] Safepoint "Cleanup", Time since last: 1000072469 ns, Reaching safepoint: 50101 ns, At safepoint: 6800 ns, Total: 56901 ns
[159.774s][info ][safepoint      ] Safepoint "Cleanup", Time since last: 2000168043 ns, Reaching safepoint: 59201 ns, At safepoint: 8000 ns, Total: 67201 ns
[160.774s][info ][safepoint      ] Safepoint "Cleanup", Time since last: 1000103674 ns, Reaching safepoint: 42701 ns, At safepoint: 2000 ns, Total: 44701 ns
[161.774s][info ][safepoint      ] Safepoint "Cleanup", Time since last: 1000061575 ns, Reaching safepoint: 53502 ns, At safepoint: 7900 ns, Total: 61402 ns
[162.775s][info ][safepoint      ] Safepoint "Cleanup", Time since last: 1000100877 ns, Reaching safepoint: 44801 ns, At safepoint: 6401 ns, Total: 51202 ns
[163.775s][info ][safepoint      ] Safepoint "Cleanup", Time since last: 1000102079 ns, Reaching safepoint: 46601 ns, At safepoint: 5200 ns, Total: 51801 ns
[164.775s][info ][safepoint      ] Safepoint "Cleanup", Time since last: 1000100081 ns, Reaching safepoint: 45401 ns, At safepoint: 7400 ns, Total: 52801 ns
[165.775s][info ][safepoint      ] Safepoint "Cleanup", Time since last: 1000091482 ns, Reaching safepoint: 45101 ns, At safepoint: 5300 ns, Total: 50401 ns
[167.775s][info ][safepoint      ] Safepoint "Cleanup", Time since last: 2000186070 ns, Reaching safepoint: 51501 ns, At safepoint: 7700 ns, Total: 59201 ns
[169.776s][info ][safepoint      ] Safepoint "Cleanup", Time since last: 2000161475 ns, Reaching safepoint: 44801 ns, At safepoint: 6001 ns, Total: 50802 ns
[172.776s][info ][safepoint      ] Safepoint "Cleanup", Time since last: 3000216474 ns, Reaching safepoint: 47401 ns, At safepoint: 6300 ns, Total: 53701 ns
[173.776s][info ][safepoint      ] Safepoint "Cleanup", Time since last: 1000087895 ns, Reaching safepoint: 49002 ns, At safepoint: 2600 ns, Total: 51602 ns
[174.776s][info ][safepoint      ] Safepoint "Cleanup", Time since last: 1000091496 ns, Reaching safepoint: 46901 ns, At safepoint: 5501 ns, Total: 52402 ns
[175.776s][info ][safepoint      ] Safepoint "Cleanup", Time since last: 1000094898 ns, Reaching safepoint: 52001 ns, At safepoint: 5700 ns, Total: 57701 ns
[176.776s][info ][safepoint      ] Safepoint "Cleanup", Time since last: 1000094000 ns, Reaching safepoint: 35301 ns, At safepoint: 2800 ns, Total: 38101 ns
[177.777s][info ][safepoint      ] Safepoint "Cleanup", Time since last: 1000099402 ns, Reaching safepoint: 47901 ns, At safepoint: 2600 ns, Total: 50501 ns
[181.777s][info ][safepoint      ] Safepoint "Cleanup", Time since last: 4000302521 ns, Reaching safepoint: 45901 ns, At safepoint: 4000 ns, Total: 49901 ns
[182.777s][info ][safepoint      ] Safepoint "Cleanup", Time since last: 1000097110 ns, Reaching safepoint: 54601 ns, At safepoint: 11500 ns, Total: 66101 ns
[184.777s][info ][safepoint      ] Safepoint "Cleanup", Time since last: 2000176824 ns, Reaching safepoint: 51201 ns, At safepoint: 12300 ns, Total: 63501 ns
[185.777s][info ][safepoint      ] Safepoint "Cleanup", Time since last: 1000096714 ns, Reaching safepoint: 41101 ns, At safepoint: 3200 ns, Total: 44301 ns
[186.778s][info ][safepoint      ] Safepoint "Cleanup", Time since last: 1000116717 ns, Reaching safepoint: 56901 ns, At safepoint: 7100 ns, Total: 64001 ns
[188.712s][info ][safepoint      ] Safepoint "Cleanup", Time since last: 1933829909 ns, Reaching safepoint: 76102 ns, At safepoint: 6100 ns, Total: 82202 ns
[189.712s][info ][safepoint      ] Safepoint "Cleanup", Time since last: 1000113321 ns, Reaching safepoint: 52101 ns, At safepoint: 8600 ns, Total: 60701 ns
[190.712s][info ][safepoint      ] Safepoint "Cleanup", Time since last: 1000110323 ns, Reaching safepoint: 57401 ns, At safepoint: 5900 ns, Total: 63301 ns
[191.712s][info ][safepoint      ] Safepoint "Cleanup", Time since last: 1000113624 ns, Reaching safepoint: 51001 ns, At safepoint: 8200 ns, Total: 59201 ns
[192.712s][info ][safepoint      ] Safepoint "Cleanup", Time since last: 1000108126 ns, Reaching safepoint: 42501 ns, At safepoint: 2900 ns, Total: 45401 ns
[194.712s][info ][safepoint      ] Safepoint "Cleanup", Time since last: 2000173354 ns, Reaching safepoint: 52402 ns, At safepoint: 9000 ns, Total: 61402 ns
[195.713s][info ][safepoint      ] Safepoint "Cleanup", Time since last: 1000095729 ns, Reaching safepoint: 62202 ns, At safepoint: 11800 ns, Total: 74002 ns
[196.713s][info ][safepoint      ] Safepoint "Cleanup", Time since last: 1000124832 ns, Reaching safepoint: 43501 ns, At safepoint: 6500 ns, Total: 50001 ns
[197.713s][info ][safepoint      ] Safepoint "Cleanup", Time since last: 1000097933 ns, Reaching safepoint: 45401 ns, At safepoint: 5700 ns, Total: 51101 ns
[198.334s][info ][gc,start       ] GC(83) Pause Young (Allocation Failure)
[198.345s][debug][gc,phases      ] GC(83) Scavenge 10.786ms
[198.345s][debug][gc,ref         ] GC(83) Skipped phase 1 of Reference Processing: no references
[198.345s][debug][gc,ref         ] GC(83) Skipped phase 3 of Reference Processing: no references
[198.345s][debug][gc,phases      ] GC(83) Reference Processing 0.062ms
[198.346s][debug][gc,phases      ] GC(83) Weak Processing 0.700ms
[198.346s][debug][gc,age         ] GC(83) Desired survivor size 91226112 bytes, new threshold 15 (max threshold 15)
[198.346s][info ][gc,heap        ] GC(83) PSYoungGen: 2013160K(2013184K)->61787K(2000896K) Eden: 1951744K(1951744K)->0K(1918976K) From: 61416K(61440K)->61787K(81920K)
[198.346s][info ][gc,heap        ] GC(83) ParOldGen: 295445K(374272K)->295453K(374272K)
[198.346s][info ][gc,metaspace   ] GC(83) Metaspace: 76998K(77632K)->76998K(77632K) NonClass: 66420K(66752K)->66420K(66752K) Class: 10577K(10880K)->10577K(10880K)
[198.346s][info ][gc             ] GC(83) Pause Young (Allocation Failure) 2254M->348M(2319M) 11.716ms
[198.346s][info ][gc,cpu         ] GC(83) User=0.05s Sys=0.00s Real=0.01s
[198.346s][info ][safepoint      ] Safepoint "ParallelGCFailedAllocation", Time since last: 621111106 ns, Reaching safepoint: 52301 ns, At safepoint: 11812672 ns, Total: 11864973 ns
[199.346s][info ][safepoint      ] Safepoint "Cleanup", Time since last: 1000091235 ns, Reaching safepoint: 57701 ns, At safepoint: 11501 ns, Total: 69202 ns
[200.346s][info ][safepoint      ] Safepoint "Cleanup", Time since last: 1000103837 ns, Reaching safepoint: 53201 ns, At safepoint: 5800 ns, Total: 59001 ns
[202.346s][info ][safepoint      ] Safepoint "Cleanup", Time since last: 2000163778 ns, Reaching safepoint: 54901 ns, At safepoint: 5600 ns, Total: 60501 ns
[203.347s][info ][safepoint      ] Safepoint "Cleanup", Time since last: 1000103442 ns, Reaching safepoint: 48301 ns, At safepoint: 6700 ns, Total: 55001 ns
[205.347s][info ][safepoint      ] Safepoint "Cleanup", Time since last: 2000169687 ns, Reaching safepoint: 108202 ns, At safepoint: 5000 ns, Total: 113202 ns
[210.347s][info ][safepoint      ] Safepoint "Cleanup", Time since last: 5000354342 ns, Reaching safepoint: 112502 ns, At safepoint: 7501 ns, Total: 120003 ns
[212.348s][info ][safepoint      ] Safepoint "Cleanup", Time since last: 2000162107 ns, Reaching safepoint: 114903 ns, At safepoint: 5000 ns, Total: 119903 ns
[215.348s][info ][safepoint      ] Safepoint "Cleanup", Time since last: 3000234672 ns, Reaching safepoint: 125803 ns, At safepoint: 9701 ns, Total: 135504 ns
[216.348s][info ][safepoint      ] Safepoint "Cleanup", Time since last: 1000101760 ns, Reaching safepoint: 121003 ns, At safepoint: 5200 ns, Total: 126203 ns
[217.348s][info ][safepoint      ] Safepoint "Cleanup", Time since last: 1000105963 ns, Reaching safepoint: 116503 ns, At safepoint: 12700 ns, Total: 129203 ns
[218.349s][info ][safepoint      ] Safepoint "Cleanup", Time since last: 1000103064 ns, Reaching safepoint: 128503 ns, At safepoint: 9000 ns, Total: 137503 ns
[222.349s][info ][safepoint      ] Safepoint "Cleanup", Time since last: 4000318768 ns, Reaching safepoint: 122403 ns, At safepoint: 7600 ns, Total: 130003 ns
[223.349s][info ][safepoint      ] Safepoint "Cleanup", Time since last: 1000120972 ns, Reaching safepoint: 117603 ns, At safepoint: 5500 ns, Total: 123103 ns
[224.350s][info ][safepoint      ] Safepoint "Cleanup", Time since last: 1000113773 ns, Reaching safepoint: 112502 ns, At safepoint: 4900 ns, Total: 117402 ns
[229.350s][info ][safepoint      ] Safepoint "Cleanup", Time since last: 5000360382 ns, Reaching safepoint: 50901 ns, At safepoint: 6100 ns, Total: 57001 ns
[237.351s][info ][safepoint      ] Safepoint "Cleanup", Time since last: 8000523085 ns, Reaching safepoint: 55801 ns, At safepoint: 8400 ns, Total: 64201 ns
[240.051s][info ][gc,start       ] GC(84) Pause Young (Allocation Failure)
[240.061s][debug][gc,phases      ] GC(84) Scavenge 10.161ms
[240.061s][debug][gc,ref         ] GC(84) Skipped phase 1 of Reference Processing: no references
[240.062s][debug][gc,ref         ] GC(84) Skipped phase 3 of Reference Processing: no references
[240.062s][debug][gc,phases      ] GC(84) Reference Processing 0.084ms
[240.062s][debug][gc,phases      ] GC(84) Weak Processing 0.608ms
[240.062s][debug][gc,age         ] GC(84) Desired survivor size 96468992 bytes, new threshold 15 (max threshold 15)
[240.062s][info ][gc,heap        ] GC(84) PSYoungGen: 1980763K(2000896K)->61544K(1980928K) Eden: 1918976K(1918976K)->0K(1918976K) From: 61787K(81920K)->61544K(61952K)
[240.062s][info ][gc,heap        ] GC(84) ParOldGen: 295453K(374272K)->295461K(374272K)
[240.062s][info ][gc,metaspace   ] GC(84) Metaspace: 77050K(77696K)->77050K(77696K) NonClass: 66472K(66816K)->66472K(66816K) Class: 10577K(10880K)->10577K(10880K)
[240.062s][info ][gc             ] GC(84) Pause Young (Allocation Failure) 2222M->348M(2300M) 11.036ms
[240.062s][info ][gc,cpu         ] GC(84) User=0.03s Sys=0.01s Real=0.01s
[240.062s][info ][safepoint      ] Safepoint "ParallelGCFailedAllocation", Time since last: 2700492759 ns, Reaching safepoint: 38401 ns, At safepoint: 11125857 ns, Total: 11164258 ns
[241.062s][info ][safepoint      ] Safepoint "Cleanup", Time since last: 1000083896 ns, Reaching safepoint: 45401 ns, At safepoint: 8600 ns, Total: 54001 ns
[242.063s][info ][safepoint      ] Safepoint "Cleanup", Time since last: 1000107398 ns, Reaching safepoint: 47501 ns, At safepoint: 2900 ns, Total: 50401 ns
[243.063s][info ][safepoint      ] Safepoint "Cleanup", Time since last: 1000103600 ns, Reaching safepoint: 43501 ns, At safepoint: 11200 ns, Total: 54701 ns
[246.063s][info ][safepoint      ] Safepoint "Cleanup", Time since last: 3000227105 ns, Reaching safepoint: 48001 ns, At safepoint: 2700 ns, Total: 50701 ns
[248.063s][info ][safepoint      ] Safepoint "Cleanup", Time since last: 2000124809 ns, Reaching safepoint: 49702 ns, At safepoint: 6800 ns, Total: 56502 ns
[273.065s][info ][safepoint      ] Safepoint "Cleanup", Time since last: 25001615481 ns, Reaching safepoint: 64502 ns, At safepoint: 8200 ns, Total: 72702 ns
[275.065s][info ][safepoint      ] Safepoint "Cleanup", Time since last: 2000157883 ns, Reaching safepoint: 47501 ns, At safepoint: 2700 ns, Total: 50201 ns
[276.065s][info ][safepoint      ] Safepoint "Cleanup", Time since last: 1000100345 ns, Reaching safepoint: 35600 ns, At safepoint: 2300 ns, Total: 37900 ns
[277.065s][info ][safepoint      ] Safepoint "Cleanup", Time since last: 1000105246 ns, Reaching safepoint: 50501 ns, At safepoint: 6400 ns, Total: 56901 ns
[278.066s][info ][safepoint      ] Safepoint "Cleanup", Time since last: 1000113347 ns, Reaching safepoint: 43501 ns, At safepoint: 2200 ns, Total: 45701 ns
[281.066s][info ][safepoint      ] Safepoint "Cleanup", Time since last: 3000211547 ns, Reaching safepoint: 48601 ns, At safepoint: 9500 ns, Total: 58101 ns
[282.066s][info ][safepoint      ] Safepoint "Cleanup", Time since last: 1000101252 ns, Reaching safepoint: 42001 ns, At safepoint: 2300 ns, Total: 44301 ns
[282.444s][info ][gc,start       ] GC(85) Pause Young (Allocation Failure)
[282.455s][debug][gc,phases      ] GC(85) Scavenge 11.102ms
[282.455s][debug][gc,ref         ] GC(85) Skipped phase 1 of Reference Processing: no references
[282.455s][debug][gc,ref         ] GC(85) Skipped phase 3 of Reference Processing: no references
[282.455s][debug][gc,phases      ] GC(85) Reference Processing 0.070ms
[282.456s][debug][gc,phases      ] GC(85) Weak Processing 0.620ms
[282.456s][debug][gc,age         ] GC(85) Desired survivor size 101187584 bytes, new threshold 15 (max threshold 15)
[282.456s][info ][gc,heap        ] GC(85) PSYoungGen: 1980520K(1980928K)->61768K(1993728K) Eden: 1918976K(1918976K)->0K(1899520K) From: 61544K(61952K)->61768K(94208K)
[282.456s][info ][gc,heap        ] GC(85) ParOldGen: 295461K(374272K)->295469K(374272K)
[282.456s][info ][gc,metaspace   ] GC(85) Metaspace: 77076K(77696K)->77076K(77696K) NonClass: 66499K(66816K)->66499K(66816K) Class: 10577K(10880K)->10577K(10880K)
[282.456s][info ][gc             ] GC(85) Pause Young (Allocation Failure) 2222M->348M(2312M) 11.962ms
[282.456s][info ][gc,cpu         ] GC(85) User=0.05s Sys=0.00s Real=0.01s
[282.456s][info ][safepoint      ] Safepoint "ParallelGCFailedAllocation", Time since last: 377626142 ns, Reaching safepoint: 30001 ns, At safepoint: 12048779 ns, Total: 12078780 ns
[285.456s][info ][safepoint      ] Safepoint "Cleanup", Time since last: 3000213063 ns, Reaching safepoint: 45601 ns, At safepoint: 2200 ns, Total: 47801 ns
[289.456s][info ][safepoint      ] Safepoint "Cleanup", Time since last: 4000298036 ns, Reaching safepoint: 43801 ns, At safepoint: 2500 ns, Total: 46301 ns
[295.457s][info ][safepoint      ] Safepoint "Cleanup", Time since last: 6000453893 ns, Reaching safepoint: 54601 ns, At safepoint: 13300 ns, Total: 67901 ns
[297.457s][info ][safepoint      ] Safepoint "Cleanup", Time since last: 2000166342 ns, Reaching safepoint: 54501 ns, At safepoint: 6400 ns, Total: 60901 ns
[298.457s][info ][safepoint      ] Safepoint "Cleanup", Time since last: 1000092873 ns, Reaching safepoint: 47801 ns, At safepoint: 2700 ns, Total: 50501 ns
[301.457s][info ][safepoint      ] Safepoint "Cleanup", Time since last: 3000235225 ns, Reaching safepoint: 48301 ns, At safepoint: 5300 ns, Total: 53601 ns
[304.458s][info ][safepoint      ] Safepoint "Cleanup", Time since last: 3000235136 ns, Reaching safepoint: 47301 ns, At safepoint: 7100 ns, Total: 54401 ns
[310.458s][info ][safepoint      ] Safepoint "Cleanup", Time since last: 6000395404 ns, Reaching safepoint: 56801 ns, At safepoint: 8901 ns, Total: 65702 ns
[316.459s][info ][safepoint      ] Safepoint "Cleanup", Time since last: 6000442849 ns, Reaching safepoint: 41701 ns, At safepoint: 4500 ns, Total: 46201 ns
[317.459s][info ][safepoint      ] Safepoint "Cleanup", Time since last: 1000104996 ns, Reaching safepoint: 88102 ns, At safepoint: 5501 ns, Total: 93603 ns
[318.459s][info ][safepoint      ] Safepoint "Cleanup", Time since last: 1000105497 ns, Reaching safepoint: 52002 ns, At safepoint: 12800 ns, Total: 64802 ns
[319.459s][info ][safepoint      ] Safepoint "Cleanup", Time since last: 1000121099 ns, Reaching safepoint: 58101 ns, At safepoint: 8301 ns, Total: 66402 ns
[321.459s][info ][safepoint      ] Safepoint "Cleanup", Time since last: 2000140499 ns, Reaching safepoint: 52402 ns, At safepoint: 5600 ns, Total: 58002 ns
[322.500s][info ][gc,start       ] GC(86) Pause Young (Allocation Failure)
[322.510s][debug][gc,phases      ] GC(86) Scavenge 9.957ms
[322.510s][debug][gc,ref         ] GC(86) Skipped phase 1 of Reference Processing: no references
[322.510s][debug][gc,ref         ] GC(86) Skipped phase 3 of Reference Processing: no references
[322.510s][debug][gc,phases      ] GC(86) Reference Processing 0.074ms
[322.511s][debug][gc,phases      ] GC(86) Weak Processing 0.650ms
[322.511s][debug][gc,age         ] GC(86) Desired survivor size 104333312 bytes, new threshold 15 (max threshold 15)
[322.511s][info ][gc,heap        ] GC(86) PSYoungGen: 1961288K(1993728K)->61973K(1961984K) Eden: 1899520K(1899520K)->0K(1899520K) From: 61768K(94208K)->61973K(62464K)
[322.511s][info ][gc,heap        ] GC(86) ParOldGen: 295469K(374272K)->295477K(374272K)
[322.511s][info ][gc,metaspace   ] GC(86) Metaspace: 77133K(77760K)->77133K(77760K) NonClass: 66550K(66880K)->66550K(66880K) Class: 10582K(10880K)->10582K(10880K)
[322.511s][info ][gc             ] GC(86) Pause Young (Allocation Failure) 2203M->349M(2281M) 10.836ms
[322.511s][info ][gc,cpu         ] GC(86) User=0.04s Sys=0.00s Real=0.02s
[322.511s][info ][safepoint      ] Safepoint "ParallelGCFailedAllocation", Time since last: 1040534940 ns, Reaching safepoint: 107803 ns, At safepoint: 10932454 ns, Total: 11040257 ns
[324.511s][info ][safepoint      ] Safepoint "Cleanup", Time since last: 2000154407 ns, Reaching safepoint: 50701 ns, At safepoint: 8900 ns, Total: 59601 ns
[325.511s][info ][safepoint      ] Safepoint "Cleanup", Time since last: 1000108707 ns, Reaching safepoint: 42901 ns, At safepoint: 2800 ns, Total: 45701 ns
[330.512s][info ][safepoint      ] Safepoint "Cleanup", Time since last: 5000357145 ns, Reaching safepoint: 48301 ns, At safepoint: 5800 ns, Total: 54101 ns
[332.512s][info ][safepoint      ] Safepoint "Cleanup", Time since last: 2000177627 ns, Reaching safepoint: 58501 ns, At safepoint: 7700 ns, Total: 66201 ns
[333.512s][info ][safepoint      ] Safepoint "Cleanup", Time since last: 1000063415 ns, Reaching safepoint: 47401 ns, At safepoint: 6800 ns, Total: 54201 ns
[342.513s][info ][safepoint      ] Safepoint "Cleanup", Time since last: 9000559085 ns, Reaching safepoint: 44101 ns, At safepoint: 2900 ns, Total: 47001 ns
[343.513s][info ][safepoint      ] Safepoint "Cleanup", Time since last: 1000134628 ns, Reaching safepoint: 44001 ns, At safepoint: 5200 ns, Total: 49201 ns
[344.513s][info ][safepoint      ] Safepoint "Cleanup", Time since last: 1000100728 ns, Reaching safepoint: 46501 ns, At safepoint: 17501 ns, Total: 64002 ns
[345.513s][info ][safepoint      ] Safepoint "Cleanup", Time since last: 1000103629 ns, Reaching safepoint: 51202 ns, At safepoint: 19600 ns, Total: 70802 ns
[346.513s][info ][safepoint      ] Safepoint "Cleanup", Time since last: 1000108531 ns, Reaching safepoint: 46001 ns, At safepoint: 2900 ns, Total: 48901 ns
[352.514s][info ][safepoint      ] Safepoint "Cleanup", Time since last: 6000454504 ns, Reaching safepoint: 52401 ns, At safepoint: 8301 ns, Total: 60702 ns
[357.514s][info ][safepoint      ] Safepoint "Cleanup", Time since last: 5000327900 ns, Reaching safepoint: 47601 ns, At safepoint: 3700 ns, Total: 51301 ns
[360.515s][info ][safepoint      ] Safepoint "Cleanup", Time since last: 3000206434 ns, Reaching safepoint: 50401 ns, At safepoint: 4200 ns, Total: 54601 ns
[361.822s][info ][gc,start       ] GC(87) Pause Young (Allocation Failure)
[361.834s][debug][gc,phases      ] GC(87) Scavenge 11.893ms
[361.834s][debug][gc,ref         ] GC(87) Skipped phase 1 of Reference Processing: no references
[361.834s][debug][gc,ref         ] GC(87) Skipped phase 3 of Reference Processing: no references
[361.834s][debug][gc,phases      ] GC(87) Reference Processing 0.072ms
[361.834s][debug][gc,phases      ] GC(87) Weak Processing 0.605ms
[361.835s][debug][gc,age         ] GC(87) Desired survivor size 106430464 bytes, new threshold 15 (max threshold 15)
[361.835s][info ][gc,heap        ] GC(87) PSYoungGen: 1961493K(1961984K)->62203K(1991168K) Eden: 1899520K(1899520K)->0K(1889280K) From: 61973K(62464K)->62203K(101888K)
[361.835s][info ][gc,heap        ] GC(87) ParOldGen: 295477K(374272K)->295477K(374272K)
[361.835s][info ][gc,metaspace   ] GC(87) Metaspace: 77155K(77760K)->77155K(77760K) NonClass: 66572K(66880K)->66572K(66880K) Class: 10582K(10880K)->10582K(10880K)
[361.835s][info ][gc             ] GC(87) Pause Young (Allocation Failure) 2204M->349M(2310M) 12.713ms
[361.835s][info ][gc,cpu         ] GC(87) User=0.05s Sys=0.00s Real=0.01s
[361.835s][info ][safepoint      ] Safepoint "ParallelGCFailedAllocation", Time since last: 1307140985 ns, Reaching safepoint: 29101 ns, At safepoint: 12798497 ns, Total: 12827598 ns
[364.835s][info ][safepoint      ] Safepoint "Cleanup", Time since last: 3000219648 ns, Reaching safepoint: 48302 ns, At safepoint: 4700 ns, Total: 53002 ns
[373.836s][info ][safepoint      ] Safepoint "Cleanup", Time since last: 9000621204 ns, Reaching safepoint: 68701 ns, At safepoint: 7500 ns, Total: 76201 ns
[375.836s][info ][safepoint      ] Safepoint "Cleanup", Time since last: 2000102623 ns, Reaching safepoint: 55702 ns, At safepoint: 4100 ns, Total: 59802 ns
[383.836s][info ][safepoint      ] Safepoint "Cleanup", Time since last: 8000584439 ns, Reaching safepoint: 54302 ns, At safepoint: 9100 ns, Total: 63402 ns
[385.837s][info ][safepoint      ] Safepoint "Cleanup", Time since last: 2000176446 ns, Reaching safepoint: 58602 ns, At safepoint: 5500 ns, Total: 64102 ns
[386.837s][info ][safepoint      ] Safepoint "Cleanup", Time since last: 1000096775 ns, Reaching safepoint: 53101 ns, At safepoint: 4800 ns, Total: 57901 ns
[387.837s][info ][safepoint      ] Safepoint "Cleanup", Time since last: 1000106976 ns, Reaching safepoint: 56502 ns, At safepoint: 7300 ns, Total: 63802 ns
[388.837s][info ][safepoint      ] Safepoint "Cleanup", Time since last: 1000098777 ns, Reaching safepoint: 57701 ns, At safepoint: 3000 ns, Total: 60701 ns
[397.838s][info ][safepoint      ] Safepoint "Cleanup", Time since last: 9000639235 ns, Reaching safepoint: 49102 ns, At safepoint: 6900 ns, Total: 56002 ns
[401.323s][info ][gc,start       ] GC(88) Pause Young (Allocation Failure)
[401.336s][debug][gc,phases      ] GC(88) Scavenge 13.514ms
[401.336s][debug][gc,ref         ] GC(88) Skipped phase 1 of Reference Processing: no references
[401.336s][debug][gc,ref         ] GC(88) Skipped phase 3 of Reference Processing: no references
[401.336s][debug][gc,phases      ] GC(88) Reference Processing 0.088ms
[401.337s][debug][gc,phases      ] GC(88) Weak Processing 0.605ms
[401.337s][debug][gc,age         ] GC(88) Desired survivor size 108003328 bytes, new threshold 15 (max threshold 15)
[401.337s][info ][gc,heap        ] GC(88) PSYoungGen: 1951483K(1991168K)->62651K(1952256K) Eden: 1889280K(1889280K)->0K(1889280K) From: 62203K(101888K)->62651K(62976K)
[401.337s][info ][gc,heap        ] GC(88) ParOldGen: 295477K(374272K)->295485K(374272K)
[401.337s][info ][gc,metaspace   ] GC(88) Metaspace: 77185K(77760K)->77185K(77760K) NonClass: 66599K(66880K)->66599K(66880K) Class: 10585K(10880K)->10585K(10880K)
[401.337s][info ][gc             ] GC(88) Pause Young (Allocation Failure) 2194M->349M(2272M) 14.331ms
[401.337s][info ][gc,cpu         ] GC(88) User=0.03s Sys=0.01s Real=0.01s
[401.337s][info ][safepoint      ] Safepoint "ParallelGCFailedAllocation", Time since last: 3484691246 ns, Reaching safepoint: 109703 ns, At safepoint: 14440436 ns, Total: 14550139 ns
[402.337s][info ][safepoint      ] Safepoint "Cleanup", Time since last: 1000089791 ns, Reaching safepoint: 49601 ns, At safepoint: 2400 ns, Total: 52001 ns
[422.339s][info ][safepoint      ] Safepoint "Cleanup", Time since last: 20001324920 ns, Reaching safepoint: 58502 ns, At safepoint: 8700 ns, Total: 67202 ns
[427.339s][info ][safepoint      ] Safepoint "Cleanup", Time since last: 5000327267 ns, Reaching safepoint: 51901 ns, At safepoint: 4100 ns, Total: 56001 ns
[429.339s][info ][safepoint      ] Safepoint "Cleanup", Time since last: 2000167435 ns, Reaching safepoint: 61001 ns, At safepoint: 5000 ns, Total: 66001 ns
[430.339s][info ][safepoint      ] Safepoint "Cleanup", Time since last: 1000098820 ns, Reaching safepoint: 48101 ns, At safepoint: 2600 ns, Total: 50701 ns
[431.340s][info ][safepoint      ] Safepoint "Cleanup", Time since last: 1000107320 ns, Reaching safepoint: 58101 ns, At safepoint: 11201 ns, Total: 69302 ns
[438.340s][info ][safepoint      ] Safepoint "Cleanup", Time since last: 7000508563 ns, Reaching safepoint: 50701 ns, At safepoint: 3900 ns, Total: 54601 ns
[441.340s][info ][safepoint      ] Safepoint "Cleanup", Time since last: 3000236985 ns, Reaching safepoint: 71902 ns, At safepoint: 10000 ns, Total: 81902 ns
[441.647s][info ][gc,start       ] GC(89) Pause Young (Allocation Failure)
[441.658s][debug][gc,phases      ] GC(89) Scavenge 10.683ms
[441.658s][debug][gc,ref         ] GC(89) Skipped phase 1 of Reference Processing: no references
[441.658s][debug][gc,ref         ] GC(89) Skipped phase 3 of Reference Processing: no references
[441.658s][debug][gc,phases      ] GC(89) Reference Processing 0.047ms
[441.658s][debug][gc,phases      ] GC(89) Weak Processing 0.582ms
[441.658s][debug][gc,age         ] GC(89) Desired survivor size 109051904 bytes, new threshold 15 (max threshold 15)
[441.658s][info ][gc,heap        ] GC(89) PSYoungGen: 1951931K(1952256K)->62824K(1989632K) Eden: 1889280K(1889280K)->0K(1884160K) From: 62651K(62976K)->62824K(105472K)
[441.658s][info ][gc,heap        ] GC(89) ParOldGen: 295485K(374272K)->295493K(374272K)
[441.658s][info ][gc,metaspace   ] GC(89) Metaspace: 77196K(77824K)->77196K(77824K) NonClass: 66610K(66944K)->66610K(66944K) Class: 10585K(10880K)->10585K(10880K)
[441.658s][info ][gc             ] GC(89) Pause Young (Allocation Failure) 2194M->349M(2308M) 11.454ms
[441.658s][info ][gc,cpu         ] GC(89) User=0.05s Sys=0.00s Real=0.01s
[441.658s][info ][safepoint      ] Safepoint "ParallelGCFailedAllocation", Time since last: 306373347 ns, Reaching safepoint: 97402 ns, At safepoint: 11538469 ns, Total: 11635871 ns
[455.351s][info ][safepoint      ] Safepoint "Cleanup", Time since last: 13692653713 ns, Reaching safepoint: 110903 ns, At safepoint: 5400 ns, Total: 116303 ns
[456.351s][info ][safepoint      ] Safepoint "Cleanup", Time since last: 1000105644 ns, Reaching safepoint: 92902 ns, At safepoint: 7300 ns, Total: 100202 ns
[457.352s][info ][safepoint      ] Safepoint "Cleanup", Time since last: 1000122545 ns, Reaching safepoint: 51001 ns, At safepoint: 6200 ns, Total: 57201 ns
[458.352s][info ][safepoint      ] Safepoint "Cleanup", Time since last: 1000104046 ns, Reaching safepoint: 59102 ns, At safepoint: 12500 ns, Total: 71602 ns
[463.352s][info ][safepoint      ] Safepoint "Cleanup", Time since last: 5000354338 ns, Reaching safepoint: 61702 ns, At safepoint: 5600 ns, Total: 67302 ns
[466.502s][info ][safepoint      ] Safepoint "Cleanup", Time since last: 3150220457 ns, Reaching safepoint: 49101 ns, At safepoint: 3700 ns, Total: 52801 ns
[469.503s][info ][safepoint      ] Safepoint "Cleanup", Time since last: 3000170262 ns, Reaching safepoint: 47901 ns, At safepoint: 2600 ns, Total: 50501 ns
[472.503s][info ][safepoint      ] Safepoint "Cleanup", Time since last: 3000227871 ns, Reaching safepoint: 34001 ns, At safepoint: 2800 ns, Total: 36801 ns
[476.503s][info ][safepoint      ] Safepoint "Cleanup", Time since last: 4000284040 ns, Reaching safepoint: 45901 ns, At safepoint: 2800 ns, Total: 48701 ns
[481.504s][info ][safepoint      ] Safepoint "Cleanup", Time since last: 5000398142 ns, Reaching safepoint: 61401 ns, At safepoint: 35301 ns, Total: 96702 ns
[482.204s][info ][gc,start       ] GC(90) Pause Young (Allocation Failure)
[482.215s][debug][gc,phases      ] GC(90) Scavenge 11.016ms
[482.216s][debug][gc,ref         ] GC(90) Skipped phase 1 of Reference Processing: no references
[482.216s][debug][gc,ref         ] GC(90) Skipped phase 3 of Reference Processing: no references
[482.216s][debug][gc,phases      ] GC(90) Reference Processing 0.059ms
[482.216s][debug][gc,phases      ] GC(90) Weak Processing 0.646ms
[482.216s][debug][gc,age         ] GC(90) Desired survivor size 109051904 bytes, new threshold 15 (max threshold 15)
[482.216s][info ][gc,heap        ] GC(90) PSYoungGen: 1946984K(1989632K)->63032K(1990656K) Eden: 1884160K(1884160K)->0K(1884160K) From: 62824K(105472K)->63032K(106496K)
[482.216s][info ][gc,heap        ] GC(90) ParOldGen: 295493K(374272K)->295493K(374272K)
[482.216s][info ][gc,metaspace   ] GC(90) Metaspace: 77200K(77824K)->77200K(77824K) NonClass: 66615K(66944K)->66615K(66944K) Class: 10585K(10880K)->10585K(10880K)
[482.216s][info ][gc             ] GC(90) Pause Young (Allocation Failure) 2189M->350M(2309M) 11.868ms
[482.216s][info ][gc,cpu         ] GC(90) User=0.05s Sys=0.00s Real=0.01s
[482.216s][info ][safepoint      ] Safepoint "ParallelGCFailedAllocation", Time since last: 700587556 ns, Reaching safepoint: 32201 ns, At safepoint: 11950083 ns, Total: 11982284 ns
[484.217s][info ][safepoint      ] Safepoint "Cleanup", Time since last: 2000157977 ns, Reaching safepoint: 53801 ns, At safepoint: 6401 ns, Total: 60202 ns
[485.217s][info ][safepoint      ] Safepoint "Cleanup", Time since last: 1000106141 ns, Reaching safepoint: 45801 ns, At safepoint: 2500 ns, Total: 48301 ns
[487.217s][info ][safepoint      ] Safepoint "Cleanup", Time since last: 2000170079 ns, Reaching safepoint: 47701 ns, At safepoint: 2600 ns, Total: 50301 ns
[489.217s][info ][safepoint      ] Safepoint "Cleanup", Time since last: 2000170275 ns, Reaching safepoint: 47201 ns, At safepoint: 2800 ns, Total: 50001 ns
[492.217s][info ][safepoint      ] Safepoint "Cleanup", Time since last: 3000222907 ns, Reaching safepoint: 52001 ns, At safepoint: 4000 ns, Total: 56001 ns
[493.218s][info ][safepoint      ] Safepoint "Cleanup", Time since last: 1000114135 ns, Reaching safepoint: 54501 ns, At safepoint: 8700 ns, Total: 63201 ns
[494.218s][info ][safepoint      ] Safepoint "Cleanup", Time since last: 1000102634 ns, Reaching safepoint: 48001 ns, At safepoint: 9601 ns, Total: 57602 ns
[498.218s][info ][safepoint      ] Safepoint "Cleanup", Time since last: 4000317324 ns, Reaching safepoint: 50302 ns, At safepoint: 10600 ns, Total: 60902 ns
[500.218s][info ][safepoint      ] Safepoint "Cleanup", Time since last: 2000160712 ns, Reaching safepoint: 52001 ns, At safepoint: 7500 ns, Total: 59501 ns
[508.219s][info ][safepoint      ] Safepoint "Cleanup", Time since last: 8000530175 ns, Reaching safepoint: 43601 ns, At safepoint: 11300 ns, Total: 54901 ns
[509.219s][info ][safepoint      ] Safepoint "Cleanup", Time since last: 1000119683 ns, Reaching safepoint: 46801 ns, At safepoint: 2700 ns, Total: 49501 ns
[510.219s][info ][safepoint      ] Safepoint "Cleanup", Time since last: 1000102483 ns, Reaching safepoint: 49501 ns, At safepoint: 6000 ns, Total: 55501 ns
[522.104s][info ][gc,start       ] GC(91) Pause Young (Allocation Failure)
[522.128s][debug][gc,phases      ] GC(91) Scavenge 24.237ms
[522.128s][debug][gc,ref         ] GC(91) Skipped phase 1 of Reference Processing: no references
[522.128s][debug][gc,ref         ] GC(91) Skipped phase 3 of Reference Processing: no references
[522.128s][debug][gc,phases      ] GC(91) Reference Processing 0.076ms
[522.129s][debug][gc,phases      ] GC(91) Weak Processing 0.751ms
[522.129s][debug][gc,age         ] GC(91) Desired survivor size 109051904 bytes, new threshold 15 (max threshold 15)
[522.129s][info ][gc,heap        ] GC(91) PSYoungGen: 1947192K(1990656K)->63307K(1990656K) Eden: 1884160K(1884160K)->0K(1884160K) From: 63032K(106496K)->63307K(106496K)
[522.129s][info ][gc,heap        ] GC(91) ParOldGen: 295493K(374272K)->295493K(374272K)
[522.129s][info ][gc,metaspace   ] GC(91) Metaspace: 77231K(77888K)->77231K(77888K) NonClass: 66646K(67008K)->66646K(67008K) Class: 10585K(10880K)->10585K(10880K)
[522.129s][info ][gc             ] GC(91) Pause Young (Allocation Failure) 2190M->350M(2309M) 25.241ms
[522.129s][info ][gc,cpu         ] GC(91) User=0.05s Sys=0.00s Real=0.02s
[522.129s][info ][safepoint      ] Safepoint "ParallelGCFailedAllocation", Time since last: 11884480807 ns, Reaching safepoint: 54201 ns, At safepoint: 25347095 ns, Total: 25401296 ns
[533.134s][info ][safepoint      ] Safepoint "Cleanup", Time since last: 11004890632 ns, Reaching safepoint: 68602 ns, At safepoint: 30801 ns, Total: 99403 ns
[535.134s][info ][safepoint      ] Safepoint "Cleanup", Time since last: 2000176497 ns, Reaching safepoint: 55002 ns, At safepoint: 6200 ns, Total: 61202 ns
[541.135s][info ][safepoint      ] Safepoint "Cleanup", Time since last: 6000456006 ns, Reaching safepoint: 58101 ns, At safepoint: 9301 ns, Total: 67402 ns
[544.135s][info ][safepoint      ] Safepoint "Cleanup", Time since last: 3000261712 ns, Reaching safepoint: 100202 ns, At safepoint: 11101 ns, Total: 111303 ns
[547.136s][info ][safepoint      ] Safepoint "Cleanup", Time since last: 3000312419 ns, Reaching safepoint: 67502 ns, At safepoint: 12200 ns, Total: 79702 ns
[551.136s][info ][safepoint      ] Safepoint "Cleanup", Time since last: 4000393734 ns, Reaching safepoint: 53701 ns, At safepoint: 9600 ns, Total: 63301 ns
[558.137s][info ][safepoint      ] Safepoint "Cleanup", Time since last: 7000528580 ns, Reaching safepoint: 64401 ns, At safepoint: 2701 ns, Total: 67102 ns
[559.137s][info ][safepoint      ] Safepoint "Cleanup", Time since last: 1000123515 ns, Reaching safepoint: 72601 ns, At safepoint: 12601 ns, Total: 85202 ns
[561.800s][info ][gc,start       ] GC(92) Pause Young (Allocation Failure)
[561.817s][debug][gc,phases      ] GC(92) Scavenge 16.869ms
[561.817s][debug][gc,ref         ] GC(92) Skipped phase 1 of Reference Processing: no references
[561.817s][debug][gc,ref         ] GC(92) Skipped phase 3 of Reference Processing: no references
[561.817s][debug][gc,phases      ] GC(92) Reference Processing 0.051ms
[561.818s][debug][gc,phases      ] GC(92) Weak Processing 0.596ms
[561.818s][debug][gc,age         ] GC(92) Desired survivor size 108527616 bytes, new threshold 15 (max threshold 15)
[561.818s][info ][gc,heap        ] GC(92) PSYoungGen: 1947467K(1990656K)->63528K(1990656K) Eden: 1884160K(1884160K)->0K(1884160K) From: 63307K(106496K)->63528K(106496K)
[561.818s][info ][gc,heap        ] GC(92) ParOldGen: 295493K(374272K)->295501K(374272K)
[561.818s][info ][gc,metaspace   ] GC(92) Metaspace: 77247K(77888K)->77247K(77888K) NonClass: 66661K(67008K)->66661K(67008K) Class: 10585K(10880K)->10585K(10880K)
[561.818s][info ][gc             ] GC(92) Pause Young (Allocation Failure) 2190M->350M(2309M) 17.637ms
[561.818s][info ][gc,cpu         ] GC(92) User=0.04s Sys=0.01s Real=0.02s
[561.818s][info ][safepoint      ] Safepoint "ParallelGCFailedAllocation", Time since last: 2663056116 ns, Reaching safepoint: 37501 ns, At safepoint: 17744718 ns, Total: 17782219 ns
[565.818s][info ][safepoint      ] Safepoint "Cleanup", Time since last: 4000282767 ns, Reaching safepoint: 55201 ns, At safepoint: 8201 ns, Total: 63402 ns
[584.820s][info ][safepoint      ] Safepoint "Cleanup", Time since last: 19001354851 ns, Reaching safepoint: 70502 ns, At safepoint: 10600 ns, Total: 81102 ns
[585.820s][info ][safepoint      ] Safepoint "Cleanup", Time since last: 1000137132 ns, Reaching safepoint: 93502 ns, At safepoint: 14100 ns, Total: 107602 ns
[588.820s][info ][safepoint      ] Safepoint "Cleanup", Time since last: 3000233493 ns, Reaching safepoint: 62401 ns, At safepoint: 7701 ns, Total: 70102 ns
[591.820s][info ][safepoint      ] Safepoint "Cleanup", Time since last: 3000291699 ns, Reaching safepoint: 58602 ns, At safepoint: 9600 ns, Total: 68202 ns
[592.821s][info ][safepoint      ] Safepoint "Cleanup", Time since last: 1000116135 ns, Reaching safepoint: 61501 ns, At safepoint: 3500 ns, Total: 65001 ns
[593.821s][info ][safepoint      ] Safepoint "Cleanup", Time since last: 1000114135 ns, Reaching safepoint: 78302 ns, At safepoint: 8700 ns, Total: 87002 ns
[598.827s][info ][safepoint      ] Safepoint "Cleanup", Time since last: 5005745307 ns, Reaching safepoint: 67202 ns, At safepoint: 10700 ns, Total: 77902 ns
[601.827s][info ][safepoint      ] Safepoint "Cleanup", Time since last: 3000266216 ns, Reaching safepoint: 67802 ns, At safepoint: 5600 ns, Total: 73402 ns
[605.602s][info ][gc,start       ] GC(93) Pause Young (Allocation Failure)
[605.626s][debug][gc,phases      ] GC(93) Scavenge 23.765ms
[605.626s][debug][gc,ref         ] GC(93) Skipped phase 1 of Reference Processing: no references
[605.626s][debug][gc,ref         ] GC(93) Skipped phase 3 of Reference Processing: no references
[605.626s][debug][gc,phases      ] GC(93) Reference Processing 0.072ms
[605.627s][debug][gc,phases      ] GC(93) Weak Processing 0.820ms
[605.627s][debug][gc,age         ] GC(93) Desired survivor size 108003328 bytes, new threshold 15 (max threshold 15)
[605.627s][info ][gc,heap        ] GC(93) PSYoungGen: 1947688K(1990656K)->63061K(1991680K) Eden: 1884160K(1884160K)->0K(1885696K) From: 63528K(106496K)->63061K(105984K)
[605.627s][info ][gc,heap        ] GC(93) ParOldGen: 295501K(374272K)->296253K(374272K)
[605.627s][info ][gc,metaspace   ] GC(93) Metaspace: 77268K(77952K)->77268K(77952K) NonClass: 66682K(67072K)->66682K(67072K) Class: 10586K(10880K)->10586K(10880K)
[605.627s][info ][gc             ] GC(93) Pause Young (Allocation Failure) 2190M->350M(2310M) 24.818ms
[605.627s][info ][gc,cpu         ] GC(93) User=0.06s Sys=0.00s Real=0.02s
[605.627s][info ][safepoint      ] Safepoint "ParallelGCFailedAllocation", Time since last: 3774611748 ns, Reaching safepoint: 107403 ns, At safepoint: 24924587 ns, Total: 25031990 ns
[608.627s][info ][safepoint      ] Safepoint "Cleanup", Time since last: 3000236226 ns, Reaching safepoint: 52502 ns, At safepoint: 4800 ns, Total: 57302 ns
[616.646s][info ][safepoint      ] Safepoint "Cleanup", Time since last: 8017626162 ns, Reaching safepoint: 1053425 ns, At safepoint: 12101 ns, Total: 1065526 ns
[617.646s][info ][safepoint      ] Safepoint "Cleanup", Time since last: 1000138949 ns, Reaching safepoint: 56201 ns, At safepoint: 9200 ns, Total: 65401 ns
[630.647s][info ][safepoint      ] Safepoint "Cleanup", Time since last: 13000839866 ns, Reaching safepoint: 51002 ns, At safepoint: 2500 ns, Total: 53502 ns
[633.647s][info ][safepoint      ] Safepoint "Cleanup", Time since last: 3000267768 ns, Reaching safepoint: 65601 ns, At safepoint: 15201 ns, Total: 80802 ns
[634.647s][info ][safepoint      ] Safepoint "Cleanup", Time since last: 1000093857 ns, Reaching safepoint: 115703 ns, At safepoint: 7000 ns, Total: 122703 ns
[635.648s][info ][safepoint      ] Safepoint "Cleanup", Time since last: 1000113658 ns, Reaching safepoint: 126503 ns, At safepoint: 10200 ns, Total: 136703 ns
[645.648s][info ][safepoint      ] Safepoint "Cleanup", Time since last: 10000803904 ns, Reaching safepoint: 59602 ns, At safepoint: 18600 ns, Total: 78202 ns
[646.649s][info ][safepoint      ] Safepoint "Cleanup", Time since last: 1000120764 ns, Reaching safepoint: 51701 ns, At safepoint: 13701 ns, Total: 65402 ns
[648.649s][info ][safepoint      ] Safepoint "Cleanup", Time since last: 2000123827 ns, Reaching safepoint: 51301 ns, At safepoint: 8200 ns, Total: 59501 ns
[649.649s][info ][safepoint      ] Safepoint "Cleanup", Time since last: 1000126166 ns, Reaching safepoint: 55501 ns, At safepoint: 23801 ns, Total: 79302 ns
[650.649s][info ][safepoint      ] Safepoint "Cleanup", Time since last: 1000115266 ns, Reaching safepoint: 125003 ns, At safepoint: 8400 ns, Total: 133403 ns
[658.357s][info ][gc,start       ] GC(94) Pause Young (Allocation Failure)
[658.368s][debug][gc,phases      ] GC(94) Scavenge 10.711ms
[658.368s][debug][gc,ref         ] GC(94) Skipped phase 1 of Reference Processing: no references
[658.368s][debug][gc,ref         ] GC(94) Skipped phase 3 of Reference Processing: no references
[658.368s][debug][gc,phases      ] GC(94) Reference Processing 0.068ms
[658.368s][debug][gc,phases      ] GC(94) Weak Processing 0.646ms
[658.368s][debug][gc,age         ] GC(94) Desired survivor size 105906176 bytes, new threshold 15 (max threshold 15)
[658.368s][info ][gc,heap        ] GC(94) PSYoungGen: 1948757K(1991680K)->61733K(1991168K) Eden: 1885696K(1885696K)->0K(1885696K) From: 63061K(105984K)->61733K(105472K)
[658.368s][info ][gc,heap        ] GC(94) ParOldGen: 296253K(374272K)->297917K(374272K)
[658.368s][info ][gc,metaspace   ] GC(94) Metaspace: 77308K(77952K)->77308K(77952K) NonClass: 66715K(67072K)->66715K(67072K) Class: 10593K(10880K)->10593K(10880K)
[658.368s][info ][gc             ] GC(94) Pause Young (Allocation Failure) 2192M->351M(2310M) 11.579ms
[658.368s][info ][gc,cpu         ] GC(94) User=0.04s Sys=0.00s Real=0.01s
[658.368s][info ][safepoint      ] Safepoint "ParallelGCFailedAllocation", Time since last: 7707423830 ns, Reaching safepoint: 46601 ns, At safepoint: 11665475 ns, Total: 11712076 ns
[674.369s][info ][safepoint      ] Safepoint "Cleanup", Time since last: 16001037470 ns, Reaching safepoint: 55701 ns, At safepoint: 7900 ns, Total: 63601 ns
[676.370s][info ][safepoint      ] Safepoint "Cleanup", Time since last: 2000170056 ns, Reaching safepoint: 60802 ns, At safepoint: 5800 ns, Total: 66602 ns
[677.370s][info ][safepoint      ] Safepoint "Cleanup", Time since last: 1000100379 ns, Reaching safepoint: 79302 ns, At safepoint: 8000 ns, Total: 87302 ns
[683.374s][info ][safepoint      ] Safepoint "Cleanup", Time since last: 6003634756 ns, Reaching safepoint: 54801 ns, At safepoint: 5700 ns, Total: 60501 ns
[687.374s][info ][safepoint      ] Safepoint "Cleanup", Time since last: 4000286130 ns, Reaching safepoint: 56002 ns, At safepoint: 5000 ns, Total: 61002 ns
[700.375s][info ][safepoint      ] Safepoint "Cleanup", Time since last: 13000871223 ns, Reaching safepoint: 63102 ns, At safepoint: 7100 ns, Total: 70202 ns
[702.375s][info ][safepoint      ] Safepoint "Cleanup", Time since last: 2000173281 ns, Reaching safepoint: 77902 ns, At safepoint: 11000 ns, Total: 88902 ns
[705.423s][info ][safepoint      ] Safepoint "Cleanup", Time since last: 3047499089 ns, Reaching safepoint: 116903 ns, At safepoint: 5300 ns, Total: 122203 ns
[706.423s][info ][safepoint      ] Safepoint "Cleanup", Time since last: 1000112793 ns, Reaching safepoint: 72802 ns, At safepoint: 10500 ns, Total: 83302 ns
[707.423s][info ][safepoint      ] Safepoint "Cleanup", Time since last: 1000110693 ns, Reaching safepoint: 59502 ns, At safepoint: 7700 ns, Total: 67202 ns
[708.423s][info ][safepoint      ] Safepoint "Cleanup", Time since last: 1000123594 ns, Reaching safepoint: 44401 ns, At safepoint: 3200 ns, Total: 47601 ns
[709.049s][info ][gc,start       ] GC(95) Pause Young (Allocation Failure)
[709.064s][debug][gc,phases      ] GC(95) Scavenge 14.976ms
[709.064s][debug][gc,ref         ] GC(95) Skipped phase 1 of Reference Processing: no references
[709.064s][debug][gc,ref         ] GC(95) Skipped phase 3 of Reference Processing: no references
[709.064s][debug][gc,phases      ] GC(95) Reference Processing 0.038ms
[709.065s][debug][gc,phases      ] GC(95) Weak Processing 0.545ms
[709.065s][debug][gc,age         ] GC(95) Desired survivor size 105906176 bytes, new threshold 15 (max threshold 15)
[709.065s][info ][gc,heap        ] GC(95) PSYoungGen: 1947429K(1991168K)->24640K(1993728K) Eden: 1885696K(1885696K)->0K(1890304K) From: 61733K(105472K)->24640K(103424K)
[709.065s][info ][gc,heap        ] GC(95) ParOldGen: 297917K(374272K)->335689K(374272K)
[709.065s][info ][gc,metaspace   ] GC(95) Metaspace: 77455K(78144K)->77455K(78144K) NonClass: 66833K(67200K)->66833K(67200K) Class: 10621K(10944K)->10621K(10944K)
[709.065s][info ][gc             ] GC(95) Pause Young (Allocation Failure) 2192M->351M(2312M) 15.726ms
[709.065s][info ][gc,cpu         ] GC(95) User=0.05s Sys=0.00s Real=0.02s
[709.065s][info ][safepoint      ] Safepoint "ParallelGCFailedAllocation", Time since last: 625430355 ns, Reaching safepoint: 43101 ns, At safepoint: 15812073 ns, Total: 15855174 ns
[710.065s][info ][safepoint      ] Safepoint "Cleanup", Time since last: 1000090495 ns, Reaching safepoint: 160503 ns, At safepoint: 23401 ns, Total: 183904 ns
[711.065s][info ][safepoint      ] Safepoint "Cleanup", Time since last: 1000119495 ns, Reaching safepoint: 58402 ns, At safepoint: 13000 ns, Total: 71402 ns
[715.065s][info ][safepoint      ] Safepoint "Cleanup", Time since last: 4000297282 ns, Reaching safepoint: 54501 ns, At safepoint: 3900 ns, Total: 58401 ns
[723.066s][info ][safepoint      ] Safepoint "Cleanup", Time since last: 8000537684 ns, Reaching safepoint: 48501 ns, At safepoint: 7401 ns, Total: 55902 ns
[724.650s][info ][safepoint      ] Safepoint "Cleanup", Time since last: 1584253586 ns, Reaching safepoint: 85102 ns, At safepoint: 8200 ns, Total: 93302 ns
[726.651s][info ][safepoint      ] Safepoint "Cleanup", Time since last: 2000169302 ns, Reaching safepoint: 41401 ns, At safepoint: 2901 ns, Total: 44302 ns
[735.651s][info ][safepoint      ] Safepoint "Cleanup", Time since last: 9000620330 ns, Reaching safepoint: 48001 ns, At safepoint: 4600 ns, Total: 52601 ns
[748.652s][info ][safepoint      ] Safepoint "Cleanup", Time since last: 13000883206 ns, Reaching safepoint: 55401 ns, At safepoint: 2900 ns, Total: 58301 ns
[750.652s][info ][safepoint      ] Safepoint "Cleanup", Time since last: 2000150223 ns, Reaching safepoint: 50801 ns, At safepoint: 3100 ns, Total: 53901 ns
[752.653s][info ][safepoint      ] Safepoint "Cleanup", Time since last: 2000171025 ns, Reaching safepoint: 31101 ns, At safepoint: 2500 ns, Total: 33601 ns
[760.827s][info ][gc,start       ] GC(96) Pause Young (Allocation Failure)
[760.838s][debug][gc,phases      ] GC(96) Scavenge 11.440ms
[760.838s][debug][gc,ref         ] GC(96) Skipped phase 1 of Reference Processing: no references
[760.838s][debug][gc,ref         ] GC(96) Skipped phase 3 of Reference Processing: no references
[760.838s][debug][gc,phases      ] GC(96) Reference Processing 0.028ms
[760.839s][debug][gc,phases      ] GC(96) Weak Processing 0.546ms
[760.839s][debug][gc,age         ] GC(96) Desired survivor size 108003328 bytes, new threshold 15 (max threshold 15)
[760.839s][info ][gc,heap        ] GC(96) PSYoungGen: 1914944K(1993728K)->6944K(1897472K) Eden: 1890304K(1890304K)->0K(1890304K) From: 24640K(103424K)->6944K(7168K)
[760.839s][info ][gc,heap        ] GC(96) ParOldGen: 335689K(374272K)->353553K(374272K)
[760.839s][info ][gc,metaspace   ] GC(96) Metaspace: 77470K(78144K)->77470K(78144K) NonClass: 66846K(67200K)->66846K(67200K) Class: 10624K(10944K)->10624K(10944K)
[760.839s][info ][gc             ] GC(96) Pause Young (Allocation Failure) 2197M->352M(2218M) 12.154ms
[760.839s][info ][gc,cpu         ] GC(96) User=0.03s Sys=0.00s Real=0.01s
[760.839s][debug][gc,phases      ] GC(97) Pre Compact 0.011ms
[760.839s][info ][gc,start       ] GC(97) Pause Full (Ergonomics)
[760.839s][info ][gc,phases,start] GC(97) Marking Phase
[760.953s][debug][gc,phases      ] GC(97) Par Mark 114.482ms
[760.953s][debug][gc,ref         ] GC(97) Skipped phase 1 of Reference Processing: no references
[760.954s][debug][gc,ref         ] GC(97) Skipped phase 3 of Reference Processing: no references
[760.954s][debug][gc,phases      ] GC(97) Reference Processing 0.466ms
[760.955s][debug][gc,phases      ] GC(97) Weak Processing 0.574ms
[760.955s][debug][gc,phases      ] GC(97) ClassLoaderData 0.067ms
[760.955s][debug][gc,phases      ] GC(97) Trigger cleanups 0.000ms
[760.969s][debug][gc,phases      ] GC(97) Class Unloading 14.734ms
[760.969s][info ][gc,phases      ] GC(97) Marking Phase 130.415ms
[760.969s][info ][gc,phases,start] GC(97) Summary Phase
[760.969s][info ][gc,phases      ] GC(97) Summary Phase 0.015ms
[760.969s][info ][gc,phases,start] GC(97) Adjust Roots
[760.984s][info ][gc,phases      ] GC(97) Adjust Roots 14.677ms
[760.984s][info ][gc,phases,start] GC(97) Compaction Phase
[761.069s][info ][gc,phases      ] GC(97) Compaction Phase 84.914ms
[761.069s][info ][gc,phases,start] GC(97) Post Compact
[761.070s][info ][gc,phases      ] GC(97) Post Compact 1.156ms
[761.070s][info ][gc,heap        ] GC(97) PSYoungGen: 6944K(1897472K)->0K(1991680K) Eden: 0K(1890304K)->0K(1886208K) From: 6944K(7168K)->0K(105472K)
[761.070s][info ][gc,heap        ] GC(97) ParOldGen: 353553K(374272K)->346533K(457216K)
[761.070s][info ][gc,metaspace   ] GC(97) Metaspace: 77470K(78144K)->77470K(78144K) NonClass: 66846K(67200K)->66846K(67200K) Class: 10624K(10944K)->10624K(10944K)
[761.070s][info ][gc             ] GC(97) Pause Full (Ergonomics) 352M->338M(2391M) 231.502ms
[761.070s][info ][gc,cpu         ] GC(97) User=0.82s Sys=0.00s Real=0.24s
[761.071s][info ][safepoint      ] Safepoint "ParallelGCFailedAllocation", Time since last: 8173913908 ns, Reaching safepoint: 101202 ns, At safepoint: 244072864 ns, Total: 244174066 ns
[772.072s][info ][safepoint      ] Safepoint "Cleanup", Time since last: 11000792702 ns, Reaching safepoint: 66202 ns, At safepoint: 12900 ns, Total: 79102 ns
[778.072s][info ][safepoint      ] Safepoint "Cleanup", Time since last: 6000453732 ns, Reaching safepoint: 88902 ns, At safepoint: 13000 ns, Total: 101902 ns
[804.074s][info ][safepoint      ] Safepoint "Cleanup", Time since last: 26001720029 ns, Reaching safepoint: 50301 ns, At safepoint: 2700 ns, Total: 53001 ns
[810.808s][info ][gc,start       ] GC(98) Pause Young (Allocation Failure)
[810.810s][debug][gc,phases      ] GC(98) Scavenge 1.506ms
[810.810s][debug][gc,ref         ] GC(98) Skipped phase 1 of Reference Processing: no references
[810.810s][debug][gc,ref         ] GC(98) Skipped phase 3 of Reference Processing: no references
[810.810s][debug][gc,phases      ] GC(98) Reference Processing 0.020ms
[810.810s][debug][gc,phases      ] GC(98) Weak Processing 0.568ms
[810.810s][debug][gc,age         ] GC(98) Desired survivor size 109576192 bytes, new threshold 15 (max threshold 15)
[810.810s][info ][gc,heap        ] GC(98) PSYoungGen: 1886208K(1991680K)->960K(1887232K) Eden: 1886208K(1886208K)->0K(1886208K) From: 0K(105472K)->960K(1024K)
[810.810s][info ][gc,heap        ] GC(98) ParOldGen: 346533K(457216K)->346541K(457216K)
[810.810s][info ][gc,metaspace   ] GC(98) Metaspace: 77487K(78144K)->77487K(78144K) NonClass: 66860K(67200K)->66860K(67200K) Class: 10626K(10944K)->10626K(10944K)
[810.810s][info ][gc             ] GC(98) Pause Young (Allocation Failure) 2180M->339M(2289M) 2.197ms
[810.810s][info ][gc,cpu         ] GC(98) User=0.00s Sys=0.00s Real=0.01s
[810.810s][info ][safepoint      ] Safepoint "ParallelGCFailedAllocation", Time since last: 6734144346 ns, Reaching safepoint: 99102 ns, At safepoint: 2294155 ns, Total: 2393257 ns
[816.811s][info ][safepoint      ] Safepoint "Cleanup", Time since last: 6000389420 ns, Reaching safepoint: 50201 ns, At safepoint: 6800 ns, Total: 57001 ns
[818.811s][info ][safepoint      ] Safepoint "Cleanup", Time since last: 2000162777 ns, Reaching safepoint: 54001 ns, At safepoint: 3000 ns, Total: 57001 ns
[822.811s][info ][safepoint      ] Safepoint "Cleanup", Time since last: 4000324559 ns, Reaching safepoint: 48701 ns, At safepoint: 2200 ns, Total: 50901 ns
[824.812s][info ][safepoint      ] Safepoint "Cleanup", Time since last: 2000171182 ns, Reaching safepoint: 57601 ns, At safepoint: 5300 ns, Total: 62901 ns
[825.812s][info ][safepoint      ] Safepoint "Cleanup", Time since last: 1000103242 ns, Reaching safepoint: 87702 ns, At safepoint: 5700 ns, Total: 93402 ns
[826.812s][info ][safepoint      ] Safepoint "Cleanup", Time since last: 1000110342 ns, Reaching safepoint: 73302 ns, At safepoint: 12200 ns, Total: 85502 ns
[827.812s][info ][safepoint      ] Safepoint "Cleanup", Time since last: 1000111743 ns, Reaching safepoint: 58002 ns, At safepoint: 4400 ns, Total: 62402 ns
[828.812s][info ][safepoint      ] Safepoint "Cleanup", Time since last: 1000110243 ns, Reaching safepoint: 57401 ns, At safepoint: 7200 ns, Total: 64601 ns
[829.813s][info ][safepoint      ] Safepoint "Cleanup", Time since last: 1000119344 ns, Reaching safepoint: 54401 ns, At safepoint: 10100 ns, Total: 64501 ns
[830.813s][info ][safepoint      ] Safepoint "Cleanup", Time since last: 1000125244 ns, Reaching safepoint: 60402 ns, At safepoint: 9700 ns, Total: 70102 ns
[831.813s][info ][safepoint      ] Safepoint "Cleanup", Time since last: 1000071743 ns, Reaching safepoint: 47501 ns, At safepoint: 3001 ns, Total: 50502 ns
[832.813s][info ][safepoint      ] Safepoint "Cleanup", Time since last: 1000107444 ns, Reaching safepoint: 62101 ns, At safepoint: 14601 ns, Total: 76702 ns
[833.813s][info ][safepoint      ] Safepoint "Cleanup", Time since last: 1000113845 ns, Reaching safepoint: 54701 ns, At safepoint: 3900 ns, Total: 58601 ns
[835.814s][info ][safepoint      ] Safepoint "Cleanup", Time since last: 2000175490 ns, Reaching safepoint: 155903 ns, At safepoint: 10001 ns, Total: 165904 ns
[836.814s][info ][safepoint      ] Safepoint "Cleanup", Time since last: 1000103145 ns, Reaching safepoint: 64302 ns, At safepoint: 7000 ns, Total: 71302 ns
[837.814s][info ][safepoint      ] Safepoint "Cleanup", Time since last: 1000104446 ns, Reaching safepoint: 61402 ns, At safepoint: 7600 ns, Total: 69002 ns
[838.814s][info ][safepoint      ] Safepoint "Cleanup", Time since last: 1000101546 ns, Reaching safepoint: 52202 ns, At safepoint: 5600 ns, Total: 57802 ns
[839.814s][info ][safepoint      ] Safepoint "Cleanup", Time since last: 1000108347 ns, Reaching safepoint: 48301 ns, At safepoint: 5800 ns, Total: 54101 ns
[840.814s][info ][safepoint      ] Safepoint "Cleanup", Time since last: 1000103647 ns, Reaching safepoint: 57301 ns, At safepoint: 7901 ns, Total: 65202 ns
[841.815s][info ][safepoint      ] Safepoint "Cleanup", Time since last: 1000107147 ns, Reaching safepoint: 51201 ns, At safepoint: 5901 ns, Total: 57102 ns
[842.815s][info ][safepoint      ] Safepoint "Cleanup", Time since last: 1000101747 ns, Reaching safepoint: 48802 ns, At safepoint: 10200 ns, Total: 59002 ns
[843.815s][info ][safepoint      ] Safepoint "Cleanup", Time since last: 1000114148 ns, Reaching safepoint: 50801 ns, At safepoint: 2901 ns, Total: 53702 ns
[844.815s][info ][safepoint      ] Safepoint "Cleanup", Time since last: 1000104148 ns, Reaching safepoint: 46701 ns, At safepoint: 5800 ns, Total: 52501 ns
[845.815s][info ][safepoint      ] Safepoint "Cleanup", Time since last: 1000101049 ns, Reaching safepoint: 59802 ns, At safepoint: 5700 ns, Total: 65502 ns
[846.815s][info ][safepoint      ] Safepoint "Cleanup", Time since last: 1000120249 ns, Reaching safepoint: 60502 ns, At safepoint: 5000 ns, Total: 65502 ns
[851.816s][info ][safepoint      ] Safepoint "Cleanup", Time since last: 5000342747 ns, Reaching safepoint: 64502 ns, At safepoint: 8200 ns, Total: 72702 ns
[857.816s][info ][safepoint      ] Safepoint "Cleanup", Time since last: 6000403708 ns, Reaching safepoint: 44801 ns, At safepoint: 6501 ns, Total: 51302 ns
[860.817s][info ][safepoint      ] Safepoint "Cleanup", Time since last: 3000221959 ns, Reaching safepoint: 59001 ns, At safepoint: 8200 ns, Total: 67201 ns
[861.817s][info ][safepoint      ] Safepoint "Cleanup", Time since last: 1000125055 ns, Reaching safepoint: 56402 ns, At safepoint: 4500 ns, Total: 60902 ns
[861.901s][info ][gc,start       ] GC(99) Pause Young (Allocation Failure)
[861.903s][debug][gc,phases      ] GC(99) Scavenge 1.922ms
[861.903s][debug][gc,ref         ] GC(99) Skipped phase 1 of Reference Processing: no references
[861.903s][debug][gc,ref         ] GC(99) Skipped phase 3 of Reference Processing: no references
[861.903s][debug][gc,phases      ] GC(99) Reference Processing 0.045ms
[861.904s][debug][gc,phases      ] GC(99) Weak Processing 0.555ms
[861.904s][debug][gc,age         ] GC(99) Desired survivor size 109576192 bytes, new threshold 15 (max threshold 15)
[861.904s][info ][gc,heap        ] GC(99) PSYoungGen: 1887168K(1887232K)->1392K(1990144K) Eden: 1886208K(1886208K)->0K(1883136K) From: 960K(1024K)->1392K(107008K)
[861.904s][info ][gc,heap        ] GC(99) ParOldGen: 346541K(457216K)->346549K(457216K)
[861.904s][info ][gc,metaspace   ] GC(99) Metaspace: 77696K(78336K)->77696K(78336K) NonClass: 67041K(67392K)->67041K(67392K) Class: 10654K(10944K)->10654K(10944K)
[861.904s][info ][gc             ] GC(99) Pause Young (Allocation Failure) 2181M->339M(2390M) 2.653ms
[861.904s][info ][gc,cpu         ] GC(99) User=0.01s Sys=0.00s Real=0.01s
[861.904s][info ][safepoint      ] Safepoint "ParallelGCFailedAllocation", Time since last: 84119589 ns, Reaching safepoint: 50702 ns, At safepoint: 2731764 ns, Total: 2782466 ns
[862.904s][info ][safepoint      ] Safepoint "Cleanup", Time since last: 1000083454 ns, Reaching safepoint: 51102 ns, At safepoint: 7200 ns, Total: 58302 ns
[864.904s][info ][safepoint      ] Safepoint "Cleanup", Time since last: 2000169410 ns, Reaching safepoint: 47501 ns, At safepoint: 3600 ns, Total: 51101 ns
[866.485s][info ][safepoint      ] Safepoint "Cleanup", Time since last: 1580648388 ns, Reaching safepoint: 79101 ns, At safepoint: 9401 ns, Total: 88502 ns
[886.486s][info ][safepoint      ] Safepoint "Cleanup", Time since last: 20001359773 ns, Reaching safepoint: 65001 ns, At safepoint: 7500 ns, Total: 72501 ns
[889.487s][info ][safepoint      ] Safepoint "Cleanup", Time since last: 3000262689 ns, Reaching safepoint: 37701 ns, At safepoint: 2500 ns, Total: 40201 ns
[898.487s][info ][safepoint      ] Safepoint "Cleanup", Time since last: 9000664880 ns, Reaching safepoint: 55701 ns, At safepoint: 4401 ns, Total: 60102 ns
[899.487s][info ][safepoint      ] Safepoint "Cleanup", Time since last: 1000122167 ns, Reaching safepoint: 64701 ns, At safepoint: 7000 ns, Total: 71701 ns
[900.488s][info ][safepoint      ] Safepoint "Cleanup", Time since last: 1000120568 ns, Reaching safepoint: 68102 ns, At safepoint: 7000 ns, Total: 75102 ns
[904.488s][info ][safepoint      ] Safepoint "Cleanup", Time since last: 4000248267 ns, Reaching safepoint: 66302 ns, At safepoint: 8600 ns, Total: 74902 ns
[905.488s][info ][safepoint      ] Safepoint "Cleanup", Time since last: 1000115869 ns, Reaching safepoint: 54601 ns, At safepoint: 8900 ns, Total: 63501 ns
[908.927s][info ][safepoint      ] Safepoint "Cleanup", Time since last: 3438766485 ns, Reaching safepoint: 70802 ns, At safepoint: 8000 ns, Total: 78802 ns
[912.744s][info ][gc,start       ] GC(100) Pause Young (Allocation Failure)
[912.747s][debug][gc,phases      ] GC(100) Scavenge 2.289ms
[912.747s][debug][gc,ref         ] GC(100) Skipped phase 1 of Reference Processing: no references
[912.747s][debug][gc,ref         ] GC(100) Skipped phase 3 of Reference Processing: no references
[912.747s][debug][gc,ref         ] GC(100) Skipped phase 4 of Reference Processing: no references
[912.747s][debug][gc,phases      ] GC(100) Reference Processing 0.030ms
[912.747s][debug][gc,phases      ] GC(100) Weak Processing 0.523ms
[912.747s][debug][gc,age         ] GC(100) Desired survivor size 109051904 bytes, new threshold 15 (max threshold 15)
[912.747s][info ][gc,heap        ] GC(100) PSYoungGen: 1884528K(1990144K)->1824K(1990144K) Eden: 1883136K(1883136K)->0K(1883136K) From: 1392K(107008K)->1824K(107008K)
[912.747s][info ][gc,heap        ] GC(100) ParOldGen: 346549K(457216K)->346549K(457216K)
[912.747s][info ][gc,metaspace   ] GC(100) Metaspace: 77700K(78336K)->77700K(78336K) NonClass: 67045K(67392K)->67045K(67392K) Class: 10654K(10944K)->10654K(10944K)
[912.747s][info ][gc             ] GC(100) Pause Young (Allocation Failure) 2178M->340M(2390M) 2.992ms
[912.747s][info ][gc,cpu         ] GC(100) User=0.00s Sys=0.00s Real=0.00s
[912.747s][info ][safepoint      ] Safepoint "ParallelGCFailedAllocation", Time since last: 3817106043 ns, Reaching safepoint: 52201 ns, At safepoint: 3077473 ns, Total: 3129674 ns
[915.759s][info ][safepoint      ] Safepoint "Cleanup", Time since last: 3011268574 ns, Reaching safepoint: 42101 ns, At safepoint: 2900 ns, Total: 45001 ns
[916.759s][info ][safepoint      ] Safepoint "Cleanup", Time since last: 1000106072 ns, Reaching safepoint: 59202 ns, At safepoint: 6100 ns, Total: 65302 ns
[917.759s][info ][safepoint      ] Safepoint "Cleanup", Time since last: 1000106772 ns, Reaching safepoint: 34801 ns, At safepoint: 2600 ns, Total: 37401 ns
[919.759s][info ][safepoint      ] Safepoint "Cleanup", Time since last: 2000143844 ns, Reaching safepoint: 41101 ns, At safepoint: 2701 ns, Total: 43802 ns
[928.760s][info ][safepoint      ] Safepoint "Cleanup", Time since last: 9000598862 ns, Reaching safepoint: 55702 ns, At safepoint: 8700 ns, Total: 64402 ns
[937.760s][info ][safepoint      ] Safepoint "Cleanup", Time since last: 9000605587 ns, Reaching safepoint: 29500 ns, At safepoint: 2500 ns, Total: 32000 ns
[959.762s][info ][safepoint      ] Safepoint "Cleanup", Time since last: 22001311874 ns, Reaching safepoint: 65702 ns, At safepoint: 8200 ns, Total: 73902 ns
[961.762s][info ][safepoint      ] Safepoint "Cleanup", Time since last: 2000179270 ns, Reaching safepoint: 60101 ns, At safepoint: 7400 ns, Total: 67501 ns
[962.762s][info ][safepoint      ] Safepoint "Cleanup", Time since last: 1000106286 ns, Reaching safepoint: 51901 ns, At safepoint: 8700 ns, Total: 60601 ns
[963.448s][info ][gc,start       ] GC(101) Pause Young (Allocation Failure)
[963.451s][debug][gc,phases      ] GC(101) Scavenge 3.069ms
[963.451s][debug][gc,ref         ] GC(101) Skipped phase 1 of Reference Processing: no references
[963.451s][debug][gc,ref         ] GC(101) Skipped phase 3 of Reference Processing: no references
[963.451s][debug][gc,phases      ] GC(101) Reference Processing 0.025ms
[963.451s][debug][gc,phases      ] GC(101) Weak Processing 0.527ms
[963.451s][debug][gc,age         ] GC(101) Desired survivor size 106954752 bytes, new threshold 15 (max threshold 15)
[963.452s][info ][gc,heap        ] GC(101) PSYoungGen: 1884960K(1990144K)->2656K(1992704K) Eden: 1883136K(1883136K)->0K(1886208K) From: 1824K(107008K)->2656K(106496K)
[963.452s][info ][gc,heap        ] GC(101) ParOldGen: 346549K(457216K)->346557K(457216K)
[963.452s][info ][gc,metaspace   ] GC(101) Metaspace: 77720K(78400K)->77720K(78400K) NonClass: 67065K(67456K)->67065K(67456K) Class: 10655K(10944K)->10655K(10944K)
[963.452s][info ][gc             ] GC(101) Pause Young (Allocation Failure) 2179M->341M(2392M) 3.748ms
[963.452s][info ][gc,cpu         ] GC(101) User=0.01s Sys=0.00s Real=0.01s
[963.452s][info ][safepoint      ] Safepoint "ParallelGCFailedAllocation", Time since last: 685531036 ns, Reaching safepoint: 31901 ns, At safepoint: 3823990 ns, Total: 3855891 ns
[964.452s][info ][safepoint      ] Safepoint "Cleanup", Time since last: 1000091386 ns, Reaching safepoint: 34701 ns, At safepoint: 3500 ns, Total: 38201 ns
[966.452s][info ][safepoint      ] Safepoint "Cleanup", Time since last: 2000111470 ns, Reaching safepoint: 51301 ns, At safepoint: 7501 ns, Total: 58802 ns
[1008.455s][info ][safepoint      ] Safepoint "Cleanup", Time since last: 42002771538 ns, Reaching safepoint: 54102 ns, At safepoint: 7700 ns, Total: 61802 ns
[1013.948s][info ][gc,start       ] GC(102) Pause Young (Allocation Failure)
[1013.952s][debug][gc,phases      ] GC(102) Scavenge 3.451ms
[1013.952s][debug][gc,ref         ] GC(102) Skipped phase 1 of Reference Processing: no references
[1013.952s][debug][gc,ref         ] GC(102) Skipped phase 3 of Reference Processing: no references
[1013.952s][debug][gc,phases      ] GC(102) Reference Processing 0.046ms
[1013.952s][debug][gc,phases      ] GC(102) Weak Processing 0.538ms
[1013.952s][debug][gc,age         ] GC(102) Desired survivor size 104333312 bytes, new threshold 15 (max threshold 15)
[1013.952s][info ][gc,heap        ] GC(102) PSYoungGen: 1888864K(1992704K)->2720K(1990656K) Eden: 1886208K(1886208K)->0K(1886208K) From: 2656K(106496K)->2720K(104448K)
[1013.952s][info ][gc,heap        ] GC(102) ParOldGen: 346557K(457216K)->346557K(457216K)
[1013.952s][info ][gc,metaspace   ] GC(102) Metaspace: 77737K(78400K)->77737K(78400K) NonClass: 67082K(67456K)->67082K(67456K) Class: 10655K(10944K)->10655K(10944K)
[1013.952s][info ][gc             ] GC(102) Pause Young (Allocation Failure) 2183M->341M(2390M) 4.153ms
[1013.952s][info ][gc,cpu         ] GC(102) User=0.01s Sys=0.00s Real=0.01s
[1013.953s][info ][safepoint      ] Safepoint "ParallelGCFailedAllocation", Time since last: 5493540375 ns, Reaching safepoint: 46601 ns, At safepoint: 4240100 ns, Total: 4286701 ns
[1026.953s][info ][safepoint      ] Safepoint "Cleanup", Time since last: 13000893500 ns, Reaching safepoint: 55001 ns, At safepoint: 7200 ns, Total: 62201 ns
[1043.955s][info ][safepoint      ] Safepoint "Cleanup", Time since last: 17001117861 ns, Reaching safepoint: 57601 ns, At safepoint: 7401 ns, Total: 65002 ns
[1045.955s][info ][safepoint      ] Safepoint "Cleanup", Time since last: 2000165912 ns, Reaching safepoint: 47601 ns, At safepoint: 24501 ns, Total: 72102 ns
[1046.955s][info ][safepoint      ] Safepoint "Cleanup", Time since last: 1000107007 ns, Reaching safepoint: 57501 ns, At safepoint: 6100 ns, Total: 63601 ns
[1047.955s][info ][safepoint      ] Safepoint "Cleanup", Time since last: 1000104108 ns, Reaching safepoint: 44801 ns, At safepoint: 5900 ns, Total: 50701 ns
[1049.955s][info ][safepoint      ] Safepoint "Cleanup", Time since last: 2000145914 ns, Reaching safepoint: 46401 ns, At safepoint: 2600 ns, Total: 49001 ns
[1051.956s][info ][safepoint      ] Safepoint "Cleanup", Time since last: 2000168015 ns, Reaching safepoint: 54702 ns, At safepoint: 9900 ns, Total: 64602 ns
[1053.956s][info ][safepoint      ] Safepoint "Cleanup", Time since last: 2000171916 ns, Reaching safepoint: 56402 ns, At safepoint: 8900 ns, Total: 65302 ns
[1058.956s][info ][safepoint      ] Safepoint "Cleanup", Time since last: 5000368343 ns, Reaching safepoint: 53702 ns, At safepoint: 5800 ns, Total: 59502 ns
[1063.908s][info ][gc,start       ] GC(103) Pause Young (Allocation Failure)
[1063.912s][debug][gc,phases      ] GC(103) Scavenge 3.753ms
[1063.912s][debug][gc,ref         ] GC(103) Skipped phase 1 of Reference Processing: no references
[1063.912s][debug][gc,ref         ] GC(103) Skipped phase 3 of Reference Processing: no references
[1063.912s][debug][gc,phases      ] GC(103) Reference Processing 0.028ms
[1063.913s][debug][gc,phases      ] GC(103) Weak Processing 0.581ms
[1063.913s][debug][gc,age         ] GC(103) Desired survivor size 100663296 bytes, new threshold 15 (max threshold 15)
[1063.913s][info ][gc,heap        ] GC(103) PSYoungGen: 1888928K(1990656K)->3040K(1998848K) Eden: 1886208K(1886208K)->0K(1896960K) From: 2720K(104448K)->3040K(101888K)
[1063.913s][info ][gc,heap        ] GC(103) ParOldGen: 346557K(457216K)->346557K(457216K)
[1063.913s][info ][gc,metaspace   ] GC(103) Metaspace: 77738K(78400K)->77738K(78400K) NonClass: 67083K(67456K)->67083K(67456K) Class: 10655K(10944K)->10655K(10944K)
[1063.913s][info ][gc             ] GC(103) Pause Young (Allocation Failure) 2183M->341M(2398M) 4.495ms
[1063.913s][info ][gc,cpu         ] GC(103) User=0.01s Sys=0.00s Real=0.01s
[1063.913s][info ][safepoint      ] Safepoint "ParallelGCFailedAllocation", Time since last: 4952107805 ns, Reaching safepoint: 29701 ns, At safepoint: 4581308 ns, Total: 4611009 ns
[1065.913s][info ][safepoint      ] Safepoint "Cleanup", Time since last: 2000155522 ns, Reaching safepoint: 59201 ns, At safepoint: 6600 ns, Total: 65801 ns
[1071.914s][info ][safepoint      ] Safepoint "Cleanup", Time since last: 6000445070 ns, Reaching safepoint: 68701 ns, At safepoint: 14001 ns, Total: 82702 ns
[1089.933s][info ][safepoint      ] Safepoint "Cleanup", Time since last: 18018951874 ns, Reaching safepoint: 37001 ns, At safepoint: 6100 ns, Total: 43101 ns
[1090.933s][info ][safepoint      ] Safepoint "Cleanup", Time since last: 1000111817 ns, Reaching safepoint: 45401 ns, At safepoint: 2600 ns, Total: 48001 ns
[1092.933s][info ][safepoint      ] Safepoint "Cleanup", Time since last: 2000192135 ns, Reaching safepoint: 59001 ns, At safepoint: 9000 ns, Total: 68001 ns
[1096.934s][info ][safepoint      ] Safepoint "Cleanup", Time since last: 4000297470 ns, Reaching safepoint: 69601 ns, At safepoint: 9901 ns, Total: 79502 ns
[1097.934s][info ][safepoint      ] Safepoint "Cleanup", Time since last: 1000116318 ns, Reaching safepoint: 153304 ns, At safepoint: 12800 ns, Total: 166104 ns
[1099.934s][info ][safepoint      ] Safepoint "Cleanup", Time since last: 2000147537 ns, Reaching safepoint: 49401 ns, At safepoint: 6900 ns, Total: 56301 ns
[1100.934s][info ][safepoint      ] Safepoint "Cleanup", Time since last: 1000100719 ns, Reaching safepoint: 127903 ns, At safepoint: 12400 ns, Total: 140303 ns
[1101.934s][info ][safepoint      ] Safepoint "Cleanup", Time since last: 1000112720 ns, Reaching safepoint: 51301 ns, At safepoint: 21001 ns, Total: 72302 ns
[1102.935s][info ][safepoint      ] Safepoint "Cleanup", Time since last: 1000124820 ns, Reaching safepoint: 72402 ns, At safepoint: 10400 ns, Total: 82802 ns
[1107.935s][info ][safepoint      ] Safepoint "Cleanup", Time since last: 5000378498 ns, Reaching safepoint: 48101 ns, At safepoint: 10100 ns, Total: 58201 ns
[1110.641s][info ][gc,start       ] GC(104) Pause Young (Allocation Failure)
[1110.648s][debug][gc,phases      ] GC(104) Scavenge 6.916ms
[1110.648s][debug][gc,ref         ] GC(104) Skipped phase 1 of Reference Processing: no references
[1110.648s][debug][gc,phases      ] GC(104) Reference Processing 0.051ms
[1110.648s][debug][gc,phases      ] GC(104) Weak Processing 0.512ms
[1110.648s][debug][gc,age         ] GC(104) Desired survivor size 94371840 bytes, new threshold 15 (max threshold 15)
[1110.648s][info ][gc,heap        ] GC(104) PSYoungGen: 1900000K(1998848K)->20661K(1995264K) Eden: 1896960K(1896960K)->0K(1896960K) From: 3040K(101888K)->20661K(98304K)
[1110.648s][info ][gc,heap        ] GC(104) ParOldGen: 346557K(457216K)->346565K(457216K)
[1110.648s][info ][gc,metaspace   ] GC(104) Metaspace: 77828K(78464K)->77828K(78464K) NonClass: 67170K(67520K)->67170K(67520K) Class: 10658K(10944K)->10658K(10944K)
[1110.648s][info ][gc             ] GC(104) Pause Young (Allocation Failure) 2193M->358M(2395M) 7.632ms
[1110.648s][info ][gc,cpu         ] GC(104) User=0.02s Sys=0.00s Real=0.01s
[1110.648s][info ][safepoint      ] Safepoint "ParallelGCFailedAllocation", Time since last: 2705589373 ns, Reaching safepoint: 29101 ns, At safepoint: 7723783 ns, Total: 7752884 ns
[1111.649s][info ][safepoint      ] Safepoint "Cleanup", Time since last: 1000092621 ns, Reaching safepoint: 59301 ns, At safepoint: 11001 ns, Total: 70302 ns
[1115.649s][info ][safepoint      ] Safepoint "Cleanup", Time since last: 4000329085 ns, Reaching safepoint: 136704 ns, At safepoint: 17100 ns, Total: 153804 ns
[1122.650s][info ][safepoint      ] Safepoint "Cleanup", Time since last: 7000490956 ns, Reaching safepoint: 121003 ns, At safepoint: 11200 ns, Total: 132203 ns
[1128.650s][info ][safepoint      ] Safepoint "Cleanup", Time since last: 6000455443 ns, Reaching safepoint: 124103 ns, At safepoint: 9900 ns, Total: 134003 ns
[1131.651s][info ][safepoint      ] Safepoint "Cleanup", Time since last: 3000235774 ns, Reaching safepoint: 130903 ns, At safepoint: 16301 ns, Total: 147204 ns
[1145.652s][info ][safepoint      ] Safepoint "Cleanup", Time since last: 14000965366 ns, Reaching safepoint: 70902 ns, At safepoint: 9100 ns, Total: 80002 ns
[1147.383s][info ][safepoint      ] Safepoint "Cleanup", Time since last: 1730906768 ns, Reaching safepoint: 79601 ns, At safepoint: 8201 ns, Total: 87802 ns
[1148.383s][info ][safepoint      ] Safepoint "Cleanup", Time since last: 1000136629 ns, Reaching safepoint: 55502 ns, At safepoint: 3000 ns, Total: 58502 ns
[1149.383s][info ][safepoint      ] Safepoint "Cleanup", Time since last: 1000108929 ns, Reaching safepoint: 62501 ns, At safepoint: 10300 ns, Total: 72801 ns
[1151.501s][info ][gc,start       ] GC(105) Pause Young (Allocation Failure)
[1151.507s][debug][gc,phases      ] GC(105) Scavenge 6.414ms
[1151.507s][debug][gc,ref         ] GC(105) Skipped phase 1 of Reference Processing: no references
[1151.507s][debug][gc,ref         ] GC(105) Skipped phase 3 of Reference Processing: no references
[1151.507s][debug][gc,phases      ] GC(105) Reference Processing 0.026ms
[1151.508s][debug][gc,phases      ] GC(105) Weak Processing 0.584ms
[1151.508s][debug][gc,age         ] GC(105) Desired survivor size 88080384 bytes, new threshold 15 (max threshold 15)
[1151.508s][info ][gc,heap        ] GC(105) PSYoungGen: 1917621K(1995264K)->20773K(2011136K) Eden: 1896960K(1896960K)->0K(1918976K) From: 20661K(98304K)->20773K(92160K)
[1151.508s][info ][gc,heap        ] GC(105) ParOldGen: 346565K(457216K)->346565K(457216K)
[1151.508s][info ][gc,metaspace   ] GC(105) Metaspace: 77842K(78464K)->77842K(78464K) NonClass: 67184K(67520K)->67184K(67520K) Class: 10658K(10944K)->10658K(10944K)
[1151.508s][info ][gc             ] GC(105) Pause Young (Allocation Failure) 2211M->358M(2410M) 7.149ms
[1151.508s][info ][gc,cpu         ] GC(105) User=0.02s Sys=0.00s Real=0.01s
[1151.508s][info ][safepoint      ] Safepoint "ParallelGCFailedAllocation", Time since last: 2117751548 ns, Reaching safepoint: 27901 ns, At safepoint: 7235371 ns, Total: 7263272 ns
[1157.509s][info ][safepoint      ] Safepoint "Cleanup", Time since last: 6000408876 ns, Reaching safepoint: 48301 ns, At safepoint: 3000 ns, Total: 51301 ns
[1158.509s][info ][safepoint      ] Safepoint "Cleanup", Time since last: 1000101131 ns, Reaching safepoint: 44001 ns, At safepoint: 2400 ns, Total: 46401 ns
[1160.509s][info ][safepoint      ] Safepoint "Cleanup", Time since last: 2000158061 ns, Reaching safepoint: 47601 ns, At safepoint: 2900 ns, Total: 50501 ns
[1161.509s][info ][safepoint      ] Safepoint "Cleanup", Time since last: 1000105431 ns, Reaching safepoint: 56502 ns, At safepoint: 11000 ns, Total: 67502 ns
[1166.510s][info ][safepoint      ] Safepoint "Cleanup", Time since last: 5000349455 ns, Reaching safepoint: 64002 ns, At safepoint: 7500 ns, Total: 71502 ns
[1171.510s][info ][safepoint      ] Safepoint "Cleanup", Time since last: 5000334160 ns, Reaching safepoint: 64001 ns, At safepoint: 18301 ns, Total: 82302 ns
[1176.510s][info ][safepoint      ] Safepoint "Cleanup", Time since last: 5000360164 ns, Reaching safepoint: 61802 ns, At safepoint: 6100 ns, Total: 67902 ns
[1181.511s][info ][safepoint      ] Safepoint "Cleanup", Time since last: 5000357770 ns, Reaching safepoint: 64101 ns, At safepoint: 5500 ns, Total: 69601 ns
[1184.511s][info ][safepoint      ] Safepoint "Cleanup", Time since last: 3000203004 ns, Reaching safepoint: 60001 ns, At safepoint: 19201 ns, Total: 79202 ns
[1192.512s][info ][safepoint      ] Safepoint "Cleanup", Time since last: 8000562984 ns, Reaching safepoint: 54801 ns, At safepoint: 6801 ns, Total: 61602 ns
[1192.799s][info ][gc,start       ] GC(106) Pause Young (Allocation Failure)
[1192.805s][debug][gc,phases      ] GC(106) Scavenge 5.846ms
[1192.805s][debug][gc,ref         ] GC(106) Skipped phase 1 of Reference Processing: no references
[1192.805s][debug][gc,ref         ] GC(106) Skipped phase 3 of Reference Processing: no references
[1192.805s][debug][gc,phases      ] GC(106) Reference Processing 0.035ms
[1192.805s][debug][gc,phases      ] GC(106) Weak Processing 0.595ms
[1192.805s][debug][gc,age         ] GC(106) Desired survivor size 82313216 bytes, new threshold 15 (max threshold 15)
[1192.806s][info ][gc,heap        ] GC(106) PSYoungGen: 1939749K(2011136K)->21061K(2004992K) Eden: 1918976K(1918976K)->0K(1918976K) From: 20773K(92160K)->21061K(86016K)
[1192.806s][info ][gc,heap        ] GC(106) ParOldGen: 346565K(457216K)->346565K(457216K)
[1192.806s][info ][gc,metaspace   ] GC(106) Metaspace: 77843K(78464K)->77843K(78464K) NonClass: 67185K(67520K)->67185K(67520K) Class: 10658K(10944K)->10658K(10944K)
[1192.806s][info ][gc             ] GC(106) Pause Young (Allocation Failure) 2232M->359M(2404M) 6.689ms
[1192.806s][info ][gc,cpu         ] GC(106) User=0.02s Sys=0.00s Real=0.01s
[1192.806s][info ][safepoint      ] Safepoint "ParallelGCFailedAllocation", Time since last: 287071813 ns, Reaching safepoint: 30701 ns, At safepoint: 6769161 ns, Total: 6799862 ns
[1200.806s][info ][safepoint      ] Safepoint "Cleanup", Time since last: 8000495494 ns, Reaching safepoint: 71002 ns, At safepoint: 8700 ns, Total: 79702 ns
[1205.807s][info ][safepoint      ] Safepoint "Cleanup", Time since last: 5000380692 ns, Reaching safepoint: 52301 ns, At safepoint: 3000 ns, Total: 55301 ns
[1216.807s][info ][safepoint      ] Safepoint "Cleanup", Time since last: 11000787036 ns, Reaching safepoint: 77601 ns, At safepoint: 8901 ns, Total: 86502 ns
[1218.808s][info ][safepoint      ] Safepoint "Cleanup", Time since last: 2000193182 ns, Reaching safepoint: 51001 ns, At safepoint: 3201 ns, Total: 54202 ns
[1221.808s][info ][safepoint      ] Safepoint "Cleanup", Time since last: 3000275624 ns, Reaching safepoint: 61502 ns, At safepoint: 13300 ns, Total: 74802 ns
[1224.808s][info ][safepoint      ] Safepoint "Cleanup", Time since last: 3000217125 ns, Reaching safepoint: 51901 ns, At safepoint: 6200 ns, Total: 58101 ns
[1232.351s][info ][gc,start       ] GC(107) Pause Young (Allocation Failure)
[1232.357s][debug][gc,phases      ] GC(107) Scavenge 6.010ms
[1232.357s][debug][gc,ref         ] GC(107) Skipped phase 1 of Reference Processing: no references
[1232.357s][debug][gc,ref         ] GC(107) Skipped phase 3 of Reference Processing: no references
[1232.357s][debug][gc,phases      ] GC(107) Reference Processing 0.028ms
[1232.357s][debug][gc,phases      ] GC(107) Weak Processing 0.526ms
[1232.357s][debug][gc,age         ] GC(107) Desired survivor size 77070336 bytes, new threshold 15 (max threshold 15)
[1232.357s][info ][gc,heap        ] GC(107) PSYoungGen: 1940037K(2004992K)->21477K(2021888K) Eden: 1918976K(1918976K)->0K(1941504K) From: 21061K(86016K)->21477K(80384K)
[1232.358s][info ][gc,heap        ] GC(107) ParOldGen: 346565K(457216K)->346565K(457216K)
[1232.358s][info ][gc,metaspace   ] GC(107) Metaspace: 77849K(78464K)->77849K(78464K) NonClass: 67191K(67520K)->67191K(67520K) Class: 10658K(10944K)->10658K(10944K)
[1232.358s][info ][gc             ] GC(107) Pause Young (Allocation Failure) 2233M->359M(2421M) 6.725ms
[1232.358s][info ][gc,cpu         ] GC(107) User=0.01s Sys=0.01s Real=0.00s
[1232.358s][info ][safepoint      ] Safepoint "ParallelGCFailedAllocation", Time since last: 7542283060 ns, Reaching safepoint: 128703 ns, At safepoint: 6823762 ns, Total: 6952465 ns
[1233.358s][info ][safepoint      ] Safepoint "Cleanup", Time since last: 1000084744 ns, Reaching safepoint: 64701 ns, At safepoint: 8200 ns, Total: 72901 ns
[1234.358s][info ][safepoint      ] Safepoint "Cleanup", Time since last: 1000100245 ns, Reaching safepoint: 54401 ns, At safepoint: 9500 ns, Total: 63901 ns
[1235.358s][info ][safepoint      ] Safepoint "Cleanup", Time since last: 1000109944 ns, Reaching safepoint: 44102 ns, At safepoint: 7700 ns, Total: 51802 ns
[1246.359s][info ][safepoint      ] Safepoint "Cleanup", Time since last: 11000748988 ns, Reaching safepoint: 53802 ns, At safepoint: 7100 ns, Total: 60902 ns
[1259.360s][info ][safepoint      ] Safepoint "Cleanup", Time since last: 13001021205 ns, Reaching safepoint: 58402 ns, At safepoint: 11400 ns, Total: 69802 ns
[1261.360s][info ][safepoint      ] Safepoint "Cleanup", Time since last: 2000176296 ns, Reaching safepoint: 58001 ns, At safepoint: 5700 ns, Total: 63701 ns
[1263.360s][info ][safepoint      ] Safepoint "Cleanup", Time since last: 2000182097 ns, Reaching safepoint: 57401 ns, At safepoint: 6501 ns, Total: 63902 ns
[1266.361s][info ][safepoint      ] Safepoint "Cleanup", Time since last: 3000258946 ns, Reaching safepoint: 49601 ns, At safepoint: 5600 ns, Total: 55201 ns
[1273.056s][info ][gc,start       ] GC(108) Pause Young (Allocation Failure)
[1273.063s][debug][gc,phases      ] GC(108) Scavenge 6.458ms
[1273.063s][debug][gc,ref         ] GC(108) Skipped phase 1 of Reference Processing: no references
[1273.063s][debug][gc,ref         ] GC(108) Skipped phase 3 of Reference Processing: no references
[1273.063s][debug][gc,phases      ] GC(108) Reference Processing 0.032ms
[1273.063s][debug][gc,phases      ] GC(108) Weak Processing 0.509ms
[1273.063s][debug][gc,age         ] GC(108) Desired survivor size 72351744 bytes, new threshold 15 (max threshold 15)
[1273.063s][info ][gc,heap        ] GC(108) PSYoungGen: 1962981K(2021888K)->21957K(2016768K) Eden: 1941504K(1941504K)->0K(1941504K) From: 21477K(80384K)->21957K(75264K)
[1273.063s][info ][gc,heap        ] GC(108) ParOldGen: 346565K(457216K)->346573K(457216K)
[1273.063s][info ][gc,metaspace   ] GC(108) Metaspace: 77896K(78592K)->77896K(78592K) NonClass: 67230K(67584K)->67230K(67584K) Class: 10666K(11008K)->10666K(11008K)
[1273.063s][info ][gc             ] GC(108) Pause Young (Allocation Failure) 2255M->359M(2416M) 7.137ms
[1273.063s][info ][gc,cpu         ] GC(108) User=0.02s Sys=0.00s Real=0.01s
[1273.063s][info ][safepoint      ] Safepoint "ParallelGCFailedAllocation", Time since last: 6695188693 ns, Reaching safepoint: 48401 ns, At safepoint: 7227071 ns, Total: 7275472 ns
[1275.063s][info ][safepoint      ] Safepoint "Cleanup", Time since last: 2000144100 ns, Reaching safepoint: 50101 ns, At safepoint: 2700 ns, Total: 52801 ns
[1288.064s][info ][safepoint      ] Safepoint "Cleanup", Time since last: 13000884460 ns, Reaching safepoint: 52801 ns, At safepoint: 5200 ns, Total: 58001 ns
[1305.066s][info ][safepoint      ] Safepoint "Cleanup", Time since last: 17001138999 ns, Reaching safepoint: 110203 ns, At safepoint: 6800 ns, Total: 117003 ns
[1310.066s][info ][safepoint      ] Safepoint "Cleanup", Time since last: 5000371373 ns, Reaching safepoint: 49502 ns, At safepoint: 2900 ns, Total: 52402 ns
[1314.000s][info ][gc,start       ] GC(109) Pause Young (Allocation Failure)
[1314.007s][debug][gc,phases      ] GC(109) Scavenge 7.351ms
[1314.007s][debug][gc,ref         ] GC(109) Skipped phase 1 of Reference Processing: no references
[1314.007s][debug][gc,ref         ] GC(109) Skipped phase 3 of Reference Processing: no references
[1314.007s][debug][gc,phases      ] GC(109) Reference Processing 0.032ms
[1314.008s][debug][gc,phases      ] GC(109) Weak Processing 0.549ms
[1314.008s][debug][gc,age         ] GC(109) Desired survivor size 67633152 bytes, new threshold 15 (max threshold 15)
[1314.008s][info ][gc,heap        ] GC(109) PSYoungGen: 1963461K(2016768K)->22181K(2031104K) Eden: 1941504K(1941504K)->0K(1960448K) From: 21957K(75264K)->22181K(70656K)
[1314.008s][info ][gc,heap        ] GC(109) ParOldGen: 346573K(457216K)->346573K(457216K)
[1314.008s][info ][gc,metaspace   ] GC(109) Metaspace: 77900K(78592K)->77900K(78592K) NonClass: 67234K(67584K)->67234K(67584K) Class: 10666K(11008K)->10666K(11008K)
[1314.008s][info ][gc             ] GC(109) Pause Young (Allocation Failure) 2255M->360M(2430M) 8.066ms
[1314.008s][info ][gc,cpu         ] GC(109) User=0.02s Sys=0.00s Real=0.01s
[1314.008s][info ][safepoint      ] Safepoint "ParallelGCFailedAllocation", Time since last: 3933529735 ns, Reaching safepoint: 42801 ns, At safepoint: 8153194 ns, Total: 8195995 ns
[1318.008s][info ][safepoint      ] Safepoint "Cleanup", Time since last: 4000273122 ns, Reaching safepoint: 59102 ns, At safepoint: 5600 ns, Total: 64702 ns
[1319.008s][info ][safepoint      ] Safepoint "Cleanup", Time since last: 1000108357 ns, Reaching safepoint: 49901 ns, At safepoint: 4400 ns, Total: 54301 ns
[1320.008s][info ][safepoint      ] Safepoint "Cleanup", Time since last: 1000109357 ns, Reaching safepoint: 58302 ns, At safepoint: 10800 ns, Total: 69102 ns
[1329.009s][info ][safepoint      ] Safepoint "Cleanup", Time since last: 9000620212 ns, Reaching safepoint: 45501 ns, At safepoint: 7700 ns, Total: 53201 ns
[1330.009s][info ][safepoint      ] Safepoint "Cleanup", Time since last: 1000120359 ns, Reaching safepoint: 103602 ns, At safepoint: 15701 ns, Total: 119303 ns
[1331.010s][info ][safepoint      ] Safepoint "Cleanup", Time since last: 1000109659 ns, Reaching safepoint: 46201 ns, At safepoint: 25200 ns, Total: 71401 ns
[1332.010s][info ][safepoint      ] Safepoint "Cleanup", Time since last: 1000096359 ns, Reaching safepoint: 55701 ns, At safepoint: 3600 ns, Total: 59301 ns
[1351.011s][info ][safepoint      ] Safepoint "Cleanup", Time since last: 19001259223 ns, Reaching safepoint: 99803 ns, At safepoint: 9200 ns, Total: 109003 ns
[1352.151s][info ][safepoint      ] Safepoint "Cleanup", Time since last: 1140096087 ns, Reaching safepoint: 175004 ns, At safepoint: 11801 ns, Total: 186805 ns
[1353.152s][info ][safepoint      ] Safepoint "Cleanup", Time since last: 1000106261 ns, Reaching safepoint: 53502 ns, At safepoint: 8200 ns, Total: 61702 ns
[1354.953s][info ][safepoint      ] Safepoint "Cleanup", Time since last: 1800959589 ns, Reaching safepoint: 77202 ns, At safepoint: 7600 ns, Total: 84802 ns
[1355.499s][info ][gc,start       ] GC(110) Pause Young (Allocation Failure)
[1355.506s][debug][gc,phases      ] GC(110) Scavenge 7.763ms
[1355.506s][debug][gc,ref         ] GC(110) Skipped phase 1 of Reference Processing: no references
[1355.507s][debug][gc,ref         ] GC(110) Skipped phase 3 of Reference Processing: no references
[1355.507s][debug][gc,phases      ] GC(110) Reference Processing 0.032ms
[1355.507s][debug][gc,phases      ] GC(110) Weak Processing 0.505ms
[1355.507s][debug][gc,age         ] GC(110) Desired survivor size 63438848 bytes, new threshold 15 (max threshold 15)
[1355.507s][info ][gc,heap        ] GC(110) PSYoungGen: 1982629K(2031104K)->22565K(2026496K) Eden: 1960448K(1960448K)->0K(1960448K) From: 22181K(70656K)->22565K(66048K)
[1355.507s][info ][gc,heap        ] GC(110) ParOldGen: 346573K(457216K)->346573K(457216K)
[1355.507s][info ][gc,metaspace   ] GC(110) Metaspace: 77974K(78656K)->77974K(78656K) NonClass: 67297K(67648K)->67297K(67648K) Class: 10677K(11008K)->10677K(11008K)
[1355.507s][info ][gc             ] GC(110) Pause Young (Allocation Failure) 2274M->360M(2425M) 8.435ms
[1355.507s][info ][gc,cpu         ] GC(110) User=0.03s Sys=0.00s Real=0.01s
[1355.507s][info ][safepoint      ] Safepoint "ParallelGCFailedAllocation", Time since last: 545885970 ns, Reaching safepoint: 128603 ns, At safepoint: 8520702 ns, Total: 8649305 ns
[1357.507s][info ][safepoint      ] Safepoint "Cleanup", Time since last: 2000125622 ns, Reaching safepoint: 45402 ns, At safepoint: 5400 ns, Total: 50802 ns
[1358.507s][info ][safepoint      ] Safepoint "Cleanup", Time since last: 1000082561 ns, Reaching safepoint: 54802 ns, At safepoint: 8300 ns, Total: 63102 ns
[1359.508s][info ][safepoint      ] Safepoint "Cleanup", Time since last: 1000109462 ns, Reaching safepoint: 74402 ns, At safepoint: 7900 ns, Total: 82302 ns
[1360.508s][info ][safepoint      ] Safepoint "Cleanup", Time since last: 1000106463 ns, Reaching safepoint: 123803 ns, At safepoint: 13100 ns, Total: 136903 ns
[1361.508s][info ][safepoint      ] Safepoint "Cleanup", Time since last: 1000110563 ns, Reaching safepoint: 96602 ns, At safepoint: 10700 ns, Total: 107302 ns
[1364.508s][info ][safepoint      ] Safepoint "Cleanup", Time since last: 3000197486 ns, Reaching safepoint: 56501 ns, At safepoint: 9100 ns, Total: 65601 ns
[1366.509s][info ][safepoint      ] Safepoint "Cleanup", Time since last: 2000165626 ns, Reaching safepoint: 47001 ns, At safepoint: 7200 ns, Total: 54201 ns
[1369.509s][info ][safepoint      ] Safepoint "Cleanup", Time since last: 3000232888 ns, Reaching safepoint: 66102 ns, At safepoint: 7000 ns, Total: 73102 ns
[1371.509s][info ][safepoint      ] Safepoint "Cleanup", Time since last: 2000173227 ns, Reaching safepoint: 53701 ns, At safepoint: 7100 ns, Total: 60801 ns
[1379.510s][info ][safepoint      ] Safepoint "Cleanup", Time since last: 8000466307 ns, Reaching safepoint: 48401 ns, At safepoint: 7200 ns, Total: 55601 ns
[1381.510s][info ][safepoint      ] Safepoint "Cleanup", Time since last: 2000186629 ns, Reaching safepoint: 46201 ns, At safepoint: 3201 ns, Total: 49402 ns
[1391.511s][info ][safepoint      ] Safepoint "Cleanup", Time since last: 10000671348 ns, Reaching safepoint: 44701 ns, At safepoint: 3100 ns, Total: 47801 ns
[1397.001s][info ][gc,start       ] GC(111) Pause Young (Allocation Failure)
[1397.007s][debug][gc,phases      ] GC(111) Scavenge 6.013ms
[1397.007s][debug][gc,ref         ] GC(111) Skipped phase 1 of Reference Processing: no references
[1397.007s][debug][gc,ref         ] GC(111) Skipped phase 3 of Reference Processing: no references
[1397.007s][debug][gc,phases      ] GC(111) Reference Processing 0.029ms
[1397.007s][debug][gc,phases      ] GC(111) Weak Processing 0.498ms
[1397.007s][debug][gc,age         ] GC(111) Desired survivor size 59768832 bytes, new threshold 15 (max threshold 15)
[1397.007s][info ][gc,heap        ] GC(111) PSYoungGen: 1983013K(2026496K)->22789K(2038784K) Eden: 1960448K(1960448K)->0K(1976832K) From: 22565K(66048K)->22789K(61952K)
[1397.007s][info ][gc,heap        ] GC(111) ParOldGen: 346573K(457216K)->346581K(457216K)
[1397.007s][info ][gc,metaspace   ] GC(111) Metaspace: 78001K(78656K)->78001K(78656K) NonClass: 67322K(67648K)->67322K(67648K) Class: 10678K(11008K)->10678K(11008K)
[1397.007s][info ][gc             ] GC(111) Pause Young (Allocation Failure) 2274M->360M(2437M) 6.676ms
[1397.007s][info ][gc,cpu         ] GC(111) User=0.02s Sys=0.00s Real=0.01s
[1397.007s][info ][safepoint      ] Safepoint "ParallelGCFailedAllocation", Time since last: 5489902063 ns, Reaching safepoint: 125403 ns, At safepoint: 6770461 ns, Total: 6895864 ns
[1400.008s][info ][safepoint      ] Safepoint "Cleanup", Time since last: 3000214099 ns, Reaching safepoint: 48501 ns, At safepoint: 3301 ns, Total: 51802 ns
[1402.008s][info ][safepoint      ] Safepoint "Cleanup", Time since last: 2000173234 ns, Reaching safepoint: 55101 ns, At safepoint: 5600 ns, Total: 60701 ns
[1406.008s][info ][safepoint      ] Safepoint "Cleanup", Time since last: 4000302669 ns, Reaching safepoint: 62801 ns, At safepoint: 6100 ns, Total: 68901 ns
[1416.009s][info ][safepoint      ] Safepoint "Cleanup", Time since last: 10000659578 ns, Reaching safepoint: 51801 ns, At safepoint: 7700 ns, Total: 59501 ns
[1419.009s][info ][safepoint      ] Safepoint "Cleanup", Time since last: 3000237806 ns, Reaching safepoint: 47301 ns, At safepoint: 2300 ns, Total: 49601 ns
[1421.009s][info ][safepoint      ] Safepoint "Cleanup", Time since last: 2000172839 ns, Reaching safepoint: 44801 ns, At safepoint: 2900 ns, Total: 47701 ns
[1424.010s][info ][safepoint      ] Safepoint "Cleanup", Time since last: 3000235908 ns, Reaching safepoint: 47201 ns, At safepoint: 5500 ns, Total: 52701 ns
[1427.010s][info ][safepoint      ] Safepoint "Cleanup", Time since last: 3000227709 ns, Reaching safepoint: 40601 ns, At safepoint: 3200 ns, Total: 43801 ns
[1428.010s][info ][safepoint      ] Safepoint "Cleanup", Time since last: 1000107371 ns, Reaching safepoint: 46001 ns, At safepoint: 9500 ns, Total: 55501 ns
[1432.011s][info ][safepoint      ] Safepoint "Cleanup", Time since last: 4000283780 ns, Reaching safepoint: 50001 ns, At safepoint: 10901 ns, Total: 60902 ns
[1436.011s][info ][safepoint      ] Safepoint "Cleanup", Time since last: 4000314382 ns, Reaching safepoint: 39801 ns, At safepoint: 2600 ns, Total: 42401 ns
[1438.701s][info ][gc,start       ] GC(112) Pause Young (Allocation Failure)
[1438.708s][debug][gc,phases      ] GC(112) Scavenge 7.028ms
[1438.708s][debug][gc,ref         ] GC(112) Skipped phase 1 of Reference Processing: no references
[1438.708s][debug][gc,ref         ] GC(112) Skipped phase 3 of Reference Processing: no references
[1438.708s][debug][gc,phases      ] GC(112) Reference Processing 0.031ms
[1438.708s][debug][gc,phases      ] GC(112) Weak Processing 0.575ms
[1438.708s][debug][gc,age         ] GC(112) Desired survivor size 56098816 bytes, new threshold 15 (max threshold 15)
[1438.708s][info ][gc,heap        ] GC(112) PSYoungGen: 1999621K(2038784K)->23026K(2035200K) Eden: 1976832K(1976832K)->0K(1976832K) From: 22789K(61952K)->23026K(58368K)
[1438.708s][info ][gc,heap        ] GC(112) ParOldGen: 346581K(457216K)->346581K(457216K)
[1438.708s][info ][gc,metaspace   ] GC(112) Metaspace: 78002K(78656K)->78002K(78656K) NonClass: 67323K(67648K)->67323K(67648K) Class: 10678K(11008K)->10678K(11008K)
[1438.708s][info ][gc             ] GC(112) Pause Young (Allocation Failure) 2291M->360M(2434M) 7.792ms
[1438.708s][info ][gc,cpu         ] GC(112) User=0.02s Sys=0.00s Real=0.01s
[1438.708s][info ][safepoint      ] Safepoint "ParallelGCFailedAllocation", Time since last: 2689418425 ns, Reaching safepoint: 124003 ns, At safepoint: 7880488 ns, Total: 8004491 ns
[1444.709s][info ][safepoint      ] Safepoint "Cleanup", Time since last: 6000401527 ns, Reaching safepoint: 49601 ns, At safepoint: 5900 ns, Total: 55501 ns
[1445.709s][info ][safepoint      ] Safepoint "Cleanup", Time since last: 1000105773 ns, Reaching safepoint: 71101 ns, At safepoint: 5600 ns, Total: 76701 ns
[1477.711s][info ][safepoint      ] Safepoint "Cleanup", Time since last: 32002070245 ns, Reaching safepoint: 63202 ns, At safepoint: 10400 ns, Total: 73602 ns
[1482.149s][info ][gc,start       ] GC(113) Pause Young (Allocation Failure)
[1482.156s][debug][gc,phases      ] GC(113) Scavenge 6.583ms
[1482.156s][debug][gc,ref         ] GC(113) Skipped phase 1 of Reference Processing: no references
[1482.156s][debug][gc,ref         ] GC(113) Skipped phase 3 of Reference Processing: no references
[1482.156s][debug][gc,phases      ] GC(113) Reference Processing 0.030ms
[1482.157s][debug][gc,phases      ] GC(113) Weak Processing 0.509ms
[1482.157s][debug][gc,age         ] GC(113) Desired survivor size 52953088 bytes, new threshold 15 (max threshold 15)
[1482.157s][info ][gc,heap        ] GC(113) PSYoungGen: 1999858K(2035200K)->22981K(2045440K) Eden: 1976832K(1976832K)->0K(1990656K) From: 23026K(58368K)->22981K(54784K)
[1482.157s][info ][gc,heap        ] GC(113) ParOldGen: 346581K(457216K)->346957K(457216K)
[1482.157s][info ][gc,metaspace   ] GC(113) Metaspace: 78014K(78656K)->78014K(78656K) NonClass: 67336K(67648K)->67336K(67648K) Class: 10678K(11008K)->10678K(11008K)
[1482.157s][info ][gc             ] GC(113) Pause Young (Allocation Failure) 2291M->361M(2444M) 7.259ms
[1482.157s][info ][gc,cpu         ] GC(113) User=0.02s Sys=0.00s Real=0.01s
[1482.157s][info ][safepoint      ] Safepoint "ParallelGCFailedAllocation", Time since last: 4438190012 ns, Reaching safepoint: 51301 ns, At safepoint: 7344375 ns, Total: 7395676 ns
[1512.159s][info ][safepoint      ] Safepoint "Cleanup", Time since last: 30001832403 ns, Reaching safepoint: 49701 ns, At safepoint: 8100 ns, Total: 57801 ns
[1517.159s][info ][safepoint      ] Safepoint "Cleanup", Time since last: 5000370094 ns, Reaching safepoint: 60902 ns, At safepoint: 13900 ns, Total: 74802 ns
[1519.159s][info ][safepoint      ] Safepoint "Cleanup", Time since last: 2000128158 ns, Reaching safepoint: 47201 ns, At safepoint: 5600 ns, Total: 52801 ns
[1521.159s][info ][safepoint      ] Safepoint "Cleanup", Time since last: 2000171659 ns, Reaching safepoint: 31501 ns, At safepoint: 2700 ns, Total: 34201 ns
[1524.024s][info ][gc,start       ] GC(114) Pause Young (Allocation Failure)
[1524.032s][debug][gc,phases      ] GC(114) Scavenge 8.141ms
[1524.032s][debug][gc,ref         ] GC(114) Skipped phase 1 of Reference Processing: no references
[1524.032s][debug][gc,ref         ] GC(114) Skipped phase 3 of Reference Processing: no references
[1524.032s][debug][gc,phases      ] GC(114) Reference Processing 0.029ms
[1524.032s][debug][gc,phases      ] GC(114) Weak Processing 0.508ms
[1524.032s][debug][gc,age         ] GC(114) Desired survivor size 50331648 bytes, new threshold 15 (max threshold 15)
[1524.032s][info ][gc,heap        ] GC(114) PSYoungGen: 2013637K(2045440K)->22885K(2042368K) Eden: 1990656K(1990656K)->0K(1990656K) From: 22981K(54784K)->22885K(51712K)
[1524.032s][info ][gc,heap        ] GC(114) ParOldGen: 346957K(457216K)->347401K(457216K)
[1524.032s][info ][gc,metaspace   ] GC(114) Metaspace: 78016K(78656K)->78016K(78656K) NonClass: 67338K(67648K)->67338K(67648K) Class: 10678K(11008K)->10678K(11008K)
[1524.033s][info ][gc             ] GC(114) Pause Young (Allocation Failure) 2305M->361M(2441M) 8.822ms
[1524.033s][info ][gc,cpu         ] GC(114) User=0.02s Sys=0.00s Real=0.01s
[1524.033s][info ][safepoint      ] Safepoint "ParallelGCFailedAllocation", Time since last: 2864104502 ns, Reaching safepoint: 107202 ns, At safepoint: 8918912 ns, Total: 9026114 ns
[1540.034s][info ][safepoint      ] Safepoint "Cleanup", Time since last: 16001054784 ns, Reaching safepoint: 57801 ns, At safepoint: 7800 ns, Total: 65601 ns
[1543.034s][info ][safepoint      ] Safepoint "Cleanup", Time since last: 3000235444 ns, Reaching safepoint: 73202 ns, At safepoint: 7800 ns, Total: 81002 ns
[1544.034s][info ][safepoint      ] Safepoint "Cleanup", Time since last: 1000101782 ns, Reaching safepoint: 54401 ns, At safepoint: 8401 ns, Total: 62802 ns
[1566.789s][info ][gc,start       ] GC(115) Pause Young (Allocation Failure)
[1566.796s][debug][gc,phases      ] GC(115) Scavenge 7.095ms
[1566.796s][debug][gc,ref         ] GC(115) Skipped phase 1 of Reference Processing: no references
[1566.796s][debug][gc,ref         ] GC(115) Skipped phase 3 of Reference Processing: no references
[1566.796s][debug][gc,phases      ] GC(115) Reference Processing 0.033ms
[1566.797s][debug][gc,phases      ] GC(115) Weak Processing 0.603ms
[1566.797s][debug][gc,age         ] GC(115) Desired survivor size 47710208 bytes, new threshold 15 (max threshold 15)
[1566.797s][info ][gc,heap        ] GC(115) PSYoungGen: 2013541K(2042368K)->22693K(2050560K) Eden: 1990656K(1990656K)->0K(2001408K) From: 22885K(51712K)->22693K(49152K)
[1566.797s][info ][gc,heap        ] GC(115) ParOldGen: 347401K(457216K)->347849K(457216K)
[1566.797s][info ][gc,metaspace   ] GC(115) Metaspace: 78025K(78656K)->78025K(78656K) NonClass: 67346K(67648K)->67346K(67648K) Class: 10678K(11008K)->10678K(11008K)
[1566.797s][info ][gc             ] GC(115) Pause Young (Allocation Failure) 2305M->361M(2449M) 7.890ms
[1566.797s][info ][gc,cpu         ] GC(115) User=0.02s Sys=0.00s Real=0.01s
[1566.797s][info ][safepoint      ] Safepoint "ParallelGCFailedAllocation", Time since last: 22755002130 ns, Reaching safepoint: 54501 ns, At safepoint: 7986990 ns, Total: 8041491 ns
[1567.797s][info ][safepoint      ] Safepoint "Cleanup", Time since last: 1000084984 ns, Reaching safepoint: 131203 ns, At safepoint: 7100 ns, Total: 138303 ns
[1569.798s][info ][safepoint      ] Safepoint "Cleanup", Time since last: 2000179868 ns, Reaching safepoint: 130703 ns, At safepoint: 10100 ns, Total: 140803 ns
[1582.799s][info ][safepoint      ] Safepoint "Cleanup", Time since last: 13001058998 ns, Reaching safepoint: 52901 ns, At safepoint: 10901 ns, Total: 63802 ns
[1585.799s][info ][safepoint      ] Safepoint "Cleanup", Time since last: 3000240655 ns, Reaching safepoint: 118903 ns, At safepoint: 5600 ns, Total: 124503 ns
[1586.800s][info ][safepoint      ] Safepoint "Cleanup", Time since last: 1000106486 ns, Reaching safepoint: 149603 ns, At safepoint: 9301 ns, Total: 158904 ns
[1587.800s][info ][safepoint      ] Safepoint "Cleanup", Time since last: 1000107585 ns, Reaching safepoint: 167404 ns, At safepoint: 8901 ns, Total: 176305 ns
[1588.800s][info ][safepoint      ] Safepoint "Cleanup", Time since last: 1000100986 ns, Reaching safepoint: 124503 ns, At safepoint: 13700 ns, Total: 138203 ns
[1589.800s][info ][safepoint      ] Safepoint "Cleanup", Time since last: 1000106286 ns, Reaching safepoint: 145203 ns, At safepoint: 9801 ns, Total: 155004 ns
[1590.800s][info ][safepoint      ] Safepoint "Cleanup", Time since last: 1000107886 ns, Reaching safepoint: 56301 ns, At safepoint: 9800 ns, Total: 66101 ns
[1592.304s][info ][safepoint      ] Safepoint "Cleanup", Time since last: 1503600262 ns, Reaching safepoint: 56801 ns, At safepoint: 7300 ns, Total: 64101 ns
[1607.350s][info ][gc,start       ] GC(116) Pause Young (Allocation Failure)
[1607.358s][debug][gc,phases      ] GC(116) Scavenge 7.982ms
[1607.358s][debug][gc,ref         ] GC(116) Skipped phase 1 of Reference Processing: no references
[1607.358s][debug][gc,ref         ] GC(116) Skipped phase 3 of Reference Processing: no references
[1607.358s][debug][gc,phases      ] GC(116) Reference Processing 0.027ms
[1607.359s][debug][gc,phases      ] GC(116) Weak Processing 0.581ms
[1607.359s][debug][gc,age         ] GC(116) Desired survivor size 45613056 bytes, new threshold 15 (max threshold 15)
[1607.359s][info ][gc,heap        ] GC(116) PSYoungGen: 2024101K(2050560K)->22501K(2048000K) Eden: 2001408K(2001408K)->0K(2001408K) From: 22693K(49152K)->22501K(46592K)
[1607.359s][info ][gc,heap        ] GC(116) ParOldGen: 347849K(457216K)->348317K(457216K)
[1607.359s][info ][gc,metaspace   ] GC(116) Metaspace: 78065K(78720K)->78065K(78720K) NonClass: 67383K(67712K)->67383K(67712K) Class: 10681K(11008K)->10681K(11008K)
[1607.359s][info ][gc             ] GC(116) Pause Young (Allocation Failure) 2316M->362M(2446M) 8.727ms
[1607.359s][info ][gc,cpu         ] GC(116) User=0.03s Sys=0.00s Real=0.00s
[1607.359s][info ][safepoint      ] Safepoint "ParallelGCFailedAllocation", Time since last: 15046081363 ns, Reaching safepoint: 106402 ns, At safepoint: 8820510 ns, Total: 8926912 ns
[1608.359s][info ][safepoint      ] Safepoint "Cleanup", Time since last: 1000088287 ns, Reaching safepoint: 44501 ns, At safepoint: 3900 ns, Total: 48401 ns
[1611.360s][info ][safepoint      ] Safepoint "Cleanup", Time since last: 3000206361 ns, Reaching safepoint: 51901 ns, At safepoint: 3600 ns, Total: 55501 ns
[1615.360s][info ][safepoint      ] Safepoint "Cleanup", Time since last: 4000301849 ns, Reaching safepoint: 45201 ns, At safepoint: 5401 ns, Total: 50602 ns
[1619.360s][info ][safepoint      ] Safepoint "Cleanup", Time since last: 4000256649 ns, Reaching safepoint: 50201 ns, At safepoint: 3200 ns, Total: 53401 ns
[1634.361s][info ][safepoint      ] Safepoint "Cleanup", Time since last: 15000980321 ns, Reaching safepoint: 47302 ns, At safepoint: 5800 ns, Total: 53102 ns
[1647.362s][info ][safepoint      ] Safepoint "Cleanup", Time since last: 13000904360 ns, Reaching safepoint: 74302 ns, At safepoint: 5800 ns, Total: 80102 ns
[1649.400s][info ][gc,start       ] GC(117) Pause Young (Allocation Failure)
[1649.407s][debug][gc,phases      ] GC(117) Scavenge 7.081ms
[1649.407s][debug][gc,ref         ] GC(117) Skipped phase 1 of Reference Processing: no references
[1649.407s][debug][gc,ref         ] GC(117) Skipped phase 3 of Reference Processing: no references
[1649.407s][debug][gc,phases      ] GC(117) Reference Processing 0.034ms
[1649.408s][debug][gc,phases      ] GC(117) Weak Processing 0.584ms
[1649.408s][debug][gc,age         ] GC(117) Desired survivor size 43515904 bytes, new threshold 15 (max threshold 15)
[1649.408s][info ][gc,heap        ] GC(117) PSYoungGen: 2023909K(2048000K)->22469K(2054656K) Eden: 2001408K(2001408K)->0K(2010112K) From: 22501K(46592K)->22469K(44544K)
[1649.408s][info ][gc,heap        ] GC(117) ParOldGen: 348317K(457216K)->348669K(457216K)
[1649.408s][info ][gc,metaspace   ] GC(117) Metaspace: 78067K(78720K)->78067K(78720K) NonClass: 67385K(67712K)->67385K(67712K) Class: 10681K(11008K)->10681K(11008K)
[1649.408s][info ][gc             ] GC(117) Pause Young (Allocation Failure) 2316M->362M(2453M) 7.845ms
[1649.408s][info ][gc,cpu         ] GC(117) User=0.01s Sys=0.00s Real=0.01s
[1649.408s][info ][safepoint      ] Safepoint "ParallelGCFailedAllocation", Time since last: 2037402766 ns, Reaching safepoint: 126803 ns, At safepoint: 7931988 ns, Total: 8058791 ns
[1652.408s][info ][safepoint      ] Safepoint "Cleanup", Time since last: 3000181970 ns, Reaching safepoint: 53601 ns, At safepoint: 7200 ns, Total: 60801 ns
[1676.409s][info ][safepoint      ] Safepoint "Cleanup", Time since last: 24001505179 ns, Reaching safepoint: 48301 ns, At safepoint: 7200 ns, Total: 55501 ns
[1677.410s][info ][safepoint      ] Safepoint "Cleanup", Time since last: 1000117293 ns, Reaching safepoint: 54501 ns, At safepoint: 12200 ns, Total: 66701 ns
[1686.410s][info ][safepoint      ] Safepoint "Cleanup", Time since last: 9000653630 ns, Reaching safepoint: 68102 ns, At safepoint: 4400 ns, Total: 72502 ns
[1688.411s][info ][safepoint      ] Safepoint "Cleanup", Time since last: 2000220887 ns, Reaching safepoint: 41601 ns, At safepoint: 3000 ns, Total: 44601 ns
[1690.411s][info ][safepoint      ] Safepoint "Cleanup", Time since last: 2000194687 ns, Reaching safepoint: 55601 ns, At safepoint: 3700 ns, Total: 59301 ns
[1692.299s][info ][gc,start       ] GC(118) Pause Young (Allocation Failure)
[1692.309s][debug][gc,phases      ] GC(118) Scavenge 9.709ms
[1692.309s][debug][gc,ref         ] GC(118) Skipped phase 1 of Reference Processing: no references
[1692.309s][debug][gc,ref         ] GC(118) Skipped phase 3 of Reference Processing: no references
[1692.309s][debug][gc,phases      ] GC(118) Reference Processing 0.024ms
[1692.309s][debug][gc,phases      ] GC(118) Weak Processing 0.661ms
[1692.309s][debug][gc,age         ] GC(118) Desired survivor size 41418752 bytes, new threshold 15 (max threshold 15)
[1692.309s][info ][gc,heap        ] GC(118) PSYoungGen: 2032581K(2054656K)->22405K(2052608K) Eden: 2010112K(2010112K)->0K(2010112K) From: 22469K(44544K)->22405K(42496K)
[1692.309s][info ][gc,heap        ] GC(118) ParOldGen: 348669K(457216K)->349045K(457216K)
[1692.309s][info ][gc,metaspace   ] GC(118) Metaspace: 78067K(78720K)->78067K(78720K) NonClass: 67385K(67712K)->67385K(67712K) Class: 10681K(11008K)->10681K(11008K)
[1692.309s][info ][gc             ] GC(118) Pause Young (Allocation Failure) 2325M->362M(2451M) 10.528ms
[1692.309s][info ][gc,cpu         ] GC(118) User=0.02s Sys=0.00s Real=0.01s
[1692.309s][info ][safepoint      ] Safepoint "ParallelGCFailedAllocation", Time since last: 1887761512 ns, Reaching safepoint: 86802 ns, At safepoint: 10616353 ns, Total: 10703155 ns
[1694.310s][info ][safepoint      ] Safepoint "Cleanup", Time since last: 2000143786 ns, Reaching safepoint: 43601 ns, At safepoint: 8400 ns, Total: 52001 ns
[1704.310s][info ][safepoint      ] Safepoint "Cleanup", Time since last: 10000702133 ns, Reaching safepoint: 46701 ns, At safepoint: 5801 ns, Total: 52502 ns
[1708.311s][info ][safepoint      ] Safepoint "Cleanup", Time since last: 4000307375 ns, Reaching safepoint: 53202 ns, At safepoint: 3800 ns, Total: 57002 ns
[1722.312s][info ][safepoint      ] Safepoint "Cleanup", Time since last: 14000951220 ns, Reaching safepoint: 46301 ns, At safepoint: 3600 ns, Total: 49901 ns
[1723.312s][info ][safepoint      ] Safepoint "Cleanup", Time since last: 1000113096 ns, Reaching safepoint: 50501 ns, At safepoint: 4300 ns, Total: 54801 ns
[1724.312s][info ][safepoint      ] Safepoint "Cleanup", Time since last: 1000105496 ns, Reaching safepoint: 52501 ns, At safepoint: 6601 ns, Total: 59102 ns
[1731.313s][info ][safepoint      ] Safepoint "Cleanup", Time since last: 7000453165 ns, Reaching safepoint: 52201 ns, At safepoint: 32001 ns, Total: 84202 ns
[1734.313s][info ][safepoint      ] Safepoint "Cleanup", Time since last: 3000227187 ns, Reaching safepoint: 47101 ns, At safepoint: 13700 ns, Total: 60801 ns
[1736.249s][info ][gc,start       ] GC(119) Pause Young (Allocation Failure)
[1736.257s][debug][gc,phases      ] GC(119) Scavenge 8.542ms
[1736.257s][debug][gc,ref         ] GC(119) Skipped phase 1 of Reference Processing: no references
[1736.257s][debug][gc,ref         ] GC(119) Skipped phase 3 of Reference Processing: no references
[1736.257s][debug][gc,phases      ] GC(119) Reference Processing 0.025ms
[1736.258s][debug][gc,phases      ] GC(119) Weak Processing 0.534ms
[1736.258s][debug][gc,age         ] GC(119) Desired survivor size 42991616 bytes, new threshold 15 (max threshold 15)
[1736.258s][info ][gc,heap        ] GC(119) PSYoungGen: 2032517K(2052608K)->5248K(2053632K) Eden: 2010112K(2010112K)->0K(2013184K) From: 22405K(42496K)->5248K(40448K)
[1736.258s][info ][gc,heap        ] GC(119) ParOldGen: 349045K(457216K)->366563K(457216K)
[1736.258s][info ][gc,metaspace   ] GC(119) Metaspace: 78071K(78720K)->78071K(78720K) NonClass: 67389K(67712K)->67389K(67712K) Class: 10681K(11008K)->10681K(11008K)
[1736.258s][info ][gc             ] GC(119) Pause Young (Allocation Failure) 2325M->363M(2452M) 9.247ms
[1736.258s][info ][gc,cpu         ] GC(119) User=0.01s Sys=0.01s Real=0.01s
[1736.258s][info ][safepoint      ] Safepoint "ParallelGCFailedAllocation", Time since last: 1935759359 ns, Reaching safepoint: 59402 ns, At safepoint: 9337422 ns, Total: 9396824 ns
[1737.258s][info ][safepoint      ] Safepoint "Cleanup", Time since last: 1000090596 ns, Reaching safepoint: 129303 ns, At safepoint: 6400 ns, Total: 135703 ns
[1751.259s][info ][safepoint      ] Safepoint "Cleanup", Time since last: 14000853044 ns, Reaching safepoint: 55001 ns, At safepoint: 6700 ns, Total: 61701 ns
[1752.259s][info ][safepoint      ] Safepoint "Cleanup", Time since last: 1000108598 ns, Reaching safepoint: 87402 ns, At safepoint: 8000 ns, Total: 95402 ns
[1753.260s][info ][safepoint      ] Safepoint "Cleanup", Time since last: 1000110497 ns, Reaching safepoint: 52402 ns, At safepoint: 2600 ns, Total: 55002 ns
[1754.260s][info ][safepoint      ] Safepoint "Cleanup", Time since last: 1000121398 ns, Reaching safepoint: 55701 ns, At safepoint: 2600 ns, Total: 58301 ns
[1755.260s][info ][safepoint      ] Safepoint "Cleanup", Time since last: 1000113698 ns, Reaching safepoint: 42301 ns, At safepoint: 7600 ns, Total: 49901 ns
[1756.260s][info ][safepoint      ] Safepoint "Cleanup", Time since last: 1000109298 ns, Reaching safepoint: 50501 ns, At safepoint: 7800 ns, Total: 58301 ns
[1757.260s][info ][safepoint      ] Safepoint "Cleanup", Time since last: 1000103498 ns, Reaching safepoint: 50501 ns, At safepoint: 7600 ns, Total: 58101 ns
[1758.260s][info ][safepoint      ] Safepoint "Cleanup", Time since last: 1000103698 ns, Reaching safepoint: 42701 ns, At safepoint: 2900 ns, Total: 45601 ns
[1759.261s][info ][safepoint      ] Safepoint "Cleanup", Time since last: 1000107598 ns, Reaching safepoint: 49501 ns, At safepoint: 5600 ns, Total: 55101 ns
[1760.261s][info ][safepoint      ] Safepoint "Cleanup", Time since last: 1000105498 ns, Reaching safepoint: 53502 ns, At safepoint: 2600 ns, Total: 56102 ns
[1762.261s][info ][safepoint      ] Safepoint "Cleanup", Time since last: 2000167495 ns, Reaching safepoint: 44101 ns, At safepoint: 16400 ns, Total: 60501 ns
[1769.261s][info ][safepoint      ] Safepoint "Cleanup", Time since last: 7000490282 ns, Reaching safepoint: 55501 ns, At safepoint: 9901 ns, Total: 65402 ns
[1771.262s][info ][safepoint      ] Safepoint "Cleanup", Time since last: 2000173296 ns, Reaching safepoint: 47601 ns, At safepoint: 7000 ns, Total: 54601 ns
[1772.262s][info ][safepoint      ] Safepoint "Cleanup", Time since last: 1000085598 ns, Reaching safepoint: 41501 ns, At safepoint: 7700 ns, Total: 49201 ns
[1774.262s][info ][safepoint      ] Safepoint "Cleanup", Time since last: 2000166397 ns, Reaching safepoint: 47401 ns, At safepoint: 8100 ns, Total: 55501 ns
[1775.262s][info ][safepoint      ] Safepoint "Cleanup", Time since last: 1000102999 ns, Reaching safepoint: 50101 ns, At safepoint: 2600 ns, Total: 52701 ns
[1778.262s][info ][safepoint      ] Safepoint "Cleanup", Time since last: 3000219895 ns, Reaching safepoint: 46201 ns, At safepoint: 3500 ns, Total: 49701 ns
[1778.389s][info ][gc,start       ] GC(120) Pause Young (Allocation Failure)
[1778.397s][debug][gc,phases      ] GC(120) Scavenge 7.524ms
[1778.397s][debug][gc,ref         ] GC(120) Skipped phase 1 of Reference Processing: no references
[1778.397s][debug][gc,ref         ] GC(120) Skipped phase 3 of Reference Processing: no references
[1778.397s][debug][gc,phases      ] GC(120) Reference Processing 0.024ms
[1778.397s][debug][gc,phases      ] GC(120) Weak Processing 0.597ms
[1778.397s][debug][gc,age         ] GC(120) Desired survivor size 43515904 bytes, new threshold 15 (max threshold 15)
[1778.397s][info ][gc,heap        ] GC(120) PSYoungGen: 2018432K(2053632K)->5344K(2018816K) Eden: 2013184K(2013184K)->0K(2013184K) From: 5248K(40448K)->5344K(5632K)
[1778.397s][info ][gc,heap        ] GC(120) ParOldGen: 366563K(457216K)->366883K(457216K)
[1778.397s][info ][gc,metaspace   ] GC(120) Metaspace: 78109K(78784K)->78109K(78784K) NonClass: 67426K(67776K)->67426K(67776K) Class: 10683K(11008K)->10683K(11008K)
[1778.397s][info ][gc             ] GC(120) Pause Young (Allocation Failure) 2329M->363M(2418M) 8.300ms
[1778.397s][info ][gc,cpu         ] GC(120) User=0.02s Sys=0.00s Real=0.01s
[1778.398s][info ][safepoint      ] Safepoint "ParallelGCFailedAllocation", Time since last: 126553711 ns, Reaching safepoint: 111203 ns, At safepoint: 8385599 ns, Total: 8496802 ns
[1779.398s][info ][safepoint      ] Safepoint "Cleanup", Time since last: 1000101499 ns, Reaching safepoint: 136604 ns, At safepoint: 14700 ns, Total: 151304 ns
[1780.398s][info ][safepoint      ] Safepoint "Cleanup", Time since last: 1000121999 ns, Reaching safepoint: 60602 ns, At safepoint: 17000 ns, Total: 77602 ns
[1783.398s][info ][safepoint      ] Safepoint "Cleanup", Time since last: 3000240196 ns, Reaching safepoint: 119003 ns, At safepoint: 7700 ns, Total: 126703 ns
[1784.399s][info ][safepoint      ] Safepoint "Cleanup", Time since last: 1000104999 ns, Reaching safepoint: 154104 ns, At safepoint: 8600 ns, Total: 162704 ns
[1785.399s][info ][safepoint      ] Safepoint "Cleanup", Time since last: 1000108000 ns, Reaching safepoint: 122703 ns, At safepoint: 11200 ns, Total: 133903 ns
[1786.399s][info ][safepoint      ] Safepoint "Cleanup", Time since last: 1000100999 ns, Reaching safepoint: 59702 ns, At safepoint: 8000 ns, Total: 67702 ns
[1787.399s][info ][safepoint      ] Safepoint "Cleanup", Time since last: 1000113299 ns, Reaching safepoint: 116303 ns, At safepoint: 9700 ns, Total: 126003 ns
[1791.400s][info ][safepoint      ] Safepoint "Cleanup", Time since last: 4000310296 ns, Reaching safepoint: 116103 ns, At safepoint: 10800 ns, Total: 126903 ns
[1800.400s][info ][safepoint      ] Safepoint "Cleanup", Time since last: 9000602692 ns, Reaching safepoint: 44501 ns, At safepoint: 5900 ns, Total: 50401 ns
[1811.401s][info ][safepoint      ] Safepoint "Cleanup", Time since last: 11000746296 ns, Reaching safepoint: 46901 ns, At safepoint: 3700 ns, Total: 50601 ns
[1817.402s][info ][safepoint      ] Safepoint "Cleanup", Time since last: 6000396000 ns, Reaching safepoint: 53701 ns, At safepoint: 5000 ns, Total: 58701 ns
[1830.148s][info ][gc,start       ] GC(121) Pause Young (Allocation Failure)
[1830.157s][debug][gc,phases      ] GC(121) Scavenge 8.239ms
[1830.157s][debug][gc,ref         ] GC(121) Skipped phase 1 of Reference Processing: no references
[1830.157s][debug][gc,ref         ] GC(121) Skipped phase 3 of Reference Processing: no references
[1830.157s][debug][gc,phases      ] GC(121) Reference Processing 0.026ms
[1830.157s][debug][gc,phases      ] GC(121) Weak Processing 0.558ms
[1830.157s][debug][gc,age         ] GC(121) Desired survivor size 43515904 bytes, new threshold 15 (max threshold 15)
[1830.158s][info ][gc,heap        ] GC(121) PSYoungGen: 2018528K(2018816K)->5472K(2054656K) Eden: 2013184K(2013184K)->0K(2012160K) From: 5344K(5632K)->5472K(42496K)
[1830.158s][info ][gc,heap        ] GC(121) ParOldGen: 366883K(457216K)->367171K(457216K)
[1830.158s][info ][gc,metaspace   ] GC(121) Metaspace: 78147K(78784K)->78147K(78784K) NonClass: 67460K(67776K)->67460K(67776K) Class: 10687K(11008K)->10687K(11008K)
[1830.158s][info ][gc             ] GC(121) Pause Young (Allocation Failure) 2329M->363M(2453M) 9.134ms
[1830.158s][info ][gc,cpu         ] GC(121) User=0.02s Sys=0.00s Real=0.01s
[1830.158s][info ][safepoint      ] Safepoint "ParallelGCFailedAllocation", Time since last: 12746744459 ns, Reaching safepoint: 39101 ns, At safepoint: 9223720 ns, Total: 9262821 ns
[1872.160s][info ][safepoint      ] Safepoint "Cleanup", Time since last: 42002729577 ns, Reaching safepoint: 48402 ns, At safepoint: 33600 ns, Total: 82002 ns
[1873.161s][info ][safepoint      ] Safepoint "Cleanup", Time since last: 1000100904 ns, Reaching safepoint: 46201 ns, At safepoint: 6100 ns, Total: 52301 ns
[1879.161s][info ][safepoint      ] Safepoint "Cleanup", Time since last: 6000401719 ns, Reaching safepoint: 55501 ns, At safepoint: 7100 ns, Total: 62601 ns
[1880.161s][info ][safepoint      ] Safepoint "Cleanup", Time since last: 1000105605 ns, Reaching safepoint: 51701 ns, At safepoint: 7500 ns, Total: 59201 ns
[1883.161s][info ][safepoint      ] Safepoint "Cleanup", Time since last: 3000224911 ns, Reaching safepoint: 53701 ns, At safepoint: 8000 ns, Total: 61701 ns
[1886.162s][info ][safepoint      ] Safepoint "Cleanup", Time since last: 3000244912 ns, Reaching safepoint: 43401 ns, At safepoint: 9900 ns, Total: 53301 ns
[1886.748s][info ][gc,start       ] GC(122) Pause Young (Allocation Failure)
[1886.757s][debug][gc,phases      ] GC(122) Scavenge 8.008ms
[1886.757s][debug][gc,ref         ] GC(122) Skipped phase 1 of Reference Processing: no references
[1886.757s][debug][gc,ref         ] GC(122) Skipped phase 3 of Reference Processing: no references
[1886.757s][debug][gc,phases      ] GC(122) Reference Processing 0.023ms
[1886.757s][debug][gc,phases      ] GC(122) Weak Processing 0.498ms
[1886.757s][debug][gc,age         ] GC(122) Desired survivor size 43515904 bytes, new threshold 15 (max threshold 15)
[1886.757s][info ][gc,heap        ] GC(122) PSYoungGen: 2017632K(2054656K)->5600K(2054656K) Eden: 2012160K(2012160K)->0K(2012160K) From: 5472K(42496K)->5600K(42496K)
[1886.757s][info ][gc,heap        ] GC(122) ParOldGen: 367171K(457216K)->367467K(457216K)
[1886.757s][info ][gc,metaspace   ] GC(122) Metaspace: 78177K(78848K)->78177K(78848K) NonClass: 67490K(67840K)->67490K(67840K) Class: 10687K(11008K)->10687K(11008K)
[1886.757s][info ][gc             ] GC(122) Pause Young (Allocation Failure) 2328M->364M(2453M) 8.660ms
[1886.757s][info ][gc,cpu         ] GC(122) User=0.02s Sys=0.00s Real=0.01s
[1886.757s][info ][safepoint      ] Safepoint "ParallelGCFailedAllocation", Time since last: 586537061 ns, Reaching safepoint: 100302 ns, At safepoint: 8743508 ns, Total: 8843810 ns
[1937.760s][info ][safepoint      ] Safepoint "Cleanup", Time since last: 51002975930 ns, Reaching safepoint: 46501 ns, At safepoint: 8900 ns, Total: 55401 ns
[1938.760s][info ][safepoint      ] Safepoint "Cleanup", Time since last: 1000104407 ns, Reaching safepoint: 44901 ns, At safepoint: 3500 ns, Total: 48401 ns
[1943.756s][info ][gc,start       ] GC(123) Pause Young (Allocation Failure)
[1943.764s][debug][gc,phases      ] GC(123) Scavenge 8.092ms
[1943.764s][debug][gc,ref         ] GC(123) Skipped phase 1 of Reference Processing: no references
[1943.764s][debug][gc,ref         ] GC(123) Skipped phase 3 of Reference Processing: no references
[1943.764s][debug][gc,phases      ] GC(123) Reference Processing 0.024ms
[1943.764s][debug][gc,phases      ] GC(123) Weak Processing 0.508ms
[1943.764s][debug][gc,age         ] GC(123) Desired survivor size 42991616 bytes, new threshold 15 (max threshold 15)
[1943.764s][info ][gc,heap        ] GC(123) PSYoungGen: 2017760K(2054656K)->5440K(2055168K) Eden: 2012160K(2012160K)->0K(2012672K) From: 5600K(42496K)->5440K(42496K)
[1943.764s][info ][gc,heap        ] GC(123) ParOldGen: 367467K(457216K)->368039K(457216K)
[1943.764s][info ][gc,metaspace   ] GC(123) Metaspace: 78179K(78848K)->78179K(78848K) NonClass: 67491K(67840K)->67491K(67840K) Class: 10687K(11008K)->10687K(11008K)
[1943.764s][info ][gc             ] GC(123) Pause Young (Allocation Failure) 2329M->364M(2453M) 8.754ms
[1943.764s][info ][gc,cpu         ] GC(123) User=0.02s Sys=0.01s Real=0.01s
[1943.764s][info ][safepoint      ] Safepoint "ParallelGCFailedAllocation", Time since last: 4995103706 ns, Reaching safepoint: 31200 ns, At safepoint: 8835311 ns, Total: 8866511 ns
[1969.489s][info ][safepoint      ] Safepoint "Cleanup", Time since last: 25725077784 ns, Reaching safepoint: 72402 ns, At safepoint: 3000 ns, Total: 75402 ns
[1973.490s][info ][safepoint      ] Safepoint "Cleanup", Time since last: 4000331730 ns, Reaching safepoint: 58002 ns, At safepoint: 8900 ns, Total: 66902 ns
[1975.490s][info ][safepoint      ] Safepoint "Cleanup", Time since last: 2000170915 ns, Reaching safepoint: 46901 ns, At safepoint: 3901 ns, Total: 50802 ns
[2000.317s][info ][gc,start       ] GC(124) Pause Young (Allocation Failure)
[2000.325s][debug][gc,phases      ] GC(124) Scavenge 8.200ms
[2000.325s][debug][gc,ref         ] GC(124) Skipped phase 1 of Reference Processing: no references
[2000.325s][debug][gc,ref         ] GC(124) Skipped phase 3 of Reference Processing: no references
[2000.325s][debug][gc,phases      ] GC(124) Reference Processing 0.024ms
[2000.325s][debug][gc,phases      ] GC(124) Weak Processing 0.605ms
[2000.325s][debug][gc,age         ] GC(124) Desired survivor size 41943040 bytes, new threshold 15 (max threshold 15)
[2000.326s][info ][gc,heap        ] GC(124) PSYoungGen: 2018112K(2055168K)->5568K(2054656K) Eden: 2012672K(2012672K)->0K(2012672K) From: 5440K(42496K)->5568K(41984K)
[2000.326s][info ][gc,heap        ] GC(124) ParOldGen: 368039K(457216K)->368319K(457216K)
[2000.326s][info ][gc,metaspace   ] GC(124) Metaspace: 78180K(78848K)->78180K(78848K) NonClass: 67492K(67840K)->67492K(67840K) Class: 10687K(11008K)->10687K(11008K)
[2000.326s][info ][gc             ] GC(124) Pause Young (Allocation Failure) 2330M->365M(2453M) 8.978ms
[2000.326s][info ][gc,cpu         ] GC(124) User=0.02s Sys=0.00s Real=0.01s
[2000.326s][info ][safepoint      ] Safepoint "ParallelGCFailedAllocation", Time since last: 24826392421 ns, Reaching safepoint: 51101 ns, At safepoint: 9062416 ns, Total: 9113517 ns
[2023.327s][info ][safepoint      ] Safepoint "Cleanup", Time since last: 23001504998 ns, Reaching safepoint: 53902 ns, At safepoint: 7700 ns, Total: 61602 ns
[2026.328s][info ][safepoint      ] Safepoint "Cleanup", Time since last: 3000242728 ns, Reaching safepoint: 94602 ns, At safepoint: 11201 ns, Total: 105803 ns
[2027.755s][info ][safepoint      ] Safepoint "Cleanup", Time since last: 1427623788 ns, Reaching safepoint: 60301 ns, At safepoint: 6201 ns, Total: 66502 ns
[2028.755s][info ][safepoint      ] Safepoint "Cleanup", Time since last: 1000101110 ns, Reaching safepoint: 45601 ns, At safepoint: 3100 ns, Total: 48701 ns
[2029.755s][info ][safepoint      ] Safepoint "Cleanup", Time since last: 1000107110 ns, Reaching safepoint: 45001 ns, At safepoint: 2800 ns, Total: 47801 ns
[2031.756s][info ][safepoint      ] Safepoint "Cleanup", Time since last: 2000134719 ns, Reaching safepoint: 39201 ns, At safepoint: 2400 ns, Total: 41601 ns
[2032.756s][info ][safepoint      ] Safepoint "Cleanup", Time since last: 1000108310 ns, Reaching safepoint: 59701 ns, At safepoint: 5701 ns, Total: 65402 ns
[2033.756s][info ][safepoint      ] Safepoint "Cleanup", Time since last: 1000109210 ns, Reaching safepoint: 52101 ns, At safepoint: 3300 ns, Total: 55401 ns
[2034.756s][info ][safepoint      ] Safepoint "Cleanup", Time since last: 1000091910 ns, Reaching safepoint: 46701 ns, At safepoint: 9801 ns, Total: 56502 ns
[2038.756s][info ][safepoint      ] Safepoint "Cleanup", Time since last: 4000228637 ns, Reaching safepoint: 62501 ns, At safepoint: 5701 ns, Total: 68202 ns
[2056.758s][info ][safepoint      ] Safepoint "Cleanup", Time since last: 18001078775 ns, Reaching safepoint: 49301 ns, At safepoint: 7400 ns, Total: 56701 ns
[2057.799s][info ][gc,start       ] GC(125) Pause Young (Allocation Failure)
[2057.808s][debug][gc,phases      ] GC(125) Scavenge 8.958ms
[2057.808s][debug][gc,ref         ] GC(125) Skipped phase 1 of Reference Processing: no references
[2057.808s][debug][gc,ref         ] GC(125) Skipped phase 3 of Reference Processing: no references
[2057.808s][debug][gc,ref         ] GC(125) Skipped phase 4 of Reference Processing: no references
[2057.808s][debug][gc,phases      ] GC(125) Reference Processing 0.031ms
[2057.808s][debug][gc,phases      ] GC(125) Weak Processing 0.681ms
[2057.808s][debug][gc,age         ] GC(125) Desired survivor size 40894464 bytes, new threshold 15 (max threshold 15)
[2057.808s][info ][gc,heap        ] GC(125) PSYoungGen: 2018240K(2054656K)->5632K(2057216K) Eden: 2012672K(2012672K)->0K(2016256K) From: 5568K(41984K)->5632K(40960K)
[2057.808s][info ][gc,heap        ] GC(125) ParOldGen: 368319K(457216K)->368631K(457216K)
[2057.808s][info ][gc,metaspace   ] GC(125) Metaspace: 78191K(78848K)->78191K(78848K) NonClass: 67503K(67840K)->67503K(67840K) Class: 10687K(11008K)->10687K(11008K)
[2057.808s][info ][gc             ] GC(125) Pause Young (Allocation Failure) 2330M->365M(2455M) 9.821ms
[2057.808s][info ][gc,cpu         ] GC(125) User=0.02s Sys=0.01s Real=0.01s
[2057.808s][info ][safepoint      ] Safepoint "ParallelGCFailedAllocation", Time since last: 1040853281 ns, Reaching safepoint: 35001 ns, At safepoint: 9903836 ns, Total: 9938837 ns
[2064.809s][info ][safepoint      ] Safepoint "Cleanup", Time since last: 7000475772 ns, Reaching safepoint: 49202 ns, At safepoint: 8700 ns, Total: 57902 ns
[2065.809s][info ][safepoint      ] Safepoint "Cleanup", Time since last: 1000099611 ns, Reaching safepoint: 105202 ns, At safepoint: 14701 ns, Total: 119903 ns
[2066.809s][info ][safepoint      ] Safepoint "Cleanup", Time since last: 1000109611 ns, Reaching safepoint: 47501 ns, At safepoint: 4201 ns, Total: 51702 ns
[2079.810s][info ][safepoint      ] Safepoint "Cleanup", Time since last: 13000884539 ns, Reaching safepoint: 61002 ns, At safepoint: 11900 ns, Total: 72902 ns
[2080.810s][info ][safepoint      ] Safepoint "Cleanup", Time since last: 1000107212 ns, Reaching safepoint: 56601 ns, At safepoint: 9401 ns, Total: 66002 ns
[2081.811s][info ][safepoint      ] Safepoint "Cleanup", Time since last: 1000107211 ns, Reaching safepoint: 71502 ns, At safepoint: 9900 ns, Total: 81402 ns
[2085.811s][info ][safepoint      ] Safepoint "Cleanup", Time since last: 4000332046 ns, Reaching safepoint: 82002 ns, At safepoint: 8800 ns, Total: 90802 ns
[2086.811s][info ][safepoint      ] Safepoint "Cleanup", Time since last: 1000134513 ns, Reaching safepoint: 53501 ns, At safepoint: 2900 ns, Total: 56401 ns
[2089.812s][info ][safepoint      ] Safepoint "Cleanup", Time since last: 3000261435 ns, Reaching safepoint: 74402 ns, At safepoint: 9900 ns, Total: 84302 ns
[2090.812s][info ][safepoint      ] Safepoint "Cleanup", Time since last: 1000063012 ns, Reaching safepoint: 47601 ns, At safepoint: 8700 ns, Total: 56301 ns
[2095.812s][info ][safepoint      ] Safepoint "Cleanup", Time since last: 5000347557 ns, Reaching safepoint: 46801 ns, At safepoint: 2700 ns, Total: 49501 ns
[2113.239s][info ][gc,start       ] GC(126) Pause Young (Allocation Failure)
[2113.248s][debug][gc,phases      ] GC(126) Scavenge 8.680ms
[2113.248s][debug][gc,ref         ] GC(126) Skipped phase 1 of Reference Processing: no references
[2113.248s][debug][gc,ref         ] GC(126) Skipped phase 3 of Reference Processing: no references
[2113.248s][debug][gc,ref         ] GC(126) Skipped phase 4 of Reference Processing: no references
[2113.248s][debug][gc,phases      ] GC(126) Reference Processing 0.022ms
[2113.249s][debug][gc,phases      ] GC(126) Weak Processing 0.520ms
[2113.249s][debug][gc,age         ] GC(126) Desired survivor size 39845888 bytes, new threshold 15 (max threshold 15)
[2113.249s][info ][gc,heap        ] GC(126) PSYoungGen: 2021888K(2057216K)->5760K(2056192K) Eden: 2016256K(2016256K)->0K(2016256K) From: 5632K(40960K)->5760K(39936K)
[2113.249s][info ][gc,heap        ] GC(126) ParOldGen: 368631K(457216K)->368927K(457216K)
[2113.249s][info ][gc,metaspace   ] GC(126) Metaspace: 78200K(78848K)->78200K(78848K) NonClass: 67513K(67840K)->67513K(67840K) Class: 10687K(11008K)->10687K(11008K)
[2113.249s][info ][gc             ] GC(126) Pause Young (Allocation Failure) 2334M->365M(2454M) 9.364ms
[2113.249s][info ][gc,cpu         ] GC(126) User=0.03s Sys=0.00s Real=0.01s
[2113.249s][info ][safepoint      ] Safepoint "ParallelGCFailedAllocation", Time since last: 17427010039 ns, Reaching safepoint: 43401 ns, At safepoint: 9463825 ns, Total: 9507226 ns
[2114.249s][info ][safepoint      ] Safepoint "Cleanup", Time since last: 1000085713 ns, Reaching safepoint: 38301 ns, At safepoint: 15200 ns, Total: 53501 ns
[2164.252s][info ][safepoint      ] Safepoint "Cleanup", Time since last: 50003068458 ns, Reaching safepoint: 109802 ns, At safepoint: 10901 ns, Total: 120703 ns
[2166.252s][info ][safepoint      ] Safepoint "Cleanup", Time since last: 2000155573 ns, Reaching safepoint: 49301 ns, At safepoint: 2600 ns, Total: 51901 ns
[2167.979s][info ][gc,start       ] GC(127) Pause Young (Allocation Failure)
[2167.988s][debug][gc,phases      ] GC(127) Scavenge 8.754ms
[2167.988s][debug][gc,ref         ] GC(127) Skipped phase 1 of Reference Processing: no references
[2167.988s][debug][gc,ref         ] GC(127) Skipped phase 3 of Reference Processing: no references
[2167.988s][debug][gc,phases      ] GC(127) Reference Processing 0.024ms
[2167.988s][debug][gc,phases      ] GC(127) Weak Processing 0.538ms
[2167.988s][debug][gc,age         ] GC(127) Desired survivor size 38273024 bytes, new threshold 15 (max threshold 15)
[2167.988s][info ][gc,heap        ] GC(127) PSYoungGen: 2022016K(2056192K)->5856K(2059776K) Eden: 2016256K(2016256K)->0K(2020864K) From: 5760K(39936K)->5856K(38912K)
[2167.988s][info ][gc,heap        ] GC(127) ParOldGen: 368927K(457216K)->369231K(457216K)
[2167.988s][info ][gc,metaspace   ] GC(127) Metaspace: 78208K(78912K)->78208K(78912K) NonClass: 67519K(67904K)->67519K(67904K) Class: 10688K(11008K)->10688K(11008K)
[2167.988s][info ][gc             ] GC(127) Pause Young (Allocation Failure) 2334M->366M(2458M) 9.443ms
[2167.988s][info ][gc,cpu         ] GC(127) User=0.03s Sys=0.00s Real=0.01s
[2167.988s][info ][safepoint      ] Safepoint "ParallelGCFailedAllocation", Time since last: 1726601651 ns, Reaching safepoint: 76802 ns, At safepoint: 9536624 ns, Total: 9613426 ns
[2173.943s][info ][gc,heap,exit   ] Heap
[2173.943s][info ][gc,heap,exit   ]  PSYoungGen      total 2059776K, used 137643K [0x0000000780000000, 0x0000000800000000, 0x0000000800000000)
[2173.943s][info ][gc,heap,exit   ]   eden space 2020864K, 6% used [0x0000000780000000,0x00000007880b2d50,0x00000007fb580000)
[2173.943s][info ][gc,heap,exit   ]   from space 38912K, 15% used [0x00000007fda00000,0x00000007fdfb80a8,0x0000000800000000)
[2173.943s][info ][gc,heap,exit   ]   to   space 37376K, 0% used [0x00000007fb580000,0x00000007fb580000,0x00000007fda00000)
[2173.943s][info ][gc,heap,exit   ]  ParOldGen       total 457216K, used 369231K [0x0000000740000000, 0x000000075be80000, 0x0000000780000000)
[2173.943s][info ][gc,heap,exit   ]   object space 457216K, 80% used [0x0000000740000000,0x0000000756893c88,0x000000075be80000)
[2173.943s][info ][gc,heap,exit   ]  Metaspace       used 78238K, committed 78912K, reserved 1122304K
[2173.943s][info ][gc,heap,exit   ]   class space    used 10691K, committed 11008K, reserved 1048576K
